Using Device: cuda | ROI: 128
Model: resnet18 | CT augmentation: disabled
LR: 0.0001 | Backbone LR: 1e-05 | Loss: Cox PH
Pretrained: /home/gly001/cqj/pa_ct_surv/model/ct_pretrain/resnet_18_23dataset.pth
Checkpoints: /home/gly001/cqj/pa_ct_surv/checkpoints/pact_v4/ct/roi128_resnet18_dropout0.5_epochs30_bs64_lr1e-4_blr1e-5_wd5e-4_seed42
Results: /home/gly001/cqj/pa_ct_surv/results/pact_v4/ct/roi128_resnet18_dropout0.5_epochs30_bs64_lr1e-4_blr1e-5_wd5e-4_seed42
Loaded 797 samples
Locked split: train=637, test=160
Test set is not accessed during CV

==================================================
Fold 1/5
==================================================
[ResNetCox] Loaded pretrained from /home/gly001/cqj/pa_ct_surv/model/ct_pretrain/resnet_18_23dataset.pth
  Missing keys (ok): ['fc.weight', 'fc.bias']
Epoch 1/30 | Train Loss: 3.7043 | Train C-index: 0.5089 | Val Loss: 4.3580 | Val C-index: 0.5622
Epoch 2/30 | Train Loss: 3.7160 | Train C-index: 0.5145 | Val Loss: 4.3505 | Val C-index: 0.5981
Epoch 3/30 | Train Loss: 3.6913 | Train C-index: 0.5300 | Val Loss: 4.3392 | Val C-index: 0.6059
Epoch 4/30 | Train Loss: 3.7245 | Train C-index: 0.5035 | Val Loss: 4.3295 | Val C-index: 0.6108
Epoch 5/30 | Train Loss: 3.6782 | Train C-index: 0.5572 | Val Loss: 4.3141 | Val C-index: 0.6080
Epoch 6/30 | Train Loss: 3.6817 | Train C-index: 0.5618 | Val Loss: 4.3027 | Val C-index: 0.6163
Epoch 7/30 | Train Loss: 3.6823 | Train C-index: 0.5863 | Val Loss: 4.2930 | Val C-index: 0.6247
Epoch 8/30 | Train Loss: 3.6684 | Train C-index: 0.5825 | Val Loss: 4.2735 | Val C-index: 0.6228
Epoch 9/30 | Train Loss: 3.6094 | Train C-index: 0.5942 | Val Loss: 4.2527 | Val C-index: 0.6297
Epoch 10/30 | Train Loss: 3.6570 | Train C-index: 0.5872 | Val Loss: 4.2716 | Val C-index: 0.6584
Epoch 11/30 | Train Loss: 3.6510 | Train C-index: 0.5832 | Val Loss: 4.2106 | Val C-index: 0.6630
Epoch 12/30 | Train Loss: 3.6353 | Train C-index: 0.6305 | Val Loss: 4.2074 | Val C-index: 0.6753
Epoch 13/30 | Train Loss: 3.6206 | Train C-index: 0.6188 | Val Loss: 4.1770 | Val C-index: 0.6792
Epoch 14/30 | Train Loss: 3.5715 | Train C-index: 0.6350 | Val Loss: 4.1865 | Val C-index: 0.6792
Epoch 15/30 | Train Loss: 3.5930 | Train C-index: 0.5965 | Val Loss: 4.1637 | Val C-index: 0.6753
Epoch 16/30 | Train Loss: 3.6561 | Train C-index: 0.5676 | Val Loss: 4.2332 | Val C-index: 0.6957
Epoch 17/30 | Train Loss: 3.5974 | Train C-index: 0.5829 | Val Loss: 4.1486 | Val C-index: 0.6762
Epoch 18/30 | Train Loss: 3.6270 | Train C-index: 0.6024 | Val Loss: 4.2431 | Val C-index: 0.6644
Epoch 19/30 | Train Loss: 3.5722 | Train C-index: 0.6136 | Val Loss: 4.2188 | Val C-index: 0.6471
Epoch 20/30 | Train Loss: 3.5613 | Train C-index: 0.6505 | Val Loss: 4.1621 | Val C-index: 0.6892
Epoch 21/30 | Train Loss: 3.5293 | Train C-index: 0.6778 | Val Loss: 4.0971 | Val C-index: 0.6901
Epoch 22/30 | Train Loss: 3.4861 | Train C-index: 0.6745 | Val Loss: 4.1161 | Val C-index: 0.6899
Epoch 23/30 | Train Loss: 3.5594 | Train C-index: 0.6746 | Val Loss: 4.1566 | Val C-index: 0.6910
Epoch 24/30 | Train Loss: 3.5241 | Train C-index: 0.6842 | Val Loss: 4.1167 | Val C-index: 0.6885
Epoch 25/30 | Train Loss: 3.5123 | Train C-index: 0.6487 | Val Loss: 4.1251 | Val C-index: 0.6871
Epoch 26/30 | Train Loss: 3.5337 | Train C-index: 0.5975 | Val Loss: 4.1380 | Val C-index: 0.6880
Early stopping at epoch 26
Fold 0 best C-index: 0.6957

Extra survival metrics:
cutoff_from_train_median: 0.036497
n_test: 128
n_high_risk: 57
n_low_risk: 71
n_event_test: 49
logrank_stat: 18.085546
logrank_p: 0.000021
auc_36m: 0.685394
auc_60m: 0.746408
HR_high_vs_low: 3.411661
HR_95CI_lower: 1.871234
HR_95CI_upper: 6.220188
cox_p: 0.000062

==================================================
Fold 2/5
==================================================
[ResNetCox] Loaded pretrained from /home/gly001/cqj/pa_ct_surv/model/ct_pretrain/resnet_18_23dataset.pth
  Missing keys (ok): ['fc.weight', 'fc.bias']
Epoch 1/30 | Train Loss: 3.7090 | Train C-index: 0.4829 | Val Loss: 4.3972 | Val C-index: 0.5662
Epoch 2/30 | Train Loss: 3.6922 | Train C-index: 0.5069 | Val Loss: 4.3961 | Val C-index: 0.5568
Epoch 3/30 | Train Loss: 3.6801 | Train C-index: 0.5471 | Val Loss: 4.3956 | Val C-index: 0.5497
Epoch 4/30 | Train Loss: 3.6744 | Train C-index: 0.5113 | Val Loss: 4.3950 | Val C-index: 0.5457
Epoch 5/30 | Train Loss: 3.6707 | Train C-index: 0.5204 | Val Loss: 4.3942 | Val C-index: 0.5390
Epoch 6/30 | Train Loss: 3.6514 | Train C-index: 0.5801 | Val Loss: 4.3941 | Val C-index: 0.5348
Epoch 7/30 | Train Loss: 3.6152 | Train C-index: 0.5942 | Val Loss: 4.4035 | Val C-index: 0.5350
Epoch 8/30 | Train Loss: 3.6088 | Train C-index: 0.6175 | Val Loss: 4.4198 | Val C-index: 0.5174
Epoch 9/30 | Train Loss: 3.5798 | Train C-index: 0.6203 | Val Loss: 4.4581 | Val C-index: 0.5274
Epoch 10/30 | Train Loss: 3.6084 | Train C-index: 0.6275 | Val Loss: 4.4210 | Val C-index: 0.5307
Epoch 11/30 | Train Loss: 3.5668 | Train C-index: 0.6593 | Val Loss: 4.4876 | Val C-index: 0.5341
Early stopping at epoch 11
Fold 1 best C-index: 0.5662

Extra survival metrics:
cutoff_from_train_median: -0.175805
n_test: 128
n_high_risk: 64
n_low_risk: 64
n_event_test: 49
logrank_stat: 0.043048
logrank_p: 0.835634
auc_36m: 0.585982
auc_60m: 0.580767
HR_high_vs_low: 1.061818
HR_95CI_lower: 0.602466
HR_95CI_upper: 1.871403
cox_p: 0.835658

==================================================
Fold 3/5
==================================================
[ResNetCox] Loaded pretrained from /home/gly001/cqj/pa_ct_surv/model/ct_pretrain/resnet_18_23dataset.pth
  Missing keys (ok): ['fc.weight', 'fc.bias']
Epoch 1/30 | Train Loss: 3.7223 | Train C-index: 0.4498 | Val Loss: 4.4011 | Val C-index: 0.4287
Epoch 2/30 | Train Loss: 3.7128 | Train C-index: 0.4648 | Val Loss: 4.3974 | Val C-index: 0.5181
Epoch 3/30 | Train Loss: 3.7165 | Train C-index: 0.4615 | Val Loss: 4.3935 | Val C-index: 0.5455
Epoch 4/30 | Train Loss: 3.6960 | Train C-index: 0.5084 | Val Loss: 4.3879 | Val C-index: 0.5644
Epoch 5/30 | Train Loss: 3.6754 | Train C-index: 0.5481 | Val Loss: 4.3811 | Val C-index: 0.5766
Epoch 6/30 | Train Loss: 3.6737 | Train C-index: 0.5434 | Val Loss: 4.3744 | Val C-index: 0.5745
Epoch 7/30 | Train Loss: 3.6627 | Train C-index: 0.5685 | Val Loss: 4.3643 | Val C-index: 0.5895
Epoch 8/30 | Train Loss: 3.6415 | Train C-index: 0.5763 | Val Loss: 4.3492 | Val C-index: 0.6054
Epoch 9/30 | Train Loss: 3.6354 | Train C-index: 0.5969 | Val Loss: 4.3387 | Val C-index: 0.6197
Epoch 10/30 | Train Loss: 3.6160 | Train C-index: 0.6306 | Val Loss: 4.3225 | Val C-index: 0.6358
Epoch 11/30 | Train Loss: 3.5638 | Train C-index: 0.6298 | Val Loss: 4.3166 | Val C-index: 0.6399
Epoch 12/30 | Train Loss: 3.5684 | Train C-index: 0.6442 | Val Loss: 4.3060 | Val C-index: 0.6473
Epoch 13/30 | Train Loss: 3.5383 | Train C-index: 0.6594 | Val Loss: 4.2997 | Val C-index: 0.6522
Epoch 14/30 | Train Loss: 3.5162 | Train C-index: 0.6614 | Val Loss: 4.2966 | Val C-index: 0.6526
Epoch 15/30 | Train Loss: 3.5116 | Train C-index: 0.6562 | Val Loss: 4.2953 | Val C-index: 0.6588
Epoch 16/30 | Train Loss: 3.4517 | Train C-index: 0.6651 | Val Loss: 4.3071 | Val C-index: 0.6581
Epoch 17/30 | Train Loss: 3.5230 | Train C-index: 0.6620 | Val Loss: 4.3035 | Val C-index: 0.6538
Epoch 18/30 | Train Loss: 3.4774 | Train C-index: 0.6658 | Val Loss: 4.2900 | Val C-index: 0.6699
Epoch 19/30 | Train Loss: 3.4739 | Train C-index: 0.6612 | Val Loss: 4.3340 | Val C-index: 0.6623
Epoch 20/30 | Train Loss: 3.4600 | Train C-index: 0.6925 | Val Loss: 4.2838 | Val C-index: 0.6757
Epoch 21/30 | Train Loss: 3.5009 | Train C-index: 0.6641 | Val Loss: 4.2862 | Val C-index: 0.6593
Epoch 22/30 | Train Loss: 3.4812 | Train C-index: 0.6556 | Val Loss: 4.3088 | Val C-index: 0.6685
Epoch 23/30 | Train Loss: 3.4223 | Train C-index: 0.6912 | Val Loss: 4.3011 | Val C-index: 0.6674
Epoch 24/30 | Train Loss: 3.4034 | Train C-index: 0.6486 | Val Loss: 4.3080 | Val C-index: 0.6775
Epoch 25/30 | Train Loss: 3.3878 | Train C-index: 0.6886 | Val Loss: 4.3130 | Val C-index: 0.6800
Epoch 26/30 | Train Loss: 3.4557 | Train C-index: 0.6384 | Val Loss: 4.3497 | Val C-index: 0.6266
Epoch 27/30 | Train Loss: 3.5360 | Train C-index: 0.5692 | Val Loss: 4.2667 | Val C-index: 0.6614
Epoch 28/30 | Train Loss: 3.4683 | Train C-index: 0.6247 | Val Loss: 4.3033 | Val C-index: 0.6528
Epoch 29/30 | Train Loss: 3.4730 | Train C-index: 0.6503 | Val Loss: 4.3157 | Val C-index: 0.6690
Epoch 30/30 | Train Loss: 3.3769 | Train C-index: 0.7306 | Val Loss: 4.3164 | Val C-index: 0.6609
Fold 2 best C-index: 0.6800

Extra survival metrics:
cutoff_from_train_median: -0.642209
n_test: 127
n_high_risk: 77
n_low_risk: 50
n_event_test: 48
logrank_stat: 11.057081
logrank_p: 0.000883
auc_36m: 0.741833
auc_60m: 0.681895
HR_high_vs_low: 3.087539
HR_95CI_lower: 1.534677
HR_95CI_upper: 6.211662
cox_p: 0.001573

==================================================
Fold 4/5
==================================================
[ResNetCox] Loaded pretrained from /home/gly001/cqj/pa_ct_surv/model/ct_pretrain/resnet_18_23dataset.pth
  Missing keys (ok): ['fc.weight', 'fc.bias']
Epoch 1/30 | Train Loss: 3.7387 | Train C-index: 0.4361 | Val Loss: 4.4106 | Val C-index: 0.5597
Epoch 2/30 | Train Loss: 3.7094 | Train C-index: 0.4968 | Val Loss: 4.4064 | Val C-index: 0.5761
Epoch 3/30 | Train Loss: 3.6769 | Train C-index: 0.5218 | Val Loss: 4.4041 | Val C-index: 0.5784
Epoch 4/30 | Train Loss: 3.6689 | Train C-index: 0.5462 | Val Loss: 4.4021 | Val C-index: 0.5750
Epoch 5/30 | Train Loss: 3.6443 | Train C-index: 0.5802 | Val Loss: 4.3998 | Val C-index: 0.5706
Epoch 6/30 | Train Loss: 3.6510 | Train C-index: 0.4994 | Val Loss: 4.3969 | Val C-index: 0.5700
Epoch 7/30 | Train Loss: 3.6558 | Train C-index: 0.5589 | Val Loss: 4.3917 | Val C-index: 0.5713
Epoch 8/30 | Train Loss: 3.6465 | Train C-index: 0.5867 | Val Loss: 4.3862 | Val C-index: 0.5706
Epoch 9/30 | Train Loss: 3.6419 | Train C-index: 0.5781 | Val Loss: 4.3862 | Val C-index: 0.5702
Epoch 10/30 | Train Loss: 3.6301 | Train C-index: 0.5932 | Val Loss: 4.3746 | Val C-index: 0.5761
Epoch 11/30 | Train Loss: 3.6119 | Train C-index: 0.6021 | Val Loss: 4.3649 | Val C-index: 0.5958
Epoch 12/30 | Train Loss: 3.5977 | Train C-index: 0.6129 | Val Loss: 4.3541 | Val C-index: 0.6036
Epoch 13/30 | Train Loss: 3.5808 | Train C-index: 0.6163 | Val Loss: 4.3280 | Val C-index: 0.6372
Epoch 14/30 | Train Loss: 3.5819 | Train C-index: 0.5634 | Val Loss: 4.3167 | Val C-index: 0.6454
Epoch 15/30 | Train Loss: 3.5823 | Train C-index: 0.5648 | Val Loss: 4.2827 | Val C-index: 0.6795
Epoch 16/30 | Train Loss: 3.5095 | Train C-index: 0.6439 | Val Loss: 4.2603 | Val C-index: 0.6854
Epoch 17/30 | Train Loss: 3.5639 | Train C-index: 0.6459 | Val Loss: 4.2775 | Val C-index: 0.6756
Epoch 18/30 | Train Loss: 3.5278 | Train C-index: 0.6508 | Val Loss: 4.2689 | Val C-index: 0.6850
Epoch 19/30 | Train Loss: 3.5231 | Train C-index: 0.6278 | Val Loss: 4.2445 | Val C-index: 0.6893
Epoch 20/30 | Train Loss: 3.4930 | Train C-index: 0.6216 | Val Loss: 4.2398 | Val C-index: 0.6971
Epoch 21/30 | Train Loss: 3.4479 | Train C-index: 0.6924 | Val Loss: 4.2528 | Val C-index: 0.6891
Epoch 22/30 | Train Loss: 3.4642 | Train C-index: 0.7057 | Val Loss: 4.2268 | Val C-index: 0.7067
Epoch 23/30 | Train Loss: 3.4476 | Train C-index: 0.6874 | Val Loss: 4.2146 | Val C-index: 0.6943
Epoch 24/30 | Train Loss: 3.4410 | Train C-index: 0.7173 | Val Loss: 4.2656 | Val C-index: 0.6829
Epoch 25/30 | Train Loss: 3.4293 | Train C-index: 0.7220 | Val Loss: 4.2121 | Val C-index: 0.7037
Epoch 26/30 | Train Loss: 3.4100 | Train C-index: 0.7217 | Val Loss: 4.2307 | Val C-index: 0.7035
Epoch 27/30 | Train Loss: 3.4754 | Train C-index: 0.6731 | Val Loss: 4.2528 | Val C-index: 0.6754
Epoch 28/30 | Train Loss: 3.5185 | Train C-index: 0.6522 | Val Loss: 4.1986 | Val C-index: 0.6980
Epoch 29/30 | Train Loss: 3.4350 | Train C-index: 0.6795 | Val Loss: 4.2213 | Val C-index: 0.7023
Epoch 30/30 | Train Loss: 3.4429 | Train C-index: 0.6395 | Val Loss: 4.2775 | Val C-index: 0.6728
Fold 3 best C-index: 0.7067

Extra survival metrics:
cutoff_from_train_median: 0.514220
n_test: 127
n_high_risk: 57
n_low_risk: 70
n_event_test: 48
logrank_stat: 11.698134
logrank_p: 0.000626
auc_36m: 0.766735
auc_60m: 0.741739
HR_high_vs_low: 2.675499
HR_95CI_lower: 1.487585
HR_95CI_upper: 4.812024
cox_p: 0.001016

==================================================
Fold 5/5
==================================================
[ResNetCox] Loaded pretrained from /home/gly001/cqj/pa_ct_surv/model/ct_pretrain/resnet_18_23dataset.pth
  Missing keys (ok): ['fc.weight', 'fc.bias']
Epoch 1/30 | Train Loss: 3.7238 | Train C-index: 0.5028 | Val Loss: 4.2783 | Val C-index: 0.4457
Epoch 2/30 | Train Loss: 3.7296 | Train C-index: 0.4874 | Val Loss: 4.2734 | Val C-index: 0.6067
Epoch 3/30 | Train Loss: 3.7192 | Train C-index: 0.4917 | Val Loss: 4.2698 | Val C-index: 0.6331
Epoch 4/30 | Train Loss: 3.7005 | Train C-index: 0.5268 | Val Loss: 4.2657 | Val C-index: 0.6387
Epoch 5/30 | Train Loss: 3.6892 | Train C-index: 0.5552 | Val Loss: 4.2628 | Val C-index: 0.6334
Epoch 6/30 | Train Loss: 3.7247 | Train C-index: 0.5217 | Val Loss: 4.2580 | Val C-index: 0.6370
Epoch 7/30 | Train Loss: 3.7118 | Train C-index: 0.5224 | Val Loss: 4.2529 | Val C-index: 0.6314
Epoch 8/30 | Train Loss: 3.7180 | Train C-index: 0.5054 | Val Loss: 4.2430 | Val C-index: 0.6302
Epoch 9/30 | Train Loss: 3.7136 | Train C-index: 0.5081 | Val Loss: 4.2357 | Val C-index: 0.6363
Epoch 10/30 | Train Loss: 3.6798 | Train C-index: 0.5860 | Val Loss: 4.2260 | Val C-index: 0.6309
Epoch 11/30 | Train Loss: 3.6542 | Train C-index: 0.5901 | Val Loss: 4.2210 | Val C-index: 0.6377
Epoch 12/30 | Train Loss: 3.6121 | Train C-index: 0.5669 | Val Loss: 4.2007 | Val C-index: 0.6431
Epoch 13/30 | Train Loss: 3.5929 | Train C-index: 0.6436 | Val Loss: 4.2932 | Val C-index: 0.6314
Epoch 14/30 | Train Loss: 3.5346 | Train C-index: 0.6242 | Val Loss: 4.2373 | Val C-index: 0.6355
Epoch 15/30 | Train Loss: 3.6320 | Train C-index: 0.5381 | Val Loss: 4.3336 | Val C-index: 0.5790
Epoch 16/30 | Train Loss: 3.5717 | Train C-index: 0.6200 | Val Loss: 4.2538 | Val C-index: 0.6494
Epoch 17/30 | Train Loss: 3.6152 | Train C-index: 0.5677 | Val Loss: 4.2657 | Val C-index: 0.6377
Epoch 18/30 | Train Loss: 3.5473 | Train C-index: 0.6099 | Val Loss: 4.2162 | Val C-index: 0.6545
Epoch 19/30 | Train Loss: 3.5463 | Train C-index: 0.6548 | Val Loss: 4.2134 | Val C-index: 0.6685
Epoch 20/30 | Train Loss: 3.5137 | Train C-index: 0.6660 | Val Loss: 4.2822 | Val C-index: 0.6596
Epoch 21/30 | Train Loss: 3.5141 | Train C-index: 0.6427 | Val Loss: 4.2240 | Val C-index: 0.6693
Epoch 22/30 | Train Loss: 3.4981 | Train C-index: 0.6799 | Val Loss: 4.2862 | Val C-index: 0.6736
Epoch 23/30 | Train Loss: 3.4899 | Train C-index: 0.6826 | Val Loss: 4.2681 | Val C-index: 0.6535
Epoch 24/30 | Train Loss: 3.5253 | Train C-index: 0.6166 | Val Loss: 4.2178 | Val C-index: 0.6659
Epoch 25/30 | Train Loss: 3.5805 | Train C-index: 0.5978 | Val Loss: 4.1609 | Val C-index: 0.6911
Epoch 26/30 | Train Loss: 3.5175 | Train C-index: 0.6764 | Val Loss: 4.2239 | Val C-index: 0.6455
Epoch 27/30 | Train Loss: 3.4982 | Train C-index: 0.6532 | Val Loss: 4.2384 | Val C-index: 0.6843
Epoch 28/30 | Train Loss: 3.4542 | Train C-index: 0.6944 | Val Loss: 4.2443 | Val C-index: 0.6831
Epoch 29/30 | Train Loss: 3.5036 | Train C-index: 0.7019 | Val Loss: 4.2449 | Val C-index: 0.6903
Epoch 30/30 | Train Loss: 3.4480 | Train C-index: 0.6902 | Val Loss: 4.1842 | Val C-index: 0.6918
Fold 4 best C-index: 0.6918

Extra survival metrics:
cutoff_from_train_median: 0.932864
n_test: 127
n_high_risk: 62
n_low_risk: 65
n_event_test: 49
logrank_stat: 19.118057
logrank_p: 0.000012
auc_36m: 0.706047
auc_60m: 0.713530
HR_high_vs_low: 3.678854
HR_95CI_lower: 1.970953
HR_95CI_upper: 6.866711
cox_p: 0.000043

==================================================
5-Fold CV Summary
==================================================
  C-index mean: 0.6681
