Using Device: cuda | ROI: 128
Model: resnet18 | CT augmentation: disabled
LR: 0.0001 | Backbone LR: 1e-05 | Loss: Cox PH
Pretrained: /home/gly001/cqj/pa_ct_surv/model/ct_pretrain/resnet_18_23dataset.pth
Checkpoints: /home/gly001/cqj/pa_ct_surv/checkpoints/pact_v4/ct/roi128_resnet18_dropout0.0_epochs30_bs32_lr1e-4_blr1e-5_wd5e-4_seed42
Results: /home/gly001/cqj/pa_ct_surv/results/pact_v4/ct/roi128_resnet18_dropout0.0_epochs30_bs32_lr1e-4_blr1e-5_wd5e-4_seed42
Loaded 797 samples
Locked split: train=637, test=160
Test set is not accessed during CV

==================================================
Fold 1/5
==================================================
[ResNetCox] Loaded pretrained from /home/gly001/cqj/pa_ct_surv/model/ct_pretrain/resnet_18_23dataset.pth
  Missing keys (ok): ['fc.weight', 'fc.bias']
Epoch 1/30 | Train Loss: 3.0130 | Train C-index: 0.5157 | Val Loss: 4.2992 | Val C-index: 0.6103
Epoch 2/30 | Train Loss: 2.9898 | Train C-index: 0.5768 | Val Loss: 4.2451 | Val C-index: 0.6686
Epoch 3/30 | Train Loss: 2.9558 | Train C-index: 0.5570 | Val Loss: 4.1672 | Val C-index: 0.6679
Epoch 4/30 | Train Loss: 2.9461 | Train C-index: 0.5750 | Val Loss: 4.1457 | Val C-index: 0.7056
Epoch 5/30 | Train Loss: 2.9005 | Train C-index: 0.6167 | Val Loss: 4.1342 | Val C-index: 0.6829
Epoch 6/30 | Train Loss: 2.8668 | Train C-index: 0.5723 | Val Loss: 4.1218 | Val C-index: 0.7042
Epoch 7/30 | Train Loss: 2.8654 | Train C-index: 0.6741 | Val Loss: 4.1472 | Val C-index: 0.6936
Epoch 8/30 | Train Loss: 2.8534 | Train C-index: 0.6732 | Val Loss: 4.0731 | Val C-index: 0.6982
Epoch 9/30 | Train Loss: 2.8344 | Train C-index: 0.6278 | Val Loss: 4.1372 | Val C-index: 0.6931
Epoch 10/30 | Train Loss: 2.8405 | Train C-index: 0.6725 | Val Loss: 4.1202 | Val C-index: 0.7146
Epoch 11/30 | Train Loss: 2.8201 | Train C-index: 0.6177 | Val Loss: 4.0643 | Val C-index: 0.7146
Epoch 12/30 | Train Loss: 2.8209 | Train C-index: 0.5581 | Val Loss: 4.2328 | Val C-index: 0.6524
Epoch 13/30 | Train Loss: 2.7607 | Train C-index: 0.6055 | Val Loss: 4.0549 | Val C-index: 0.7111
Epoch 14/30 | Train Loss: 2.7527 | Train C-index: 0.5878 | Val Loss: 4.1264 | Val C-index: 0.6903
Epoch 15/30 | Train Loss: 2.7538 | Train C-index: 0.6732 | Val Loss: 4.1703 | Val C-index: 0.6769
Epoch 16/30 | Train Loss: 2.7844 | Train C-index: 0.6489 | Val Loss: 4.1633 | Val C-index: 0.6857
Epoch 17/30 | Train Loss: 2.8430 | Train C-index: 0.6900 | Val Loss: 4.1761 | Val C-index: 0.6739
Epoch 18/30 | Train Loss: 2.7715 | Train C-index: 0.7264 | Val Loss: 4.0862 | Val C-index: 0.7017
Epoch 19/30 | Train Loss: 2.7513 | Train C-index: 0.7042 | Val Loss: 4.0918 | Val C-index: 0.6989
Epoch 20/30 | Train Loss: 2.7495 | Train C-index: 0.7274 | Val Loss: 4.1271 | Val C-index: 0.6894
Early stopping at epoch 20
Fold 0 best C-index: 0.7146

Extra survival metrics:
cutoff_from_train_median: 5.157763
n_test: 128
n_high_risk: 58
n_low_risk: 70
n_event_test: 49
logrank_stat: 17.260843
logrank_p: 0.000033
auc_36m: 0.707073
auc_60m: 0.784149
HR_high_vs_low: 3.382547
HR_95CI_lower: 1.837209
HR_95CI_upper: 6.227722
cox_p: 0.000091

==================================================
Fold 2/5
==================================================
[ResNetCox] Loaded pretrained from /home/gly001/cqj/pa_ct_surv/model/ct_pretrain/resnet_18_23dataset.pth
  Missing keys (ok): ['fc.weight', 'fc.bias']
Epoch 1/30 | Train Loss: 2.9888 | Train C-index: 0.5325 | Val Loss: 4.4238 | Val C-index: 0.5241
Epoch 2/30 | Train Loss: 2.9208 | Train C-index: 0.5530 | Val Loss: 4.4520 | Val C-index: 0.5557
Epoch 3/30 | Train Loss: 2.9226 | Train C-index: 0.5274 | Val Loss: 4.4063 | Val C-index: 0.5599
Epoch 4/30 | Train Loss: 2.8452 | Train C-index: 0.6630 | Val Loss: 4.4209 | Val C-index: 0.5693
Epoch 5/30 | Train Loss: 2.8542 | Train C-index: 0.5910 | Val Loss: 4.3747 | Val C-index: 0.5967
Epoch 6/30 | Train Loss: 2.8320 | Train C-index: 0.6819 | Val Loss: 4.3172 | Val C-index: 0.6176
Epoch 7/30 | Train Loss: 2.7677 | Train C-index: 0.6906 | Val Loss: 4.4770 | Val C-index: 0.6027
Epoch 8/30 | Train Loss: 2.8187 | Train C-index: 0.6726 | Val Loss: 4.3355 | Val C-index: 0.6252
Epoch 9/30 | Train Loss: 2.7798 | Train C-index: 0.6137 | Val Loss: 4.3115 | Val C-index: 0.6475
Epoch 10/30 | Train Loss: 2.7497 | Train C-index: 0.6244 | Val Loss: 4.6325 | Val C-index: 0.5798
Epoch 11/30 | Train Loss: 2.7471 | Train C-index: 0.6699 | Val Loss: 4.4637 | Val C-index: 0.6295
Epoch 12/30 | Train Loss: 2.7535 | Train C-index: 0.6962 | Val Loss: 4.3628 | Val C-index: 0.6114
Epoch 13/30 | Train Loss: 2.7345 | Train C-index: 0.6090 | Val Loss: 4.5946 | Val C-index: 0.5960
Epoch 14/30 | Train Loss: 2.7163 | Train C-index: 0.6833 | Val Loss: 4.3691 | Val C-index: 0.6295
Epoch 15/30 | Train Loss: 2.7308 | Train C-index: 0.7332 | Val Loss: 4.5073 | Val C-index: 0.6208
Epoch 16/30 | Train Loss: 2.7102 | Train C-index: 0.7167 | Val Loss: 4.5737 | Val C-index: 0.6290
Epoch 17/30 | Train Loss: 2.6932 | Train C-index: 0.6019 | Val Loss: 4.5253 | Val C-index: 0.6377
Epoch 18/30 | Train Loss: 2.7581 | Train C-index: 0.6802 | Val Loss: 4.4283 | Val C-index: 0.6471
Epoch 19/30 | Train Loss: 2.7015 | Train C-index: 0.6846 | Val Loss: 4.5035 | Val C-index: 0.6283
Early stopping at epoch 19
Fold 1 best C-index: 0.6475

Extra survival metrics:
cutoff_from_train_median: 5.832879
n_test: 128
n_high_risk: 68
n_low_risk: 60
n_event_test: 49
logrank_stat: 10.316075
logrank_p: 0.001319
auc_36m: 0.639999
auc_60m: 0.647062
HR_high_vs_low: 2.668253
HR_95CI_lower: 1.430998
HR_95CI_upper: 4.975249
cox_p: 0.002020

==================================================
Fold 3/5
==================================================
[ResNetCox] Loaded pretrained from /home/gly001/cqj/pa_ct_surv/model/ct_pretrain/resnet_18_23dataset.pth
  Missing keys (ok): ['fc.weight', 'fc.bias']
Epoch 1/30 | Train Loss: 3.0087 | Train C-index: 0.5163 | Val Loss: 4.3945 | Val C-index: 0.5453
Epoch 2/30 | Train Loss: 2.9929 | Train C-index: 0.5764 | Val Loss: 4.3748 | Val C-index: 0.5777
Epoch 3/30 | Train Loss: 2.9674 | Train C-index: 0.5873 | Val Loss: 4.3406 | Val C-index: 0.6077
Epoch 4/30 | Train Loss: 2.9218 | Train C-index: 0.6412 | Val Loss: 4.3377 | Val C-index: 0.6293
Epoch 5/30 | Train Loss: 2.8768 | Train C-index: 0.5930 | Val Loss: 4.3207 | Val C-index: 0.6420
Epoch 6/30 | Train Loss: 2.8498 | Train C-index: 0.6168 | Val Loss: 4.3048 | Val C-index: 0.6519
Epoch 7/30 | Train Loss: 2.8388 | Train C-index: 0.6066 | Val Loss: 4.3184 | Val C-index: 0.6579
Epoch 8/30 | Train Loss: 2.8020 | Train C-index: 0.6295 | Val Loss: 4.2655 | Val C-index: 0.6796
Epoch 9/30 | Train Loss: 2.7852 | Train C-index: 0.6682 | Val Loss: 4.3370 | Val C-index: 0.6524
Epoch 10/30 | Train Loss: 2.7678 | Train C-index: 0.6112 | Val Loss: 4.2760 | Val C-index: 0.6782
Epoch 11/30 | Train Loss: 2.7768 | Train C-index: 0.5665 | Val Loss: 4.3227 | Val C-index: 0.6634
Epoch 12/30 | Train Loss: 2.7434 | Train C-index: 0.7077 | Val Loss: 4.3647 | Val C-index: 0.6346
Epoch 13/30 | Train Loss: 2.7456 | Train C-index: 0.5848 | Val Loss: 4.3474 | Val C-index: 0.6169
Epoch 14/30 | Train Loss: 2.7966 | Train C-index: 0.5811 | Val Loss: 4.3683 | Val C-index: 0.6282
Epoch 15/30 | Train Loss: 2.7424 | Train C-index: 0.6999 | Val Loss: 4.3146 | Val C-index: 0.6763
Epoch 16/30 | Train Loss: 2.7134 | Train C-index: 0.6777 | Val Loss: 4.3089 | Val C-index: 0.6745
Epoch 17/30 | Train Loss: 2.7446 | Train C-index: 0.7259 | Val Loss: 4.2887 | Val C-index: 0.6736
Epoch 18/30 | Train Loss: 2.6797 | Train C-index: 0.6563 | Val Loss: 4.2907 | Val C-index: 0.6648
Early stopping at epoch 18
Fold 2 best C-index: 0.6796

Extra survival metrics:
cutoff_from_train_median: 0.904483
n_test: 127
n_high_risk: 79
n_low_risk: 48
n_event_test: 48
logrank_stat: 8.962600
logrank_p: 0.002756
auc_36m: 0.739341
auc_60m: 0.680466
HR_high_vs_low: 2.789214
HR_95CI_lower: 1.384883
HR_95CI_upper: 5.617598
cox_p: 0.004086

==================================================
Fold 4/5
==================================================
[ResNetCox] Loaded pretrained from /home/gly001/cqj/pa_ct_surv/model/ct_pretrain/resnet_18_23dataset.pth
  Missing keys (ok): ['fc.weight', 'fc.bias']
Epoch 1/30 | Train Loss: 2.9815 | Train C-index: 0.4824 | Val Loss: 4.3724 | Val C-index: 0.5930
Epoch 2/30 | Train Loss: 2.9389 | Train C-index: 0.6046 | Val Loss: 4.3518 | Val C-index: 0.6134
Epoch 3/30 | Train Loss: 2.8909 | Train C-index: 0.6001 | Val Loss: 4.3119 | Val C-index: 0.6621
Epoch 4/30 | Train Loss: 2.8834 | Train C-index: 0.5973 | Val Loss: 4.2813 | Val C-index: 0.6626
Epoch 5/30 | Train Loss: 2.8724 | Train C-index: 0.6201 | Val Loss: 4.2996 | Val C-index: 0.6468
Epoch 6/30 | Train Loss: 2.8063 | Train C-index: 0.5610 | Val Loss: 4.3066 | Val C-index: 0.6504
Epoch 7/30 | Train Loss: 2.8385 | Train C-index: 0.5852 | Val Loss: 4.2672 | Val C-index: 0.6708
Epoch 8/30 | Train Loss: 2.8116 | Train C-index: 0.6573 | Val Loss: 4.3008 | Val C-index: 0.6520
Epoch 9/30 | Train Loss: 2.7961 | Train C-index: 0.6512 | Val Loss: 4.2618 | Val C-index: 0.6680
Epoch 10/30 | Train Loss: 2.7711 | Train C-index: 0.6064 | Val Loss: 4.2793 | Val C-index: 0.6536
Epoch 11/30 | Train Loss: 2.7704 | Train C-index: 0.5885 | Val Loss: 4.3077 | Val C-index: 0.6449
Epoch 12/30 | Train Loss: 2.8005 | Train C-index: 0.6503 | Val Loss: 4.2578 | Val C-index: 0.6637
Epoch 13/30 | Train Loss: 2.7613 | Train C-index: 0.7126 | Val Loss: 4.2827 | Val C-index: 0.6660
Epoch 14/30 | Train Loss: 2.7691 | Train C-index: 0.7202 | Val Loss: 4.3191 | Val C-index: 0.6209
Epoch 15/30 | Train Loss: 2.7897 | Train C-index: 0.7046 | Val Loss: 4.3050 | Val C-index: 0.6381
Epoch 16/30 | Train Loss: 2.7227 | Train C-index: 0.6621 | Val Loss: 4.3877 | Val C-index: 0.6077
Epoch 17/30 | Train Loss: 2.7930 | Train C-index: 0.6997 | Val Loss: 4.2956 | Val C-index: 0.6344
Early stopping at epoch 17
Fold 3 best C-index: 0.6708

Extra survival metrics:
cutoff_from_train_median: 3.555311
n_test: 127
n_high_risk: 60
n_low_risk: 67
n_event_test: 48
logrank_stat: 8.269462
logrank_p: 0.004032
auc_36m: 0.730153
auc_60m: 0.695464
HR_high_vs_low: 2.290102
HR_95CI_lower: 1.280641
HR_95CI_upper: 4.095267
cox_p: 0.005205

==================================================
Fold 5/5
==================================================
[ResNetCox] Loaded pretrained from /home/gly001/cqj/pa_ct_surv/model/ct_pretrain/resnet_18_23dataset.pth
  Missing keys (ok): ['fc.weight', 'fc.bias']
Epoch 1/30 | Train Loss: 3.0134 | Train C-index: 0.4737 | Val Loss: 4.1942 | Val C-index: 0.6455
Epoch 2/30 | Train Loss: 2.9952 | Train C-index: 0.5373 | Val Loss: 4.2386 | Val C-index: 0.5868
Epoch 3/30 | Train Loss: 2.9275 | Train C-index: 0.5520 | Val Loss: 4.1891 | Val C-index: 0.6482
Epoch 4/30 | Train Loss: 2.8565 | Train C-index: 0.6677 | Val Loss: 4.2793 | Val C-index: 0.6528
Epoch 5/30 | Train Loss: 2.8602 | Train C-index: 0.6444 | Val Loss: 4.2394 | Val C-index: 0.6678
Epoch 6/30 | Train Loss: 2.7843 | Train C-index: 0.6669 | Val Loss: 4.3875 | Val C-index: 0.6542
Epoch 7/30 | Train Loss: 2.8461 | Train C-index: 0.6782 | Val Loss: 4.2065 | Val C-index: 0.6661
Epoch 8/30 | Train Loss: 2.8139 | Train C-index: 0.6779 | Val Loss: 4.2942 | Val C-index: 0.6688
Epoch 9/30 | Train Loss: 2.8201 | Train C-index: 0.6313 | Val Loss: 4.2648 | Val C-index: 0.6833
Epoch 10/30 | Train Loss: 2.7656 | Train C-index: 0.6404 | Val Loss: 4.2609 | Val C-index: 0.6566
Epoch 11/30 | Train Loss: 2.7832 | Train C-index: 0.6574 | Val Loss: 4.2601 | Val C-index: 0.6758
Epoch 12/30 | Train Loss: 2.7656 | Train C-index: 0.6976 | Val Loss: 4.3632 | Val C-index: 0.6794
Epoch 13/30 | Train Loss: 2.7558 | Train C-index: 0.7103 | Val Loss: 4.3278 | Val C-index: 0.6729
Epoch 14/30 | Train Loss: 2.7960 | Train C-index: 0.7020 | Val Loss: 4.2763 | Val C-index: 0.6731
Epoch 15/30 | Train Loss: 2.7489 | Train C-index: 0.6875 | Val Loss: 4.2377 | Val C-index: 0.6874
Epoch 16/30 | Train Loss: 2.7400 | Train C-index: 0.6811 | Val Loss: 4.2890 | Val C-index: 0.6935
Epoch 17/30 | Train Loss: 2.7130 | Train C-index: 0.6631 | Val Loss: 4.2434 | Val C-index: 0.6717
Epoch 18/30 | Train Loss: 2.7320 | Train C-index: 0.6982 | Val Loss: 4.3332 | Val C-index: 0.6923
Epoch 19/30 | Train Loss: 2.7134 | Train C-index: 0.7445 | Val Loss: 4.2674 | Val C-index: 0.6991
Epoch 20/30 | Train Loss: 2.6297 | Train C-index: 0.6001 | Val Loss: 4.2148 | Val C-index: 0.6596
Epoch 21/30 | Train Loss: 2.7291 | Train C-index: 0.6260 | Val Loss: 4.2983 | Val C-index: 0.6617
Epoch 22/30 | Train Loss: 2.7107 | Train C-index: 0.7177 | Val Loss: 4.3770 | Val C-index: 0.6894
Epoch 23/30 | Train Loss: 2.6967 | Train C-index: 0.7033 | Val Loss: 4.2486 | Val C-index: 0.6831
Epoch 24/30 | Train Loss: 2.6352 | Train C-index: 0.7178 | Val Loss: 4.2515 | Val C-index: 0.6954
Epoch 25/30 | Train Loss: 2.6178 | Train C-index: 0.7384 | Val Loss: 4.5638 | Val C-index: 0.6663
Epoch 26/30 | Train Loss: 2.6201 | Train C-index: 0.7114 | Val Loss: 4.3833 | Val C-index: 0.6923
Epoch 27/30 | Train Loss: 2.6361 | Train C-index: 0.7235 | Val Loss: 4.5985 | Val C-index: 0.6828
Epoch 28/30 | Train Loss: 2.6831 | Train C-index: 0.7136 | Val Loss: 4.4218 | Val C-index: 0.6945
Epoch 29/30 | Train Loss: 2.7695 | Train C-index: 0.6410 | Val Loss: 4.2875 | Val C-index: 0.7083
Epoch 30/30 | Train Loss: 2.6733 | Train C-index: 0.6488 | Val Loss: 4.3223 | Val C-index: 0.6836
Fold 4 best C-index: 0.7083

Extra survival metrics:
cutoff_from_train_median: 6.648331
n_test: 127
n_high_risk: 57
n_low_risk: 70
n_event_test: 49
logrank_stat: 25.527274
logrank_p: 0.000000
auc_36m: 0.738321
auc_60m: 0.722380
HR_high_vs_low: 4.234588
HR_95CI_lower: 2.311190
HR_95CI_upper: 7.758660
cox_p: 0.000003

==================================================
5-Fold CV Summary
==================================================
  C-index mean: 0.6842
