Using Device: cuda | ROI: 64
Model: resnet18 | CT augmentation: disabled
LR: 0.0001 | Backbone LR: 1e-05 | Loss: Cox PH
Pretrained: /home/gly001/cqj/pa_ct_surv/model/ct_pretrain/resnet_18_23dataset.pth
Checkpoints: /home/gly001/cqj/pa_ct_surv/checkpoints/pact_v4/ct/roi64_resnet18_dropout0.5_epochs30_bs16_lr1e-4_blr1e-5_wd5e-4_seed123
Results: /home/gly001/cqj/pa_ct_surv/results/pact_v4/ct/roi64_resnet18_dropout0.5_epochs30_bs16_lr1e-4_blr1e-5_wd5e-4_seed123
Loaded 703 samples
Locked split: train=562, test=141
Test set is not accessed during CV

==================================================
Fold 1/5
==================================================
[ResNetCox] Loaded pretrained from /home/gly001/cqj/pa_ct_surv/model/ct_pretrain/resnet_18_23dataset.pth
  Missing keys (ok): ['fc.weight', 'fc.bias']
Epoch 1/30 | Train Loss: 2.3397 | Train C-index: 0.5165 | Val Loss: 4.3504 | Val C-index: 0.5514
Epoch 2/30 | Train Loss: 2.3389 | Train C-index: 0.5031 | Val Loss: 4.3472 | Val C-index: 0.6030
Epoch 3/30 | Train Loss: 2.3507 | Train C-index: 0.5007 | Val Loss: 4.3355 | Val C-index: 0.6351
Epoch 4/30 | Train Loss: 2.3007 | Train C-index: 0.5867 | Val Loss: 4.3126 | Val C-index: 0.6533
Epoch 5/30 | Train Loss: 2.2982 | Train C-index: 0.5781 | Val Loss: 4.3030 | Val C-index: 0.6453
Epoch 6/30 | Train Loss: 2.2784 | Train C-index: 0.5666 | Val Loss: 4.2805 | Val C-index: 0.6641
Epoch 7/30 | Train Loss: 2.2977 | Train C-index: 0.5672 | Val Loss: 4.2719 | Val C-index: 0.6644
Epoch 8/30 | Train Loss: 2.2269 | Train C-index: 0.6100 | Val Loss: 4.2605 | Val C-index: 0.6638
Epoch 9/30 | Train Loss: 2.2159 | Train C-index: 0.6372 | Val Loss: 4.2690 | Val C-index: 0.6654
Epoch 10/30 | Train Loss: 2.2403 | Train C-index: 0.6204 | Val Loss: 4.2913 | Val C-index: 0.6581
Epoch 11/30 | Train Loss: 2.2364 | Train C-index: 0.6042 | Val Loss: 4.2422 | Val C-index: 0.6823
Epoch 12/30 | Train Loss: 2.2312 | Train C-index: 0.6226 | Val Loss: 4.2497 | Val C-index: 0.6749
Epoch 13/30 | Train Loss: 2.2347 | Train C-index: 0.6360 | Val Loss: 4.2781 | Val C-index: 0.6775
Epoch 14/30 | Train Loss: 2.2030 | Train C-index: 0.6165 | Val Loss: 4.2357 | Val C-index: 0.6816
Epoch 15/30 | Train Loss: 2.2417 | Train C-index: 0.6378 | Val Loss: 4.2382 | Val C-index: 0.6695
Epoch 16/30 | Train Loss: 2.1700 | Train C-index: 0.6713 | Val Loss: 4.2492 | Val C-index: 0.6858
Epoch 17/30 | Train Loss: 2.1798 | Train C-index: 0.6084 | Val Loss: 4.2615 | Val C-index: 0.6839
Epoch 18/30 | Train Loss: 2.1805 | Train C-index: 0.6597 | Val Loss: 4.2282 | Val C-index: 0.6918
Epoch 19/30 | Train Loss: 2.1969 | Train C-index: 0.6525 | Val Loss: 4.2103 | Val C-index: 0.6896
Epoch 20/30 | Train Loss: 2.1733 | Train C-index: 0.6537 | Val Loss: 4.1984 | Val C-index: 0.6899
Epoch 21/30 | Train Loss: 2.1358 | Train C-index: 0.6830 | Val Loss: 4.2241 | Val C-index: 0.7007
Epoch 22/30 | Train Loss: 2.1866 | Train C-index: 0.6740 | Val Loss: 4.2011 | Val C-index: 0.7011
Epoch 23/30 | Train Loss: 2.1377 | Train C-index: 0.6840 | Val Loss: 4.2330 | Val C-index: 0.7058
Epoch 24/30 | Train Loss: 2.1681 | Train C-index: 0.6593 | Val Loss: 4.1994 | Val C-index: 0.6972
Epoch 25/30 | Train Loss: 2.1360 | Train C-index: 0.6693 | Val Loss: 4.1892 | Val C-index: 0.6905
Epoch 26/30 | Train Loss: 2.1476 | Train C-index: 0.6386 | Val Loss: 4.2367 | Val C-index: 0.6530
Epoch 27/30 | Train Loss: 2.2042 | Train C-index: 0.6109 | Val Loss: 4.2097 | Val C-index: 0.7061
Epoch 28/30 | Train Loss: 2.0378 | Train C-index: 0.6962 | Val Loss: 4.2032 | Val C-index: 0.6829
Epoch 29/30 | Train Loss: 2.1646 | Train C-index: 0.6856 | Val Loss: 4.2011 | Val C-index: 0.6867
Epoch 30/30 | Train Loss: 2.0871 | Train C-index: 0.6972 | Val Loss: 4.2431 | Val C-index: 0.6514
Fold 0 best C-index: 0.7061

Extra survival metrics:
cutoff_from_train_median: -0.034204
n_test: 113
n_high_risk: 57
n_low_risk: 56
n_event_test: 38
logrank_stat: 12.503190
logrank_p: 0.000406
auc_36m: 0.710593
auc_60m: 0.727048
HR_high_vs_low: 3.412266
HR_95CI_lower: 1.655698
HR_95CI_upper: 7.032418
cox_p: 0.000879

==================================================
Fold 2/5
==================================================
[ResNetCox] Loaded pretrained from /home/gly001/cqj/pa_ct_surv/model/ct_pretrain/resnet_18_23dataset.pth
  Missing keys (ok): ['fc.weight', 'fc.bias']
Epoch 1/30 | Train Loss: 2.3504 | Train C-index: 0.4963 | Val Loss: 4.1763 | Val C-index: 0.6237
Epoch 2/30 | Train Loss: 2.3757 | Train C-index: 0.5025 | Val Loss: 4.1666 | Val C-index: 0.6358
Epoch 3/30 | Train Loss: 2.3561 | Train C-index: 0.5335 | Val Loss: 4.1461 | Val C-index: 0.6510
Epoch 4/30 | Train Loss: 2.3478 | Train C-index: 0.5735 | Val Loss: 4.1312 | Val C-index: 0.6564
Epoch 5/30 | Train Loss: 2.2989 | Train C-index: 0.5448 | Val Loss: 4.1258 | Val C-index: 0.6601
Epoch 6/30 | Train Loss: 2.3174 | Train C-index: 0.5711 | Val Loss: 4.1119 | Val C-index: 0.6689
Epoch 7/30 | Train Loss: 2.2692 | Train C-index: 0.6149 | Val Loss: 4.0858 | Val C-index: 0.6726
Epoch 8/30 | Train Loss: 2.2687 | Train C-index: 0.5875 | Val Loss: 4.0817 | Val C-index: 0.6747
Epoch 9/30 | Train Loss: 2.2913 | Train C-index: 0.6153 | Val Loss: 4.0783 | Val C-index: 0.6868
Epoch 10/30 | Train Loss: 2.2532 | Train C-index: 0.6336 | Val Loss: 4.0700 | Val C-index: 0.6861
Epoch 11/30 | Train Loss: 2.2613 | Train C-index: 0.6460 | Val Loss: 4.0650 | Val C-index: 0.6919
Epoch 12/30 | Train Loss: 2.2187 | Train C-index: 0.6502 | Val Loss: 4.0502 | Val C-index: 0.6892
Epoch 13/30 | Train Loss: 2.2543 | Train C-index: 0.6110 | Val Loss: 4.0474 | Val C-index: 0.6925
Epoch 14/30 | Train Loss: 2.1878 | Train C-index: 0.6294 | Val Loss: 4.0649 | Val C-index: 0.6882
Epoch 15/30 | Train Loss: 2.1980 | Train C-index: 0.6157 | Val Loss: 4.1335 | Val C-index: 0.6429
Epoch 16/30 | Train Loss: 2.1878 | Train C-index: 0.6091 | Val Loss: 4.1193 | Val C-index: 0.6628
Epoch 17/30 | Train Loss: 2.2694 | Train C-index: 0.6235 | Val Loss: 4.0534 | Val C-index: 0.7023
Epoch 18/30 | Train Loss: 2.2048 | Train C-index: 0.6340 | Val Loss: 4.0386 | Val C-index: 0.7013
Epoch 19/30 | Train Loss: 2.2186 | Train C-index: 0.6792 | Val Loss: 4.0499 | Val C-index: 0.7033
Epoch 20/30 | Train Loss: 2.1744 | Train C-index: 0.6902 | Val Loss: 4.0799 | Val C-index: 0.6875
Epoch 21/30 | Train Loss: 2.1634 | Train C-index: 0.6647 | Val Loss: 4.0414 | Val C-index: 0.7037
Epoch 22/30 | Train Loss: 2.1800 | Train C-index: 0.6829 | Val Loss: 4.0435 | Val C-index: 0.7017
Epoch 23/30 | Train Loss: 2.2471 | Train C-index: 0.6580 | Val Loss: 4.0350 | Val C-index: 0.7054
Epoch 24/30 | Train Loss: 2.1672 | Train C-index: 0.5942 | Val Loss: 4.0972 | Val C-index: 0.6878
Epoch 25/30 | Train Loss: 2.2148 | Train C-index: 0.6145 | Val Loss: 4.0445 | Val C-index: 0.7023
Epoch 26/30 | Train Loss: 2.1972 | Train C-index: 0.6801 | Val Loss: 4.0471 | Val C-index: 0.7017
Epoch 27/30 | Train Loss: 2.1437 | Train C-index: 0.6704 | Val Loss: 4.0417 | Val C-index: 0.7135
Epoch 28/30 | Train Loss: 2.1622 | Train C-index: 0.6416 | Val Loss: 4.0275 | Val C-index: 0.7071
Epoch 29/30 | Train Loss: 2.1462 | Train C-index: 0.6821 | Val Loss: 4.0867 | Val C-index: 0.6888
Epoch 30/30 | Train Loss: 2.2003 | Train C-index: 0.6137 | Val Loss: 4.0495 | Val C-index: 0.6898
Fold 1 best C-index: 0.7135

Extra survival metrics:
cutoff_from_train_median: 1.001438
n_test: 113
n_high_risk: 48
n_low_risk: 65
n_event_test: 39
logrank_stat: 8.792114
logrank_p: 0.003025
auc_36m: 0.778603
auc_60m: 0.768382
HR_high_vs_low: 2.508163
HR_95CI_lower: 1.326802
HR_95CI_upper: 4.741386
cox_p: 0.004650

==================================================
Fold 3/5
==================================================
[ResNetCox] Loaded pretrained from /home/gly001/cqj/pa_ct_surv/model/ct_pretrain/resnet_18_23dataset.pth
  Missing keys (ok): ['fc.weight', 'fc.bias']
Epoch 1/30 | Train Loss: 2.3467 | Train C-index: 0.4813 | Val Loss: 4.3546 | Val C-index: 0.5269
Epoch 2/30 | Train Loss: 2.3423 | Train C-index: 0.5110 | Val Loss: 4.3467 | Val C-index: 0.5425
Epoch 3/30 | Train Loss: 2.3249 | Train C-index: 0.5136 | Val Loss: 4.3316 | Val C-index: 0.5558
Epoch 4/30 | Train Loss: 2.3050 | Train C-index: 0.5516 | Val Loss: 4.3172 | Val C-index: 0.5691
Epoch 5/30 | Train Loss: 2.3241 | Train C-index: 0.5885 | Val Loss: 4.3082 | Val C-index: 0.5814
Epoch 6/30 | Train Loss: 2.2219 | Train C-index: 0.6268 | Val Loss: 4.2996 | Val C-index: 0.5928
Epoch 7/30 | Train Loss: 2.2618 | Train C-index: 0.6340 | Val Loss: 4.2911 | Val C-index: 0.6090
Epoch 8/30 | Train Loss: 2.2177 | Train C-index: 0.6443 | Val Loss: 4.3100 | Val C-index: 0.5897
Epoch 9/30 | Train Loss: 2.2384 | Train C-index: 0.6376 | Val Loss: 4.2878 | Val C-index: 0.6214
Epoch 10/30 | Train Loss: 2.2438 | Train C-index: 0.6469 | Val Loss: 4.2669 | Val C-index: 0.6372
Epoch 11/30 | Train Loss: 2.2675 | Train C-index: 0.6309 | Val Loss: 4.2584 | Val C-index: 0.6492
Epoch 12/30 | Train Loss: 2.2034 | Train C-index: 0.6306 | Val Loss: 4.2506 | Val C-index: 0.6549
Epoch 13/30 | Train Loss: 2.2262 | Train C-index: 0.6280 | Val Loss: 4.2494 | Val C-index: 0.6581
Epoch 14/30 | Train Loss: 2.2178 | Train C-index: 0.6556 | Val Loss: 4.2360 | Val C-index: 0.6679
Epoch 15/30 | Train Loss: 2.1439 | Train C-index: 0.6704 | Val Loss: 4.2226 | Val C-index: 0.6667
Epoch 16/30 | Train Loss: 2.2361 | Train C-index: 0.6312 | Val Loss: 4.2532 | Val C-index: 0.6473
Epoch 17/30 | Train Loss: 2.1978 | Train C-index: 0.6637 | Val Loss: 4.2301 | Val C-index: 0.6610
Epoch 18/30 | Train Loss: 2.1433 | Train C-index: 0.6376 | Val Loss: 4.2233 | Val C-index: 0.6663
Epoch 19/30 | Train Loss: 2.1755 | Train C-index: 0.6455 | Val Loss: 4.2354 | Val C-index: 0.6587
Epoch 20/30 | Train Loss: 2.0505 | Train C-index: 0.6752 | Val Loss: 4.2359 | Val C-index: 0.6543
Epoch 21/30 | Train Loss: 2.1342 | Train C-index: 0.6348 | Val Loss: 4.2320 | Val C-index: 0.6606
Epoch 22/30 | Train Loss: 2.1515 | Train C-index: 0.6636 | Val Loss: 4.3137 | Val C-index: 0.6248
Epoch 23/30 | Train Loss: 2.1794 | Train C-index: 0.6880 | Val Loss: 4.2283 | Val C-index: 0.6534
Epoch 24/30 | Train Loss: 2.1321 | Train C-index: 0.6991 | Val Loss: 4.2879 | Val C-index: 0.5941
Early stopping at epoch 24
Fold 2 best C-index: 0.6679

Extra survival metrics:
cutoff_from_train_median: 0.569330
n_test: 112
n_high_risk: 61
n_low_risk: 51
n_event_test: 38
logrank_stat: 12.853538
logrank_p: 0.000337
auc_36m: 0.659035
auc_60m: 0.672238
HR_high_vs_low: 3.792827
HR_95CI_lower: 1.734038
HR_95CI_upper: 8.295973
cox_p: 0.000843

==================================================
Fold 4/5
==================================================
[ResNetCox] Loaded pretrained from /home/gly001/cqj/pa_ct_surv/model/ct_pretrain/resnet_18_23dataset.pth
  Missing keys (ok): ['fc.weight', 'fc.bias']
Epoch 1/30 | Train Loss: 2.3960 | Train C-index: 0.5263 | Val Loss: 4.3218 | Val C-index: 0.5331
Epoch 2/30 | Train Loss: 2.3421 | Train C-index: 0.4943 | Val Loss: 4.3201 | Val C-index: 0.5230
Epoch 3/30 | Train Loss: 2.3259 | Train C-index: 0.5266 | Val Loss: 4.3146 | Val C-index: 0.5356
Epoch 4/30 | Train Loss: 2.2817 | Train C-index: 0.5827 | Val Loss: 4.3147 | Val C-index: 0.5309
Epoch 5/30 | Train Loss: 2.3283 | Train C-index: 0.5648 | Val Loss: 4.3174 | Val C-index: 0.5334
Epoch 6/30 | Train Loss: 2.2588 | Train C-index: 0.6051 | Val Loss: 4.3142 | Val C-index: 0.5438
Epoch 7/30 | Train Loss: 2.2750 | Train C-index: 0.6121 | Val Loss: 4.3196 | Val C-index: 0.5501
Epoch 8/30 | Train Loss: 2.2882 | Train C-index: 0.6149 | Val Loss: 4.3058 | Val C-index: 0.5595
Epoch 9/30 | Train Loss: 2.1506 | Train C-index: 0.6210 | Val Loss: 4.3215 | Val C-index: 0.5513
Epoch 10/30 | Train Loss: 2.2519 | Train C-index: 0.6333 | Val Loss: 4.3218 | Val C-index: 0.5611
Epoch 11/30 | Train Loss: 2.2219 | Train C-index: 0.5931 | Val Loss: 4.3172 | Val C-index: 0.5721
Epoch 12/30 | Train Loss: 2.1967 | Train C-index: 0.6090 | Val Loss: 4.3308 | Val C-index: 0.5699
Epoch 13/30 | Train Loss: 2.2105 | Train C-index: 0.6471 | Val Loss: 4.3153 | Val C-index: 0.5916
Epoch 14/30 | Train Loss: 2.1470 | Train C-index: 0.6832 | Val Loss: 4.3109 | Val C-index: 0.5957
Epoch 15/30 | Train Loss: 2.1672 | Train C-index: 0.6657 | Val Loss: 4.2703 | Val C-index: 0.6020
Epoch 16/30 | Train Loss: 2.1842 | Train C-index: 0.6525 | Val Loss: 4.3068 | Val C-index: 0.5998
Epoch 17/30 | Train Loss: 2.1718 | Train C-index: 0.6660 | Val Loss: 4.2997 | Val C-index: 0.6083
Epoch 18/30 | Train Loss: 2.1749 | Train C-index: 0.6738 | Val Loss: 4.3034 | Val C-index: 0.5957
Epoch 19/30 | Train Loss: 2.1389 | Train C-index: 0.6846 | Val Loss: 4.3420 | Val C-index: 0.6039
Epoch 20/30 | Train Loss: 2.1382 | Train C-index: 0.6814 | Val Loss: 4.3333 | Val C-index: 0.6045
Epoch 21/30 | Train Loss: 2.1457 | Train C-index: 0.6656 | Val Loss: 4.3703 | Val C-index: 0.5951
Epoch 22/30 | Train Loss: 2.1618 | Train C-index: 0.6824 | Val Loss: 4.3405 | Val C-index: 0.5973
Epoch 23/30 | Train Loss: 2.1690 | Train C-index: 0.7023 | Val Loss: 4.3007 | Val C-index: 0.6064
Epoch 24/30 | Train Loss: 2.1358 | Train C-index: 0.6776 | Val Loss: 4.2970 | Val C-index: 0.6033
Epoch 25/30 | Train Loss: 2.0285 | Train C-index: 0.7155 | Val Loss: 4.3782 | Val C-index: 0.6071
Epoch 26/30 | Train Loss: 2.0707 | Train C-index: 0.7149 | Val Loss: 4.3067 | Val C-index: 0.6137
Epoch 27/30 | Train Loss: 2.1151 | Train C-index: 0.7023 | Val Loss: 4.3080 | Val C-index: 0.6137
Epoch 28/30 | Train Loss: 2.1236 | Train C-index: 0.7108 | Val Loss: 4.2908 | Val C-index: 0.6162
Epoch 29/30 | Train Loss: 2.0343 | Train C-index: 0.7368 | Val Loss: 4.3270 | Val C-index: 0.6140
Epoch 30/30 | Train Loss: 2.0194 | Train C-index: 0.6988 | Val Loss: 4.4097 | Val C-index: 0.6127
Fold 3 best C-index: 0.6162

Extra survival metrics:
cutoff_from_train_median: 0.086917
n_test: 112
n_high_risk: 61
n_low_risk: 51
n_event_test: 38
logrank_stat: 5.018968
logrank_p: 0.025071
auc_36m: 0.602466
auc_60m: 0.551013
HR_high_vs_low: 2.187642
HR_95CI_lower: 1.082793
HR_95CI_upper: 4.419848
cox_p: 0.029136

==================================================
Fold 5/5
==================================================
[ResNetCox] Loaded pretrained from /home/gly001/cqj/pa_ct_surv/model/ct_pretrain/resnet_18_23dataset.pth
  Missing keys (ok): ['fc.weight', 'fc.bias']
Epoch 1/30 | Train Loss: 2.3576 | Train C-index: 0.5231 | Val Loss: 4.2881 | Val C-index: 0.5494
Epoch 2/30 | Train Loss: 2.3266 | Train C-index: 0.5233 | Val Loss: 4.2785 | Val C-index: 0.6188
Epoch 3/30 | Train Loss: 2.3212 | Train C-index: 0.5328 | Val Loss: 4.2667 | Val C-index: 0.6344
Epoch 4/30 | Train Loss: 2.2979 | Train C-index: 0.5266 | Val Loss: 4.2567 | Val C-index: 0.6522
Epoch 5/30 | Train Loss: 2.2313 | Train C-index: 0.5802 | Val Loss: 4.2401 | Val C-index: 0.6542
Epoch 6/30 | Train Loss: 2.3314 | Train C-index: 0.5217 | Val Loss: 4.2251 | Val C-index: 0.6655
Epoch 7/30 | Train Loss: 2.3376 | Train C-index: 0.5451 | Val Loss: 4.2171 | Val C-index: 0.6721
Epoch 8/30 | Train Loss: 2.3259 | Train C-index: 0.5592 | Val Loss: 4.1893 | Val C-index: 0.6823
Epoch 9/30 | Train Loss: 2.2544 | Train C-index: 0.6031 | Val Loss: 4.1645 | Val C-index: 0.6820
Epoch 10/30 | Train Loss: 2.3089 | Train C-index: 0.5874 | Val Loss: 4.1564 | Val C-index: 0.6883
Epoch 11/30 | Train Loss: 2.2498 | Train C-index: 0.6029 | Val Loss: 4.1640 | Val C-index: 0.6889
Epoch 12/30 | Train Loss: 2.2084 | Train C-index: 0.6526 | Val Loss: 4.1344 | Val C-index: 0.6942
Epoch 13/30 | Train Loss: 2.2729 | Train C-index: 0.6036 | Val Loss: 4.1351 | Val C-index: 0.6979
Epoch 14/30 | Train Loss: 2.2602 | Train C-index: 0.6288 | Val Loss: 4.1126 | Val C-index: 0.6995
Epoch 15/30 | Train Loss: 2.2138 | Train C-index: 0.6318 | Val Loss: 4.1143 | Val C-index: 0.6988
Epoch 16/30 | Train Loss: 2.2115 | Train C-index: 0.6132 | Val Loss: 4.1062 | Val C-index: 0.6912
Epoch 17/30 | Train Loss: 2.2766 | Train C-index: 0.6378 | Val Loss: 4.1310 | Val C-index: 0.6896
Epoch 18/30 | Train Loss: 2.1871 | Train C-index: 0.6725 | Val Loss: 4.0741 | Val C-index: 0.7071
Epoch 19/30 | Train Loss: 2.1760 | Train C-index: 0.6744 | Val Loss: 4.0733 | Val C-index: 0.6965
Epoch 20/30 | Train Loss: 2.1550 | Train C-index: 0.6894 | Val Loss: 4.1120 | Val C-index: 0.6790
Epoch 21/30 | Train Loss: 2.2122 | Train C-index: 0.6714 | Val Loss: 4.0823 | Val C-index: 0.7015
Epoch 22/30 | Train Loss: 2.2010 | Train C-index: 0.6938 | Val Loss: 4.0961 | Val C-index: 0.6896
Epoch 23/30 | Train Loss: 2.1929 | Train C-index: 0.6731 | Val Loss: 4.0867 | Val C-index: 0.7012
Epoch 24/30 | Train Loss: 2.0561 | Train C-index: 0.6821 | Val Loss: 4.0754 | Val C-index: 0.7055
Epoch 25/30 | Train Loss: 2.2162 | Train C-index: 0.6726 | Val Loss: 4.1160 | Val C-index: 0.6744
Epoch 26/30 | Train Loss: 2.1215 | Train C-index: 0.6835 | Val Loss: 4.1574 | Val C-index: 0.6499
Epoch 27/30 | Train Loss: 2.0660 | Train C-index: 0.6480 | Val Loss: 4.1143 | Val C-index: 0.6916
Epoch 28/30 | Train Loss: 2.1098 | Train C-index: 0.6966 | Val Loss: 4.1032 | Val C-index: 0.6979
Early stopping at epoch 28
Fold 4 best C-index: 0.7071

Extra survival metrics:
cutoff_from_train_median: 0.706336
n_test: 112
n_high_risk: 55
n_low_risk: 57
n_event_test: 38
logrank_stat: 21.397879
logrank_p: 0.000004
auc_36m: 0.752488
auc_60m: 0.754056
HR_high_vs_low: 5.233853
HR_95CI_lower: 2.393595
HR_95CI_upper: 11.444384
cox_p: 0.000034

==================================================
5-Fold CV Summary
==================================================
  C-index mean: 0.6822
