Using Device: cuda | ROI: 64
Model: resnet18 | CT augmentation: disabled
LR: 0.0001 | Backbone LR: 1e-05 | Loss: Cox PH
Pretrained: /home/gly001/cqj/pa_ct_surv/model/ct_pretrain/resnet_18_23dataset.pth
Checkpoints: /home/gly001/cqj/pa_ct_surv/checkpoints/pact_v4/ct/roi64_resnet18_dropout0.25_epochs30_bs64_lr1e-4_blr1e-5_wd5e-4_seed123
Results: /home/gly001/cqj/pa_ct_surv/results/pact_v4/ct/roi64_resnet18_dropout0.25_epochs30_bs64_lr1e-4_blr1e-5_wd5e-4_seed123
Loaded 703 samples
Locked split: train=562, test=141
Test set is not accessed during CV

==================================================
Fold 1/5
==================================================
[ResNetCox] Loaded pretrained from /home/gly001/cqj/pa_ct_surv/model/ct_pretrain/resnet_18_23dataset.pth
  Missing keys (ok): ['fc.weight', 'fc.bias']
Epoch 1/30 | Train Loss: 3.2946 | Train C-index: 0.4841 | Val Loss: 4.3500 | Val C-index: 0.5568
Epoch 2/30 | Train Loss: 3.2894 | Train C-index: 0.4720 | Val Loss: 4.3448 | Val C-index: 0.6024
Epoch 3/30 | Train Loss: 3.2815 | Train C-index: 0.5271 | Val Loss: 4.3396 | Val C-index: 0.6186
Epoch 4/30 | Train Loss: 3.2832 | Train C-index: 0.5081 | Val Loss: 4.3348 | Val C-index: 0.6243
Epoch 5/30 | Train Loss: 3.2518 | Train C-index: 0.5563 | Val Loss: 4.3265 | Val C-index: 0.6326
Epoch 6/30 | Train Loss: 3.2587 | Train C-index: 0.5539 | Val Loss: 4.3144 | Val C-index: 0.6361
Epoch 7/30 | Train Loss: 3.2374 | Train C-index: 0.5933 | Val Loss: 4.2986 | Val C-index: 0.6418
Epoch 8/30 | Train Loss: 3.2282 | Train C-index: 0.6023 | Val Loss: 4.2839 | Val C-index: 0.6422
Epoch 9/30 | Train Loss: 3.2173 | Train C-index: 0.5978 | Val Loss: 4.2763 | Val C-index: 0.6466
Epoch 10/30 | Train Loss: 3.2102 | Train C-index: 0.6145 | Val Loss: 4.2692 | Val C-index: 0.6584
Epoch 11/30 | Train Loss: 3.2193 | Train C-index: 0.6177 | Val Loss: 4.2710 | Val C-index: 0.6600
Epoch 12/30 | Train Loss: 3.2173 | Train C-index: 0.6291 | Val Loss: 4.2603 | Val C-index: 0.6689
Epoch 13/30 | Train Loss: 3.1890 | Train C-index: 0.6357 | Val Loss: 4.2492 | Val C-index: 0.6711
Epoch 14/30 | Train Loss: 3.1792 | Train C-index: 0.6496 | Val Loss: 4.2402 | Val C-index: 0.6772
Epoch 15/30 | Train Loss: 3.1838 | Train C-index: 0.6370 | Val Loss: 4.2439 | Val C-index: 0.6743
Epoch 16/30 | Train Loss: 3.1469 | Train C-index: 0.6672 | Val Loss: 4.2357 | Val C-index: 0.6759
Epoch 17/30 | Train Loss: 3.1492 | Train C-index: 0.6683 | Val Loss: 4.2241 | Val C-index: 0.6845
Epoch 18/30 | Train Loss: 3.1402 | Train C-index: 0.6680 | Val Loss: 4.2157 | Val C-index: 0.6893
Epoch 19/30 | Train Loss: 3.1302 | Train C-index: 0.6884 | Val Loss: 4.2208 | Val C-index: 0.6969
Epoch 20/30 | Train Loss: 3.1090 | Train C-index: 0.6899 | Val Loss: 4.1994 | Val C-index: 0.6880
Epoch 21/30 | Train Loss: 3.1192 | Train C-index: 0.6769 | Val Loss: 4.2278 | Val C-index: 0.6969
Epoch 22/30 | Train Loss: 3.1246 | Train C-index: 0.6823 | Val Loss: 4.1984 | Val C-index: 0.6886
Epoch 23/30 | Train Loss: 3.1241 | Train C-index: 0.6771 | Val Loss: 4.2372 | Val C-index: 0.6985
Epoch 24/30 | Train Loss: 3.1314 | Train C-index: 0.6833 | Val Loss: 4.1794 | Val C-index: 0.6944
Epoch 25/30 | Train Loss: 3.0983 | Train C-index: 0.6972 | Val Loss: 4.1750 | Val C-index: 0.7074
Epoch 26/30 | Train Loss: 3.1055 | Train C-index: 0.7033 | Val Loss: 4.1811 | Val C-index: 0.6979
Epoch 27/30 | Train Loss: 3.1153 | Train C-index: 0.6840 | Val Loss: 4.1749 | Val C-index: 0.7131
Epoch 28/30 | Train Loss: 3.0636 | Train C-index: 0.7115 | Val Loss: 4.1635 | Val C-index: 0.7036
Epoch 29/30 | Train Loss: 3.0870 | Train C-index: 0.6901 | Val Loss: 4.1769 | Val C-index: 0.6902
Epoch 30/30 | Train Loss: 3.0835 | Train C-index: 0.6775 | Val Loss: 4.1757 | Val C-index: 0.7138
Fold 0 best C-index: 0.7138

Extra survival metrics:
cutoff_from_train_median: 0.875304
n_test: 113
n_high_risk: 56
n_low_risk: 57
n_event_test: 38
logrank_stat: 13.724921
logrank_p: 0.000212
auc_36m: 0.713564
auc_60m: 0.742215
HR_high_vs_low: 3.597452
HR_95CI_lower: 1.744822
HR_95CI_upper: 7.417182
cox_p: 0.000525

==================================================
Fold 2/5
==================================================
[ResNetCox] Loaded pretrained from /home/gly001/cqj/pa_ct_surv/model/ct_pretrain/resnet_18_23dataset.pth
  Missing keys (ok): ['fc.weight', 'fc.bias']
Epoch 1/30 | Train Loss: 3.2800 | Train C-index: 0.5468 | Val Loss: 4.1771 | Val C-index: 0.6142
Epoch 2/30 | Train Loss: 3.3227 | Train C-index: 0.4731 | Val Loss: 4.1694 | Val C-index: 0.6385
Epoch 3/30 | Train Loss: 3.2905 | Train C-index: 0.5376 | Val Loss: 4.1608 | Val C-index: 0.6446
Epoch 4/30 | Train Loss: 3.3079 | Train C-index: 0.5138 | Val Loss: 4.1496 | Val C-index: 0.6473
Epoch 5/30 | Train Loss: 3.2942 | Train C-index: 0.5266 | Val Loss: 4.1384 | Val C-index: 0.6504
Epoch 6/30 | Train Loss: 3.2681 | Train C-index: 0.5708 | Val Loss: 4.1278 | Val C-index: 0.6541
Epoch 7/30 | Train Loss: 3.2808 | Train C-index: 0.5722 | Val Loss: 4.1057 | Val C-index: 0.6622
Epoch 8/30 | Train Loss: 3.2408 | Train C-index: 0.6115 | Val Loss: 4.0894 | Val C-index: 0.6642
Epoch 9/30 | Train Loss: 3.2331 | Train C-index: 0.6131 | Val Loss: 4.0802 | Val C-index: 0.6689
Epoch 10/30 | Train Loss: 3.2387 | Train C-index: 0.6230 | Val Loss: 4.0816 | Val C-index: 0.6747
Epoch 11/30 | Train Loss: 3.2447 | Train C-index: 0.6100 | Val Loss: 4.0778 | Val C-index: 0.6760
Epoch 12/30 | Train Loss: 3.2331 | Train C-index: 0.6351 | Val Loss: 4.0868 | Val C-index: 0.6834
Epoch 13/30 | Train Loss: 3.2076 | Train C-index: 0.6658 | Val Loss: 4.0868 | Val C-index: 0.6892
Epoch 14/30 | Train Loss: 3.2022 | Train C-index: 0.6713 | Val Loss: 4.0606 | Val C-index: 0.6905
Epoch 15/30 | Train Loss: 3.2152 | Train C-index: 0.6503 | Val Loss: 4.0669 | Val C-index: 0.6929
Epoch 16/30 | Train Loss: 3.1614 | Train C-index: 0.6708 | Val Loss: 4.0603 | Val C-index: 0.6949
Epoch 17/30 | Train Loss: 3.1779 | Train C-index: 0.6810 | Val Loss: 4.0420 | Val C-index: 0.7027
Epoch 18/30 | Train Loss: 3.1730 | Train C-index: 0.6722 | Val Loss: 4.0344 | Val C-index: 0.7027
Epoch 19/30 | Train Loss: 3.1537 | Train C-index: 0.6565 | Val Loss: 4.1039 | Val C-index: 0.6709
Epoch 20/30 | Train Loss: 3.1575 | Train C-index: 0.6348 | Val Loss: 4.0295 | Val C-index: 0.7044
Epoch 21/30 | Train Loss: 3.1412 | Train C-index: 0.6933 | Val Loss: 4.0547 | Val C-index: 0.6949
Epoch 22/30 | Train Loss: 3.1624 | Train C-index: 0.6820 | Val Loss: 4.0682 | Val C-index: 0.6936
Epoch 23/30 | Train Loss: 3.1588 | Train C-index: 0.6758 | Val Loss: 4.0247 | Val C-index: 0.7148
Epoch 24/30 | Train Loss: 3.0855 | Train C-index: 0.6971 | Val Loss: 4.0259 | Val C-index: 0.7148
Epoch 25/30 | Train Loss: 3.1388 | Train C-index: 0.6885 | Val Loss: 4.0524 | Val C-index: 0.7010
Epoch 26/30 | Train Loss: 3.1192 | Train C-index: 0.6885 | Val Loss: 4.0189 | Val C-index: 0.7114
Epoch 27/30 | Train Loss: 3.0903 | Train C-index: 0.6848 | Val Loss: 4.0469 | Val C-index: 0.7050
Epoch 28/30 | Train Loss: 3.1169 | Train C-index: 0.6949 | Val Loss: 4.0155 | Val C-index: 0.7158
Epoch 29/30 | Train Loss: 3.1238 | Train C-index: 0.7052 | Val Loss: 4.0274 | Val C-index: 0.7104
Epoch 30/30 | Train Loss: 3.0988 | Train C-index: 0.7130 | Val Loss: 4.0336 | Val C-index: 0.7077
Fold 1 best C-index: 0.7158

Extra survival metrics:
cutoff_from_train_median: 1.060322
n_test: 113
n_high_risk: 52
n_low_risk: 61
n_event_test: 39
logrank_stat: 10.343196
logrank_p: 0.001300
auc_36m: 0.777062
auc_60m: 0.764436
HR_high_vs_low: 2.769103
HR_95CI_lower: 1.444662
HR_95CI_upper: 5.307768
cox_p: 0.002154

==================================================
Fold 3/5
==================================================
[ResNetCox] Loaded pretrained from /home/gly001/cqj/pa_ct_surv/model/ct_pretrain/resnet_18_23dataset.pth
  Missing keys (ok): ['fc.weight', 'fc.bias']
Epoch 1/30 | Train Loss: 3.3148 | Train C-index: 0.4911 | Val Loss: 4.3570 | Val C-index: 0.5190
Epoch 2/30 | Train Loss: 3.2945 | Train C-index: 0.4966 | Val Loss: 4.3532 | Val C-index: 0.5317
Epoch 3/30 | Train Loss: 3.2668 | Train C-index: 0.5298 | Val Loss: 4.3479 | Val C-index: 0.5440
Epoch 4/30 | Train Loss: 3.3518 | Train C-index: 0.5412 | Val Loss: 4.3415 | Val C-index: 0.5497
Epoch 5/30 | Train Loss: 3.2457 | Train C-index: 0.5597 | Val Loss: 4.3329 | Val C-index: 0.5526
Epoch 6/30 | Train Loss: 3.2333 | Train C-index: 0.5925 | Val Loss: 4.3248 | Val C-index: 0.5593
Epoch 7/30 | Train Loss: 3.3326 | Train C-index: 0.5971 | Val Loss: 4.3183 | Val C-index: 0.5637
Epoch 8/30 | Train Loss: 3.2175 | Train C-index: 0.5947 | Val Loss: 4.3132 | Val C-index: 0.5748
Epoch 9/30 | Train Loss: 3.2854 | Train C-index: 0.6177 | Val Loss: 4.3094 | Val C-index: 0.5802
Epoch 10/30 | Train Loss: 3.2844 | Train C-index: 0.6275 | Val Loss: 4.3091 | Val C-index: 0.5840
Epoch 11/30 | Train Loss: 3.3423 | Train C-index: 0.6246 | Val Loss: 4.3018 | Val C-index: 0.5932
Epoch 12/30 | Train Loss: 3.2028 | Train C-index: 0.6349 | Val Loss: 4.2953 | Val C-index: 0.6017
Epoch 13/30 | Train Loss: 3.2411 | Train C-index: 0.6565 | Val Loss: 4.2904 | Val C-index: 0.6128
Epoch 14/30 | Train Loss: 3.2616 | Train C-index: 0.6494 | Val Loss: 4.2905 | Val C-index: 0.6119
Epoch 15/30 | Train Loss: 3.1612 | Train C-index: 0.6571 | Val Loss: 4.2773 | Val C-index: 0.6277
Epoch 16/30 | Train Loss: 3.2141 | Train C-index: 0.6701 | Val Loss: 4.2700 | Val C-index: 0.6337
Epoch 17/30 | Train Loss: 3.1757 | Train C-index: 0.6533 | Val Loss: 4.2728 | Val C-index: 0.6340
Epoch 18/30 | Train Loss: 3.1620 | Train C-index: 0.6775 | Val Loss: 4.2584 | Val C-index: 0.6454
Epoch 19/30 | Train Loss: 3.1785 | Train C-index: 0.6790 | Val Loss: 4.2604 | Val C-index: 0.6473
Epoch 20/30 | Train Loss: 3.1900 | Train C-index: 0.6797 | Val Loss: 4.2562 | Val C-index: 0.6480
Epoch 21/30 | Train Loss: 3.1425 | Train C-index: 0.6579 | Val Loss: 4.2620 | Val C-index: 0.6429
Epoch 22/30 | Train Loss: 3.1201 | Train C-index: 0.6755 | Val Loss: 4.2916 | Val C-index: 0.6410
Epoch 23/30 | Train Loss: 3.1266 | Train C-index: 0.7017 | Val Loss: 4.2594 | Val C-index: 0.6340
Epoch 24/30 | Train Loss: 3.1718 | Train C-index: 0.6495 | Val Loss: 4.2694 | Val C-index: 0.6350
Epoch 25/30 | Train Loss: 3.0789 | Train C-index: 0.7016 | Val Loss: 4.2606 | Val C-index: 0.6407
Epoch 26/30 | Train Loss: 3.0797 | Train C-index: 0.7140 | Val Loss: 4.2667 | Val C-index: 0.6359
Epoch 27/30 | Train Loss: 3.0622 | Train C-index: 0.7183 | Val Loss: 4.2684 | Val C-index: 0.6388
Epoch 28/30 | Train Loss: 3.1540 | Train C-index: 0.7155 | Val Loss: 4.2677 | Val C-index: 0.6324
Epoch 29/30 | Train Loss: 3.0609 | Train C-index: 0.7100 | Val Loss: 4.2919 | Val C-index: 0.6340
Epoch 30/30 | Train Loss: 3.0570 | Train C-index: 0.7208 | Val Loss: 4.2814 | Val C-index: 0.6283
Early stopping at epoch 30
Fold 2 best C-index: 0.6480

Extra survival metrics:
cutoff_from_train_median: 1.354589
n_test: 112
n_high_risk: 58
n_low_risk: 54
n_event_test: 38
logrank_stat: 8.466716
logrank_p: 0.003617
auc_36m: 0.632097
auc_60m: 0.666266
HR_high_vs_low: 2.725214
HR_95CI_lower: 1.348991
HR_95CI_upper: 5.505444
cox_p: 0.005201

==================================================
Fold 4/5
==================================================
[ResNetCox] Loaded pretrained from /home/gly001/cqj/pa_ct_surv/model/ct_pretrain/resnet_18_23dataset.pth
  Missing keys (ok): ['fc.weight', 'fc.bias']
Epoch 1/30 | Train Loss: 3.3793 | Train C-index: 0.4521 | Val Loss: 4.3232 | Val C-index: 0.5205
Epoch 2/30 | Train Loss: 3.2735 | Train C-index: 0.5318 | Val Loss: 4.3224 | Val C-index: 0.5183
Epoch 3/30 | Train Loss: 3.3383 | Train C-index: 0.5215 | Val Loss: 4.3210 | Val C-index: 0.5224
Epoch 4/30 | Train Loss: 3.2526 | Train C-index: 0.5723 | Val Loss: 4.3187 | Val C-index: 0.5287
Epoch 5/30 | Train Loss: 3.2501 | Train C-index: 0.5787 | Val Loss: 4.3170 | Val C-index: 0.5293
Epoch 6/30 | Train Loss: 3.2513 | Train C-index: 0.5937 | Val Loss: 4.3166 | Val C-index: 0.5324
Epoch 7/30 | Train Loss: 3.2171 | Train C-index: 0.6125 | Val Loss: 4.3198 | Val C-index: 0.5378
Epoch 8/30 | Train Loss: 3.2190 | Train C-index: 0.6140 | Val Loss: 4.3250 | Val C-index: 0.5394
Epoch 9/30 | Train Loss: 3.1848 | Train C-index: 0.6381 | Val Loss: 4.3289 | Val C-index: 0.5416
Epoch 10/30 | Train Loss: 3.2664 | Train C-index: 0.6281 | Val Loss: 4.3211 | Val C-index: 0.5526
Epoch 11/30 | Train Loss: 3.2015 | Train C-index: 0.6363 | Val Loss: 4.3412 | Val C-index: 0.5453
Epoch 12/30 | Train Loss: 3.2646 | Train C-index: 0.6506 | Val Loss: 4.3206 | Val C-index: 0.5617
Epoch 13/30 | Train Loss: 3.1942 | Train C-index: 0.6661 | Val Loss: 4.3101 | Val C-index: 0.5668
Epoch 14/30 | Train Loss: 3.2118 | Train C-index: 0.6690 | Val Loss: 4.3106 | Val C-index: 0.5737
Epoch 15/30 | Train Loss: 3.1434 | Train C-index: 0.6787 | Val Loss: 4.2824 | Val C-index: 0.5926
Epoch 16/30 | Train Loss: 3.1323 | Train C-index: 0.6962 | Val Loss: 4.3020 | Val C-index: 0.5913
Epoch 17/30 | Train Loss: 3.1286 | Train C-index: 0.6781 | Val Loss: 4.2830 | Val C-index: 0.6036
Epoch 18/30 | Train Loss: 3.1288 | Train C-index: 0.6996 | Val Loss: 4.3283 | Val C-index: 0.5919
Epoch 19/30 | Train Loss: 3.1579 | Train C-index: 0.6998 | Val Loss: 4.3466 | Val C-index: 0.5910
Epoch 20/30 | Train Loss: 3.1757 | Train C-index: 0.6799 | Val Loss: 4.2627 | Val C-index: 0.6023
Epoch 21/30 | Train Loss: 3.1109 | Train C-index: 0.6685 | Val Loss: 4.3847 | Val C-index: 0.5838
Epoch 22/30 | Train Loss: 3.1776 | Train C-index: 0.7017 | Val Loss: 4.2660 | Val C-index: 0.5986
Epoch 23/30 | Train Loss: 3.1135 | Train C-index: 0.7040 | Val Loss: 4.3206 | Val C-index: 0.5976
Epoch 24/30 | Train Loss: 3.0819 | Train C-index: 0.7155 | Val Loss: 4.2797 | Val C-index: 0.5995
Epoch 25/30 | Train Loss: 3.0710 | Train C-index: 0.7153 | Val Loss: 4.3799 | Val C-index: 0.5963
Epoch 26/30 | Train Loss: 3.0823 | Train C-index: 0.7213 | Val Loss: 4.2896 | Val C-index: 0.6080
Epoch 27/30 | Train Loss: 3.1110 | Train C-index: 0.7250 | Val Loss: 4.3249 | Val C-index: 0.6061
Epoch 28/30 | Train Loss: 3.1555 | Train C-index: 0.7218 | Val Loss: 4.3385 | Val C-index: 0.6061
Epoch 29/30 | Train Loss: 3.0732 | Train C-index: 0.7228 | Val Loss: 4.2831 | Val C-index: 0.6067
Epoch 30/30 | Train Loss: 3.0496 | Train C-index: 0.7310 | Val Loss: 4.2992 | Val C-index: 0.6055
Fold 3 best C-index: 0.6080

Extra survival metrics:
cutoff_from_train_median: 0.635359
n_test: 112
n_high_risk: 60
n_low_risk: 52
n_event_test: 38
logrank_stat: 5.286779
logrank_p: 0.021488
auc_36m: 0.589220
auc_60m: 0.548926
HR_high_vs_low: 2.231401
HR_95CI_lower: 1.104299
HR_95CI_upper: 4.508877
cox_p: 0.025326

==================================================
Fold 5/5
==================================================
[ResNetCox] Loaded pretrained from /home/gly001/cqj/pa_ct_surv/model/ct_pretrain/resnet_18_23dataset.pth
  Missing keys (ok): ['fc.weight', 'fc.bias']
Epoch 1/30 | Train Loss: 3.4000 | Train C-index: 0.4849 | Val Loss: 4.2898 | Val C-index: 0.5299
Epoch 2/30 | Train Loss: 3.2818 | Train C-index: 0.5161 | Val Loss: 4.2853 | Val C-index: 0.5802
Epoch 3/30 | Train Loss: 3.3930 | Train C-index: 0.5241 | Val Loss: 4.2806 | Val C-index: 0.6149
Epoch 4/30 | Train Loss: 3.2609 | Train C-index: 0.5096 | Val Loss: 4.2762 | Val C-index: 0.6294
Epoch 5/30 | Train Loss: 3.3809 | Train C-index: 0.5200 | Val Loss: 4.2706 | Val C-index: 0.6403
Epoch 6/30 | Train Loss: 3.3278 | Train C-index: 0.5720 | Val Loss: 4.2598 | Val C-index: 0.6456
Epoch 7/30 | Train Loss: 3.3208 | Train C-index: 0.5755 | Val Loss: 4.2468 | Val C-index: 0.6502
Epoch 8/30 | Train Loss: 3.2783 | Train C-index: 0.6092 | Val Loss: 4.2348 | Val C-index: 0.6519
Epoch 9/30 | Train Loss: 3.2472 | Train C-index: 0.5708 | Val Loss: 4.2171 | Val C-index: 0.6569
Epoch 10/30 | Train Loss: 3.3306 | Train C-index: 0.5930 | Val Loss: 4.2033 | Val C-index: 0.6621
Epoch 11/30 | Train Loss: 3.2345 | Train C-index: 0.5847 | Val Loss: 4.2051 | Val C-index: 0.6638
Epoch 12/30 | Train Loss: 3.2128 | Train C-index: 0.6033 | Val Loss: 4.2003 | Val C-index: 0.6671
Epoch 13/30 | Train Loss: 3.2911 | Train C-index: 0.6038 | Val Loss: 4.1915 | Val C-index: 0.6740
Epoch 14/30 | Train Loss: 3.2734 | Train C-index: 0.5974 | Val Loss: 4.1783 | Val C-index: 0.6777
Epoch 15/30 | Train Loss: 3.2117 | Train C-index: 0.6213 | Val Loss: 4.1706 | Val C-index: 0.6793
Epoch 16/30 | Train Loss: 3.2150 | Train C-index: 0.6313 | Val Loss: 4.1683 | Val C-index: 0.6846
Epoch 17/30 | Train Loss: 3.2878 | Train C-index: 0.6280 | Val Loss: 4.1600 | Val C-index: 0.6889
Epoch 18/30 | Train Loss: 3.2583 | Train C-index: 0.6475 | Val Loss: 4.1412 | Val C-index: 0.6929
Epoch 19/30 | Train Loss: 3.1999 | Train C-index: 0.6431 | Val Loss: 4.1318 | Val C-index: 0.6939
Epoch 20/30 | Train Loss: 3.1937 | Train C-index: 0.6492 | Val Loss: 4.1399 | Val C-index: 0.6826
Epoch 21/30 | Train Loss: 3.2100 | Train C-index: 0.6564 | Val Loss: 4.0945 | Val C-index: 0.6965
Epoch 22/30 | Train Loss: 3.2254 | Train C-index: 0.6408 | Val Loss: 4.1276 | Val C-index: 0.6985
Epoch 23/30 | Train Loss: 3.3260 | Train C-index: 0.6494 | Val Loss: 4.1535 | Val C-index: 0.6932
Epoch 24/30 | Train Loss: 3.2183 | Train C-index: 0.6448 | Val Loss: 4.2231 | Val C-index: 0.6063
Epoch 25/30 | Train Loss: 3.2453 | Train C-index: 0.6874 | Val Loss: 4.1006 | Val C-index: 0.7068
Epoch 26/30 | Train Loss: 3.1505 | Train C-index: 0.6804 | Val Loss: 4.0810 | Val C-index: 0.7031
Epoch 27/30 | Train Loss: 3.2128 | Train C-index: 0.6860 | Val Loss: 4.0991 | Val C-index: 0.6836
Epoch 28/30 | Train Loss: 3.0961 | Train C-index: 0.7096 | Val Loss: 4.0861 | Val C-index: 0.6929
Epoch 29/30 | Train Loss: 3.3328 | Train C-index: 0.6878 | Val Loss: 4.1032 | Val C-index: 0.6926
Epoch 30/30 | Train Loss: 3.1629 | Train C-index: 0.6707 | Val Loss: 4.2004 | Val C-index: 0.6430
Fold 4 best C-index: 0.7068

Extra survival metrics:
cutoff_from_train_median: 1.004767
n_test: 112
n_high_risk: 52
n_low_risk: 60
n_event_test: 38
logrank_stat: 20.209056
logrank_p: 0.000007
auc_36m: 0.745441
auc_60m: 0.750909
HR_high_vs_low: 4.578937
HR_95CI_lower: 2.213811
HR_95CI_upper: 9.470848
cox_p: 0.000041

==================================================
5-Fold CV Summary
==================================================
  C-index mean: 0.6785
