Using Device: cuda | ROI: 64
Model: resnet18 | CT augmentation: disabled
LR: 0.0001 | Backbone LR: 1e-05 | Loss: Cox PH
Pretrained: /home/gly001/cqj/pa_ct_surv/model/ct_pretrain/resnet_18_23dataset.pth
Checkpoints: /home/gly001/cqj/pa_ct_surv/checkpoints/pact_v4/ct/roi64_resnet18_dropout0.5_epochs30_bs64_lr1e-4_blr1e-5_wd5e-4_seed42
Results: /home/gly001/cqj/pa_ct_surv/results/pact_v4/ct/roi64_resnet18_dropout0.5_epochs30_bs64_lr1e-4_blr1e-5_wd5e-4_seed42
Loaded 703 samples
Locked split: train=562, test=141
Test set is not accessed during CV

==================================================
Fold 1/5
==================================================
[ResNetCox] Loaded pretrained from /home/gly001/cqj/pa_ct_surv/model/ct_pretrain/resnet_18_23dataset.pth
  Missing keys (ok): ['fc.weight', 'fc.bias']
Epoch 1/30 | Train Loss: 3.2793 | Train C-index: 0.4510 | Val Loss: 4.3624 | Val C-index: 0.5148
Epoch 2/30 | Train Loss: 3.2661 | Train C-index: 0.4705 | Val Loss: 4.3568 | Val C-index: 0.5986
Epoch 3/30 | Train Loss: 3.2379 | Train C-index: 0.5131 | Val Loss: 4.3505 | Val C-index: 0.6136
Epoch 4/30 | Train Loss: 3.2438 | Train C-index: 0.5144 | Val Loss: 4.3422 | Val C-index: 0.6183
Epoch 5/30 | Train Loss: 3.2436 | Train C-index: 0.5172 | Val Loss: 4.3294 | Val C-index: 0.6180
Epoch 6/30 | Train Loss: 3.2424 | Train C-index: 0.5442 | Val Loss: 4.3103 | Val C-index: 0.6212
Epoch 7/30 | Train Loss: 3.1697 | Train C-index: 0.6035 | Val Loss: 4.2864 | Val C-index: 0.6266
Epoch 8/30 | Train Loss: 3.1686 | Train C-index: 0.6087 | Val Loss: 4.2728 | Val C-index: 0.6346
Epoch 9/30 | Train Loss: 3.2107 | Train C-index: 0.5938 | Val Loss: 4.2533 | Val C-index: 0.6371
Epoch 10/30 | Train Loss: 3.1703 | Train C-index: 0.6299 | Val Loss: 4.2453 | Val C-index: 0.6480
Epoch 11/30 | Train Loss: 3.1494 | Train C-index: 0.6316 | Val Loss: 4.2369 | Val C-index: 0.6556
Epoch 12/30 | Train Loss: 3.1404 | Train C-index: 0.6357 | Val Loss: 4.2252 | Val C-index: 0.6649
Epoch 13/30 | Train Loss: 3.1437 | Train C-index: 0.6490 | Val Loss: 4.2159 | Val C-index: 0.6741
Epoch 14/30 | Train Loss: 3.1443 | Train C-index: 0.6490 | Val Loss: 4.2245 | Val C-index: 0.6802
Epoch 15/30 | Train Loss: 3.1324 | Train C-index: 0.6651 | Val Loss: 4.1947 | Val C-index: 0.6849
Epoch 16/30 | Train Loss: 3.1307 | Train C-index: 0.6571 | Val Loss: 4.1792 | Val C-index: 0.6916
Epoch 17/30 | Train Loss: 3.1151 | Train C-index: 0.6656 | Val Loss: 4.1728 | Val C-index: 0.6926
Epoch 18/30 | Train Loss: 3.1069 | Train C-index: 0.6843 | Val Loss: 4.1459 | Val C-index: 0.6983
Epoch 19/30 | Train Loss: 3.0838 | Train C-index: 0.6910 | Val Loss: 4.1565 | Val C-index: 0.6954
Epoch 20/30 | Train Loss: 3.0711 | Train C-index: 0.6977 | Val Loss: 4.1278 | Val C-index: 0.6986
Epoch 21/30 | Train Loss: 3.0805 | Train C-index: 0.6926 | Val Loss: 4.1401 | Val C-index: 0.6939
Epoch 22/30 | Train Loss: 3.0642 | Train C-index: 0.6847 | Val Loss: 4.1018 | Val C-index: 0.7095
Epoch 23/30 | Train Loss: 3.0386 | Train C-index: 0.7120 | Val Loss: 4.1382 | Val C-index: 0.6935
Epoch 24/30 | Train Loss: 3.0558 | Train C-index: 0.7107 | Val Loss: 4.0973 | Val C-index: 0.7111
Epoch 25/30 | Train Loss: 3.0570 | Train C-index: 0.7004 | Val Loss: 4.1302 | Val C-index: 0.6961
Epoch 26/30 | Train Loss: 3.0512 | Train C-index: 0.7129 | Val Loss: 4.0889 | Val C-index: 0.7072
Epoch 27/30 | Train Loss: 3.0832 | Train C-index: 0.6915 | Val Loss: 4.1474 | Val C-index: 0.6910
Epoch 28/30 | Train Loss: 3.0539 | Train C-index: 0.7180 | Val Loss: 4.0907 | Val C-index: 0.7155
Epoch 29/30 | Train Loss: 3.0474 | Train C-index: 0.7041 | Val Loss: 4.1412 | Val C-index: 0.7009
Epoch 30/30 | Train Loss: 3.0429 | Train C-index: 0.7110 | Val Loss: 4.0866 | Val C-index: 0.7155
Fold 0 best C-index: 0.7155

Extra survival metrics:
cutoff_from_train_median: -0.238439
n_test: 113
n_high_risk: 53
n_low_risk: 60
n_event_test: 38
logrank_stat: 13.404836
logrank_p: 0.000251
auc_36m: 0.742197
auc_60m: 0.751312
HR_high_vs_low: 3.350170
HR_95CI_lower: 1.685575
HR_95CI_upper: 6.658643
cox_p: 0.000561

==================================================
Fold 2/5
==================================================
[ResNetCox] Loaded pretrained from /home/gly001/cqj/pa_ct_surv/model/ct_pretrain/resnet_18_23dataset.pth
  Missing keys (ok): ['fc.weight', 'fc.bias']
Epoch 1/30 | Train Loss: 3.2870 | Train C-index: 0.5247 | Val Loss: 4.2437 | Val C-index: 0.4867
Epoch 2/30 | Train Loss: 3.2693 | Train C-index: 0.5248 | Val Loss: 4.2394 | Val C-index: 0.6180
Epoch 3/30 | Train Loss: 3.2616 | Train C-index: 0.5251 | Val Loss: 4.2362 | Val C-index: 0.6335
Epoch 4/30 | Train Loss: 3.2715 | Train C-index: 0.4960 | Val Loss: 4.2309 | Val C-index: 0.6371
Epoch 5/30 | Train Loss: 3.2243 | Train C-index: 0.5645 | Val Loss: 4.2252 | Val C-index: 0.6394
Epoch 6/30 | Train Loss: 3.2129 | Train C-index: 0.5481 | Val Loss: 4.2150 | Val C-index: 0.6431
Epoch 7/30 | Train Loss: 3.2104 | Train C-index: 0.6119 | Val Loss: 4.1989 | Val C-index: 0.6424
Epoch 8/30 | Train Loss: 3.2482 | Train C-index: 0.5483 | Val Loss: 4.1801 | Val C-index: 0.6414
Epoch 9/30 | Train Loss: 3.1983 | Train C-index: 0.6239 | Val Loss: 4.1626 | Val C-index: 0.6434
Epoch 10/30 | Train Loss: 3.2033 | Train C-index: 0.6199 | Val Loss: 4.1524 | Val C-index: 0.6490
Epoch 11/30 | Train Loss: 3.2495 | Train C-index: 0.6004 | Val Loss: 4.1406 | Val C-index: 0.6559
Epoch 12/30 | Train Loss: 3.1674 | Train C-index: 0.6505 | Val Loss: 4.1333 | Val C-index: 0.6655
Epoch 13/30 | Train Loss: 3.2030 | Train C-index: 0.6250 | Val Loss: 4.1297 | Val C-index: 0.6720
Epoch 14/30 | Train Loss: 3.1487 | Train C-index: 0.6510 | Val Loss: 4.1186 | Val C-index: 0.6799
Epoch 15/30 | Train Loss: 3.1503 | Train C-index: 0.6472 | Val Loss: 4.1128 | Val C-index: 0.6790
Epoch 16/30 | Train Loss: 3.1855 | Train C-index: 0.6540 | Val Loss: 4.1049 | Val C-index: 0.6994
Epoch 17/30 | Train Loss: 3.1259 | Train C-index: 0.6656 | Val Loss: 4.0963 | Val C-index: 0.6941
Epoch 18/30 | Train Loss: 3.1539 | Train C-index: 0.6720 | Val Loss: 4.0912 | Val C-index: 0.6967
Epoch 19/30 | Train Loss: 3.0999 | Train C-index: 0.6754 | Val Loss: 4.0887 | Val C-index: 0.7122
Epoch 20/30 | Train Loss: 3.1225 | Train C-index: 0.6560 | Val Loss: 4.0829 | Val C-index: 0.7063
Epoch 21/30 | Train Loss: 3.1100 | Train C-index: 0.6833 | Val Loss: 4.0650 | Val C-index: 0.7208
Epoch 22/30 | Train Loss: 3.1053 | Train C-index: 0.6663 | Val Loss: 4.0644 | Val C-index: 0.7270
Epoch 23/30 | Train Loss: 3.1012 | Train C-index: 0.6876 | Val Loss: 4.0706 | Val C-index: 0.7181
Epoch 24/30 | Train Loss: 3.0701 | Train C-index: 0.7091 | Val Loss: 4.0569 | Val C-index: 0.7267
Epoch 25/30 | Train Loss: 3.0645 | Train C-index: 0.6930 | Val Loss: 4.0578 | Val C-index: 0.7204
Epoch 26/30 | Train Loss: 3.0681 | Train C-index: 0.6961 | Val Loss: 4.0434 | Val C-index: 0.7264
Epoch 27/30 | Train Loss: 3.0711 | Train C-index: 0.7042 | Val Loss: 4.0416 | Val C-index: 0.7333
Epoch 28/30 | Train Loss: 3.1066 | Train C-index: 0.6975 | Val Loss: 4.0396 | Val C-index: 0.7290
Epoch 29/30 | Train Loss: 3.0966 | Train C-index: 0.6979 | Val Loss: 4.0359 | Val C-index: 0.7251
Epoch 30/30 | Train Loss: 3.0633 | Train C-index: 0.7048 | Val Loss: 4.0292 | Val C-index: 0.7300
Fold 1 best C-index: 0.7333

Extra survival metrics:
cutoff_from_train_median: 0.009370
n_test: 113
n_high_risk: 50
n_low_risk: 63
n_event_test: 39
logrank_stat: 17.021277
logrank_p: 0.000037
auc_36m: 0.761498
auc_60m: 0.739594
HR_high_vs_low: 3.807008
HR_95CI_lower: 1.924559
HR_95CI_upper: 7.530715
cox_p: 0.000123

==================================================
Fold 3/5
==================================================
[ResNetCox] Loaded pretrained from /home/gly001/cqj/pa_ct_surv/model/ct_pretrain/resnet_18_23dataset.pth
  Missing keys (ok): ['fc.weight', 'fc.bias']
Epoch 1/30 | Train Loss: 3.3264 | Train C-index: 0.5201 | Val Loss: 4.2297 | Val C-index: 0.5010
Epoch 2/30 | Train Loss: 3.3533 | Train C-index: 0.4929 | Val Loss: 4.2236 | Val C-index: 0.6725
Epoch 3/30 | Train Loss: 3.2470 | Train C-index: 0.5332 | Val Loss: 4.2177 | Val C-index: 0.6817
Epoch 4/30 | Train Loss: 3.3731 | Train C-index: 0.4892 | Val Loss: 4.2092 | Val C-index: 0.6807
Epoch 5/30 | Train Loss: 3.3553 | Train C-index: 0.5240 | Val Loss: 4.1990 | Val C-index: 0.6776
Epoch 6/30 | Train Loss: 3.3439 | Train C-index: 0.5103 | Val Loss: 4.1925 | Val C-index: 0.6722
Epoch 7/30 | Train Loss: 3.3558 | Train C-index: 0.5273 | Val Loss: 4.1709 | Val C-index: 0.6814
Epoch 8/30 | Train Loss: 3.2999 | Train C-index: 0.5638 | Val Loss: 4.1439 | Val C-index: 0.6888
Epoch 9/30 | Train Loss: 3.2593 | Train C-index: 0.5825 | Val Loss: 4.1095 | Val C-index: 0.6847
Epoch 10/30 | Train Loss: 3.2040 | Train C-index: 0.6120 | Val Loss: 4.0922 | Val C-index: 0.6888
Epoch 11/30 | Train Loss: 3.2092 | Train C-index: 0.6277 | Val Loss: 4.0993 | Val C-index: 0.6980
Epoch 12/30 | Train Loss: 3.2077 | Train C-index: 0.6027 | Val Loss: 4.0942 | Val C-index: 0.7017
Epoch 13/30 | Train Loss: 3.1615 | Train C-index: 0.6514 | Val Loss: 4.0730 | Val C-index: 0.6990
Epoch 14/30 | Train Loss: 3.1228 | Train C-index: 0.6787 | Val Loss: 4.0590 | Val C-index: 0.6966
Epoch 15/30 | Train Loss: 3.1481 | Train C-index: 0.6645 | Val Loss: 4.0606 | Val C-index: 0.6912
Epoch 16/30 | Train Loss: 3.1462 | Train C-index: 0.6852 | Val Loss: 4.0614 | Val C-index: 0.6878
Epoch 17/30 | Train Loss: 3.1267 | Train C-index: 0.6762 | Val Loss: 4.0679 | Val C-index: 0.6875
Epoch 18/30 | Train Loss: 3.1306 | Train C-index: 0.6998 | Val Loss: 4.0825 | Val C-index: 0.6915
Epoch 19/30 | Train Loss: 3.0717 | Train C-index: 0.6969 | Val Loss: 4.0824 | Val C-index: 0.6797
Epoch 20/30 | Train Loss: 3.1539 | Train C-index: 0.6933 | Val Loss: 4.0963 | Val C-index: 0.6858
Epoch 21/30 | Train Loss: 3.2105 | Train C-index: 0.7018 | Val Loss: 4.0923 | Val C-index: 0.7027
Epoch 22/30 | Train Loss: 3.1539 | Train C-index: 0.6752 | Val Loss: 4.0937 | Val C-index: 0.7047
Epoch 23/30 | Train Loss: 3.1097 | Train C-index: 0.6980 | Val Loss: 4.0523 | Val C-index: 0.7007
Epoch 24/30 | Train Loss: 3.0562 | Train C-index: 0.7207 | Val Loss: 4.0336 | Val C-index: 0.7122
Epoch 25/30 | Train Loss: 3.1283 | Train C-index: 0.6921 | Val Loss: 4.0519 | Val C-index: 0.7129
Epoch 26/30 | Train Loss: 3.0874 | Train C-index: 0.6993 | Val Loss: 4.0823 | Val C-index: 0.6980
Epoch 27/30 | Train Loss: 3.0413 | Train C-index: 0.7222 | Val Loss: 4.0812 | Val C-index: 0.7010
Epoch 28/30 | Train Loss: 3.0506 | Train C-index: 0.7252 | Val Loss: 4.0706 | Val C-index: 0.7058
Epoch 29/30 | Train Loss: 3.0198 | Train C-index: 0.7351 | Val Loss: 4.0647 | Val C-index: 0.7054
Epoch 30/30 | Train Loss: 3.0964 | Train C-index: 0.7208 | Val Loss: 4.0701 | Val C-index: 0.7136
Fold 2 best C-index: 0.7136

Extra survival metrics:
cutoff_from_train_median: -0.065145
n_test: 112
n_high_risk: 57
n_low_risk: 55
n_event_test: 38
logrank_stat: 18.442405
logrank_p: 0.000018
auc_36m: 0.716440
auc_60m: 0.769632
HR_high_vs_low: 4.747033
HR_95CI_lower: 2.169982
HR_95CI_upper: 10.384566
cox_p: 0.000096

==================================================
Fold 4/5
==================================================
[ResNetCox] Loaded pretrained from /home/gly001/cqj/pa_ct_surv/model/ct_pretrain/resnet_18_23dataset.pth
  Missing keys (ok): ['fc.weight', 'fc.bias']
Epoch 1/30 | Train Loss: 3.2948 | Train C-index: 0.5037 | Val Loss: 4.2344 | Val C-index: 0.6223
Epoch 2/30 | Train Loss: 3.2759 | Train C-index: 0.4852 | Val Loss: 4.2316 | Val C-index: 0.6474
Epoch 3/30 | Train Loss: 3.2575 | Train C-index: 0.5107 | Val Loss: 4.2288 | Val C-index: 0.6528
Epoch 4/30 | Train Loss: 3.3227 | Train C-index: 0.4635 | Val Loss: 4.2234 | Val C-index: 0.6587
Epoch 5/30 | Train Loss: 3.2597 | Train C-index: 0.5232 | Val Loss: 4.2169 | Val C-index: 0.6653
Epoch 6/30 | Train Loss: 3.2524 | Train C-index: 0.5155 | Val Loss: 4.2067 | Val C-index: 0.6660
Epoch 7/30 | Train Loss: 3.2276 | Train C-index: 0.5821 | Val Loss: 4.1930 | Val C-index: 0.6650
Epoch 8/30 | Train Loss: 3.2059 | Train C-index: 0.5834 | Val Loss: 4.1753 | Val C-index: 0.6673
Epoch 9/30 | Train Loss: 3.2207 | Train C-index: 0.5911 | Val Loss: 4.1717 | Val C-index: 0.6683
Epoch 10/30 | Train Loss: 3.1713 | Train C-index: 0.6453 | Val Loss: 4.1702 | Val C-index: 0.6713
Epoch 11/30 | Train Loss: 3.2311 | Train C-index: 0.6442 | Val Loss: 4.1507 | Val C-index: 0.6726
Epoch 12/30 | Train Loss: 3.1808 | Train C-index: 0.6300 | Val Loss: 4.1463 | Val C-index: 0.6779
Epoch 13/30 | Train Loss: 3.1510 | Train C-index: 0.6771 | Val Loss: 4.1341 | Val C-index: 0.6779
Epoch 14/30 | Train Loss: 3.1902 | Train C-index: 0.6719 | Val Loss: 4.1354 | Val C-index: 0.6793
Epoch 15/30 | Train Loss: 3.1501 | Train C-index: 0.6823 | Val Loss: 4.1162 | Val C-index: 0.6862
Epoch 16/30 | Train Loss: 3.1523 | Train C-index: 0.6971 | Val Loss: 4.1109 | Val C-index: 0.6849
Epoch 17/30 | Train Loss: 3.2005 | Train C-index: 0.6902 | Val Loss: 4.1248 | Val C-index: 0.6856
Epoch 18/30 | Train Loss: 3.0874 | Train C-index: 0.6957 | Val Loss: 4.1256 | Val C-index: 0.6793
Epoch 19/30 | Train Loss: 3.1052 | Train C-index: 0.6900 | Val Loss: 4.1255 | Val C-index: 0.6836
Epoch 20/30 | Train Loss: 3.1055 | Train C-index: 0.6884 | Val Loss: 4.1147 | Val C-index: 0.6852
Epoch 21/30 | Train Loss: 3.0539 | Train C-index: 0.7082 | Val Loss: 4.1153 | Val C-index: 0.6822
Epoch 22/30 | Train Loss: 3.2262 | Train C-index: 0.7074 | Val Loss: 4.1121 | Val C-index: 0.6809
Epoch 23/30 | Train Loss: 3.1447 | Train C-index: 0.6973 | Val Loss: 4.1293 | Val C-index: 0.6541
Epoch 24/30 | Train Loss: 3.1317 | Train C-index: 0.7048 | Val Loss: 4.1369 | Val C-index: 0.6865
Epoch 25/30 | Train Loss: 3.1254 | Train C-index: 0.7102 | Val Loss: 4.1251 | Val C-index: 0.6842
Epoch 26/30 | Train Loss: 3.0908 | Train C-index: 0.7028 | Val Loss: 4.1245 | Val C-index: 0.6806
Epoch 27/30 | Train Loss: 3.1677 | Train C-index: 0.7203 | Val Loss: 4.1325 | Val C-index: 0.6852
Epoch 28/30 | Train Loss: 3.0676 | Train C-index: 0.6928 | Val Loss: 4.1177 | Val C-index: 0.6783
Epoch 29/30 | Train Loss: 3.0771 | Train C-index: 0.7103 | Val Loss: 4.1469 | Val C-index: 0.6869
Epoch 30/30 | Train Loss: 3.0824 | Train C-index: 0.6927 | Val Loss: 4.1383 | Val C-index: 0.6872
Fold 3 best C-index: 0.6872

Extra survival metrics:
cutoff_from_train_median: -1.336220
n_test: 112
n_high_risk: 53
n_low_risk: 59
n_event_test: 38
logrank_stat: 7.267704
logrank_p: 0.007021
auc_36m: 0.697695
auc_60m: 0.675869
HR_high_vs_low: 2.448123
HR_95CI_lower: 1.249703
HR_95CI_upper: 4.795782
cox_p: 0.009062

==================================================
Fold 5/5
==================================================
[ResNetCox] Loaded pretrained from /home/gly001/cqj/pa_ct_surv/model/ct_pretrain/resnet_18_23dataset.pth
  Missing keys (ok): ['fc.weight', 'fc.bias']
Epoch 1/30 | Train Loss: 3.4009 | Train C-index: 0.4804 | Val Loss: 4.2706 | Val C-index: 0.4955
Epoch 2/30 | Train Loss: 3.2569 | Train C-index: 0.5201 | Val Loss: 4.2687 | Val C-index: 0.5274
Epoch 3/30 | Train Loss: 3.3369 | Train C-index: 0.5257 | Val Loss: 4.2660 | Val C-index: 0.5338
Epoch 4/30 | Train Loss: 3.2367 | Train C-index: 0.5352 | Val Loss: 4.2620 | Val C-index: 0.5422
Epoch 5/30 | Train Loss: 3.2499 | Train C-index: 0.5362 | Val Loss: 4.2566 | Val C-index: 0.5472
Epoch 6/30 | Train Loss: 3.2166 | Train C-index: 0.6050 | Val Loss: 4.2502 | Val C-index: 0.5503
Epoch 7/30 | Train Loss: 3.1746 | Train C-index: 0.6274 | Val Loss: 4.2457 | Val C-index: 0.5519
Epoch 8/30 | Train Loss: 3.1764 | Train C-index: 0.6162 | Val Loss: 4.2565 | Val C-index: 0.5536
Epoch 9/30 | Train Loss: 3.1747 | Train C-index: 0.6390 | Val Loss: 4.2626 | Val C-index: 0.5661
Epoch 10/30 | Train Loss: 3.2381 | Train C-index: 0.6386 | Val Loss: 4.2393 | Val C-index: 0.5778
Epoch 11/30 | Train Loss: 3.2360 | Train C-index: 0.6650 | Val Loss: 4.2359 | Val C-index: 0.5835
Epoch 12/30 | Train Loss: 3.2089 | Train C-index: 0.6530 | Val Loss: 4.2429 | Val C-index: 0.5866
Epoch 13/30 | Train Loss: 3.1487 | Train C-index: 0.6642 | Val Loss: 4.2219 | Val C-index: 0.5963
Epoch 14/30 | Train Loss: 3.1222 | Train C-index: 0.6668 | Val Loss: 4.2554 | Val C-index: 0.5980
Epoch 15/30 | Train Loss: 3.2345 | Train C-index: 0.6811 | Val Loss: 4.2178 | Val C-index: 0.6087
Epoch 16/30 | Train Loss: 3.1180 | Train C-index: 0.6826 | Val Loss: 4.1970 | Val C-index: 0.6148
Epoch 17/30 | Train Loss: 3.0836 | Train C-index: 0.6883 | Val Loss: 4.3006 | Val C-index: 0.6101
Epoch 18/30 | Train Loss: 3.1116 | Train C-index: 0.7113 | Val Loss: 4.2400 | Val C-index: 0.6235
Epoch 19/30 | Train Loss: 3.0768 | Train C-index: 0.7086 | Val Loss: 4.1930 | Val C-index: 0.6279
Epoch 20/30 | Train Loss: 3.0561 | Train C-index: 0.7152 | Val Loss: 4.2799 | Val C-index: 0.6303
Epoch 21/30 | Train Loss: 3.1634 | Train C-index: 0.7170 | Val Loss: 4.2037 | Val C-index: 0.6440
Epoch 22/30 | Train Loss: 3.0667 | Train C-index: 0.7077 | Val Loss: 4.2472 | Val C-index: 0.6336
Epoch 23/30 | Train Loss: 3.1315 | Train C-index: 0.7221 | Val Loss: 4.1996 | Val C-index: 0.6534
Epoch 24/30 | Train Loss: 3.0467 | Train C-index: 0.7200 | Val Loss: 4.2084 | Val C-index: 0.6511
Epoch 25/30 | Train Loss: 3.0433 | Train C-index: 0.7240 | Val Loss: 4.1895 | Val C-index: 0.6565
Epoch 26/30 | Train Loss: 3.0809 | Train C-index: 0.7162 | Val Loss: 4.2154 | Val C-index: 0.6558
Epoch 27/30 | Train Loss: 2.9877 | Train C-index: 0.7391 | Val Loss: 4.2194 | Val C-index: 0.6531
Epoch 28/30 | Train Loss: 2.9893 | Train C-index: 0.7270 | Val Loss: 4.2260 | Val C-index: 0.6561
Epoch 29/30 | Train Loss: 3.0551 | Train C-index: 0.7285 | Val Loss: 4.2522 | Val C-index: 0.6497
Epoch 30/30 | Train Loss: 3.0456 | Train C-index: 0.7446 | Val Loss: 4.1945 | Val C-index: 0.6588
Fold 4 best C-index: 0.6588

Extra survival metrics:
cutoff_from_train_median: 0.527353
n_test: 112
n_high_risk: 71
n_low_risk: 41
n_event_test: 38
logrank_stat: 6.608151
logrank_p: 0.010151
auc_36m: 0.706919
auc_60m: 0.633632
HR_high_vs_low: 2.677856
HR_95CI_lower: 1.225332
HR_95CI_upper: 5.852220
cox_p: 0.013534

==================================================
5-Fold CV Summary
==================================================
  C-index mean: 0.7017
