Using Device: cuda | ROI: 64
Model: resnet18 | CT augmentation: disabled
LR: 0.0001 | Backbone LR: 0.0001 | Loss: Cox PH
Pretrained: /home/gly001/cqj/pa_ct_surv/model/ct_pretrain/resnet_18_23dataset.pth
Checkpoints: /home/gly001/cqj/pa_ct_surv/checkpoints/pact_v4/ct/roi64_resnet18_dropout0.0_epochs30_bs64_lr1e-4_blr1e-4_wd5e-4_seed42
Results: /home/gly001/cqj/pa_ct_surv/results/pact_v4/ct/roi64_resnet18_dropout0.0_epochs30_bs64_lr1e-4_blr1e-4_wd5e-4_seed42
Loaded 703 samples
Locked split: train=562, test=141
Test set is not accessed during CV

==================================================
Fold 1/5
==================================================
[ResNetCox] Loaded pretrained from /home/gly001/cqj/pa_ct_surv/model/ct_pretrain/resnet_18_23dataset.pth
  Missing keys (ok): ['fc.weight', 'fc.bias']
Epoch 1/30 | Train Loss: 3.1960 | Train C-index: 0.5765 | Val Loss: 4.3753 | Val C-index: 0.4176
Epoch 2/30 | Train Loss: 3.1984 | Train C-index: 0.5512 | Val Loss: 4.2583 | Val C-index: 0.6378
Epoch 3/30 | Train Loss: 3.1599 | Train C-index: 0.6422 | Val Loss: 4.2138 | Val C-index: 0.6658
Epoch 4/30 | Train Loss: 3.1149 | Train C-index: 0.6451 | Val Loss: 4.2048 | Val C-index: 0.6722
Epoch 5/30 | Train Loss: 3.0984 | Train C-index: 0.5963 | Val Loss: 4.1799 | Val C-index: 0.6846
Epoch 6/30 | Train Loss: 3.0975 | Train C-index: 0.6468 | Val Loss: 4.1052 | Val C-index: 0.6989
Epoch 7/30 | Train Loss: 3.0875 | Train C-index: 0.6447 | Val Loss: 4.1840 | Val C-index: 0.6821
Epoch 8/30 | Train Loss: 3.1016 | Train C-index: 0.6023 | Val Loss: 4.1403 | Val C-index: 0.6926
Epoch 9/30 | Train Loss: 3.0812 | Train C-index: 0.6823 | Val Loss: 4.1891 | Val C-index: 0.6865
Epoch 10/30 | Train Loss: 3.0959 | Train C-index: 0.6040 | Val Loss: 4.1504 | Val C-index: 0.6970
Epoch 11/30 | Train Loss: 3.0253 | Train C-index: 0.7125 | Val Loss: 4.1761 | Val C-index: 0.6993
Epoch 12/30 | Train Loss: 3.0318 | Train C-index: 0.6748 | Val Loss: 4.1664 | Val C-index: 0.6967
Epoch 13/30 | Train Loss: 3.0511 | Train C-index: 0.6838 | Val Loss: 4.1493 | Val C-index: 0.6967
Epoch 14/30 | Train Loss: 3.0171 | Train C-index: 0.7149 | Val Loss: 4.1587 | Val C-index: 0.6932
Epoch 15/30 | Train Loss: 3.0463 | Train C-index: 0.6936 | Val Loss: 4.1659 | Val C-index: 0.6977
Epoch 16/30 | Train Loss: 3.0312 | Train C-index: 0.6738 | Val Loss: 4.1430 | Val C-index: 0.6954
Epoch 17/30 | Train Loss: 3.0028 | Train C-index: 0.7161 | Val Loss: 4.1453 | Val C-index: 0.6932
Epoch 18/30 | Train Loss: 3.0143 | Train C-index: 0.7269 | Val Loss: 4.1548 | Val C-index: 0.6983
Epoch 19/30 | Train Loss: 3.0129 | Train C-index: 0.7180 | Val Loss: 4.1604 | Val C-index: 0.6913
Epoch 20/30 | Train Loss: 3.0132 | Train C-index: 0.7043 | Val Loss: 4.1480 | Val C-index: 0.6961
Epoch 21/30 | Train Loss: 2.9942 | Train C-index: 0.7301 | Val Loss: 4.1445 | Val C-index: 0.7009
Epoch 22/30 | Train Loss: 3.0026 | Train C-index: 0.6959 | Val Loss: 4.1236 | Val C-index: 0.7069
Epoch 23/30 | Train Loss: 2.9635 | Train C-index: 0.7354 | Val Loss: 4.1451 | Val C-index: 0.7069
Epoch 24/30 | Train Loss: 3.0221 | Train C-index: 0.6524 | Val Loss: 4.1465 | Val C-index: 0.7021
Epoch 25/30 | Train Loss: 2.9900 | Train C-index: 0.7269 | Val Loss: 4.1795 | Val C-index: 0.7044
Epoch 26/30 | Train Loss: 3.0150 | Train C-index: 0.7206 | Val Loss: 4.1806 | Val C-index: 0.6980
Epoch 27/30 | Train Loss: 2.9838 | Train C-index: 0.7369 | Val Loss: 4.1438 | Val C-index: 0.7063
Epoch 28/30 | Train Loss: 2.9919 | Train C-index: 0.7324 | Val Loss: 4.1761 | Val C-index: 0.6942
Epoch 29/30 | Train Loss: 2.9823 | Train C-index: 0.7030 | Val Loss: 4.2086 | Val C-index: 0.6878
Epoch 30/30 | Train Loss: 2.9717 | Train C-index: 0.7351 | Val Loss: 4.1633 | Val C-index: 0.7085
Fold 0 best C-index: 0.7085

Extra survival metrics:
cutoff_from_train_median: 2.171979
n_test: 113
n_high_risk: 51
n_low_risk: 62
n_event_test: 38
logrank_stat: 18.194204
logrank_p: 0.000020
auc_36m: 0.731794
auc_60m: 0.752160
HR_high_vs_low: 4.126957
HR_95CI_lower: 2.038419
HR_95CI_upper: 8.355382
cox_p: 0.000082

==================================================
Fold 2/5
==================================================
[ResNetCox] Loaded pretrained from /home/gly001/cqj/pa_ct_surv/model/ct_pretrain/resnet_18_23dataset.pth
  Missing keys (ok): ['fc.weight', 'fc.bias']
Epoch 1/30 | Train Loss: 3.2141 | Train C-index: 0.5031 | Val Loss: 4.1485 | Val C-index: 0.6671
Epoch 2/30 | Train Loss: 3.2075 | Train C-index: 0.6189 | Val Loss: 4.1093 | Val C-index: 0.6829
Epoch 3/30 | Train Loss: 3.1461 | Train C-index: 0.6607 | Val Loss: 4.0915 | Val C-index: 0.7066
Epoch 4/30 | Train Loss: 3.1394 | Train C-index: 0.6335 | Val Loss: 4.1007 | Val C-index: 0.7165
Epoch 5/30 | Train Loss: 3.1077 | Train C-index: 0.6857 | Val Loss: 4.2174 | Val C-index: 0.6915
Epoch 6/30 | Train Loss: 3.1417 | Train C-index: 0.6639 | Val Loss: 4.1103 | Val C-index: 0.7310
Epoch 7/30 | Train Loss: 3.1435 | Train C-index: 0.7017 | Val Loss: 4.0287 | Val C-index: 0.7284
Epoch 8/30 | Train Loss: 3.0660 | Train C-index: 0.6762 | Val Loss: 4.0257 | Val C-index: 0.7481
Epoch 9/30 | Train Loss: 3.1129 | Train C-index: 0.6283 | Val Loss: 4.1668 | Val C-index: 0.6852
Epoch 10/30 | Train Loss: 3.1091 | Train C-index: 0.6730 | Val Loss: 4.1784 | Val C-index: 0.6635
Epoch 11/30 | Train Loss: 3.1515 | Train C-index: 0.6859 | Val Loss: 4.3372 | Val C-index: 0.6819
Epoch 12/30 | Train Loss: 3.1191 | Train C-index: 0.6727 | Val Loss: 4.1565 | Val C-index: 0.6582
Epoch 13/30 | Train Loss: 3.1269 | Train C-index: 0.6307 | Val Loss: 4.0251 | Val C-index: 0.7297
Epoch 14/30 | Train Loss: 3.0847 | Train C-index: 0.6816 | Val Loss: 4.0485 | Val C-index: 0.7554
Epoch 15/30 | Train Loss: 3.0831 | Train C-index: 0.7080 | Val Loss: 4.0174 | Val C-index: 0.7461
Epoch 16/30 | Train Loss: 3.0787 | Train C-index: 0.6327 | Val Loss: 3.9888 | Val C-index: 0.7540
Epoch 17/30 | Train Loss: 3.0820 | Train C-index: 0.7093 | Val Loss: 4.1301 | Val C-index: 0.7017
Epoch 18/30 | Train Loss: 3.0635 | Train C-index: 0.7152 | Val Loss: 4.0804 | Val C-index: 0.7135
Epoch 19/30 | Train Loss: 3.0294 | Train C-index: 0.7130 | Val Loss: 4.0642 | Val C-index: 0.7307
Epoch 20/30 | Train Loss: 3.0472 | Train C-index: 0.7085 | Val Loss: 4.0758 | Val C-index: 0.7132
Epoch 21/30 | Train Loss: 3.0304 | Train C-index: 0.7236 | Val Loss: 4.0792 | Val C-index: 0.7204
Epoch 22/30 | Train Loss: 3.0135 | Train C-index: 0.7268 | Val Loss: 4.1108 | Val C-index: 0.6974
Epoch 23/30 | Train Loss: 3.0109 | Train C-index: 0.7209 | Val Loss: 4.1126 | Val C-index: 0.7076
Epoch 24/30 | Train Loss: 3.0156 | Train C-index: 0.7175 | Val Loss: 4.1353 | Val C-index: 0.6902
Early stopping at epoch 24
Fold 1 best C-index: 0.7554

Extra survival metrics:
cutoff_from_train_median: 5.218602
n_test: 113
n_high_risk: 57
n_low_risk: 56
n_event_test: 39
logrank_stat: 16.712385
logrank_p: 0.000043
auc_36m: 0.808678
auc_60m: 0.784811
HR_high_vs_low: 4.229264
HR_95CI_lower: 1.997388
HR_95CI_upper: 8.955035
cox_p: 0.000165

==================================================
Fold 3/5
==================================================
[ResNetCox] Loaded pretrained from /home/gly001/cqj/pa_ct_surv/model/ct_pretrain/resnet_18_23dataset.pth
  Missing keys (ok): ['fc.weight', 'fc.bias']
Epoch 1/30 | Train Loss: 3.2877 | Train C-index: 0.5373 | Val Loss: 4.1565 | Val C-index: 0.6637
Epoch 2/30 | Train Loss: 3.2453 | Train C-index: 0.6309 | Val Loss: 4.1208 | Val C-index: 0.6986
Epoch 3/30 | Train Loss: 3.1628 | Train C-index: 0.6232 | Val Loss: 4.0861 | Val C-index: 0.6803
Epoch 4/30 | Train Loss: 3.2093 | Train C-index: 0.6749 | Val Loss: 4.1088 | Val C-index: 0.6681
Epoch 5/30 | Train Loss: 3.1860 | Train C-index: 0.6829 | Val Loss: 4.0632 | Val C-index: 0.6963
Epoch 6/30 | Train Loss: 3.1214 | Train C-index: 0.6931 | Val Loss: 4.1431 | Val C-index: 0.6566
Epoch 7/30 | Train Loss: 3.1207 | Train C-index: 0.7066 | Val Loss: 4.1040 | Val C-index: 0.6942
Epoch 8/30 | Train Loss: 3.1199 | Train C-index: 0.7097 | Val Loss: 4.1368 | Val C-index: 0.7173
Epoch 9/30 | Train Loss: 3.1427 | Train C-index: 0.6886 | Val Loss: 4.1148 | Val C-index: 0.6661
Epoch 10/30 | Train Loss: 3.0778 | Train C-index: 0.6770 | Val Loss: 4.1089 | Val C-index: 0.6763
Epoch 11/30 | Train Loss: 3.0427 | Train C-index: 0.7206 | Val Loss: 4.1646 | Val C-index: 0.6749
Epoch 12/30 | Train Loss: 3.0362 | Train C-index: 0.7263 | Val Loss: 4.0679 | Val C-index: 0.7088
Epoch 13/30 | Train Loss: 3.0364 | Train C-index: 0.7206 | Val Loss: 4.1250 | Val C-index: 0.6976
Epoch 14/30 | Train Loss: 3.0064 | Train C-index: 0.7189 | Val Loss: 4.1552 | Val C-index: 0.6895
Epoch 15/30 | Train Loss: 3.0197 | Train C-index: 0.7313 | Val Loss: 4.0986 | Val C-index: 0.6902
Epoch 16/30 | Train Loss: 3.0737 | Train C-index: 0.7306 | Val Loss: 4.1523 | Val C-index: 0.6685
Epoch 17/30 | Train Loss: 2.9909 | Train C-index: 0.7350 | Val Loss: 4.1272 | Val C-index: 0.6892
Epoch 18/30 | Train Loss: 3.0677 | Train C-index: 0.7159 | Val Loss: 4.1345 | Val C-index: 0.6820
Early stopping at epoch 18
Fold 2 best C-index: 0.7173

Extra survival metrics:
cutoff_from_train_median: 2.294430
n_test: 112
n_high_risk: 58
n_low_risk: 54
n_event_test: 38
logrank_stat: 17.149784
logrank_p: 0.000035
auc_36m: 0.732514
auc_60m: 0.757104
HR_high_vs_low: 4.521162
HR_95CI_lower: 2.067983
HR_95CI_upper: 9.884463
cox_p: 0.000156

==================================================
Fold 4/5
==================================================
[ResNetCox] Loaded pretrained from /home/gly001/cqj/pa_ct_surv/model/ct_pretrain/resnet_18_23dataset.pth
  Missing keys (ok): ['fc.weight', 'fc.bias']
Epoch 1/30 | Train Loss: 3.2578 | Train C-index: 0.5595 | Val Loss: 4.2154 | Val C-index: 0.6378
Epoch 2/30 | Train Loss: 3.1864 | Train C-index: 0.6351 | Val Loss: 4.1518 | Val C-index: 0.6773
Epoch 3/30 | Train Loss: 3.1685 | Train C-index: 0.5728 | Val Loss: 4.1343 | Val C-index: 0.6826
Epoch 4/30 | Train Loss: 3.2591 | Train C-index: 0.6548 | Val Loss: 4.1576 | Val C-index: 0.6388
Epoch 5/30 | Train Loss: 3.1924 | Train C-index: 0.5946 | Val Loss: 4.1921 | Val C-index: 0.6474
Epoch 6/30 | Train Loss: 3.1775 | Train C-index: 0.7159 | Val Loss: 4.1412 | Val C-index: 0.6640
Epoch 7/30 | Train Loss: 3.1145 | Train C-index: 0.6948 | Val Loss: 4.1452 | Val C-index: 0.6534
Epoch 8/30 | Train Loss: 3.0757 | Train C-index: 0.6915 | Val Loss: 4.1466 | Val C-index: 0.6643
Epoch 9/30 | Train Loss: 3.0729 | Train C-index: 0.5973 | Val Loss: 4.1593 | Val C-index: 0.6554
Epoch 10/30 | Train Loss: 3.1095 | Train C-index: 0.6419 | Val Loss: 4.1307 | Val C-index: 0.6726
Epoch 11/30 | Train Loss: 3.1380 | Train C-index: 0.6992 | Val Loss: 4.1432 | Val C-index: 0.6816
Epoch 12/30 | Train Loss: 3.0349 | Train C-index: 0.7237 | Val Loss: 4.1370 | Val C-index: 0.6657
Epoch 13/30 | Train Loss: 3.0501 | Train C-index: 0.7144 | Val Loss: 4.1497 | Val C-index: 0.6710
Early stopping at epoch 13
Fold 3 best C-index: 0.6826

Extra survival metrics:
cutoff_from_train_median: 1.672771
n_test: 112
n_high_risk: 47
n_low_risk: 65
n_event_test: 38
logrank_stat: 9.907079
logrank_p: 0.001646
auc_36m: 0.684247
auc_60m: 0.677603
HR_high_vs_low: 2.774149
HR_95CI_lower: 1.430382
HR_95CI_upper: 5.380315
cox_p: 0.002536

==================================================
Fold 5/5
==================================================
[ResNetCox] Loaded pretrained from /home/gly001/cqj/pa_ct_surv/model/ct_pretrain/resnet_18_23dataset.pth
  Missing keys (ok): ['fc.weight', 'fc.bias']
Epoch 1/30 | Train Loss: 3.3280 | Train C-index: 0.5467 | Val Loss: 4.2453 | Val C-index: 0.5943
Epoch 2/30 | Train Loss: 3.2043 | Train C-index: 0.6578 | Val Loss: 4.2399 | Val C-index: 0.5734
Epoch 3/30 | Train Loss: 3.2464 | Train C-index: 0.6227 | Val Loss: 4.2245 | Val C-index: 0.5835
Epoch 4/30 | Train Loss: 3.1373 | Train C-index: 0.5790 | Val Loss: 4.2095 | Val C-index: 0.6081
Epoch 5/30 | Train Loss: 3.0885 | Train C-index: 0.6956 | Val Loss: 4.2188 | Val C-index: 0.6249
Epoch 6/30 | Train Loss: 3.0828 | Train C-index: 0.6937 | Val Loss: 4.1761 | Val C-index: 0.6531
Epoch 7/30 | Train Loss: 3.0300 | Train C-index: 0.6790 | Val Loss: 4.2451 | Val C-index: 0.6437
Epoch 8/30 | Train Loss: 3.0073 | Train C-index: 0.7359 | Val Loss: 4.2637 | Val C-index: 0.6393
Epoch 9/30 | Train Loss: 3.0215 | Train C-index: 0.7335 | Val Loss: 4.1868 | Val C-index: 0.6585
Epoch 10/30 | Train Loss: 3.0950 | Train C-index: 0.6956 | Val Loss: 4.1940 | Val C-index: 0.6561
Epoch 11/30 | Train Loss: 3.1790 | Train C-index: 0.7188 | Val Loss: 4.2913 | Val C-index: 0.6182
Epoch 12/30 | Train Loss: 3.1331 | Train C-index: 0.6983 | Val Loss: 4.2115 | Val C-index: 0.6360
Epoch 13/30 | Train Loss: 3.0355 | Train C-index: 0.7009 | Val Loss: 4.2351 | Val C-index: 0.6464
Epoch 14/30 | Train Loss: 2.9865 | Train C-index: 0.7361 | Val Loss: 4.3017 | Val C-index: 0.6518
Epoch 15/30 | Train Loss: 3.1347 | Train C-index: 0.7125 | Val Loss: 4.1777 | Val C-index: 0.6521
Epoch 16/30 | Train Loss: 3.0920 | Train C-index: 0.7161 | Val Loss: 4.2378 | Val C-index: 0.6420
Epoch 17/30 | Train Loss: 3.0072 | Train C-index: 0.7261 | Val Loss: 4.2788 | Val C-index: 0.6534
Epoch 18/30 | Train Loss: 3.0361 | Train C-index: 0.7408 | Val Loss: 4.2188 | Val C-index: 0.6487
Epoch 19/30 | Train Loss: 2.9831 | Train C-index: 0.7053 | Val Loss: 4.3193 | Val C-index: 0.6524
Early stopping at epoch 19
Fold 4 best C-index: 0.6585

Extra survival metrics:
cutoff_from_train_median: 2.206139
n_test: 112
n_high_risk: 64
n_low_risk: 48
n_event_test: 38
logrank_stat: 5.087297
logrank_p: 0.024102
auc_36m: 0.707582
auc_60m: 0.629232
HR_high_vs_low: 2.202107
HR_95CI_lower: 1.088750
HR_95CI_upper: 4.453986
cox_p: 0.028052

==================================================
5-Fold CV Summary
==================================================
  C-index mean: 0.7044
