Using Device: cuda | ROI: 64
Model: resnet18 | CT augmentation: disabled
LR: 0.0001 | Backbone LR: 1e-05 | Loss: Cox PH
Pretrained: /home/gly001/cqj/pa_ct_surv/model/ct_pretrain/resnet_18_23dataset.pth
Checkpoints: /home/gly001/cqj/pa_ct_surv/checkpoints/pact_v4/ct/roi64_resnet18_dropout0.25_epochs30_bs16_lr1e-4_blr1e-5_wd5e-4_seed123
Results: /home/gly001/cqj/pa_ct_surv/results/pact_v4/ct/roi64_resnet18_dropout0.25_epochs30_bs16_lr1e-4_blr1e-5_wd5e-4_seed123
Loaded 703 samples
Locked split: train=562, test=141
Test set is not accessed during CV

==================================================
Fold 1/5
==================================================
[ResNetCox] Loaded pretrained from /home/gly001/cqj/pa_ct_surv/model/ct_pretrain/resnet_18_23dataset.pth
  Missing keys (ok): ['fc.weight', 'fc.bias']
Epoch 1/30 | Train Loss: 2.3168 | Train C-index: 0.5310 | Val Loss: 4.3477 | Val C-index: 0.5852
Epoch 2/30 | Train Loss: 2.3187 | Train C-index: 0.5118 | Val Loss: 4.3341 | Val C-index: 0.6202
Epoch 3/30 | Train Loss: 2.3378 | Train C-index: 0.5261 | Val Loss: 4.2949 | Val C-index: 0.6463
Epoch 4/30 | Train Loss: 2.2805 | Train C-index: 0.6192 | Val Loss: 4.2659 | Val C-index: 0.6644
Epoch 5/30 | Train Loss: 2.2763 | Train C-index: 0.6017 | Val Loss: 4.2719 | Val C-index: 0.6651
Epoch 6/30 | Train Loss: 2.2635 | Train C-index: 0.5929 | Val Loss: 4.2557 | Val C-index: 0.6743
Epoch 7/30 | Train Loss: 2.2450 | Train C-index: 0.6260 | Val Loss: 4.2409 | Val C-index: 0.6829
Epoch 8/30 | Train Loss: 2.1968 | Train C-index: 0.6378 | Val Loss: 4.2384 | Val C-index: 0.6855
Epoch 9/30 | Train Loss: 2.1853 | Train C-index: 0.6370 | Val Loss: 4.2360 | Val C-index: 0.6909
Epoch 10/30 | Train Loss: 2.2406 | Train C-index: 0.6186 | Val Loss: 4.2425 | Val C-index: 0.6921
Epoch 11/30 | Train Loss: 2.1778 | Train C-index: 0.6353 | Val Loss: 4.2033 | Val C-index: 0.6985
Epoch 12/30 | Train Loss: 2.2126 | Train C-index: 0.6641 | Val Loss: 4.2048 | Val C-index: 0.7023
Epoch 13/30 | Train Loss: 2.2002 | Train C-index: 0.6667 | Val Loss: 4.2157 | Val C-index: 0.7017
Epoch 14/30 | Train Loss: 2.1607 | Train C-index: 0.6716 | Val Loss: 4.1939 | Val C-index: 0.7189
Epoch 15/30 | Train Loss: 2.1711 | Train C-index: 0.6541 | Val Loss: 4.1722 | Val C-index: 0.7042
Epoch 16/30 | Train Loss: 2.1279 | Train C-index: 0.6747 | Val Loss: 4.1594 | Val C-index: 0.7259
Epoch 17/30 | Train Loss: 2.1097 | Train C-index: 0.6791 | Val Loss: 4.1637 | Val C-index: 0.7154
Epoch 18/30 | Train Loss: 2.1165 | Train C-index: 0.6764 | Val Loss: 4.1573 | Val C-index: 0.7147
Epoch 19/30 | Train Loss: 2.1497 | Train C-index: 0.6875 | Val Loss: 4.1601 | Val C-index: 0.7106
Epoch 20/30 | Train Loss: 2.0924 | Train C-index: 0.6888 | Val Loss: 4.1545 | Val C-index: 0.7138
Epoch 21/30 | Train Loss: 2.1246 | Train C-index: 0.6788 | Val Loss: 4.2128 | Val C-index: 0.7198
Epoch 22/30 | Train Loss: 2.1249 | Train C-index: 0.6706 | Val Loss: 4.1504 | Val C-index: 0.7205
Epoch 23/30 | Train Loss: 2.0645 | Train C-index: 0.7099 | Val Loss: 4.1295 | Val C-index: 0.7284
Epoch 24/30 | Train Loss: 2.1197 | Train C-index: 0.7190 | Val Loss: 4.1589 | Val C-index: 0.7131
Epoch 25/30 | Train Loss: 2.0687 | Train C-index: 0.7045 | Val Loss: 4.1586 | Val C-index: 0.7240
Epoch 26/30 | Train Loss: 2.1143 | Train C-index: 0.6933 | Val Loss: 4.2037 | Val C-index: 0.6775
Epoch 27/30 | Train Loss: 2.1163 | Train C-index: 0.6470 | Val Loss: 4.1856 | Val C-index: 0.7109
Epoch 28/30 | Train Loss: 2.0396 | Train C-index: 0.6773 | Val Loss: 4.1635 | Val C-index: 0.6969
Epoch 29/30 | Train Loss: 2.0862 | Train C-index: 0.6833 | Val Loss: 4.1826 | Val C-index: 0.7020
Epoch 30/30 | Train Loss: 2.0564 | Train C-index: 0.6685 | Val Loss: 4.1568 | Val C-index: 0.7192
Fold 0 best C-index: 0.7284

Extra survival metrics:
cutoff_from_train_median: 0.689817
n_test: 113
n_high_risk: 61
n_low_risk: 52
n_event_test: 38
logrank_stat: 22.017246
logrank_p: 0.000003
auc_36m: 0.739005
auc_60m: 0.753668
HR_high_vs_low: 6.230464
HR_95CI_lower: 2.601188
HR_95CI_upper: 14.923443
cox_p: 0.000040

==================================================
Fold 2/5
==================================================
[ResNetCox] Loaded pretrained from /home/gly001/cqj/pa_ct_surv/model/ct_pretrain/resnet_18_23dataset.pth
  Missing keys (ok): ['fc.weight', 'fc.bias']
Epoch 1/30 | Train Loss: 2.3212 | Train C-index: 0.5129 | Val Loss: 4.1702 | Val C-index: 0.6298
Epoch 2/30 | Train Loss: 2.3527 | Train C-index: 0.5218 | Val Loss: 4.1456 | Val C-index: 0.6412
Epoch 3/30 | Train Loss: 2.3329 | Train C-index: 0.5587 | Val Loss: 4.1160 | Val C-index: 0.6578
Epoch 4/30 | Train Loss: 2.3443 | Train C-index: 0.5885 | Val Loss: 4.1043 | Val C-index: 0.6642
Epoch 5/30 | Train Loss: 2.2571 | Train C-index: 0.6077 | Val Loss: 4.0971 | Val C-index: 0.6730
Epoch 6/30 | Train Loss: 2.2628 | Train C-index: 0.6013 | Val Loss: 4.1013 | Val C-index: 0.6608
Epoch 7/30 | Train Loss: 2.2807 | Train C-index: 0.6085 | Val Loss: 4.0850 | Val C-index: 0.6672
Epoch 8/30 | Train Loss: 2.2492 | Train C-index: 0.6128 | Val Loss: 4.0703 | Val C-index: 0.6885
Epoch 9/30 | Train Loss: 2.2306 | Train C-index: 0.6303 | Val Loss: 4.0599 | Val C-index: 0.6922
Epoch 10/30 | Train Loss: 2.2349 | Train C-index: 0.6216 | Val Loss: 4.0665 | Val C-index: 0.6932
Epoch 11/30 | Train Loss: 2.2219 | Train C-index: 0.6250 | Val Loss: 4.0486 | Val C-index: 0.7064
Epoch 12/30 | Train Loss: 2.1792 | Train C-index: 0.6731 | Val Loss: 4.0345 | Val C-index: 0.7037
Epoch 13/30 | Train Loss: 2.2039 | Train C-index: 0.6310 | Val Loss: 4.0317 | Val C-index: 0.7071
Epoch 14/30 | Train Loss: 2.1686 | Train C-index: 0.6552 | Val Loss: 4.0309 | Val C-index: 0.7101
Epoch 15/30 | Train Loss: 2.1780 | Train C-index: 0.6049 | Val Loss: 4.1298 | Val C-index: 0.6439
Epoch 16/30 | Train Loss: 2.1495 | Train C-index: 0.6201 | Val Loss: 4.0883 | Val C-index: 0.6814
Epoch 17/30 | Train Loss: 2.2406 | Train C-index: 0.6523 | Val Loss: 4.0253 | Val C-index: 0.7135
Epoch 18/30 | Train Loss: 2.1292 | Train C-index: 0.6958 | Val Loss: 4.0281 | Val C-index: 0.7148
Epoch 19/30 | Train Loss: 2.2261 | Train C-index: 0.6792 | Val Loss: 4.0351 | Val C-index: 0.7101
Epoch 20/30 | Train Loss: 2.1714 | Train C-index: 0.6880 | Val Loss: 4.0362 | Val C-index: 0.7125
Epoch 21/30 | Train Loss: 2.1318 | Train C-index: 0.7014 | Val Loss: 4.0286 | Val C-index: 0.7206
Epoch 22/30 | Train Loss: 2.1393 | Train C-index: 0.7010 | Val Loss: 4.0672 | Val C-index: 0.6909
Epoch 23/30 | Train Loss: 2.1917 | Train C-index: 0.6767 | Val Loss: 4.0231 | Val C-index: 0.7131
Epoch 24/30 | Train Loss: 2.1281 | Train C-index: 0.5835 | Val Loss: 4.1080 | Val C-index: 0.6736
Epoch 25/30 | Train Loss: 2.3120 | Train C-index: 0.6061 | Val Loss: 4.1036 | Val C-index: 0.6844
Epoch 26/30 | Train Loss: 2.2025 | Train C-index: 0.6168 | Val Loss: 4.0602 | Val C-index: 0.6983
Epoch 27/30 | Train Loss: 2.1402 | Train C-index: 0.6892 | Val Loss: 4.0295 | Val C-index: 0.7168
Epoch 28/30 | Train Loss: 2.1188 | Train C-index: 0.6887 | Val Loss: 4.0082 | Val C-index: 0.7162
Epoch 29/30 | Train Loss: 2.1057 | Train C-index: 0.7045 | Val Loss: 4.0759 | Val C-index: 0.6919
Epoch 30/30 | Train Loss: 2.1872 | Train C-index: 0.6696 | Val Loss: 4.0050 | Val C-index: 0.7138
Fold 1 best C-index: 0.7206

Extra survival metrics:
cutoff_from_train_median: 1.509446
n_test: 113
n_high_risk: 51
n_low_risk: 62
n_event_test: 39
logrank_stat: 7.856428
logrank_p: 0.005064
auc_36m: 0.788286
auc_60m: 0.773314
HR_high_vs_low: 2.417881
HR_95CI_lower: 1.272008
HR_95CI_upper: 4.596001
cox_p: 0.007057

==================================================
Fold 3/5
==================================================
[ResNetCox] Loaded pretrained from /home/gly001/cqj/pa_ct_surv/model/ct_pretrain/resnet_18_23dataset.pth
  Missing keys (ok): ['fc.weight', 'fc.bias']
Epoch 1/30 | Train Loss: 2.3072 | Train C-index: 0.5441 | Val Loss: 4.3499 | Val C-index: 0.5491
Epoch 2/30 | Train Loss: 2.3103 | Train C-index: 0.5600 | Val Loss: 4.3326 | Val C-index: 0.5554
Epoch 3/30 | Train Loss: 2.2716 | Train C-index: 0.5839 | Val Loss: 4.3148 | Val C-index: 0.5665
Epoch 4/30 | Train Loss: 2.2717 | Train C-index: 0.5890 | Val Loss: 4.3182 | Val C-index: 0.5726
Epoch 5/30 | Train Loss: 2.2900 | Train C-index: 0.6166 | Val Loss: 4.3070 | Val C-index: 0.5884
Epoch 6/30 | Train Loss: 2.2227 | Train C-index: 0.6404 | Val Loss: 4.2985 | Val C-index: 0.5976
Epoch 7/30 | Train Loss: 2.2239 | Train C-index: 0.6448 | Val Loss: 4.2774 | Val C-index: 0.6229
Epoch 8/30 | Train Loss: 2.2000 | Train C-index: 0.6557 | Val Loss: 4.3086 | Val C-index: 0.6065
Epoch 9/30 | Train Loss: 2.1944 | Train C-index: 0.6599 | Val Loss: 4.2936 | Val C-index: 0.6185
Epoch 10/30 | Train Loss: 2.2333 | Train C-index: 0.6556 | Val Loss: 4.2652 | Val C-index: 0.6394
Epoch 11/30 | Train Loss: 2.1906 | Train C-index: 0.6959 | Val Loss: 4.2612 | Val C-index: 0.6470
Epoch 12/30 | Train Loss: 2.1536 | Train C-index: 0.6615 | Val Loss: 4.2705 | Val C-index: 0.6410
Epoch 13/30 | Train Loss: 2.1560 | Train C-index: 0.6830 | Val Loss: 4.2530 | Val C-index: 0.6397
Epoch 14/30 | Train Loss: 2.1783 | Train C-index: 0.6915 | Val Loss: 4.2788 | Val C-index: 0.6347
Epoch 15/30 | Train Loss: 2.0775 | Train C-index: 0.7025 | Val Loss: 4.2563 | Val C-index: 0.6448
Epoch 16/30 | Train Loss: 2.1629 | Train C-index: 0.6943 | Val Loss: 4.2707 | Val C-index: 0.6309
Epoch 17/30 | Train Loss: 2.1630 | Train C-index: 0.6636 | Val Loss: 4.2610 | Val C-index: 0.6381
Epoch 18/30 | Train Loss: 2.0915 | Train C-index: 0.6432 | Val Loss: 4.2573 | Val C-index: 0.6347
Epoch 19/30 | Train Loss: 2.1302 | Train C-index: 0.6571 | Val Loss: 4.2677 | Val C-index: 0.6356
Epoch 20/30 | Train Loss: 2.0117 | Train C-index: 0.6900 | Val Loss: 4.2855 | Val C-index: 0.6391
Epoch 21/30 | Train Loss: 2.1037 | Train C-index: 0.6502 | Val Loss: 4.2731 | Val C-index: 0.6366
Early stopping at epoch 21
Fold 2 best C-index: 0.6470

Extra survival metrics:
cutoff_from_train_median: 1.186724
n_test: 112
n_high_risk: 67
n_low_risk: 45
n_event_test: 38
logrank_stat: 10.129572
logrank_p: 0.001459
auc_36m: 0.648367
auc_60m: 0.630098
HR_high_vs_low: 3.500572
HR_95CI_lower: 1.538151
HR_95CI_upper: 7.966710
cox_p: 0.002825

==================================================
Fold 4/5
==================================================
[ResNetCox] Loaded pretrained from /home/gly001/cqj/pa_ct_surv/model/ct_pretrain/resnet_18_23dataset.pth
  Missing keys (ok): ['fc.weight', 'fc.bias']
Epoch 1/30 | Train Loss: 2.3642 | Train C-index: 0.5307 | Val Loss: 4.3200 | Val C-index: 0.5305
Epoch 2/30 | Train Loss: 2.3068 | Train C-index: 0.5677 | Val Loss: 4.3155 | Val C-index: 0.5321
Epoch 3/30 | Train Loss: 2.2468 | Train C-index: 0.6072 | Val Loss: 4.3289 | Val C-index: 0.5466
Epoch 4/30 | Train Loss: 2.2887 | Train C-index: 0.6090 | Val Loss: 4.3158 | Val C-index: 0.5504
Epoch 5/30 | Train Loss: 2.2852 | Train C-index: 0.6285 | Val Loss: 4.2901 | Val C-index: 0.5737
Epoch 6/30 | Train Loss: 2.2110 | Train C-index: 0.6437 | Val Loss: 4.3212 | Val C-index: 0.5592
Epoch 7/30 | Train Loss: 2.2306 | Train C-index: 0.6288 | Val Loss: 4.3183 | Val C-index: 0.5718
Epoch 8/30 | Train Loss: 2.2242 | Train C-index: 0.6746 | Val Loss: 4.2586 | Val C-index: 0.6074
Epoch 9/30 | Train Loss: 2.0803 | Train C-index: 0.6775 | Val Loss: 4.3076 | Val C-index: 0.5825
Epoch 10/30 | Train Loss: 2.1840 | Train C-index: 0.6674 | Val Loss: 4.3054 | Val C-index: 0.5894
Epoch 11/30 | Train Loss: 2.1299 | Train C-index: 0.5732 | Val Loss: 4.3590 | Val C-index: 0.5878
Epoch 12/30 | Train Loss: 2.1636 | Train C-index: 0.5972 | Val Loss: 4.3885 | Val C-index: 0.5551
Epoch 13/30 | Train Loss: 2.2001 | Train C-index: 0.6281 | Val Loss: 4.3000 | Val C-index: 0.6008
Epoch 14/30 | Train Loss: 2.1458 | Train C-index: 0.6513 | Val Loss: 4.2760 | Val C-index: 0.6115
Epoch 15/30 | Train Loss: 2.0904 | Train C-index: 0.6733 | Val Loss: 4.3489 | Val C-index: 0.5932
Epoch 16/30 | Train Loss: 2.1849 | Train C-index: 0.6910 | Val Loss: 4.2901 | Val C-index: 0.6089
Epoch 17/30 | Train Loss: 2.1118 | Train C-index: 0.7030 | Val Loss: 4.3257 | Val C-index: 0.6096
Epoch 18/30 | Train Loss: 2.1565 | Train C-index: 0.6858 | Val Loss: 4.2750 | Val C-index: 0.6174
Epoch 19/30 | Train Loss: 2.1043 | Train C-index: 0.6965 | Val Loss: 4.3219 | Val C-index: 0.6178
Epoch 20/30 | Train Loss: 2.1017 | Train C-index: 0.6979 | Val Loss: 4.3480 | Val C-index: 0.6061
Epoch 21/30 | Train Loss: 2.1089 | Train C-index: 0.7004 | Val Loss: 4.3599 | Val C-index: 0.6074
Epoch 22/30 | Train Loss: 2.1219 | Train C-index: 0.6872 | Val Loss: 4.3450 | Val C-index: 0.6055
Epoch 23/30 | Train Loss: 2.1116 | Train C-index: 0.7171 | Val Loss: 4.3127 | Val C-index: 0.6111
Epoch 24/30 | Train Loss: 2.1136 | Train C-index: 0.6998 | Val Loss: 4.2675 | Val C-index: 0.6184
Epoch 25/30 | Train Loss: 1.9892 | Train C-index: 0.7438 | Val Loss: 4.3354 | Val C-index: 0.6168
Epoch 26/30 | Train Loss: 2.0140 | Train C-index: 0.7364 | Val Loss: 4.3560 | Val C-index: 0.6184
Epoch 27/30 | Train Loss: 2.0722 | Train C-index: 0.7356 | Val Loss: 4.3425 | Val C-index: 0.6134
Epoch 28/30 | Train Loss: 2.1110 | Train C-index: 0.7344 | Val Loss: 4.2466 | Val C-index: 0.6275
Epoch 29/30 | Train Loss: 2.0040 | Train C-index: 0.7398 | Val Loss: 4.2943 | Val C-index: 0.6281
Epoch 30/30 | Train Loss: 1.9634 | Train C-index: 0.7431 | Val Loss: 4.4547 | Val C-index: 0.6111
Fold 3 best C-index: 0.6281

Extra survival metrics:
cutoff_from_train_median: 0.820588
n_test: 112
n_high_risk: 64
n_low_risk: 48
n_event_test: 38
logrank_stat: 4.870061
logrank_p: 0.027327
auc_36m: 0.612350
auc_60m: 0.583004
HR_high_vs_low: 2.212312
HR_95CI_lower: 1.071772
HR_95CI_upper: 4.566573
cox_p: 0.031760

==================================================
Fold 5/5
==================================================
[ResNetCox] Loaded pretrained from /home/gly001/cqj/pa_ct_surv/model/ct_pretrain/resnet_18_23dataset.pth
  Missing keys (ok): ['fc.weight', 'fc.bias']
Epoch 1/30 | Train Loss: 2.3690 | Train C-index: 0.4908 | Val Loss: 4.2813 | Val C-index: 0.6066
Epoch 2/30 | Train Loss: 2.3007 | Train C-index: 0.5333 | Val Loss: 4.2645 | Val C-index: 0.6413
Epoch 3/30 | Train Loss: 2.3228 | Train C-index: 0.5809 | Val Loss: 4.2378 | Val C-index: 0.6549
Epoch 4/30 | Train Loss: 2.2782 | Train C-index: 0.5718 | Val Loss: 4.2236 | Val C-index: 0.6674
Epoch 5/30 | Train Loss: 2.2215 | Train C-index: 0.6011 | Val Loss: 4.1965 | Val C-index: 0.6737
Epoch 6/30 | Train Loss: 2.2696 | Train C-index: 0.5879 | Val Loss: 4.1799 | Val C-index: 0.6936
Epoch 7/30 | Train Loss: 2.2957 | Train C-index: 0.5971 | Val Loss: 4.1613 | Val C-index: 0.6979
Epoch 8/30 | Train Loss: 2.2600 | Train C-index: 0.6328 | Val Loss: 4.1272 | Val C-index: 0.7035
Epoch 9/30 | Train Loss: 2.2024 | Train C-index: 0.6446 | Val Loss: 4.1388 | Val C-index: 0.6906
Epoch 10/30 | Train Loss: 2.2927 | Train C-index: 0.6065 | Val Loss: 4.1181 | Val C-index: 0.6995
Epoch 11/30 | Train Loss: 2.2145 | Train C-index: 0.6535 | Val Loss: 4.1144 | Val C-index: 0.6962
Epoch 12/30 | Train Loss: 2.1665 | Train C-index: 0.6927 | Val Loss: 4.1011 | Val C-index: 0.6853
Epoch 13/30 | Train Loss: 2.2107 | Train C-index: 0.6397 | Val Loss: 4.0925 | Val C-index: 0.7018
Epoch 14/30 | Train Loss: 2.1892 | Train C-index: 0.6620 | Val Loss: 4.0852 | Val C-index: 0.6979
Epoch 15/30 | Train Loss: 2.1213 | Train C-index: 0.6912 | Val Loss: 4.1133 | Val C-index: 0.6969
Epoch 16/30 | Train Loss: 2.1272 | Train C-index: 0.6597 | Val Loss: 4.1068 | Val C-index: 0.6886
Epoch 17/30 | Train Loss: 2.2497 | Train C-index: 0.6597 | Val Loss: 4.1460 | Val C-index: 0.6631
Epoch 18/30 | Train Loss: 2.1639 | Train C-index: 0.6947 | Val Loss: 4.1267 | Val C-index: 0.6807
Early stopping at epoch 18
Fold 4 best C-index: 0.7035

Extra survival metrics:
cutoff_from_train_median: 0.524908
n_test: 112
n_high_risk: 51
n_low_risk: 61
n_event_test: 38
logrank_stat: 20.786674
logrank_p: 0.000005
auc_36m: 0.748082
auc_60m: 0.750739
HR_high_vs_low: 4.659195
HR_95CI_lower: 2.253754
HR_95CI_upper: 9.631971
cox_p: 0.000033

==================================================
5-Fold CV Summary
==================================================
  C-index mean: 0.6855
