Using Device: cuda | ROI: 96
Model: resnet18 | CT augmentation: disabled
LR: 0.0001 | Backbone LR: 1e-05 | Loss: Cox PH
Pretrained: /home/gly001/cqj/pa_ct_surv/model/ct_pretrain/resnet_18_23dataset.pth
Checkpoints: /home/gly001/cqj/pa_ct_surv/checkpoints/pact_v4/ct/roi96_resnet18_dropout0.25_epochs30_bs32_lr1e-4_blr1e-5_wd5e-4_seed42
Results: /home/gly001/cqj/pa_ct_surv/results/pact_v4/ct/roi96_resnet18_dropout0.25_epochs30_bs32_lr1e-4_blr1e-5_wd5e-4_seed42
Loaded 777 samples
Locked split: train=621, test=156
Test set is not accessed during CV

==================================================
Fold 1/5
==================================================
[ResNetCox] Loaded pretrained from /home/gly001/cqj/pa_ct_surv/model/ct_pretrain/resnet_18_23dataset.pth
  Missing keys (ok): ['fc.weight', 'fc.bias']
Epoch 1/30 | Train Loss: 3.0163 | Train C-index: 0.5463 | Val Loss: 4.3526 | Val C-index: 0.6067
Epoch 2/30 | Train Loss: 3.0132 | Train C-index: 0.5690 | Val Loss: 4.3526 | Val C-index: 0.6117
Epoch 3/30 | Train Loss: 2.9734 | Train C-index: 0.5855 | Val Loss: 4.3258 | Val C-index: 0.6216
Epoch 4/30 | Train Loss: 2.9503 | Train C-index: 0.6113 | Val Loss: 4.3205 | Val C-index: 0.6310
Epoch 5/30 | Train Loss: 2.9526 | Train C-index: 0.5475 | Val Loss: 4.3374 | Val C-index: 0.6361
Epoch 6/30 | Train Loss: 2.9543 | Train C-index: 0.6064 | Val Loss: 4.2899 | Val C-index: 0.6426
Epoch 7/30 | Train Loss: 2.9263 | Train C-index: 0.6478 | Val Loss: 4.2691 | Val C-index: 0.6534
Epoch 8/30 | Train Loss: 2.9059 | Train C-index: 0.6711 | Val Loss: 4.2686 | Val C-index: 0.6546
Epoch 9/30 | Train Loss: 2.8887 | Train C-index: 0.6683 | Val Loss: 4.2656 | Val C-index: 0.6529
Epoch 10/30 | Train Loss: 2.8642 | Train C-index: 0.6804 | Val Loss: 4.2613 | Val C-index: 0.6650
Epoch 11/30 | Train Loss: 2.8776 | Train C-index: 0.6743 | Val Loss: 4.2486 | Val C-index: 0.6616
Epoch 12/30 | Train Loss: 2.8227 | Train C-index: 0.6860 | Val Loss: 4.2741 | Val C-index: 0.6633
Epoch 13/30 | Train Loss: 2.7847 | Train C-index: 0.6277 | Val Loss: 4.2547 | Val C-index: 0.6631
Epoch 14/30 | Train Loss: 2.8191 | Train C-index: 0.6620 | Val Loss: 4.2618 | Val C-index: 0.6633
Epoch 15/30 | Train Loss: 2.8440 | Train C-index: 0.6087 | Val Loss: 4.3317 | Val C-index: 0.6575
Epoch 16/30 | Train Loss: 2.6887 | Train C-index: 0.6169 | Val Loss: 4.3543 | Val C-index: 0.6544
Epoch 17/30 | Train Loss: 2.8476 | Train C-index: 0.6716 | Val Loss: 4.2764 | Val C-index: 0.6503
Epoch 18/30 | Train Loss: 2.7587 | Train C-index: 0.7073 | Val Loss: 4.2832 | Val C-index: 0.6549
Epoch 19/30 | Train Loss: 2.7842 | Train C-index: 0.6170 | Val Loss: 4.2977 | Val C-index: 0.6467
Epoch 20/30 | Train Loss: 2.8011 | Train C-index: 0.7002 | Val Loss: 4.3596 | Val C-index: 0.5857
Early stopping at epoch 20
Fold 0 best C-index: 0.6650

Extra survival metrics:
cutoff_from_train_median: 1.418811
n_test: 125
n_high_risk: 56
n_low_risk: 69
n_event_test: 46
logrank_stat: 11.167907
logrank_p: 0.000832
auc_36m: 0.670671
auc_60m: 0.640647
HR_high_vs_low: 2.706678
HR_95CI_lower: 1.473599
HR_95CI_upper: 4.971571
cox_p: 0.001328

==================================================
Fold 2/5
==================================================
[ResNetCox] Loaded pretrained from /home/gly001/cqj/pa_ct_surv/model/ct_pretrain/resnet_18_23dataset.pth
  Missing keys (ok): ['fc.weight', 'fc.bias']
Epoch 1/30 | Train Loss: 3.0300 | Train C-index: 0.5267 | Val Loss: 4.4301 | Val C-index: 0.5605
Epoch 2/30 | Train Loss: 2.9993 | Train C-index: 0.5813 | Val Loss: 4.4293 | Val C-index: 0.5596
Epoch 3/30 | Train Loss: 2.9922 | Train C-index: 0.6029 | Val Loss: 4.4038 | Val C-index: 0.5952
Epoch 4/30 | Train Loss: 2.9077 | Train C-index: 0.6268 | Val Loss: 4.3864 | Val C-index: 0.6112
Epoch 5/30 | Train Loss: 2.8794 | Train C-index: 0.6652 | Val Loss: 4.3870 | Val C-index: 0.6222
Epoch 6/30 | Train Loss: 2.8952 | Train C-index: 0.6554 | Val Loss: 4.4185 | Val C-index: 0.6242
Epoch 7/30 | Train Loss: 2.8717 | Train C-index: 0.6672 | Val Loss: 4.3915 | Val C-index: 0.6337
Epoch 8/30 | Train Loss: 2.7935 | Train C-index: 0.6460 | Val Loss: 4.4277 | Val C-index: 0.6486
Epoch 9/30 | Train Loss: 2.8485 | Train C-index: 0.6293 | Val Loss: 4.4024 | Val C-index: 0.6400
Epoch 10/30 | Train Loss: 2.8328 | Train C-index: 0.6465 | Val Loss: 4.4192 | Val C-index: 0.6261
Epoch 11/30 | Train Loss: 2.8330 | Train C-index: 0.6039 | Val Loss: 4.4100 | Val C-index: 0.6483
Epoch 12/30 | Train Loss: 2.8293 | Train C-index: 0.6254 | Val Loss: 4.3882 | Val C-index: 0.6533
Epoch 13/30 | Train Loss: 2.7884 | Train C-index: 0.6740 | Val Loss: 4.4887 | Val C-index: 0.6225
Epoch 14/30 | Train Loss: 2.7873 | Train C-index: 0.7046 | Val Loss: 4.4124 | Val C-index: 0.6426
Epoch 15/30 | Train Loss: 2.8213 | Train C-index: 0.7157 | Val Loss: 4.4025 | Val C-index: 0.6376
Epoch 16/30 | Train Loss: 2.7956 | Train C-index: 0.6805 | Val Loss: 4.4586 | Val C-index: 0.6411
Epoch 17/30 | Train Loss: 2.7968 | Train C-index: 0.6955 | Val Loss: 4.4533 | Val C-index: 0.6438
Epoch 18/30 | Train Loss: 2.7534 | Train C-index: 0.6732 | Val Loss: 4.3878 | Val C-index: 0.6474
Epoch 19/30 | Train Loss: 2.7998 | Train C-index: 0.6990 | Val Loss: 4.4750 | Val C-index: 0.6407
Epoch 20/30 | Train Loss: 2.7598 | Train C-index: 0.7016 | Val Loss: 4.5886 | Val C-index: 0.6318
Epoch 21/30 | Train Loss: 2.9287 | Train C-index: 0.5900 | Val Loss: 4.4552 | Val C-index: 0.6313
Epoch 22/30 | Train Loss: 2.8064 | Train C-index: 0.6706 | Val Loss: 4.5249 | Val C-index: 0.6244
Early stopping at epoch 22
Fold 1 best C-index: 0.6533

Extra survival metrics:
cutoff_from_train_median: 0.457024
n_test: 124
n_high_risk: 66
n_low_risk: 58
n_event_test: 46
logrank_stat: 5.834580
logrank_p: 0.015714
auc_36m: 0.677222
auc_60m: 0.669881
HR_high_vs_low: 2.105287
HR_95CI_lower: 1.134986
HR_95CI_upper: 3.905102
cox_p: 0.018194

==================================================
Fold 3/5
==================================================
[ResNetCox] Loaded pretrained from /home/gly001/cqj/pa_ct_surv/model/ct_pretrain/resnet_18_23dataset.pth
  Missing keys (ok): ['fc.weight', 'fc.bias']
Epoch 1/30 | Train Loss: 3.0615 | Train C-index: 0.5145 | Val Loss: 4.3632 | Val C-index: 0.6696
Epoch 2/30 | Train Loss: 3.0364 | Train C-index: 0.5206 | Val Loss: 4.3273 | Val C-index: 0.6656
Epoch 3/30 | Train Loss: 2.9634 | Train C-index: 0.5448 | Val Loss: 4.2461 | Val C-index: 0.6756
Epoch 4/30 | Train Loss: 2.9751 | Train C-index: 0.6194 | Val Loss: 4.2448 | Val C-index: 0.6716
Epoch 5/30 | Train Loss: 2.9651 | Train C-index: 0.5695 | Val Loss: 4.2820 | Val C-index: 0.6838
Epoch 6/30 | Train Loss: 2.9343 | Train C-index: 0.6100 | Val Loss: 4.2515 | Val C-index: 0.6648
Epoch 7/30 | Train Loss: 2.9055 | Train C-index: 0.5908 | Val Loss: 4.2130 | Val C-index: 0.6928
Epoch 8/30 | Train Loss: 2.8839 | Train C-index: 0.6480 | Val Loss: 4.1983 | Val C-index: 0.6883
Epoch 9/30 | Train Loss: 2.8853 | Train C-index: 0.6529 | Val Loss: 4.2119 | Val C-index: 0.6935
Epoch 10/30 | Train Loss: 2.8565 | Train C-index: 0.6550 | Val Loss: 4.2166 | Val C-index: 0.6928
Epoch 11/30 | Train Loss: 2.8657 | Train C-index: 0.6818 | Val Loss: 4.2367 | Val C-index: 0.6469
Epoch 12/30 | Train Loss: 2.8618 | Train C-index: 0.6357 | Val Loss: 4.2037 | Val C-index: 0.6930
Epoch 13/30 | Train Loss: 2.8949 | Train C-index: 0.6576 | Val Loss: 4.2098 | Val C-index: 0.6813
Epoch 14/30 | Train Loss: 2.8374 | Train C-index: 0.6664 | Val Loss: 4.2239 | Val C-index: 0.6808
Epoch 15/30 | Train Loss: 2.8076 | Train C-index: 0.6407 | Val Loss: 4.2015 | Val C-index: 0.6980
Epoch 16/30 | Train Loss: 2.8469 | Train C-index: 0.6521 | Val Loss: 4.1880 | Val C-index: 0.7005
Epoch 17/30 | Train Loss: 2.8171 | Train C-index: 0.6853 | Val Loss: 4.2229 | Val C-index: 0.6835
Epoch 18/30 | Train Loss: 2.8234 | Train C-index: 0.5807 | Val Loss: 4.2338 | Val C-index: 0.6965
Epoch 19/30 | Train Loss: 2.8888 | Train C-index: 0.6186 | Val Loss: 4.2477 | Val C-index: 0.6469
Epoch 20/30 | Train Loss: 2.8005 | Train C-index: 0.6733 | Val Loss: 4.2193 | Val C-index: 0.6736
Epoch 21/30 | Train Loss: 2.7958 | Train C-index: 0.7027 | Val Loss: 4.2028 | Val C-index: 0.7005
Epoch 22/30 | Train Loss: 2.8294 | Train C-index: 0.6663 | Val Loss: 4.1932 | Val C-index: 0.6973
Epoch 23/30 | Train Loss: 2.7608 | Train C-index: 0.7113 | Val Loss: 4.2140 | Val C-index: 0.6880
Epoch 24/30 | Train Loss: 2.7467 | Train C-index: 0.6584 | Val Loss: 4.1998 | Val C-index: 0.7062
Epoch 25/30 | Train Loss: 2.7681 | Train C-index: 0.6769 | Val Loss: 4.2152 | Val C-index: 0.7102
Epoch 26/30 | Train Loss: 2.8808 | Train C-index: 0.5809 | Val Loss: 4.1947 | Val C-index: 0.7037
Epoch 27/30 | Train Loss: 2.8140 | Train C-index: 0.5620 | Val Loss: 4.2011 | Val C-index: 0.6963
Epoch 28/30 | Train Loss: 2.8771 | Train C-index: 0.5890 | Val Loss: 4.1825 | Val C-index: 0.6985
Epoch 29/30 | Train Loss: 2.8113 | Train C-index: 0.7037 | Val Loss: 4.1838 | Val C-index: 0.7117
Epoch 30/30 | Train Loss: 2.8016 | Train C-index: 0.6767 | Val Loss: 4.1901 | Val C-index: 0.7007
Fold 2 best C-index: 0.7117

Extra survival metrics:
cutoff_from_train_median: 0.220592
n_test: 124
n_high_risk: 66
n_low_risk: 58
n_event_test: 46
logrank_stat: 12.396152
logrank_p: 0.000430
auc_36m: 0.703870
auc_60m: 0.720603
HR_high_vs_low: 3.079219
HR_95CI_lower: 1.592727
HR_95CI_upper: 5.953052
cox_p: 0.000826

==================================================
Fold 4/5
==================================================
[ResNetCox] Loaded pretrained from /home/gly001/cqj/pa_ct_surv/model/ct_pretrain/resnet_18_23dataset.pth
  Missing keys (ok): ['fc.weight', 'fc.bias']
Epoch 1/30 | Train Loss: 3.0393 | Train C-index: 0.5378 | Val Loss: 4.3989 | Val C-index: 0.5903
Epoch 2/30 | Train Loss: 2.9872 | Train C-index: 0.5678 | Val Loss: 4.3732 | Val C-index: 0.5969
Epoch 3/30 | Train Loss: 2.9466 | Train C-index: 0.6154 | Val Loss: 4.3684 | Val C-index: 0.6168
Epoch 4/30 | Train Loss: 2.9477 | Train C-index: 0.5928 | Val Loss: 4.3487 | Val C-index: 0.6273
Epoch 5/30 | Train Loss: 2.9153 | Train C-index: 0.6545 | Val Loss: 4.3314 | Val C-index: 0.6293
Epoch 6/30 | Train Loss: 2.9082 | Train C-index: 0.6450 | Val Loss: 4.3292 | Val C-index: 0.6407
Epoch 7/30 | Train Loss: 2.8871 | Train C-index: 0.6235 | Val Loss: 4.3313 | Val C-index: 0.6446
Epoch 8/30 | Train Loss: 2.8941 | Train C-index: 0.6634 | Val Loss: 4.3043 | Val C-index: 0.6563
Epoch 9/30 | Train Loss: 2.8935 | Train C-index: 0.6863 | Val Loss: 4.2934 | Val C-index: 0.6575
Epoch 10/30 | Train Loss: 2.8187 | Train C-index: 0.6784 | Val Loss: 4.2972 | Val C-index: 0.6585
Epoch 11/30 | Train Loss: 2.8466 | Train C-index: 0.7005 | Val Loss: 4.3069 | Val C-index: 0.6405
Epoch 12/30 | Train Loss: 2.8610 | Train C-index: 0.6521 | Val Loss: 4.3079 | Val C-index: 0.6611
Epoch 13/30 | Train Loss: 2.8935 | Train C-index: 0.6519 | Val Loss: 4.3251 | Val C-index: 0.6541
Epoch 14/30 | Train Loss: 2.8139 | Train C-index: 0.6687 | Val Loss: 4.3086 | Val C-index: 0.6553
Epoch 15/30 | Train Loss: 2.8243 | Train C-index: 0.6235 | Val Loss: 4.3205 | Val C-index: 0.6409
Epoch 16/30 | Train Loss: 2.8470 | Train C-index: 0.6606 | Val Loss: 4.3099 | Val C-index: 0.6611
Epoch 17/30 | Train Loss: 2.7999 | Train C-index: 0.6082 | Val Loss: 4.2976 | Val C-index: 0.6582
Epoch 18/30 | Train Loss: 2.7729 | Train C-index: 0.6910 | Val Loss: 4.2886 | Val C-index: 0.6636
Epoch 19/30 | Train Loss: 2.7918 | Train C-index: 0.6468 | Val Loss: 4.2981 | Val C-index: 0.6653
Epoch 20/30 | Train Loss: 2.8442 | Train C-index: 0.6347 | Val Loss: 4.3409 | Val C-index: 0.6585
Epoch 21/30 | Train Loss: 2.8337 | Train C-index: 0.6016 | Val Loss: 4.3235 | Val C-index: 0.6470
Epoch 22/30 | Train Loss: 2.7876 | Train C-index: 0.6062 | Val Loss: 4.3328 | Val C-index: 0.6521
Epoch 23/30 | Train Loss: 2.8190 | Train C-index: 0.6545 | Val Loss: 4.3597 | Val C-index: 0.6604
Epoch 24/30 | Train Loss: 2.7737 | Train C-index: 0.7091 | Val Loss: 4.3299 | Val C-index: 0.6446
Epoch 25/30 | Train Loss: 2.7445 | Train C-index: 0.7291 | Val Loss: 4.2930 | Val C-index: 0.6670
Epoch 26/30 | Train Loss: 2.7590 | Train C-index: 0.6299 | Val Loss: 4.4793 | Val C-index: 0.6599
Epoch 27/30 | Train Loss: 2.8015 | Train C-index: 0.6735 | Val Loss: 4.3498 | Val C-index: 0.6463
Epoch 28/30 | Train Loss: 2.7861 | Train C-index: 0.6800 | Val Loss: 4.3227 | Val C-index: 0.6631
Epoch 29/30 | Train Loss: 2.7670 | Train C-index: 0.6455 | Val Loss: 4.3849 | Val C-index: 0.6512
Epoch 30/30 | Train Loss: 2.7335 | Train C-index: 0.6681 | Val Loss: 4.3606 | Val C-index: 0.6358
Fold 3 best C-index: 0.6670

Extra survival metrics:
cutoff_from_train_median: 2.025259
n_test: 124
n_high_risk: 65
n_low_risk: 59
n_event_test: 46
logrank_stat: 11.875646
logrank_p: 0.000569
auc_36m: 0.734373
auc_60m: 0.709723
HR_high_vs_low: 2.895278
HR_95CI_lower: 1.537254
HR_95CI_upper: 5.452995
cox_p: 0.000998

==================================================
Fold 5/5
==================================================
[ResNetCox] Loaded pretrained from /home/gly001/cqj/pa_ct_surv/model/ct_pretrain/resnet_18_23dataset.pth
  Missing keys (ok): ['fc.weight', 'fc.bias']
Epoch 1/30 | Train Loss: 3.0400 | Train C-index: 0.5534 | Val Loss: 4.3784 | Val C-index: 0.6353
Epoch 2/30 | Train Loss: 3.0338 | Train C-index: 0.5293 | Val Loss: 4.3010 | Val C-index: 0.6470
Epoch 3/30 | Train Loss: 3.0004 | Train C-index: 0.5654 | Val Loss: 4.3341 | Val C-index: 0.6643
Epoch 4/30 | Train Loss: 2.9311 | Train C-index: 0.5953 | Val Loss: 4.2388 | Val C-index: 0.6892
Epoch 5/30 | Train Loss: 2.9522 | Train C-index: 0.5789 | Val Loss: 4.2272 | Val C-index: 0.6784
Epoch 6/30 | Train Loss: 2.9929 | Train C-index: 0.5931 | Val Loss: 4.2175 | Val C-index: 0.6901
Epoch 7/30 | Train Loss: 2.9262 | Train C-index: 0.6444 | Val Loss: 4.2009 | Val C-index: 0.7118
Epoch 8/30 | Train Loss: 2.9327 | Train C-index: 0.6433 | Val Loss: 4.1973 | Val C-index: 0.7167
Epoch 9/30 | Train Loss: 2.8882 | Train C-index: 0.6342 | Val Loss: 4.1870 | Val C-index: 0.7228
Epoch 10/30 | Train Loss: 2.8815 | Train C-index: 0.5924 | Val Loss: 4.1531 | Val C-index: 0.7369
Epoch 11/30 | Train Loss: 2.9215 | Train C-index: 0.5884 | Val Loss: 4.1775 | Val C-index: 0.7364
Epoch 12/30 | Train Loss: 2.8573 | Train C-index: 0.6759 | Val Loss: 4.1572 | Val C-index: 0.7412
Epoch 13/30 | Train Loss: 2.8737 | Train C-index: 0.5744 | Val Loss: 4.1341 | Val C-index: 0.7523
Epoch 14/30 | Train Loss: 2.9271 | Train C-index: 0.5728 | Val Loss: 4.1599 | Val C-index: 0.7569
Epoch 15/30 | Train Loss: 2.8527 | Train C-index: 0.6340 | Val Loss: 4.1543 | Val C-index: 0.7364
Epoch 16/30 | Train Loss: 2.8453 | Train C-index: 0.6752 | Val Loss: 4.1437 | Val C-index: 0.7579
Epoch 17/30 | Train Loss: 2.8160 | Train C-index: 0.6874 | Val Loss: 4.1866 | Val C-index: 0.7308
Epoch 18/30 | Train Loss: 2.8960 | Train C-index: 0.6594 | Val Loss: 4.1577 | Val C-index: 0.7508
Epoch 19/30 | Train Loss: 2.8579 | Train C-index: 0.6847 | Val Loss: 4.1464 | Val C-index: 0.7337
Epoch 20/30 | Train Loss: 2.8293 | Train C-index: 0.6414 | Val Loss: 4.1306 | Val C-index: 0.7600
Epoch 21/30 | Train Loss: 2.7828 | Train C-index: 0.6794 | Val Loss: 4.1626 | Val C-index: 0.7423
Epoch 22/30 | Train Loss: 2.8069 | Train C-index: 0.7218 | Val Loss: 4.1768 | Val C-index: 0.7376
Epoch 23/30 | Train Loss: 2.8416 | Train C-index: 0.6368 | Val Loss: 4.1699 | Val C-index: 0.7296
Epoch 24/30 | Train Loss: 2.8228 | Train C-index: 0.6650 | Val Loss: 4.1366 | Val C-index: 0.7620
Epoch 25/30 | Train Loss: 2.7940 | Train C-index: 0.6722 | Val Loss: 4.2691 | Val C-index: 0.6911
Epoch 26/30 | Train Loss: 2.8669 | Train C-index: 0.6473 | Val Loss: 4.1810 | Val C-index: 0.7610
Epoch 27/30 | Train Loss: 2.7661 | Train C-index: 0.6591 | Val Loss: 4.1176 | Val C-index: 0.7457
Epoch 28/30 | Train Loss: 2.7844 | Train C-index: 0.6326 | Val Loss: 4.2212 | Val C-index: 0.7413
Epoch 29/30 | Train Loss: 2.8195 | Train C-index: 0.5647 | Val Loss: 4.1198 | Val C-index: 0.7571
Epoch 30/30 | Train Loss: 2.7985 | Train C-index: 0.6699 | Val Loss: 4.1954 | Val C-index: 0.7052
Fold 4 best C-index: 0.7620

Extra survival metrics:
cutoff_from_train_median: 1.810952
n_test: 124
n_high_risk: 63
n_low_risk: 61
n_event_test: 46
logrank_stat: 35.253769
logrank_p: 0.000000
auc_36m: 0.816858
auc_60m: 0.785146
HR_high_vs_low: 7.954608
HR_95CI_lower: 3.544138
HR_95CI_upper: 17.853644
cox_p: 0.000000

==================================================
5-Fold CV Summary
==================================================
  C-index mean: 0.6918
