nohup: ignoring input
Using Device: cuda | ROI: 96
PA: abmil | CT: resnet18 | Fusion: bilinear | Augment: True
LR: 0.0001 | CT Backbone LR: 0.0001
Loss: Fused Cox + 0.3*CT + 0.3*PA
CT pretrained: /home/gly001/cqj/pa_ct_surv/model/ct_pretrain/resnet_18_23dataset.pth
Checkpoints: /home/gly001/cqj/pa_ct_surv/checkpoints/pact_v2/pact/bilinear_nol2_ep50/seed42
Results: /home/gly001/cqj/pa_ct_surv/results/pact_v2/pact/bilinear_nol2_ep50/seed42
Loaded 777 paired samples
Locked split: train=625, test=152
Test set is not accessed during CV

==================================================
Fold 1/5
==================================================
[ResNetCox] Loaded pretrained from /home/gly001/cqj/pa_ct_surv/model/ct_pretrain/resnet_18_23dataset.pth
  Missing keys (ok): ['fc.weight', 'fc.bias']
Epoch 1/50 | Train Loss: 5.9354 (Fused: 3.7176) | Train C-index: 0.7243 | Val Fused: 0.6948 | Val CT: 0.5136 | Val PA: 0.6943
Epoch 2/50 | Train Loss: 5.7873 (Fused: 3.5761) | Train C-index: 0.7313 | Val Fused: 0.6851 | Val CT: 0.5263 | Val PA: 0.7050
Epoch 3/50 | Train Loss: 5.6933 (Fused: 3.5252) | Train C-index: 0.7444 | Val Fused: 0.6838 | Val CT: 0.5228 | Val PA: 0.7058
Epoch 4/50 | Train Loss: 5.6007 (Fused: 3.4426) | Train C-index: 0.7610 | Val Fused: 0.6940 | Val CT: 0.5947 | Val PA: 0.7093
Epoch 5/50 | Train Loss: 5.3969 (Fused: 3.2669) | Train C-index: 0.7749 | Val Fused: 0.6958 | Val CT: 0.6064 | Val PA: 0.7110
Epoch 6/50 | Train Loss: 5.3873 (Fused: 3.2567) | Train C-index: 0.7921 | Val Fused: 0.6935 | Val CT: 0.6381 | Val PA: 0.7070
Epoch 7/50 | Train Loss: 5.1751 (Fused: 3.0875) | Train C-index: 0.8039 | Val Fused: 0.6796 | Val CT: 0.5708 | Val PA: 0.7063
Epoch 8/50 | Train Loss: 5.0524 (Fused: 2.9846) | Train C-index: 0.8378 | Val Fused: 0.7043 | Val CT: 0.5810 | Val PA: 0.7098
Epoch 9/50 | Train Loss: 4.9612 (Fused: 2.8880) | Train C-index: 0.8594 | Val Fused: 0.7068 | Val CT: 0.6691 | Val PA: 0.7100
Epoch 10/50 | Train Loss: 4.7279 (Fused: 2.6679) | Train C-index: 0.8491 | Val Fused: 0.7108 | Val CT: 0.6504 | Val PA: 0.7123
Epoch 11/50 | Train Loss: 4.8132 (Fused: 2.7709) | Train C-index: 0.8759 | Val Fused: 0.7215 | Val CT: 0.6389 | Val PA: 0.7167
Epoch 12/50 | Train Loss: 4.6717 (Fused: 2.6457) | Train C-index: 0.8640 | Val Fused: 0.7143 | Val CT: 0.7375 | Val PA: 0.7143
Epoch 13/50 | Train Loss: 4.6440 (Fused: 2.6297) | Train C-index: 0.8825 | Val Fused: 0.7177 | Val CT: 0.7083 | Val PA: 0.7145
Epoch 14/50 | Train Loss: 4.5657 (Fused: 2.5679) | Train C-index: 0.8824 | Val Fused: 0.7205 | Val CT: 0.7152 | Val PA: 0.7170
Epoch 15/50 | Train Loss: 4.6372 (Fused: 2.6428) | Train C-index: 0.8862 | Val Fused: 0.7230 | Val CT: 0.7143 | Val PA: 0.7150
Epoch 16/50 | Train Loss: 4.4319 (Fused: 2.4636) | Train C-index: 0.8980 | Val Fused: 0.7375 | Val CT: 0.7377 | Val PA: 0.7103
Epoch 17/50 | Train Loss: 4.1898 (Fused: 2.2441) | Train C-index: 0.9026 | Val Fused: 0.7282 | Val CT: 0.7068 | Val PA: 0.7205
Epoch 18/50 | Train Loss: 4.1725 (Fused: 2.2447) | Train C-index: 0.9025 | Val Fused: 0.7085 | Val CT: 0.6843 | Val PA: 0.7187
Epoch 19/50 | Train Loss: 4.2514 (Fused: 2.3277) | Train C-index: 0.9081 | Val Fused: 0.7162 | Val CT: 0.7018 | Val PA: 0.7130
Epoch 20/50 | Train Loss: 3.9735 (Fused: 2.0550) | Train C-index: 0.9195 | Val Fused: 0.7330 | Val CT: 0.7170 | Val PA: 0.7205
Epoch 21/50 | Train Loss: 3.8744 (Fused: 1.9954) | Train C-index: 0.9085 | Val Fused: 0.7350 | Val CT: 0.7282 | Val PA: 0.7185
Epoch 22/50 | Train Loss: 3.9274 (Fused: 2.0609) | Train C-index: 0.9202 | Val Fused: 0.7407 | Val CT: 0.7417 | Val PA: 0.7225
Epoch 23/50 | Train Loss: 3.7745 (Fused: 1.9386) | Train C-index: 0.9195 | Val Fused: 0.7028 | Val CT: 0.7335 | Val PA: 0.7200
Epoch 24/50 | Train Loss: 3.7616 (Fused: 1.9369) | Train C-index: 0.9260 | Val Fused: 0.6993 | Val CT: 0.7157 | Val PA: 0.7128
Epoch 25/50 | Train Loss: 3.7465 (Fused: 1.9377) | Train C-index: 0.9191 | Val Fused: 0.7267 | Val CT: 0.7360 | Val PA: 0.7192
Epoch 26/50 | Train Loss: 3.7381 (Fused: 1.9413) | Train C-index: 0.9187 | Val Fused: 0.7205 | Val CT: 0.6983 | Val PA: 0.7133
Epoch 27/50 | Train Loss: 3.7107 (Fused: 1.9418) | Train C-index: 0.9201 | Val Fused: 0.6973 | Val CT: 0.6938 | Val PA: 0.7028
Epoch 28/50 | Train Loss: 3.6300 (Fused: 1.8748) | Train C-index: 0.9263 | Val Fused: 0.7237 | Val CT: 0.7018 | Val PA: 0.7108
Epoch 29/50 | Train Loss: 3.5964 (Fused: 1.8820) | Train C-index: 0.9217 | Val Fused: 0.7375 | Val CT: 0.7162 | Val PA: 0.7145
Epoch 30/50 | Train Loss: 3.7574 (Fused: 2.0419) | Train C-index: 0.9312 | Val Fused: 0.7023 | Val CT: 0.7125 | Val PA: 0.7053
Epoch 31/50 | Train Loss: 3.5098 (Fused: 1.8162) | Train C-index: 0.9343 | Val Fused: 0.6985 | Val CT: 0.6973 | Val PA: 0.7080
Epoch 32/50 | Train Loss: 3.4287 (Fused: 1.7493) | Train C-index: 0.9382 | Val Fused: 0.7080 | Val CT: 0.6798 | Val PA: 0.7083
Epoch 33/50 | Train Loss: 3.4052 (Fused: 1.7243) | Train C-index: 0.9388 | Val Fused: 0.6858 | Val CT: 0.6806 | Val PA: 0.7008
Epoch 34/50 | Train Loss: 3.2668 (Fused: 1.6149) | Train C-index: 0.9379 | Val Fused: 0.6928 | Val CT: 0.6875 | Val PA: 0.7020
Epoch 35/50 | Train Loss: 3.2421 (Fused: 1.6256) | Train C-index: 0.9385 | Val Fused: 0.7237 | Val CT: 0.7187 | Val PA: 0.7040
Epoch 36/50 | Train Loss: 3.1386 (Fused: 1.5317) | Train C-index: 0.9462 | Val Fused: 0.7018 | Val CT: 0.7185 | Val PA: 0.7048
Epoch 37/50 | Train Loss: 3.2464 (Fused: 1.6454) | Train C-index: 0.9381 | Val Fused: 0.6893 | Val CT: 0.7058 | Val PA: 0.7000
Early stopping at epoch 37
Fold 0 final C-index: 0.7407

Extra survival metrics:
cutoff_from_train_median: -3.351826
n_test: 125
n_high_risk: 58
n_low_risk: 67
n_event_test: 47
logrank_stat: 15.756512
logrank_p: 0.000072
auc_36m: 0.809818
auc_60m: 0.784183
mean_auc: 0.804088
HR_high_vs_low: 3.246491
HR_95CI_lower: 1.752560
HR_95CI_upper: 6.013892
cox_p: 0.000181

==================================================
Fold 2/5
==================================================
[ResNetCox] Loaded pretrained from /home/gly001/cqj/pa_ct_surv/model/ct_pretrain/resnet_18_23dataset.pth
  Missing keys (ok): ['fc.weight', 'fc.bias']
Epoch 1/50 | Train Loss: 5.9008 (Fused: 3.7116) | Train C-index: 0.7188 | Val Fused: 0.6934 | Val CT: 0.5559 | Val PA: 0.6943
Epoch 2/50 | Train Loss: 5.7709 (Fused: 3.5770) | Train C-index: 0.7399 | Val Fused: 0.7106 | Val CT: 0.5574 | Val PA: 0.7016
Epoch 3/50 | Train Loss: 5.5320 (Fused: 3.3868) | Train C-index: 0.7653 | Val Fused: 0.7043 | Val CT: 0.5837 | Val PA: 0.7052
Epoch 4/50 | Train Loss: 5.4178 (Fused: 3.2939) | Train C-index: 0.7806 | Val Fused: 0.6963 | Val CT: 0.5932 | Val PA: 0.7079
Epoch 5/50 | Train Loss: 5.4324 (Fused: 3.3141) | Train C-index: 0.7865 | Val Fused: 0.6963 | Val CT: 0.5709 | Val PA: 0.7115
Epoch 6/50 | Train Loss: 5.3239 (Fused: 3.2248) | Train C-index: 0.7880 | Val Fused: 0.6832 | Val CT: 0.5339 | Val PA: 0.7164
Epoch 7/50 | Train Loss: 5.2628 (Fused: 3.1829) | Train C-index: 0.8186 | Val Fused: 0.6779 | Val CT: 0.5554 | Val PA: 0.7166
Epoch 8/50 | Train Loss: 5.0948 (Fused: 3.0353) | Train C-index: 0.8306 | Val Fused: 0.6975 | Val CT: 0.5208 | Val PA: 0.7197
Epoch 9/50 | Train Loss: 4.9891 (Fused: 2.9445) | Train C-index: 0.8283 | Val Fused: 0.6779 | Val CT: 0.5184 | Val PA: 0.7236
Epoch 10/50 | Train Loss: 4.8645 (Fused: 2.8365) | Train C-index: 0.8544 | Val Fused: 0.6987 | Val CT: 0.4809 | Val PA: 0.7256
Epoch 11/50 | Train Loss: 4.7735 (Fused: 2.7647) | Train C-index: 0.8646 | Val Fused: 0.6854 | Val CT: 0.5288 | Val PA: 0.7253
Epoch 12/50 | Train Loss: 4.5945 (Fused: 2.6053) | Train C-index: 0.8683 | Val Fused: 0.6985 | Val CT: 0.5849 | Val PA: 0.7222
Epoch 13/50 | Train Loss: 4.4816 (Fused: 2.5112) | Train C-index: 0.8762 | Val Fused: 0.6774 | Val CT: 0.5566 | Val PA: 0.7193
Epoch 14/50 | Train Loss: 4.5512 (Fused: 2.5617) | Train C-index: 0.8862 | Val Fused: 0.6926 | Val CT: 0.5499 | Val PA: 0.7202
Epoch 15/50 | Train Loss: 4.3508 (Fused: 2.3976) | Train C-index: 0.8932 | Val Fused: 0.6653 | Val CT: 0.5980 | Val PA: 0.7178
Epoch 16/50 | Train Loss: 4.2473 (Fused: 2.3303) | Train C-index: 0.8910 | Val Fused: 0.6871 | Val CT: 0.5799 | Val PA: 0.7142
Epoch 17/50 | Train Loss: 4.1247 (Fused: 2.2376) | Train C-index: 0.8951 | Val Fused: 0.6701 | Val CT: 0.6409 | Val PA: 0.7076
Early stopping at epoch 17
Fold 1 final C-index: 0.7106

Extra survival metrics:
cutoff_from_train_median: -0.526675
n_test: 125
n_high_risk: 70
n_low_risk: 55
n_event_test: 47
logrank_stat: 12.215916
logrank_p: 0.000474
auc_36m: 0.743206
auc_60m: 0.660217
mean_auc: 0.713710
HR_high_vs_low: 3.140586
HR_95CI_lower: 1.596153
HR_95CI_upper: 6.179408
cox_p: 0.000920

==================================================
Fold 3/5
==================================================
[ResNetCox] Loaded pretrained from /home/gly001/cqj/pa_ct_surv/model/ct_pretrain/resnet_18_23dataset.pth
  Missing keys (ok): ['fc.weight', 'fc.bias']
Epoch 1/50 | Train Loss: 5.8095 (Fused: 3.6166) | Train C-index: 0.7181 | Val Fused: 0.6616 | Val CT: 0.4571 | Val PA: 0.6528
Epoch 2/50 | Train Loss: 5.6659 (Fused: 3.4942) | Train C-index: 0.7362 | Val Fused: 0.6854 | Val CT: 0.5529 | Val PA: 0.6661
Epoch 3/50 | Train Loss: 5.5706 (Fused: 3.4137) | Train C-index: 0.7544 | Val Fused: 0.6625 | Val CT: 0.5265 | Val PA: 0.6773
Epoch 4/50 | Train Loss: 5.5541 (Fused: 3.4213) | Train C-index: 0.7712 | Val Fused: 0.6730 | Val CT: 0.5679 | Val PA: 0.6797
Epoch 5/50 | Train Loss: 5.4091 (Fused: 3.3036) | Train C-index: 0.7972 | Val Fused: 0.6776 | Val CT: 0.6215 | Val PA: 0.6797
Epoch 6/50 | Train Loss: 5.2357 (Fused: 3.1501) | Train C-index: 0.8151 | Val Fused: 0.6642 | Val CT: 0.6456 | Val PA: 0.6780
Epoch 7/50 | Train Loss: 5.1269 (Fused: 3.0391) | Train C-index: 0.8235 | Val Fused: 0.6888 | Val CT: 0.6635 | Val PA: 0.6776
Epoch 8/50 | Train Loss: 4.9416 (Fused: 2.8836) | Train C-index: 0.8411 | Val Fused: 0.6663 | Val CT: 0.6208 | Val PA: 0.6776
Epoch 9/50 | Train Loss: 4.9099 (Fused: 2.8735) | Train C-index: 0.8246 | Val Fused: 0.6892 | Val CT: 0.6490 | Val PA: 0.6768
Epoch 10/50 | Train Loss: 4.8073 (Fused: 2.7811) | Train C-index: 0.8492 | Val Fused: 0.6463 | Val CT: 0.6387 | Val PA: 0.6761
Epoch 11/50 | Train Loss: 4.8241 (Fused: 2.8026) | Train C-index: 0.8374 | Val Fused: 0.6809 | Val CT: 0.6506 | Val PA: 0.6806
Epoch 12/50 | Train Loss: 4.6459 (Fused: 2.6364) | Train C-index: 0.8727 | Val Fused: 0.6947 | Val CT: 0.6945 | Val PA: 0.6795
Epoch 13/50 | Train Loss: 4.7964 (Fused: 2.8059) | Train C-index: 0.8827 | Val Fused: 0.6745 | Val CT: 0.6523 | Val PA: 0.6776
Epoch 14/50 | Train Loss: 4.4974 (Fused: 2.5157) | Train C-index: 0.8773 | Val Fused: 0.7019 | Val CT: 0.6630 | Val PA: 0.6787
Epoch 15/50 | Train Loss: 4.6312 (Fused: 2.6759) | Train C-index: 0.8763 | Val Fused: 0.6969 | Val CT: 0.6768 | Val PA: 0.6778
Epoch 16/50 | Train Loss: 4.3199 (Fused: 2.3932) | Train C-index: 0.8718 | Val Fused: 0.6454 | Val CT: 0.6335 | Val PA: 0.6773
Epoch 17/50 | Train Loss: 4.3214 (Fused: 2.4005) | Train C-index: 0.8853 | Val Fused: 0.6928 | Val CT: 0.6482 | Val PA: 0.6747
Epoch 18/50 | Train Loss: 4.2812 (Fused: 2.3810) | Train C-index: 0.8846 | Val Fused: 0.7090 | Val CT: 0.7126 | Val PA: 0.6721
Epoch 19/50 | Train Loss: 4.0403 (Fused: 2.1669) | Train C-index: 0.8908 | Val Fused: 0.6883 | Val CT: 0.6473 | Val PA: 0.6694
Epoch 20/50 | Train Loss: 3.9265 (Fused: 2.0574) | Train C-index: 0.9069 | Val Fused: 0.6990 | Val CT: 0.6897 | Val PA: 0.6625
Epoch 21/50 | Train Loss: 3.9069 (Fused: 2.0565) | Train C-index: 0.9165 | Val Fused: 0.7033 | Val CT: 0.6933 | Val PA: 0.6621
Epoch 22/50 | Train Loss: 3.8274 (Fused: 1.9954) | Train C-index: 0.9086 | Val Fused: 0.6926 | Val CT: 0.6528 | Val PA: 0.6652
Epoch 23/50 | Train Loss: 4.0025 (Fused: 2.1792) | Train C-index: 0.9216 | Val Fused: 0.6926 | Val CT: 0.6992 | Val PA: 0.6563
Epoch 24/50 | Train Loss: 3.7768 (Fused: 1.9984) | Train C-index: 0.9129 | Val Fused: 0.7092 | Val CT: 0.6914 | Val PA: 0.6628
Epoch 25/50 | Train Loss: 3.8447 (Fused: 2.0701) | Train C-index: 0.9297 | Val Fused: 0.6675 | Val CT: 0.6864 | Val PA: 0.6642
Epoch 26/50 | Train Loss: 3.7702 (Fused: 2.0014) | Train C-index: 0.9275 | Val Fused: 0.6714 | Val CT: 0.7066 | Val PA: 0.6578
Epoch 27/50 | Train Loss: 3.5483 (Fused: 1.8236) | Train C-index: 0.9383 | Val Fused: 0.6594 | Val CT: 0.7031 | Val PA: 0.6556
Epoch 28/50 | Train Loss: 3.4069 (Fused: 1.7109) | Train C-index: 0.9338 | Val Fused: 0.6897 | Val CT: 0.7197 | Val PA: 0.6580
Epoch 29/50 | Train Loss: 3.5187 (Fused: 1.8297) | Train C-index: 0.9276 | Val Fused: 0.6654 | Val CT: 0.6578 | Val PA: 0.6542
Epoch 30/50 | Train Loss: 3.5186 (Fused: 1.8444) | Train C-index: 0.9403 | Val Fused: 0.6799 | Val CT: 0.6509 | Val PA: 0.6516
Epoch 31/50 | Train Loss: 3.3540 (Fused: 1.6800) | Train C-index: 0.9345 | Val Fused: 0.6718 | Val CT: 0.6659 | Val PA: 0.6478
Epoch 32/50 | Train Loss: 3.2498 (Fused: 1.6057) | Train C-index: 0.9449 | Val Fused: 0.6961 | Val CT: 0.6911 | Val PA: 0.6494
Epoch 33/50 | Train Loss: 3.1810 (Fused: 1.5440) | Train C-index: 0.9347 | Val Fused: 0.6842 | Val CT: 0.6675 | Val PA: 0.6466
Epoch 34/50 | Train Loss: 3.3193 (Fused: 1.6782) | Train C-index: 0.9422 | Val Fused: 0.7021 | Val CT: 0.7157 | Val PA: 0.6513
Epoch 35/50 | Train Loss: 3.3026 (Fused: 1.6946) | Train C-index: 0.9339 | Val Fused: 0.6694 | Val CT: 0.6604 | Val PA: 0.6470
Epoch 36/50 | Train Loss: 3.2056 (Fused: 1.6020) | Train C-index: 0.9393 | Val Fused: 0.6702 | Val CT: 0.6764 | Val PA: 0.6411
Epoch 37/50 | Train Loss: 3.2093 (Fused: 1.6509) | Train C-index: 0.9429 | Val Fused: 0.6764 | Val CT: 0.6840 | Val PA: 0.6432
Epoch 38/50 | Train Loss: 3.0694 (Fused: 1.5035) | Train C-index: 0.9415 | Val Fused: 0.6830 | Val CT: 0.6647 | Val PA: 0.6387
Epoch 39/50 | Train Loss: 3.1781 (Fused: 1.6108) | Train C-index: 0.9420 | Val Fused: 0.6754 | Val CT: 0.6745 | Val PA: 0.6313
Early stopping at epoch 39
Fold 2 final C-index: 0.7092

Extra survival metrics:
cutoff_from_train_median: -1.552507
n_test: 125
n_high_risk: 66
n_low_risk: 59
n_event_test: 47
logrank_stat: 16.080766
logrank_p: 0.000061
auc_36m: 0.749821
auc_60m: 0.715628
mean_auc: 0.741326
HR_high_vs_low: 3.531317
HR_95CI_lower: 1.829501
HR_95CI_upper: 6.816174
cox_p: 0.000170

==================================================
Fold 4/5
==================================================
[ResNetCox] Loaded pretrained from /home/gly001/cqj/pa_ct_surv/model/ct_pretrain/resnet_18_23dataset.pth
  Missing keys (ok): ['fc.weight', 'fc.bias']
Epoch 1/50 | Train Loss: 5.8397 (Fused: 3.6416) | Train C-index: 0.6985 | Val Fused: 0.7074 | Val CT: 0.6196 | Val PA: 0.7320
Epoch 2/50 | Train Loss: 5.7205 (Fused: 3.5434) | Train C-index: 0.7115 | Val Fused: 0.7630 | Val CT: 0.6371 | Val PA: 0.7562
Epoch 3/50 | Train Loss: 5.6450 (Fused: 3.4781) | Train C-index: 0.7363 | Val Fused: 0.7765 | Val CT: 0.6307 | Val PA: 0.7656
Epoch 4/50 | Train Loss: 5.5593 (Fused: 3.4048) | Train C-index: 0.7561 | Val Fused: 0.7708 | Val CT: 0.6283 | Val PA: 0.7687
Epoch 5/50 | Train Loss: 5.4817 (Fused: 3.3636) | Train C-index: 0.7712 | Val Fused: 0.7230 | Val CT: 0.6525 | Val PA: 0.7725
Epoch 6/50 | Train Loss: 5.3479 (Fused: 3.2176) | Train C-index: 0.7443 | Val Fused: 0.7100 | Val CT: 0.6018 | Val PA: 0.7770
Epoch 7/50 | Train Loss: 5.2016 (Fused: 3.1019) | Train C-index: 0.8080 | Val Fused: 0.7133 | Val CT: 0.6170 | Val PA: 0.7791
Epoch 8/50 | Train Loss: 5.0705 (Fused: 3.0042) | Train C-index: 0.8094 | Val Fused: 0.7143 | Val CT: 0.6276 | Val PA: 0.7841
Epoch 9/50 | Train Loss: 5.0483 (Fused: 2.9762) | Train C-index: 0.8193 | Val Fused: 0.7777 | Val CT: 0.6657 | Val PA: 0.7831
Epoch 10/50 | Train Loss: 4.9900 (Fused: 2.9377) | Train C-index: 0.8189 | Val Fused: 0.7505 | Val CT: 0.6143 | Val PA: 0.7857
Epoch 11/50 | Train Loss: 4.8656 (Fused: 2.8225) | Train C-index: 0.8206 | Val Fused: 0.6752 | Val CT: 0.6394 | Val PA: 0.7865
Epoch 12/50 | Train Loss: 4.7303 (Fused: 2.7135) | Train C-index: 0.8406 | Val Fused: 0.7086 | Val CT: 0.6020 | Val PA: 0.7891
Epoch 13/50 | Train Loss: 4.7032 (Fused: 2.6786) | Train C-index: 0.8275 | Val Fused: 0.7076 | Val CT: 0.6200 | Val PA: 0.7865
Epoch 14/50 | Train Loss: 4.5867 (Fused: 2.5643) | Train C-index: 0.8512 | Val Fused: 0.7507 | Val CT: 0.6177 | Val PA: 0.7865
Epoch 15/50 | Train Loss: 4.5014 (Fused: 2.5097) | Train C-index: 0.8497 | Val Fused: 0.7344 | Val CT: 0.6063 | Val PA: 0.7888
Epoch 16/50 | Train Loss: 4.1897 (Fused: 2.2270) | Train C-index: 0.8778 | Val Fused: 0.7403 | Val CT: 0.5985 | Val PA: 0.7905
Epoch 17/50 | Train Loss: 4.1802 (Fused: 2.2285) | Train C-index: 0.8813 | Val Fused: 0.7285 | Val CT: 0.6035 | Val PA: 0.7881
Epoch 18/50 | Train Loss: 4.0464 (Fused: 2.1115) | Train C-index: 0.8634 | Val Fused: 0.7282 | Val CT: 0.5793 | Val PA: 0.7971
Epoch 19/50 | Train Loss: 4.1870 (Fused: 2.2609) | Train C-index: 0.8823 | Val Fused: 0.7531 | Val CT: 0.6122 | Val PA: 0.7938
Epoch 20/50 | Train Loss: 4.0981 (Fused: 2.1882) | Train C-index: 0.8809 | Val Fused: 0.7289 | Val CT: 0.6177 | Val PA: 0.7921
Epoch 21/50 | Train Loss: 4.2052 (Fused: 2.3202) | Train C-index: 0.8877 | Val Fused: 0.7311 | Val CT: 0.5947 | Val PA: 0.7936
Epoch 22/50 | Train Loss: 4.1076 (Fused: 2.2352) | Train C-index: 0.8776 | Val Fused: 0.7230 | Val CT: 0.5836 | Val PA: 0.7938
Epoch 23/50 | Train Loss: 3.9574 (Fused: 2.1042) | Train C-index: 0.8900 | Val Fused: 0.7159 | Val CT: 0.6141 | Val PA: 0.7940
Epoch 24/50 | Train Loss: 3.8603 (Fused: 2.0176) | Train C-index: 0.8902 | Val Fused: 0.7495 | Val CT: 0.5994 | Val PA: 0.7919
Early stopping at epoch 24
Fold 3 final C-index: 0.7777

Extra survival metrics:
cutoff_from_train_median: 0.284321
n_test: 125
n_high_risk: 65
n_low_risk: 60
n_event_test: 48
logrank_stat: 33.784815
logrank_p: 0.000000
auc_36m: 0.801774
auc_60m: 0.808105
mean_auc: 0.803071
HR_high_vs_low: 8.427956
HR_95CI_lower: 3.569866
HR_95CI_upper: 19.897229
cox_p: 0.000001

==================================================
Fold 5/5
==================================================
[ResNetCox] Loaded pretrained from /home/gly001/cqj/pa_ct_surv/model/ct_pretrain/resnet_18_23dataset.pth
  Missing keys (ok): ['fc.weight', 'fc.bias']
Epoch 1/50 | Train Loss: 5.8783 (Fused: 3.6692) | Train C-index: 0.7103 | Val Fused: 0.7147 | Val CT: 0.4778 | Val PA: 0.6866
Epoch 2/50 | Train Loss: 5.7090 (Fused: 3.5319) | Train C-index: 0.7366 | Val Fused: 0.6854 | Val CT: 0.4577 | Val PA: 0.6961
Epoch 3/50 | Train Loss: 5.5755 (Fused: 3.4030) | Train C-index: 0.7597 | Val Fused: 0.6905 | Val CT: 0.4522 | Val PA: 0.6997
Epoch 4/50 | Train Loss: 5.4571 (Fused: 3.3165) | Train C-index: 0.7772 | Val Fused: 0.7200 | Val CT: 0.4384 | Val PA: 0.7050
Epoch 5/50 | Train Loss: 5.3284 (Fused: 3.2126) | Train C-index: 0.7896 | Val Fused: 0.6876 | Val CT: 0.4485 | Val PA: 0.7099
Epoch 6/50 | Train Loss: 5.2589 (Fused: 3.1525) | Train C-index: 0.8003 | Val Fused: 0.6905 | Val CT: 0.3916 | Val PA: 0.7157
Epoch 7/50 | Train Loss: 5.2740 (Fused: 3.1700) | Train C-index: 0.8231 | Val Fused: 0.6827 | Val CT: 0.4846 | Val PA: 0.7198
Epoch 8/50 | Train Loss: 5.1033 (Fused: 3.0175) | Train C-index: 0.8350 | Val Fused: 0.6808 | Val CT: 0.5084 | Val PA: 0.7188
Epoch 9/50 | Train Loss: 4.9598 (Fused: 2.9001) | Train C-index: 0.8497 | Val Fused: 0.6810 | Val CT: 0.4175 | Val PA: 0.7188
Epoch 10/50 | Train Loss: 4.8235 (Fused: 2.7881) | Train C-index: 0.8598 | Val Fused: 0.6837 | Val CT: 0.5318 | Val PA: 0.7195
Epoch 11/50 | Train Loss: 4.6070 (Fused: 2.5962) | Train C-index: 0.8782 | Val Fused: 0.6769 | Val CT: 0.5171 | Val PA: 0.7159
Epoch 12/50 | Train Loss: 4.5772 (Fused: 2.5733) | Train C-index: 0.8744 | Val Fused: 0.6653 | Val CT: 0.4434 | Val PA: 0.7162
Epoch 13/50 | Train Loss: 4.5921 (Fused: 2.5974) | Train C-index: 0.8643 | Val Fused: 0.6638 | Val CT: 0.3676 | Val PA: 0.7159
Epoch 14/50 | Train Loss: 4.4518 (Fused: 2.4875) | Train C-index: 0.8876 | Val Fused: 0.6776 | Val CT: 0.4573 | Val PA: 0.7188
Epoch 15/50 | Train Loss: 4.3260 (Fused: 2.3938) | Train C-index: 0.8944 | Val Fused: 0.6496 | Val CT: 0.4798 | Val PA: 0.7142
Epoch 16/50 | Train Loss: 4.2873 (Fused: 2.3511) | Train C-index: 0.8784 | Val Fused: 0.6789 | Val CT: 0.3974 | Val PA: 0.7164
Epoch 17/50 | Train Loss: 4.3112 (Fused: 2.3839) | Train C-index: 0.8913 | Val Fused: 0.6585 | Val CT: 0.4611 | Val PA: 0.7132
Epoch 18/50 | Train Loss: 4.2884 (Fused: 2.3678) | Train C-index: 0.8884 | Val Fused: 0.6772 | Val CT: 0.3601 | Val PA: 0.7149
Epoch 19/50 | Train Loss: 4.0396 (Fused: 2.1477) | Train C-index: 0.9095 | Val Fused: 0.6910 | Val CT: 0.4362 | Val PA: 0.7195
Early stopping at epoch 19
Fold 4 final C-index: 0.7200

Extra survival metrics:
cutoff_from_train_median: 0.280533
n_test: 125
n_high_risk: 58
n_low_risk: 67
n_event_test: 48
logrank_stat: 29.143541
logrank_p: 0.000000
auc_36m: 0.769132
auc_60m: 0.765721
mean_auc: 0.768096
HR_high_vs_low: 5.315876
HR_95CI_lower: 2.700615
HR_95CI_upper: 10.463743
cox_p: 0.000001

==================================================
5-Fold CV Summary
==================================================
  C-index: 0.7316 +/- 0.0287
