nohup: ignoring input
Using Device: cuda | ROI: 96
PA: abmil | CT: resnet18 | Fusion: crossattn | Augment: True
LR: 0.0001 | CT Backbone LR: 0.0001
Loss: Fused Cox + 0.3*CT + 0.3*PA
CT pretrained: /home/gly001/cqj/pa_ct_surv/model/ct_pretrain/resnet_18_23dataset.pth
Checkpoints: /home/gly001/cqj/pa_ct_surv/checkpoints/pact_v2/pact/crossattn_ep50/seed42
Results: /home/gly001/cqj/pa_ct_surv/results/pact_v2/pact/crossattn_ep50/seed42
Loaded 777 paired samples
Locked split: train=625, test=152
Test set is not accessed during CV

==================================================
Fold 1/5
==================================================
[ResNetCox] Loaded pretrained from /home/gly001/cqj/pa_ct_surv/model/ct_pretrain/resnet_18_23dataset.pth
  Missing keys (ok): ['fc.weight', 'fc.bias']
Epoch 1/50 | Train Loss: 5.7746 (Fused: 3.5606) | Train C-index: 0.7339 | Val Fused: 0.7145 | Val CT: 0.6172 | Val PA: 0.7028
Epoch 2/50 | Train Loss: 5.6512 (Fused: 3.4580) | Train C-index: 0.7562 | Val Fused: 0.7200 | Val CT: 0.5772 | Val PA: 0.7053
Epoch 3/50 | Train Loss: 5.4137 (Fused: 3.2527) | Train C-index: 0.7743 | Val Fused: 0.7182 | Val CT: 0.6753 | Val PA: 0.7065
Epoch 4/50 | Train Loss: 5.3612 (Fused: 3.2438) | Train C-index: 0.7948 | Val Fused: 0.7140 | Val CT: 0.6549 | Val PA: 0.7045
Epoch 5/50 | Train Loss: 5.3089 (Fused: 3.1905) | Train C-index: 0.8156 | Val Fused: 0.7200 | Val CT: 0.6841 | Val PA: 0.7128
Epoch 6/50 | Train Loss: 5.0717 (Fused: 2.9942) | Train C-index: 0.8280 | Val Fused: 0.7152 | Val CT: 0.6753 | Val PA: 0.7088
Epoch 7/50 | Train Loss: 4.9254 (Fused: 2.8949) | Train C-index: 0.8470 | Val Fused: 0.6900 | Val CT: 0.7115 | Val PA: 0.7058
Epoch 8/50 | Train Loss: 4.7388 (Fused: 2.7264) | Train C-index: 0.8674 | Val Fused: 0.7025 | Val CT: 0.6586 | Val PA: 0.7055
Epoch 9/50 | Train Loss: 4.5047 (Fused: 2.5208) | Train C-index: 0.8761 | Val Fused: 0.6923 | Val CT: 0.6661 | Val PA: 0.6983
Epoch 10/50 | Train Loss: 4.4226 (Fused: 2.4669) | Train C-index: 0.8939 | Val Fused: 0.7055 | Val CT: 0.7070 | Val PA: 0.7053
Epoch 11/50 | Train Loss: 4.2756 (Fused: 2.3208) | Train C-index: 0.9021 | Val Fused: 0.7030 | Val CT: 0.6668 | Val PA: 0.7088
Epoch 12/50 | Train Loss: 4.0808 (Fused: 2.1670) | Train C-index: 0.9012 | Val Fused: 0.6708 | Val CT: 0.7295 | Val PA: 0.7013
Epoch 13/50 | Train Loss: 4.0245 (Fused: 2.1249) | Train C-index: 0.9052 | Val Fused: 0.7147 | Val CT: 0.6441 | Val PA: 0.7085
Epoch 14/50 | Train Loss: 4.0413 (Fused: 2.1404) | Train C-index: 0.9189 | Val Fused: 0.6668 | Val CT: 0.6272 | Val PA: 0.7010
Epoch 15/50 | Train Loss: 3.9753 (Fused: 2.1379) | Train C-index: 0.9070 | Val Fused: 0.6778 | Val CT: 0.6578 | Val PA: 0.6910
Epoch 16/50 | Train Loss: 3.8744 (Fused: 2.0274) | Train C-index: 0.9250 | Val Fused: 0.6875 | Val CT: 0.6596 | Val PA: 0.6960
Epoch 17/50 | Train Loss: 3.7977 (Fused: 1.9727) | Train C-index: 0.9324 | Val Fused: 0.6900 | Val CT: 0.6691 | Val PA: 0.7035
Early stopping at epoch 17
Fold 0 final C-index: 0.7200

Extra survival metrics:
cutoff_from_train_median: 0.634727
n_test: 125
n_high_risk: 62
n_low_risk: 63
n_event_test: 47
logrank_stat: 12.817850
logrank_p: 0.000343
auc_36m: 0.777150
auc_60m: 0.761639
mean_auc: 0.773683
HR_high_vs_low: 2.993214
HR_95CI_lower: 1.591819
HR_95CI_upper: 5.628360
cox_p: 0.000667

==================================================
Fold 2/5
==================================================
[ResNetCox] Loaded pretrained from /home/gly001/cqj/pa_ct_surv/model/ct_pretrain/resnet_18_23dataset.pth
  Missing keys (ok): ['fc.weight', 'fc.bias']
Epoch 1/50 | Train Loss: 5.7929 (Fused: 3.6058) | Train C-index: 0.7324 | Val Fused: 0.6871 | Val CT: 0.6372 | Val PA: 0.6977
Epoch 2/50 | Train Loss: 5.5279 (Fused: 3.3580) | Train C-index: 0.7552 | Val Fused: 0.6948 | Val CT: 0.6542 | Val PA: 0.6897
Epoch 3/50 | Train Loss: 5.5074 (Fused: 3.3518) | Train C-index: 0.7742 | Val Fused: 0.7001 | Val CT: 0.6290 | Val PA: 0.6929
Epoch 4/50 | Train Loss: 5.2936 (Fused: 3.1895) | Train C-index: 0.8033 | Val Fused: 0.7011 | Val CT: 0.6067 | Val PA: 0.6970
Epoch 5/50 | Train Loss: 5.0767 (Fused: 2.9981) | Train C-index: 0.8280 | Val Fused: 0.6834 | Val CT: 0.6290 | Val PA: 0.6985
Epoch 6/50 | Train Loss: 4.9404 (Fused: 2.8800) | Train C-index: 0.8429 | Val Fused: 0.6895 | Val CT: 0.6154 | Val PA: 0.7030
Epoch 7/50 | Train Loss: 4.7523 (Fused: 2.7143) | Train C-index: 0.8541 | Val Fused: 0.6912 | Val CT: 0.5920 | Val PA: 0.7154
Epoch 8/50 | Train Loss: 4.6266 (Fused: 2.6083) | Train C-index: 0.8752 | Val Fused: 0.6970 | Val CT: 0.4787 | Val PA: 0.7164
Epoch 9/50 | Train Loss: 4.4146 (Fused: 2.4364) | Train C-index: 0.8745 | Val Fused: 0.6849 | Val CT: 0.5731 | Val PA: 0.7195
Epoch 10/50 | Train Loss: 4.2976 (Fused: 2.3279) | Train C-index: 0.8869 | Val Fused: 0.6960 | Val CT: 0.5680 | Val PA: 0.7205
Epoch 11/50 | Train Loss: 4.1967 (Fused: 2.2493) | Train C-index: 0.9061 | Val Fused: 0.6728 | Val CT: 0.5828 | Val PA: 0.7161
Epoch 12/50 | Train Loss: 4.0149 (Fused: 2.0927) | Train C-index: 0.9066 | Val Fused: 0.6847 | Val CT: 0.5859 | Val PA: 0.7154
Epoch 13/50 | Train Loss: 4.2302 (Fused: 2.3227) | Train C-index: 0.8927 | Val Fused: 0.6914 | Val CT: 0.5177 | Val PA: 0.7248
Epoch 14/50 | Train Loss: 4.0487 (Fused: 2.1746) | Train C-index: 0.9072 | Val Fused: 0.6667 | Val CT: 0.5975 | Val PA: 0.7144
Epoch 15/50 | Train Loss: 3.8148 (Fused: 1.9773) | Train C-index: 0.9166 | Val Fused: 0.6788 | Val CT: 0.6116 | Val PA: 0.7103
Epoch 16/50 | Train Loss: 3.7434 (Fused: 1.9097) | Train C-index: 0.9255 | Val Fused: 0.6803 | Val CT: 0.6222 | Val PA: 0.7185
Epoch 17/50 | Train Loss: 3.7092 (Fused: 1.9509) | Train C-index: 0.9240 | Val Fused: 0.6926 | Val CT: 0.5750 | Val PA: 0.7149
Epoch 18/50 | Train Loss: 3.8343 (Fused: 2.0358) | Train C-index: 0.9044 | Val Fused: 0.6917 | Val CT: 0.5924 | Val PA: 0.7115
Epoch 19/50 | Train Loss: 3.6967 (Fused: 1.9495) | Train C-index: 0.9262 | Val Fused: 0.6951 | Val CT: 0.6171 | Val PA: 0.7115
Early stopping at epoch 19
Fold 1 final C-index: 0.7011

Extra survival metrics:
cutoff_from_train_median: -0.314866
n_test: 125
n_high_risk: 69
n_low_risk: 56
n_event_test: 47
logrank_stat: 15.714712
logrank_p: 0.000074
auc_36m: 0.765583
auc_60m: 0.670404
mean_auc: 0.731754
HR_high_vs_low: 3.746574
HR_95CI_lower: 1.859360
HR_95CI_upper: 7.549273
cox_p: 0.000220

==================================================
Fold 3/5
==================================================
[ResNetCox] Loaded pretrained from /home/gly001/cqj/pa_ct_surv/model/ct_pretrain/resnet_18_23dataset.pth
  Missing keys (ok): ['fc.weight', 'fc.bias']
Epoch 1/50 | Train Loss: 5.7710 (Fused: 3.5728) | Train C-index: 0.7498 | Val Fused: 0.6842 | Val CT: 0.3742 | Val PA: 0.6387
Epoch 2/50 | Train Loss: 5.5665 (Fused: 3.4010) | Train C-index: 0.7749 | Val Fused: 0.6797 | Val CT: 0.4061 | Val PA: 0.6518
Epoch 3/50 | Train Loss: 5.3964 (Fused: 3.2622) | Train C-index: 0.7982 | Val Fused: 0.6756 | Val CT: 0.4087 | Val PA: 0.6580
Epoch 4/50 | Train Loss: 5.2901 (Fused: 3.1745) | Train C-index: 0.8175 | Val Fused: 0.6835 | Val CT: 0.4280 | Val PA: 0.6663
Epoch 5/50 | Train Loss: 5.0749 (Fused: 3.0002) | Train C-index: 0.8344 | Val Fused: 0.6961 | Val CT: 0.3942 | Val PA: 0.6740
Epoch 6/50 | Train Loss: 4.8426 (Fused: 2.8050) | Train C-index: 0.8447 | Val Fused: 0.6859 | Val CT: 0.5188 | Val PA: 0.6764
Epoch 7/50 | Train Loss: 4.7473 (Fused: 2.7285) | Train C-index: 0.8594 | Val Fused: 0.6907 | Val CT: 0.5572 | Val PA: 0.6764
Epoch 8/50 | Train Loss: 4.6639 (Fused: 2.6489) | Train C-index: 0.8833 | Val Fused: 0.6992 | Val CT: 0.3866 | Val PA: 0.6837
Epoch 9/50 | Train Loss: 4.4717 (Fused: 2.4896) | Train C-index: 0.8756 | Val Fused: 0.6761 | Val CT: 0.5317 | Val PA: 0.6847
Epoch 10/50 | Train Loss: 4.3593 (Fused: 2.3992) | Train C-index: 0.8976 | Val Fused: 0.6654 | Val CT: 0.5114 | Val PA: 0.6845
Epoch 11/50 | Train Loss: 4.3619 (Fused: 2.4201) | Train C-index: 0.8877 | Val Fused: 0.6551 | Val CT: 0.4726 | Val PA: 0.6756
Epoch 12/50 | Train Loss: 4.1486 (Fused: 2.2363) | Train C-index: 0.9161 | Val Fused: 0.6776 | Val CT: 0.5122 | Val PA: 0.6792
Epoch 13/50 | Train Loss: 4.0395 (Fused: 2.1386) | Train C-index: 0.9185 | Val Fused: 0.6742 | Val CT: 0.5672 | Val PA: 0.6761
Epoch 14/50 | Train Loss: 3.9310 (Fused: 2.0547) | Train C-index: 0.9147 | Val Fused: 0.6473 | Val CT: 0.5577 | Val PA: 0.6783
Epoch 15/50 | Train Loss: 3.7834 (Fused: 1.9592) | Train C-index: 0.9324 | Val Fused: 0.6694 | Val CT: 0.5439 | Val PA: 0.6809
Epoch 16/50 | Train Loss: 3.7737 (Fused: 1.9590) | Train C-index: 0.9234 | Val Fused: 0.6823 | Val CT: 0.5498 | Val PA: 0.6804
Epoch 17/50 | Train Loss: 3.7283 (Fused: 1.9230) | Train C-index: 0.9287 | Val Fused: 0.6702 | Val CT: 0.6509 | Val PA: 0.6723
Epoch 18/50 | Train Loss: 3.7354 (Fused: 1.9584) | Train C-index: 0.9236 | Val Fused: 0.6587 | Val CT: 0.5408 | Val PA: 0.6692
Epoch 19/50 | Train Loss: 3.8078 (Fused: 2.0507) | Train C-index: 0.9367 | Val Fused: 0.6852 | Val CT: 0.6318 | Val PA: 0.6806
Epoch 20/50 | Train Loss: 3.6041 (Fused: 1.8743) | Train C-index: 0.9370 | Val Fused: 0.6766 | Val CT: 0.6549 | Val PA: 0.6764
Epoch 21/50 | Train Loss: 3.4979 (Fused: 1.8020) | Train C-index: 0.9383 | Val Fused: 0.6816 | Val CT: 0.6327 | Val PA: 0.6745
Epoch 22/50 | Train Loss: 3.3585 (Fused: 1.7073) | Train C-index: 0.9493 | Val Fused: 0.6830 | Val CT: 0.5972 | Val PA: 0.6795
Epoch 23/50 | Train Loss: 3.2476 (Fused: 1.6174) | Train C-index: 0.9424 | Val Fused: 0.6842 | Val CT: 0.6182 | Val PA: 0.6737
Early stopping at epoch 23
Fold 2 final C-index: 0.6992

Extra survival metrics:
cutoff_from_train_median: -0.963030
n_test: 125
n_high_risk: 60
n_low_risk: 65
n_event_test: 47
logrank_stat: 13.184393
logrank_p: 0.000282
auc_36m: 0.741986
auc_60m: 0.722645
mean_auc: 0.737181
HR_high_vs_low: 2.968276
HR_95CI_lower: 1.603258
HR_95CI_upper: 5.495473
cox_p: 0.000536

==================================================
Fold 4/5
==================================================
[ResNetCox] Loaded pretrained from /home/gly001/cqj/pa_ct_surv/model/ct_pretrain/resnet_18_23dataset.pth
  Missing keys (ok): ['fc.weight', 'fc.bias']
Epoch 1/50 | Train Loss: 5.8399 (Fused: 3.6255) | Train C-index: 0.7315 | Val Fused: 0.7450 | Val CT: 0.5616 | Val PA: 0.7230
Epoch 2/50 | Train Loss: 5.6092 (Fused: 3.4286) | Train C-index: 0.7539 | Val Fused: 0.7604 | Val CT: 0.5526 | Val PA: 0.7337
Epoch 3/50 | Train Loss: 5.4656 (Fused: 3.3208) | Train C-index: 0.7772 | Val Fused: 0.7618 | Val CT: 0.5885 | Val PA: 0.7422
Epoch 4/50 | Train Loss: 5.3157 (Fused: 3.1889) | Train C-index: 0.8015 | Val Fused: 0.7824 | Val CT: 0.6314 | Val PA: 0.7566
Epoch 5/50 | Train Loss: 5.2444 (Fused: 3.1636) | Train C-index: 0.8188 | Val Fused: 0.7784 | Val CT: 0.6054 | Val PA: 0.7644
Epoch 6/50 | Train Loss: 4.9964 (Fused: 2.9316) | Train C-index: 0.8379 | Val Fused: 0.7595 | Val CT: 0.6203 | Val PA: 0.7661
Epoch 7/50 | Train Loss: 4.8688 (Fused: 2.8260) | Train C-index: 0.8534 | Val Fused: 0.7713 | Val CT: 0.6716 | Val PA: 0.7692
Epoch 8/50 | Train Loss: 4.8198 (Fused: 2.7977) | Train C-index: 0.8569 | Val Fused: 0.7353 | Val CT: 0.5990 | Val PA: 0.7739
Epoch 9/50 | Train Loss: 4.6846 (Fused: 2.6874) | Train C-index: 0.8751 | Val Fused: 0.7351 | Val CT: 0.6269 | Val PA: 0.7656
Epoch 10/50 | Train Loss: 4.4122 (Fused: 2.4440) | Train C-index: 0.8888 | Val Fused: 0.7602 | Val CT: 0.6598 | Val PA: 0.7685
Epoch 11/50 | Train Loss: 4.4420 (Fused: 2.4848) | Train C-index: 0.8855 | Val Fused: 0.7367 | Val CT: 0.6435 | Val PA: 0.7673
Epoch 12/50 | Train Loss: 4.3537 (Fused: 2.4177) | Train C-index: 0.8951 | Val Fused: 0.7460 | Val CT: 0.6077 | Val PA: 0.7689
Epoch 13/50 | Train Loss: 4.1309 (Fused: 2.2330) | Train C-index: 0.9001 | Val Fused: 0.7389 | Val CT: 0.6622 | Val PA: 0.7628
Epoch 14/50 | Train Loss: 4.1023 (Fused: 2.1998) | Train C-index: 0.9035 | Val Fused: 0.7436 | Val CT: 0.6399 | Val PA: 0.7666
Epoch 15/50 | Train Loss: 4.0608 (Fused: 2.2004) | Train C-index: 0.9111 | Val Fused: 0.7528 | Val CT: 0.5914 | Val PA: 0.7749
Epoch 16/50 | Train Loss: 3.9247 (Fused: 2.0720) | Train C-index: 0.9140 | Val Fused: 0.7469 | Val CT: 0.5961 | Val PA: 0.7687
Epoch 17/50 | Train Loss: 3.7597 (Fused: 1.9514) | Train C-index: 0.9140 | Val Fused: 0.7221 | Val CT: 0.5734 | Val PA: 0.7652
Epoch 18/50 | Train Loss: 3.6868 (Fused: 1.8757) | Train C-index: 0.9225 | Val Fused: 0.7571 | Val CT: 0.5883 | Val PA: 0.7699
Epoch 19/50 | Train Loss: 3.7635 (Fused: 1.9798) | Train C-index: 0.9166 | Val Fused: 0.7540 | Val CT: 0.5817 | Val PA: 0.7668
Early stopping at epoch 19
Fold 3 final C-index: 0.7824

Extra survival metrics:
cutoff_from_train_median: -0.099024
n_test: 125
n_high_risk: 62
n_low_risk: 63
n_event_test: 48
logrank_stat: 30.603132
logrank_p: 0.000000
auc_36m: 0.809882
auc_60m: 0.808642
mean_auc: 0.809628
HR_high_vs_low: 6.492119
HR_95CI_lower: 3.031995
HR_95CI_upper: 13.900946
cox_p: 0.000001

==================================================
Fold 5/5
==================================================
[ResNetCox] Loaded pretrained from /home/gly001/cqj/pa_ct_surv/model/ct_pretrain/resnet_18_23dataset.pth
  Missing keys (ok): ['fc.weight', 'fc.bias']
Epoch 1/50 | Train Loss: 5.7988 (Fused: 3.5928) | Train C-index: 0.7304 | Val Fused: 0.6953 | Val CT: 0.4560 | Val PA: 0.6929
Epoch 2/50 | Train Loss: 5.6483 (Fused: 3.4619) | Train C-index: 0.7527 | Val Fused: 0.7116 | Val CT: 0.3907 | Val PA: 0.7103
Epoch 3/50 | Train Loss: 5.4090 (Fused: 3.2627) | Train C-index: 0.7729 | Val Fused: 0.7055 | Val CT: 0.3982 | Val PA: 0.7271
Epoch 4/50 | Train Loss: 5.3862 (Fused: 3.2670) | Train C-index: 0.7936 | Val Fused: 0.6835 | Val CT: 0.4076 | Val PA: 0.7268
Epoch 5/50 | Train Loss: 5.2482 (Fused: 3.1416) | Train C-index: 0.8240 | Val Fused: 0.6948 | Val CT: 0.4696 | Val PA: 0.7389
Epoch 6/50 | Train Loss: 5.0869 (Fused: 3.0069) | Train C-index: 0.8297 | Val Fused: 0.6815 | Val CT: 0.3475 | Val PA: 0.7399
Epoch 7/50 | Train Loss: 4.8658 (Fused: 2.8190) | Train C-index: 0.8487 | Val Fused: 0.7016 | Val CT: 0.3182 | Val PA: 0.7476
Epoch 8/50 | Train Loss: 4.8163 (Fused: 2.7865) | Train C-index: 0.8615 | Val Fused: 0.6549 | Val CT: 0.4246 | Val PA: 0.7370
Epoch 9/50 | Train Loss: 4.5469 (Fused: 2.5611) | Train C-index: 0.8722 | Val Fused: 0.6546 | Val CT: 0.3705 | Val PA: 0.7256
Epoch 10/50 | Train Loss: 4.4512 (Fused: 2.4851) | Train C-index: 0.8757 | Val Fused: 0.6215 | Val CT: 0.3500 | Val PA: 0.7096
Epoch 11/50 | Train Loss: 4.3831 (Fused: 2.4302) | Train C-index: 0.8872 | Val Fused: 0.6403 | Val CT: 0.3429 | Val PA: 0.7019
Epoch 12/50 | Train Loss: 4.1727 (Fused: 2.2662) | Train C-index: 0.9052 | Val Fused: 0.6336 | Val CT: 0.5105 | Val PA: 0.7067
Epoch 13/50 | Train Loss: 4.0760 (Fused: 2.1781) | Train C-index: 0.9035 | Val Fused: 0.6372 | Val CT: 0.3911 | Val PA: 0.6994
Epoch 14/50 | Train Loss: 3.9279 (Fused: 2.0701) | Train C-index: 0.9108 | Val Fused: 0.6588 | Val CT: 0.4340 | Val PA: 0.7014
Epoch 15/50 | Train Loss: 3.9215 (Fused: 2.0628) | Train C-index: 0.9167 | Val Fused: 0.6156 | Val CT: 0.3739 | Val PA: 0.6864
Epoch 16/50 | Train Loss: 3.6952 (Fused: 1.8892) | Train C-index: 0.9228 | Val Fused: 0.6275 | Val CT: 0.4127 | Val PA: 0.6941
Epoch 17/50 | Train Loss: 3.7448 (Fused: 1.9516) | Train C-index: 0.9139 | Val Fused: 0.6469 | Val CT: 0.4243 | Val PA: 0.6905
Early stopping at epoch 17
Fold 4 final C-index: 0.7116

Extra survival metrics:
cutoff_from_train_median: 0.175082
n_test: 125
n_high_risk: 63
n_low_risk: 62
n_event_test: 48
logrank_stat: 24.041649
logrank_p: 0.000001
auc_36m: 0.752445
auc_60m: 0.737578
mean_auc: 0.747928
HR_high_vs_low: 4.886825
HR_95CI_lower: 2.422693
HR_95CI_upper: 9.857236
cox_p: 0.000009

==================================================
5-Fold CV Summary
==================================================
  C-index: 0.7229 +/- 0.0343
