nohup: ignoring input
Using Device: cuda | ROI: 96
PA: abmil | CT: resnet18 | Fusion: crossattn | Augment: True
LR: 0.0001 | CT Backbone LR: 0.0001
Loss: Fused Cox + 0.3*CT + 0.3*PA
CT pretrained: /home/gly001/cqj/pa_ct_surv/model/ct_pretrain/resnet_18_23dataset.pth
Checkpoints: /home/gly001/cqj/pa_ct_surv/checkpoints/pact_v2/pact/crossattn_nol2_ep50/seed42
Results: /home/gly001/cqj/pa_ct_surv/results/pact_v2/pact/crossattn_nol2_ep50/seed42
Loaded 777 paired samples
Locked split: train=625, test=152
Test set is not accessed during CV

==================================================
Fold 1/5
==================================================
[ResNetCox] Loaded pretrained from /home/gly001/cqj/pa_ct_surv/model/ct_pretrain/resnet_18_23dataset.pth
  Missing keys (ok): ['fc.weight', 'fc.bias']
Epoch 1/50 | Train Loss: 5.8526 (Fused: 3.6381) | Train C-index: 0.7114 | Val Fused: 0.6983 | Val CT: 0.4994 | Val PA: 0.6965
Epoch 2/50 | Train Loss: 5.6964 (Fused: 3.5050) | Train C-index: 0.7414 | Val Fused: 0.7138 | Val CT: 0.5533 | Val PA: 0.6995
Epoch 3/50 | Train Loss: 5.4705 (Fused: 3.3066) | Train C-index: 0.7518 | Val Fused: 0.7085 | Val CT: 0.6164 | Val PA: 0.7028
Epoch 4/50 | Train Loss: 5.4689 (Fused: 3.3439) | Train C-index: 0.7690 | Val Fused: 0.7013 | Val CT: 0.6137 | Val PA: 0.7010
Epoch 5/50 | Train Loss: 5.3813 (Fused: 3.2556) | Train C-index: 0.7877 | Val Fused: 0.7187 | Val CT: 0.6721 | Val PA: 0.7030
Epoch 6/50 | Train Loss: 5.1731 (Fused: 3.0806) | Train C-index: 0.8055 | Val Fused: 0.7202 | Val CT: 0.6603 | Val PA: 0.7068
Epoch 7/50 | Train Loss: 5.0204 (Fused: 2.9670) | Train C-index: 0.8219 | Val Fused: 0.7247 | Val CT: 0.5942 | Val PA: 0.7128
Epoch 8/50 | Train Loss: 4.8828 (Fused: 2.8413) | Train C-index: 0.8104 | Val Fused: 0.7205 | Val CT: 0.6252 | Val PA: 0.7155
Epoch 9/50 | Train Loss: 4.7327 (Fused: 2.7012) | Train C-index: 0.8504 | Val Fused: 0.7123 | Val CT: 0.6778 | Val PA: 0.7172
Epoch 10/50 | Train Loss: 4.5714 (Fused: 2.5734) | Train C-index: 0.8615 | Val Fused: 0.7220 | Val CT: 0.6883 | Val PA: 0.7110
Epoch 11/50 | Train Loss: 4.5277 (Fused: 2.5341) | Train C-index: 0.8644 | Val Fused: 0.6965 | Val CT: 0.6588 | Val PA: 0.7110
Epoch 12/50 | Train Loss: 4.5230 (Fused: 2.5564) | Train C-index: 0.8813 | Val Fused: 0.7162 | Val CT: 0.6411 | Val PA: 0.7120
Epoch 13/50 | Train Loss: 4.3681 (Fused: 2.4095) | Train C-index: 0.8877 | Val Fused: 0.7537 | Val CT: 0.7347 | Val PA: 0.7197
Epoch 14/50 | Train Loss: 4.2349 (Fused: 2.2987) | Train C-index: 0.8976 | Val Fused: 0.6856 | Val CT: 0.6980 | Val PA: 0.7108
Epoch 15/50 | Train Loss: 4.1378 (Fused: 2.2466) | Train C-index: 0.8948 | Val Fused: 0.7250 | Val CT: 0.6925 | Val PA: 0.7130
Epoch 16/50 | Train Loss: 3.8684 (Fused: 1.9835) | Train C-index: 0.9025 | Val Fused: 0.7524 | Val CT: 0.6910 | Val PA: 0.7128
Epoch 17/50 | Train Loss: 3.9253 (Fused: 2.0639) | Train C-index: 0.8948 | Val Fused: 0.7250 | Val CT: 0.6361 | Val PA: 0.7113
Epoch 18/50 | Train Loss: 3.8465 (Fused: 2.0162) | Train C-index: 0.9096 | Val Fused: 0.7187 | Val CT: 0.6813 | Val PA: 0.7133
Epoch 19/50 | Train Loss: 3.8657 (Fused: 2.0510) | Train C-index: 0.9103 | Val Fused: 0.7093 | Val CT: 0.6818 | Val PA: 0.7115
Epoch 20/50 | Train Loss: 3.7783 (Fused: 1.9894) | Train C-index: 0.9175 | Val Fused: 0.7270 | Val CT: 0.6361 | Val PA: 0.7133
Epoch 21/50 | Train Loss: 3.7548 (Fused: 1.9811) | Train C-index: 0.9165 | Val Fused: 0.7020 | Val CT: 0.6094 | Val PA: 0.7123
Epoch 22/50 | Train Loss: 3.5984 (Fused: 1.8540) | Train C-index: 0.9194 | Val Fused: 0.7415 | Val CT: 0.6793 | Val PA: 0.7113
Epoch 23/50 | Train Loss: 3.5851 (Fused: 1.8613) | Train C-index: 0.9104 | Val Fused: 0.6933 | Val CT: 0.6823 | Val PA: 0.7038
Epoch 24/50 | Train Loss: 3.4853 (Fused: 1.7904) | Train C-index: 0.9252 | Val Fused: 0.7222 | Val CT: 0.6985 | Val PA: 0.7035
Epoch 25/50 | Train Loss: 3.4068 (Fused: 1.7154) | Train C-index: 0.9245 | Val Fused: 0.7028 | Val CT: 0.6242 | Val PA: 0.7058
Epoch 26/50 | Train Loss: 3.3773 (Fused: 1.7038) | Train C-index: 0.9330 | Val Fused: 0.7115 | Val CT: 0.6546 | Val PA: 0.7090
Epoch 27/50 | Train Loss: 3.3188 (Fused: 1.6565) | Train C-index: 0.9372 | Val Fused: 0.7033 | Val CT: 0.6846 | Val PA: 0.7043
Epoch 28/50 | Train Loss: 3.3137 (Fused: 1.6559) | Train C-index: 0.9318 | Val Fused: 0.7250 | Val CT: 0.6646 | Val PA: 0.7093
Early stopping at epoch 28
Fold 0 final C-index: 0.7537

Extra survival metrics:
cutoff_from_train_median: -0.943576
n_test: 125
n_high_risk: 57
n_low_risk: 68
n_event_test: 47
logrank_stat: 22.128147
logrank_p: 0.000003
auc_36m: 0.818737
auc_60m: 0.799877
mean_auc: 0.814521
HR_high_vs_low: 3.982029
HR_95CI_lower: 2.140141
HR_95CI_upper: 7.409118
cox_p: 0.000013

==================================================
Fold 2/5
==================================================
[ResNetCox] Loaded pretrained from /home/gly001/cqj/pa_ct_surv/model/ct_pretrain/resnet_18_23dataset.pth
  Missing keys (ok): ['fc.weight', 'fc.bias']
Epoch 1/50 | Train Loss: 5.8390 (Fused: 3.6523) | Train C-index: 0.6279 | Val Fused: 0.5842 | Val CT: 0.6498 | Val PA: 0.7045
Epoch 2/50 | Train Loss: 5.5852 (Fused: 3.4133) | Train C-index: 0.6786 | Val Fused: 0.6285 | Val CT: 0.6343 | Val PA: 0.6958
Epoch 3/50 | Train Loss: 5.5453 (Fused: 3.3845) | Train C-index: 0.7495 | Val Fused: 0.6948 | Val CT: 0.6171 | Val PA: 0.7030
Epoch 4/50 | Train Loss: 5.3561 (Fused: 3.2401) | Train C-index: 0.7778 | Val Fused: 0.7161 | Val CT: 0.5876 | Val PA: 0.7079
Epoch 5/50 | Train Loss: 5.1677 (Fused: 3.0769) | Train C-index: 0.7967 | Val Fused: 0.7130 | Val CT: 0.6135 | Val PA: 0.7137
Epoch 6/50 | Train Loss: 5.0590 (Fused: 2.9827) | Train C-index: 0.8048 | Val Fused: 0.7260 | Val CT: 0.5879 | Val PA: 0.7188
Epoch 7/50 | Train Loss: 4.8671 (Fused: 2.8153) | Train C-index: 0.8196 | Val Fused: 0.7125 | Val CT: 0.5733 | Val PA: 0.7178
Epoch 8/50 | Train Loss: 4.7818 (Fused: 2.7494) | Train C-index: 0.8290 | Val Fused: 0.6922 | Val CT: 0.5813 | Val PA: 0.7217
Epoch 9/50 | Train Loss: 4.6106 (Fused: 2.6019) | Train C-index: 0.8376 | Val Fused: 0.6803 | Val CT: 0.5290 | Val PA: 0.7222
Epoch 10/50 | Train Loss: 4.5873 (Fused: 2.5760) | Train C-index: 0.8526 | Val Fused: 0.7006 | Val CT: 0.6029 | Val PA: 0.7243
Epoch 11/50 | Train Loss: 4.4386 (Fused: 2.4505) | Train C-index: 0.8497 | Val Fused: 0.6880 | Val CT: 0.5871 | Val PA: 0.7251
Epoch 12/50 | Train Loss: 4.3644 (Fused: 2.3929) | Train C-index: 0.8663 | Val Fused: 0.6798 | Val CT: 0.5888 | Val PA: 0.7173
Epoch 13/50 | Train Loss: 4.2778 (Fused: 2.3228) | Train C-index: 0.8473 | Val Fused: 0.6818 | Val CT: 0.5840 | Val PA: 0.7185
Epoch 14/50 | Train Loss: 4.1367 (Fused: 2.2083) | Train C-index: 0.8852 | Val Fused: 0.6948 | Val CT: 0.5416 | Val PA: 0.7224
Epoch 15/50 | Train Loss: 3.9719 (Fused: 2.0748) | Train C-index: 0.8924 | Val Fused: 0.6948 | Val CT: 0.5208 | Val PA: 0.7231
Epoch 16/50 | Train Loss: 3.9830 (Fused: 2.0861) | Train C-index: 0.9011 | Val Fused: 0.6735 | Val CT: 0.5736 | Val PA: 0.7176
Epoch 17/50 | Train Loss: 3.8053 (Fused: 1.9741) | Train C-index: 0.8942 | Val Fused: 0.6643 | Val CT: 0.5598 | Val PA: 0.7142
Epoch 18/50 | Train Loss: 3.6558 (Fused: 1.8177) | Train C-index: 0.9094 | Val Fused: 0.6774 | Val CT: 0.5617 | Val PA: 0.7142
Epoch 19/50 | Train Loss: 3.7413 (Fused: 1.9473) | Train C-index: 0.8990 | Val Fused: 0.6636 | Val CT: 0.6249 | Val PA: 0.7103
Epoch 20/50 | Train Loss: 3.6017 (Fused: 1.8225) | Train C-index: 0.8984 | Val Fused: 0.6643 | Val CT: 0.5368 | Val PA: 0.7074
Epoch 21/50 | Train Loss: 3.5381 (Fused: 1.7619) | Train C-index: 0.9163 | Val Fused: 0.6791 | Val CT: 0.5796 | Val PA: 0.7118
Early stopping at epoch 21
Fold 1 final C-index: 0.7260

Extra survival metrics:
cutoff_from_train_median: -0.388361
n_test: 125
n_high_risk: 68
n_low_risk: 57
n_event_test: 47
logrank_stat: 21.499948
logrank_p: 0.000004
auc_36m: 0.774971
auc_60m: 0.727919
mean_auc: 0.758248
HR_high_vs_low: 4.772063
HR_95CI_lower: 2.303147
HR_95CI_upper: 9.887598
cox_p: 0.000026

==================================================
Fold 3/5
==================================================
[ResNetCox] Loaded pretrained from /home/gly001/cqj/pa_ct_surv/model/ct_pretrain/resnet_18_23dataset.pth
  Missing keys (ok): ['fc.weight', 'fc.bias']
Epoch 1/50 | Train Loss: 5.8354 (Fused: 3.6341) | Train C-index: 0.7328 | Val Fused: 0.6952 | Val CT: 0.3582 | Val PA: 0.6554
Epoch 2/50 | Train Loss: 5.6408 (Fused: 3.4691) | Train C-index: 0.7548 | Val Fused: 0.7002 | Val CT: 0.3787 | Val PA: 0.6661
Epoch 3/50 | Train Loss: 5.4753 (Fused: 3.3311) | Train C-index: 0.7701 | Val Fused: 0.7014 | Val CT: 0.4290 | Val PA: 0.6680
Epoch 4/50 | Train Loss: 5.3963 (Fused: 3.2640) | Train C-index: 0.7813 | Val Fused: 0.7000 | Val CT: 0.4640 | Val PA: 0.6718
Epoch 5/50 | Train Loss: 5.2413 (Fused: 3.1407) | Train C-index: 0.7990 | Val Fused: 0.6988 | Val CT: 0.4352 | Val PA: 0.6730
Epoch 6/50 | Train Loss: 5.0485 (Fused: 2.9808) | Train C-index: 0.8204 | Val Fused: 0.6952 | Val CT: 0.4159 | Val PA: 0.6718
Epoch 7/50 | Train Loss: 4.8862 (Fused: 2.8353) | Train C-index: 0.8281 | Val Fused: 0.6806 | Val CT: 0.4211 | Val PA: 0.6756
Epoch 8/50 | Train Loss: 4.7952 (Fused: 2.7491) | Train C-index: 0.8465 | Val Fused: 0.6811 | Val CT: 0.3777 | Val PA: 0.6752
Epoch 9/50 | Train Loss: 4.6460 (Fused: 2.6164) | Train C-index: 0.8602 | Val Fused: 0.6852 | Val CT: 0.6239 | Val PA: 0.6742
Epoch 10/50 | Train Loss: 4.4809 (Fused: 2.4663) | Train C-index: 0.8678 | Val Fused: 0.6897 | Val CT: 0.4483 | Val PA: 0.6795
Epoch 11/50 | Train Loss: 4.4553 (Fused: 2.4522) | Train C-index: 0.8577 | Val Fused: 0.6563 | Val CT: 0.5388 | Val PA: 0.6718
Epoch 12/50 | Train Loss: 4.4659 (Fused: 2.4801) | Train C-index: 0.8768 | Val Fused: 0.6883 | Val CT: 0.6249 | Val PA: 0.6799
Epoch 13/50 | Train Loss: 4.3206 (Fused: 2.3495) | Train C-index: 0.8897 | Val Fused: 0.6799 | Val CT: 0.6084 | Val PA: 0.6723
Epoch 14/50 | Train Loss: 4.1224 (Fused: 2.1609) | Train C-index: 0.8996 | Val Fused: 0.6673 | Val CT: 0.4824 | Val PA: 0.6663
Epoch 15/50 | Train Loss: 3.9594 (Fused: 2.0365) | Train C-index: 0.8976 | Val Fused: 0.6487 | Val CT: 0.6022 | Val PA: 0.6683
Epoch 16/50 | Train Loss: 4.0047 (Fused: 2.0907) | Train C-index: 0.9075 | Val Fused: 0.6540 | Val CT: 0.5534 | Val PA: 0.6647
Epoch 17/50 | Train Loss: 3.9786 (Fused: 2.0834) | Train C-index: 0.9049 | Val Fused: 0.6675 | Val CT: 0.4959 | Val PA: 0.6628
Epoch 18/50 | Train Loss: 3.8453 (Fused: 1.9692) | Train C-index: 0.9176 | Val Fused: 0.6792 | Val CT: 0.5508 | Val PA: 0.6666
Early stopping at epoch 18
Fold 2 final C-index: 0.7014

Extra survival metrics:
cutoff_from_train_median: 0.219099
n_test: 125
n_high_risk: 59
n_low_risk: 66
n_event_test: 47
logrank_stat: 12.377082
logrank_p: 0.000435
auc_36m: 0.743806
auc_60m: 0.740208
mean_auc: 0.742912
HR_high_vs_low: 2.834414
HR_95CI_lower: 1.546073
HR_95CI_upper: 5.196329
cox_p: 0.000755

==================================================
Fold 4/5
==================================================
[ResNetCox] Loaded pretrained from /home/gly001/cqj/pa_ct_surv/model/ct_pretrain/resnet_18_23dataset.pth
  Missing keys (ok): ['fc.weight', 'fc.bias']
Epoch 1/50 | Train Loss: 5.8603 (Fused: 3.6443) | Train C-index: 0.7005 | Val Fused: 0.7509 | Val CT: 0.5689 | Val PA: 0.7412
Epoch 2/50 | Train Loss: 5.6948 (Fused: 3.5080) | Train C-index: 0.7180 | Val Fused: 0.7753 | Val CT: 0.5312 | Val PA: 0.7630
Epoch 3/50 | Train Loss: 5.5680 (Fused: 3.4120) | Train C-index: 0.7321 | Val Fused: 0.7888 | Val CT: 0.6039 | Val PA: 0.7701
Epoch 4/50 | Train Loss: 5.4762 (Fused: 3.3268) | Train C-index: 0.7529 | Val Fused: 0.7846 | Val CT: 0.5561 | Val PA: 0.7772
Epoch 5/50 | Train Loss: 5.3899 (Fused: 3.2801) | Train C-index: 0.7689 | Val Fused: 0.7962 | Val CT: 0.6004 | Val PA: 0.7808
Epoch 6/50 | Train Loss: 5.2163 (Fused: 3.1161) | Train C-index: 0.7998 | Val Fused: 0.7839 | Val CT: 0.6122 | Val PA: 0.7834
Epoch 7/50 | Train Loss: 5.1059 (Fused: 3.0177) | Train C-index: 0.7931 | Val Fused: 0.7630 | Val CT: 0.5840 | Val PA: 0.7872
Epoch 8/50 | Train Loss: 4.9630 (Fused: 2.9027) | Train C-index: 0.8200 | Val Fused: 0.7573 | Val CT: 0.6333 | Val PA: 0.7872
Epoch 9/50 | Train Loss: 4.8203 (Fused: 2.7789) | Train C-index: 0.8270 | Val Fused: 0.7408 | Val CT: 0.5999 | Val PA: 0.7839
Epoch 10/50 | Train Loss: 4.6909 (Fused: 2.6675) | Train C-index: 0.8403 | Val Fused: 0.7524 | Val CT: 0.6238 | Val PA: 0.7862
Epoch 11/50 | Train Loss: 4.6574 (Fused: 2.6443) | Train C-index: 0.8391 | Val Fused: 0.7171 | Val CT: 0.5679 | Val PA: 0.7815
Epoch 12/50 | Train Loss: 4.4800 (Fused: 2.4915) | Train C-index: 0.8713 | Val Fused: 0.7670 | Val CT: 0.5897 | Val PA: 0.7839
Epoch 13/50 | Train Loss: 4.2846 (Fused: 2.3346) | Train C-index: 0.8629 | Val Fused: 0.7150 | Val CT: 0.4991 | Val PA: 0.7817
Epoch 14/50 | Train Loss: 4.3117 (Fused: 2.3452) | Train C-index: 0.8762 | Val Fused: 0.7673 | Val CT: 0.5658 | Val PA: 0.7815
Epoch 15/50 | Train Loss: 4.1664 (Fused: 2.2612) | Train C-index: 0.8793 | Val Fused: 0.7479 | Val CT: 0.5587 | Val PA: 0.7829
Epoch 16/50 | Train Loss: 4.0026 (Fused: 2.1010) | Train C-index: 0.8947 | Val Fused: 0.7670 | Val CT: 0.6276 | Val PA: 0.7803
Epoch 17/50 | Train Loss: 3.8453 (Fused: 1.9904) | Train C-index: 0.8946 | Val Fused: 0.7306 | Val CT: 0.5310 | Val PA: 0.7798
Epoch 18/50 | Train Loss: 3.8252 (Fused: 1.9603) | Train C-index: 0.8989 | Val Fused: 0.7500 | Val CT: 0.5500 | Val PA: 0.7741
Epoch 19/50 | Train Loss: 3.7254 (Fused: 1.8913) | Train C-index: 0.8933 | Val Fused: 0.7495 | Val CT: 0.5322 | Val PA: 0.7794
Epoch 20/50 | Train Loss: 3.7513 (Fused: 1.9293) | Train C-index: 0.8892 | Val Fused: 0.7438 | Val CT: 0.5504 | Val PA: 0.7730
Early stopping at epoch 20
Fold 3 final C-index: 0.7962

Extra survival metrics:
cutoff_from_train_median: -0.204015
n_test: 125
n_high_risk: 58
n_low_risk: 67
n_event_test: 48
logrank_stat: 45.641119
logrank_p: 0.000000
auc_36m: 0.817070
auc_60m: 0.836139
mean_auc: 0.820975
HR_high_vs_low: 9.761403
HR_95CI_lower: 4.356045
HR_95CI_upper: 21.874195
cox_p: 0.000000

==================================================
Fold 5/5
==================================================
[ResNetCox] Loaded pretrained from /home/gly001/cqj/pa_ct_surv/model/ct_pretrain/resnet_18_23dataset.pth
  Missing keys (ok): ['fc.weight', 'fc.bias']
Epoch 1/50 | Train Loss: 5.8492 (Fused: 3.6434) | Train C-index: 0.7279 | Val Fused: 0.6631 | Val CT: 0.4582 | Val PA: 0.6861
Epoch 2/50 | Train Loss: 5.6777 (Fused: 3.4909) | Train C-index: 0.7501 | Val Fused: 0.6670 | Val CT: 0.5025 | Val PA: 0.6965
Epoch 3/50 | Train Loss: 5.4579 (Fused: 3.3059) | Train C-index: 0.7594 | Val Fused: 0.6718 | Val CT: 0.5243 | Val PA: 0.7031
Epoch 4/50 | Train Loss: 5.4786 (Fused: 3.3463) | Train C-index: 0.7744 | Val Fused: 0.6665 | Val CT: 0.5374 | Val PA: 0.7050
Epoch 5/50 | Train Loss: 5.3321 (Fused: 3.2110) | Train C-index: 0.7951 | Val Fused: 0.6563 | Val CT: 0.5025 | Val PA: 0.7077
Epoch 6/50 | Train Loss: 5.1816 (Fused: 3.0801) | Train C-index: 0.7854 | Val Fused: 0.6186 | Val CT: 0.4667 | Val PA: 0.7086
Epoch 7/50 | Train Loss: 5.0789 (Fused: 3.0025) | Train C-index: 0.8152 | Val Fused: 0.6515 | Val CT: 0.4921 | Val PA: 0.7152
Epoch 8/50 | Train Loss: 4.9359 (Fused: 2.8817) | Train C-index: 0.8328 | Val Fused: 0.6680 | Val CT: 0.4735 | Val PA: 0.7186
Epoch 9/50 | Train Loss: 4.7048 (Fused: 2.6737) | Train C-index: 0.8583 | Val Fused: 0.6735 | Val CT: 0.5381 | Val PA: 0.7174
Epoch 10/50 | Train Loss: 4.4973 (Fused: 2.4869) | Train C-index: 0.8431 | Val Fused: 0.6411 | Val CT: 0.4287 | Val PA: 0.7193
Epoch 11/50 | Train Loss: 4.5195 (Fused: 2.5245) | Train C-index: 0.8778 | Val Fused: 0.6757 | Val CT: 0.4839 | Val PA: 0.7229
Epoch 12/50 | Train Loss: 4.4054 (Fused: 2.4370) | Train C-index: 0.8823 | Val Fused: 0.6491 | Val CT: 0.5752 | Val PA: 0.7246
Epoch 13/50 | Train Loss: 4.1585 (Fused: 2.2084) | Train C-index: 0.8939 | Val Fused: 0.6636 | Val CT: 0.4679 | Val PA: 0.7249
Epoch 14/50 | Train Loss: 4.0154 (Fused: 2.1071) | Train C-index: 0.8893 | Val Fused: 0.6135 | Val CT: 0.4563 | Val PA: 0.7220
Epoch 15/50 | Train Loss: 3.9521 (Fused: 2.0538) | Train C-index: 0.8975 | Val Fused: 0.6643 | Val CT: 0.4473 | Val PA: 0.7263
Epoch 16/50 | Train Loss: 3.8052 (Fused: 1.9445) | Train C-index: 0.8974 | Val Fused: 0.6372 | Val CT: 0.4030 | Val PA: 0.7234
Epoch 17/50 | Train Loss: 3.8690 (Fused: 2.0121) | Train C-index: 0.9046 | Val Fused: 0.6973 | Val CT: 0.4887 | Val PA: 0.7258
Epoch 18/50 | Train Loss: 3.8722 (Fused: 2.0272) | Train C-index: 0.8951 | Val Fused: 0.5980 | Val CT: 0.4829 | Val PA: 0.7178
Epoch 19/50 | Train Loss: 3.7751 (Fused: 1.9592) | Train C-index: 0.9068 | Val Fused: 0.7040 | Val CT: 0.5021 | Val PA: 0.7300
Epoch 20/50 | Train Loss: 3.6233 (Fused: 1.8349) | Train C-index: 0.9153 | Val Fused: 0.6493 | Val CT: 0.5035 | Val PA: 0.7120
Epoch 21/50 | Train Loss: 3.5740 (Fused: 1.8280) | Train C-index: 0.9119 | Val Fused: 0.6801 | Val CT: 0.5214 | Val PA: 0.7210
Epoch 22/50 | Train Loss: 3.6717 (Fused: 1.9222) | Train C-index: 0.9185 | Val Fused: 0.6658 | Val CT: 0.5016 | Val PA: 0.7162
Epoch 23/50 | Train Loss: 3.5758 (Fused: 1.8626) | Train C-index: 0.9156 | Val Fused: 0.6183 | Val CT: 0.4103 | Val PA: 0.7137
Epoch 24/50 | Train Loss: 3.3457 (Fused: 1.6430) | Train C-index: 0.9319 | Val Fused: 0.6566 | Val CT: 0.4643 | Val PA: 0.7149
Epoch 25/50 | Train Loss: 3.4538 (Fused: 1.7639) | Train C-index: 0.9217 | Val Fused: 0.6885 | Val CT: 0.4929 | Val PA: 0.7159
Epoch 26/50 | Train Loss: 3.4224 (Fused: 1.7354) | Train C-index: 0.9302 | Val Fused: 0.6793 | Val CT: 0.5156 | Val PA: 0.7159
Epoch 27/50 | Train Loss: 3.3107 (Fused: 1.6515) | Train C-index: 0.9266 | Val Fused: 0.6430 | Val CT: 0.4895 | Val PA: 0.7070
Epoch 28/50 | Train Loss: 3.3004 (Fused: 1.6699) | Train C-index: 0.9322 | Val Fused: 0.6985 | Val CT: 0.5427 | Val PA: 0.7176
Epoch 29/50 | Train Loss: 3.3518 (Fused: 1.7339) | Train C-index: 0.9267 | Val Fused: 0.6554 | Val CT: 0.4723 | Val PA: 0.7072
Epoch 30/50 | Train Loss: 3.2916 (Fused: 1.6943) | Train C-index: 0.9271 | Val Fused: 0.6975 | Val CT: 0.4534 | Val PA: 0.7198
Epoch 31/50 | Train Loss: 3.1182 (Fused: 1.5423) | Train C-index: 0.9379 | Val Fused: 0.6483 | Val CT: 0.4839 | Val PA: 0.7062
Epoch 32/50 | Train Loss: 3.0060 (Fused: 1.4379) | Train C-index: 0.9401 | Val Fused: 0.6660 | Val CT: 0.4628 | Val PA: 0.7113
Epoch 33/50 | Train Loss: 3.0748 (Fused: 1.5097) | Train C-index: 0.9366 | Val Fused: 0.6791 | Val CT: 0.5270 | Val PA: 0.7028
Epoch 34/50 | Train Loss: 2.9891 (Fused: 1.4636) | Train C-index: 0.9444 | Val Fused: 0.6413 | Val CT: 0.4611 | Val PA: 0.6936
Early stopping at epoch 34
Fold 4 final C-index: 0.7040

Extra survival metrics:
cutoff_from_train_median: -1.137191
n_test: 125
n_high_risk: 68
n_low_risk: 57
n_event_test: 48
logrank_stat: 20.495542
logrank_p: 0.000006
auc_36m: 0.755264
auc_60m: 0.731352
mean_auc: 0.747999
HR_high_vs_low: 4.614938
HR_95CI_lower: 2.229661
HR_95CI_upper: 9.551969
cox_p: 0.000038

==================================================
5-Fold CV Summary
==================================================
  C-index: 0.7363 +/- 0.0395
