nohup: ignoring input
Using Device: cuda | ROI: 96
PA: abmil | CT: resnet18 | Fusion: weighted | Augment: True
LR: 0.0001 | CT Backbone LR: 0.0001
Loss: Fused Cox + 0*CT + 0*PA
CT pretrained: /home/gly001/cqj/pa_ct_surv/model/ct_pretrain/resnet_18_23dataset.pth
Checkpoints: /home/gly001/cqj/pa_ct_surv/checkpoints/pact_v2/pact/weighted_noaux_ep50/seed2024
Results: /home/gly001/cqj/pa_ct_surv/results/pact_v2/pact/weighted_noaux_ep50/seed2024
Loaded 777 paired samples
Locked split: train=625, test=152
Test set is not accessed during CV

==================================================
Fold 1/5
==================================================
[ResNetCox] Loaded pretrained from /home/gly001/cqj/pa_ct_surv/model/ct_pretrain/resnet_18_23dataset.pth
  Missing keys (ok): ['fc.weight', 'fc.bias']
Epoch 1/50 | Train Loss: 3.6673 (Fused: 3.6673) | Train C-index: 0.5847 | Val Fused: 0.6782 | Val CT: 0.5592 | Val PA: 0.7297
Epoch 2/50 | Train Loss: 3.5838 (Fused: 3.5838) | Train C-index: 0.5954 | Val Fused: 0.6819 | Val CT: 0.5859 | Val PA: 0.7356
Epoch 3/50 | Train Loss: 3.4924 (Fused: 3.4924) | Train C-index: 0.6382 | Val Fused: 0.7181 | Val CT: 0.5319 | Val PA: 0.7386
Epoch 4/50 | Train Loss: 3.3914 (Fused: 3.3914) | Train C-index: 0.6288 | Val Fused: 0.6879 | Val CT: 0.5767 | Val PA: 0.7403
Epoch 5/50 | Train Loss: 3.3578 (Fused: 3.3578) | Train C-index: 0.7380 | Val Fused: 0.7676 | Val CT: 0.6463 | Val PA: 0.7403
Epoch 6/50 | Train Loss: 3.2867 (Fused: 3.2867) | Train C-index: 0.6996 | Val Fused: 0.7050 | Val CT: 0.5505 | Val PA: 0.7438
Epoch 7/50 | Train Loss: 3.2141 (Fused: 3.2141) | Train C-index: 0.7301 | Val Fused: 0.7587 | Val CT: 0.6436 | Val PA: 0.7465
Epoch 8/50 | Train Loss: 3.0944 (Fused: 3.0944) | Train C-index: 0.7078 | Val Fused: 0.7658 | Val CT: 0.6550 | Val PA: 0.7488
Epoch 9/50 | Train Loss: 3.0148 (Fused: 3.0148) | Train C-index: 0.6606 | Val Fused: 0.7171 | Val CT: 0.5515 | Val PA: 0.7515
Epoch 10/50 | Train Loss: 2.9385 (Fused: 2.9385) | Train C-index: 0.7375 | Val Fused: 0.7507 | Val CT: 0.6302 | Val PA: 0.7495
Epoch 11/50 | Train Loss: 2.8647 (Fused: 2.8647) | Train C-index: 0.7705 | Val Fused: 0.7332 | Val CT: 0.5894 | Val PA: 0.7418
Epoch 12/50 | Train Loss: 2.7811 (Fused: 2.7811) | Train C-index: 0.7383 | Val Fused: 0.7488 | Val CT: 0.5983 | Val PA: 0.7391
Epoch 13/50 | Train Loss: 2.6745 (Fused: 2.6745) | Train C-index: 0.6832 | Val Fused: 0.7290 | Val CT: 0.5874 | Val PA: 0.7304
Epoch 14/50 | Train Loss: 2.6909 (Fused: 2.6909) | Train C-index: 0.7096 | Val Fused: 0.6822 | Val CT: 0.5631 | Val PA: 0.7265
Epoch 15/50 | Train Loss: 2.6041 (Fused: 2.6041) | Train C-index: 0.7540 | Val Fused: 0.7040 | Val CT: 0.6030 | Val PA: 0.7193
Epoch 16/50 | Train Loss: 2.4866 (Fused: 2.4866) | Train C-index: 0.8540 | Val Fused: 0.7354 | Val CT: 0.5851 | Val PA: 0.7205
Epoch 17/50 | Train Loss: 2.3650 (Fused: 2.3650) | Train C-index: 0.8253 | Val Fused: 0.7275 | Val CT: 0.5535 | Val PA: 0.7218
Epoch 18/50 | Train Loss: 2.2779 (Fused: 2.2779) | Train C-index: 0.8090 | Val Fused: 0.7218 | Val CT: 0.5916 | Val PA: 0.7200
Epoch 19/50 | Train Loss: 2.1867 (Fused: 2.1867) | Train C-index: 0.8024 | Val Fused: 0.6933 | Val CT: 0.5958 | Val PA: 0.7111
Epoch 20/50 | Train Loss: 2.1171 (Fused: 2.1171) | Train C-index: 0.8274 | Val Fused: 0.7069 | Val CT: 0.6042 | Val PA: 0.6993
Early stopping at epoch 20
Fold 0 final C-index: 0.7676

Extra survival metrics:
cutoff_from_train_median: -0.353997
n_test: 125
n_high_risk: 65
n_low_risk: 60
n_event_test: 47
logrank_stat: 28.405039
logrank_p: 0.000000
auc_36m: 0.819783
auc_60m: 0.748327
mean_auc: 0.795981
HR_high_vs_low: 6.673681
HR_95CI_lower: 2.982830
HR_95CI_upper: 14.931464
cox_p: 0.000004

==================================================
Fold 2/5
==================================================
[ResNetCox] Loaded pretrained from /home/gly001/cqj/pa_ct_surv/model/ct_pretrain/resnet_18_23dataset.pth
  Missing keys (ok): ['fc.weight', 'fc.bias']
Epoch 1/50 | Train Loss: 3.6392 (Fused: 3.6392) | Train C-index: 0.7287 | Val Fused: 0.6669 | Val CT: 0.5984 | Val PA: 0.6722
Epoch 2/50 | Train Loss: 3.5515 (Fused: 3.5515) | Train C-index: 0.7398 | Val Fused: 0.6737 | Val CT: 0.5778 | Val PA: 0.6761
Epoch 3/50 | Train Loss: 3.4884 (Fused: 3.4884) | Train C-index: 0.7518 | Val Fused: 0.6778 | Val CT: 0.6168 | Val PA: 0.6771
Epoch 4/50 | Train Loss: 3.3616 (Fused: 3.3616) | Train C-index: 0.7568 | Val Fused: 0.6858 | Val CT: 0.6618 | Val PA: 0.6805
Epoch 5/50 | Train Loss: 3.3129 (Fused: 3.3129) | Train C-index: 0.7621 | Val Fused: 0.6827 | Val CT: 0.6197 | Val PA: 0.6766
Epoch 6/50 | Train Loss: 3.2428 (Fused: 3.2428) | Train C-index: 0.7746 | Val Fused: 0.6894 | Val CT: 0.6650 | Val PA: 0.6751
Epoch 7/50 | Train Loss: 3.2213 (Fused: 3.2213) | Train C-index: 0.7863 | Val Fused: 0.6829 | Val CT: 0.5858 | Val PA: 0.6705
Epoch 8/50 | Train Loss: 3.1466 (Fused: 3.1466) | Train C-index: 0.7910 | Val Fused: 0.6797 | Val CT: 0.5722 | Val PA: 0.6715
Epoch 9/50 | Train Loss: 3.0977 (Fused: 3.0977) | Train C-index: 0.8124 | Val Fused: 0.6754 | Val CT: 0.5901 | Val PA: 0.6725
Epoch 10/50 | Train Loss: 2.9901 (Fused: 2.9901) | Train C-index: 0.8259 | Val Fused: 0.6921 | Val CT: 0.6393 | Val PA: 0.6725
Epoch 11/50 | Train Loss: 2.9842 (Fused: 2.9842) | Train C-index: 0.8329 | Val Fused: 0.6863 | Val CT: 0.6030 | Val PA: 0.6749
Epoch 12/50 | Train Loss: 2.7918 (Fused: 2.7918) | Train C-index: 0.8434 | Val Fused: 0.6776 | Val CT: 0.5838 | Val PA: 0.6739
Epoch 13/50 | Train Loss: 2.7537 (Fused: 2.7537) | Train C-index: 0.8524 | Val Fused: 0.6589 | Val CT: 0.5669 | Val PA: 0.6713
Epoch 14/50 | Train Loss: 2.6559 (Fused: 2.6559) | Train C-index: 0.8634 | Val Fused: 0.6824 | Val CT: 0.6148 | Val PA: 0.6732
Epoch 15/50 | Train Loss: 2.6247 (Fused: 2.6247) | Train C-index: 0.8756 | Val Fused: 0.6773 | Val CT: 0.5739 | Val PA: 0.6800
Epoch 16/50 | Train Loss: 2.5538 (Fused: 2.5538) | Train C-index: 0.8849 | Val Fused: 0.6882 | Val CT: 0.5928 | Val PA: 0.6863
Epoch 17/50 | Train Loss: 2.4494 (Fused: 2.4494) | Train C-index: 0.8899 | Val Fused: 0.6802 | Val CT: 0.5799 | Val PA: 0.6764
Epoch 18/50 | Train Loss: 2.3790 (Fused: 2.3790) | Train C-index: 0.8985 | Val Fused: 0.6778 | Val CT: 0.5371 | Val PA: 0.6839
Epoch 19/50 | Train Loss: 2.2182 (Fused: 2.2182) | Train C-index: 0.9039 | Val Fused: 0.6986 | Val CT: 0.5843 | Val PA: 0.6887
Epoch 20/50 | Train Loss: 2.1203 (Fused: 2.1203) | Train C-index: 0.8976 | Val Fused: 0.6662 | Val CT: 0.5329 | Val PA: 0.6812
Epoch 21/50 | Train Loss: 2.1497 (Fused: 2.1497) | Train C-index: 0.9039 | Val Fused: 0.6948 | Val CT: 0.5984 | Val PA: 0.6873
Epoch 22/50 | Train Loss: 2.1166 (Fused: 2.1166) | Train C-index: 0.9074 | Val Fused: 0.6890 | Val CT: 0.5601 | Val PA: 0.6986
Epoch 23/50 | Train Loss: 1.9958 (Fused: 1.9958) | Train C-index: 0.9282 | Val Fused: 0.7120 | Val CT: 0.6231 | Val PA: 0.6919
Epoch 24/50 | Train Loss: 1.9341 (Fused: 1.9341) | Train C-index: 0.9180 | Val Fused: 0.7086 | Val CT: 0.6071 | Val PA: 0.6856
Epoch 25/50 | Train Loss: 1.8136 (Fused: 1.8136) | Train C-index: 0.9280 | Val Fused: 0.7035 | Val CT: 0.5736 | Val PA: 0.6926
Epoch 26/50 | Train Loss: 1.8007 (Fused: 1.8007) | Train C-index: 0.9265 | Val Fused: 0.7098 | Val CT: 0.6034 | Val PA: 0.6858
Epoch 27/50 | Train Loss: 1.7002 (Fused: 1.7002) | Train C-index: 0.9337 | Val Fused: 0.7059 | Val CT: 0.6209 | Val PA: 0.6909
Epoch 28/50 | Train Loss: 1.6046 (Fused: 1.6046) | Train C-index: 0.9329 | Val Fused: 0.6800 | Val CT: 0.5245 | Val PA: 0.7003
Epoch 29/50 | Train Loss: 1.6658 (Fused: 1.6658) | Train C-index: 0.9389 | Val Fused: 0.6909 | Val CT: 0.5443 | Val PA: 0.6991
Epoch 30/50 | Train Loss: 1.6130 (Fused: 1.6130) | Train C-index: 0.9348 | Val Fused: 0.6936 | Val CT: 0.5676 | Val PA: 0.6841
Epoch 31/50 | Train Loss: 1.6516 (Fused: 1.6516) | Train C-index: 0.9354 | Val Fused: 0.6943 | Val CT: 0.5887 | Val PA: 0.6807
Epoch 32/50 | Train Loss: 1.6412 (Fused: 1.6412) | Train C-index: 0.9269 | Val Fused: 0.7025 | Val CT: 0.5695 | Val PA: 0.7013
Epoch 33/50 | Train Loss: 1.6373 (Fused: 1.6373) | Train C-index: 0.9395 | Val Fused: 0.7037 | Val CT: 0.5756 | Val PA: 0.6996
Epoch 34/50 | Train Loss: 1.6260 (Fused: 1.6260) | Train C-index: 0.9349 | Val Fused: 0.7202 | Val CT: 0.6214 | Val PA: 0.7040
Epoch 35/50 | Train Loss: 1.6857 (Fused: 1.6857) | Train C-index: 0.9404 | Val Fused: 0.7127 | Val CT: 0.6020 | Val PA: 0.7062
Epoch 36/50 | Train Loss: 1.5483 (Fused: 1.5483) | Train C-index: 0.9360 | Val Fused: 0.6940 | Val CT: 0.5615 | Val PA: 0.6948
Epoch 37/50 | Train Loss: 1.5152 (Fused: 1.5152) | Train C-index: 0.9462 | Val Fused: 0.7236 | Val CT: 0.6039 | Val PA: 0.7095
Epoch 38/50 | Train Loss: 1.4784 (Fused: 1.4784) | Train C-index: 0.9481 | Val Fused: 0.7117 | Val CT: 0.5925 | Val PA: 0.7006
Epoch 39/50 | Train Loss: 1.4415 (Fused: 1.4415) | Train C-index: 0.9491 | Val Fused: 0.7016 | Val CT: 0.5688 | Val PA: 0.7108
Epoch 40/50 | Train Loss: 1.4486 (Fused: 1.4486) | Train C-index: 0.9523 | Val Fused: 0.7076 | Val CT: 0.5671 | Val PA: 0.7108
Epoch 41/50 | Train Loss: 1.3879 (Fused: 1.3879) | Train C-index: 0.9515 | Val Fused: 0.7091 | Val CT: 0.5812 | Val PA: 0.7049
Epoch 42/50 | Train Loss: 1.3358 (Fused: 1.3358) | Train C-index: 0.9536 | Val Fused: 0.7086 | Val CT: 0.6034 | Val PA: 0.7035
Epoch 43/50 | Train Loss: 1.2852 (Fused: 1.2852) | Train C-index: 0.9522 | Val Fused: 0.7076 | Val CT: 0.6088 | Val PA: 0.6962
Epoch 44/50 | Train Loss: 1.4073 (Fused: 1.4073) | Train C-index: 0.9531 | Val Fused: 0.7146 | Val CT: 0.6049 | Val PA: 0.7023
Epoch 45/50 | Train Loss: 1.3500 (Fused: 1.3500) | Train C-index: 0.9527 | Val Fused: 0.7236 | Val CT: 0.6274 | Val PA: 0.7059
Epoch 46/50 | Train Loss: 1.3244 (Fused: 1.3244) | Train C-index: 0.9536 | Val Fused: 0.7175 | Val CT: 0.5959 | Val PA: 0.7108
Epoch 47/50 | Train Loss: 1.2794 (Fused: 1.2794) | Train C-index: 0.9487 | Val Fused: 0.7045 | Val CT: 0.5741 | Val PA: 0.7062
Epoch 48/50 | Train Loss: 1.3619 (Fused: 1.3619) | Train C-index: 0.9518 | Val Fused: 0.7149 | Val CT: 0.6047 | Val PA: 0.7045
Epoch 49/50 | Train Loss: 1.3140 (Fused: 1.3140) | Train C-index: 0.9585 | Val Fused: 0.7163 | Val CT: 0.6126 | Val PA: 0.7134
Epoch 50/50 | Train Loss: 1.3358 (Fused: 1.3358) | Train C-index: 0.9545 | Val Fused: 0.7028 | Val CT: 0.5703 | Val PA: 0.7120
Fold 1 final C-index: 0.7236

Extra survival metrics:
cutoff_from_train_median: -2.660293
n_test: 125
n_high_risk: 70
n_low_risk: 55
n_event_test: 47
logrank_stat: 15.277248
logrank_p: 0.000093
auc_36m: 0.746622
auc_60m: 0.753368
mean_auc: 0.747890
HR_high_vs_low: 3.876947
HR_95CI_lower: 1.866833
HR_95CI_upper: 8.051455
cox_p: 0.000279

==================================================
Fold 3/5
==================================================
[ResNetCox] Loaded pretrained from /home/gly001/cqj/pa_ct_surv/model/ct_pretrain/resnet_18_23dataset.pth
  Missing keys (ok): ['fc.weight', 'fc.bias']
Epoch 1/50 | Train Loss: 3.6401 (Fused: 3.6401) | Train C-index: 0.6220 | Val Fused: 0.6426 | Val CT: 0.5528 | Val PA: 0.7519
Epoch 2/50 | Train Loss: 3.5538 (Fused: 3.5538) | Train C-index: 0.6755 | Val Fused: 0.7410 | Val CT: 0.6319 | Val PA: 0.7582
Epoch 3/50 | Train Loss: 3.4959 (Fused: 3.4959) | Train C-index: 0.6301 | Val Fused: 0.7140 | Val CT: 0.6686 | Val PA: 0.7609
Epoch 4/50 | Train Loss: 3.3976 (Fused: 3.3976) | Train C-index: 0.7259 | Val Fused: 0.7804 | Val CT: 0.7055 | Val PA: 0.7614
Epoch 5/50 | Train Loss: 3.3456 (Fused: 3.3456) | Train C-index: 0.7185 | Val Fused: 0.7302 | Val CT: 0.6843 | Val PA: 0.7594
Epoch 6/50 | Train Loss: 3.2735 (Fused: 3.2735) | Train C-index: 0.7489 | Val Fused: 0.7809 | Val CT: 0.7152 | Val PA: 0.7584
Epoch 7/50 | Train Loss: 3.2176 (Fused: 3.2176) | Train C-index: 0.6795 | Val Fused: 0.6142 | Val CT: 0.4876 | Val PA: 0.7522
Epoch 8/50 | Train Loss: 3.1365 (Fused: 3.1365) | Train C-index: 0.7359 | Val Fused: 0.7095 | Val CT: 0.5932 | Val PA: 0.7479
Epoch 9/50 | Train Loss: 3.1455 (Fused: 3.1455) | Train C-index: 0.7155 | Val Fused: 0.6726 | Val CT: 0.5685 | Val PA: 0.7452
Epoch 10/50 | Train Loss: 3.0511 (Fused: 3.0511) | Train C-index: 0.8088 | Val Fused: 0.7642 | Val CT: 0.6920 | Val PA: 0.7457
Epoch 11/50 | Train Loss: 2.9731 (Fused: 2.9731) | Train C-index: 0.7877 | Val Fused: 0.7330 | Val CT: 0.6549 | Val PA: 0.7382
Epoch 12/50 | Train Loss: 2.8766 (Fused: 2.8766) | Train C-index: 0.8259 | Val Fused: 0.7405 | Val CT: 0.6539 | Val PA: 0.7355
Epoch 13/50 | Train Loss: 2.7453 (Fused: 2.7453) | Train C-index: 0.7898 | Val Fused: 0.6878 | Val CT: 0.5663 | Val PA: 0.7325
Epoch 14/50 | Train Loss: 2.6347 (Fused: 2.6347) | Train C-index: 0.7403 | Val Fused: 0.6366 | Val CT: 0.5705 | Val PA: 0.7285
Epoch 15/50 | Train Loss: 2.5401 (Fused: 2.5401) | Train C-index: 0.8353 | Val Fused: 0.7202 | Val CT: 0.5583 | Val PA: 0.7382
Epoch 16/50 | Train Loss: 2.4611 (Fused: 2.4611) | Train C-index: 0.7566 | Val Fused: 0.6069 | Val CT: 0.4792 | Val PA: 0.7412
Epoch 17/50 | Train Loss: 2.3751 (Fused: 2.3751) | Train C-index: 0.8068 | Val Fused: 0.6436 | Val CT: 0.5386 | Val PA: 0.7290
Epoch 18/50 | Train Loss: 2.3364 (Fused: 2.3364) | Train C-index: 0.7272 | Val Fused: 0.5628 | Val CT: 0.4612 | Val PA: 0.7230
Epoch 19/50 | Train Loss: 2.1890 (Fused: 2.1890) | Train C-index: 0.8472 | Val Fused: 0.6321 | Val CT: 0.4557 | Val PA: 0.7235
Epoch 20/50 | Train Loss: 2.1328 (Fused: 2.1328) | Train C-index: 0.8774 | Val Fused: 0.6798 | Val CT: 0.5158 | Val PA: 0.7345
Epoch 21/50 | Train Loss: 2.0571 (Fused: 2.0571) | Train C-index: 0.9017 | Val Fused: 0.7160 | Val CT: 0.5560 | Val PA: 0.7250
Early stopping at epoch 21
Fold 2 final C-index: 0.7809

Extra survival metrics:
cutoff_from_train_median: -0.295630
n_test: 125
n_high_risk: 60
n_low_risk: 65
n_event_test: 47
logrank_stat: 33.469625
logrank_p: 0.000000
auc_36m: 0.819870
auc_60m: 0.835980
mean_auc: 0.824167
HR_high_vs_low: 6.162764
HR_95CI_lower: 3.055855
HR_95CI_upper: 12.428487
cox_p: 0.000000

==================================================
Fold 4/5
==================================================
[ResNetCox] Loaded pretrained from /home/gly001/cqj/pa_ct_surv/model/ct_pretrain/resnet_18_23dataset.pth
  Missing keys (ok): ['fc.weight', 'fc.bias']
Epoch 1/50 | Train Loss: 3.6334 (Fused: 3.6334) | Train C-index: 0.6656 | Val Fused: 0.5618 | Val CT: 0.4768 | Val PA: 0.6249
Epoch 2/50 | Train Loss: 3.5235 (Fused: 3.5235) | Train C-index: 0.7494 | Val Fused: 0.6004 | Val CT: 0.5455 | Val PA: 0.6290
Epoch 3/50 | Train Loss: 3.4275 (Fused: 3.4275) | Train C-index: 0.7438 | Val Fused: 0.5635 | Val CT: 0.4939 | Val PA: 0.6338
Epoch 4/50 | Train Loss: 3.3404 (Fused: 3.3404) | Train C-index: 0.6999 | Val Fused: 0.5944 | Val CT: 0.5582 | Val PA: 0.6376
Epoch 5/50 | Train Loss: 3.2642 (Fused: 3.2642) | Train C-index: 0.7331 | Val Fused: 0.6060 | Val CT: 0.5529 | Val PA: 0.6424
Epoch 6/50 | Train Loss: 3.2013 (Fused: 3.2013) | Train C-index: 0.7533 | Val Fused: 0.6057 | Val CT: 0.5282 | Val PA: 0.6463
Epoch 7/50 | Train Loss: 3.1579 (Fused: 3.1579) | Train C-index: 0.7417 | Val Fused: 0.6067 | Val CT: 0.5203 | Val PA: 0.6551
Epoch 8/50 | Train Loss: 3.0892 (Fused: 3.0892) | Train C-index: 0.7898 | Val Fused: 0.6211 | Val CT: 0.4992 | Val PA: 0.6573
Epoch 9/50 | Train Loss: 3.0210 (Fused: 3.0210) | Train C-index: 0.8080 | Val Fused: 0.6616 | Val CT: 0.6021 | Val PA: 0.6686
Epoch 10/50 | Train Loss: 2.9734 (Fused: 2.9734) | Train C-index: 0.7790 | Val Fused: 0.6724 | Val CT: 0.6160 | Val PA: 0.6715
Epoch 11/50 | Train Loss: 2.8572 (Fused: 2.8572) | Train C-index: 0.8127 | Val Fused: 0.6679 | Val CT: 0.5678 | Val PA: 0.6753
Epoch 12/50 | Train Loss: 2.7663 (Fused: 2.7663) | Train C-index: 0.8375 | Val Fused: 0.6758 | Val CT: 0.5289 | Val PA: 0.6806
Epoch 13/50 | Train Loss: 2.6830 (Fused: 2.6830) | Train C-index: 0.8415 | Val Fused: 0.6796 | Val CT: 0.5512 | Val PA: 0.6782
Epoch 14/50 | Train Loss: 2.6141 (Fused: 2.6141) | Train C-index: 0.8461 | Val Fused: 0.6578 | Val CT: 0.4881 | Val PA: 0.6734
Epoch 15/50 | Train Loss: 2.4872 (Fused: 2.4872) | Train C-index: 0.8572 | Val Fused: 0.6739 | Val CT: 0.5620 | Val PA: 0.6703
Epoch 16/50 | Train Loss: 2.4377 (Fused: 2.4377) | Train C-index: 0.8753 | Val Fused: 0.6671 | Val CT: 0.5323 | Val PA: 0.6691
Epoch 17/50 | Train Loss: 2.3604 (Fused: 2.3604) | Train C-index: 0.8696 | Val Fused: 0.6758 | Val CT: 0.5318 | Val PA: 0.6712
Epoch 18/50 | Train Loss: 2.3015 (Fused: 2.3015) | Train C-index: 0.8824 | Val Fused: 0.6607 | Val CT: 0.5066 | Val PA: 0.6693
Epoch 19/50 | Train Loss: 2.2482 (Fused: 2.2482) | Train C-index: 0.8898 | Val Fused: 0.6614 | Val CT: 0.5222 | Val PA: 0.6686
Epoch 20/50 | Train Loss: 2.2070 (Fused: 2.2070) | Train C-index: 0.8954 | Val Fused: 0.6602 | Val CT: 0.5244 | Val PA: 0.6643
Epoch 21/50 | Train Loss: 1.9930 (Fused: 1.9930) | Train C-index: 0.8941 | Val Fused: 0.6784 | Val CT: 0.5378 | Val PA: 0.6638
Epoch 22/50 | Train Loss: 2.1285 (Fused: 2.1285) | Train C-index: 0.8933 | Val Fused: 0.6407 | Val CT: 0.4807 | Val PA: 0.6607
Epoch 23/50 | Train Loss: 2.1290 (Fused: 2.1290) | Train C-index: 0.9152 | Val Fused: 0.6477 | Val CT: 0.4677 | Val PA: 0.6643
Epoch 24/50 | Train Loss: 1.9606 (Fused: 1.9606) | Train C-index: 0.8929 | Val Fused: 0.6563 | Val CT: 0.5145 | Val PA: 0.6645
Epoch 25/50 | Train Loss: 1.8372 (Fused: 1.8372) | Train C-index: 0.9137 | Val Fused: 0.6595 | Val CT: 0.5210 | Val PA: 0.6575
Epoch 26/50 | Train Loss: 1.7810 (Fused: 1.7810) | Train C-index: 0.9255 | Val Fused: 0.6563 | Val CT: 0.5155 | Val PA: 0.6573
Epoch 27/50 | Train Loss: 1.7082 (Fused: 1.7082) | Train C-index: 0.9211 | Val Fused: 0.6597 | Val CT: 0.5335 | Val PA: 0.6566
Epoch 28/50 | Train Loss: 1.6905 (Fused: 1.6905) | Train C-index: 0.9121 | Val Fused: 0.6731 | Val CT: 0.5738 | Val PA: 0.6530
Early stopping at epoch 28
Fold 3 final C-index: 0.6796

Extra survival metrics:
cutoff_from_train_median: -0.614591
n_test: 125
n_high_risk: 73
n_low_risk: 52
n_event_test: 48
logrank_stat: 10.982980
logrank_p: 0.000920
auc_36m: 0.702191
auc_60m: 0.687692
mean_auc: 0.698612
HR_high_vs_low: 3.076855
HR_95CI_lower: 1.527478
HR_95CI_upper: 6.197824
cox_p: 0.001658

==================================================
Fold 5/5
==================================================
[ResNetCox] Loaded pretrained from /home/gly001/cqj/pa_ct_surv/model/ct_pretrain/resnet_18_23dataset.pth
  Missing keys (ok): ['fc.weight', 'fc.bias']
Epoch 1/50 | Train Loss: 3.6176 (Fused: 3.6176) | Train C-index: 0.7018 | Val Fused: 0.7358 | Val CT: 0.6317 | Val PA: 0.7420
Epoch 2/50 | Train Loss: 3.5613 (Fused: 3.5613) | Train C-index: 0.7195 | Val Fused: 0.7508 | Val CT: 0.6451 | Val PA: 0.7443
Epoch 3/50 | Train Loss: 3.4507 (Fused: 3.4507) | Train C-index: 0.7336 | Val Fused: 0.7473 | Val CT: 0.6101 | Val PA: 0.7462
Epoch 4/50 | Train Loss: 3.3836 (Fused: 3.3836) | Train C-index: 0.7458 | Val Fused: 0.7427 | Val CT: 0.6159 | Val PA: 0.7455
Epoch 5/50 | Train Loss: 3.3341 (Fused: 3.3341) | Train C-index: 0.7561 | Val Fused: 0.7605 | Val CT: 0.6199 | Val PA: 0.7513
Epoch 6/50 | Train Loss: 3.2868 (Fused: 3.2868) | Train C-index: 0.7556 | Val Fused: 0.7605 | Val CT: 0.5261 | Val PA: 0.7584
Epoch 7/50 | Train Loss: 3.2375 (Fused: 3.2375) | Train C-index: 0.7675 | Val Fused: 0.7335 | Val CT: 0.5252 | Val PA: 0.7640
Epoch 8/50 | Train Loss: 3.2047 (Fused: 3.2047) | Train C-index: 0.7661 | Val Fused: 0.7298 | Val CT: 0.4401 | Val PA: 0.7686
Epoch 9/50 | Train Loss: 3.1434 (Fused: 3.1434) | Train C-index: 0.7684 | Val Fused: 0.7446 | Val CT: 0.5398 | Val PA: 0.7742
Epoch 10/50 | Train Loss: 3.1066 (Fused: 3.1066) | Train C-index: 0.7927 | Val Fused: 0.7478 | Val CT: 0.5312 | Val PA: 0.7793
Epoch 11/50 | Train Loss: 2.9995 (Fused: 2.9995) | Train C-index: 0.7358 | Val Fused: 0.7080 | Val CT: 0.5187 | Val PA: 0.7830
Epoch 12/50 | Train Loss: 2.9748 (Fused: 2.9748) | Train C-index: 0.8132 | Val Fused: 0.7355 | Val CT: 0.4857 | Val PA: 0.7837
Epoch 13/50 | Train Loss: 2.8786 (Fused: 2.8786) | Train C-index: 0.8174 | Val Fused: 0.7469 | Val CT: 0.5502 | Val PA: 0.7776
Epoch 14/50 | Train Loss: 2.7494 (Fused: 2.7494) | Train C-index: 0.7067 | Val Fused: 0.6749 | Val CT: 0.5257 | Val PA: 0.7790
Epoch 15/50 | Train Loss: 2.6596 (Fused: 2.6596) | Train C-index: 0.8446 | Val Fused: 0.7684 | Val CT: 0.5652 | Val PA: 0.7800
Epoch 16/50 | Train Loss: 2.5637 (Fused: 2.5637) | Train C-index: 0.7962 | Val Fused: 0.7369 | Val CT: 0.5539 | Val PA: 0.7814
Epoch 17/50 | Train Loss: 2.5013 (Fused: 2.5013) | Train C-index: 0.8257 | Val Fused: 0.7471 | Val CT: 0.5359 | Val PA: 0.7797
Epoch 18/50 | Train Loss: 2.3539 (Fused: 2.3539) | Train C-index: 0.7913 | Val Fused: 0.7029 | Val CT: 0.5273 | Val PA: 0.7753
Epoch 19/50 | Train Loss: 2.2226 (Fused: 2.2226) | Train C-index: 0.7765 | Val Fused: 0.6858 | Val CT: 0.5345 | Val PA: 0.7737
Epoch 20/50 | Train Loss: 2.2185 (Fused: 2.2185) | Train C-index: 0.8601 | Val Fused: 0.7258 | Val CT: 0.5065 | Val PA: 0.7739
Epoch 21/50 | Train Loss: 2.1590 (Fused: 2.1590) | Train C-index: 0.7409 | Val Fused: 0.6726 | Val CT: 0.5354 | Val PA: 0.7661
Epoch 22/50 | Train Loss: 2.1292 (Fused: 2.1292) | Train C-index: 0.8993 | Val Fused: 0.7603 | Val CT: 0.5801 | Val PA: 0.7719
Epoch 23/50 | Train Loss: 2.0536 (Fused: 2.0536) | Train C-index: 0.8994 | Val Fused: 0.7385 | Val CT: 0.5261 | Val PA: 0.7647
Epoch 24/50 | Train Loss: 1.9622 (Fused: 1.9622) | Train C-index: 0.8755 | Val Fused: 0.7103 | Val CT: 0.5028 | Val PA: 0.7628
Epoch 25/50 | Train Loss: 1.8622 (Fused: 1.8622) | Train C-index: 0.9056 | Val Fused: 0.7351 | Val CT: 0.5273 | Val PA: 0.7612
Epoch 26/50 | Train Loss: 1.8460 (Fused: 1.8460) | Train C-index: 0.8621 | Val Fused: 0.7122 | Val CT: 0.5377 | Val PA: 0.7668
Epoch 27/50 | Train Loss: 1.7597 (Fused: 1.7597) | Train C-index: 0.8875 | Val Fused: 0.7240 | Val CT: 0.5398 | Val PA: 0.7670
Epoch 28/50 | Train Loss: 1.7131 (Fused: 1.7131) | Train C-index: 0.9191 | Val Fused: 0.7478 | Val CT: 0.6111 | Val PA: 0.7628
Epoch 29/50 | Train Loss: 1.7094 (Fused: 1.7094) | Train C-index: 0.9237 | Val Fused: 0.7487 | Val CT: 0.5463 | Val PA: 0.7649
Epoch 30/50 | Train Loss: 1.7348 (Fused: 1.7348) | Train C-index: 0.8398 | Val Fused: 0.6916 | Val CT: 0.5345 | Val PA: 0.7596
Early stopping at epoch 30
Fold 4 final C-index: 0.7684

Extra survival metrics:
cutoff_from_train_median: -0.492369
n_test: 125
n_high_risk: 60
n_low_risk: 65
n_event_test: 48
logrank_stat: 26.292946
logrank_p: 0.000000
auc_36m: 0.825849
auc_60m: 0.792841
mean_auc: 0.815773
HR_high_vs_low: 4.758803
HR_95CI_lower: 2.468362
HR_95CI_upper: 9.174590
cox_p: 0.000003

==================================================
5-Fold CV Summary
==================================================
  C-index: 0.7440 +/- 0.0420
