nohup: ignoring input
Using Device: cuda | ROI: 96
PA: abmil | CT: resnet18 | Fusion: weighted | Augment: True
LR: 0.0001 | CT Backbone LR: 0.0001
Loss: Fused Cox + 0.3*CT + 0.3*PA
CT pretrained: /home/gly001/cqj/pa_ct_surv/model/ct_pretrain/resnet_18_23dataset.pth
Checkpoints: /home/gly001/cqj/pa_ct_surv/checkpoints/pact_v2/pact/weighted_ep50/seed42
Results: /home/gly001/cqj/pa_ct_surv/results/pact_v2/pact/weighted_ep50/seed42
Loaded 777 paired samples
Locked split: train=625, test=152
Test set is not accessed during CV

==================================================
Fold 1/5
==================================================
[ResNetCox] Loaded pretrained from /home/gly001/cqj/pa_ct_surv/model/ct_pretrain/resnet_18_23dataset.pth
  Missing keys (ok): ['fc.weight', 'fc.bias']
Epoch 1/50 | Train Loss: 5.8091 (Fused: 3.6266) | Train C-index: 0.5915 | Val Fused: 0.6257 | Val CT: 0.5445 | Val PA: 0.7055
Epoch 2/50 | Train Loss: 5.7448 (Fused: 3.5835) | Train C-index: 0.7134 | Val Fused: 0.7252 | Val CT: 0.6596 | Val PA: 0.7060
Epoch 3/50 | Train Loss: 5.5630 (Fused: 3.4658) | Train C-index: 0.7292 | Val Fused: 0.7382 | Val CT: 0.6945 | Val PA: 0.7045
Epoch 4/50 | Train Loss: 5.5162 (Fused: 3.4317) | Train C-index: 0.7419 | Val Fused: 0.7437 | Val CT: 0.7073 | Val PA: 0.7060
Epoch 5/50 | Train Loss: 5.3876 (Fused: 3.3425) | Train C-index: 0.7522 | Val Fused: 0.7434 | Val CT: 0.7380 | Val PA: 0.7040
Epoch 6/50 | Train Loss: 5.3222 (Fused: 3.2968) | Train C-index: 0.7700 | Val Fused: 0.7405 | Val CT: 0.7522 | Val PA: 0.7048
Epoch 7/50 | Train Loss: 5.2356 (Fused: 3.2411) | Train C-index: 0.7833 | Val Fused: 0.7567 | Val CT: 0.7287 | Val PA: 0.7028
Epoch 8/50 | Train Loss: 5.1364 (Fused: 3.1693) | Train C-index: 0.7879 | Val Fused: 0.7315 | Val CT: 0.6703 | Val PA: 0.7080
Epoch 9/50 | Train Loss: 4.9874 (Fused: 3.0768) | Train C-index: 0.7997 | Val Fused: 0.7557 | Val CT: 0.7342 | Val PA: 0.7038
Epoch 10/50 | Train Loss: 4.9500 (Fused: 3.0388) | Train C-index: 0.8096 | Val Fused: 0.7592 | Val CT: 0.7140 | Val PA: 0.7058
Epoch 11/50 | Train Loss: 4.8105 (Fused: 2.9489) | Train C-index: 0.7890 | Val Fused: 0.7547 | Val CT: 0.6868 | Val PA: 0.7073
Epoch 12/50 | Train Loss: 4.6852 (Fused: 2.8700) | Train C-index: 0.7472 | Val Fused: 0.7307 | Val CT: 0.6094 | Val PA: 0.7095
Epoch 13/50 | Train Loss: 4.6245 (Fused: 2.8222) | Train C-index: 0.8347 | Val Fused: 0.7564 | Val CT: 0.6900 | Val PA: 0.7180
Epoch 14/50 | Train Loss: 4.4966 (Fused: 2.7374) | Train C-index: 0.8514 | Val Fused: 0.7449 | Val CT: 0.6611 | Val PA: 0.7237
Epoch 15/50 | Train Loss: 4.4231 (Fused: 2.6817) | Train C-index: 0.8629 | Val Fused: 0.7647 | Val CT: 0.7292 | Val PA: 0.7280
Epoch 16/50 | Train Loss: 4.3964 (Fused: 2.6431) | Train C-index: 0.8164 | Val Fused: 0.7250 | Val CT: 0.5830 | Val PA: 0.7232
Epoch 17/50 | Train Loss: 4.2508 (Fused: 2.5528) | Train C-index: 0.8120 | Val Fused: 0.7397 | Val CT: 0.6097 | Val PA: 0.7215
Epoch 18/50 | Train Loss: 4.2187 (Fused: 2.5308) | Train C-index: 0.8101 | Val Fused: 0.7472 | Val CT: 0.6074 | Val PA: 0.7187
Epoch 19/50 | Train Loss: 3.9462 (Fused: 2.3600) | Train C-index: 0.8556 | Val Fused: 0.7257 | Val CT: 0.5967 | Val PA: 0.7250
Epoch 20/50 | Train Loss: 3.7795 (Fused: 2.2531) | Train C-index: 0.7880 | Val Fused: 0.7320 | Val CT: 0.6179 | Val PA: 0.7242
Epoch 21/50 | Train Loss: 3.6066 (Fused: 2.1279) | Train C-index: 0.8319 | Val Fused: 0.7028 | Val CT: 0.5623 | Val PA: 0.7240
Epoch 22/50 | Train Loss: 3.5253 (Fused: 2.0671) | Train C-index: 0.7593 | Val Fused: 0.6843 | Val CT: 0.6014 | Val PA: 0.7202
Epoch 23/50 | Train Loss: 3.4693 (Fused: 2.0326) | Train C-index: 0.8380 | Val Fused: 0.7095 | Val CT: 0.6092 | Val PA: 0.7247
Epoch 24/50 | Train Loss: 3.3986 (Fused: 1.9982) | Train C-index: 0.8695 | Val Fused: 0.7010 | Val CT: 0.5725 | Val PA: 0.7118
Epoch 25/50 | Train Loss: 3.3676 (Fused: 1.9696) | Train C-index: 0.8568 | Val Fused: 0.7130 | Val CT: 0.6321 | Val PA: 0.7305
Epoch 26/50 | Train Loss: 3.2103 (Fused: 1.8723) | Train C-index: 0.7656 | Val Fused: 0.6761 | Val CT: 0.5805 | Val PA: 0.7048
Epoch 27/50 | Train Loss: 3.0122 (Fused: 1.7567) | Train C-index: 0.8341 | Val Fused: 0.7262 | Val CT: 0.5982 | Val PA: 0.7180
Epoch 28/50 | Train Loss: 2.9666 (Fused: 1.7095) | Train C-index: 0.6899 | Val Fused: 0.6549 | Val CT: 0.6202 | Val PA: 0.7140
Epoch 29/50 | Train Loss: 2.9812 (Fused: 1.7194) | Train C-index: 0.8763 | Val Fused: 0.7230 | Val CT: 0.6062 | Val PA: 0.7088
Epoch 30/50 | Train Loss: 2.9570 (Fused: 1.6959) | Train C-index: 0.7916 | Val Fused: 0.6968 | Val CT: 0.5695 | Val PA: 0.7210
Early stopping at epoch 30
Fold 0 final C-index: 0.7647

Extra survival metrics:
cutoff_from_train_median: -0.766031
n_test: 125
n_high_risk: 59
n_low_risk: 66
n_event_test: 47
logrank_stat: 16.963526
logrank_p: 0.000038
auc_36m: 0.820442
auc_60m: 0.842625
mean_auc: 0.825400
HR_high_vs_low: 3.466883
HR_95CI_lower: 1.845202
HR_95CI_upper: 6.513801
cox_p: 0.000112

==================================================
Fold 2/5
==================================================
[ResNetCox] Loaded pretrained from /home/gly001/cqj/pa_ct_surv/model/ct_pretrain/resnet_18_23dataset.pth
  Missing keys (ok): ['fc.weight', 'fc.bias']
Epoch 1/50 | Train Loss: 5.8332 (Fused: 3.6413) | Train C-index: 0.7358 | Val Fused: 0.6914 | Val CT: 0.5823 | Val PA: 0.6987
Epoch 2/50 | Train Loss: 5.6240 (Fused: 3.5062) | Train C-index: 0.7458 | Val Fused: 0.7035 | Val CT: 0.6167 | Val PA: 0.6997
Epoch 3/50 | Train Loss: 5.5072 (Fused: 3.4247) | Train C-index: 0.7511 | Val Fused: 0.7052 | Val CT: 0.6326 | Val PA: 0.7011
Epoch 4/50 | Train Loss: 5.3997 (Fused: 3.3510) | Train C-index: 0.7617 | Val Fused: 0.7132 | Val CT: 0.6421 | Val PA: 0.7074
Epoch 5/50 | Train Loss: 5.3006 (Fused: 3.2861) | Train C-index: 0.7671 | Val Fused: 0.7050 | Val CT: 0.6329 | Val PA: 0.7120
Epoch 6/50 | Train Loss: 5.2252 (Fused: 3.2302) | Train C-index: 0.7805 | Val Fused: 0.7212 | Val CT: 0.6612 | Val PA: 0.7159
Epoch 7/50 | Train Loss: 5.1478 (Fused: 3.1829) | Train C-index: 0.7973 | Val Fused: 0.7161 | Val CT: 0.6438 | Val PA: 0.7188
Epoch 8/50 | Train Loss: 5.0487 (Fused: 3.1120) | Train C-index: 0.8036 | Val Fused: 0.7219 | Val CT: 0.6815 | Val PA: 0.7168
Epoch 9/50 | Train Loss: 4.9566 (Fused: 3.0530) | Train C-index: 0.8118 | Val Fused: 0.7127 | Val CT: 0.6353 | Val PA: 0.7183
Epoch 10/50 | Train Loss: 4.9073 (Fused: 3.0084) | Train C-index: 0.8222 | Val Fused: 0.7214 | Val CT: 0.6549 | Val PA: 0.7193
Epoch 11/50 | Train Loss: 4.7878 (Fused: 2.9318) | Train C-index: 0.8305 | Val Fused: 0.7299 | Val CT: 0.6730 | Val PA: 0.7173
Epoch 12/50 | Train Loss: 4.7059 (Fused: 2.8724) | Train C-index: 0.8442 | Val Fused: 0.7193 | Val CT: 0.6442 | Val PA: 0.7156
Epoch 13/50 | Train Loss: 4.5981 (Fused: 2.8003) | Train C-index: 0.8570 | Val Fused: 0.7243 | Val CT: 0.6423 | Val PA: 0.7178
Epoch 14/50 | Train Loss: 4.4266 (Fused: 2.6907) | Train C-index: 0.8638 | Val Fused: 0.7224 | Val CT: 0.6583 | Val PA: 0.7142
Epoch 15/50 | Train Loss: 4.3779 (Fused: 2.6457) | Train C-index: 0.8603 | Val Fused: 0.7161 | Val CT: 0.6167 | Val PA: 0.7142
Epoch 16/50 | Train Loss: 4.1912 (Fused: 2.5185) | Train C-index: 0.8819 | Val Fused: 0.7256 | Val CT: 0.6513 | Val PA: 0.7142
Epoch 17/50 | Train Loss: 4.0775 (Fused: 2.4413) | Train C-index: 0.8804 | Val Fused: 0.7038 | Val CT: 0.6183 | Val PA: 0.7108
Epoch 18/50 | Train Loss: 4.0589 (Fused: 2.4127) | Train C-index: 0.8943 | Val Fused: 0.7323 | Val CT: 0.6617 | Val PA: 0.7103
Epoch 19/50 | Train Loss: 3.9225 (Fused: 2.3341) | Train C-index: 0.9067 | Val Fused: 0.7256 | Val CT: 0.6150 | Val PA: 0.7195
Epoch 20/50 | Train Loss: 3.7400 (Fused: 2.2129) | Train C-index: 0.9122 | Val Fused: 0.7135 | Val CT: 0.6208 | Val PA: 0.7118
Epoch 21/50 | Train Loss: 3.7406 (Fused: 2.2095) | Train C-index: 0.9184 | Val Fused: 0.7139 | Val CT: 0.6396 | Val PA: 0.7127
Epoch 22/50 | Train Loss: 3.7418 (Fused: 2.1885) | Train C-index: 0.9250 | Val Fused: 0.7197 | Val CT: 0.6341 | Val PA: 0.7064
Epoch 23/50 | Train Loss: 3.5291 (Fused: 2.0548) | Train C-index: 0.9193 | Val Fused: 0.7185 | Val CT: 0.6033 | Val PA: 0.7202
Epoch 24/50 | Train Loss: 3.4081 (Fused: 1.9913) | Train C-index: 0.9294 | Val Fused: 0.7205 | Val CT: 0.5973 | Val PA: 0.7096
Epoch 25/50 | Train Loss: 3.4408 (Fused: 1.9904) | Train C-index: 0.9357 | Val Fused: 0.7268 | Val CT: 0.6486 | Val PA: 0.7064
Epoch 26/50 | Train Loss: 3.3111 (Fused: 1.9159) | Train C-index: 0.9409 | Val Fused: 0.7316 | Val CT: 0.6597 | Val PA: 0.7178
Epoch 27/50 | Train Loss: 3.1428 (Fused: 1.8089) | Train C-index: 0.9434 | Val Fused: 0.7256 | Val CT: 0.6515 | Val PA: 0.7152
Epoch 28/50 | Train Loss: 3.0634 (Fused: 1.7719) | Train C-index: 0.9466 | Val Fused: 0.7222 | Val CT: 0.6128 | Val PA: 0.7115
Epoch 29/50 | Train Loss: 3.0480 (Fused: 1.7846) | Train C-index: 0.9480 | Val Fused: 0.7205 | Val CT: 0.6048 | Val PA: 0.7142
Epoch 30/50 | Train Loss: 2.8707 (Fused: 1.6717) | Train C-index: 0.9534 | Val Fused: 0.7103 | Val CT: 0.5978 | Val PA: 0.7067
Epoch 31/50 | Train Loss: 2.8541 (Fused: 1.6366) | Train C-index: 0.9587 | Val Fused: 0.7183 | Val CT: 0.5895 | Val PA: 0.7144
Epoch 32/50 | Train Loss: 2.8973 (Fused: 1.6511) | Train C-index: 0.9626 | Val Fused: 0.7294 | Val CT: 0.6699 | Val PA: 0.7164
Epoch 33/50 | Train Loss: 2.7798 (Fused: 1.5827) | Train C-index: 0.9601 | Val Fused: 0.7253 | Val CT: 0.6135 | Val PA: 0.7246
Early stopping at epoch 33
Fold 1 final C-index: 0.7323

Extra survival metrics:
cutoff_from_train_median: -1.298260
n_test: 125
n_high_risk: 72
n_low_risk: 53
n_event_test: 47
logrank_stat: 20.650821
logrank_p: 0.000006
auc_36m: 0.784316
auc_60m: 0.727302
mean_auc: 0.764052
HR_high_vs_low: 4.936596
HR_95CI_lower: 2.302530
HR_95CI_upper: 10.584002
cox_p: 0.000041

==================================================
Fold 3/5
==================================================
[ResNetCox] Loaded pretrained from /home/gly001/cqj/pa_ct_surv/model/ct_pretrain/resnet_18_23dataset.pth
  Missing keys (ok): ['fc.weight', 'fc.bias']
Epoch 1/50 | Train Loss: 5.7853 (Fused: 3.6106) | Train C-index: 0.7061 | Val Fused: 0.6928 | Val CT: 0.6265 | Val PA: 0.6783
Epoch 2/50 | Train Loss: 5.6269 (Fused: 3.5080) | Train C-index: 0.7044 | Val Fused: 0.6628 | Val CT: 0.6277 | Val PA: 0.6714
Epoch 3/50 | Train Loss: 5.5273 (Fused: 3.4392) | Train C-index: 0.7354 | Val Fused: 0.6911 | Val CT: 0.6868 | Val PA: 0.6697
Epoch 4/50 | Train Loss: 5.3805 (Fused: 3.3414) | Train C-index: 0.7510 | Val Fused: 0.7011 | Val CT: 0.7419 | Val PA: 0.6704
Epoch 5/50 | Train Loss: 5.2747 (Fused: 3.2713) | Train C-index: 0.7554 | Val Fused: 0.7259 | Val CT: 0.7290 | Val PA: 0.6723
Epoch 6/50 | Train Loss: 5.2159 (Fused: 3.2264) | Train C-index: 0.7656 | Val Fused: 0.6949 | Val CT: 0.6880 | Val PA: 0.6683
Epoch 7/50 | Train Loss: 5.1725 (Fused: 3.1988) | Train C-index: 0.7484 | Val Fused: 0.7000 | Val CT: 0.7081 | Val PA: 0.6647
Epoch 8/50 | Train Loss: 5.0437 (Fused: 3.1122) | Train C-index: 0.7876 | Val Fused: 0.7083 | Val CT: 0.6926 | Val PA: 0.6725
Epoch 9/50 | Train Loss: 4.9237 (Fused: 3.0334) | Train C-index: 0.7748 | Val Fused: 0.7097 | Val CT: 0.7021 | Val PA: 0.6635
Epoch 10/50 | Train Loss: 4.8241 (Fused: 2.9658) | Train C-index: 0.8102 | Val Fused: 0.6868 | Val CT: 0.6842 | Val PA: 0.6673
Epoch 11/50 | Train Loss: 4.8297 (Fused: 2.9590) | Train C-index: 0.6987 | Val Fused: 0.6387 | Val CT: 0.5834 | Val PA: 0.6718
Epoch 12/50 | Train Loss: 4.6535 (Fused: 2.8410) | Train C-index: 0.7897 | Val Fused: 0.7092 | Val CT: 0.6740 | Val PA: 0.6654
Epoch 13/50 | Train Loss: 4.5531 (Fused: 2.7809) | Train C-index: 0.6869 | Val Fused: 0.6146 | Val CT: 0.5560 | Val PA: 0.6671
Epoch 14/50 | Train Loss: 4.4908 (Fused: 2.7316) | Train C-index: 0.8408 | Val Fused: 0.7238 | Val CT: 0.7050 | Val PA: 0.6675
Epoch 15/50 | Train Loss: 4.4685 (Fused: 2.7109) | Train C-index: 0.8591 | Val Fused: 0.7081 | Val CT: 0.6833 | Val PA: 0.6644
Epoch 16/50 | Train Loss: 4.2331 (Fused: 2.5657) | Train C-index: 0.6450 | Val Fused: 0.5829 | Val CT: 0.5493 | Val PA: 0.6633
Epoch 17/50 | Train Loss: 4.0879 (Fused: 2.4584) | Train C-index: 0.6977 | Val Fused: 0.5686 | Val CT: 0.5131 | Val PA: 0.6678
Epoch 18/50 | Train Loss: 4.0205 (Fused: 2.4120) | Train C-index: 0.8879 | Val Fused: 0.6895 | Val CT: 0.6363 | Val PA: 0.6630
Epoch 19/50 | Train Loss: 3.9917 (Fused: 2.3735) | Train C-index: 0.8873 | Val Fused: 0.6926 | Val CT: 0.6151 | Val PA: 0.6735
Epoch 20/50 | Train Loss: 3.8050 (Fused: 2.2606) | Train C-index: 0.9004 | Val Fused: 0.6902 | Val CT: 0.6194 | Val PA: 0.6618
Early stopping at epoch 20
Fold 2 final C-index: 0.7259

Extra survival metrics:
cutoff_from_train_median: 0.229794
n_test: 125
n_high_risk: 63
n_low_risk: 62
n_event_test: 47
logrank_stat: 16.493198
logrank_p: 0.000049
auc_36m: 0.765318
auc_60m: 0.750141
mean_auc: 0.761548
HR_high_vs_low: 3.494286
HR_95CI_lower: 1.837921
HR_95CI_upper: 6.643395
cox_p: 0.000135

==================================================
Fold 4/5
==================================================
[ResNetCox] Loaded pretrained from /home/gly001/cqj/pa_ct_surv/model/ct_pretrain/resnet_18_23dataset.pth
  Missing keys (ok): ['fc.weight', 'fc.bias']
Epoch 1/50 | Train Loss: 5.8587 (Fused: 3.6571) | Train C-index: 0.6183 | Val Fused: 0.6858 | Val CT: 0.6018 | Val PA: 0.7630
Epoch 2/50 | Train Loss: 5.7693 (Fused: 3.5995) | Train C-index: 0.6550 | Val Fused: 0.7446 | Val CT: 0.5644 | Val PA: 0.7715
Epoch 3/50 | Train Loss: 5.5875 (Fused: 3.4829) | Train C-index: 0.6988 | Val Fused: 0.7576 | Val CT: 0.6290 | Val PA: 0.7715
Epoch 4/50 | Train Loss: 5.4675 (Fused: 3.4016) | Train C-index: 0.7355 | Val Fused: 0.7573 | Val CT: 0.5895 | Val PA: 0.7701
Epoch 5/50 | Train Loss: 5.4074 (Fused: 3.3595) | Train C-index: 0.7356 | Val Fused: 0.7464 | Val CT: 0.6167 | Val PA: 0.7746
Epoch 6/50 | Train Loss: 5.3448 (Fused: 3.3150) | Train C-index: 0.7464 | Val Fused: 0.7344 | Val CT: 0.6058 | Val PA: 0.7732
Epoch 7/50 | Train Loss: 5.2636 (Fused: 3.2586) | Train C-index: 0.7698 | Val Fused: 0.7701 | Val CT: 0.6262 | Val PA: 0.7846
Epoch 8/50 | Train Loss: 5.1427 (Fused: 3.1805) | Train C-index: 0.7818 | Val Fused: 0.7500 | Val CT: 0.5672 | Val PA: 0.7824
Epoch 9/50 | Train Loss: 5.0852 (Fused: 3.1423) | Train C-index: 0.7794 | Val Fused: 0.7126 | Val CT: 0.5511 | Val PA: 0.7768
Epoch 10/50 | Train Loss: 4.9385 (Fused: 3.0398) | Train C-index: 0.7975 | Val Fused: 0.7389 | Val CT: 0.5904 | Val PA: 0.7770
Epoch 11/50 | Train Loss: 4.9314 (Fused: 3.0244) | Train C-index: 0.8000 | Val Fused: 0.7358 | Val CT: 0.5462 | Val PA: 0.7758
Epoch 12/50 | Train Loss: 4.8442 (Fused: 2.9672) | Train C-index: 0.8142 | Val Fused: 0.7266 | Val CT: 0.5026 | Val PA: 0.7758
Epoch 13/50 | Train Loss: 4.6671 (Fused: 2.8442) | Train C-index: 0.8178 | Val Fused: 0.7365 | Val CT: 0.5788 | Val PA: 0.7770
Epoch 14/50 | Train Loss: 4.5877 (Fused: 2.7960) | Train C-index: 0.8258 | Val Fused: 0.7185 | Val CT: 0.5327 | Val PA: 0.7734
Epoch 15/50 | Train Loss: 4.4090 (Fused: 2.6793) | Train C-index: 0.8524 | Val Fused: 0.7554 | Val CT: 0.5959 | Val PA: 0.7744
Epoch 16/50 | Train Loss: 4.2223 (Fused: 2.5440) | Train C-index: 0.8415 | Val Fused: 0.7185 | Val CT: 0.5232 | Val PA: 0.7739
Epoch 17/50 | Train Loss: 4.1279 (Fused: 2.4821) | Train C-index: 0.8484 | Val Fused: 0.7107 | Val CT: 0.5402 | Val PA: 0.7696
Epoch 18/50 | Train Loss: 4.0607 (Fused: 2.4211) | Train C-index: 0.8664 | Val Fused: 0.7304 | Val CT: 0.5334 | Val PA: 0.7727
Epoch 19/50 | Train Loss: 3.9200 (Fused: 2.3243) | Train C-index: 0.8545 | Val Fused: 0.6937 | Val CT: 0.4806 | Val PA: 0.7592
Epoch 20/50 | Train Loss: 3.7709 (Fused: 2.2440) | Train C-index: 0.8851 | Val Fused: 0.7431 | Val CT: 0.5421 | Val PA: 0.7661
Epoch 21/50 | Train Loss: 3.6602 (Fused: 2.1694) | Train C-index: 0.8950 | Val Fused: 0.7351 | Val CT: 0.5064 | Val PA: 0.7649
Epoch 22/50 | Train Loss: 3.6365 (Fused: 2.1352) | Train C-index: 0.8794 | Val Fused: 0.7249 | Val CT: 0.5066 | Val PA: 0.7559
Early stopping at epoch 22
Fold 3 final C-index: 0.7701

Extra survival metrics:
cutoff_from_train_median: -0.331688
n_test: 125
n_high_risk: 60
n_low_risk: 65
n_event_test: 48
logrank_stat: 38.130492
logrank_p: 0.000000
auc_36m: 0.801346
auc_60m: 0.819177
mean_auc: 0.804997
HR_high_vs_low: 7.721297
HR_95CI_lower: 3.600946
HR_95CI_upper: 16.556322
cox_p: 0.000000

==================================================
Fold 5/5
==================================================
[ResNetCox] Loaded pretrained from /home/gly001/cqj/pa_ct_surv/model/ct_pretrain/resnet_18_23dataset.pth
  Missing keys (ok): ['fc.weight', 'fc.bias']
Epoch 1/50 | Train Loss: 5.8709 (Fused: 3.6651) | Train C-index: 0.6244 | Val Fused: 0.6096 | Val CT: 0.5507 | Val PA: 0.7004
Epoch 2/50 | Train Loss: 5.6883 (Fused: 3.5483) | Train C-index: 0.6321 | Val Fused: 0.5769 | Val CT: 0.4899 | Val PA: 0.7014
Epoch 3/50 | Train Loss: 5.5605 (Fused: 3.4625) | Train C-index: 0.7144 | Val Fused: 0.6500 | Val CT: 0.4982 | Val PA: 0.7016
Epoch 4/50 | Train Loss: 5.4230 (Fused: 3.3697) | Train C-index: 0.7493 | Val Fused: 0.7164 | Val CT: 0.5684 | Val PA: 0.7070
Epoch 5/50 | Train Loss: 5.3517 (Fused: 3.3215) | Train C-index: 0.7581 | Val Fused: 0.7210 | Val CT: 0.5897 | Val PA: 0.7084
Epoch 6/50 | Train Loss: 5.2873 (Fused: 3.2751) | Train C-index: 0.7636 | Val Fused: 0.6648 | Val CT: 0.5202 | Val PA: 0.7142
Epoch 7/50 | Train Loss: 5.2329 (Fused: 3.2359) | Train C-index: 0.6787 | Val Fused: 0.6188 | Val CT: 0.4720 | Val PA: 0.7171
Epoch 8/50 | Train Loss: 5.2146 (Fused: 3.2230) | Train C-index: 0.7490 | Val Fused: 0.5650 | Val CT: 0.3851 | Val PA: 0.7164
Epoch 9/50 | Train Loss: 5.0312 (Fused: 3.1036) | Train C-index: 0.7740 | Val Fused: 0.6743 | Val CT: 0.4977 | Val PA: 0.7193
Epoch 10/50 | Train Loss: 4.9603 (Fused: 3.0568) | Train C-index: 0.7102 | Val Fused: 0.6786 | Val CT: 0.5348 | Val PA: 0.7154
Epoch 11/50 | Train Loss: 4.9223 (Fused: 3.0291) | Train C-index: 0.8212 | Val Fused: 0.6515 | Val CT: 0.4713 | Val PA: 0.7188
Epoch 12/50 | Train Loss: 4.8129 (Fused: 2.9493) | Train C-index: 0.8292 | Val Fused: 0.6883 | Val CT: 0.4999 | Val PA: 0.7162
Epoch 13/50 | Train Loss: 4.7010 (Fused: 2.8765) | Train C-index: 0.7631 | Val Fused: 0.5546 | Val CT: 0.4132 | Val PA: 0.7147
Epoch 14/50 | Train Loss: 4.6017 (Fused: 2.8026) | Train C-index: 0.8242 | Val Fused: 0.6357 | Val CT: 0.4328 | Val PA: 0.7147
Epoch 15/50 | Train Loss: 4.5125 (Fused: 2.7351) | Train C-index: 0.8027 | Val Fused: 0.6154 | Val CT: 0.4154 | Val PA: 0.7132
Epoch 16/50 | Train Loss: 4.3497 (Fused: 2.6323) | Train C-index: 0.8722 | Val Fused: 0.6767 | Val CT: 0.5023 | Val PA: 0.7140
Epoch 17/50 | Train Loss: 4.1288 (Fused: 2.4787) | Train C-index: 0.8229 | Val Fused: 0.6113 | Val CT: 0.4352 | Val PA: 0.7137
Epoch 18/50 | Train Loss: 4.0300 (Fused: 2.4064) | Train C-index: 0.8683 | Val Fused: 0.6285 | Val CT: 0.4512 | Val PA: 0.7021
Epoch 19/50 | Train Loss: 3.9610 (Fused: 2.3396) | Train C-index: 0.8027 | Val Fused: 0.5754 | Val CT: 0.4355 | Val PA: 0.7033
Epoch 20/50 | Train Loss: 3.8204 (Fused: 2.2734) | Train C-index: 0.8239 | Val Fused: 0.6113 | Val CT: 0.4376 | Val PA: 0.7086
Early stopping at epoch 20
Fold 4 final C-index: 0.7210

Extra survival metrics:
cutoff_from_train_median: -0.335597
n_test: 125
n_high_risk: 59
n_low_risk: 66
n_event_test: 48
logrank_stat: 18.791374
logrank_p: 0.000015
auc_36m: 0.765144
auc_60m: 0.750571
mean_auc: 0.760716
HR_high_vs_low: 3.677612
HR_95CI_lower: 1.958645
HR_95CI_upper: 6.905197
cox_p: 0.000051

==================================================
5-Fold CV Summary
==================================================
  C-index: 0.7428 +/- 0.0229
