Using Device: cuda | ROI: 64
Model: resnet18 | CT augmentation: disabled
LR: 0.0001 | Backbone LR: 1e-05 | Loss: Cox PH
Pretrained: /home/gly001/cqj/pa_ct_surv/model/ct_pretrain/resnet_18_23dataset.pth
Checkpoints: /home/gly001/cqj/pa_ct_surv/checkpoints/pact_v5/ct/roi64_resnet18_dropout0.0_epochs30_bs64_lr1e-4_blr1e-5_wd5e-4_seed42
Results: /home/gly001/cqj/pa_ct_surv/results/pact_v5/ct/roi64_resnet18_dropout0.0_epochs30_bs64_lr1e-4_blr1e-5_wd5e-4_seed42
Loaded 703 samples
Locked split: train=562, test=141
Test set is not accessed during CV

==================================================
Fold 1/5
==================================================
[ResNetCox] Loaded pretrained from /home/gly001/cqj/pa_ct_surv/model/ct_pretrain/resnet_18_23dataset.pth
  Missing keys (ok): ['fc.weight', 'fc.bias']
Epoch 1/30 | Train Loss: 3.2264 | Train C-index: 0.5269 | Val Loss: 4.3516 | Val C-index: 0.6113
Epoch 2/30 | Train Loss: 3.2013 | Train C-index: 0.5999 | Val Loss: 4.3160 | Val C-index: 0.6340
Epoch 3/30 | Train Loss: 3.1751 | Train C-index: 0.6254 | Val Loss: 4.2668 | Val C-index: 0.6426
Epoch 4/30 | Train Loss: 3.1430 | Train C-index: 0.6419 | Val Loss: 4.2338 | Val C-index: 0.6540
Epoch 5/30 | Train Loss: 3.1057 | Train C-index: 0.6479 | Val Loss: 4.2258 | Val C-index: 0.6696
Epoch 6/30 | Train Loss: 3.1286 | Train C-index: 0.6653 | Val Loss: 4.2036 | Val C-index: 0.6798
Epoch 7/30 | Train Loss: 3.0854 | Train C-index: 0.6808 | Val Loss: 4.1781 | Val C-index: 0.6859
Epoch 8/30 | Train Loss: 3.0804 | Train C-index: 0.6854 | Val Loss: 4.1542 | Val C-index: 0.6948
Epoch 9/30 | Train Loss: 3.0777 | Train C-index: 0.6945 | Val Loss: 4.1565 | Val C-index: 0.6932
Epoch 10/30 | Train Loss: 3.0599 | Train C-index: 0.7023 | Val Loss: 4.1437 | Val C-index: 0.6958
Epoch 11/30 | Train Loss: 3.0290 | Train C-index: 0.7115 | Val Loss: 4.1250 | Val C-index: 0.6967
Epoch 12/30 | Train Loss: 3.0291 | Train C-index: 0.7174 | Val Loss: 4.1531 | Val C-index: 0.6865
Epoch 13/30 | Train Loss: 3.0288 | Train C-index: 0.7176 | Val Loss: 4.1630 | Val C-index: 0.6817
Epoch 14/30 | Train Loss: 3.0108 | Train C-index: 0.7168 | Val Loss: 4.1384 | Val C-index: 0.6939
Epoch 15/30 | Train Loss: 3.0288 | Train C-index: 0.7256 | Val Loss: 4.2062 | Val C-index: 0.6531
Epoch 16/30 | Train Loss: 3.0228 | Train C-index: 0.7157 | Val Loss: 4.1205 | Val C-index: 0.7114
Epoch 17/30 | Train Loss: 2.9959 | Train C-index: 0.7276 | Val Loss: 4.1470 | Val C-index: 0.6878
Epoch 18/30 | Train Loss: 3.0014 | Train C-index: 0.7220 | Val Loss: 4.1222 | Val C-index: 0.6958
Epoch 19/30 | Train Loss: 2.9901 | Train C-index: 0.7406 | Val Loss: 4.1395 | Val C-index: 0.6951
Epoch 20/30 | Train Loss: 2.9844 | Train C-index: 0.7389 | Val Loss: 4.1661 | Val C-index: 0.6872
Epoch 21/30 | Train Loss: 2.9722 | Train C-index: 0.7422 | Val Loss: 4.1337 | Val C-index: 0.7082
Epoch 22/30 | Train Loss: 2.9701 | Train C-index: 0.7375 | Val Loss: 4.1414 | Val C-index: 0.6977
Epoch 23/30 | Train Loss: 2.9426 | Train C-index: 0.7552 | Val Loss: 4.1204 | Val C-index: 0.7158
Epoch 24/30 | Train Loss: 3.0001 | Train C-index: 0.7385 | Val Loss: 4.1500 | Val C-index: 0.6954
Epoch 25/30 | Train Loss: 2.9506 | Train C-index: 0.7476 | Val Loss: 4.1216 | Val C-index: 0.7136
Epoch 26/30 | Train Loss: 2.9723 | Train C-index: 0.7467 | Val Loss: 4.1338 | Val C-index: 0.7050
Epoch 27/30 | Train Loss: 2.9533 | Train C-index: 0.7367 | Val Loss: 4.1492 | Val C-index: 0.6983
Epoch 28/30 | Train Loss: 2.9590 | Train C-index: 0.7552 | Val Loss: 4.1484 | Val C-index: 0.6993
Epoch 29/30 | Train Loss: 2.9358 | Train C-index: 0.7576 | Val Loss: 4.2234 | Val C-index: 0.6655
Epoch 30/30 | Train Loss: 2.9284 | Train C-index: 0.7357 | Val Loss: 4.1923 | Val C-index: 0.7098
Fold 0 best C-index: 0.7158

Extra survival metrics:
cutoff_from_train_median: 2.674364
n_test: 113
n_high_risk: 50
n_low_risk: 63
n_event_test: 38
logrank_stat: 14.252086
logrank_p: 0.000160
auc_36m: 0.730017
auc_60m: 0.756796
HR_high_vs_low: 3.391114
HR_95CI_lower: 1.729234
HR_95CI_upper: 6.650141
cox_p: 0.000380
Fold 0 | Train C-index: 0.7464 | Val C-index: 0.7158 | Gap: 0.0306

==================================================
Fold 2/5
==================================================
[ResNetCox] Loaded pretrained from /home/gly001/cqj/pa_ct_surv/model/ct_pretrain/resnet_18_23dataset.pth
  Missing keys (ok): ['fc.weight', 'fc.bias']
Epoch 1/30 | Train Loss: 3.2579 | Train C-index: 0.4580 | Val Loss: 4.2308 | Val C-index: 0.6306
Epoch 2/30 | Train Loss: 3.2362 | Train C-index: 0.6137 | Val Loss: 4.1977 | Val C-index: 0.6391
Epoch 3/30 | Train Loss: 3.2096 | Train C-index: 0.6320 | Val Loss: 4.1569 | Val C-index: 0.6477
Epoch 4/30 | Train Loss: 3.1881 | Train C-index: 0.6339 | Val Loss: 4.1380 | Val C-index: 0.6589
Epoch 5/30 | Train Loss: 3.1571 | Train C-index: 0.6524 | Val Loss: 4.1250 | Val C-index: 0.6737
Epoch 6/30 | Train Loss: 3.1195 | Train C-index: 0.6477 | Val Loss: 4.1095 | Val C-index: 0.6816
Epoch 7/30 | Train Loss: 3.1420 | Train C-index: 0.6745 | Val Loss: 4.0930 | Val C-index: 0.6931
Epoch 8/30 | Train Loss: 3.1139 | Train C-index: 0.6759 | Val Loss: 4.0777 | Val C-index: 0.7043
Epoch 9/30 | Train Loss: 3.1170 | Train C-index: 0.6814 | Val Loss: 4.0737 | Val C-index: 0.7175
Epoch 10/30 | Train Loss: 3.0982 | Train C-index: 0.6971 | Val Loss: 4.0673 | Val C-index: 0.7218
Epoch 11/30 | Train Loss: 3.1330 | Train C-index: 0.6803 | Val Loss: 4.0595 | Val C-index: 0.7267
Epoch 12/30 | Train Loss: 3.0934 | Train C-index: 0.6777 | Val Loss: 4.0723 | Val C-index: 0.7168
Epoch 13/30 | Train Loss: 3.0829 | Train C-index: 0.7050 | Val Loss: 4.0522 | Val C-index: 0.7359
Epoch 14/30 | Train Loss: 3.0825 | Train C-index: 0.6936 | Val Loss: 4.0398 | Val C-index: 0.7290
Epoch 15/30 | Train Loss: 3.0559 | Train C-index: 0.7114 | Val Loss: 4.0410 | Val C-index: 0.7310
Epoch 16/30 | Train Loss: 3.0755 | Train C-index: 0.7092 | Val Loss: 4.0117 | Val C-index: 0.7501
Epoch 17/30 | Train Loss: 3.0500 | Train C-index: 0.7144 | Val Loss: 4.0422 | Val C-index: 0.7303
Epoch 18/30 | Train Loss: 3.0573 | Train C-index: 0.7150 | Val Loss: 4.0173 | Val C-index: 0.7412
Epoch 19/30 | Train Loss: 3.0245 | Train C-index: 0.7120 | Val Loss: 4.0174 | Val C-index: 0.7382
Epoch 20/30 | Train Loss: 3.0267 | Train C-index: 0.7188 | Val Loss: 4.0158 | Val C-index: 0.7382
Epoch 21/30 | Train Loss: 3.0366 | Train C-index: 0.7207 | Val Loss: 4.0147 | Val C-index: 0.7359
Epoch 22/30 | Train Loss: 3.0157 | Train C-index: 0.7231 | Val Loss: 4.0144 | Val C-index: 0.7402
Epoch 23/30 | Train Loss: 3.0085 | Train C-index: 0.7284 | Val Loss: 4.0250 | Val C-index: 0.7333
Epoch 24/30 | Train Loss: 3.0143 | Train C-index: 0.7311 | Val Loss: 4.0314 | Val C-index: 0.7303
Epoch 25/30 | Train Loss: 2.9812 | Train C-index: 0.7362 | Val Loss: 4.0430 | Val C-index: 0.7221
Epoch 26/30 | Train Loss: 3.0019 | Train C-index: 0.7281 | Val Loss: 4.0314 | Val C-index: 0.7214
Early stopping at epoch 26
Fold 1 best C-index: 0.7501

Extra survival metrics:
cutoff_from_train_median: 1.585276
n_test: 113
n_high_risk: 51
n_low_risk: 62
n_event_test: 39
logrank_stat: 23.140460
logrank_p: 0.000002
auc_36m: 0.784659
auc_60m: 0.759380
HR_high_vs_low: 4.948513
HR_95CI_lower: 2.405814
HR_95CI_upper: 10.178585
cox_p: 0.000014
Fold 1 | Train C-index: 0.7143 | Val C-index: 0.7501 | Gap: -0.0358

==================================================
Fold 3/5
==================================================
[ResNetCox] Loaded pretrained from /home/gly001/cqj/pa_ct_surv/model/ct_pretrain/resnet_18_23dataset.pth
  Missing keys (ok): ['fc.weight', 'fc.bias']
Epoch 1/30 | Train Loss: 3.3065 | Train C-index: 0.5113 | Val Loss: 4.2109 | Val C-index: 0.6732
Epoch 2/30 | Train Loss: 3.3032 | Train C-index: 0.6031 | Val Loss: 4.1691 | Val C-index: 0.6810
Epoch 3/30 | Train Loss: 3.2062 | Train C-index: 0.6177 | Val Loss: 4.1148 | Val C-index: 0.6851
Epoch 4/30 | Train Loss: 3.2220 | Train C-index: 0.6312 | Val Loss: 4.0802 | Val C-index: 0.6861
Epoch 5/30 | Train Loss: 3.2516 | Train C-index: 0.6439 | Val Loss: 4.0650 | Val C-index: 0.7007
Epoch 6/30 | Train Loss: 3.2465 | Train C-index: 0.6596 | Val Loss: 4.0795 | Val C-index: 0.6956
Epoch 7/30 | Train Loss: 3.2027 | Train C-index: 0.6758 | Val Loss: 4.0517 | Val C-index: 0.6997
Epoch 8/30 | Train Loss: 3.1503 | Train C-index: 0.6965 | Val Loss: 4.0485 | Val C-index: 0.6932
Epoch 9/30 | Train Loss: 3.1263 | Train C-index: 0.6932 | Val Loss: 4.0543 | Val C-index: 0.6912
Epoch 10/30 | Train Loss: 3.0789 | Train C-index: 0.7066 | Val Loss: 4.0916 | Val C-index: 0.6685
Epoch 11/30 | Train Loss: 3.0644 | Train C-index: 0.7089 | Val Loss: 4.0666 | Val C-index: 0.6936
Epoch 12/30 | Train Loss: 3.0502 | Train C-index: 0.7109 | Val Loss: 4.0699 | Val C-index: 0.6912
Epoch 13/30 | Train Loss: 3.0537 | Train C-index: 0.7120 | Val Loss: 4.0647 | Val C-index: 0.7003
Epoch 14/30 | Train Loss: 3.0127 | Train C-index: 0.7219 | Val Loss: 4.0758 | Val C-index: 0.7014
Epoch 15/30 | Train Loss: 3.0387 | Train C-index: 0.7221 | Val Loss: 4.0840 | Val C-index: 0.6902
Epoch 16/30 | Train Loss: 3.0931 | Train C-index: 0.7225 | Val Loss: 4.0847 | Val C-index: 0.6942
Epoch 17/30 | Train Loss: 3.0056 | Train C-index: 0.7329 | Val Loss: 4.0634 | Val C-index: 0.7139
Epoch 18/30 | Train Loss: 3.0797 | Train C-index: 0.7300 | Val Loss: 4.0971 | Val C-index: 0.6858
Epoch 19/30 | Train Loss: 3.0052 | Train C-index: 0.7246 | Val Loss: 4.0981 | Val C-index: 0.7125
Epoch 20/30 | Train Loss: 3.0595 | Train C-index: 0.7376 | Val Loss: 4.1131 | Val C-index: 0.6980
Epoch 21/30 | Train Loss: 3.1230 | Train C-index: 0.7349 | Val Loss: 4.0907 | Val C-index: 0.7112
Epoch 22/30 | Train Loss: 3.0691 | Train C-index: 0.7282 | Val Loss: 4.0709 | Val C-index: 0.7071
Epoch 23/30 | Train Loss: 3.0534 | Train C-index: 0.7292 | Val Loss: 4.0641 | Val C-index: 0.7149
Epoch 24/30 | Train Loss: 3.0269 | Train C-index: 0.7388 | Val Loss: 4.0703 | Val C-index: 0.7153
Epoch 25/30 | Train Loss: 3.0210 | Train C-index: 0.7329 | Val Loss: 4.0839 | Val C-index: 0.7197
Epoch 26/30 | Train Loss: 2.9871 | Train C-index: 0.7405 | Val Loss: 4.1069 | Val C-index: 0.6949
Epoch 27/30 | Train Loss: 3.0009 | Train C-index: 0.7316 | Val Loss: 4.1156 | Val C-index: 0.7007
Epoch 28/30 | Train Loss: 3.0057 | Train C-index: 0.7443 | Val Loss: 4.0981 | Val C-index: 0.7098
Epoch 29/30 | Train Loss: 2.9927 | Train C-index: 0.7460 | Val Loss: 4.0783 | Val C-index: 0.7207
Epoch 30/30 | Train Loss: 3.0045 | Train C-index: 0.7483 | Val Loss: 4.0979 | Val C-index: 0.7088
Fold 2 best C-index: 0.7207

Extra survival metrics:
cutoff_from_train_median: 2.046143
n_test: 112
n_high_risk: 52
n_low_risk: 60
n_event_test: 38
logrank_stat: 20.271017
logrank_p: 0.000007
auc_36m: 0.723527
auc_60m: 0.781296
HR_high_vs_low: 4.786821
HR_95CI_lower: 2.258601
HR_95CI_upper: 10.145066
cox_p: 0.000044
Fold 2 | Train C-index: 0.7486 | Val C-index: 0.7207 | Gap: 0.0279

==================================================
Fold 4/5
==================================================
[ResNetCox] Loaded pretrained from /home/gly001/cqj/pa_ct_surv/model/ct_pretrain/resnet_18_23dataset.pth
  Missing keys (ok): ['fc.weight', 'fc.bias']
Epoch 1/30 | Train Loss: 3.2539 | Train C-index: 0.5206 | Val Loss: 4.2231 | Val C-index: 0.6574
Epoch 2/30 | Train Loss: 3.2129 | Train C-index: 0.5639 | Val Loss: 4.1991 | Val C-index: 0.6640
Epoch 3/30 | Train Loss: 3.1991 | Train C-index: 0.6123 | Val Loss: 4.1718 | Val C-index: 0.6667
Epoch 4/30 | Train Loss: 3.2460 | Train C-index: 0.6391 | Val Loss: 4.1598 | Val C-index: 0.6703
Epoch 5/30 | Train Loss: 3.1472 | Train C-index: 0.6568 | Val Loss: 4.1457 | Val C-index: 0.6706
Epoch 6/30 | Train Loss: 3.1408 | Train C-index: 0.6716 | Val Loss: 4.1416 | Val C-index: 0.6750
Epoch 7/30 | Train Loss: 3.1073 | Train C-index: 0.6855 | Val Loss: 4.1336 | Val C-index: 0.6793
Epoch 8/30 | Train Loss: 3.0864 | Train C-index: 0.6982 | Val Loss: 4.1278 | Val C-index: 0.6743
Epoch 9/30 | Train Loss: 3.0605 | Train C-index: 0.6976 | Val Loss: 4.1413 | Val C-index: 0.6723
Epoch 10/30 | Train Loss: 3.0576 | Train C-index: 0.7129 | Val Loss: 4.1296 | Val C-index: 0.6680
Epoch 11/30 | Train Loss: 3.1294 | Train C-index: 0.7086 | Val Loss: 4.1567 | Val C-index: 0.6743
Epoch 12/30 | Train Loss: 3.0352 | Train C-index: 0.7220 | Val Loss: 4.1353 | Val C-index: 0.6673
Epoch 13/30 | Train Loss: 3.0318 | Train C-index: 0.7317 | Val Loss: 4.1579 | Val C-index: 0.6663
Epoch 14/30 | Train Loss: 3.1012 | Train C-index: 0.7265 | Val Loss: 4.1423 | Val C-index: 0.6683
Epoch 15/30 | Train Loss: 3.0377 | Train C-index: 0.7318 | Val Loss: 4.1359 | Val C-index: 0.6776
Epoch 16/30 | Train Loss: 3.0812 | Train C-index: 0.7403 | Val Loss: 4.1433 | Val C-index: 0.6620
Epoch 17/30 | Train Loss: 3.0986 | Train C-index: 0.7312 | Val Loss: 4.2214 | Val C-index: 0.6799
Epoch 18/30 | Train Loss: 3.0101 | Train C-index: 0.7116 | Val Loss: 4.1391 | Val C-index: 0.6590
Epoch 19/30 | Train Loss: 3.0421 | Train C-index: 0.7024 | Val Loss: 4.1797 | Val C-index: 0.6733
Epoch 20/30 | Train Loss: 2.9868 | Train C-index: 0.7378 | Val Loss: 4.1616 | Val C-index: 0.6663
Epoch 21/30 | Train Loss: 2.9794 | Train C-index: 0.7383 | Val Loss: 4.1678 | Val C-index: 0.6693
Epoch 22/30 | Train Loss: 3.1405 | Train C-index: 0.7357 | Val Loss: 4.1581 | Val C-index: 0.6528
Epoch 23/30 | Train Loss: 3.0913 | Train C-index: 0.7178 | Val Loss: 4.1645 | Val C-index: 0.6441
Epoch 24/30 | Train Loss: 3.0994 | Train C-index: 0.7072 | Val Loss: 4.2230 | Val C-index: 0.6730
Epoch 25/30 | Train Loss: 3.0295 | Train C-index: 0.7412 | Val Loss: 4.1662 | Val C-index: 0.6604
Epoch 26/30 | Train Loss: 3.0044 | Train C-index: 0.7352 | Val Loss: 4.2060 | Val C-index: 0.6733
Epoch 27/30 | Train Loss: 3.1641 | Train C-index: 0.7443 | Val Loss: 4.1574 | Val C-index: 0.6687
Early stopping at epoch 27
Fold 3 best C-index: 0.6799

Extra survival metrics:
cutoff_from_train_median: 1.221766
n_test: 112
n_high_risk: 56
n_low_risk: 56
n_event_test: 38
logrank_stat: 6.194439
logrank_p: 0.012815
auc_36m: 0.685289
auc_60m: 0.665467
HR_high_vs_low: 2.338279
HR_95CI_lower: 1.174664
HR_95CI_upper: 4.654564
cox_p: 0.015594
Fold 3 | Train C-index: 0.7343 | Val C-index: 0.6799 | Gap: 0.0544

==================================================
Fold 5/5
==================================================
[ResNetCox] Loaded pretrained from /home/gly001/cqj/pa_ct_surv/model/ct_pretrain/resnet_18_23dataset.pth
  Missing keys (ok): ['fc.weight', 'fc.bias']
Epoch 1/30 | Train Loss: 3.3301 | Train C-index: 0.4895 | Val Loss: 4.2627 | Val C-index: 0.5425
Epoch 2/30 | Train Loss: 3.2160 | Train C-index: 0.6069 | Val Loss: 4.2498 | Val C-index: 0.5576
Epoch 3/30 | Train Loss: 3.2772 | Train C-index: 0.6258 | Val Loss: 4.2461 | Val C-index: 0.5580
Epoch 4/30 | Train Loss: 3.1411 | Train C-index: 0.6664 | Val Loss: 4.2483 | Val C-index: 0.5711
Epoch 5/30 | Train Loss: 3.1220 | Train C-index: 0.6742 | Val Loss: 4.2365 | Val C-index: 0.5872
Epoch 6/30 | Train Loss: 3.1155 | Train C-index: 0.6918 | Val Loss: 4.2072 | Val C-index: 0.6047
Epoch 7/30 | Train Loss: 3.0689 | Train C-index: 0.6948 | Val Loss: 4.1965 | Val C-index: 0.6215
Epoch 8/30 | Train Loss: 3.0592 | Train C-index: 0.7053 | Val Loss: 4.1960 | Val C-index: 0.6276
Epoch 9/30 | Train Loss: 3.0520 | Train C-index: 0.7113 | Val Loss: 4.1918 | Val C-index: 0.6350
Epoch 10/30 | Train Loss: 3.0837 | Train C-index: 0.7147 | Val Loss: 4.1856 | Val C-index: 0.6450
Epoch 11/30 | Train Loss: 3.1717 | Train C-index: 0.7170 | Val Loss: 4.2955 | Val C-index: 0.6339
Epoch 12/30 | Train Loss: 3.0804 | Train C-index: 0.7249 | Val Loss: 4.2287 | Val C-index: 0.6373
Epoch 13/30 | Train Loss: 3.0255 | Train C-index: 0.7143 | Val Loss: 4.2069 | Val C-index: 0.6407
Epoch 14/30 | Train Loss: 2.9872 | Train C-index: 0.7413 | Val Loss: 4.2232 | Val C-index: 0.6440
Epoch 15/30 | Train Loss: 3.1184 | Train C-index: 0.7368 | Val Loss: 4.2076 | Val C-index: 0.6538
Epoch 16/30 | Train Loss: 3.0298 | Train C-index: 0.7092 | Val Loss: 4.3258 | Val C-index: 0.6350
Epoch 17/30 | Train Loss: 3.0144 | Train C-index: 0.7345 | Val Loss: 4.2062 | Val C-index: 0.6464
Epoch 18/30 | Train Loss: 3.0085 | Train C-index: 0.7411 | Val Loss: 4.2177 | Val C-index: 0.6551
Epoch 19/30 | Train Loss: 2.9733 | Train C-index: 0.7479 | Val Loss: 4.2487 | Val C-index: 0.6595
Epoch 20/30 | Train Loss: 2.9687 | Train C-index: 0.7384 | Val Loss: 4.2978 | Val C-index: 0.6514
Epoch 21/30 | Train Loss: 3.0654 | Train C-index: 0.7504 | Val Loss: 4.2165 | Val C-index: 0.6588
Epoch 22/30 | Train Loss: 2.9878 | Train C-index: 0.7468 | Val Loss: 4.2525 | Val C-index: 0.6561
Epoch 23/30 | Train Loss: 3.0780 | Train C-index: 0.7534 | Val Loss: 4.2065 | Val C-index: 0.6618
Epoch 24/30 | Train Loss: 2.9579 | Train C-index: 0.7578 | Val Loss: 4.2287 | Val C-index: 0.6716
Epoch 25/30 | Train Loss: 2.9502 | Train C-index: 0.7535 | Val Loss: 4.2295 | Val C-index: 0.6682
Epoch 26/30 | Train Loss: 2.9704 | Train C-index: 0.7562 | Val Loss: 4.2576 | Val C-index: 0.6682
Epoch 27/30 | Train Loss: 2.9666 | Train C-index: 0.7511 | Val Loss: 4.2293 | Val C-index: 0.6629
Epoch 28/30 | Train Loss: 2.9029 | Train C-index: 0.7606 | Val Loss: 4.2722 | Val C-index: 0.6618
Epoch 29/30 | Train Loss: 2.9582 | Train C-index: 0.7609 | Val Loss: 4.2802 | Val C-index: 0.6585
Epoch 30/30 | Train Loss: 3.0200 | Train C-index: 0.7645 | Val Loss: 4.2594 | Val C-index: 0.6524
Fold 4 best C-index: 0.6716

Extra survival metrics:
cutoff_from_train_median: 1.613658
n_test: 112
n_high_risk: 73
n_low_risk: 39
n_event_test: 38
logrank_stat: 7.348422
logrank_p: 0.006712
auc_36m: 0.720586
auc_60m: 0.615252
HR_high_vs_low: 2.954443
HR_95CI_lower: 1.298475
HR_95CI_upper: 6.722298
cox_p: 0.009804
Fold 4 | Train C-index: 0.7566 | Val C-index: 0.6716 | Gap: 0.0850

==================================================
5-Fold CV Summary
==================================================
  C-index mean: 0.7076
