Using Device: cuda | ROI: 64
Model: resnet18 | CT augmentation: disabled
LR: 0.0001 | Backbone LR: 1e-05 | Loss: Cox PH
Pretrained: /home/gly001/cqj/pa_ct_surv/model/ct_pretrain/resnet_18_23dataset.pth
Checkpoints: /home/gly001/cqj/pa_ct_surv/checkpoints/pact_v5/ct/roi64_resnet18_dropout0.0_epochs30_bs32_lr1e-4_blr1e-5_wd5e-4_seed2024
Results: /home/gly001/cqj/pa_ct_surv/results/pact_v5/ct/roi64_resnet18_dropout0.0_epochs30_bs32_lr1e-4_blr1e-5_wd5e-4_seed2024
Loaded 703 samples
Locked split: train=562, test=141
Test set is not accessed during CV

==================================================
Fold 1/5
==================================================
[ResNetCox] Loaded pretrained from /home/gly001/cqj/pa_ct_surv/model/ct_pretrain/resnet_18_23dataset.pth
  Missing keys (ok): ['fc.weight', 'fc.bias']
Epoch 1/30 | Train Loss: 2.8503 | Train C-index: 0.5718 | Val Loss: 4.3018 | Val C-index: 0.6134
Epoch 2/30 | Train Loss: 2.7871 | Train C-index: 0.6538 | Val Loss: 4.2640 | Val C-index: 0.6027
Epoch 3/30 | Train Loss: 2.7145 | Train C-index: 0.6430 | Val Loss: 4.2486 | Val C-index: 0.6167
Epoch 4/30 | Train Loss: 2.6951 | Train C-index: 0.6834 | Val Loss: 4.2045 | Val C-index: 0.6439
Epoch 5/30 | Train Loss: 2.6492 | Train C-index: 0.6940 | Val Loss: 4.2417 | Val C-index: 0.6526
Epoch 6/30 | Train Loss: 2.6482 | Train C-index: 0.7059 | Val Loss: 4.2022 | Val C-index: 0.6578
Epoch 7/30 | Train Loss: 2.6365 | Train C-index: 0.7156 | Val Loss: 4.2104 | Val C-index: 0.6588
Epoch 8/30 | Train Loss: 2.6622 | Train C-index: 0.6603 | Val Loss: 4.1924 | Val C-index: 0.6565
Epoch 9/30 | Train Loss: 2.6008 | Train C-index: 0.6787 | Val Loss: 4.1636 | Val C-index: 0.6659
Epoch 10/30 | Train Loss: 2.5988 | Train C-index: 0.7420 | Val Loss: 4.1774 | Val C-index: 0.6627
Epoch 11/30 | Train Loss: 2.5647 | Train C-index: 0.7385 | Val Loss: 4.1845 | Val C-index: 0.6578
Epoch 12/30 | Train Loss: 2.5491 | Train C-index: 0.7389 | Val Loss: 4.2137 | Val C-index: 0.6701
Epoch 13/30 | Train Loss: 2.5798 | Train C-index: 0.7186 | Val Loss: 4.1939 | Val C-index: 0.6384
Epoch 14/30 | Train Loss: 2.5740 | Train C-index: 0.6953 | Val Loss: 4.2699 | Val C-index: 0.6617
Epoch 15/30 | Train Loss: 2.5917 | Train C-index: 0.7373 | Val Loss: 4.1760 | Val C-index: 0.6552
Epoch 16/30 | Train Loss: 2.5322 | Train C-index: 0.7435 | Val Loss: 4.1716 | Val C-index: 0.6666
Epoch 17/30 | Train Loss: 2.5307 | Train C-index: 0.7528 | Val Loss: 4.1923 | Val C-index: 0.6546
Epoch 18/30 | Train Loss: 2.5388 | Train C-index: 0.7441 | Val Loss: 4.1948 | Val C-index: 0.6708
Epoch 19/30 | Train Loss: 2.5701 | Train C-index: 0.7390 | Val Loss: 4.2037 | Val C-index: 0.6662
Epoch 20/30 | Train Loss: 2.5304 | Train C-index: 0.7513 | Val Loss: 4.2104 | Val C-index: 0.6643
Epoch 21/30 | Train Loss: 2.5312 | Train C-index: 0.7513 | Val Loss: 4.2038 | Val C-index: 0.6760
Epoch 22/30 | Train Loss: 2.4760 | Train C-index: 0.7625 | Val Loss: 4.1901 | Val C-index: 0.6714
Epoch 23/30 | Train Loss: 2.4997 | Train C-index: 0.7528 | Val Loss: 4.2325 | Val C-index: 0.6403
Epoch 24/30 | Train Loss: 2.5383 | Train C-index: 0.7466 | Val Loss: 4.2210 | Val C-index: 0.6620
Epoch 25/30 | Train Loss: 2.4736 | Train C-index: 0.7637 | Val Loss: 4.2359 | Val C-index: 0.6494
Epoch 26/30 | Train Loss: 2.4527 | Train C-index: 0.7563 | Val Loss: 4.1822 | Val C-index: 0.6708
Epoch 27/30 | Train Loss: 2.5030 | Train C-index: 0.7263 | Val Loss: 4.2678 | Val C-index: 0.6303
Epoch 28/30 | Train Loss: 2.5686 | Train C-index: 0.7374 | Val Loss: 4.1690 | Val C-index: 0.6620
Epoch 29/30 | Train Loss: 2.5330 | Train C-index: 0.7358 | Val Loss: 4.2046 | Val C-index: 0.6740
Epoch 30/30 | Train Loss: 2.4983 | Train C-index: 0.7653 | Val Loss: 4.2538 | Val C-index: 0.6390
Fold 0 best C-index: 0.6760

Extra survival metrics:
cutoff_from_train_median: -3.077055
n_test: 113
n_high_risk: 52
n_low_risk: 61
n_event_test: 38
logrank_stat: 9.923258
logrank_p: 0.001632
auc_36m: 0.712852
auc_60m: 0.700311
HR_high_vs_low: 2.881936
HR_95CI_lower: 1.447881
HR_95CI_upper: 5.736352
cox_p: 0.002580
Fold 0 | Train C-index: 0.7655 | Val C-index: 0.6760 | Gap: 0.0895

==================================================
Fold 2/5
==================================================
[ResNetCox] Loaded pretrained from /home/gly001/cqj/pa_ct_surv/model/ct_pretrain/resnet_18_23dataset.pth
  Missing keys (ok): ['fc.weight', 'fc.bias']
Epoch 1/30 | Train Loss: 2.8767 | Train C-index: 0.5799 | Val Loss: 4.1099 | Val C-index: 0.7253
Epoch 2/30 | Train Loss: 2.8443 | Train C-index: 0.6383 | Val Loss: 4.0263 | Val C-index: 0.7297
Epoch 3/30 | Train Loss: 2.7438 | Train C-index: 0.6373 | Val Loss: 3.9974 | Val C-index: 0.7291
Epoch 4/30 | Train Loss: 2.7372 | Train C-index: 0.6568 | Val Loss: 4.0155 | Val C-index: 0.7206
Epoch 5/30 | Train Loss: 2.6460 | Train C-index: 0.7059 | Val Loss: 4.0574 | Val C-index: 0.6955
Epoch 6/30 | Train Loss: 2.6742 | Train C-index: 0.6891 | Val Loss: 4.0086 | Val C-index: 0.7141
Epoch 7/30 | Train Loss: 2.6543 | Train C-index: 0.7096 | Val Loss: 3.9750 | Val C-index: 0.7365
Epoch 8/30 | Train Loss: 2.6818 | Train C-index: 0.6709 | Val Loss: 3.9738 | Val C-index: 0.7358
Epoch 9/30 | Train Loss: 2.6436 | Train C-index: 0.6972 | Val Loss: 4.0162 | Val C-index: 0.7080
Epoch 10/30 | Train Loss: 2.6418 | Train C-index: 0.6788 | Val Loss: 4.0108 | Val C-index: 0.7301
Epoch 11/30 | Train Loss: 2.6481 | Train C-index: 0.6982 | Val Loss: 3.9876 | Val C-index: 0.7257
Epoch 12/30 | Train Loss: 2.5927 | Train C-index: 0.7223 | Val Loss: 4.0356 | Val C-index: 0.7223
Epoch 13/30 | Train Loss: 2.6108 | Train C-index: 0.7306 | Val Loss: 3.9881 | Val C-index: 0.7213
Epoch 14/30 | Train Loss: 2.6032 | Train C-index: 0.6977 | Val Loss: 4.0023 | Val C-index: 0.7267
Epoch 15/30 | Train Loss: 2.5786 | Train C-index: 0.7334 | Val Loss: 4.0712 | Val C-index: 0.7158
Epoch 16/30 | Train Loss: 2.5738 | Train C-index: 0.7178 | Val Loss: 4.0045 | Val C-index: 0.7165
Epoch 17/30 | Train Loss: 2.5792 | Train C-index: 0.7043 | Val Loss: 4.0541 | Val C-index: 0.6901
Early stopping at epoch 17
Fold 1 best C-index: 0.7365

Extra survival metrics:
cutoff_from_train_median: -3.146755
n_test: 113
n_high_risk: 59
n_low_risk: 54
n_event_test: 39
logrank_stat: 18.454516
logrank_p: 0.000017
auc_36m: 0.752538
auc_60m: 0.752065
HR_high_vs_low: 4.476185
HR_95CI_lower: 2.114239
HR_95CI_upper: 9.476809
cox_p: 0.000090
Fold 1 | Train C-index: 0.7148 | Val C-index: 0.7365 | Gap: -0.0217

==================================================
Fold 3/5
==================================================
[ResNetCox] Loaded pretrained from /home/gly001/cqj/pa_ct_surv/model/ct_pretrain/resnet_18_23dataset.pth
  Missing keys (ok): ['fc.weight', 'fc.bias']
Epoch 1/30 | Train Loss: 2.8507 | Train C-index: 0.5878 | Val Loss: 4.3103 | Val C-index: 0.6977
Epoch 2/30 | Train Loss: 2.8113 | Train C-index: 0.6351 | Val Loss: 4.2206 | Val C-index: 0.6980
Epoch 3/30 | Train Loss: 2.7453 | Train C-index: 0.6546 | Val Loss: 4.1655 | Val C-index: 0.7121
Epoch 4/30 | Train Loss: 2.7493 | Train C-index: 0.6530 | Val Loss: 4.1457 | Val C-index: 0.7200
Epoch 5/30 | Train Loss: 2.7437 | Train C-index: 0.6129 | Val Loss: 4.2101 | Val C-index: 0.6661
Epoch 6/30 | Train Loss: 2.7662 | Train C-index: 0.6287 | Val Loss: 4.2175 | Val C-index: 0.7382
Epoch 7/30 | Train Loss: 2.6971 | Train C-index: 0.5896 | Val Loss: 4.1280 | Val C-index: 0.7274
Epoch 8/30 | Train Loss: 2.6529 | Train C-index: 0.6914 | Val Loss: 4.1421 | Val C-index: 0.7130
Epoch 9/30 | Train Loss: 2.6674 | Train C-index: 0.6980 | Val Loss: 4.1149 | Val C-index: 0.7277
Epoch 10/30 | Train Loss: 2.6392 | Train C-index: 0.7105 | Val Loss: 4.1125 | Val C-index: 0.7305
Epoch 11/30 | Train Loss: 2.6596 | Train C-index: 0.6805 | Val Loss: 4.1114 | Val C-index: 0.7357
Epoch 12/30 | Train Loss: 2.6065 | Train C-index: 0.7120 | Val Loss: 4.1118 | Val C-index: 0.7344
Epoch 13/30 | Train Loss: 2.5802 | Train C-index: 0.7025 | Val Loss: 4.1239 | Val C-index: 0.7344
Epoch 14/30 | Train Loss: 2.5872 | Train C-index: 0.7316 | Val Loss: 4.1139 | Val C-index: 0.7385
Epoch 15/30 | Train Loss: 2.5407 | Train C-index: 0.7166 | Val Loss: 4.1226 | Val C-index: 0.7334
Epoch 16/30 | Train Loss: 2.5645 | Train C-index: 0.7419 | Val Loss: 4.1528 | Val C-index: 0.7357
Epoch 17/30 | Train Loss: 2.5880 | Train C-index: 0.7272 | Val Loss: 4.1690 | Val C-index: 0.7162
Epoch 18/30 | Train Loss: 2.6164 | Train C-index: 0.7284 | Val Loss: 4.0998 | Val C-index: 0.7398
Epoch 19/30 | Train Loss: 2.5834 | Train C-index: 0.7261 | Val Loss: 4.1354 | Val C-index: 0.7274
Epoch 20/30 | Train Loss: 2.5633 | Train C-index: 0.7295 | Val Loss: 4.1277 | Val C-index: 0.7401
Epoch 21/30 | Train Loss: 2.6253 | Train C-index: 0.7306 | Val Loss: 4.1172 | Val C-index: 0.7353
Epoch 22/30 | Train Loss: 2.5894 | Train C-index: 0.7313 | Val Loss: 4.1262 | Val C-index: 0.7286
Epoch 23/30 | Train Loss: 2.5980 | Train C-index: 0.7209 | Val Loss: 4.1158 | Val C-index: 0.7404
Epoch 24/30 | Train Loss: 2.5615 | Train C-index: 0.7435 | Val Loss: 4.1152 | Val C-index: 0.7439
Epoch 25/30 | Train Loss: 2.5165 | Train C-index: 0.7461 | Val Loss: 4.1151 | Val C-index: 0.7376
Epoch 26/30 | Train Loss: 2.5317 | Train C-index: 0.7461 | Val Loss: 4.1740 | Val C-index: 0.7258
Epoch 27/30 | Train Loss: 2.6198 | Train C-index: 0.7504 | Val Loss: 4.1410 | Val C-index: 0.7433
Epoch 28/30 | Train Loss: 2.5490 | Train C-index: 0.7213 | Val Loss: 4.1114 | Val C-index: 0.7325
Epoch 29/30 | Train Loss: 2.5107 | Train C-index: 0.7367 | Val Loss: 4.1317 | Val C-index: 0.7382
Epoch 30/30 | Train Loss: 2.5065 | Train C-index: 0.7574 | Val Loss: 4.1111 | Val C-index: 0.7347
Fold 2 best C-index: 0.7439

Extra survival metrics:
cutoff_from_train_median: -5.690582
n_test: 112
n_high_risk: 46
n_low_risk: 66
n_event_test: 38
logrank_stat: 20.384384
logrank_p: 0.000006
auc_36m: 0.790676
auc_60m: 0.762514
HR_high_vs_low: 4.435479
HR_95CI_lower: 2.190778
HR_95CI_upper: 8.980132
cox_p: 0.000035
Fold 2 | Train C-index: 0.7575 | Val C-index: 0.7439 | Gap: 0.0135

==================================================
Fold 4/5
==================================================
[ResNetCox] Loaded pretrained from /home/gly001/cqj/pa_ct_surv/model/ct_pretrain/resnet_18_23dataset.pth
  Missing keys (ok): ['fc.weight', 'fc.bias']
Epoch 1/30 | Train Loss: 2.8814 | Train C-index: 0.5827 | Val Loss: 4.2804 | Val C-index: 0.5285
Epoch 2/30 | Train Loss: 2.8054 | Train C-index: 0.6824 | Val Loss: 4.2834 | Val C-index: 0.5491
Epoch 3/30 | Train Loss: 2.7125 | Train C-index: 0.6713 | Val Loss: 4.4272 | Val C-index: 0.5491
Epoch 4/30 | Train Loss: 2.7030 | Train C-index: 0.6934 | Val Loss: 4.3165 | Val C-index: 0.5930
Epoch 5/30 | Train Loss: 2.6258 | Train C-index: 0.7024 | Val Loss: 4.3122 | Val C-index: 0.6126
Epoch 6/30 | Train Loss: 2.6453 | Train C-index: 0.6924 | Val Loss: 4.3222 | Val C-index: 0.5981
Epoch 7/30 | Train Loss: 2.5942 | Train C-index: 0.7237 | Val Loss: 4.2768 | Val C-index: 0.6140
Epoch 8/30 | Train Loss: 2.6281 | Train C-index: 0.7292 | Val Loss: 4.2637 | Val C-index: 0.6194
Epoch 9/30 | Train Loss: 2.5684 | Train C-index: 0.6864 | Val Loss: 4.3572 | Val C-index: 0.6170
Epoch 10/30 | Train Loss: 2.6150 | Train C-index: 0.7209 | Val Loss: 4.3236 | Val C-index: 0.6292
Epoch 11/30 | Train Loss: 2.6333 | Train C-index: 0.7251 | Val Loss: 4.1832 | Val C-index: 0.6552
Epoch 12/30 | Train Loss: 2.5389 | Train C-index: 0.7499 | Val Loss: 4.5085 | Val C-index: 0.6059
Epoch 13/30 | Train Loss: 2.6066 | Train C-index: 0.7138 | Val Loss: 4.3445 | Val C-index: 0.6190
Epoch 14/30 | Train Loss: 2.5324 | Train C-index: 0.7404 | Val Loss: 4.2711 | Val C-index: 0.6326
Epoch 15/30 | Train Loss: 2.5414 | Train C-index: 0.7619 | Val Loss: 4.2406 | Val C-index: 0.6366
Epoch 16/30 | Train Loss: 2.5543 | Train C-index: 0.7486 | Val Loss: 4.5499 | Val C-index: 0.6079
Epoch 17/30 | Train Loss: 2.5511 | Train C-index: 0.7332 | Val Loss: 4.3202 | Val C-index: 0.6207
Epoch 18/30 | Train Loss: 2.5275 | Train C-index: 0.7403 | Val Loss: 4.2864 | Val C-index: 0.6393
Epoch 19/30 | Train Loss: 2.5403 | Train C-index: 0.7386 | Val Loss: 4.2560 | Val C-index: 0.6332
Epoch 20/30 | Train Loss: 2.5452 | Train C-index: 0.7442 | Val Loss: 4.2448 | Val C-index: 0.6366
Epoch 21/30 | Train Loss: 2.4758 | Train C-index: 0.7534 | Val Loss: 4.4978 | Val C-index: 0.6099
Early stopping at epoch 21
Fold 3 best C-index: 0.6552

Extra survival metrics:
cutoff_from_train_median: -3.312685
n_test: 112
n_high_risk: 65
n_low_risk: 47
n_event_test: 38
logrank_stat: 4.191743
logrank_p: 0.040621
auc_36m: 0.614841
auc_60m: 0.705942
HR_high_vs_low: 2.047329
HR_95CI_lower: 1.014918
HR_95CI_upper: 4.129945
cox_p: 0.045357
Fold 3 | Train C-index: 0.7455 | Val C-index: 0.6552 | Gap: 0.0903

==================================================
Fold 5/5
==================================================
[ResNetCox] Loaded pretrained from /home/gly001/cqj/pa_ct_surv/model/ct_pretrain/resnet_18_23dataset.pth
  Missing keys (ok): ['fc.weight', 'fc.bias']
Epoch 1/30 | Train Loss: 2.8270 | Train C-index: 0.5832 | Val Loss: 4.3164 | Val C-index: 0.7434
Epoch 2/30 | Train Loss: 2.7942 | Train C-index: 0.6394 | Val Loss: 4.2102 | Val C-index: 0.7342
Epoch 3/30 | Train Loss: 2.7664 | Train C-index: 0.6209 | Val Loss: 4.1240 | Val C-index: 0.7412
Epoch 4/30 | Train Loss: 2.7469 | Train C-index: 0.6017 | Val Loss: 4.0598 | Val C-index: 0.7459
Epoch 5/30 | Train Loss: 2.7015 | Train C-index: 0.6621 | Val Loss: 4.0879 | Val C-index: 0.7263
Epoch 6/30 | Train Loss: 2.6967 | Train C-index: 0.6385 | Val Loss: 4.0429 | Val C-index: 0.7415
Epoch 7/30 | Train Loss: 2.6837 | Train C-index: 0.6577 | Val Loss: 3.9754 | Val C-index: 0.7734
Epoch 8/30 | Train Loss: 2.6531 | Train C-index: 0.7046 | Val Loss: 3.9606 | Val C-index: 0.7765
Epoch 9/30 | Train Loss: 2.6301 | Train C-index: 0.6730 | Val Loss: 4.0953 | Val C-index: 0.7260
Epoch 10/30 | Train Loss: 2.6662 | Train C-index: 0.6952 | Val Loss: 3.9207 | Val C-index: 0.7775
Epoch 11/30 | Train Loss: 2.6749 | Train C-index: 0.6891 | Val Loss: 4.0911 | Val C-index: 0.7238
Epoch 12/30 | Train Loss: 2.6512 | Train C-index: 0.7089 | Val Loss: 3.8933 | Val C-index: 0.7901
Epoch 13/30 | Train Loss: 2.6793 | Train C-index: 0.6833 | Val Loss: 4.0641 | Val C-index: 0.7330
Epoch 14/30 | Train Loss: 2.6025 | Train C-index: 0.6546 | Val Loss: 3.9012 | Val C-index: 0.7809
Epoch 15/30 | Train Loss: 2.6032 | Train C-index: 0.7136 | Val Loss: 3.8553 | Val C-index: 0.7951
Epoch 16/30 | Train Loss: 2.6830 | Train C-index: 0.7058 | Val Loss: 3.9199 | Val C-index: 0.7844
Epoch 17/30 | Train Loss: 2.6226 | Train C-index: 0.7178 | Val Loss: 3.8950 | Val C-index: 0.7888
Epoch 18/30 | Train Loss: 2.6502 | Train C-index: 0.7192 | Val Loss: 3.8681 | Val C-index: 0.7917
Epoch 19/30 | Train Loss: 2.6311 | Train C-index: 0.7152 | Val Loss: 3.9934 | Val C-index: 0.7683
Epoch 20/30 | Train Loss: 2.6703 | Train C-index: 0.6898 | Val Loss: 3.8418 | Val C-index: 0.7955
Epoch 21/30 | Train Loss: 2.6053 | Train C-index: 0.7179 | Val Loss: 3.9679 | Val C-index: 0.7790
Epoch 22/30 | Train Loss: 2.5952 | Train C-index: 0.6554 | Val Loss: 3.8136 | Val C-index: 0.7970
Epoch 23/30 | Train Loss: 2.6300 | Train C-index: 0.7117 | Val Loss: 3.9809 | Val C-index: 0.7667
Epoch 24/30 | Train Loss: 2.5887 | Train C-index: 0.7255 | Val Loss: 3.8603 | Val C-index: 0.7812
Epoch 25/30 | Train Loss: 2.6413 | Train C-index: 0.7138 | Val Loss: 3.8482 | Val C-index: 0.8027
Epoch 26/30 | Train Loss: 2.5657 | Train C-index: 0.7238 | Val Loss: 3.9254 | Val C-index: 0.7895
Epoch 27/30 | Train Loss: 2.6164 | Train C-index: 0.7133 | Val Loss: 3.9343 | Val C-index: 0.7721
Epoch 28/30 | Train Loss: 2.5343 | Train C-index: 0.7355 | Val Loss: 3.8763 | Val C-index: 0.7872
Epoch 29/30 | Train Loss: 2.6122 | Train C-index: 0.7211 | Val Loss: 3.9530 | Val C-index: 0.7629
Epoch 30/30 | Train Loss: 2.5919 | Train C-index: 0.7235 | Val Loss: 3.9651 | Val C-index: 0.7592
Fold 4 best C-index: 0.8027

Extra survival metrics:
cutoff_from_train_median: -4.743811
n_test: 112
n_high_risk: 60
n_low_risk: 52
n_event_test: 38
logrank_stat: 22.895176
logrank_p: 0.000002
auc_36m: 0.847610
auc_60m: 0.828942
HR_high_vs_low: 6.430395
HR_95CI_lower: 2.682512
HR_95CI_upper: 15.414651
cox_p: 0.000030
Fold 4 | Train C-index: 0.7407 | Val C-index: 0.8027 | Gap: -0.0621

==================================================
5-Fold CV Summary
==================================================
  C-index mean: 0.7229
