Using Device: cuda | ROI: 64
Model: resnet18 | CT augmentation: disabled
LR: 0.0001 | Backbone LR: 0 | Loss: Cox PH
Pretrained: /home/gly001/cqj/pa_ct_surv/model/ct_pretrain/resnet_18_23dataset.pth
Checkpoints: /home/gly001/cqj/pa_ct_surv/checkpoints/pact_v5/ct/roi64_resnet18_dropout0.0_epochs100_bs32_lr1e-4_blr0_wd5e-4_seed42
Results: /home/gly001/cqj/pa_ct_surv/results/pact_v5/ct/roi64_resnet18_dropout0.0_epochs100_bs32_lr1e-4_blr0_wd5e-4_seed42
Loaded 703 samples
Locked split: train=562, test=141
Test set is not accessed during CV

==================================================
Fold 1/5
==================================================
[ResNetCox] Loaded pretrained from /home/gly001/cqj/pa_ct_surv/model/ct_pretrain/resnet_18_23dataset.pth
  Missing keys (ok): ['fc.weight', 'fc.bias']
Epoch 1/100 | Train Loss: 2.8161 | Train C-index: 0.4935 | Val Loss: 4.3658 | Val C-index: 0.3651
Epoch 2/100 | Train Loss: 2.8104 | Train C-index: 0.4922 | Val Loss: 4.3628 | Val C-index: 0.4995
Epoch 3/100 | Train Loss: 2.7834 | Train C-index: 0.5177 | Val Loss: 4.3600 | Val C-index: 0.5569
Epoch 4/100 | Train Loss: 2.7958 | Train C-index: 0.5351 | Val Loss: 4.3571 | Val C-index: 0.5763
Epoch 5/100 | Train Loss: 2.7863 | Train C-index: 0.5388 | Val Loss: 4.3542 | Val C-index: 0.5808
Epoch 6/100 | Train Loss: 2.8233 | Train C-index: 0.5613 | Val Loss: 4.3513 | Val C-index: 0.5859
Epoch 7/100 | Train Loss: 2.7685 | Train C-index: 0.6077 | Val Loss: 4.3486 | Val C-index: 0.5910
Epoch 8/100 | Train Loss: 2.8098 | Train C-index: 0.5980 | Val Loss: 4.3463 | Val C-index: 0.5938
Epoch 9/100 | Train Loss: 2.7972 | Train C-index: 0.6104 | Val Loss: 4.3441 | Val C-index: 0.5967
Epoch 10/100 | Train Loss: 2.7969 | Train C-index: 0.6001 | Val Loss: 4.3418 | Val C-index: 0.5983
Epoch 11/100 | Train Loss: 2.7827 | Train C-index: 0.6098 | Val Loss: 4.3396 | Val C-index: 0.5973
Epoch 12/100 | Train Loss: 2.7806 | Train C-index: 0.6173 | Val Loss: 4.3375 | Val C-index: 0.5999
Epoch 13/100 | Train Loss: 2.7819 | Train C-index: 0.6015 | Val Loss: 4.3355 | Val C-index: 0.5996
Epoch 14/100 | Train Loss: 2.7704 | Train C-index: 0.6142 | Val Loss: 4.3339 | Val C-index: 0.6005
Epoch 15/100 | Train Loss: 2.7860 | Train C-index: 0.6115 | Val Loss: 4.3323 | Val C-index: 0.6008
Epoch 16/100 | Train Loss: 2.7670 | Train C-index: 0.6209 | Val Loss: 4.3307 | Val C-index: 0.6031
Epoch 17/100 | Train Loss: 2.7594 | Train C-index: 0.6164 | Val Loss: 4.3291 | Val C-index: 0.6027
Epoch 18/100 | Train Loss: 2.7563 | Train C-index: 0.6229 | Val Loss: 4.3275 | Val C-index: 0.6034
Epoch 19/100 | Train Loss: 2.7743 | Train C-index: 0.6197 | Val Loss: 4.3262 | Val C-index: 0.6053
Epoch 20/100 | Train Loss: 2.7467 | Train C-index: 0.6217 | Val Loss: 4.3250 | Val C-index: 0.6066
Epoch 21/100 | Train Loss: 2.7675 | Train C-index: 0.6191 | Val Loss: 4.3236 | Val C-index: 0.6072
Epoch 22/100 | Train Loss: 2.7535 | Train C-index: 0.6255 | Val Loss: 4.3221 | Val C-index: 0.6088
Epoch 23/100 | Train Loss: 2.7219 | Train C-index: 0.6322 | Val Loss: 4.3207 | Val C-index: 0.6101
Epoch 24/100 | Train Loss: 2.7725 | Train C-index: 0.6193 | Val Loss: 4.3194 | Val C-index: 0.6120
Epoch 25/100 | Train Loss: 2.7554 | Train C-index: 0.6259 | Val Loss: 4.3182 | Val C-index: 0.6129
Epoch 26/100 | Train Loss: 2.7612 | Train C-index: 0.6224 | Val Loss: 4.3172 | Val C-index: 0.6136
Epoch 27/100 | Train Loss: 2.7378 | Train C-index: 0.6202 | Val Loss: 4.3159 | Val C-index: 0.6148
Epoch 28/100 | Train Loss: 2.7566 | Train C-index: 0.6250 | Val Loss: 4.3146 | Val C-index: 0.6161
Epoch 29/100 | Train Loss: 2.7420 | Train C-index: 0.6215 | Val Loss: 4.3135 | Val C-index: 0.6161
Epoch 30/100 | Train Loss: 2.7290 | Train C-index: 0.6262 | Val Loss: 4.3125 | Val C-index: 0.6168
Epoch 31/100 | Train Loss: 2.7544 | Train C-index: 0.6278 | Val Loss: 4.3116 | Val C-index: 0.6180
Epoch 32/100 | Train Loss: 2.6989 | Train C-index: 0.6269 | Val Loss: 4.3107 | Val C-index: 0.6190
Epoch 33/100 | Train Loss: 2.7230 | Train C-index: 0.6290 | Val Loss: 4.3096 | Val C-index: 0.6199
Epoch 34/100 | Train Loss: 2.7448 | Train C-index: 0.6304 | Val Loss: 4.3087 | Val C-index: 0.6199
Epoch 35/100 | Train Loss: 2.7380 | Train C-index: 0.6300 | Val Loss: 4.3079 | Val C-index: 0.6209
Epoch 36/100 | Train Loss: 2.7366 | Train C-index: 0.6310 | Val Loss: 4.3070 | Val C-index: 0.6212
Epoch 37/100 | Train Loss: 2.7091 | Train C-index: 0.6290 | Val Loss: 4.3062 | Val C-index: 0.6219
Epoch 38/100 | Train Loss: 2.7512 | Train C-index: 0.6259 | Val Loss: 4.3053 | Val C-index: 0.6225
Epoch 39/100 | Train Loss: 2.7372 | Train C-index: 0.6287 | Val Loss: 4.3045 | Val C-index: 0.6231
Epoch 40/100 | Train Loss: 2.7393 | Train C-index: 0.6312 | Val Loss: 4.3036 | Val C-index: 0.6228
Epoch 41/100 | Train Loss: 2.7618 | Train C-index: 0.6326 | Val Loss: 4.3028 | Val C-index: 0.6244
Epoch 42/100 | Train Loss: 2.7312 | Train C-index: 0.6340 | Val Loss: 4.3021 | Val C-index: 0.6254
Epoch 43/100 | Train Loss: 2.7392 | Train C-index: 0.6325 | Val Loss: 4.3012 | Val C-index: 0.6250
Epoch 44/100 | Train Loss: 2.7126 | Train C-index: 0.6336 | Val Loss: 4.3004 | Val C-index: 0.6257
Epoch 45/100 | Train Loss: 2.7489 | Train C-index: 0.6340 | Val Loss: 4.2996 | Val C-index: 0.6263
Epoch 46/100 | Train Loss: 2.7352 | Train C-index: 0.6342 | Val Loss: 4.2987 | Val C-index: 0.6276
Epoch 47/100 | Train Loss: 2.7447 | Train C-index: 0.6345 | Val Loss: 4.2981 | Val C-index: 0.6289
Epoch 48/100 | Train Loss: 2.7473 | Train C-index: 0.6358 | Val Loss: 4.2973 | Val C-index: 0.6295
Epoch 49/100 | Train Loss: 2.7316 | Train C-index: 0.6365 | Val Loss: 4.2965 | Val C-index: 0.6301
Epoch 50/100 | Train Loss: 2.7353 | Train C-index: 0.6330 | Val Loss: 4.2958 | Val C-index: 0.6301
Epoch 51/100 | Train Loss: 2.7153 | Train C-index: 0.6373 | Val Loss: 4.2949 | Val C-index: 0.6317
Epoch 52/100 | Train Loss: 2.7334 | Train C-index: 0.6368 | Val Loss: 4.2943 | Val C-index: 0.6311
Epoch 53/100 | Train Loss: 2.7249 | Train C-index: 0.6378 | Val Loss: 4.2936 | Val C-index: 0.6311
Epoch 54/100 | Train Loss: 2.7613 | Train C-index: 0.6379 | Val Loss: 4.2927 | Val C-index: 0.6298
Epoch 55/100 | Train Loss: 2.7434 | Train C-index: 0.6393 | Val Loss: 4.2918 | Val C-index: 0.6295
Epoch 56/100 | Train Loss: 2.7126 | Train C-index: 0.6394 | Val Loss: 4.2911 | Val C-index: 0.6298
Epoch 57/100 | Train Loss: 2.7190 | Train C-index: 0.6418 | Val Loss: 4.2905 | Val C-index: 0.6295
Epoch 58/100 | Train Loss: 2.7295 | Train C-index: 0.6387 | Val Loss: 4.2897 | Val C-index: 0.6295
Epoch 59/100 | Train Loss: 2.7373 | Train C-index: 0.6396 | Val Loss: 4.2891 | Val C-index: 0.6298
Epoch 60/100 | Train Loss: 2.7396 | Train C-index: 0.6398 | Val Loss: 4.2883 | Val C-index: 0.6317
Epoch 61/100 | Train Loss: 2.7125 | Train C-index: 0.6399 | Val Loss: 4.2874 | Val C-index: 0.6333
Epoch 62/100 | Train Loss: 2.7189 | Train C-index: 0.6415 | Val Loss: 4.2866 | Val C-index: 0.6333
Epoch 63/100 | Train Loss: 2.7147 | Train C-index: 0.6412 | Val Loss: 4.2858 | Val C-index: 0.6336
Epoch 64/100 | Train Loss: 2.7522 | Train C-index: 0.6413 | Val Loss: 4.2852 | Val C-index: 0.6346
Epoch 65/100 | Train Loss: 2.7316 | Train C-index: 0.6424 | Val Loss: 4.2844 | Val C-index: 0.6352
Epoch 66/100 | Train Loss: 2.7162 | Train C-index: 0.6431 | Val Loss: 4.2838 | Val C-index: 0.6362
Epoch 67/100 | Train Loss: 2.7145 | Train C-index: 0.6430 | Val Loss: 4.2831 | Val C-index: 0.6359
Epoch 68/100 | Train Loss: 2.7368 | Train C-index: 0.6442 | Val Loss: 4.2823 | Val C-index: 0.6368
Epoch 69/100 | Train Loss: 2.7169 | Train C-index: 0.6461 | Val Loss: 4.2818 | Val C-index: 0.6368
Epoch 70/100 | Train Loss: 2.7236 | Train C-index: 0.6430 | Val Loss: 4.2810 | Val C-index: 0.6365
Epoch 71/100 | Train Loss: 2.7293 | Train C-index: 0.6455 | Val Loss: 4.2802 | Val C-index: 0.6378
Epoch 72/100 | Train Loss: 2.6893 | Train C-index: 0.6488 | Val Loss: 4.2796 | Val C-index: 0.6378
Epoch 73/100 | Train Loss: 2.7408 | Train C-index: 0.6453 | Val Loss: 4.2789 | Val C-index: 0.6391
Epoch 74/100 | Train Loss: 2.7091 | Train C-index: 0.6474 | Val Loss: 4.2782 | Val C-index: 0.6391
Epoch 75/100 | Train Loss: 2.7183 | Train C-index: 0.6468 | Val Loss: 4.2774 | Val C-index: 0.6397
Epoch 76/100 | Train Loss: 2.6613 | Train C-index: 0.6473 | Val Loss: 4.2768 | Val C-index: 0.6400
Epoch 77/100 | Train Loss: 2.7293 | Train C-index: 0.6473 | Val Loss: 4.2761 | Val C-index: 0.6403
Epoch 78/100 | Train Loss: 2.7170 | Train C-index: 0.6482 | Val Loss: 4.2754 | Val C-index: 0.6413
Epoch 79/100 | Train Loss: 2.7089 | Train C-index: 0.6482 | Val Loss: 4.2747 | Val C-index: 0.6426
Epoch 80/100 | Train Loss: 2.7205 | Train C-index: 0.6487 | Val Loss: 4.2742 | Val C-index: 0.6432
Epoch 81/100 | Train Loss: 2.7190 | Train C-index: 0.6494 | Val Loss: 4.2734 | Val C-index: 0.6445
Epoch 82/100 | Train Loss: 2.7282 | Train C-index: 0.6484 | Val Loss: 4.2728 | Val C-index: 0.6451
Epoch 83/100 | Train Loss: 2.7047 | Train C-index: 0.6502 | Val Loss: 4.2720 | Val C-index: 0.6457
Epoch 84/100 | Train Loss: 2.7164 | Train C-index: 0.6488 | Val Loss: 4.2714 | Val C-index: 0.6461
Epoch 85/100 | Train Loss: 2.7148 | Train C-index: 0.6506 | Val Loss: 4.2710 | Val C-index: 0.6470
Epoch 86/100 | Train Loss: 2.7194 | Train C-index: 0.6502 | Val Loss: 4.2703 | Val C-index: 0.6489
Epoch 87/100 | Train Loss: 2.7367 | Train C-index: 0.6507 | Val Loss: 4.2697 | Val C-index: 0.6493
Epoch 88/100 | Train Loss: 2.6908 | Train C-index: 0.6490 | Val Loss: 4.2690 | Val C-index: 0.6505
Epoch 89/100 | Train Loss: 2.7407 | Train C-index: 0.6509 | Val Loss: 4.2684 | Val C-index: 0.6502
Epoch 90/100 | Train Loss: 2.7203 | Train C-index: 0.6506 | Val Loss: 4.2677 | Val C-index: 0.6518
Epoch 91/100 | Train Loss: 2.7045 | Train C-index: 0.6524 | Val Loss: 4.2670 | Val C-index: 0.6521
Epoch 92/100 | Train Loss: 2.7257 | Train C-index: 0.6523 | Val Loss: 4.2665 | Val C-index: 0.6528
Epoch 93/100 | Train Loss: 2.6979 | Train C-index: 0.6542 | Val Loss: 4.2657 | Val C-index: 0.6528
Epoch 94/100 | Train Loss: 2.6650 | Train C-index: 0.6536 | Val Loss: 4.2650 | Val C-index: 0.6534
Epoch 95/100 | Train Loss: 2.7132 | Train C-index: 0.6537 | Val Loss: 4.2645 | Val C-index: 0.6537
Epoch 96/100 | Train Loss: 2.7039 | Train C-index: 0.6544 | Val Loss: 4.2638 | Val C-index: 0.6534
Epoch 97/100 | Train Loss: 2.6932 | Train C-index: 0.6541 | Val Loss: 4.2631 | Val C-index: 0.6534
Epoch 98/100 | Train Loss: 2.7019 | Train C-index: 0.6549 | Val Loss: 4.2626 | Val C-index: 0.6534
Epoch 99/100 | Train Loss: 2.6921 | Train C-index: 0.6552 | Val Loss: 4.2619 | Val C-index: 0.6543
Epoch 100/100 | Train Loss: 2.7472 | Train C-index: 0.6563 | Val Loss: 4.2613 | Val C-index: 0.6563
Fold 0 best C-index: 0.6563

Extra survival metrics:
cutoff_from_train_median: 4.570898
n_test: 113
n_high_risk: 52
n_low_risk: 61
n_event_test: 38
logrank_stat: 6.384620
logrank_p: 0.011511
auc_36m: 0.700769
auc_60m: 0.657712
HR_high_vs_low: 2.262507
HR_95CI_lower: 1.178776
HR_95CI_upper: 4.342588
cox_p: 0.014112
Fold 0 | Train C-index: 0.6555 | Val C-index: 0.6563 | Gap: -0.0008

==================================================
Fold 2/5
==================================================
[ResNetCox] Loaded pretrained from /home/gly001/cqj/pa_ct_surv/model/ct_pretrain/resnet_18_23dataset.pth
  Missing keys (ok): ['fc.weight', 'fc.bias']
Epoch 1/100 | Train Loss: 2.8563 | Train C-index: 0.4188 | Val Loss: 4.2451 | Val C-index: 0.4587
Epoch 2/100 | Train Loss: 2.8370 | Train C-index: 0.5311 | Val Loss: 4.2406 | Val C-index: 0.5706
Epoch 3/100 | Train Loss: 2.8404 | Train C-index: 0.5572 | Val Loss: 4.2371 | Val C-index: 0.5953
Epoch 4/100 | Train Loss: 2.8489 | Train C-index: 0.5520 | Val Loss: 4.2334 | Val C-index: 0.6131
Epoch 5/100 | Train Loss: 2.8139 | Train C-index: 0.6051 | Val Loss: 4.2305 | Val C-index: 0.6190
Epoch 6/100 | Train Loss: 2.7783 | Train C-index: 0.6264 | Val Loss: 4.2271 | Val C-index: 0.6233
Epoch 7/100 | Train Loss: 2.8280 | Train C-index: 0.6107 | Val Loss: 4.2238 | Val C-index: 0.6259
Epoch 8/100 | Train Loss: 2.8258 | Train C-index: 0.5921 | Val Loss: 4.2209 | Val C-index: 0.6266
Epoch 9/100 | Train Loss: 2.8297 | Train C-index: 0.6150 | Val Loss: 4.2185 | Val C-index: 0.6309
Epoch 10/100 | Train Loss: 2.8064 | Train C-index: 0.6114 | Val Loss: 4.2151 | Val C-index: 0.6312
Epoch 11/100 | Train Loss: 2.8312 | Train C-index: 0.6150 | Val Loss: 4.2124 | Val C-index: 0.6309
Epoch 12/100 | Train Loss: 2.8048 | Train C-index: 0.6119 | Val Loss: 4.2093 | Val C-index: 0.6315
Epoch 13/100 | Train Loss: 2.8042 | Train C-index: 0.6206 | Val Loss: 4.2072 | Val C-index: 0.6319
Epoch 14/100 | Train Loss: 2.8208 | Train C-index: 0.6056 | Val Loss: 4.2046 | Val C-index: 0.6325
Epoch 15/100 | Train Loss: 2.8210 | Train C-index: 0.6235 | Val Loss: 4.2024 | Val C-index: 0.6332
Epoch 16/100 | Train Loss: 2.8151 | Train C-index: 0.6215 | Val Loss: 4.2006 | Val C-index: 0.6352
Epoch 17/100 | Train Loss: 2.7888 | Train C-index: 0.6171 | Val Loss: 4.1987 | Val C-index: 0.6355
Epoch 18/100 | Train Loss: 2.8085 | Train C-index: 0.6218 | Val Loss: 4.1966 | Val C-index: 0.6362
Epoch 19/100 | Train Loss: 2.7917 | Train C-index: 0.6245 | Val Loss: 4.1947 | Val C-index: 0.6371
Epoch 20/100 | Train Loss: 2.7953 | Train C-index: 0.6218 | Val Loss: 4.1926 | Val C-index: 0.6375
Epoch 21/100 | Train Loss: 2.8007 | Train C-index: 0.6244 | Val Loss: 4.1906 | Val C-index: 0.6378
Epoch 22/100 | Train Loss: 2.8016 | Train C-index: 0.6261 | Val Loss: 4.1889 | Val C-index: 0.6388
Epoch 23/100 | Train Loss: 2.7857 | Train C-index: 0.6250 | Val Loss: 4.1871 | Val C-index: 0.6398
Epoch 24/100 | Train Loss: 2.8039 | Train C-index: 0.6218 | Val Loss: 4.1852 | Val C-index: 0.6408
Epoch 25/100 | Train Loss: 2.7861 | Train C-index: 0.6269 | Val Loss: 4.1835 | Val C-index: 0.6424
Epoch 26/100 | Train Loss: 2.7761 | Train C-index: 0.6204 | Val Loss: 4.1818 | Val C-index: 0.6414
Epoch 27/100 | Train Loss: 2.7965 | Train C-index: 0.6271 | Val Loss: 4.1804 | Val C-index: 0.6421
Epoch 28/100 | Train Loss: 2.8035 | Train C-index: 0.6271 | Val Loss: 4.1789 | Val C-index: 0.6424
Epoch 29/100 | Train Loss: 2.7978 | Train C-index: 0.6284 | Val Loss: 4.1777 | Val C-index: 0.6414
Epoch 30/100 | Train Loss: 2.7697 | Train C-index: 0.6300 | Val Loss: 4.1764 | Val C-index: 0.6421
Epoch 31/100 | Train Loss: 2.8006 | Train C-index: 0.6292 | Val Loss: 4.1751 | Val C-index: 0.6418
Epoch 32/100 | Train Loss: 2.7888 | Train C-index: 0.6317 | Val Loss: 4.1739 | Val C-index: 0.6421
Epoch 33/100 | Train Loss: 2.7638 | Train C-index: 0.6297 | Val Loss: 4.1726 | Val C-index: 0.6418
Epoch 34/100 | Train Loss: 2.7985 | Train C-index: 0.6320 | Val Loss: 4.1716 | Val C-index: 0.6427
Epoch 35/100 | Train Loss: 2.7589 | Train C-index: 0.6321 | Val Loss: 4.1707 | Val C-index: 0.6437
Epoch 36/100 | Train Loss: 2.7710 | Train C-index: 0.6314 | Val Loss: 4.1695 | Val C-index: 0.6437
Epoch 37/100 | Train Loss: 2.7764 | Train C-index: 0.6338 | Val Loss: 4.1683 | Val C-index: 0.6444
Epoch 38/100 | Train Loss: 2.7711 | Train C-index: 0.6335 | Val Loss: 4.1674 | Val C-index: 0.6444
Epoch 39/100 | Train Loss: 2.7929 | Train C-index: 0.6335 | Val Loss: 4.1663 | Val C-index: 0.6447
Epoch 40/100 | Train Loss: 2.7734 | Train C-index: 0.6351 | Val Loss: 4.1653 | Val C-index: 0.6441
Epoch 41/100 | Train Loss: 2.7885 | Train C-index: 0.6352 | Val Loss: 4.1645 | Val C-index: 0.6450
Epoch 42/100 | Train Loss: 2.8001 | Train C-index: 0.6367 | Val Loss: 4.1637 | Val C-index: 0.6450
Epoch 43/100 | Train Loss: 2.7462 | Train C-index: 0.6390 | Val Loss: 4.1630 | Val C-index: 0.6447
Epoch 44/100 | Train Loss: 2.7724 | Train C-index: 0.6382 | Val Loss: 4.1622 | Val C-index: 0.6450
Epoch 45/100 | Train Loss: 2.7905 | Train C-index: 0.6383 | Val Loss: 4.1612 | Val C-index: 0.6450
Epoch 46/100 | Train Loss: 2.7949 | Train C-index: 0.6390 | Val Loss: 4.1606 | Val C-index: 0.6460
Epoch 47/100 | Train Loss: 2.7642 | Train C-index: 0.6384 | Val Loss: 4.1598 | Val C-index: 0.6460
Epoch 48/100 | Train Loss: 2.7798 | Train C-index: 0.6405 | Val Loss: 4.1590 | Val C-index: 0.6473
Epoch 49/100 | Train Loss: 2.7702 | Train C-index: 0.6405 | Val Loss: 4.1583 | Val C-index: 0.6470
Epoch 50/100 | Train Loss: 2.7922 | Train C-index: 0.6406 | Val Loss: 4.1575 | Val C-index: 0.6493
Epoch 51/100 | Train Loss: 2.7678 | Train C-index: 0.6439 | Val Loss: 4.1567 | Val C-index: 0.6497
Epoch 52/100 | Train Loss: 2.7622 | Train C-index: 0.6434 | Val Loss: 4.1562 | Val C-index: 0.6497
Epoch 53/100 | Train Loss: 2.7574 | Train C-index: 0.6446 | Val Loss: 4.1553 | Val C-index: 0.6500
Epoch 54/100 | Train Loss: 2.7769 | Train C-index: 0.6433 | Val Loss: 4.1548 | Val C-index: 0.6503
Epoch 55/100 | Train Loss: 2.7491 | Train C-index: 0.6481 | Val Loss: 4.1540 | Val C-index: 0.6506
Epoch 56/100 | Train Loss: 2.7536 | Train C-index: 0.6437 | Val Loss: 4.1532 | Val C-index: 0.6506
Epoch 57/100 | Train Loss: 2.7687 | Train C-index: 0.6449 | Val Loss: 4.1526 | Val C-index: 0.6516
Epoch 58/100 | Train Loss: 2.7504 | Train C-index: 0.6443 | Val Loss: 4.1520 | Val C-index: 0.6520
Epoch 59/100 | Train Loss: 2.7587 | Train C-index: 0.6447 | Val Loss: 4.1514 | Val C-index: 0.6523
Epoch 60/100 | Train Loss: 2.7513 | Train C-index: 0.6462 | Val Loss: 4.1508 | Val C-index: 0.6523
Epoch 61/100 | Train Loss: 2.7657 | Train C-index: 0.6462 | Val Loss: 4.1501 | Val C-index: 0.6529
Epoch 62/100 | Train Loss: 2.7513 | Train C-index: 0.6469 | Val Loss: 4.1495 | Val C-index: 0.6523
Epoch 63/100 | Train Loss: 2.7524 | Train C-index: 0.6496 | Val Loss: 4.1491 | Val C-index: 0.6539
Epoch 64/100 | Train Loss: 2.7513 | Train C-index: 0.6492 | Val Loss: 4.1484 | Val C-index: 0.6539
Epoch 65/100 | Train Loss: 2.7766 | Train C-index: 0.6497 | Val Loss: 4.1479 | Val C-index: 0.6539
Epoch 66/100 | Train Loss: 2.7315 | Train C-index: 0.6500 | Val Loss: 4.1474 | Val C-index: 0.6556
Epoch 67/100 | Train Loss: 2.7154 | Train C-index: 0.6500 | Val Loss: 4.1469 | Val C-index: 0.6556
Epoch 68/100 | Train Loss: 2.7575 | Train C-index: 0.6495 | Val Loss: 4.1462 | Val C-index: 0.6553
Epoch 69/100 | Train Loss: 2.7348 | Train C-index: 0.6500 | Val Loss: 4.1457 | Val C-index: 0.6553
Epoch 70/100 | Train Loss: 2.7743 | Train C-index: 0.6499 | Val Loss: 4.1452 | Val C-index: 0.6549
Epoch 71/100 | Train Loss: 2.7108 | Train C-index: 0.6508 | Val Loss: 4.1445 | Val C-index: 0.6556
Epoch 72/100 | Train Loss: 2.7625 | Train C-index: 0.6499 | Val Loss: 4.1438 | Val C-index: 0.6559
Epoch 73/100 | Train Loss: 2.7729 | Train C-index: 0.6519 | Val Loss: 4.1433 | Val C-index: 0.6569
Epoch 74/100 | Train Loss: 2.7676 | Train C-index: 0.6514 | Val Loss: 4.1428 | Val C-index: 0.6595
Epoch 75/100 | Train Loss: 2.7577 | Train C-index: 0.6525 | Val Loss: 4.1423 | Val C-index: 0.6595
Epoch 76/100 | Train Loss: 2.7530 | Train C-index: 0.6535 | Val Loss: 4.1418 | Val C-index: 0.6602
Epoch 77/100 | Train Loss: 2.7539 | Train C-index: 0.6529 | Val Loss: 4.1415 | Val C-index: 0.6605
Epoch 78/100 | Train Loss: 2.7398 | Train C-index: 0.6542 | Val Loss: 4.1409 | Val C-index: 0.6605
Epoch 79/100 | Train Loss: 2.7373 | Train C-index: 0.6542 | Val Loss: 4.1403 | Val C-index: 0.6612
Epoch 80/100 | Train Loss: 2.7224 | Train C-index: 0.6544 | Val Loss: 4.1398 | Val C-index: 0.6618
Epoch 81/100 | Train Loss: 2.7518 | Train C-index: 0.6549 | Val Loss: 4.1391 | Val C-index: 0.6612
Epoch 82/100 | Train Loss: 2.7476 | Train C-index: 0.6562 | Val Loss: 4.1386 | Val C-index: 0.6599
Epoch 83/100 | Train Loss: 2.7470 | Train C-index: 0.6557 | Val Loss: 4.1381 | Val C-index: 0.6599
Epoch 84/100 | Train Loss: 2.7385 | Train C-index: 0.6568 | Val Loss: 4.1376 | Val C-index: 0.6595
Epoch 85/100 | Train Loss: 2.7516 | Train C-index: 0.6561 | Val Loss: 4.1372 | Val C-index: 0.6585
Epoch 86/100 | Train Loss: 2.7461 | Train C-index: 0.6564 | Val Loss: 4.1367 | Val C-index: 0.6585
Epoch 87/100 | Train Loss: 2.7432 | Train C-index: 0.6561 | Val Loss: 4.1363 | Val C-index: 0.6579
Epoch 88/100 | Train Loss: 2.7433 | Train C-index: 0.6580 | Val Loss: 4.1360 | Val C-index: 0.6582
Epoch 89/100 | Train Loss: 2.7548 | Train C-index: 0.6576 | Val Loss: 4.1355 | Val C-index: 0.6589
Epoch 90/100 | Train Loss: 2.7553 | Train C-index: 0.6584 | Val Loss: 4.1351 | Val C-index: 0.6592
Early stopping at epoch 90
Fold 1 best C-index: 0.6618

Extra survival metrics:
cutoff_from_train_median: 2.101735
n_test: 113
n_high_risk: 59
n_low_risk: 54
n_event_test: 39
logrank_stat: 5.599277
logrank_p: 0.017968
auc_36m: 0.669595
auc_60m: 0.661263
HR_high_vs_low: 2.193330
HR_95CI_lower: 1.125371
HR_95CI_upper: 4.274765
cox_p: 0.021062
Fold 1 | Train C-index: 0.6546 | Val C-index: 0.6618 | Gap: -0.0072

==================================================
Fold 3/5
==================================================
[ResNetCox] Loaded pretrained from /home/gly001/cqj/pa_ct_surv/model/ct_pretrain/resnet_18_23dataset.pth
  Missing keys (ok): ['fc.weight', 'fc.bias']
Epoch 1/100 | Train Loss: 2.8764 | Train C-index: 0.4799 | Val Loss: 4.2290 | Val C-index: 0.5254
Epoch 2/100 | Train Loss: 2.8648 | Train C-index: 0.5264 | Val Loss: 4.2235 | Val C-index: 0.6261
Epoch 3/100 | Train Loss: 2.8321 | Train C-index: 0.5384 | Val Loss: 4.2188 | Val C-index: 0.6468
Epoch 4/100 | Train Loss: 2.8559 | Train C-index: 0.5614 | Val Loss: 4.2143 | Val C-index: 0.6569
Epoch 5/100 | Train Loss: 2.9009 | Train C-index: 0.5677 | Val Loss: 4.2097 | Val C-index: 0.6641
Epoch 6/100 | Train Loss: 2.8880 | Train C-index: 0.5828 | Val Loss: 4.2062 | Val C-index: 0.6671
Epoch 7/100 | Train Loss: 2.8940 | Train C-index: 0.6103 | Val Loss: 4.2029 | Val C-index: 0.6712
Epoch 8/100 | Train Loss: 2.8872 | Train C-index: 0.5992 | Val Loss: 4.2000 | Val C-index: 0.6736
Epoch 9/100 | Train Loss: 2.8467 | Train C-index: 0.5938 | Val Loss: 4.1959 | Val C-index: 0.6729
Epoch 10/100 | Train Loss: 2.8146 | Train C-index: 0.5938 | Val Loss: 4.1923 | Val C-index: 0.6749
Epoch 11/100 | Train Loss: 2.8467 | Train C-index: 0.6108 | Val Loss: 4.1899 | Val C-index: 0.6769
Epoch 12/100 | Train Loss: 2.8003 | Train C-index: 0.6145 | Val Loss: 4.1872 | Val C-index: 0.6780
Epoch 13/100 | Train Loss: 2.8046 | Train C-index: 0.6059 | Val Loss: 4.1846 | Val C-index: 0.6780
Epoch 14/100 | Train Loss: 2.8059 | Train C-index: 0.6168 | Val Loss: 4.1820 | Val C-index: 0.6780
Epoch 15/100 | Train Loss: 2.7975 | Train C-index: 0.6083 | Val Loss: 4.1794 | Val C-index: 0.6790
Epoch 16/100 | Train Loss: 2.8235 | Train C-index: 0.6129 | Val Loss: 4.1765 | Val C-index: 0.6793
Epoch 17/100 | Train Loss: 2.7955 | Train C-index: 0.6134 | Val Loss: 4.1741 | Val C-index: 0.6807
Epoch 18/100 | Train Loss: 2.8382 | Train C-index: 0.6128 | Val Loss: 4.1716 | Val C-index: 0.6807
Epoch 19/100 | Train Loss: 2.8061 | Train C-index: 0.6167 | Val Loss: 4.1696 | Val C-index: 0.6803
Epoch 20/100 | Train Loss: 2.8247 | Train C-index: 0.6188 | Val Loss: 4.1672 | Val C-index: 0.6807
Epoch 21/100 | Train Loss: 2.8340 | Train C-index: 0.6196 | Val Loss: 4.1650 | Val C-index: 0.6810
Epoch 22/100 | Train Loss: 2.8299 | Train C-index: 0.6203 | Val Loss: 4.1631 | Val C-index: 0.6810
Epoch 23/100 | Train Loss: 2.8134 | Train C-index: 0.6202 | Val Loss: 4.1613 | Val C-index: 0.6814
Epoch 24/100 | Train Loss: 2.7811 | Train C-index: 0.6212 | Val Loss: 4.1596 | Val C-index: 0.6817
Epoch 25/100 | Train Loss: 2.8013 | Train C-index: 0.6199 | Val Loss: 4.1578 | Val C-index: 0.6817
Epoch 26/100 | Train Loss: 2.7828 | Train C-index: 0.6207 | Val Loss: 4.1559 | Val C-index: 0.6820
Epoch 27/100 | Train Loss: 2.7822 | Train C-index: 0.6234 | Val Loss: 4.1539 | Val C-index: 0.6820
Epoch 28/100 | Train Loss: 2.7928 | Train C-index: 0.6238 | Val Loss: 4.1519 | Val C-index: 0.6820
Epoch 29/100 | Train Loss: 2.7864 | Train C-index: 0.6243 | Val Loss: 4.1501 | Val C-index: 0.6817
Epoch 30/100 | Train Loss: 2.8234 | Train C-index: 0.6223 | Val Loss: 4.1486 | Val C-index: 0.6814
Epoch 31/100 | Train Loss: 2.7974 | Train C-index: 0.6232 | Val Loss: 4.1471 | Val C-index: 0.6810
Epoch 32/100 | Train Loss: 2.8273 | Train C-index: 0.6250 | Val Loss: 4.1460 | Val C-index: 0.6824
Epoch 33/100 | Train Loss: 2.8187 | Train C-index: 0.6304 | Val Loss: 4.1437 | Val C-index: 0.6817
Epoch 34/100 | Train Loss: 2.7861 | Train C-index: 0.6240 | Val Loss: 4.1418 | Val C-index: 0.6820
Epoch 35/100 | Train Loss: 2.7849 | Train C-index: 0.6279 | Val Loss: 4.1407 | Val C-index: 0.6827
Epoch 36/100 | Train Loss: 2.7725 | Train C-index: 0.6285 | Val Loss: 4.1398 | Val C-index: 0.6844
Epoch 37/100 | Train Loss: 2.8157 | Train C-index: 0.6290 | Val Loss: 4.1385 | Val C-index: 0.6861
Epoch 38/100 | Train Loss: 2.8138 | Train C-index: 0.6298 | Val Loss: 4.1370 | Val C-index: 0.6858
Epoch 39/100 | Train Loss: 2.7788 | Train C-index: 0.6289 | Val Loss: 4.1362 | Val C-index: 0.6864
Epoch 40/100 | Train Loss: 2.8307 | Train C-index: 0.6296 | Val Loss: 4.1347 | Val C-index: 0.6871
Epoch 41/100 | Train Loss: 2.8141 | Train C-index: 0.6317 | Val Loss: 4.1337 | Val C-index: 0.6878
Epoch 42/100 | Train Loss: 2.7754 | Train C-index: 0.6327 | Val Loss: 4.1327 | Val C-index: 0.6885
Epoch 43/100 | Train Loss: 2.7993 | Train C-index: 0.6353 | Val Loss: 4.1312 | Val C-index: 0.6881
Epoch 44/100 | Train Loss: 2.7891 | Train C-index: 0.6339 | Val Loss: 4.1305 | Val C-index: 0.6905
Epoch 45/100 | Train Loss: 2.7614 | Train C-index: 0.6357 | Val Loss: 4.1289 | Val C-index: 0.6902
Epoch 46/100 | Train Loss: 2.7362 | Train C-index: 0.6354 | Val Loss: 4.1272 | Val C-index: 0.6902
Epoch 47/100 | Train Loss: 2.7974 | Train C-index: 0.6341 | Val Loss: 4.1259 | Val C-index: 0.6905
Epoch 48/100 | Train Loss: 2.7972 | Train C-index: 0.6366 | Val Loss: 4.1253 | Val C-index: 0.6922
Epoch 49/100 | Train Loss: 2.7897 | Train C-index: 0.6364 | Val Loss: 4.1247 | Val C-index: 0.6925
Epoch 50/100 | Train Loss: 2.8481 | Train C-index: 0.6367 | Val Loss: 4.1237 | Val C-index: 0.6932
Epoch 51/100 | Train Loss: 2.7737 | Train C-index: 0.6373 | Val Loss: 4.1226 | Val C-index: 0.6953
Epoch 52/100 | Train Loss: 2.7510 | Train C-index: 0.6376 | Val Loss: 4.1221 | Val C-index: 0.6963
Epoch 53/100 | Train Loss: 2.7630 | Train C-index: 0.6391 | Val Loss: 4.1213 | Val C-index: 0.6969
Epoch 54/100 | Train Loss: 2.8151 | Train C-index: 0.6408 | Val Loss: 4.1201 | Val C-index: 0.6973
Epoch 55/100 | Train Loss: 2.7512 | Train C-index: 0.6403 | Val Loss: 4.1195 | Val C-index: 0.6983
Epoch 56/100 | Train Loss: 2.7880 | Train C-index: 0.6413 | Val Loss: 4.1188 | Val C-index: 0.6986
Epoch 57/100 | Train Loss: 2.7729 | Train C-index: 0.6419 | Val Loss: 4.1180 | Val C-index: 0.6983
Epoch 58/100 | Train Loss: 2.7598 | Train C-index: 0.6421 | Val Loss: 4.1175 | Val C-index: 0.6980
Epoch 59/100 | Train Loss: 2.7313 | Train C-index: 0.6434 | Val Loss: 4.1165 | Val C-index: 0.6980
Epoch 60/100 | Train Loss: 2.7644 | Train C-index: 0.6431 | Val Loss: 4.1159 | Val C-index: 0.6976
Epoch 61/100 | Train Loss: 2.7645 | Train C-index: 0.6434 | Val Loss: 4.1149 | Val C-index: 0.6980
Epoch 62/100 | Train Loss: 2.7508 | Train C-index: 0.6430 | Val Loss: 4.1139 | Val C-index: 0.6980
Epoch 63/100 | Train Loss: 2.7504 | Train C-index: 0.6439 | Val Loss: 4.1129 | Val C-index: 0.6980
Epoch 64/100 | Train Loss: 2.7554 | Train C-index: 0.6452 | Val Loss: 4.1121 | Val C-index: 0.6993
Epoch 65/100 | Train Loss: 2.7877 | Train C-index: 0.6450 | Val Loss: 4.1114 | Val C-index: 0.6990
Epoch 66/100 | Train Loss: 2.7721 | Train C-index: 0.6459 | Val Loss: 4.1105 | Val C-index: 0.6990
Epoch 67/100 | Train Loss: 2.7733 | Train C-index: 0.6454 | Val Loss: 4.1097 | Val C-index: 0.6986
Epoch 68/100 | Train Loss: 2.7461 | Train C-index: 0.6469 | Val Loss: 4.1092 | Val C-index: 0.6993
Epoch 69/100 | Train Loss: 2.8187 | Train C-index: 0.6469 | Val Loss: 4.1089 | Val C-index: 0.7000
Epoch 70/100 | Train Loss: 2.7955 | Train C-index: 0.6492 | Val Loss: 4.1085 | Val C-index: 0.7000
Epoch 71/100 | Train Loss: 2.8195 | Train C-index: 0.6486 | Val Loss: 4.1082 | Val C-index: 0.7010
Epoch 72/100 | Train Loss: 2.8008 | Train C-index: 0.6529 | Val Loss: 4.1083 | Val C-index: 0.7017
Epoch 73/100 | Train Loss: 2.8220 | Train C-index: 0.6489 | Val Loss: 4.1072 | Val C-index: 0.7017
Epoch 74/100 | Train Loss: 2.7924 | Train C-index: 0.6514 | Val Loss: 4.1071 | Val C-index: 0.7020
Epoch 75/100 | Train Loss: 2.7408 | Train C-index: 0.6516 | Val Loss: 4.1065 | Val C-index: 0.7017
Epoch 76/100 | Train Loss: 2.7423 | Train C-index: 0.6517 | Val Loss: 4.1058 | Val C-index: 0.7010
Epoch 77/100 | Train Loss: 2.7793 | Train C-index: 0.6528 | Val Loss: 4.1052 | Val C-index: 0.7017
Epoch 78/100 | Train Loss: 2.7782 | Train C-index: 0.6511 | Val Loss: 4.1042 | Val C-index: 0.7017
Epoch 79/100 | Train Loss: 2.7414 | Train C-index: 0.6523 | Val Loss: 4.1034 | Val C-index: 0.7020
Epoch 80/100 | Train Loss: 2.7289 | Train C-index: 0.6535 | Val Loss: 4.1027 | Val C-index: 0.7020
Epoch 81/100 | Train Loss: 2.7646 | Train C-index: 0.6535 | Val Loss: 4.1018 | Val C-index: 0.7020
Epoch 82/100 | Train Loss: 2.7775 | Train C-index: 0.6535 | Val Loss: 4.1011 | Val C-index: 0.7010
Epoch 83/100 | Train Loss: 2.8075 | Train C-index: 0.6538 | Val Loss: 4.1002 | Val C-index: 0.7014
Epoch 84/100 | Train Loss: 2.7978 | Train C-index: 0.6540 | Val Loss: 4.0999 | Val C-index: 0.7017
Early stopping at epoch 84
Fold 2 best C-index: 0.7020

Extra survival metrics:
cutoff_from_train_median: 2.206870
n_test: 112
n_high_risk: 58
n_low_risk: 54
n_event_test: 38
logrank_stat: 10.681469
logrank_p: 0.001082
auc_36m: 0.730231
auc_60m: 0.707578
HR_high_vs_low: 3.059153
HR_95CI_lower: 1.511896
HR_95CI_upper: 6.189857
cox_p: 0.001874
Fold 2 | Train C-index: 0.6511 | Val C-index: 0.7020 | Gap: -0.0510

==================================================
Fold 4/5
==================================================
[ResNetCox] Loaded pretrained from /home/gly001/cqj/pa_ct_surv/model/ct_pretrain/resnet_18_23dataset.pth
  Missing keys (ok): ['fc.weight', 'fc.bias']
Epoch 1/100 | Train Loss: 2.8285 | Train C-index: 0.4896 | Val Loss: 4.2364 | Val C-index: 0.5272
Epoch 2/100 | Train Loss: 2.8168 | Train C-index: 0.4529 | Val Loss: 4.2333 | Val C-index: 0.6064
Epoch 3/100 | Train Loss: 2.8490 | Train C-index: 0.5077 | Val Loss: 4.2297 | Val C-index: 0.6269
Epoch 4/100 | Train Loss: 2.8531 | Train C-index: 0.5697 | Val Loss: 4.2263 | Val C-index: 0.6345
Epoch 5/100 | Train Loss: 2.8412 | Train C-index: 0.5705 | Val Loss: 4.2235 | Val C-index: 0.6395
Epoch 6/100 | Train Loss: 2.8322 | Train C-index: 0.6003 | Val Loss: 4.2211 | Val C-index: 0.6435
Epoch 7/100 | Train Loss: 2.8192 | Train C-index: 0.5913 | Val Loss: 4.2181 | Val C-index: 0.6455
Epoch 8/100 | Train Loss: 2.8246 | Train C-index: 0.5970 | Val Loss: 4.2156 | Val C-index: 0.6458
Epoch 9/100 | Train Loss: 2.8055 | Train C-index: 0.6039 | Val Loss: 4.2130 | Val C-index: 0.6481
Epoch 10/100 | Train Loss: 2.7878 | Train C-index: 0.6128 | Val Loss: 4.2105 | Val C-index: 0.6481
Epoch 11/100 | Train Loss: 2.8236 | Train C-index: 0.6018 | Val Loss: 4.2085 | Val C-index: 0.6494
Epoch 12/100 | Train Loss: 2.8044 | Train C-index: 0.6138 | Val Loss: 4.2066 | Val C-index: 0.6508
Epoch 13/100 | Train Loss: 2.8216 | Train C-index: 0.6151 | Val Loss: 4.2047 | Val C-index: 0.6521
Epoch 14/100 | Train Loss: 2.8414 | Train C-index: 0.6154 | Val Loss: 4.2028 | Val C-index: 0.6521
Epoch 15/100 | Train Loss: 2.8415 | Train C-index: 0.6245 | Val Loss: 4.2007 | Val C-index: 0.6518
Epoch 16/100 | Train Loss: 2.8514 | Train C-index: 0.6121 | Val Loss: 4.1989 | Val C-index: 0.6514
Epoch 17/100 | Train Loss: 2.8293 | Train C-index: 0.6209 | Val Loss: 4.1975 | Val C-index: 0.6518
Epoch 18/100 | Train Loss: 2.8086 | Train C-index: 0.6181 | Val Loss: 4.1959 | Val C-index: 0.6524
Epoch 19/100 | Train Loss: 2.7977 | Train C-index: 0.6236 | Val Loss: 4.1940 | Val C-index: 0.6528
Epoch 20/100 | Train Loss: 2.7677 | Train C-index: 0.6204 | Val Loss: 4.1926 | Val C-index: 0.6541
Epoch 21/100 | Train Loss: 2.7748 | Train C-index: 0.6230 | Val Loss: 4.1909 | Val C-index: 0.6547
Epoch 22/100 | Train Loss: 2.8518 | Train C-index: 0.6230 | Val Loss: 4.1897 | Val C-index: 0.6551
Epoch 23/100 | Train Loss: 2.8445 | Train C-index: 0.6243 | Val Loss: 4.1891 | Val C-index: 0.6571
Epoch 24/100 | Train Loss: 2.8205 | Train C-index: 0.6285 | Val Loss: 4.1877 | Val C-index: 0.6581
Epoch 25/100 | Train Loss: 2.8383 | Train C-index: 0.6294 | Val Loss: 4.1864 | Val C-index: 0.6584
Epoch 26/100 | Train Loss: 2.8306 | Train C-index: 0.6301 | Val Loss: 4.1851 | Val C-index: 0.6581
Epoch 27/100 | Train Loss: 2.8327 | Train C-index: 0.6262 | Val Loss: 4.1835 | Val C-index: 0.6584
Epoch 28/100 | Train Loss: 2.7835 | Train C-index: 0.6272 | Val Loss: 4.1824 | Val C-index: 0.6584
Epoch 29/100 | Train Loss: 2.7967 | Train C-index: 0.6296 | Val Loss: 4.1817 | Val C-index: 0.6577
Epoch 30/100 | Train Loss: 2.7445 | Train C-index: 0.6278 | Val Loss: 4.1806 | Val C-index: 0.6587
Epoch 31/100 | Train Loss: 2.7676 | Train C-index: 0.6286 | Val Loss: 4.1798 | Val C-index: 0.6590
Epoch 32/100 | Train Loss: 2.7575 | Train C-index: 0.6309 | Val Loss: 4.1789 | Val C-index: 0.6594
Epoch 33/100 | Train Loss: 2.8144 | Train C-index: 0.6297 | Val Loss: 4.1778 | Val C-index: 0.6600
Epoch 34/100 | Train Loss: 2.7839 | Train C-index: 0.6294 | Val Loss: 4.1768 | Val C-index: 0.6604
Epoch 35/100 | Train Loss: 2.7988 | Train C-index: 0.6328 | Val Loss: 4.1758 | Val C-index: 0.6607
Epoch 36/100 | Train Loss: 2.8113 | Train C-index: 0.6316 | Val Loss: 4.1752 | Val C-index: 0.6610
Epoch 37/100 | Train Loss: 2.8060 | Train C-index: 0.6358 | Val Loss: 4.1744 | Val C-index: 0.6610
Epoch 38/100 | Train Loss: 2.7580 | Train C-index: 0.6317 | Val Loss: 4.1736 | Val C-index: 0.6604
Epoch 39/100 | Train Loss: 2.7641 | Train C-index: 0.6358 | Val Loss: 4.1729 | Val C-index: 0.6587
Epoch 40/100 | Train Loss: 2.7650 | Train C-index: 0.6360 | Val Loss: 4.1721 | Val C-index: 0.6590
Epoch 41/100 | Train Loss: 2.7699 | Train C-index: 0.6344 | Val Loss: 4.1715 | Val C-index: 0.6597
Epoch 42/100 | Train Loss: 2.7936 | Train C-index: 0.6357 | Val Loss: 4.1709 | Val C-index: 0.6600
Epoch 43/100 | Train Loss: 2.8055 | Train C-index: 0.6357 | Val Loss: 4.1702 | Val C-index: 0.6607
Epoch 44/100 | Train Loss: 2.8080 | Train C-index: 0.6368 | Val Loss: 4.1694 | Val C-index: 0.6607
Epoch 45/100 | Train Loss: 2.7630 | Train C-index: 0.6364 | Val Loss: 4.1689 | Val C-index: 0.6607
Epoch 46/100 | Train Loss: 2.7650 | Train C-index: 0.6385 | Val Loss: 4.1684 | Val C-index: 0.6617
Epoch 47/100 | Train Loss: 2.8498 | Train C-index: 0.6382 | Val Loss: 4.1680 | Val C-index: 0.6617
Epoch 48/100 | Train Loss: 2.7676 | Train C-index: 0.6392 | Val Loss: 4.1676 | Val C-index: 0.6630
Epoch 49/100 | Train Loss: 2.8056 | Train C-index: 0.6414 | Val Loss: 4.1672 | Val C-index: 0.6637
Epoch 50/100 | Train Loss: 2.7507 | Train C-index: 0.6423 | Val Loss: 4.1666 | Val C-index: 0.6630
Epoch 51/100 | Train Loss: 2.7658 | Train C-index: 0.6432 | Val Loss: 4.1661 | Val C-index: 0.6634
Epoch 52/100 | Train Loss: 2.7646 | Train C-index: 0.6429 | Val Loss: 4.1656 | Val C-index: 0.6630
Epoch 53/100 | Train Loss: 2.7610 | Train C-index: 0.6431 | Val Loss: 4.1652 | Val C-index: 0.6630
Epoch 54/100 | Train Loss: 2.7560 | Train C-index: 0.6454 | Val Loss: 4.1648 | Val C-index: 0.6643
Epoch 55/100 | Train Loss: 2.7791 | Train C-index: 0.6450 | Val Loss: 4.1644 | Val C-index: 0.6650
Epoch 56/100 | Train Loss: 2.7548 | Train C-index: 0.6441 | Val Loss: 4.1639 | Val C-index: 0.6653
Epoch 57/100 | Train Loss: 2.7768 | Train C-index: 0.6464 | Val Loss: 4.1635 | Val C-index: 0.6653
Epoch 58/100 | Train Loss: 2.7470 | Train C-index: 0.6466 | Val Loss: 4.1630 | Val C-index: 0.6667
Epoch 59/100 | Train Loss: 2.7873 | Train C-index: 0.6475 | Val Loss: 4.1625 | Val C-index: 0.6660
Epoch 60/100 | Train Loss: 2.8013 | Train C-index: 0.6476 | Val Loss: 4.1621 | Val C-index: 0.6663
Epoch 61/100 | Train Loss: 2.7374 | Train C-index: 0.6485 | Val Loss: 4.1618 | Val C-index: 0.6660
Epoch 62/100 | Train Loss: 2.8124 | Train C-index: 0.6489 | Val Loss: 4.1613 | Val C-index: 0.6663
Epoch 63/100 | Train Loss: 2.7516 | Train C-index: 0.6495 | Val Loss: 4.1609 | Val C-index: 0.6667
Epoch 64/100 | Train Loss: 2.7495 | Train C-index: 0.6495 | Val Loss: 4.1605 | Val C-index: 0.6663
Epoch 65/100 | Train Loss: 2.7585 | Train C-index: 0.6491 | Val Loss: 4.1602 | Val C-index: 0.6667
Epoch 66/100 | Train Loss: 2.7957 | Train C-index: 0.6495 | Val Loss: 4.1598 | Val C-index: 0.6670
Epoch 67/100 | Train Loss: 2.7704 | Train C-index: 0.6509 | Val Loss: 4.1595 | Val C-index: 0.6677
Epoch 68/100 | Train Loss: 2.7394 | Train C-index: 0.6498 | Val Loss: 4.1591 | Val C-index: 0.6677
Epoch 69/100 | Train Loss: 2.7405 | Train C-index: 0.6517 | Val Loss: 4.1587 | Val C-index: 0.6687
Epoch 70/100 | Train Loss: 2.7383 | Train C-index: 0.6516 | Val Loss: 4.1584 | Val C-index: 0.6680
Epoch 71/100 | Train Loss: 2.7511 | Train C-index: 0.6519 | Val Loss: 4.1580 | Val C-index: 0.6680
Epoch 72/100 | Train Loss: 2.7560 | Train C-index: 0.6514 | Val Loss: 4.1578 | Val C-index: 0.6690
Epoch 73/100 | Train Loss: 2.7385 | Train C-index: 0.6540 | Val Loss: 4.1575 | Val C-index: 0.6696
Epoch 74/100 | Train Loss: 2.6977 | Train C-index: 0.6541 | Val Loss: 4.1572 | Val C-index: 0.6693
Epoch 75/100 | Train Loss: 2.7765 | Train C-index: 0.6542 | Val Loss: 4.1568 | Val C-index: 0.6693
Epoch 76/100 | Train Loss: 2.7229 | Train C-index: 0.6552 | Val Loss: 4.1565 | Val C-index: 0.6683
Epoch 77/100 | Train Loss: 2.7665 | Train C-index: 0.6553 | Val Loss: 4.1562 | Val C-index: 0.6687
Epoch 78/100 | Train Loss: 2.8122 | Train C-index: 0.6555 | Val Loss: 4.1560 | Val C-index: 0.6687
Epoch 79/100 | Train Loss: 2.7314 | Train C-index: 0.6566 | Val Loss: 4.1557 | Val C-index: 0.6690
Epoch 80/100 | Train Loss: 2.7449 | Train C-index: 0.6566 | Val Loss: 4.1554 | Val C-index: 0.6693
Epoch 81/100 | Train Loss: 2.7467 | Train C-index: 0.6574 | Val Loss: 4.1552 | Val C-index: 0.6690
Epoch 82/100 | Train Loss: 2.7472 | Train C-index: 0.6578 | Val Loss: 4.1549 | Val C-index: 0.6696
Epoch 83/100 | Train Loss: 2.7150 | Train C-index: 0.6582 | Val Loss: 4.1546 | Val C-index: 0.6700
Epoch 84/100 | Train Loss: 2.7212 | Train C-index: 0.6589 | Val Loss: 4.1543 | Val C-index: 0.6700
Epoch 85/100 | Train Loss: 2.7791 | Train C-index: 0.6591 | Val Loss: 4.1541 | Val C-index: 0.6706
Epoch 86/100 | Train Loss: 2.7342 | Train C-index: 0.6590 | Val Loss: 4.1538 | Val C-index: 0.6706
Epoch 87/100 | Train Loss: 2.7886 | Train C-index: 0.6595 | Val Loss: 4.1536 | Val C-index: 0.6706
Epoch 88/100 | Train Loss: 2.7110 | Train C-index: 0.6595 | Val Loss: 4.1534 | Val C-index: 0.6710
Epoch 89/100 | Train Loss: 2.7794 | Train C-index: 0.6620 | Val Loss: 4.1532 | Val C-index: 0.6716
Epoch 90/100 | Train Loss: 2.7829 | Train C-index: 0.6616 | Val Loss: 4.1529 | Val C-index: 0.6720
Epoch 91/100 | Train Loss: 2.7303 | Train C-index: 0.6615 | Val Loss: 4.1526 | Val C-index: 0.6713
Epoch 92/100 | Train Loss: 2.7560 | Train C-index: 0.6631 | Val Loss: 4.1524 | Val C-index: 0.6716
Epoch 93/100 | Train Loss: 2.7248 | Train C-index: 0.6631 | Val Loss: 4.1521 | Val C-index: 0.6720
Epoch 94/100 | Train Loss: 2.7400 | Train C-index: 0.6637 | Val Loss: 4.1519 | Val C-index: 0.6723
Epoch 95/100 | Train Loss: 2.7523 | Train C-index: 0.6639 | Val Loss: 4.1517 | Val C-index: 0.6733
Epoch 96/100 | Train Loss: 2.7662 | Train C-index: 0.6660 | Val Loss: 4.1516 | Val C-index: 0.6726
Epoch 97/100 | Train Loss: 2.7198 | Train C-index: 0.6649 | Val Loss: 4.1514 | Val C-index: 0.6723
Epoch 98/100 | Train Loss: 2.7149 | Train C-index: 0.6663 | Val Loss: 4.1512 | Val C-index: 0.6713
Epoch 99/100 | Train Loss: 2.6758 | Train C-index: 0.6663 | Val Loss: 4.1509 | Val C-index: 0.6713
Epoch 100/100 | Train Loss: 2.7444 | Train C-index: 0.6662 | Val Loss: 4.1508 | Val C-index: 0.6716
Fold 3 best C-index: 0.6733

Extra survival metrics:
cutoff_from_train_median: 2.686937
n_test: 112
n_high_risk: 50
n_low_risk: 62
n_event_test: 38
logrank_stat: 8.461419
logrank_p: 0.003628
auc_36m: 0.689743
auc_60m: 0.664408
HR_high_vs_low: 2.575836
HR_95CI_lower: 1.329838
HR_95CI_upper: 4.989278
cox_p: 0.005031
Fold 3 | Train C-index: 0.6649 | Val C-index: 0.6733 | Gap: -0.0084

==================================================
Fold 5/5
==================================================
[ResNetCox] Loaded pretrained from /home/gly001/cqj/pa_ct_surv/model/ct_pretrain/resnet_18_23dataset.pth
  Missing keys (ok): ['fc.weight', 'fc.bias']
Epoch 1/100 | Train Loss: 2.8679 | Train C-index: 0.4672 | Val Loss: 4.2712 | Val C-index: 0.4766
Epoch 2/100 | Train Loss: 2.8277 | Train C-index: 0.4766 | Val Loss: 4.2689 | Val C-index: 0.5143
Epoch 3/100 | Train Loss: 2.8779 | Train C-index: 0.4882 | Val Loss: 4.2665 | Val C-index: 0.5240
Epoch 4/100 | Train Loss: 2.7926 | Train C-index: 0.5952 | Val Loss: 4.2645 | Val C-index: 0.5301
Epoch 5/100 | Train Loss: 2.8152 | Train C-index: 0.5748 | Val Loss: 4.2625 | Val C-index: 0.5345
Epoch 6/100 | Train Loss: 2.8092 | Train C-index: 0.6165 | Val Loss: 4.2608 | Val C-index: 0.5395
Epoch 7/100 | Train Loss: 2.8056 | Train C-index: 0.6224 | Val Loss: 4.2591 | Val C-index: 0.5429
Epoch 8/100 | Train Loss: 2.7986 | Train C-index: 0.6305 | Val Loss: 4.2575 | Val C-index: 0.5452
Epoch 9/100 | Train Loss: 2.8163 | Train C-index: 0.6014 | Val Loss: 4.2560 | Val C-index: 0.5449
Epoch 10/100 | Train Loss: 2.8263 | Train C-index: 0.6288 | Val Loss: 4.2547 | Val C-index: 0.5476
Epoch 11/100 | Train Loss: 2.8328 | Train C-index: 0.6240 | Val Loss: 4.2536 | Val C-index: 0.5476
Epoch 12/100 | Train Loss: 2.8328 | Train C-index: 0.6308 | Val Loss: 4.2525 | Val C-index: 0.5489
Epoch 13/100 | Train Loss: 2.8143 | Train C-index: 0.6197 | Val Loss: 4.2513 | Val C-index: 0.5492
Epoch 14/100 | Train Loss: 2.7956 | Train C-index: 0.6375 | Val Loss: 4.2503 | Val C-index: 0.5489
Epoch 15/100 | Train Loss: 2.8303 | Train C-index: 0.6349 | Val Loss: 4.2494 | Val C-index: 0.5506
Epoch 16/100 | Train Loss: 2.8206 | Train C-index: 0.6418 | Val Loss: 4.2487 | Val C-index: 0.5519
Epoch 17/100 | Train Loss: 2.7771 | Train C-index: 0.6348 | Val Loss: 4.2478 | Val C-index: 0.5526
Epoch 18/100 | Train Loss: 2.8275 | Train C-index: 0.6361 | Val Loss: 4.2470 | Val C-index: 0.5543
Epoch 19/100 | Train Loss: 2.7933 | Train C-index: 0.6447 | Val Loss: 4.2461 | Val C-index: 0.5556
Epoch 20/100 | Train Loss: 2.7626 | Train C-index: 0.6395 | Val Loss: 4.2454 | Val C-index: 0.5560
Epoch 21/100 | Train Loss: 2.8277 | Train C-index: 0.6356 | Val Loss: 4.2448 | Val C-index: 0.5566
Epoch 22/100 | Train Loss: 2.7785 | Train C-index: 0.6425 | Val Loss: 4.2443 | Val C-index: 0.5570
Epoch 23/100 | Train Loss: 2.8174 | Train C-index: 0.6420 | Val Loss: 4.2436 | Val C-index: 0.5580
Epoch 24/100 | Train Loss: 2.7513 | Train C-index: 0.6411 | Val Loss: 4.2432 | Val C-index: 0.5583
Epoch 25/100 | Train Loss: 2.7570 | Train C-index: 0.6455 | Val Loss: 4.2427 | Val C-index: 0.5583
Epoch 26/100 | Train Loss: 2.8267 | Train C-index: 0.6436 | Val Loss: 4.2423 | Val C-index: 0.5583
Epoch 27/100 | Train Loss: 2.7692 | Train C-index: 0.6440 | Val Loss: 4.2420 | Val C-index: 0.5583
Epoch 28/100 | Train Loss: 2.7501 | Train C-index: 0.6433 | Val Loss: 4.2416 | Val C-index: 0.5593
Epoch 29/100 | Train Loss: 2.7705 | Train C-index: 0.6461 | Val Loss: 4.2415 | Val C-index: 0.5593
Epoch 30/100 | Train Loss: 2.8209 | Train C-index: 0.6444 | Val Loss: 4.2410 | Val C-index: 0.5600
Epoch 31/100 | Train Loss: 2.7702 | Train C-index: 0.6449 | Val Loss: 4.2405 | Val C-index: 0.5607
Epoch 32/100 | Train Loss: 2.7591 | Train C-index: 0.6470 | Val Loss: 4.2403 | Val C-index: 0.5607
Epoch 33/100 | Train Loss: 2.7878 | Train C-index: 0.6497 | Val Loss: 4.2400 | Val C-index: 0.5603
Epoch 34/100 | Train Loss: 2.7303 | Train C-index: 0.6477 | Val Loss: 4.2397 | Val C-index: 0.5607
Epoch 35/100 | Train Loss: 2.7734 | Train C-index: 0.6474 | Val Loss: 4.2395 | Val C-index: 0.5603
Epoch 36/100 | Train Loss: 2.7620 | Train C-index: 0.6481 | Val Loss: 4.2394 | Val C-index: 0.5607
Epoch 37/100 | Train Loss: 2.7479 | Train C-index: 0.6487 | Val Loss: 4.2392 | Val C-index: 0.5613
Epoch 38/100 | Train Loss: 2.7893 | Train C-index: 0.6511 | Val Loss: 4.2392 | Val C-index: 0.5620
Epoch 39/100 | Train Loss: 2.7969 | Train C-index: 0.6507 | Val Loss: 4.2391 | Val C-index: 0.5620
Epoch 40/100 | Train Loss: 2.7930 | Train C-index: 0.6464 | Val Loss: 4.2389 | Val C-index: 0.5627
Epoch 41/100 | Train Loss: 2.7699 | Train C-index: 0.6489 | Val Loss: 4.2388 | Val C-index: 0.5630
Epoch 42/100 | Train Loss: 2.7926 | Train C-index: 0.6486 | Val Loss: 4.2386 | Val C-index: 0.5620
Epoch 43/100 | Train Loss: 2.7271 | Train C-index: 0.6540 | Val Loss: 4.2388 | Val C-index: 0.5617
Epoch 44/100 | Train Loss: 2.7804 | Train C-index: 0.6510 | Val Loss: 4.2384 | Val C-index: 0.5630
Epoch 45/100 | Train Loss: 2.7335 | Train C-index: 0.6503 | Val Loss: 4.2385 | Val C-index: 0.5627
Epoch 46/100 | Train Loss: 2.7394 | Train C-index: 0.6524 | Val Loss: 4.2384 | Val C-index: 0.5634
Epoch 47/100 | Train Loss: 2.7576 | Train C-index: 0.6526 | Val Loss: 4.2381 | Val C-index: 0.5644
Epoch 48/100 | Train Loss: 2.7965 | Train C-index: 0.6528 | Val Loss: 4.2381 | Val C-index: 0.5647
Epoch 49/100 | Train Loss: 2.7624 | Train C-index: 0.6537 | Val Loss: 4.2378 | Val C-index: 0.5650
Epoch 50/100 | Train Loss: 2.7456 | Train C-index: 0.6537 | Val Loss: 4.2376 | Val C-index: 0.5650
Epoch 51/100 | Train Loss: 2.7409 | Train C-index: 0.6529 | Val Loss: 4.2374 | Val C-index: 0.5661
Epoch 52/100 | Train Loss: 2.7865 | Train C-index: 0.6547 | Val Loss: 4.2370 | Val C-index: 0.5661
Epoch 53/100 | Train Loss: 2.7395 | Train C-index: 0.6531 | Val Loss: 4.2369 | Val C-index: 0.5664
Epoch 54/100 | Train Loss: 2.7753 | Train C-index: 0.6553 | Val Loss: 4.2365 | Val C-index: 0.5667
Epoch 55/100 | Train Loss: 2.7529 | Train C-index: 0.6568 | Val Loss: 4.2364 | Val C-index: 0.5671
Epoch 56/100 | Train Loss: 2.7640 | Train C-index: 0.6573 | Val Loss: 4.2357 | Val C-index: 0.5671
Epoch 57/100 | Train Loss: 2.7442 | Train C-index: 0.6573 | Val Loss: 4.2354 | Val C-index: 0.5681
Epoch 58/100 | Train Loss: 2.7557 | Train C-index: 0.6580 | Val Loss: 4.2351 | Val C-index: 0.5684
Epoch 59/100 | Train Loss: 2.7440 | Train C-index: 0.6589 | Val Loss: 4.2347 | Val C-index: 0.5694
Epoch 60/100 | Train Loss: 2.7459 | Train C-index: 0.6594 | Val Loss: 4.2345 | Val C-index: 0.5711
Epoch 61/100 | Train Loss: 2.7681 | Train C-index: 0.6591 | Val Loss: 4.2345 | Val C-index: 0.5714
Epoch 62/100 | Train Loss: 2.7453 | Train C-index: 0.6591 | Val Loss: 4.2345 | Val C-index: 0.5718
Epoch 63/100 | Train Loss: 2.7601 | Train C-index: 0.6606 | Val Loss: 4.2342 | Val C-index: 0.5728
Epoch 64/100 | Train Loss: 2.7602 | Train C-index: 0.6603 | Val Loss: 4.2340 | Val C-index: 0.5734
Epoch 65/100 | Train Loss: 2.7221 | Train C-index: 0.6605 | Val Loss: 4.2333 | Val C-index: 0.5751
Epoch 66/100 | Train Loss: 2.7411 | Train C-index: 0.6611 | Val Loss: 4.2332 | Val C-index: 0.5758
Epoch 67/100 | Train Loss: 2.7122 | Train C-index: 0.6622 | Val Loss: 4.2330 | Val C-index: 0.5768
Epoch 68/100 | Train Loss: 2.7394 | Train C-index: 0.6627 | Val Loss: 4.2325 | Val C-index: 0.5775
Epoch 69/100 | Train Loss: 2.7547 | Train C-index: 0.6630 | Val Loss: 4.2323 | Val C-index: 0.5775
Epoch 70/100 | Train Loss: 2.7925 | Train C-index: 0.6630 | Val Loss: 4.2320 | Val C-index: 0.5778
Epoch 71/100 | Train Loss: 2.7635 | Train C-index: 0.6640 | Val Loss: 4.2316 | Val C-index: 0.5788
Epoch 72/100 | Train Loss: 2.7259 | Train C-index: 0.6642 | Val Loss: 4.2315 | Val C-index: 0.5792
Epoch 73/100 | Train Loss: 2.7325 | Train C-index: 0.6642 | Val Loss: 4.2314 | Val C-index: 0.5792
Epoch 74/100 | Train Loss: 2.7269 | Train C-index: 0.6650 | Val Loss: 4.2312 | Val C-index: 0.5792
Epoch 75/100 | Train Loss: 2.7101 | Train C-index: 0.6659 | Val Loss: 4.2306 | Val C-index: 0.5788
Epoch 76/100 | Train Loss: 2.7108 | Train C-index: 0.6658 | Val Loss: 4.2303 | Val C-index: 0.5792
Epoch 77/100 | Train Loss: 2.7319 | Train C-index: 0.6662 | Val Loss: 4.2301 | Val C-index: 0.5798
Epoch 78/100 | Train Loss: 2.6958 | Train C-index: 0.6665 | Val Loss: 4.2299 | Val C-index: 0.5808
Epoch 79/100 | Train Loss: 2.7481 | Train C-index: 0.6675 | Val Loss: 4.2294 | Val C-index: 0.5808
Epoch 80/100 | Train Loss: 2.7069 | Train C-index: 0.6683 | Val Loss: 4.2291 | Val C-index: 0.5815
Epoch 81/100 | Train Loss: 2.7180 | Train C-index: 0.6675 | Val Loss: 4.2292 | Val C-index: 0.5829
Epoch 82/100 | Train Loss: 2.7241 | Train C-index: 0.6682 | Val Loss: 4.2289 | Val C-index: 0.5835
Epoch 83/100 | Train Loss: 2.7211 | Train C-index: 0.6684 | Val Loss: 4.2281 | Val C-index: 0.5842
Epoch 84/100 | Train Loss: 2.7254 | Train C-index: 0.6690 | Val Loss: 4.2278 | Val C-index: 0.5845
Epoch 85/100 | Train Loss: 2.6868 | Train C-index: 0.6705 | Val Loss: 4.2272 | Val C-index: 0.5845
Epoch 86/100 | Train Loss: 2.7196 | Train C-index: 0.6711 | Val Loss: 4.2273 | Val C-index: 0.5849
Epoch 87/100 | Train Loss: 2.7716 | Train C-index: 0.6713 | Val Loss: 4.2266 | Val C-index: 0.5839
Epoch 88/100 | Train Loss: 2.7291 | Train C-index: 0.6711 | Val Loss: 4.2263 | Val C-index: 0.5852
Epoch 89/100 | Train Loss: 2.7298 | Train C-index: 0.6716 | Val Loss: 4.2261 | Val C-index: 0.5852
Epoch 90/100 | Train Loss: 2.7522 | Train C-index: 0.6713 | Val Loss: 4.2260 | Val C-index: 0.5855
Epoch 91/100 | Train Loss: 2.7422 | Train C-index: 0.6721 | Val Loss: 4.2259 | Val C-index: 0.5855
Epoch 92/100 | Train Loss: 2.7634 | Train C-index: 0.6727 | Val Loss: 4.2256 | Val C-index: 0.5855
Epoch 93/100 | Train Loss: 2.8029 | Train C-index: 0.6726 | Val Loss: 4.2251 | Val C-index: 0.5862
Epoch 94/100 | Train Loss: 2.7064 | Train C-index: 0.6720 | Val Loss: 4.2243 | Val C-index: 0.5869
Epoch 95/100 | Train Loss: 2.7523 | Train C-index: 0.6737 | Val Loss: 4.2235 | Val C-index: 0.5876
Epoch 96/100 | Train Loss: 2.7437 | Train C-index: 0.6745 | Val Loss: 4.2233 | Val C-index: 0.5872
Epoch 97/100 | Train Loss: 2.7484 | Train C-index: 0.6745 | Val Loss: 4.2231 | Val C-index: 0.5889
Epoch 98/100 | Train Loss: 2.7384 | Train C-index: 0.6751 | Val Loss: 4.2231 | Val C-index: 0.5889
Epoch 99/100 | Train Loss: 2.6946 | Train C-index: 0.6742 | Val Loss: 4.2232 | Val C-index: 0.5889
Epoch 100/100 | Train Loss: 2.7226 | Train C-index: 0.6758 | Val Loss: 4.2230 | Val C-index: 0.5892
Fold 4 best C-index: 0.5892

Extra survival metrics:
cutoff_from_train_median: 3.644232
n_test: 112
n_high_risk: 65
n_low_risk: 47
n_event_test: 38
logrank_stat: 3.173979
logrank_p: 0.074820
auc_36m: 0.625258
auc_60m: 0.513368
HR_high_vs_low: 1.873479
HR_95CI_lower: 0.928505
HR_95CI_upper: 3.780186
cox_p: 0.079628
Fold 4 | Train C-index: 0.6753 | Val C-index: 0.5892 | Gap: 0.0861

==================================================
5-Fold CV Summary
==================================================
  C-index mean: 0.6565
