Using Device: cuda | ROI: 96
Model: resnet18 | CT augmentation: disabled
LR: 0.0001 | Backbone LR: 0 | Loss: Cox PH
Pretrained: /home/gly001/cqj/pa_ct_surv/model/ct_pretrain/resnet_18_23dataset.pth
Checkpoints: /home/gly001/cqj/pa_ct_surv/checkpoints/pact_v5/ct/roi96_resnet18_dropout0.0_epochs30_bs32_lr1e-4_blr0_wd5e-4_seed42
Results: /home/gly001/cqj/pa_ct_surv/results/pact_v5/ct/roi96_resnet18_dropout0.0_epochs30_bs32_lr1e-4_blr0_wd5e-4_seed42
Loaded 777 samples
Locked split: train=621, test=156
Test set is not accessed during CV

==================================================
Fold 1/5
==================================================
[ResNetCox] Loaded pretrained from /home/gly001/cqj/pa_ct_surv/model/ct_pretrain/resnet_18_23dataset.pth
  Missing keys (ok): ['fc.weight', 'fc.bias']
Epoch 1/30 | Train Loss: 3.0310 | Train C-index: 0.5096 | Val Loss: 4.3884 | Val C-index: 0.5153
Epoch 2/30 | Train Loss: 3.0418 | Train C-index: 0.4944 | Val Loss: 4.3854 | Val C-index: 0.5879
Epoch 3/30 | Train Loss: 3.0211 | Train C-index: 0.5503 | Val Loss: 4.3825 | Val C-index: 0.5944
Epoch 4/30 | Train Loss: 3.0259 | Train C-index: 0.6044 | Val Loss: 4.3804 | Val C-index: 0.5980
Epoch 5/30 | Train Loss: 3.0162 | Train C-index: 0.5953 | Val Loss: 4.3777 | Val C-index: 0.5963
Epoch 6/30 | Train Loss: 3.0214 | Train C-index: 0.6098 | Val Loss: 4.3754 | Val C-index: 0.5958
Epoch 7/30 | Train Loss: 3.0219 | Train C-index: 0.6049 | Val Loss: 4.3732 | Val C-index: 0.5946
Epoch 8/30 | Train Loss: 3.0416 | Train C-index: 0.6093 | Val Loss: 4.3711 | Val C-index: 0.5970
Epoch 9/30 | Train Loss: 3.0139 | Train C-index: 0.6076 | Val Loss: 4.3690 | Val C-index: 0.5956
Epoch 10/30 | Train Loss: 3.0138 | Train C-index: 0.6113 | Val Loss: 4.3672 | Val C-index: 0.5960
Epoch 11/30 | Train Loss: 3.0211 | Train C-index: 0.6044 | Val Loss: 4.3655 | Val C-index: 0.5963
Epoch 12/30 | Train Loss: 3.0114 | Train C-index: 0.6030 | Val Loss: 4.3639 | Val C-index: 0.5973
Epoch 13/30 | Train Loss: 2.9985 | Train C-index: 0.6060 | Val Loss: 4.3621 | Val C-index: 0.5973
Epoch 14/30 | Train Loss: 3.0145 | Train C-index: 0.6086 | Val Loss: 4.3605 | Val C-index: 0.5977
Early stopping at epoch 14
Fold 0 best C-index: 0.5980

Extra survival metrics:
cutoff_from_train_median: 0.137911
n_test: 125
n_high_risk: 65
n_low_risk: 60
n_event_test: 46
logrank_stat: 2.263895
logrank_p: 0.132421
auc_36m: 0.597664
auc_60m: 0.569910
HR_high_vs_low: 1.571425
HR_95CI_lower: 0.868040
HR_95CI_upper: 2.844772
cox_p: 0.135537
Fold 0 | Train C-index: 0.6168 | Val C-index: 0.5980 | Gap: 0.0188

==================================================
Fold 2/5
==================================================
[ResNetCox] Loaded pretrained from /home/gly001/cqj/pa_ct_surv/model/ct_pretrain/resnet_18_23dataset.pth
  Missing keys (ok): ['fc.weight', 'fc.bias']
Epoch 1/30 | Train Loss: 3.0281 | Train C-index: 0.4982 | Val Loss: 4.4541 | Val C-index: 0.4715
Epoch 2/30 | Train Loss: 3.0251 | Train C-index: 0.5545 | Val Loss: 4.4523 | Val C-index: 0.5400
Epoch 3/30 | Train Loss: 3.0361 | Train C-index: 0.5872 | Val Loss: 4.4506 | Val C-index: 0.5483
Epoch 4/30 | Train Loss: 3.0037 | Train C-index: 0.5913 | Val Loss: 4.4489 | Val C-index: 0.5536
Epoch 5/30 | Train Loss: 3.0109 | Train C-index: 0.5921 | Val Loss: 4.4472 | Val C-index: 0.5560
Epoch 6/30 | Train Loss: 3.0124 | Train C-index: 0.5918 | Val Loss: 4.4458 | Val C-index: 0.5572
Epoch 7/30 | Train Loss: 3.0170 | Train C-index: 0.6119 | Val Loss: 4.4444 | Val C-index: 0.5577
Epoch 8/30 | Train Loss: 2.9787 | Train C-index: 0.6101 | Val Loss: 4.4429 | Val C-index: 0.5581
Epoch 9/30 | Train Loss: 2.9914 | Train C-index: 0.6172 | Val Loss: 4.4416 | Val C-index: 0.5560
Epoch 10/30 | Train Loss: 2.9968 | Train C-index: 0.6123 | Val Loss: 4.4405 | Val C-index: 0.5550
Epoch 11/30 | Train Loss: 3.0118 | Train C-index: 0.6102 | Val Loss: 4.4391 | Val C-index: 0.5569
Epoch 12/30 | Train Loss: 2.9675 | Train C-index: 0.6232 | Val Loss: 4.4379 | Val C-index: 0.5574
Epoch 13/30 | Train Loss: 2.9691 | Train C-index: 0.6196 | Val Loss: 4.4371 | Val C-index: 0.5577
Epoch 14/30 | Train Loss: 2.9752 | Train C-index: 0.6211 | Val Loss: 4.4360 | Val C-index: 0.5586
Epoch 15/30 | Train Loss: 3.0071 | Train C-index: 0.6225 | Val Loss: 4.4351 | Val C-index: 0.5589
Epoch 16/30 | Train Loss: 2.9985 | Train C-index: 0.6183 | Val Loss: 4.4343 | Val C-index: 0.5581
Epoch 17/30 | Train Loss: 3.0012 | Train C-index: 0.6239 | Val Loss: 4.4333 | Val C-index: 0.5620
Epoch 18/30 | Train Loss: 2.9506 | Train C-index: 0.6249 | Val Loss: 4.4323 | Val C-index: 0.5639
Epoch 19/30 | Train Loss: 2.9678 | Train C-index: 0.6222 | Val Loss: 4.4314 | Val C-index: 0.5632
Epoch 20/30 | Train Loss: 2.9798 | Train C-index: 0.6227 | Val Loss: 4.4305 | Val C-index: 0.5632
Epoch 21/30 | Train Loss: 2.9649 | Train C-index: 0.6220 | Val Loss: 4.4297 | Val C-index: 0.5636
Epoch 22/30 | Train Loss: 2.9830 | Train C-index: 0.6264 | Val Loss: 4.4290 | Val C-index: 0.5627
Epoch 23/30 | Train Loss: 2.9774 | Train C-index: 0.6275 | Val Loss: 4.4285 | Val C-index: 0.5632
Epoch 24/30 | Train Loss: 2.9827 | Train C-index: 0.6264 | Val Loss: 4.4277 | Val C-index: 0.5632
Epoch 25/30 | Train Loss: 2.9914 | Train C-index: 0.6190 | Val Loss: 4.4274 | Val C-index: 0.5634
Epoch 26/30 | Train Loss: 2.9813 | Train C-index: 0.6280 | Val Loss: 4.4267 | Val C-index: 0.5646
Epoch 27/30 | Train Loss: 2.9717 | Train C-index: 0.6246 | Val Loss: 4.4261 | Val C-index: 0.5639
Epoch 28/30 | Train Loss: 2.9580 | Train C-index: 0.6263 | Val Loss: 4.4257 | Val C-index: 0.5646
Epoch 29/30 | Train Loss: 2.9899 | Train C-index: 0.6266 | Val Loss: 4.4253 | Val C-index: 0.5636
Epoch 30/30 | Train Loss: 2.9619 | Train C-index: 0.6239 | Val Loss: 4.4246 | Val C-index: 0.5632
Fold 1 best C-index: 0.5646

Extra survival metrics:
cutoff_from_train_median: 1.653566
n_test: 124
n_high_risk: 59
n_low_risk: 65
n_event_test: 46
logrank_stat: 3.004912
logrank_p: 0.083012
auc_36m: 0.552156
auc_60m: 0.581558
HR_high_vs_low: 1.668158
HR_95CI_lower: 0.929404
HR_95CI_upper: 2.994122
cox_p: 0.086409
Fold 1 | Train C-index: 0.6258 | Val C-index: 0.5646 | Gap: 0.0612

==================================================
Fold 3/5
==================================================
[ResNetCox] Loaded pretrained from /home/gly001/cqj/pa_ct_surv/model/ct_pretrain/resnet_18_23dataset.pth
  Missing keys (ok): ['fc.weight', 'fc.bias']
Epoch 1/30 | Train Loss: 3.0591 | Train C-index: 0.5152 | Val Loss: 4.3769 | Val C-index: 0.4666
Epoch 2/30 | Train Loss: 3.0409 | Train C-index: 0.4904 | Val Loss: 4.3733 | Val C-index: 0.5980
Epoch 3/30 | Train Loss: 3.0330 | Train C-index: 0.5223 | Val Loss: 4.3707 | Val C-index: 0.6352
Epoch 4/30 | Train Loss: 3.0379 | Train C-index: 0.5180 | Val Loss: 4.3671 | Val C-index: 0.6464
Epoch 5/30 | Train Loss: 3.0501 | Train C-index: 0.5719 | Val Loss: 4.3635 | Val C-index: 0.6506
Epoch 6/30 | Train Loss: 3.0070 | Train C-index: 0.6118 | Val Loss: 4.3600 | Val C-index: 0.6541
Epoch 7/30 | Train Loss: 3.0214 | Train C-index: 0.5959 | Val Loss: 4.3569 | Val C-index: 0.6501
Epoch 8/30 | Train Loss: 3.0046 | Train C-index: 0.5921 | Val Loss: 4.3542 | Val C-index: 0.6505
Epoch 9/30 | Train Loss: 3.0219 | Train C-index: 0.5947 | Val Loss: 4.3515 | Val C-index: 0.6511
Epoch 10/30 | Train Loss: 3.0262 | Train C-index: 0.5939 | Val Loss: 4.3491 | Val C-index: 0.6504
Epoch 11/30 | Train Loss: 3.0280 | Train C-index: 0.5992 | Val Loss: 4.3462 | Val C-index: 0.6519
Epoch 12/30 | Train Loss: 3.0083 | Train C-index: 0.6040 | Val Loss: 4.3434 | Val C-index: 0.6521
Epoch 13/30 | Train Loss: 3.0168 | Train C-index: 0.6106 | Val Loss: 4.3409 | Val C-index: 0.6519
Epoch 14/30 | Train Loss: 2.9923 | Train C-index: 0.6046 | Val Loss: 4.3387 | Val C-index: 0.6524
Epoch 15/30 | Train Loss: 2.9960 | Train C-index: 0.6064 | Val Loss: 4.3368 | Val C-index: 0.6536
Epoch 16/30 | Train Loss: 3.0274 | Train C-index: 0.6030 | Val Loss: 4.3347 | Val C-index: 0.6541
Early stopping at epoch 16
Fold 2 best C-index: 0.6541

Extra survival metrics:
cutoff_from_train_median: 0.284086
n_test: 124
n_high_risk: 66
n_low_risk: 58
n_event_test: 46
logrank_stat: 8.654383
logrank_p: 0.003263
auc_36m: 0.687222
auc_60m: 0.639298
HR_high_vs_low: 2.489323
HR_95CI_lower: 1.327460
HR_95CI_upper: 4.668107
cox_p: 0.004469
Fold 2 | Train C-index: 0.6050 | Val C-index: 0.6541 | Gap: -0.0491

==================================================
Fold 4/5
==================================================
[ResNetCox] Loaded pretrained from /home/gly001/cqj/pa_ct_surv/model/ct_pretrain/resnet_18_23dataset.pth
  Missing keys (ok): ['fc.weight', 'fc.bias']
Epoch 1/30 | Train Loss: 3.0335 | Train C-index: 0.5400 | Val Loss: 4.4263 | Val C-index: 0.5219
Epoch 2/30 | Train Loss: 3.0390 | Train C-index: 0.4845 | Val Loss: 4.4235 | Val C-index: 0.5947
Epoch 3/30 | Train Loss: 3.0110 | Train C-index: 0.5079 | Val Loss: 4.4205 | Val C-index: 0.5957
Epoch 4/30 | Train Loss: 3.0342 | Train C-index: 0.5561 | Val Loss: 4.4176 | Val C-index: 0.5947
Epoch 5/30 | Train Loss: 3.0337 | Train C-index: 0.6016 | Val Loss: 4.4152 | Val C-index: 0.5964
Epoch 6/30 | Train Loss: 3.0260 | Train C-index: 0.6134 | Val Loss: 4.4128 | Val C-index: 0.5971
Epoch 7/30 | Train Loss: 3.0182 | Train C-index: 0.6007 | Val Loss: 4.4108 | Val C-index: 0.5966
Epoch 8/30 | Train Loss: 3.0160 | Train C-index: 0.6149 | Val Loss: 4.4087 | Val C-index: 0.5959
Epoch 9/30 | Train Loss: 3.0176 | Train C-index: 0.6036 | Val Loss: 4.4065 | Val C-index: 0.5957
Epoch 10/30 | Train Loss: 2.9790 | Train C-index: 0.5955 | Val Loss: 4.4048 | Val C-index: 0.5962
Epoch 11/30 | Train Loss: 3.0364 | Train C-index: 0.6151 | Val Loss: 4.4029 | Val C-index: 0.5976
Epoch 12/30 | Train Loss: 3.0283 | Train C-index: 0.6134 | Val Loss: 4.4012 | Val C-index: 0.5979
Epoch 13/30 | Train Loss: 3.0096 | Train C-index: 0.6217 | Val Loss: 4.4000 | Val C-index: 0.5981
Epoch 14/30 | Train Loss: 3.0155 | Train C-index: 0.6237 | Val Loss: 4.3986 | Val C-index: 0.5998
Epoch 15/30 | Train Loss: 2.9906 | Train C-index: 0.6297 | Val Loss: 4.3971 | Val C-index: 0.6008
Epoch 16/30 | Train Loss: 3.0157 | Train C-index: 0.6150 | Val Loss: 4.3955 | Val C-index: 0.6005
Epoch 17/30 | Train Loss: 2.9903 | Train C-index: 0.6144 | Val Loss: 4.3942 | Val C-index: 0.6013
Epoch 18/30 | Train Loss: 2.9750 | Train C-index: 0.6222 | Val Loss: 4.3929 | Val C-index: 0.6015
Epoch 19/30 | Train Loss: 2.9956 | Train C-index: 0.6204 | Val Loss: 4.3919 | Val C-index: 0.6020
Epoch 20/30 | Train Loss: 2.9911 | Train C-index: 0.6270 | Val Loss: 4.3907 | Val C-index: 0.6020
Epoch 21/30 | Train Loss: 2.9938 | Train C-index: 0.6230 | Val Loss: 4.3897 | Val C-index: 0.6020
Epoch 22/30 | Train Loss: 2.9785 | Train C-index: 0.6212 | Val Loss: 4.3886 | Val C-index: 0.6032
Epoch 23/30 | Train Loss: 3.0017 | Train C-index: 0.6222 | Val Loss: 4.3876 | Val C-index: 0.6030
Epoch 24/30 | Train Loss: 2.9856 | Train C-index: 0.6261 | Val Loss: 4.3867 | Val C-index: 0.6032
Epoch 25/30 | Train Loss: 2.9888 | Train C-index: 0.6210 | Val Loss: 4.3857 | Val C-index: 0.6035
Epoch 26/30 | Train Loss: 2.9836 | Train C-index: 0.6253 | Val Loss: 4.3849 | Val C-index: 0.6037
Epoch 27/30 | Train Loss: 2.9868 | Train C-index: 0.6237 | Val Loss: 4.3841 | Val C-index: 0.6035
Epoch 28/30 | Train Loss: 2.9918 | Train C-index: 0.6235 | Val Loss: 4.3832 | Val C-index: 0.6027
Epoch 29/30 | Train Loss: 2.9888 | Train C-index: 0.6257 | Val Loss: 4.3826 | Val C-index: 0.6039
Epoch 30/30 | Train Loss: 2.9511 | Train C-index: 0.6261 | Val Loss: 4.3818 | Val C-index: 0.6042
Fold 3 best C-index: 0.6042

Extra survival metrics:
cutoff_from_train_median: 1.796019
n_test: 124
n_high_risk: 56
n_low_risk: 68
n_event_test: 46
logrank_stat: 1.705826
logrank_p: 0.191528
auc_36m: 0.680348
auc_60m: 0.614991
HR_high_vs_low: 1.466292
HR_95CI_lower: 0.821590
HR_95CI_upper: 2.616892
cox_p: 0.195308
Fold 3 | Train C-index: 0.6257 | Val C-index: 0.6042 | Gap: 0.0215

==================================================
Fold 5/5
==================================================
[ResNetCox] Loaded pretrained from /home/gly001/cqj/pa_ct_surv/model/ct_pretrain/resnet_18_23dataset.pth
  Missing keys (ok): ['fc.weight', 'fc.bias']
Epoch 1/30 | Train Loss: 3.0476 | Train C-index: 0.5207 | Val Loss: 4.4047 | Val C-index: 0.4911
Epoch 2/30 | Train Loss: 3.0450 | Train C-index: 0.5050 | Val Loss: 4.4004 | Val C-index: 0.6134
Epoch 3/30 | Train Loss: 3.0336 | Train C-index: 0.5479 | Val Loss: 4.3965 | Val C-index: 0.6295
Epoch 4/30 | Train Loss: 3.0189 | Train C-index: 0.5913 | Val Loss: 4.3927 | Val C-index: 0.6266
Epoch 5/30 | Train Loss: 3.0284 | Train C-index: 0.5767 | Val Loss: 4.3886 | Val C-index: 0.6285
Epoch 6/30 | Train Loss: 3.0247 | Train C-index: 0.5944 | Val Loss: 4.3856 | Val C-index: 0.6297
Epoch 7/30 | Train Loss: 3.0103 | Train C-index: 0.5946 | Val Loss: 4.3822 | Val C-index: 0.6314
Epoch 8/30 | Train Loss: 3.0067 | Train C-index: 0.5909 | Val Loss: 4.3791 | Val C-index: 0.6305
Epoch 9/30 | Train Loss: 3.0095 | Train C-index: 0.5906 | Val Loss: 4.3762 | Val C-index: 0.6314
Epoch 10/30 | Train Loss: 3.0234 | Train C-index: 0.5886 | Val Loss: 4.3732 | Val C-index: 0.6334
Epoch 11/30 | Train Loss: 3.0244 | Train C-index: 0.6071 | Val Loss: 4.3704 | Val C-index: 0.6348
Epoch 12/30 | Train Loss: 3.0078 | Train C-index: 0.6080 | Val Loss: 4.3671 | Val C-index: 0.6346
Epoch 13/30 | Train Loss: 2.9835 | Train C-index: 0.5987 | Val Loss: 4.3645 | Val C-index: 0.6346
Epoch 14/30 | Train Loss: 3.0121 | Train C-index: 0.6049 | Val Loss: 4.3624 | Val C-index: 0.6380
Epoch 15/30 | Train Loss: 3.0249 | Train C-index: 0.6063 | Val Loss: 4.3597 | Val C-index: 0.6387
Epoch 16/30 | Train Loss: 2.9932 | Train C-index: 0.6054 | Val Loss: 4.3573 | Val C-index: 0.6390
Epoch 17/30 | Train Loss: 3.0091 | Train C-index: 0.6047 | Val Loss: 4.3547 | Val C-index: 0.6407
Epoch 18/30 | Train Loss: 3.0143 | Train C-index: 0.6070 | Val Loss: 4.3525 | Val C-index: 0.6400
Epoch 19/30 | Train Loss: 2.9954 | Train C-index: 0.6054 | Val Loss: 4.3499 | Val C-index: 0.6397
Epoch 20/30 | Train Loss: 3.0054 | Train C-index: 0.6097 | Val Loss: 4.3476 | Val C-index: 0.6392
Epoch 21/30 | Train Loss: 2.9878 | Train C-index: 0.6095 | Val Loss: 4.3459 | Val C-index: 0.6400
Epoch 22/30 | Train Loss: 3.0264 | Train C-index: 0.6034 | Val Loss: 4.3438 | Val C-index: 0.6404
Epoch 23/30 | Train Loss: 3.0074 | Train C-index: 0.6058 | Val Loss: 4.3423 | Val C-index: 0.6417
Epoch 24/30 | Train Loss: 3.0032 | Train C-index: 0.6112 | Val Loss: 4.3402 | Val C-index: 0.6417
Epoch 25/30 | Train Loss: 2.9752 | Train C-index: 0.6045 | Val Loss: 4.3384 | Val C-index: 0.6419
Epoch 26/30 | Train Loss: 2.9860 | Train C-index: 0.6090 | Val Loss: 4.3369 | Val C-index: 0.6451
Epoch 27/30 | Train Loss: 2.9907 | Train C-index: 0.6134 | Val Loss: 4.3350 | Val C-index: 0.6446
Epoch 28/30 | Train Loss: 2.9843 | Train C-index: 0.6068 | Val Loss: 4.3331 | Val C-index: 0.6443
Epoch 29/30 | Train Loss: 3.0087 | Train C-index: 0.6086 | Val Loss: 4.3314 | Val C-index: 0.6436
Epoch 30/30 | Train Loss: 3.0014 | Train C-index: 0.6100 | Val Loss: 4.3297 | Val C-index: 0.6441
Fold 4 best C-index: 0.6451

Extra survival metrics:
cutoff_from_train_median: 1.588076
n_test: 124
n_high_risk: 63
n_low_risk: 61
n_event_test: 46
logrank_stat: 13.847846
logrank_p: 0.000198
auc_36m: 0.699035
auc_60m: 0.638992
HR_high_vs_low: 3.177232
HR_95CI_lower: 1.670417
HR_95CI_upper: 6.043282
cox_p: 0.000425
Fold 4 | Train C-index: 0.6101 | Val C-index: 0.6451 | Gap: -0.0349

==================================================
5-Fold CV Summary
==================================================
  C-index mean: 0.6132
