nohup: ignoring input
Using Device: cuda
Model: abmil-cox-topk | Implementation: original | k: 2048
Checkpoints: /home/gly001/cqj/pa_ct_surv/checkpoints/pact_v2/pathology/abmil_topk2048/seed2024
Results:     /home/gly001/cqj/pa_ct_surv/results/pact_v2/pathology/abmil_topk2048/seed2024
Loaded 797 samples
Locked split from dataset CSV: train=642, test=155
Test set is not accessed during CV

==================================================
Fold 1/5
==================================================
Epoch 1/30 | Train Loss: 3.4944 | Train C-index: 0.7246 | Val Loss: 4.1639 | Val C-index: 0.7197
Epoch 2/30 | Train Loss: 3.3780 | Train C-index: 0.7381 | Val Loss: 4.0808 | Val C-index: 0.7079
Epoch 3/30 | Train Loss: 3.2925 | Train C-index: 0.7472 | Val Loss: 4.0756 | Val C-index: 0.7049
Epoch 4/30 | Train Loss: 3.2369 | Train C-index: 0.7582 | Val Loss: 4.1073 | Val C-index: 0.7016
Epoch 5/30 | Train Loss: 3.2035 | Train C-index: 0.7675 | Val Loss: 4.1157 | Val C-index: 0.7023
Epoch 6/30 | Train Loss: 3.1628 | Train C-index: 0.7765 | Val Loss: 4.1062 | Val C-index: 0.7028
Epoch 7/30 | Train Loss: 3.1367 | Train C-index: 0.7852 | Val Loss: 4.1051 | Val C-index: 0.7035
Epoch 8/30 | Train Loss: 3.0922 | Train C-index: 0.7936 | Val Loss: 4.1288 | Val C-index: 0.7016
Epoch 9/30 | Train Loss: 3.0627 | Train C-index: 0.8040 | Val Loss: 4.1029 | Val C-index: 0.7074
Epoch 10/30 | Train Loss: 3.0287 | Train C-index: 0.8122 | Val Loss: 4.1093 | Val C-index: 0.7081
Epoch 11/30 | Train Loss: 2.9884 | Train C-index: 0.8183 | Val Loss: 4.1381 | Val C-index: 0.7086
Early stopping at epoch 11
Fold 0 final C-index: 0.7197

Extra survival metrics:
cutoff_from_train_median: -0.242917
n_test: 129
n_high_risk: 56
n_low_risk: 73
n_event_test: 50
logrank_stat: 21.719246
logrank_p: 0.000003
auc_36m: 0.775064
auc_60m: 0.750809
mean_auc: 0.769803
HR_high_vs_low: 3.751683
HR_95CI_lower: 2.066622
HR_95CI_upper: 6.810691
cox_p: 0.000014

==================================================
Fold 2/5
==================================================
Epoch 1/30 | Train Loss: 3.4162 | Train C-index: 0.7290 | Val Loss: 4.3195 | Val C-index: 0.7138
Epoch 2/30 | Train Loss: 3.2789 | Train C-index: 0.7414 | Val Loss: 4.2599 | Val C-index: 0.7175
Epoch 3/30 | Train Loss: 3.2280 | Train C-index: 0.7552 | Val Loss: 4.2357 | Val C-index: 0.7198
Epoch 4/30 | Train Loss: 3.1846 | Train C-index: 0.7648 | Val Loss: 4.2219 | Val C-index: 0.7175
Epoch 5/30 | Train Loss: 3.1646 | Train C-index: 0.7763 | Val Loss: 4.1990 | Val C-index: 0.7235
Epoch 6/30 | Train Loss: 3.1107 | Train C-index: 0.7854 | Val Loss: 4.1836 | Val C-index: 0.7225
Epoch 7/30 | Train Loss: 3.0825 | Train C-index: 0.7913 | Val Loss: 4.1902 | Val C-index: 0.7177
Epoch 8/30 | Train Loss: 3.0580 | Train C-index: 0.7993 | Val Loss: 4.1760 | Val C-index: 0.7183
Epoch 9/30 | Train Loss: 3.0312 | Train C-index: 0.8062 | Val Loss: 4.1754 | Val C-index: 0.7196
Epoch 10/30 | Train Loss: 2.9940 | Train C-index: 0.8136 | Val Loss: 4.1840 | Val C-index: 0.7202
Epoch 11/30 | Train Loss: 2.9774 | Train C-index: 0.8204 | Val Loss: 4.1796 | Val C-index: 0.7248
Epoch 12/30 | Train Loss: 2.9355 | Train C-index: 0.8280 | Val Loss: 4.1866 | Val C-index: 0.7221
Epoch 13/30 | Train Loss: 2.9006 | Train C-index: 0.8341 | Val Loss: 4.2083 | Val C-index: 0.7246
Epoch 14/30 | Train Loss: 2.8750 | Train C-index: 0.8402 | Val Loss: 4.2495 | Val C-index: 0.7225
Epoch 15/30 | Train Loss: 2.8479 | Train C-index: 0.8471 | Val Loss: 4.2893 | Val C-index: 0.7240
Epoch 16/30 | Train Loss: 2.8011 | Train C-index: 0.8530 | Val Loss: 4.3058 | Val C-index: 0.7175
Epoch 17/30 | Train Loss: 2.7777 | Train C-index: 0.8585 | Val Loss: 4.3182 | Val C-index: 0.7225
Epoch 18/30 | Train Loss: 2.7488 | Train C-index: 0.8617 | Val Loss: 4.3562 | Val C-index: 0.7231
Epoch 19/30 | Train Loss: 2.7314 | Train C-index: 0.8665 | Val Loss: 4.3998 | Val C-index: 0.7248
Epoch 20/30 | Train Loss: 2.6960 | Train C-index: 0.8719 | Val Loss: 4.4338 | Val C-index: 0.7264
Epoch 21/30 | Train Loss: 2.6861 | Train C-index: 0.8746 | Val Loss: 4.5254 | Val C-index: 0.7242
Epoch 22/30 | Train Loss: 2.6574 | Train C-index: 0.8810 | Val Loss: 4.4774 | Val C-index: 0.7246
Epoch 23/30 | Train Loss: 2.6275 | Train C-index: 0.8860 | Val Loss: 4.5170 | Val C-index: 0.7244
Epoch 24/30 | Train Loss: 2.5844 | Train C-index: 0.8880 | Val Loss: 4.5584 | Val C-index: 0.7244
Epoch 25/30 | Train Loss: 2.5626 | Train C-index: 0.8891 | Val Loss: 4.7112 | Val C-index: 0.7281
Epoch 26/30 | Train Loss: 2.5430 | Train C-index: 0.8955 | Val Loss: 4.7145 | Val C-index: 0.7233
Epoch 27/30 | Train Loss: 2.5158 | Train C-index: 0.8994 | Val Loss: 4.7243 | Val C-index: 0.7277
Epoch 28/30 | Train Loss: 2.4912 | Train C-index: 0.9015 | Val Loss: 4.8773 | Val C-index: 0.7275
Epoch 29/30 | Train Loss: 2.4740 | Train C-index: 0.9072 | Val Loss: 4.8098 | Val C-index: 0.7198
Epoch 30/30 | Train Loss: 2.4450 | Train C-index: 0.9091 | Val Loss: 4.9556 | Val C-index: 0.7215
Fold 1 final C-index: 0.7281

Extra survival metrics:
cutoff_from_train_median: -1.220536
n_test: 129
n_high_risk: 78
n_low_risk: 51
n_event_test: 51
logrank_stat: 25.143198
logrank_p: 0.000001
auc_36m: 0.733658
auc_60m: 0.720054
mean_auc: 0.729966
HR_high_vs_low: 6.638654
HR_95CI_lower: 2.827805
HR_95CI_upper: 15.585139
cox_p: 0.000014

==================================================
Fold 3/5
==================================================
Epoch 1/30 | Train Loss: 3.4347 | Train C-index: 0.7300 | Val Loss: 4.3927 | Val C-index: 0.6808
Epoch 2/30 | Train Loss: 3.3678 | Train C-index: 0.7508 | Val Loss: 4.3346 | Val C-index: 0.7005
Epoch 3/30 | Train Loss: 3.2131 | Train C-index: 0.7594 | Val Loss: 4.3349 | Val C-index: 0.7080
Epoch 4/30 | Train Loss: 3.2199 | Train C-index: 0.7685 | Val Loss: 4.3604 | Val C-index: 0.7091
Epoch 5/30 | Train Loss: 3.1340 | Train C-index: 0.7789 | Val Loss: 4.3945 | Val C-index: 0.7095
Epoch 6/30 | Train Loss: 3.1004 | Train C-index: 0.7908 | Val Loss: 4.3486 | Val C-index: 0.7187
Epoch 7/30 | Train Loss: 3.0530 | Train C-index: 0.7996 | Val Loss: 4.3370 | Val C-index: 0.7233
Epoch 8/30 | Train Loss: 3.0110 | Train C-index: 0.8089 | Val Loss: 4.3680 | Val C-index: 0.7208
Epoch 9/30 | Train Loss: 2.9676 | Train C-index: 0.8167 | Val Loss: 4.4000 | Val C-index: 0.7187
Epoch 10/30 | Train Loss: 3.0572 | Train C-index: 0.8219 | Val Loss: 4.4541 | Val C-index: 0.7147
Epoch 11/30 | Train Loss: 2.9143 | Train C-index: 0.8281 | Val Loss: 4.4837 | Val C-index: 0.7064
Epoch 12/30 | Train Loss: 2.8894 | Train C-index: 0.8342 | Val Loss: 4.4875 | Val C-index: 0.7112
Epoch 13/30 | Train Loss: 2.8575 | Train C-index: 0.8404 | Val Loss: 4.5541 | Val C-index: 0.7062
Epoch 14/30 | Train Loss: 2.9137 | Train C-index: 0.8451 | Val Loss: 4.6058 | Val C-index: 0.7062
Epoch 15/30 | Train Loss: 2.8022 | Train C-index: 0.8487 | Val Loss: 4.6350 | Val C-index: 0.6969
Epoch 16/30 | Train Loss: 2.7868 | Train C-index: 0.8557 | Val Loss: 4.6374 | Val C-index: 0.6888
Epoch 17/30 | Train Loss: 2.7631 | Train C-index: 0.8609 | Val Loss: 4.6376 | Val C-index: 0.6871
Early stopping at epoch 17
Fold 2 final C-index: 0.7233

Extra survival metrics:
cutoff_from_train_median: -1.075762
n_test: 128
n_high_risk: 61
n_low_risk: 67
n_event_test: 50
logrank_stat: 22.134752
logrank_p: 0.000003
auc_36m: 0.780338
auc_60m: 0.757396
mean_auc: 0.775863
HR_high_vs_low: 3.899667
HR_95CI_lower: 2.120422
HR_95CI_upper: 7.171876
cox_p: 0.000012

==================================================
Fold 4/5
==================================================
Epoch 1/30 | Train Loss: 3.5796 | Train C-index: 0.7096 | Val Loss: 4.0535 | Val C-index: 0.7792
Epoch 2/30 | Train Loss: 3.4870 | Train C-index: 0.7272 | Val Loss: 3.9245 | Val C-index: 0.7730
Epoch 3/30 | Train Loss: 3.3341 | Train C-index: 0.7376 | Val Loss: 3.8491 | Val C-index: 0.7715
Epoch 4/30 | Train Loss: 3.5096 | Train C-index: 0.7524 | Val Loss: 3.8437 | Val C-index: 0.7655
Epoch 5/30 | Train Loss: 3.2598 | Train C-index: 0.7608 | Val Loss: 3.8811 | Val C-index: 0.7607
Epoch 6/30 | Train Loss: 3.2474 | Train C-index: 0.7665 | Val Loss: 3.9069 | Val C-index: 0.7535
Epoch 7/30 | Train Loss: 3.2387 | Train C-index: 0.7729 | Val Loss: 3.9195 | Val C-index: 0.7439
Epoch 8/30 | Train Loss: 3.1982 | Train C-index: 0.7818 | Val Loss: 3.9100 | Val C-index: 0.7406
Epoch 9/30 | Train Loss: 3.1674 | Train C-index: 0.7882 | Val Loss: 3.8838 | Val C-index: 0.7478
Epoch 10/30 | Train Loss: 3.1221 | Train C-index: 0.7956 | Val Loss: 3.8815 | Val C-index: 0.7487
Epoch 11/30 | Train Loss: 3.1005 | Train C-index: 0.8044 | Val Loss: 3.8954 | Val C-index: 0.7437
Early stopping at epoch 11
Fold 3 final C-index: 0.7792

Extra survival metrics:
cutoff_from_train_median: -0.234562
n_test: 128
n_high_risk: 64
n_low_risk: 64
n_event_test: 50
logrank_stat: 21.366617
logrank_p: 0.000004
auc_36m: 0.839599
auc_60m: 0.809209
mean_auc: 0.832346
HR_high_vs_low: 4.334834
HR_95CI_lower: 2.206818
HR_95CI_upper: 8.514881
cox_p: 0.000021

==================================================
Fold 5/5
==================================================
Epoch 1/30 | Train Loss: 3.4886 | Train C-index: 0.7225 | Val Loss: 4.2475 | Val C-index: 0.6958
Epoch 2/30 | Train Loss: 3.3884 | Train C-index: 0.7231 | Val Loss: 4.2385 | Val C-index: 0.6953
Epoch 3/30 | Train Loss: 3.2840 | Train C-index: 0.7310 | Val Loss: 4.2625 | Val C-index: 0.6971
Epoch 4/30 | Train Loss: 3.2942 | Train C-index: 0.7481 | Val Loss: 4.2408 | Val C-index: 0.7033
Epoch 5/30 | Train Loss: 3.2455 | Train C-index: 0.7626 | Val Loss: 4.2236 | Val C-index: 0.7077
Epoch 6/30 | Train Loss: 3.1665 | Train C-index: 0.7752 | Val Loss: 4.2111 | Val C-index: 0.7118
Epoch 7/30 | Train Loss: 3.1302 | Train C-index: 0.7854 | Val Loss: 4.2027 | Val C-index: 0.7159
Epoch 8/30 | Train Loss: 3.1075 | Train C-index: 0.7939 | Val Loss: 4.2044 | Val C-index: 0.7189
Epoch 9/30 | Train Loss: 3.0932 | Train C-index: 0.8041 | Val Loss: 4.2082 | Val C-index: 0.7177
Epoch 10/30 | Train Loss: 3.0309 | Train C-index: 0.8081 | Val Loss: 4.2333 | Val C-index: 0.7166
Epoch 11/30 | Train Loss: 3.0366 | Train C-index: 0.8164 | Val Loss: 4.2495 | Val C-index: 0.7170
Epoch 12/30 | Train Loss: 2.9853 | Train C-index: 0.8230 | Val Loss: 4.2685 | Val C-index: 0.7131
Epoch 13/30 | Train Loss: 3.0588 | Train C-index: 0.8307 | Val Loss: 4.2797 | Val C-index: 0.7079
Epoch 14/30 | Train Loss: 2.9316 | Train C-index: 0.8320 | Val Loss: 4.2930 | Val C-index: 0.7182
Epoch 15/30 | Train Loss: 2.9002 | Train C-index: 0.8402 | Val Loss: 4.2969 | Val C-index: 0.7072
Epoch 16/30 | Train Loss: 2.8663 | Train C-index: 0.8440 | Val Loss: 4.3013 | Val C-index: 0.7127
Epoch 17/30 | Train Loss: 2.8408 | Train C-index: 0.8500 | Val Loss: 4.3260 | Val C-index: 0.7077
Epoch 18/30 | Train Loss: 2.8141 | Train C-index: 0.8524 | Val Loss: 4.3646 | Val C-index: 0.7086
Early stopping at epoch 18
Fold 4 final C-index: 0.7189

Extra survival metrics:
cutoff_from_train_median: -0.986792
n_test: 128
n_high_risk: 67
n_low_risk: 61
n_event_test: 50
logrank_stat: 19.308919
logrank_p: 0.000011
auc_36m: 0.776051
auc_60m: 0.720318
mean_auc: 0.756162
HR_high_vs_low: 3.888169
HR_95CI_lower: 2.025603
HR_95CI_upper: 7.463384
cox_p: 0.000045

==================================================
5-Fold CV Summary
==================================================
  C-index: 0.7338 +/- 0.0256
