nohup: ignoring input
Using Device: cuda
Model: abmil-cox-topk | Implementation: original | k: 512
Checkpoints: /home/gly001/cqj/pa_ct_surv/checkpoints/pact_v2/pathology/abmil_topk512/seed123
Results:     /home/gly001/cqj/pa_ct_surv/results/pact_v2/pathology/abmil_topk512/seed123
Loaded 797 samples
Locked split from dataset CSV: train=642, test=155
Test set is not accessed during CV

==================================================
Fold 1/5
==================================================
Epoch 1/30 | Train Loss: 3.4906 | Train C-index: 0.7041 | Val Loss: 4.2108 | Val C-index: 0.6391
Epoch 2/30 | Train Loss: 3.3750 | Train C-index: 0.7294 | Val Loss: 4.1236 | Val C-index: 0.6762
Epoch 3/30 | Train Loss: 3.2860 | Train C-index: 0.7470 | Val Loss: 4.0814 | Val C-index: 0.7058
Epoch 4/30 | Train Loss: 3.2455 | Train C-index: 0.7625 | Val Loss: 4.0443 | Val C-index: 0.7153
Epoch 5/30 | Train Loss: 3.1859 | Train C-index: 0.7758 | Val Loss: 4.0896 | Val C-index: 0.7088
Epoch 6/30 | Train Loss: 3.1324 | Train C-index: 0.7864 | Val Loss: 4.1706 | Val C-index: 0.6928
Epoch 7/30 | Train Loss: 3.0949 | Train C-index: 0.7994 | Val Loss: 4.1221 | Val C-index: 0.7044
Epoch 8/30 | Train Loss: 3.0609 | Train C-index: 0.8093 | Val Loss: 4.1430 | Val C-index: 0.7049
Epoch 9/30 | Train Loss: 3.0225 | Train C-index: 0.8158 | Val Loss: 4.2531 | Val C-index: 0.6868
Epoch 10/30 | Train Loss: 2.9713 | Train C-index: 0.8254 | Val Loss: 4.1189 | Val C-index: 0.7185
Epoch 11/30 | Train Loss: 2.9506 | Train C-index: 0.8351 | Val Loss: 4.2474 | Val C-index: 0.6933
Epoch 12/30 | Train Loss: 2.8972 | Train C-index: 0.8424 | Val Loss: 4.2731 | Val C-index: 0.6931
Epoch 13/30 | Train Loss: 2.8728 | Train C-index: 0.8487 | Val Loss: 4.3667 | Val C-index: 0.6815
Epoch 14/30 | Train Loss: 2.8358 | Train C-index: 0.8530 | Val Loss: 4.3614 | Val C-index: 0.6917
Epoch 15/30 | Train Loss: 2.7975 | Train C-index: 0.8598 | Val Loss: 4.5202 | Val C-index: 0.6762
Epoch 16/30 | Train Loss: 2.7803 | Train C-index: 0.8667 | Val Loss: 4.4182 | Val C-index: 0.6873
Epoch 17/30 | Train Loss: 2.7221 | Train C-index: 0.8674 | Val Loss: 4.6245 | Val C-index: 0.6579
Epoch 18/30 | Train Loss: 2.7086 | Train C-index: 0.8775 | Val Loss: 4.5549 | Val C-index: 0.6870
Epoch 19/30 | Train Loss: 2.6386 | Train C-index: 0.8787 | Val Loss: 4.7571 | Val C-index: 0.6650
Epoch 20/30 | Train Loss: 2.6479 | Train C-index: 0.8817 | Val Loss: 4.5406 | Val C-index: 0.6972
Early stopping at epoch 20
Fold 0 final C-index: 0.7185

Extra survival metrics:
cutoff_from_train_median: -1.082645
n_test: 129
n_high_risk: 57
n_low_risk: 72
n_event_test: 50
logrank_stat: 27.677405
logrank_p: 0.000000
auc_36m: 0.788988
auc_60m: 0.748525
mean_auc: 0.780212
HR_high_vs_low: 4.486600
HR_95CI_lower: 2.437710
HR_95CI_upper: 8.257578
cox_p: 0.000001

==================================================
Fold 2/5
==================================================
Epoch 1/30 | Train Loss: 3.4300 | Train C-index: 0.7342 | Val Loss: 4.3642 | Val C-index: 0.6814
Epoch 2/30 | Train Loss: 3.3012 | Train C-index: 0.7456 | Val Loss: 4.3178 | Val C-index: 0.6966
Epoch 3/30 | Train Loss: 3.2298 | Train C-index: 0.7561 | Val Loss: 4.3058 | Val C-index: 0.7011
Epoch 4/30 | Train Loss: 3.1999 | Train C-index: 0.7681 | Val Loss: 4.2770 | Val C-index: 0.7098
Epoch 5/30 | Train Loss: 3.1619 | Train C-index: 0.7804 | Val Loss: 4.2528 | Val C-index: 0.7107
Epoch 6/30 | Train Loss: 3.1229 | Train C-index: 0.7892 | Val Loss: 4.2312 | Val C-index: 0.7154
Epoch 7/30 | Train Loss: 3.0938 | Train C-index: 0.7985 | Val Loss: 4.2070 | Val C-index: 0.7196
Epoch 8/30 | Train Loss: 3.0441 | Train C-index: 0.8066 | Val Loss: 4.1993 | Val C-index: 0.7217
Epoch 9/30 | Train Loss: 3.0116 | Train C-index: 0.8150 | Val Loss: 4.1945 | Val C-index: 0.7200
Epoch 10/30 | Train Loss: 2.9850 | Train C-index: 0.8218 | Val Loss: 4.1920 | Val C-index: 0.7190
Epoch 11/30 | Train Loss: 2.9398 | Train C-index: 0.8297 | Val Loss: 4.2135 | Val C-index: 0.7146
Epoch 12/30 | Train Loss: 2.9153 | Train C-index: 0.8381 | Val Loss: 4.2224 | Val C-index: 0.7119
Epoch 13/30 | Train Loss: 2.8735 | Train C-index: 0.8456 | Val Loss: 4.2401 | Val C-index: 0.7119
Epoch 14/30 | Train Loss: 2.8368 | Train C-index: 0.8520 | Val Loss: 4.2439 | Val C-index: 0.7113
Epoch 15/30 | Train Loss: 2.8180 | Train C-index: 0.8579 | Val Loss: 4.2458 | Val C-index: 0.7140
Epoch 16/30 | Train Loss: 2.7489 | Train C-index: 0.8615 | Val Loss: 4.2905 | Val C-index: 0.7198
Epoch 17/30 | Train Loss: 2.7339 | Train C-index: 0.8682 | Val Loss: 4.2452 | Val C-index: 0.7140
Epoch 18/30 | Train Loss: 2.7137 | Train C-index: 0.8732 | Val Loss: 4.3545 | Val C-index: 0.7132
Early stopping at epoch 18
Fold 1 final C-index: 0.7217

Extra survival metrics:
cutoff_from_train_median: -0.573170
n_test: 129
n_high_risk: 73
n_low_risk: 56
n_event_test: 51
logrank_stat: 16.375822
logrank_p: 0.000052
auc_36m: 0.729904
auc_60m: 0.722174
mean_auc: 0.727806
HR_high_vs_low: 3.635661
HR_95CI_lower: 1.862881
HR_95CI_upper: 7.095477
cox_p: 0.000155

==================================================
Fold 3/5
==================================================
Epoch 1/30 | Train Loss: 3.5696 | Train C-index: 0.7112 | Val Loss: 4.3892 | Val C-index: 0.6624
Epoch 2/30 | Train Loss: 3.4205 | Train C-index: 0.7317 | Val Loss: 4.3898 | Val C-index: 0.6624
Epoch 3/30 | Train Loss: 3.2706 | Train C-index: 0.7369 | Val Loss: 4.3488 | Val C-index: 0.6808
Epoch 4/30 | Train Loss: 3.2281 | Train C-index: 0.7500 | Val Loss: 4.3796 | Val C-index: 0.6796
Epoch 5/30 | Train Loss: 3.1928 | Train C-index: 0.7655 | Val Loss: 4.3732 | Val C-index: 0.6815
Epoch 6/30 | Train Loss: 3.1246 | Train C-index: 0.7769 | Val Loss: 4.4092 | Val C-index: 0.6789
Epoch 7/30 | Train Loss: 3.1540 | Train C-index: 0.7855 | Val Loss: 4.4326 | Val C-index: 0.6794
Epoch 8/30 | Train Loss: 3.0653 | Train C-index: 0.7960 | Val Loss: 4.4336 | Val C-index: 0.6861
Epoch 9/30 | Train Loss: 3.1230 | Train C-index: 0.8062 | Val Loss: 4.4617 | Val C-index: 0.6838
Epoch 10/30 | Train Loss: 3.0975 | Train C-index: 0.8126 | Val Loss: 4.5242 | Val C-index: 0.6773
Epoch 11/30 | Train Loss: 3.0423 | Train C-index: 0.8214 | Val Loss: 4.5473 | Val C-index: 0.6817
Epoch 12/30 | Train Loss: 3.0601 | Train C-index: 0.8264 | Val Loss: 4.6207 | Val C-index: 0.6720
Epoch 13/30 | Train Loss: 3.0095 | Train C-index: 0.8344 | Val Loss: 4.5378 | Val C-index: 0.6733
Epoch 14/30 | Train Loss: 3.0251 | Train C-index: 0.8403 | Val Loss: 4.5542 | Val C-index: 0.6748
Epoch 15/30 | Train Loss: 3.0451 | Train C-index: 0.8361 | Val Loss: 4.6476 | Val C-index: 0.6584
Epoch 16/30 | Train Loss: 2.9172 | Train C-index: 0.8329 | Val Loss: 4.7175 | Val C-index: 0.6496
Epoch 17/30 | Train Loss: 2.8338 | Train C-index: 0.8435 | Val Loss: 4.6833 | Val C-index: 0.6748
Epoch 18/30 | Train Loss: 2.8165 | Train C-index: 0.8516 | Val Loss: 4.8281 | Val C-index: 0.6547
Early stopping at epoch 18
Fold 2 final C-index: 0.6861

Extra survival metrics:
cutoff_from_train_median: -0.746417
n_test: 128
n_high_risk: 63
n_low_risk: 65
n_event_test: 50
logrank_stat: 18.559237
logrank_p: 0.000016
auc_36m: 0.735031
auc_60m: 0.728449
mean_auc: 0.733747
HR_high_vs_low: 3.517375
HR_95CI_lower: 1.913558
HR_95CI_upper: 6.465405
cox_p: 0.000051

==================================================
Fold 4/5
==================================================
Epoch 1/30 | Train Loss: 3.5817 | Train C-index: 0.7110 | Val Loss: 4.0155 | Val C-index: 0.7564
Epoch 2/30 | Train Loss: 3.3916 | Train C-index: 0.7199 | Val Loss: 3.9107 | Val C-index: 0.7605
Epoch 3/30 | Train Loss: 3.4046 | Train C-index: 0.7342 | Val Loss: 3.8889 | Val C-index: 0.7581
Epoch 4/30 | Train Loss: 3.2991 | Train C-index: 0.7514 | Val Loss: 3.9031 | Val C-index: 0.7521
Epoch 5/30 | Train Loss: 3.4259 | Train C-index: 0.7651 | Val Loss: 3.9216 | Val C-index: 0.7427
Epoch 6/30 | Train Loss: 3.2900 | Train C-index: 0.7689 | Val Loss: 3.9334 | Val C-index: 0.7406
Epoch 7/30 | Train Loss: 3.1792 | Train C-index: 0.7795 | Val Loss: 3.9415 | Val C-index: 0.7415
Epoch 8/30 | Train Loss: 3.2076 | Train C-index: 0.7892 | Val Loss: 3.9567 | Val C-index: 0.7406
Epoch 9/30 | Train Loss: 3.1680 | Train C-index: 0.7932 | Val Loss: 3.9711 | Val C-index: 0.7387
Epoch 10/30 | Train Loss: 3.1020 | Train C-index: 0.8063 | Val Loss: 3.9911 | Val C-index: 0.7322
Epoch 11/30 | Train Loss: 3.1237 | Train C-index: 0.8142 | Val Loss: 4.0172 | Val C-index: 0.7284
Epoch 12/30 | Train Loss: 3.0493 | Train C-index: 0.8221 | Val Loss: 4.0285 | Val C-index: 0.7291
Early stopping at epoch 12
Fold 3 final C-index: 0.7605

Extra survival metrics:
cutoff_from_train_median: -0.577168
n_test: 128
n_high_risk: 63
n_low_risk: 65
n_event_test: 50
logrank_stat: 23.833439
logrank_p: 0.000001
auc_36m: 0.815491
auc_60m: 0.778983
mean_auc: 0.806779
HR_high_vs_low: 4.885099
HR_95CI_lower: 2.422070
HR_95CI_upper: 9.852806
cox_p: 0.000009

==================================================
Fold 5/5
==================================================
Epoch 1/30 | Train Loss: 3.5435 | Train C-index: 0.7050 | Val Loss: 4.2282 | Val C-index: 0.6734
Epoch 2/30 | Train Loss: 3.3867 | Train C-index: 0.7179 | Val Loss: 4.2023 | Val C-index: 0.6800
Epoch 3/30 | Train Loss: 3.3136 | Train C-index: 0.7280 | Val Loss: 4.2276 | Val C-index: 0.6809
Epoch 4/30 | Train Loss: 3.2981 | Train C-index: 0.7473 | Val Loss: 4.2313 | Val C-index: 0.6853
Epoch 5/30 | Train Loss: 3.3672 | Train C-index: 0.7591 | Val Loss: 4.2110 | Val C-index: 0.6901
Epoch 6/30 | Train Loss: 3.1739 | Train C-index: 0.7602 | Val Loss: 4.2292 | Val C-index: 0.6754
Epoch 7/30 | Train Loss: 3.2074 | Train C-index: 0.7750 | Val Loss: 4.2015 | Val C-index: 0.6907
Epoch 8/30 | Train Loss: 3.1702 | Train C-index: 0.7796 | Val Loss: 4.2158 | Val C-index: 0.7015
Epoch 9/30 | Train Loss: 3.1561 | Train C-index: 0.7925 | Val Loss: 4.2387 | Val C-index: 0.6994
Epoch 10/30 | Train Loss: 3.1252 | Train C-index: 0.8019 | Val Loss: 4.2579 | Val C-index: 0.7006
Epoch 11/30 | Train Loss: 3.0232 | Train C-index: 0.8055 | Val Loss: 4.2993 | Val C-index: 0.7099
Epoch 12/30 | Train Loss: 3.0223 | Train C-index: 0.8179 | Val Loss: 4.2705 | Val C-index: 0.7102
Epoch 13/30 | Train Loss: 2.9720 | Train C-index: 0.8270 | Val Loss: 4.2819 | Val C-index: 0.7122
Epoch 14/30 | Train Loss: 2.9322 | Train C-index: 0.8348 | Val Loss: 4.3300 | Val C-index: 0.7081
Epoch 15/30 | Train Loss: 2.8938 | Train C-index: 0.8403 | Val Loss: 4.3944 | Val C-index: 0.7067
Epoch 16/30 | Train Loss: 2.9933 | Train C-index: 0.8400 | Val Loss: 4.4774 | Val C-index: 0.7074
Epoch 17/30 | Train Loss: 2.8595 | Train C-index: 0.8447 | Val Loss: 4.4289 | Val C-index: 0.7024
Epoch 18/30 | Train Loss: 2.8304 | Train C-index: 0.8514 | Val Loss: 4.4219 | Val C-index: 0.7086
Epoch 19/30 | Train Loss: 2.8080 | Train C-index: 0.8590 | Val Loss: 4.4196 | Val C-index: 0.7072
Epoch 20/30 | Train Loss: 2.7834 | Train C-index: 0.8615 | Val Loss: 4.5256 | Val C-index: 0.7083
Epoch 21/30 | Train Loss: 2.7446 | Train C-index: 0.8635 | Val Loss: 4.5690 | Val C-index: 0.7040
Epoch 22/30 | Train Loss: 2.7203 | Train C-index: 0.8687 | Val Loss: 4.6871 | Val C-index: 0.7070
Epoch 23/30 | Train Loss: 2.6951 | Train C-index: 0.8707 | Val Loss: 4.6576 | Val C-index: 0.7003
Early stopping at epoch 23
Fold 4 final C-index: 0.7122

Extra survival metrics:
cutoff_from_train_median: -0.998857
n_test: 128
n_high_risk: 63
n_low_risk: 65
n_event_test: 50
logrank_stat: 16.303355
logrank_p: 0.000054
auc_36m: 0.748688
auc_60m: 0.751287
mean_auc: 0.749615
HR_high_vs_low: 3.331485
HR_95CI_lower: 1.792695
HR_95CI_upper: 6.191121
cox_p: 0.000141

==================================================
5-Fold CV Summary
==================================================
  C-index: 0.7198 +/- 0.0267
