nohup: ignoring input
Using Device: cuda
Model: abmil-cox-topk | Implementation: original | k: 512
Checkpoints: /home/gly001/cqj/pa_ct_surv/checkpoints/pact_v2/pathology/abmil_topk512/seed2024
Results:     /home/gly001/cqj/pa_ct_surv/results/pact_v2/pathology/abmil_topk512/seed2024
Loaded 797 samples
Locked split from dataset CSV: train=642, test=155
Test set is not accessed during CV

==================================================
Fold 1/5
==================================================
Epoch 1/30 | Train Loss: 3.4925 | Train C-index: 0.7205 | Val Loss: 4.1696 | Val C-index: 0.7171
Epoch 2/30 | Train Loss: 3.3793 | Train C-index: 0.7329 | Val Loss: 4.0956 | Val C-index: 0.7141
Epoch 3/30 | Train Loss: 3.3003 | Train C-index: 0.7440 | Val Loss: 4.0515 | Val C-index: 0.7194
Epoch 4/30 | Train Loss: 3.2393 | Train C-index: 0.7568 | Val Loss: 4.0641 | Val C-index: 0.7201
Epoch 5/30 | Train Loss: 3.1986 | Train C-index: 0.7664 | Val Loss: 4.1231 | Val C-index: 0.7088
Epoch 6/30 | Train Loss: 3.1575 | Train C-index: 0.7776 | Val Loss: 4.1486 | Val C-index: 0.7081
Epoch 7/30 | Train Loss: 3.1276 | Train C-index: 0.7891 | Val Loss: 4.1319 | Val C-index: 0.7111
Epoch 8/30 | Train Loss: 3.0780 | Train C-index: 0.8003 | Val Loss: 4.1680 | Val C-index: 0.7067
Epoch 9/30 | Train Loss: 3.0379 | Train C-index: 0.8100 | Val Loss: 4.1775 | Val C-index: 0.7025
Epoch 10/30 | Train Loss: 3.0014 | Train C-index: 0.8173 | Val Loss: 4.2433 | Val C-index: 0.7000
Epoch 11/30 | Train Loss: 2.9596 | Train C-index: 0.8232 | Val Loss: 4.2309 | Val C-index: 0.7090
Epoch 12/30 | Train Loss: 2.9257 | Train C-index: 0.8325 | Val Loss: 4.3343 | Val C-index: 0.6937
Epoch 13/30 | Train Loss: 2.8805 | Train C-index: 0.8407 | Val Loss: 4.3095 | Val C-index: 0.7063
Epoch 14/30 | Train Loss: 2.8750 | Train C-index: 0.8465 | Val Loss: 4.4390 | Val C-index: 0.6954
Early stopping at epoch 14
Fold 0 final C-index: 0.7201

Extra survival metrics:
cutoff_from_train_median: -0.798583
n_test: 129
n_high_risk: 56
n_low_risk: 73
n_event_test: 50
logrank_stat: 27.565230
logrank_p: 0.000000
auc_36m: 0.769176
auc_60m: 0.757962
mean_auc: 0.766744
HR_high_vs_low: 4.562180
HR_95CI_lower: 2.453037
HR_95CI_upper: 8.484783
cox_p: 0.000002

==================================================
Fold 2/5
==================================================
Epoch 1/30 | Train Loss: 3.4077 | Train C-index: 0.7326 | Val Loss: 4.3150 | Val C-index: 0.7082
Epoch 2/30 | Train Loss: 3.2670 | Train C-index: 0.7434 | Val Loss: 4.2687 | Val C-index: 0.7078
Epoch 3/30 | Train Loss: 3.2164 | Train C-index: 0.7561 | Val Loss: 4.2673 | Val C-index: 0.7057
Epoch 4/30 | Train Loss: 3.1741 | Train C-index: 0.7711 | Val Loss: 4.2232 | Val C-index: 0.7237
Epoch 5/30 | Train Loss: 3.1445 | Train C-index: 0.7851 | Val Loss: 4.1902 | Val C-index: 0.7300
Epoch 6/30 | Train Loss: 3.0869 | Train C-index: 0.7943 | Val Loss: 4.1813 | Val C-index: 0.7318
Epoch 7/30 | Train Loss: 3.0559 | Train C-index: 0.8015 | Val Loss: 4.1789 | Val C-index: 0.7300
Epoch 8/30 | Train Loss: 3.0271 | Train C-index: 0.8102 | Val Loss: 4.1686 | Val C-index: 0.7283
Epoch 9/30 | Train Loss: 3.0020 | Train C-index: 0.8174 | Val Loss: 4.1888 | Val C-index: 0.7235
Epoch 10/30 | Train Loss: 2.9593 | Train C-index: 0.8231 | Val Loss: 4.2271 | Val C-index: 0.7188
Epoch 11/30 | Train Loss: 2.9409 | Train C-index: 0.8303 | Val Loss: 4.2699 | Val C-index: 0.7186
Epoch 12/30 | Train Loss: 2.9002 | Train C-index: 0.8396 | Val Loss: 4.2144 | Val C-index: 0.7186
Epoch 13/30 | Train Loss: 2.8714 | Train C-index: 0.8448 | Val Loss: 4.1961 | Val C-index: 0.7283
Epoch 14/30 | Train Loss: 2.8418 | Train C-index: 0.8513 | Val Loss: 4.2123 | Val C-index: 0.7231
Epoch 15/30 | Train Loss: 2.8060 | Train C-index: 0.8539 | Val Loss: 4.3522 | Val C-index: 0.7190
Epoch 16/30 | Train Loss: 2.7522 | Train C-index: 0.8606 | Val Loss: 4.3026 | Val C-index: 0.7165
Early stopping at epoch 16
Fold 1 final C-index: 0.7318

Extra survival metrics:
cutoff_from_train_median: -0.704046
n_test: 129
n_high_risk: 75
n_low_risk: 54
n_event_test: 51
logrank_stat: 12.815020
logrank_p: 0.000344
auc_36m: 0.755257
auc_60m: 0.725901
mean_auc: 0.747290
HR_high_vs_low: 3.086285
HR_95CI_lower: 1.612447
HR_95CI_upper: 5.907265
cox_p: 0.000668

==================================================
Fold 3/5
==================================================
Epoch 1/30 | Train Loss: 3.4423 | Train C-index: 0.7410 | Val Loss: 4.3966 | Val C-index: 0.6907
Epoch 2/30 | Train Loss: 3.3593 | Train C-index: 0.7557 | Val Loss: 4.3301 | Val C-index: 0.7072
Epoch 3/30 | Train Loss: 3.2092 | Train C-index: 0.7617 | Val Loss: 4.3274 | Val C-index: 0.7170
Epoch 4/30 | Train Loss: 3.2218 | Train C-index: 0.7733 | Val Loss: 4.3341 | Val C-index: 0.7200
Epoch 5/30 | Train Loss: 3.1205 | Train C-index: 0.7858 | Val Loss: 4.3563 | Val C-index: 0.7206
Epoch 6/30 | Train Loss: 3.0832 | Train C-index: 0.7990 | Val Loss: 4.3194 | Val C-index: 0.7256
Epoch 7/30 | Train Loss: 3.0332 | Train C-index: 0.8080 | Val Loss: 4.3365 | Val C-index: 0.7223
Epoch 8/30 | Train Loss: 2.9893 | Train C-index: 0.8174 | Val Loss: 4.3783 | Val C-index: 0.7206
Epoch 9/30 | Train Loss: 2.9402 | Train C-index: 0.8274 | Val Loss: 4.4073 | Val C-index: 0.7206
Epoch 10/30 | Train Loss: 3.0216 | Train C-index: 0.8336 | Val Loss: 4.4568 | Val C-index: 0.7078
Epoch 11/30 | Train Loss: 2.8736 | Train C-index: 0.8429 | Val Loss: 4.4822 | Val C-index: 0.7108
Epoch 12/30 | Train Loss: 2.8420 | Train C-index: 0.8487 | Val Loss: 4.5379 | Val C-index: 0.7089
Epoch 13/30 | Train Loss: 2.7918 | Train C-index: 0.8537 | Val Loss: 4.6094 | Val C-index: 0.7036
Epoch 14/30 | Train Loss: 2.8550 | Train C-index: 0.8583 | Val Loss: 4.6792 | Val C-index: 0.7026
Epoch 15/30 | Train Loss: 2.7354 | Train C-index: 0.8644 | Val Loss: 4.7453 | Val C-index: 0.6766
Epoch 16/30 | Train Loss: 2.7064 | Train C-index: 0.8686 | Val Loss: 4.7552 | Val C-index: 0.6953
Early stopping at epoch 16
Fold 2 final C-index: 0.7256

Extra survival metrics:
cutoff_from_train_median: -0.945773
n_test: 128
n_high_risk: 62
n_low_risk: 66
n_event_test: 50
logrank_stat: 18.569204
logrank_p: 0.000016
auc_36m: 0.779214
auc_60m: 0.750007
mean_auc: 0.773517
HR_high_vs_low: 3.511264
HR_95CI_lower: 1.911757
HR_95CI_upper: 6.449027
cox_p: 0.000051

==================================================
Fold 4/5
==================================================
Epoch 1/30 | Train Loss: 3.5815 | Train C-index: 0.7084 | Val Loss: 4.0634 | Val C-index: 0.7713
Epoch 2/30 | Train Loss: 3.4958 | Train C-index: 0.7317 | Val Loss: 3.9178 | Val C-index: 0.7792
Epoch 3/30 | Train Loss: 3.3284 | Train C-index: 0.7393 | Val Loss: 3.8271 | Val C-index: 0.7818
Epoch 4/30 | Train Loss: 3.4689 | Train C-index: 0.7563 | Val Loss: 3.8120 | Val C-index: 0.7761
Epoch 5/30 | Train Loss: 3.2474 | Train C-index: 0.7658 | Val Loss: 3.8463 | Val C-index: 0.7710
Epoch 6/30 | Train Loss: 3.2255 | Train C-index: 0.7735 | Val Loss: 3.8633 | Val C-index: 0.7598
Epoch 7/30 | Train Loss: 3.2040 | Train C-index: 0.7816 | Val Loss: 3.8536 | Val C-index: 0.7538
Epoch 8/30 | Train Loss: 3.1523 | Train C-index: 0.7883 | Val Loss: 3.8324 | Val C-index: 0.7562
Epoch 9/30 | Train Loss: 3.1399 | Train C-index: 0.7997 | Val Loss: 3.8114 | Val C-index: 0.7648
Epoch 10/30 | Train Loss: 3.0796 | Train C-index: 0.8078 | Val Loss: 3.8336 | Val C-index: 0.7531
Epoch 11/30 | Train Loss: 3.0492 | Train C-index: 0.8174 | Val Loss: 3.8533 | Val C-index: 0.7495
Epoch 12/30 | Train Loss: 3.0159 | Train C-index: 0.8263 | Val Loss: 3.8672 | Val C-index: 0.7427
Epoch 13/30 | Train Loss: 2.9799 | Train C-index: 0.8334 | Val Loss: 3.8730 | Val C-index: 0.7444
Early stopping at epoch 13
Fold 3 final C-index: 0.7818

Extra survival metrics:
cutoff_from_train_median: -0.629542
n_test: 128
n_high_risk: 64
n_low_risk: 64
n_event_test: 50
logrank_stat: 25.558686
logrank_p: 0.000000
auc_36m: 0.822409
auc_60m: 0.802362
mean_auc: 0.817625
HR_high_vs_low: 5.440229
HR_95CI_lower: 2.617605
HR_95CI_upper: 11.306551
cox_p: 0.000006

==================================================
Fold 5/5
==================================================
Epoch 1/30 | Train Loss: 3.4790 | Train C-index: 0.7318 | Val Loss: 4.2620 | Val C-index: 0.6782
Epoch 2/30 | Train Loss: 3.3779 | Train C-index: 0.7357 | Val Loss: 4.2911 | Val C-index: 0.6839
Epoch 3/30 | Train Loss: 3.2610 | Train C-index: 0.7438 | Val Loss: 4.3186 | Val C-index: 0.6878
Epoch 4/30 | Train Loss: 3.2534 | Train C-index: 0.7623 | Val Loss: 4.2891 | Val C-index: 0.6919
Epoch 5/30 | Train Loss: 3.2087 | Train C-index: 0.7780 | Val Loss: 4.2794 | Val C-index: 0.6962
Epoch 6/30 | Train Loss: 3.1302 | Train C-index: 0.7865 | Val Loss: 4.2911 | Val C-index: 0.6974
Epoch 7/30 | Train Loss: 3.0920 | Train C-index: 0.8003 | Val Loss: 4.2888 | Val C-index: 0.7008
Epoch 8/30 | Train Loss: 3.0563 | Train C-index: 0.8108 | Val Loss: 4.3034 | Val C-index: 0.7015
Epoch 9/30 | Train Loss: 3.0486 | Train C-index: 0.8162 | Val Loss: 4.3355 | Val C-index: 0.7017
Epoch 10/30 | Train Loss: 2.9862 | Train C-index: 0.8252 | Val Loss: 4.3568 | Val C-index: 0.7038
Epoch 11/30 | Train Loss: 2.9868 | Train C-index: 0.8326 | Val Loss: 4.3765 | Val C-index: 0.7024
Epoch 12/30 | Train Loss: 2.9272 | Train C-index: 0.8367 | Val Loss: 4.4087 | Val C-index: 0.7015
Epoch 13/30 | Train Loss: 3.0480 | Train C-index: 0.8452 | Val Loss: 4.3987 | Val C-index: 0.6999
Epoch 14/30 | Train Loss: 2.8633 | Train C-index: 0.8500 | Val Loss: 4.3993 | Val C-index: 0.7015
Epoch 15/30 | Train Loss: 2.8328 | Train C-index: 0.8537 | Val Loss: 4.4367 | Val C-index: 0.6976
Epoch 16/30 | Train Loss: 2.7918 | Train C-index: 0.8595 | Val Loss: 4.4264 | Val C-index: 0.6951
Epoch 17/30 | Train Loss: 2.7632 | Train C-index: 0.8612 | Val Loss: 4.5070 | Val C-index: 0.6978
Epoch 18/30 | Train Loss: 2.7376 | Train C-index: 0.8708 | Val Loss: 4.4777 | Val C-index: 0.6955
Epoch 19/30 | Train Loss: 2.7114 | Train C-index: 0.8671 | Val Loss: 4.6343 | Val C-index: 0.7019
Epoch 20/30 | Train Loss: 2.6982 | Train C-index: 0.8721 | Val Loss: 4.5443 | Val C-index: 0.6926
Early stopping at epoch 20
Fold 4 final C-index: 0.7038

Extra survival metrics:
cutoff_from_train_median: -1.089006
n_test: 128
n_high_risk: 68
n_low_risk: 60
n_event_test: 50
logrank_stat: 11.734994
logrank_p: 0.000613
auc_36m: 0.762644
auc_60m: 0.691679
mean_auc: 0.737320
HR_high_vs_low: 2.821875
HR_95CI_lower: 1.517921
HR_95CI_upper: 5.245977
cox_p: 0.001041

==================================================
5-Fold CV Summary
==================================================
  C-index: 0.7326 +/- 0.0294
