nohup: ignoring input
Using Device: cuda
Model: abmil-cox | Implementation: original
Checkpoints: /home/gly001/cqj/pa_ct_surv/checkpoints/pact_v2/pathology/abmil_all/seed123
Results:     /home/gly001/cqj/pa_ct_surv/results/pact_v2/pathology/abmil_all/seed123
Loaded 797 samples
Locked split from dataset CSV: train=642, test=155
Test set is not accessed during CV

==================================================
Fold 1/5
==================================================
Epoch 1/30 | Train Loss: 3.4929 | Train C-index: 0.7250 | Val Loss: 4.1874 | Val C-index: 0.6690
Epoch 2/30 | Train Loss: 3.3827 | Train C-index: 0.7326 | Val Loss: 4.1357 | Val C-index: 0.6755
Epoch 3/30 | Train Loss: 3.3079 | Train C-index: 0.7394 | Val Loss: 4.1272 | Val C-index: 0.6822
Epoch 4/30 | Train Loss: 3.2835 | Train C-index: 0.7453 | Val Loss: 4.1413 | Val C-index: 0.6813
Epoch 5/30 | Train Loss: 3.2497 | Train C-index: 0.7535 | Val Loss: 4.1339 | Val C-index: 0.6863
Epoch 6/30 | Train Loss: 3.2173 | Train C-index: 0.7620 | Val Loss: 4.1240 | Val C-index: 0.6891
Epoch 7/30 | Train Loss: 3.1943 | Train C-index: 0.7699 | Val Loss: 4.1189 | Val C-index: 0.6903
Epoch 8/30 | Train Loss: 3.1618 | Train C-index: 0.7779 | Val Loss: 4.1095 | Val C-index: 0.6940
Epoch 9/30 | Train Loss: 3.1394 | Train C-index: 0.7842 | Val Loss: 4.1099 | Val C-index: 0.6965
Epoch 10/30 | Train Loss: 3.1055 | Train C-index: 0.7908 | Val Loss: 4.1089 | Val C-index: 0.7007
Epoch 11/30 | Train Loss: 3.1008 | Train C-index: 0.7958 | Val Loss: 4.1057 | Val C-index: 0.7025
Epoch 12/30 | Train Loss: 3.0623 | Train C-index: 0.8006 | Val Loss: 4.1112 | Val C-index: 0.7083
Epoch 13/30 | Train Loss: 3.0330 | Train C-index: 0.8062 | Val Loss: 4.1145 | Val C-index: 0.7146
Epoch 14/30 | Train Loss: 3.0197 | Train C-index: 0.8113 | Val Loss: 4.1290 | Val C-index: 0.7171
Epoch 15/30 | Train Loss: 2.9690 | Train C-index: 0.8176 | Val Loss: 4.1437 | Val C-index: 0.7211
Epoch 16/30 | Train Loss: 2.9768 | Train C-index: 0.8233 | Val Loss: 4.1565 | Val C-index: 0.7215
Epoch 17/30 | Train Loss: 2.9265 | Train C-index: 0.8297 | Val Loss: 4.1720 | Val C-index: 0.7225
Epoch 18/30 | Train Loss: 2.9018 | Train C-index: 0.8362 | Val Loss: 4.1851 | Val C-index: 0.7257
Epoch 19/30 | Train Loss: 2.8659 | Train C-index: 0.8424 | Val Loss: 4.2117 | Val C-index: 0.7225
Epoch 20/30 | Train Loss: 2.8481 | Train C-index: 0.8491 | Val Loss: 4.2188 | Val C-index: 0.7248
Epoch 21/30 | Train Loss: 2.8253 | Train C-index: 0.8563 | Val Loss: 4.2321 | Val C-index: 0.7269
Epoch 22/30 | Train Loss: 2.7955 | Train C-index: 0.8608 | Val Loss: 4.2740 | Val C-index: 0.7241
Epoch 23/30 | Train Loss: 2.7534 | Train C-index: 0.8666 | Val Loss: 4.3041 | Val C-index: 0.7231
Epoch 24/30 | Train Loss: 2.7281 | Train C-index: 0.8721 | Val Loss: 4.3411 | Val C-index: 0.7208
Epoch 25/30 | Train Loss: 2.7116 | Train C-index: 0.8761 | Val Loss: 4.4189 | Val C-index: 0.7157
Epoch 26/30 | Train Loss: 2.6621 | Train C-index: 0.8807 | Val Loss: 4.4392 | Val C-index: 0.7160
Epoch 27/30 | Train Loss: 2.6394 | Train C-index: 0.8869 | Val Loss: 4.4362 | Val C-index: 0.7144
Epoch 28/30 | Train Loss: 2.6197 | Train C-index: 0.8909 | Val Loss: 4.4965 | Val C-index: 0.7153
Epoch 29/30 | Train Loss: 2.5690 | Train C-index: 0.8944 | Val Loss: 4.5497 | Val C-index: 0.7127
Epoch 30/30 | Train Loss: 2.5310 | Train C-index: 0.9000 | Val Loss: 4.5578 | Val C-index: 0.7167
Fold 0 final C-index: 0.7269

Extra survival metrics:
cutoff_from_train_median: -1.499223
n_test: 129
n_high_risk: 54
n_low_risk: 75
n_event_test: 50
logrank_stat: 35.142422
logrank_p: 0.000000
auc_36m: 0.800109
auc_60m: 0.775750
mean_auc: 0.794826
HR_high_vs_low: 5.418188
HR_95CI_lower: 2.905590
HR_95CI_upper: 10.103546
cox_p: 0.000000

==================================================
Fold 2/5
==================================================
Epoch 1/30 | Train Loss: 3.4293 | Train C-index: 0.7243 | Val Loss: 4.3517 | Val C-index: 0.7105
Epoch 2/30 | Train Loss: 3.3324 | Train C-index: 0.7349 | Val Loss: 4.2825 | Val C-index: 0.7078
Epoch 3/30 | Train Loss: 3.2670 | Train C-index: 0.7408 | Val Loss: 4.2568 | Val C-index: 0.7086
Epoch 4/30 | Train Loss: 3.2446 | Train C-index: 0.7474 | Val Loss: 4.2475 | Val C-index: 0.7096
Epoch 5/30 | Train Loss: 3.2185 | Train C-index: 0.7563 | Val Loss: 4.2416 | Val C-index: 0.7071
Epoch 6/30 | Train Loss: 3.1828 | Train C-index: 0.7658 | Val Loss: 4.2336 | Val C-index: 0.7121
Epoch 7/30 | Train Loss: 3.1616 | Train C-index: 0.7755 | Val Loss: 4.2216 | Val C-index: 0.7113
Epoch 8/30 | Train Loss: 3.1158 | Train C-index: 0.7830 | Val Loss: 4.2193 | Val C-index: 0.7073
Epoch 9/30 | Train Loss: 3.0970 | Train C-index: 0.7893 | Val Loss: 4.2213 | Val C-index: 0.7030
Epoch 10/30 | Train Loss: 3.0762 | Train C-index: 0.7949 | Val Loss: 4.2218 | Val C-index: 0.7038
Epoch 11/30 | Train Loss: 3.0433 | Train C-index: 0.7999 | Val Loss: 4.2236 | Val C-index: 0.7040
Epoch 12/30 | Train Loss: 3.0270 | Train C-index: 0.8047 | Val Loss: 4.2339 | Val C-index: 0.7055
Epoch 13/30 | Train Loss: 2.9957 | Train C-index: 0.8114 | Val Loss: 4.2386 | Val C-index: 0.7011
Epoch 14/30 | Train Loss: 2.9723 | Train C-index: 0.8177 | Val Loss: 4.2370 | Val C-index: 0.7005
Epoch 15/30 | Train Loss: 2.9627 | Train C-index: 0.8227 | Val Loss: 4.2406 | Val C-index: 0.7040
Epoch 16/30 | Train Loss: 2.9127 | Train C-index: 0.8269 | Val Loss: 4.2488 | Val C-index: 0.7094
Early stopping at epoch 16
Fold 1 final C-index: 0.7121

Extra survival metrics:
cutoff_from_train_median: -0.848707
n_test: 129
n_high_risk: 77
n_low_risk: 52
n_event_test: 51
logrank_stat: 15.819940
logrank_p: 0.000070
auc_36m: 0.731030
auc_60m: 0.716430
mean_auc: 0.727068
HR_high_vs_low: 3.724118
HR_95CI_lower: 1.860416
HR_95CI_upper: 7.454812
cox_p: 0.000205

==================================================
Fold 3/5
==================================================
Epoch 1/30 | Train Loss: 3.5666 | Train C-index: 0.7239 | Val Loss: 4.3970 | Val C-index: 0.6865
Epoch 2/30 | Train Loss: 3.4383 | Train C-index: 0.7302 | Val Loss: 4.3514 | Val C-index: 0.6961
Epoch 3/30 | Train Loss: 3.2980 | Train C-index: 0.7357 | Val Loss: 4.3383 | Val C-index: 0.6953
Epoch 4/30 | Train Loss: 3.2371 | Train C-index: 0.7418 | Val Loss: 4.3461 | Val C-index: 0.6942
Epoch 5/30 | Train Loss: 3.2279 | Train C-index: 0.7480 | Val Loss: 4.3605 | Val C-index: 0.6957
Epoch 6/30 | Train Loss: 3.1738 | Train C-index: 0.7546 | Val Loss: 4.3655 | Val C-index: 0.6986
Epoch 7/30 | Train Loss: 3.2927 | Train C-index: 0.7610 | Val Loss: 4.3702 | Val C-index: 0.6986
Epoch 8/30 | Train Loss: 3.1454 | Train C-index: 0.7651 | Val Loss: 4.3735 | Val C-index: 0.6992
Epoch 9/30 | Train Loss: 3.2061 | Train C-index: 0.7714 | Val Loss: 4.3720 | Val C-index: 0.6986
Epoch 10/30 | Train Loss: 3.1892 | Train C-index: 0.7770 | Val Loss: 4.3704 | Val C-index: 0.6984
Epoch 11/30 | Train Loss: 3.1710 | Train C-index: 0.7819 | Val Loss: 4.3704 | Val C-index: 0.7015
Epoch 12/30 | Train Loss: 3.2300 | Train C-index: 0.7868 | Val Loss: 4.3746 | Val C-index: 0.7030
Epoch 13/30 | Train Loss: 3.2142 | Train C-index: 0.7941 | Val Loss: 4.3674 | Val C-index: 0.7001
Epoch 14/30 | Train Loss: 3.1791 | Train C-index: 0.8011 | Val Loss: 4.3611 | Val C-index: 0.7001
Epoch 15/30 | Train Loss: 3.2121 | Train C-index: 0.8040 | Val Loss: 4.3608 | Val C-index: 0.6932
Epoch 16/30 | Train Loss: 3.0391 | Train C-index: 0.8052 | Val Loss: 4.3769 | Val C-index: 0.6925
Epoch 17/30 | Train Loss: 2.9978 | Train C-index: 0.8074 | Val Loss: 4.3935 | Val C-index: 0.6949
Epoch 18/30 | Train Loss: 2.9766 | Train C-index: 0.8112 | Val Loss: 4.4112 | Val C-index: 0.6951
Epoch 19/30 | Train Loss: 2.9483 | Train C-index: 0.8146 | Val Loss: 4.4320 | Val C-index: 0.6959
Epoch 20/30 | Train Loss: 2.9708 | Train C-index: 0.8201 | Val Loss: 4.4394 | Val C-index: 0.6940
Epoch 21/30 | Train Loss: 2.9277 | Train C-index: 0.8239 | Val Loss: 4.4478 | Val C-index: 0.6946
Epoch 22/30 | Train Loss: 2.8956 | Train C-index: 0.8286 | Val Loss: 4.4574 | Val C-index: 0.6934
Early stopping at epoch 22
Fold 2 final C-index: 0.7030

Extra survival metrics:
cutoff_from_train_median: -0.928964
n_test: 128
n_high_risk: 64
n_low_risk: 64
n_event_test: 50
logrank_stat: 14.597352
logrank_p: 0.000133
auc_36m: 0.760738
auc_60m: 0.740032
mean_auc: 0.756700
HR_high_vs_low: 3.032036
HR_95CI_lower: 1.668231
HR_95CI_upper: 5.510771
cox_p: 0.000274

==================================================
Fold 4/5
==================================================
Epoch 1/30 | Train Loss: 3.5836 | Train C-index: 0.7134 | Val Loss: 4.0392 | Val C-index: 0.7567
Epoch 2/30 | Train Loss: 3.4000 | Train C-index: 0.7224 | Val Loss: 3.9533 | Val C-index: 0.7605
Epoch 3/30 | Train Loss: 3.4345 | Train C-index: 0.7286 | Val Loss: 3.9097 | Val C-index: 0.7588
Epoch 4/30 | Train Loss: 3.3157 | Train C-index: 0.7355 | Val Loss: 3.8934 | Val C-index: 0.7612
Epoch 5/30 | Train Loss: 3.4497 | Train C-index: 0.7427 | Val Loss: 3.8967 | Val C-index: 0.7550
Epoch 6/30 | Train Loss: 3.3690 | Train C-index: 0.7478 | Val Loss: 3.9061 | Val C-index: 0.7473
Epoch 7/30 | Train Loss: 3.2383 | Train C-index: 0.7539 | Val Loss: 3.9053 | Val C-index: 0.7471
Epoch 8/30 | Train Loss: 3.2610 | Train C-index: 0.7601 | Val Loss: 3.9097 | Val C-index: 0.7454
Epoch 9/30 | Train Loss: 3.2321 | Train C-index: 0.7664 | Val Loss: 3.9019 | Val C-index: 0.7449
Epoch 10/30 | Train Loss: 3.1890 | Train C-index: 0.7742 | Val Loss: 3.8910 | Val C-index: 0.7473
Epoch 11/30 | Train Loss: 3.2231 | Train C-index: 0.7809 | Val Loss: 3.8808 | Val C-index: 0.7473
Epoch 12/30 | Train Loss: 3.1741 | Train C-index: 0.7863 | Val Loss: 3.8679 | Val C-index: 0.7502
Epoch 13/30 | Train Loss: 3.1248 | Train C-index: 0.7913 | Val Loss: 3.8606 | Val C-index: 0.7499
Epoch 14/30 | Train Loss: 3.1198 | Train C-index: 0.7957 | Val Loss: 3.8602 | Val C-index: 0.7528
Early stopping at epoch 14
Fold 3 final C-index: 0.7612

Extra survival metrics:
cutoff_from_train_median: -0.651213
n_test: 128
n_high_risk: 60
n_low_risk: 68
n_event_test: 50
logrank_stat: 29.206283
logrank_p: 0.000000
auc_36m: 0.815718
auc_60m: 0.770934
mean_auc: 0.805031
HR_high_vs_low: 5.948347
HR_95CI_lower: 2.865870
HR_95CI_upper: 12.346276
cox_p: 0.000002

==================================================
Fold 5/5
==================================================
Epoch 1/30 | Train Loss: 3.5644 | Train C-index: 0.7203 | Val Loss: 4.2530 | Val C-index: 0.6967
Epoch 2/30 | Train Loss: 3.4130 | Train C-index: 0.7284 | Val Loss: 4.2079 | Val C-index: 0.7040
Epoch 3/30 | Train Loss: 3.3347 | Train C-index: 0.7341 | Val Loss: 4.1953 | Val C-index: 0.7063
Epoch 4/30 | Train Loss: 3.3237 | Train C-index: 0.7388 | Val Loss: 4.1973 | Val C-index: 0.7109
Epoch 5/30 | Train Loss: 3.5096 | Train C-index: 0.7452 | Val Loss: 4.1899 | Val C-index: 0.7150
Epoch 6/30 | Train Loss: 3.2315 | Train C-index: 0.7520 | Val Loss: 4.1738 | Val C-index: 0.7227
Epoch 7/30 | Train Loss: 3.2506 | Train C-index: 0.7588 | Val Loss: 4.1636 | Val C-index: 0.7253
Epoch 8/30 | Train Loss: 3.2394 | Train C-index: 0.7658 | Val Loss: 4.1583 | Val C-index: 0.7294
Epoch 9/30 | Train Loss: 3.2592 | Train C-index: 0.7724 | Val Loss: 4.1534 | Val C-index: 0.7326
Epoch 10/30 | Train Loss: 3.2215 | Train C-index: 0.7786 | Val Loss: 4.1443 | Val C-index: 0.7367
Epoch 11/30 | Train Loss: 3.1435 | Train C-index: 0.7831 | Val Loss: 4.1456 | Val C-index: 0.7365
Epoch 12/30 | Train Loss: 3.1255 | Train C-index: 0.7878 | Val Loss: 4.1547 | Val C-index: 0.7346
Epoch 13/30 | Train Loss: 3.0896 | Train C-index: 0.7938 | Val Loss: 4.1635 | Val C-index: 0.7333
Epoch 14/30 | Train Loss: 3.0785 | Train C-index: 0.8001 | Val Loss: 4.1776 | Val C-index: 0.7314
Epoch 15/30 | Train Loss: 3.0335 | Train C-index: 0.8052 | Val Loss: 4.1976 | Val C-index: 0.7253
Epoch 16/30 | Train Loss: 3.1371 | Train C-index: 0.8108 | Val Loss: 4.2059 | Val C-index: 0.7216
Epoch 17/30 | Train Loss: 2.9946 | Train C-index: 0.8172 | Val Loss: 4.2088 | Val C-index: 0.7147
Epoch 18/30 | Train Loss: 2.9687 | Train C-index: 0.8230 | Val Loss: 4.2079 | Val C-index: 0.7161
Epoch 19/30 | Train Loss: 2.9863 | Train C-index: 0.8275 | Val Loss: 4.2217 | Val C-index: 0.7150
Epoch 20/30 | Train Loss: 2.9327 | Train C-index: 0.8314 | Val Loss: 4.2264 | Val C-index: 0.7159
Early stopping at epoch 20
Fold 4 final C-index: 0.7367

Extra survival metrics:
cutoff_from_train_median: -0.904708
n_test: 128
n_high_risk: 63
n_low_risk: 65
n_event_test: 50
logrank_stat: 19.774198
logrank_p: 0.000009
auc_36m: 0.815521
auc_60m: 0.759276
mean_auc: 0.795449
HR_high_vs_low: 3.823212
HR_95CI_lower: 2.025891
HR_95CI_upper: 7.215074
cox_p: 0.000035

==================================================
5-Fold CV Summary
==================================================
  C-index: 0.7280 +/- 0.0227
