nohup: ignoring input
Using Device: cuda
Model: gabmil-cox-topk | Implementation: original | k: 512
Checkpoints: /home/gly001/cqj/pa_ct_surv/checkpoints/pact_v2/pathology/gabmil_topk512/seed42
Results:     /home/gly001/cqj/pa_ct_surv/results/pact_v2/pathology/gabmil_topk512/seed42
Loaded 797 samples
Locked split from dataset CSV: train=642, test=155
Test set is not accessed during CV

==================================================
Fold 1/5
==================================================
Epoch 1/30 | Train Loss: 3.4739 | Train C-index: 0.7234 | Val Loss: 4.1495 | Val C-index: 0.6912
Epoch 2/30 | Train Loss: 3.3587 | Train C-index: 0.7410 | Val Loss: 4.0907 | Val C-index: 0.6949
Epoch 3/30 | Train Loss: 3.2859 | Train C-index: 0.7561 | Val Loss: 4.1039 | Val C-index: 0.6963
Epoch 4/30 | Train Loss: 3.2272 | Train C-index: 0.7705 | Val Loss: 4.1188 | Val C-index: 0.6887
Epoch 5/30 | Train Loss: 3.1781 | Train C-index: 0.7799 | Val Loss: 4.1382 | Val C-index: 0.6852
Epoch 6/30 | Train Loss: 3.1258 | Train C-index: 0.7899 | Val Loss: 4.1465 | Val C-index: 0.6861
Epoch 7/30 | Train Loss: 3.0851 | Train C-index: 0.7996 | Val Loss: 4.1474 | Val C-index: 0.6949
Epoch 8/30 | Train Loss: 3.0473 | Train C-index: 0.8116 | Val Loss: 4.1319 | Val C-index: 0.6984
Epoch 9/30 | Train Loss: 3.0016 | Train C-index: 0.8200 | Val Loss: 4.1296 | Val C-index: 0.6998
Epoch 10/30 | Train Loss: 2.9713 | Train C-index: 0.8247 | Val Loss: 4.1906 | Val C-index: 0.6979
Epoch 11/30 | Train Loss: 2.9367 | Train C-index: 0.8338 | Val Loss: 4.1603 | Val C-index: 0.7019
Epoch 12/30 | Train Loss: 2.8866 | Train C-index: 0.8436 | Val Loss: 4.1707 | Val C-index: 0.7046
Epoch 13/30 | Train Loss: 2.8425 | Train C-index: 0.8466 | Val Loss: 4.2493 | Val C-index: 0.7051
Epoch 14/30 | Train Loss: 2.8422 | Train C-index: 0.8567 | Val Loss: 4.2412 | Val C-index: 0.7019
Epoch 15/30 | Train Loss: 2.7823 | Train C-index: 0.8612 | Val Loss: 4.3044 | Val C-index: 0.6984
Epoch 16/30 | Train Loss: 2.7378 | Train C-index: 0.8620 | Val Loss: 4.3050 | Val C-index: 0.7032
Epoch 17/30 | Train Loss: 2.7117 | Train C-index: 0.8685 | Val Loss: 4.3540 | Val C-index: 0.6956
Epoch 18/30 | Train Loss: 2.6952 | Train C-index: 0.8736 | Val Loss: 4.3678 | Val C-index: 0.7019
Epoch 19/30 | Train Loss: 2.6493 | Train C-index: 0.8746 | Val Loss: 4.4855 | Val C-index: 0.6894
Epoch 20/30 | Train Loss: 2.6155 | Train C-index: 0.8878 | Val Loss: 4.5440 | Val C-index: 0.7002
Epoch 21/30 | Train Loss: 2.5866 | Train C-index: 0.8934 | Val Loss: 4.5435 | Val C-index: 0.6887
Epoch 22/30 | Train Loss: 2.5441 | Train C-index: 0.8979 | Val Loss: 4.6105 | Val C-index: 0.6866
Epoch 23/30 | Train Loss: 2.5225 | Train C-index: 0.9029 | Val Loss: 4.8345 | Val C-index: 0.6907
Early stopping at epoch 23
Fold 0 final C-index: 0.7051

Extra survival metrics:
cutoff_from_train_median: -1.378289
n_test: 129
n_high_risk: 59
n_low_risk: 70
n_event_test: 50
logrank_stat: 19.665665
logrank_p: 0.000009
auc_36m: 0.765016
auc_60m: 0.732732
mean_auc: 0.758014
HR_high_vs_low: 3.623907
HR_95CI_lower: 1.973545
HR_95CI_upper: 6.654373
cox_p: 0.000033

==================================================
Fold 2/5
==================================================
Epoch 1/30 | Train Loss: 3.4441 | Train C-index: 0.7206 | Val Loss: 4.3349 | Val C-index: 0.7082
Epoch 2/30 | Train Loss: 3.3074 | Train C-index: 0.7295 | Val Loss: 4.2779 | Val C-index: 0.7142
Epoch 3/30 | Train Loss: 3.2317 | Train C-index: 0.7460 | Val Loss: 4.2672 | Val C-index: 0.7130
Epoch 4/30 | Train Loss: 3.2050 | Train C-index: 0.7625 | Val Loss: 4.2420 | Val C-index: 0.7183
Epoch 5/30 | Train Loss: 3.1401 | Train C-index: 0.7751 | Val Loss: 4.2246 | Val C-index: 0.7188
Epoch 6/30 | Train Loss: 3.1276 | Train C-index: 0.7836 | Val Loss: 4.2276 | Val C-index: 0.7146
Epoch 7/30 | Train Loss: 3.0843 | Train C-index: 0.7933 | Val Loss: 4.2134 | Val C-index: 0.7254
Epoch 8/30 | Train Loss: 3.0406 | Train C-index: 0.8040 | Val Loss: 4.2186 | Val C-index: 0.7250
Epoch 9/30 | Train Loss: 3.0014 | Train C-index: 0.8132 | Val Loss: 4.2221 | Val C-index: 0.7316
Epoch 10/30 | Train Loss: 2.9496 | Train C-index: 0.8202 | Val Loss: 4.2409 | Val C-index: 0.7335
Epoch 11/30 | Train Loss: 2.9298 | Train C-index: 0.8287 | Val Loss: 4.2708 | Val C-index: 0.7339
Epoch 12/30 | Train Loss: 2.8948 | Train C-index: 0.8322 | Val Loss: 4.3166 | Val C-index: 0.7173
Epoch 13/30 | Train Loss: 2.8454 | Train C-index: 0.8434 | Val Loss: 4.3140 | Val C-index: 0.7352
Epoch 14/30 | Train Loss: 2.8226 | Train C-index: 0.8460 | Val Loss: 4.4091 | Val C-index: 0.7130
Epoch 15/30 | Train Loss: 2.7939 | Train C-index: 0.8572 | Val Loss: 4.3365 | Val C-index: 0.7293
Epoch 16/30 | Train Loss: 2.7636 | Train C-index: 0.8633 | Val Loss: 4.3573 | Val C-index: 0.7314
Epoch 17/30 | Train Loss: 2.7082 | Train C-index: 0.8687 | Val Loss: 4.4434 | Val C-index: 0.7269
Epoch 18/30 | Train Loss: 2.6828 | Train C-index: 0.8797 | Val Loss: 4.4583 | Val C-index: 0.7287
Epoch 19/30 | Train Loss: 2.6234 | Train C-index: 0.8842 | Val Loss: 4.5593 | Val C-index: 0.7306
Epoch 20/30 | Train Loss: 2.5771 | Train C-index: 0.8896 | Val Loss: 4.6209 | Val C-index: 0.7306
Epoch 21/30 | Train Loss: 2.5452 | Train C-index: 0.8923 | Val Loss: 4.7700 | Val C-index: 0.7267
Epoch 22/30 | Train Loss: 2.4841 | Train C-index: 0.9009 | Val Loss: 4.7749 | Val C-index: 0.7152
Epoch 23/30 | Train Loss: 2.4631 | Train C-index: 0.9032 | Val Loss: 5.0049 | Val C-index: 0.7229
Early stopping at epoch 23
Fold 1 final C-index: 0.7352

Extra survival metrics:
cutoff_from_train_median: -1.291588
n_test: 129
n_high_risk: 77
n_low_risk: 52
n_event_test: 51
logrank_stat: 23.514185
logrank_p: 0.000001
auc_36m: 0.772953
auc_60m: 0.723163
mean_auc: 0.759440
HR_high_vs_low: 5.760429
HR_95CI_lower: 2.589398
HR_95CI_upper: 12.814766
cox_p: 0.000018

==================================================
Fold 3/5
==================================================
Epoch 1/30 | Train Loss: 3.4142 | Train C-index: 0.7204 | Val Loss: 4.3563 | Val C-index: 0.6869
Epoch 2/30 | Train Loss: 3.2859 | Train C-index: 0.7325 | Val Loss: 4.3621 | Val C-index: 0.6835
Epoch 3/30 | Train Loss: 3.2464 | Train C-index: 0.7495 | Val Loss: 4.3751 | Val C-index: 0.6913
Epoch 4/30 | Train Loss: 3.2321 | Train C-index: 0.7701 | Val Loss: 4.3393 | Val C-index: 0.7020
Epoch 5/30 | Train Loss: 3.2307 | Train C-index: 0.7810 | Val Loss: 4.3502 | Val C-index: 0.7066
Epoch 6/30 | Train Loss: 3.0954 | Train C-index: 0.7860 | Val Loss: 4.3730 | Val C-index: 0.7055
Epoch 7/30 | Train Loss: 3.0654 | Train C-index: 0.7951 | Val Loss: 4.3615 | Val C-index: 0.7078
Epoch 8/30 | Train Loss: 3.0507 | Train C-index: 0.8052 | Val Loss: 4.3692 | Val C-index: 0.7047
Epoch 9/30 | Train Loss: 2.9961 | Train C-index: 0.8106 | Val Loss: 4.4475 | Val C-index: 0.6965
Epoch 10/30 | Train Loss: 3.0214 | Train C-index: 0.8179 | Val Loss: 4.4421 | Val C-index: 0.7135
Epoch 11/30 | Train Loss: 2.9581 | Train C-index: 0.8269 | Val Loss: 4.5034 | Val C-index: 0.7026
Epoch 12/30 | Train Loss: 2.9884 | Train C-index: 0.8345 | Val Loss: 4.5061 | Val C-index: 0.7007
Epoch 13/30 | Train Loss: 2.9362 | Train C-index: 0.8405 | Val Loss: 4.5595 | Val C-index: 0.6882
Epoch 14/30 | Train Loss: 2.9669 | Train C-index: 0.8450 | Val Loss: 4.6231 | Val C-index: 0.6840
Epoch 15/30 | Train Loss: 2.7843 | Train C-index: 0.8468 | Val Loss: 4.5474 | Val C-index: 0.6990
Epoch 16/30 | Train Loss: 2.7875 | Train C-index: 0.8520 | Val Loss: 4.6280 | Val C-index: 0.6823
Epoch 17/30 | Train Loss: 2.7768 | Train C-index: 0.8569 | Val Loss: 4.7725 | Val C-index: 0.6967
Epoch 18/30 | Train Loss: 2.7270 | Train C-index: 0.8612 | Val Loss: 4.9579 | Val C-index: 0.6852
Epoch 19/30 | Train Loss: 2.6782 | Train C-index: 0.8673 | Val Loss: 4.8941 | Val C-index: 0.6850
Epoch 20/30 | Train Loss: 2.6635 | Train C-index: 0.8716 | Val Loss: 4.9245 | Val C-index: 0.6829
Early stopping at epoch 20
Fold 2 final C-index: 0.7135

Extra survival metrics:
cutoff_from_train_median: -1.538570
n_test: 128
n_high_risk: 65
n_low_risk: 63
n_event_test: 50
logrank_stat: 20.168652
logrank_p: 0.000007
auc_36m: 0.768761
auc_60m: 0.742810
mean_auc: 0.763699
HR_high_vs_low: 3.869870
HR_95CI_lower: 2.050437
HR_95CI_upper: 7.303756
cox_p: 0.000030

==================================================
Fold 4/5
==================================================
Epoch 1/30 | Train Loss: 3.5987 | Train C-index: 0.7102 | Val Loss: 4.0407 | Val C-index: 0.7248
Epoch 2/30 | Train Loss: 3.3569 | Train C-index: 0.7196 | Val Loss: 3.9683 | Val C-index: 0.7356
Epoch 3/30 | Train Loss: 3.3469 | Train C-index: 0.7305 | Val Loss: 3.9808 | Val C-index: 0.7329
Epoch 4/30 | Train Loss: 3.3036 | Train C-index: 0.7412 | Val Loss: 3.9777 | Val C-index: 0.7202
Epoch 5/30 | Train Loss: 3.2761 | Train C-index: 0.7564 | Val Loss: 3.9792 | Val C-index: 0.7212
Epoch 6/30 | Train Loss: 3.2343 | Train C-index: 0.7688 | Val Loss: 4.0052 | Val C-index: 0.7281
Epoch 7/30 | Train Loss: 3.1745 | Train C-index: 0.7750 | Val Loss: 4.0322 | Val C-index: 0.7284
Epoch 8/30 | Train Loss: 3.1832 | Train C-index: 0.7865 | Val Loss: 4.0183 | Val C-index: 0.7284
Epoch 9/30 | Train Loss: 3.1164 | Train C-index: 0.7931 | Val Loss: 4.0341 | Val C-index: 0.7305
Epoch 10/30 | Train Loss: 3.0925 | Train C-index: 0.8001 | Val Loss: 4.0882 | Val C-index: 0.7250
Epoch 11/30 | Train Loss: 3.0605 | Train C-index: 0.8090 | Val Loss: 4.1093 | Val C-index: 0.7200
Epoch 12/30 | Train Loss: 3.0290 | Train C-index: 0.8190 | Val Loss: 4.0744 | Val C-index: 0.7224
Early stopping at epoch 12
Fold 3 final C-index: 0.7356

Extra survival metrics:
cutoff_from_train_median: -0.387267
n_test: 128
n_high_risk: 59
n_low_risk: 69
n_event_test: 50
logrank_stat: 23.207828
logrank_p: 0.000001
auc_36m: 0.792254
auc_60m: 0.735702
mean_auc: 0.778759
HR_high_vs_low: 4.405747
HR_95CI_lower: 2.286885
HR_95CI_upper: 8.487793
cox_p: 0.000009

==================================================
Fold 5/5
==================================================
Epoch 1/30 | Train Loss: 3.5588 | Train C-index: 0.7187 | Val Loss: 4.2993 | Val C-index: 0.6857
Epoch 2/30 | Train Loss: 3.5557 | Train C-index: 0.7238 | Val Loss: 4.2952 | Val C-index: 0.6896
Epoch 3/30 | Train Loss: 3.3883 | Train C-index: 0.7364 | Val Loss: 4.2495 | Val C-index: 0.7047
Epoch 4/30 | Train Loss: 3.2671 | Train C-index: 0.7312 | Val Loss: 4.2208 | Val C-index: 0.7070
Epoch 5/30 | Train Loss: 3.4194 | Train C-index: 0.7420 | Val Loss: 4.2249 | Val C-index: 0.7045
Epoch 6/30 | Train Loss: 3.2367 | Train C-index: 0.7559 | Val Loss: 4.2464 | Val C-index: 0.7063
Epoch 7/30 | Train Loss: 3.3319 | Train C-index: 0.7667 | Val Loss: 4.2562 | Val C-index: 0.7120
Epoch 8/30 | Train Loss: 3.3221 | Train C-index: 0.7761 | Val Loss: 4.2449 | Val C-index: 0.7237
Epoch 9/30 | Train Loss: 3.1413 | Train C-index: 0.7814 | Val Loss: 4.2643 | Val C-index: 0.7255
Epoch 10/30 | Train Loss: 3.1303 | Train C-index: 0.7868 | Val Loss: 4.2708 | Val C-index: 0.7255
Epoch 11/30 | Train Loss: 3.0972 | Train C-index: 0.7947 | Val Loss: 4.2602 | Val C-index: 0.7246
Epoch 12/30 | Train Loss: 3.1120 | Train C-index: 0.8016 | Val Loss: 4.2720 | Val C-index: 0.7257
Epoch 13/30 | Train Loss: 3.0643 | Train C-index: 0.8050 | Val Loss: 4.3099 | Val C-index: 0.7232
Epoch 14/30 | Train Loss: 3.0247 | Train C-index: 0.8121 | Val Loss: 4.3102 | Val C-index: 0.7280
Epoch 15/30 | Train Loss: 3.0233 | Train C-index: 0.8189 | Val Loss: 4.3115 | Val C-index: 0.7287
Epoch 16/30 | Train Loss: 2.9833 | Train C-index: 0.8270 | Val Loss: 4.2903 | Val C-index: 0.7365
Epoch 17/30 | Train Loss: 3.2558 | Train C-index: 0.8301 | Val Loss: 4.2905 | Val C-index: 0.7301
Epoch 18/30 | Train Loss: 3.0318 | Train C-index: 0.8177 | Val Loss: 4.3084 | Val C-index: 0.7083
Epoch 19/30 | Train Loss: 2.9766 | Train C-index: 0.8260 | Val Loss: 4.3214 | Val C-index: 0.7129
Epoch 20/30 | Train Loss: 2.9476 | Train C-index: 0.8360 | Val Loss: 4.3617 | Val C-index: 0.7145
Epoch 21/30 | Train Loss: 2.9019 | Train C-index: 0.8425 | Val Loss: 4.4131 | Val C-index: 0.7145
Epoch 22/30 | Train Loss: 2.8547 | Train C-index: 0.8492 | Val Loss: 4.4080 | Val C-index: 0.7157
Epoch 23/30 | Train Loss: 2.8258 | Train C-index: 0.8526 | Val Loss: 4.4406 | Val C-index: 0.7161
Epoch 24/30 | Train Loss: 2.8153 | Train C-index: 0.8580 | Val Loss: 4.4035 | Val C-index: 0.7191
Epoch 25/30 | Train Loss: 2.8844 | Train C-index: 0.8577 | Val Loss: 4.5672 | Val C-index: 0.7127
Epoch 26/30 | Train Loss: 2.8078 | Train C-index: 0.8663 | Val Loss: 4.4420 | Val C-index: 0.7179
Early stopping at epoch 26
Fold 4 final C-index: 0.7365

Extra survival metrics:
cutoff_from_train_median: -0.870115
n_test: 128
n_high_risk: 64
n_low_risk: 64
n_event_test: 50
logrank_stat: 14.947983
logrank_p: 0.000111
auc_36m: 0.815279
auc_60m: 0.737937
mean_auc: 0.787678
HR_high_vs_low: 3.205006
HR_95CI_lower: 1.719434
HR_95CI_upper: 5.974094
cox_p: 0.000247

==================================================
5-Fold CV Summary
==================================================
  C-index: 0.7251 +/- 0.0148
