nohup: ignoring input
Using Device: cuda
Model: gabmil-cox-topk | Implementation: original | k: 1024
Checkpoints: /home/gly001/cqj/pa_ct_surv/checkpoints/pact_v2/pathology/gabmil_topk1024/seed42
Results:     /home/gly001/cqj/pa_ct_surv/results/pact_v2/pathology/gabmil_topk1024/seed42
Loaded 797 samples
Locked split from dataset CSV: train=642, test=155
Test set is not accessed during CV

==================================================
Fold 1/5
==================================================
Epoch 1/30 | Train Loss: 3.4728 | Train C-index: 0.7259 | Val Loss: 4.1439 | Val C-index: 0.6988
Epoch 2/30 | Train Loss: 3.3563 | Train C-index: 0.7416 | Val Loss: 4.0793 | Val C-index: 0.7030
Epoch 3/30 | Train Loss: 3.2860 | Train C-index: 0.7540 | Val Loss: 4.0900 | Val C-index: 0.7030
Epoch 4/30 | Train Loss: 3.2302 | Train C-index: 0.7685 | Val Loss: 4.0969 | Val C-index: 0.7009
Epoch 5/30 | Train Loss: 3.1837 | Train C-index: 0.7789 | Val Loss: 4.0996 | Val C-index: 0.6972
Epoch 6/30 | Train Loss: 3.1332 | Train C-index: 0.7885 | Val Loss: 4.0992 | Val C-index: 0.6972
Epoch 7/30 | Train Loss: 3.0958 | Train C-index: 0.7971 | Val Loss: 4.1077 | Val C-index: 0.7014
Epoch 8/30 | Train Loss: 3.0626 | Train C-index: 0.8057 | Val Loss: 4.0890 | Val C-index: 0.7069
Epoch 9/30 | Train Loss: 3.0228 | Train C-index: 0.8148 | Val Loss: 4.0781 | Val C-index: 0.7127
Epoch 10/30 | Train Loss: 2.9936 | Train C-index: 0.8206 | Val Loss: 4.1233 | Val C-index: 0.7130
Epoch 11/30 | Train Loss: 2.9589 | Train C-index: 0.8264 | Val Loss: 4.1008 | Val C-index: 0.7148
Epoch 12/30 | Train Loss: 2.9214 | Train C-index: 0.8357 | Val Loss: 4.1442 | Val C-index: 0.7109
Epoch 13/30 | Train Loss: 2.8788 | Train C-index: 0.8411 | Val Loss: 4.1065 | Val C-index: 0.7215
Epoch 14/30 | Train Loss: 2.8778 | Train C-index: 0.8488 | Val Loss: 4.2130 | Val C-index: 0.7130
Epoch 15/30 | Train Loss: 2.8231 | Train C-index: 0.8559 | Val Loss: 4.2108 | Val C-index: 0.7123
Epoch 16/30 | Train Loss: 2.7744 | Train C-index: 0.8645 | Val Loss: 4.1998 | Val C-index: 0.7118
Epoch 17/30 | Train Loss: 2.7355 | Train C-index: 0.8679 | Val Loss: 4.2914 | Val C-index: 0.7113
Epoch 18/30 | Train Loss: 2.7267 | Train C-index: 0.8722 | Val Loss: 4.3582 | Val C-index: 0.7083
Epoch 19/30 | Train Loss: 2.6826 | Train C-index: 0.8784 | Val Loss: 4.2783 | Val C-index: 0.7146
Epoch 20/30 | Train Loss: 2.6445 | Train C-index: 0.8725 | Val Loss: 4.5447 | Val C-index: 0.6900
Epoch 21/30 | Train Loss: 2.6584 | Train C-index: 0.8796 | Val Loss: 4.4014 | Val C-index: 0.7118
Epoch 22/30 | Train Loss: 2.6063 | Train C-index: 0.8746 | Val Loss: 4.6042 | Val C-index: 0.6859
Epoch 23/30 | Train Loss: 2.6023 | Train C-index: 0.8724 | Val Loss: 4.5481 | Val C-index: 0.7042
Early stopping at epoch 23
Fold 0 final C-index: 0.7215

Extra survival metrics:
cutoff_from_train_median: -1.282881
n_test: 129
n_high_risk: 55
n_low_risk: 74
n_event_test: 50
logrank_stat: 23.090601
logrank_p: 0.000002
auc_36m: 0.785408
auc_60m: 0.755334
mean_auc: 0.778885
HR_high_vs_low: 3.902827
HR_95CI_lower: 2.147266
HR_95CI_upper: 7.093700
cox_p: 0.000008

==================================================
Fold 2/5
==================================================
Epoch 1/30 | Train Loss: 3.4419 | Train C-index: 0.7216 | Val Loss: 4.3371 | Val C-index: 0.7096
Epoch 2/30 | Train Loss: 3.3046 | Train C-index: 0.7324 | Val Loss: 4.2796 | Val C-index: 0.7159
Epoch 3/30 | Train Loss: 3.2298 | Train C-index: 0.7463 | Val Loss: 4.2793 | Val C-index: 0.7098
Epoch 4/30 | Train Loss: 3.2038 | Train C-index: 0.7624 | Val Loss: 4.2524 | Val C-index: 0.7073
Epoch 5/30 | Train Loss: 3.1401 | Train C-index: 0.7744 | Val Loss: 4.2285 | Val C-index: 0.7136
Epoch 6/30 | Train Loss: 3.1304 | Train C-index: 0.7829 | Val Loss: 4.2180 | Val C-index: 0.7144
Epoch 7/30 | Train Loss: 3.0910 | Train C-index: 0.7913 | Val Loss: 4.1994 | Val C-index: 0.7217
Epoch 8/30 | Train Loss: 3.0460 | Train C-index: 0.8001 | Val Loss: 4.2090 | Val C-index: 0.7244
Epoch 9/30 | Train Loss: 3.0104 | Train C-index: 0.8093 | Val Loss: 4.2136 | Val C-index: 0.7252
Epoch 10/30 | Train Loss: 2.9639 | Train C-index: 0.8163 | Val Loss: 4.2313 | Val C-index: 0.7252
Epoch 11/30 | Train Loss: 2.9490 | Train C-index: 0.8241 | Val Loss: 4.2587 | Val C-index: 0.7267
Epoch 12/30 | Train Loss: 2.9153 | Train C-index: 0.8291 | Val Loss: 4.3058 | Val C-index: 0.7229
Epoch 13/30 | Train Loss: 2.8637 | Train C-index: 0.8368 | Val Loss: 4.3350 | Val C-index: 0.7231
Epoch 14/30 | Train Loss: 2.8486 | Train C-index: 0.8422 | Val Loss: 4.3978 | Val C-index: 0.7188
Epoch 15/30 | Train Loss: 2.8240 | Train C-index: 0.8485 | Val Loss: 4.3852 | Val C-index: 0.7173
Epoch 16/30 | Train Loss: 2.7912 | Train C-index: 0.8543 | Val Loss: 4.3889 | Val C-index: 0.7300
Epoch 17/30 | Train Loss: 2.7477 | Train C-index: 0.8594 | Val Loss: 4.4424 | Val C-index: 0.7314
Epoch 18/30 | Train Loss: 2.7298 | Train C-index: 0.8612 | Val Loss: 4.4905 | Val C-index: 0.7210
Epoch 19/30 | Train Loss: 2.7031 | Train C-index: 0.8701 | Val Loss: 4.4838 | Val C-index: 0.7345
Epoch 20/30 | Train Loss: 2.6621 | Train C-index: 0.8719 | Val Loss: 4.5388 | Val C-index: 0.7223
Epoch 21/30 | Train Loss: 2.6336 | Train C-index: 0.8755 | Val Loss: 4.6217 | Val C-index: 0.7310
Epoch 22/30 | Train Loss: 2.6008 | Train C-index: 0.8772 | Val Loss: 4.7058 | Val C-index: 0.7103
Epoch 23/30 | Train Loss: 2.5827 | Train C-index: 0.8866 | Val Loss: 4.6526 | Val C-index: 0.7312
Epoch 24/30 | Train Loss: 2.5516 | Train C-index: 0.8826 | Val Loss: 4.7182 | Val C-index: 0.7223
Epoch 25/30 | Train Loss: 2.5369 | Train C-index: 0.8940 | Val Loss: 4.7351 | Val C-index: 0.7219
Epoch 26/30 | Train Loss: 2.5087 | Train C-index: 0.8924 | Val Loss: 4.8128 | Val C-index: 0.7190
Epoch 27/30 | Train Loss: 2.4573 | Train C-index: 0.8992 | Val Loss: 4.8744 | Val C-index: 0.7200
Epoch 28/30 | Train Loss: 2.4431 | Train C-index: 0.8929 | Val Loss: 4.8716 | Val C-index: 0.7208
Epoch 29/30 | Train Loss: 2.4740 | Train C-index: 0.8876 | Val Loss: 4.9928 | Val C-index: 0.7159
Early stopping at epoch 29
Fold 1 final C-index: 0.7345

Extra survival metrics:
cutoff_from_train_median: -1.255490
n_test: 129
n_high_risk: 70
n_low_risk: 59
n_event_test: 51
logrank_stat: 30.917753
logrank_p: 0.000000
auc_36m: 0.767962
auc_60m: 0.719113
mean_auc: 0.754704
HR_high_vs_low: 6.496981
HR_95CI_lower: 3.047079
HR_95CI_upper: 13.852864
cox_p: 0.000001

==================================================
Fold 3/5
==================================================
Epoch 1/30 | Train Loss: 3.4151 | Train C-index: 0.7221 | Val Loss: 4.3564 | Val C-index: 0.6896
Epoch 2/30 | Train Loss: 3.2881 | Train C-index: 0.7338 | Val Loss: 4.3484 | Val C-index: 0.6884
Epoch 3/30 | Train Loss: 3.2423 | Train C-index: 0.7515 | Val Loss: 4.3644 | Val C-index: 0.6999
Epoch 4/30 | Train Loss: 3.2329 | Train C-index: 0.7706 | Val Loss: 4.3369 | Val C-index: 0.7074
Epoch 5/30 | Train Loss: 3.2405 | Train C-index: 0.7807 | Val Loss: 4.3427 | Val C-index: 0.7126
Epoch 6/30 | Train Loss: 3.0967 | Train C-index: 0.7868 | Val Loss: 4.3566 | Val C-index: 0.7162
Epoch 7/30 | Train Loss: 3.0701 | Train C-index: 0.7944 | Val Loss: 4.3323 | Val C-index: 0.7170
Epoch 8/30 | Train Loss: 3.0630 | Train C-index: 0.8033 | Val Loss: 4.3424 | Val C-index: 0.7181
Epoch 9/30 | Train Loss: 3.0057 | Train C-index: 0.8088 | Val Loss: 4.4072 | Val C-index: 0.7085
Epoch 10/30 | Train Loss: 3.0344 | Train C-index: 0.8160 | Val Loss: 4.3977 | Val C-index: 0.7193
Epoch 11/30 | Train Loss: 2.9742 | Train C-index: 0.8221 | Val Loss: 4.4402 | Val C-index: 0.7206
Epoch 12/30 | Train Loss: 2.9995 | Train C-index: 0.8290 | Val Loss: 4.5038 | Val C-index: 0.7064
Epoch 13/30 | Train Loss: 2.9547 | Train C-index: 0.8358 | Val Loss: 4.4963 | Val C-index: 0.7034
Epoch 14/30 | Train Loss: 2.9574 | Train C-index: 0.8399 | Val Loss: 4.5477 | Val C-index: 0.6957
Epoch 15/30 | Train Loss: 2.8135 | Train C-index: 0.8427 | Val Loss: 4.5016 | Val C-index: 0.7018
Epoch 16/30 | Train Loss: 2.8137 | Train C-index: 0.8466 | Val Loss: 4.5795 | Val C-index: 0.6944
Epoch 17/30 | Train Loss: 2.8093 | Train C-index: 0.8517 | Val Loss: 4.6880 | Val C-index: 0.6976
Epoch 18/30 | Train Loss: 2.7545 | Train C-index: 0.8557 | Val Loss: 4.7985 | Val C-index: 0.6969
Epoch 19/30 | Train Loss: 2.7136 | Train C-index: 0.8611 | Val Loss: 4.8710 | Val C-index: 0.6760
Epoch 20/30 | Train Loss: 2.7034 | Train C-index: 0.8639 | Val Loss: 4.8062 | Val C-index: 0.6898
Epoch 21/30 | Train Loss: 2.6864 | Train C-index: 0.8680 | Val Loss: 5.0064 | Val C-index: 0.6691
Early stopping at epoch 21
Fold 2 final C-index: 0.7206

Extra survival metrics:
cutoff_from_train_median: -1.614588
n_test: 128
n_high_risk: 66
n_low_risk: 62
n_event_test: 50
logrank_stat: 18.687695
logrank_p: 0.000015
auc_36m: 0.775992
auc_60m: 0.755850
mean_auc: 0.772063
HR_high_vs_low: 3.700808
HR_95CI_lower: 1.960900
HR_95CI_upper: 6.984535
cox_p: 0.000054

==================================================
Fold 4/5
==================================================
Epoch 1/30 | Train Loss: 3.6032 | Train C-index: 0.7101 | Val Loss: 4.0405 | Val C-index: 0.7293
Epoch 2/30 | Train Loss: 3.3588 | Train C-index: 0.7191 | Val Loss: 3.9658 | Val C-index: 0.7387
Epoch 3/30 | Train Loss: 3.3476 | Train C-index: 0.7295 | Val Loss: 3.9700 | Val C-index: 0.7368
Epoch 4/30 | Train Loss: 3.3034 | Train C-index: 0.7402 | Val Loss: 3.9761 | Val C-index: 0.7216
Epoch 5/30 | Train Loss: 3.2819 | Train C-index: 0.7527 | Val Loss: 3.9814 | Val C-index: 0.7173
Epoch 6/30 | Train Loss: 3.2438 | Train C-index: 0.7647 | Val Loss: 3.9958 | Val C-index: 0.7224
Epoch 7/30 | Train Loss: 3.1838 | Train C-index: 0.7714 | Val Loss: 4.0198 | Val C-index: 0.7315
Epoch 8/30 | Train Loss: 3.1911 | Train C-index: 0.7824 | Val Loss: 4.0141 | Val C-index: 0.7298
Epoch 9/30 | Train Loss: 3.1306 | Train C-index: 0.7898 | Val Loss: 4.0305 | Val C-index: 0.7272
Epoch 10/30 | Train Loss: 3.1037 | Train C-index: 0.7969 | Val Loss: 4.0593 | Val C-index: 0.7255
Epoch 11/30 | Train Loss: 3.0786 | Train C-index: 0.8035 | Val Loss: 4.0923 | Val C-index: 0.7272
Epoch 12/30 | Train Loss: 3.0519 | Train C-index: 0.8105 | Val Loss: 4.0632 | Val C-index: 0.7286
Early stopping at epoch 12
Fold 3 final C-index: 0.7387

Extra survival metrics:
cutoff_from_train_median: -0.398626
n_test: 128
n_high_risk: 60
n_low_risk: 68
n_event_test: 50
logrank_stat: 18.848480
logrank_p: 0.000014
auc_36m: 0.790781
auc_60m: 0.738680
mean_auc: 0.778347
HR_high_vs_low: 3.756597
HR_95CI_lower: 1.983411
HR_95CI_upper: 7.115026
cox_p: 0.000049

==================================================
Fold 5/5
==================================================
Epoch 1/30 | Train Loss: 3.5563 | Train C-index: 0.7194 | Val Loss: 4.2895 | Val C-index: 0.6866
Epoch 2/30 | Train Loss: 3.5459 | Train C-index: 0.7241 | Val Loss: 4.2782 | Val C-index: 0.6942
Epoch 3/30 | Train Loss: 3.3885 | Train C-index: 0.7350 | Val Loss: 4.2429 | Val C-index: 0.7017
Epoch 4/30 | Train Loss: 3.2635 | Train C-index: 0.7340 | Val Loss: 4.2162 | Val C-index: 0.7049
Epoch 5/30 | Train Loss: 3.4198 | Train C-index: 0.7405 | Val Loss: 4.2200 | Val C-index: 0.7024
Epoch 6/30 | Train Loss: 3.2387 | Train C-index: 0.7513 | Val Loss: 4.2374 | Val C-index: 0.7001
Epoch 7/30 | Train Loss: 3.3422 | Train C-index: 0.7615 | Val Loss: 4.2576 | Val C-index: 0.7063
Epoch 8/30 | Train Loss: 3.3161 | Train C-index: 0.7721 | Val Loss: 4.2573 | Val C-index: 0.7125
Epoch 9/30 | Train Loss: 3.1391 | Train C-index: 0.7787 | Val Loss: 4.2715 | Val C-index: 0.7163
Epoch 10/30 | Train Loss: 3.1313 | Train C-index: 0.7851 | Val Loss: 4.2781 | Val C-index: 0.7179
Epoch 11/30 | Train Loss: 3.0974 | Train C-index: 0.7930 | Val Loss: 4.2708 | Val C-index: 0.7177
Epoch 12/30 | Train Loss: 3.1222 | Train C-index: 0.8006 | Val Loss: 4.2780 | Val C-index: 0.7186
Epoch 13/30 | Train Loss: 3.0640 | Train C-index: 0.8056 | Val Loss: 4.3039 | Val C-index: 0.7157
Epoch 14/30 | Train Loss: 3.0257 | Train C-index: 0.8110 | Val Loss: 4.3246 | Val C-index: 0.7200
Epoch 15/30 | Train Loss: 3.0171 | Train C-index: 0.8191 | Val Loss: 4.3049 | Val C-index: 0.7207
Epoch 16/30 | Train Loss: 2.9786 | Train C-index: 0.8250 | Val Loss: 4.3161 | Val C-index: 0.7232
Epoch 17/30 | Train Loss: 3.2426 | Train C-index: 0.8299 | Val Loss: 4.2971 | Val C-index: 0.7246
Epoch 18/30 | Train Loss: 3.0153 | Train C-index: 0.8197 | Val Loss: 4.3014 | Val C-index: 0.7127
Epoch 19/30 | Train Loss: 2.9710 | Train C-index: 0.8276 | Val Loss: 4.3220 | Val C-index: 0.7182
Epoch 20/30 | Train Loss: 2.9330 | Train C-index: 0.8385 | Val Loss: 4.3236 | Val C-index: 0.7214
Epoch 21/30 | Train Loss: 2.8986 | Train C-index: 0.8431 | Val Loss: 4.3700 | Val C-index: 0.7195
Epoch 22/30 | Train Loss: 2.8514 | Train C-index: 0.8483 | Val Loss: 4.3852 | Val C-index: 0.7205
Epoch 23/30 | Train Loss: 2.8167 | Train C-index: 0.8517 | Val Loss: 4.4014 | Val C-index: 0.7216
Epoch 24/30 | Train Loss: 2.8124 | Train C-index: 0.8565 | Val Loss: 4.4178 | Val C-index: 0.7207
Epoch 25/30 | Train Loss: 2.8989 | Train C-index: 0.8622 | Val Loss: 4.4457 | Val C-index: 0.7193
Epoch 26/30 | Train Loss: 2.7678 | Train C-index: 0.8623 | Val Loss: 4.4839 | Val C-index: 0.7221
Epoch 27/30 | Train Loss: 2.7960 | Train C-index: 0.8674 | Val Loss: 4.4523 | Val C-index: 0.7189
Early stopping at epoch 27
Fold 4 final C-index: 0.7246

Extra survival metrics:
cutoff_from_train_median: -1.220204
n_test: 128
n_high_risk: 65
n_low_risk: 63
n_event_test: 50
logrank_stat: 12.105476
logrank_p: 0.000503
auc_36m: 0.805018
auc_60m: 0.732677
mean_auc: 0.779202
HR_high_vs_low: 2.817675
HR_95CI_lower: 1.532773
HR_95CI_upper: 5.179692
cox_p: 0.000854

==================================================
5-Fold CV Summary
==================================================
  C-index: 0.7280 +/- 0.0081
