nohup: ignoring input
Using Device: cuda
Model: abmil-cox | Implementation: legacy
Checkpoints: /home/gly001/cqj/pa_ct_surv/checkpoints/pact_v2/pathology/legacy_abmil_all_lr1e-3/seed123
Results:     /home/gly001/cqj/pa_ct_surv/results/pact_v2/pathology/legacy_abmil_all_lr1e-3/seed123
Loaded 797 samples
Locked split from dataset CSV: train=642, test=155
Test set is not accessed during CV

==================================================
Fold 1/5
==================================================
Epoch 1/50 | Train Loss: 3.4365 | Train C-index: 0.7561 | Val Loss: 4.1192 | Val C-index: 0.6919
Epoch 2/50 | Train Loss: 3.2821 | Train C-index: 0.7732 | Val Loss: 4.1116 | Val C-index: 0.6924
Epoch 3/50 | Train Loss: 3.2144 | Train C-index: 0.7890 | Val Loss: 4.0843 | Val C-index: 0.7097
Epoch 4/50 | Train Loss: 3.1725 | Train C-index: 0.7970 | Val Loss: 4.1025 | Val C-index: 0.7083
Epoch 5/50 | Train Loss: 3.1116 | Train C-index: 0.8094 | Val Loss: 4.1384 | Val C-index: 0.7100
Epoch 6/50 | Train Loss: 3.0139 | Train C-index: 0.8293 | Val Loss: 4.2042 | Val C-index: 0.7104
Epoch 7/50 | Train Loss: 2.9804 | Train C-index: 0.8448 | Val Loss: 4.2831 | Val C-index: 0.7051
Epoch 8/50 | Train Loss: 2.8597 | Train C-index: 0.8548 | Val Loss: 4.4200 | Val C-index: 0.7012
Epoch 9/50 | Train Loss: 2.8097 | Train C-index: 0.8474 | Val Loss: 4.2701 | Val C-index: 0.7039
Epoch 10/50 | Train Loss: 2.8073 | Train C-index: 0.8657 | Val Loss: 4.5030 | Val C-index: 0.6847
Epoch 11/50 | Train Loss: 2.8796 | Train C-index: 0.8802 | Val Loss: 4.2222 | Val C-index: 0.7042
Epoch 12/50 | Train Loss: 2.7685 | Train C-index: 0.8901 | Val Loss: 4.4506 | Val C-index: 0.6984
Epoch 13/50 | Train Loss: 2.6250 | Train C-index: 0.8989 | Val Loss: 4.7831 | Val C-index: 0.6884
Epoch 14/50 | Train Loss: 2.6022 | Train C-index: 0.9110 | Val Loss: 4.6137 | Val C-index: 0.7069
Epoch 15/50 | Train Loss: 2.5655 | Train C-index: 0.9126 | Val Loss: 4.8860 | Val C-index: 0.6898
Epoch 16/50 | Train Loss: 2.5192 | Train C-index: 0.9151 | Val Loss: 4.7723 | Val C-index: 0.6907
Epoch 17/50 | Train Loss: 2.4963 | Train C-index: 0.9281 | Val Loss: 4.8800 | Val C-index: 0.6873
Epoch 18/50 | Train Loss: 2.3653 | Train C-index: 0.9358 | Val Loss: 5.1597 | Val C-index: 0.6900
Epoch 19/50 | Train Loss: 2.3238 | Train C-index: 0.9377 | Val Loss: 5.2514 | Val C-index: 0.6935
Epoch 20/50 | Train Loss: 2.2595 | Train C-index: 0.9422 | Val Loss: 5.6895 | Val C-index: 0.6856
Epoch 21/50 | Train Loss: 2.1998 | Train C-index: 0.9468 | Val Loss: 5.3168 | Val C-index: 0.7102
Early stopping at epoch 21
Fold 0 final C-index: 0.7104

Extra survival metrics:
cutoff_from_train_median: -0.160586
n_test: 129
n_high_risk: 56
n_low_risk: 73
n_event_test: 50
logrank_stat: 24.167638
logrank_p: 0.000001
auc_36m: 0.778371
auc_60m: 0.759340
mean_auc: 0.774244
HR_high_vs_low: 4.114970
HR_95CI_lower: 2.236820
HR_95CI_upper: 7.570109
cox_p: 0.000005

==================================================
Fold 2/5
==================================================
Epoch 1/50 | Train Loss: 3.4389 | Train C-index: 0.7606 | Val Loss: 4.2886 | Val C-index: 0.6905
Epoch 2/50 | Train Loss: 3.2510 | Train C-index: 0.7741 | Val Loss: 4.2888 | Val C-index: 0.6804
Epoch 3/50 | Train Loss: 3.1922 | Train C-index: 0.7827 | Val Loss: 4.2909 | Val C-index: 0.6822
Epoch 4/50 | Train Loss: 3.1682 | Train C-index: 0.7927 | Val Loss: 4.2331 | Val C-index: 0.6976
Epoch 5/50 | Train Loss: 3.1083 | Train C-index: 0.8005 | Val Loss: 4.2524 | Val C-index: 0.6922
Epoch 6/50 | Train Loss: 3.0513 | Train C-index: 0.8142 | Val Loss: 4.2579 | Val C-index: 0.6966
Epoch 7/50 | Train Loss: 2.9905 | Train C-index: 0.8289 | Val Loss: 4.2460 | Val C-index: 0.7090
Epoch 8/50 | Train Loss: 2.8991 | Train C-index: 0.8422 | Val Loss: 4.3137 | Val C-index: 0.7156
Epoch 9/50 | Train Loss: 2.8945 | Train C-index: 0.8575 | Val Loss: 4.3581 | Val C-index: 0.7194
Epoch 10/50 | Train Loss: 2.8423 | Train C-index: 0.8621 | Val Loss: 4.2770 | Val C-index: 0.7267
Epoch 11/50 | Train Loss: 2.7666 | Train C-index: 0.8721 | Val Loss: 4.5049 | Val C-index: 0.7277
Epoch 12/50 | Train Loss: 2.6532 | Train C-index: 0.8682 | Val Loss: 4.3589 | Val C-index: 0.7092
Epoch 13/50 | Train Loss: 2.6714 | Train C-index: 0.8822 | Val Loss: 4.8343 | Val C-index: 0.7171
Epoch 14/50 | Train Loss: 2.6223 | Train C-index: 0.8992 | Val Loss: 4.3969 | Val C-index: 0.7242
Epoch 15/50 | Train Loss: 2.5950 | Train C-index: 0.9078 | Val Loss: 4.4974 | Val C-index: 0.7296
Epoch 16/50 | Train Loss: 2.4922 | Train C-index: 0.9277 | Val Loss: 4.7125 | Val C-index: 0.7171
Epoch 17/50 | Train Loss: 2.3799 | Train C-index: 0.9325 | Val Loss: 5.1238 | Val C-index: 0.7240
Epoch 18/50 | Train Loss: 2.3356 | Train C-index: 0.9379 | Val Loss: 5.0158 | Val C-index: 0.6891
Epoch 19/50 | Train Loss: 2.2656 | Train C-index: 0.9418 | Val Loss: 5.1146 | Val C-index: 0.7264
Epoch 20/50 | Train Loss: 2.2253 | Train C-index: 0.9225 | Val Loss: 5.4960 | Val C-index: 0.7127
Epoch 21/50 | Train Loss: 2.5100 | Train C-index: 0.9330 | Val Loss: 4.4716 | Val C-index: 0.7470
Epoch 22/50 | Train Loss: 2.3851 | Train C-index: 0.9303 | Val Loss: 4.5918 | Val C-index: 0.7179
Epoch 23/50 | Train Loss: 2.3655 | Train C-index: 0.9406 | Val Loss: 4.7333 | Val C-index: 0.6922
Epoch 24/50 | Train Loss: 2.2881 | Train C-index: 0.9449 | Val Loss: 5.0149 | Val C-index: 0.7032
Epoch 25/50 | Train Loss: 2.2415 | Train C-index: 0.9576 | Val Loss: 5.0365 | Val C-index: 0.6999
Epoch 26/50 | Train Loss: 2.0946 | Train C-index: 0.9567 | Val Loss: 5.0212 | Val C-index: 0.7132
Epoch 27/50 | Train Loss: 2.1326 | Train C-index: 0.9553 | Val Loss: 5.2278 | Val C-index: 0.7078
Epoch 28/50 | Train Loss: 2.1450 | Train C-index: 0.9592 | Val Loss: 5.1470 | Val C-index: 0.7071
Epoch 29/50 | Train Loss: 2.0242 | Train C-index: 0.9494 | Val Loss: 5.6146 | Val C-index: 0.7177
Epoch 30/50 | Train Loss: 2.0241 | Train C-index: 0.9625 | Val Loss: 5.0896 | Val C-index: 0.7183
Epoch 31/50 | Train Loss: 2.1014 | Train C-index: 0.9548 | Val Loss: 5.5110 | Val C-index: 0.7244
Epoch 32/50 | Train Loss: 2.0502 | Train C-index: 0.9671 | Val Loss: 5.1692 | Val C-index: 0.6957
Epoch 33/50 | Train Loss: 1.9917 | Train C-index: 0.9671 | Val Loss: 5.3870 | Val C-index: 0.7188
Epoch 34/50 | Train Loss: 1.9882 | Train C-index: 0.9711 | Val Loss: 5.2036 | Val C-index: 0.7325
Epoch 35/50 | Train Loss: 1.8865 | Train C-index: 0.9737 | Val Loss: 5.5127 | Val C-index: 0.7190
Epoch 36/50 | Train Loss: 1.7776 | Train C-index: 0.9713 | Val Loss: 6.1026 | Val C-index: 0.7127
Early stopping at epoch 36
Fold 1 final C-index: 0.7470

Extra survival metrics:
cutoff_from_train_median: -0.931727
n_test: 129
n_high_risk: 85
n_low_risk: 44
n_event_test: 51
logrank_stat: 16.798434
logrank_p: 0.000042
auc_36m: 0.754721
auc_60m: 0.761030
mean_auc: 0.756433
HR_high_vs_low: 4.587943
HR_95CI_lower: 2.062468
HR_95CI_upper: 10.205840
cox_p: 0.000188

==================================================
Fold 3/5
==================================================
Epoch 1/50 | Train Loss: 3.3947 | Train C-index: 0.7552 | Val Loss: 4.3796 | Val C-index: 0.7003
Epoch 2/50 | Train Loss: 3.2712 | Train C-index: 0.7741 | Val Loss: 4.3631 | Val C-index: 0.7026
Epoch 3/50 | Train Loss: 3.1799 | Train C-index: 0.7821 | Val Loss: 4.4142 | Val C-index: 0.6967
Epoch 4/50 | Train Loss: 3.1325 | Train C-index: 0.7916 | Val Loss: 4.4780 | Val C-index: 0.6961
Epoch 5/50 | Train Loss: 3.1002 | Train C-index: 0.8049 | Val Loss: 4.4970 | Val C-index: 0.6890
Epoch 6/50 | Train Loss: 3.0006 | Train C-index: 0.8144 | Val Loss: 4.5767 | Val C-index: 0.6752
Epoch 7/50 | Train Loss: 3.0901 | Train C-index: 0.8310 | Val Loss: 4.7324 | Val C-index: 0.6798
Epoch 8/50 | Train Loss: 2.9275 | Train C-index: 0.8417 | Val Loss: 4.7954 | Val C-index: 0.6771
Epoch 9/50 | Train Loss: 2.9192 | Train C-index: 0.8517 | Val Loss: 4.8479 | Val C-index: 0.6549
Epoch 10/50 | Train Loss: 2.8406 | Train C-index: 0.8557 | Val Loss: 5.0942 | Val C-index: 0.6612
Epoch 11/50 | Train Loss: 2.8711 | Train C-index: 0.8721 | Val Loss: 4.7482 | Val C-index: 0.6695
Epoch 12/50 | Train Loss: 2.8112 | Train C-index: 0.8817 | Val Loss: 4.9189 | Val C-index: 0.6392
Epoch 13/50 | Train Loss: 2.7704 | Train C-index: 0.8834 | Val Loss: 4.8716 | Val C-index: 0.6507
Epoch 14/50 | Train Loss: 2.7948 | Train C-index: 0.8900 | Val Loss: 5.0595 | Val C-index: 0.6358
Epoch 15/50 | Train Loss: 2.7236 | Train C-index: 0.8972 | Val Loss: 5.1201 | Val C-index: 0.6511
Epoch 16/50 | Train Loss: 2.6621 | Train C-index: 0.8999 | Val Loss: 5.1748 | Val C-index: 0.6390
Epoch 17/50 | Train Loss: 2.5686 | Train C-index: 0.9064 | Val Loss: 5.2152 | Val C-index: 0.6356
Early stopping at epoch 17
Fold 2 final C-index: 0.7026

Extra survival metrics:
cutoff_from_train_median: -0.278622
n_test: 128
n_high_risk: 60
n_low_risk: 68
n_event_test: 50
logrank_stat: 13.749409
logrank_p: 0.000209
auc_36m: 0.759786
auc_60m: 0.730603
mean_auc: 0.754094
HR_high_vs_low: 2.861486
HR_95CI_lower: 1.600948
HR_95CI_upper: 5.114533
cox_p: 0.000388

==================================================
Fold 4/5
==================================================
Epoch 1/50 | Train Loss: 3.6020 | Train C-index: 0.7474 | Val Loss: 3.9273 | Val C-index: 0.7435
Epoch 2/50 | Train Loss: 3.3025 | Train C-index: 0.7571 | Val Loss: 3.9382 | Val C-index: 0.7375
Epoch 3/50 | Train Loss: 3.3371 | Train C-index: 0.7737 | Val Loss: 3.9086 | Val C-index: 0.7485
Epoch 4/50 | Train Loss: 3.2335 | Train C-index: 0.7828 | Val Loss: 3.9118 | Val C-index: 0.7411
Epoch 5/50 | Train Loss: 3.2576 | Train C-index: 0.7945 | Val Loss: 3.9174 | Val C-index: 0.7427
Epoch 6/50 | Train Loss: 3.3282 | Train C-index: 0.8020 | Val Loss: 3.9613 | Val C-index: 0.7281
Epoch 7/50 | Train Loss: 3.1133 | Train C-index: 0.8051 | Val Loss: 3.8962 | Val C-index: 0.7346
Epoch 8/50 | Train Loss: 3.1367 | Train C-index: 0.8194 | Val Loss: 3.8581 | Val C-index: 0.7550
Epoch 9/50 | Train Loss: 3.0649 | Train C-index: 0.8243 | Val Loss: 3.8751 | Val C-index: 0.7622
Epoch 10/50 | Train Loss: 3.0444 | Train C-index: 0.8465 | Val Loss: 3.8709 | Val C-index: 0.7631
Epoch 11/50 | Train Loss: 2.9610 | Train C-index: 0.8602 | Val Loss: 3.9520 | Val C-index: 0.7430
Epoch 12/50 | Train Loss: 2.8869 | Train C-index: 0.8669 | Val Loss: 4.0338 | Val C-index: 0.7430
Epoch 13/50 | Train Loss: 2.7719 | Train C-index: 0.8834 | Val Loss: 4.0408 | Val C-index: 0.7437
Epoch 14/50 | Train Loss: 2.8942 | Train C-index: 0.8593 | Val Loss: 4.2532 | Val C-index: 0.6526
Epoch 15/50 | Train Loss: 2.6950 | Train C-index: 0.8928 | Val Loss: 4.1586 | Val C-index: 0.7454
Epoch 16/50 | Train Loss: 2.7035 | Train C-index: 0.9042 | Val Loss: 4.2240 | Val C-index: 0.7401
Epoch 17/50 | Train Loss: 2.5702 | Train C-index: 0.8997 | Val Loss: 4.3695 | Val C-index: 0.7296
Epoch 18/50 | Train Loss: 2.5382 | Train C-index: 0.8886 | Val Loss: 4.3501 | Val C-index: 0.6888
Epoch 19/50 | Train Loss: 2.6450 | Train C-index: 0.9092 | Val Loss: 4.1725 | Val C-index: 0.7252
Epoch 20/50 | Train Loss: 2.6216 | Train C-index: 0.9182 | Val Loss: 4.5660 | Val C-index: 0.7029
Epoch 21/50 | Train Loss: 2.7731 | Train C-index: 0.9287 | Val Loss: 4.5961 | Val C-index: 0.7039
Epoch 22/50 | Train Loss: 2.4232 | Train C-index: 0.9307 | Val Loss: 4.4316 | Val C-index: 0.6696
Epoch 23/50 | Train Loss: 2.4290 | Train C-index: 0.9347 | Val Loss: 4.6630 | Val C-index: 0.6468
Epoch 24/50 | Train Loss: 2.4476 | Train C-index: 0.9403 | Val Loss: 4.5968 | Val C-index: 0.7003
Epoch 25/50 | Train Loss: 2.3017 | Train C-index: 0.9381 | Val Loss: 4.6556 | Val C-index: 0.6883
Early stopping at epoch 25
Fold 3 final C-index: 0.7631

Extra survival metrics:
cutoff_from_train_median: -0.732880
n_test: 128
n_high_risk: 59
n_low_risk: 69
n_event_test: 50
logrank_stat: 32.116806
logrank_p: 0.000000
auc_36m: 0.801755
auc_60m: 0.770804
mean_auc: 0.794369
HR_high_vs_low: 6.297202
HR_95CI_lower: 3.048757
HR_95CI_upper: 13.006859
cox_p: 0.000001

==================================================
Fold 5/5
==================================================
Epoch 1/50 | Train Loss: 3.4680 | Train C-index: 0.7548 | Val Loss: 4.1980 | Val C-index: 0.7200
Epoch 2/50 | Train Loss: 3.3690 | Train C-index: 0.7760 | Val Loss: 4.1892 | Val C-index: 0.7335
Epoch 3/50 | Train Loss: 3.2498 | Train C-index: 0.7837 | Val Loss: 4.2730 | Val C-index: 0.7129
Epoch 4/50 | Train Loss: 3.2391 | Train C-index: 0.7923 | Val Loss: 4.3059 | Val C-index: 0.7074
Epoch 5/50 | Train Loss: 3.4082 | Train C-index: 0.7997 | Val Loss: 4.2732 | Val C-index: 0.7104
Epoch 6/50 | Train Loss: 3.1021 | Train C-index: 0.8149 | Val Loss: 4.2775 | Val C-index: 0.6997
Epoch 7/50 | Train Loss: 3.1811 | Train C-index: 0.8285 | Val Loss: 4.3781 | Val C-index: 0.7049
Epoch 8/50 | Train Loss: 3.0279 | Train C-index: 0.8316 | Val Loss: 4.5364 | Val C-index: 0.7074
Epoch 9/50 | Train Loss: 2.9946 | Train C-index: 0.8425 | Val Loss: 4.4595 | Val C-index: 0.6994
Epoch 10/50 | Train Loss: 3.0047 | Train C-index: 0.8520 | Val Loss: 4.3954 | Val C-index: 0.7077
Epoch 11/50 | Train Loss: 2.8627 | Train C-index: 0.8625 | Val Loss: 4.4924 | Val C-index: 0.7120
Epoch 12/50 | Train Loss: 2.7780 | Train C-index: 0.8779 | Val Loss: 4.7762 | Val C-index: 0.7047
Epoch 13/50 | Train Loss: 2.7316 | Train C-index: 0.8896 | Val Loss: 4.9439 | Val C-index: 0.7051
Epoch 14/50 | Train Loss: 2.6698 | Train C-index: 0.8986 | Val Loss: 5.1852 | Val C-index: 0.7051
Epoch 15/50 | Train Loss: 2.6943 | Train C-index: 0.8959 | Val Loss: 4.6717 | Val C-index: 0.7125
Epoch 16/50 | Train Loss: 2.8801 | Train C-index: 0.9067 | Val Loss: 4.8389 | Val C-index: 0.7010
Epoch 17/50 | Train Loss: 2.5850 | Train C-index: 0.9094 | Val Loss: 4.9186 | Val C-index: 0.7120
Early stopping at epoch 17
Fold 4 final C-index: 0.7335

Extra survival metrics:
cutoff_from_train_median: -0.385866
n_test: 128
n_high_risk: 64
n_low_risk: 64
n_event_test: 50
logrank_stat: 15.608426
logrank_p: 0.000078
auc_36m: 0.806475
auc_60m: 0.735140
mean_auc: 0.781018
HR_high_vs_low: 3.258240
HR_95CI_lower: 1.752900
HR_95CI_upper: 6.056323
cox_p: 0.000188

==================================================
5-Fold CV Summary
==================================================
  C-index: 0.7313 +/- 0.0251
