nohup: ignoring input
Using Device: cuda
Model: abmil-cox-topk | Implementation: legacy | k: 512
Checkpoints: /home/gly001/cqj/pa_ct_surv/checkpoints/pact_v2/pathology/legacy_abmil_topk512_lr1e-3/seed123
Results:     /home/gly001/cqj/pa_ct_surv/results/pact_v2/pathology/legacy_abmil_topk512_lr1e-3/seed123
Loaded 797 samples
Locked split from dataset CSV: train=642, test=155
Test set is not accessed during CV

==================================================
Fold 1/5
==================================================
Epoch 1/50 | Train Loss: 3.4601 | Train C-index: 0.7280 | Val Loss: 4.1422 | Val C-index: 0.6745
Epoch 2/50 | Train Loss: 3.3561 | Train C-index: 0.7604 | Val Loss: 4.1402 | Val C-index: 0.6801
Epoch 3/50 | Train Loss: 3.2489 | Train C-index: 0.7767 | Val Loss: 4.1677 | Val C-index: 0.6743
Epoch 4/50 | Train Loss: 3.1853 | Train C-index: 0.7912 | Val Loss: 4.1917 | Val C-index: 0.6674
Epoch 5/50 | Train Loss: 3.0946 | Train C-index: 0.8171 | Val Loss: 4.1566 | Val C-index: 0.6882
Epoch 6/50 | Train Loss: 3.0318 | Train C-index: 0.8289 | Val Loss: 4.2855 | Val C-index: 0.6808
Epoch 7/50 | Train Loss: 2.9680 | Train C-index: 0.8506 | Val Loss: 4.3959 | Val C-index: 0.6824
Epoch 8/50 | Train Loss: 2.8849 | Train C-index: 0.8642 | Val Loss: 4.5226 | Val C-index: 0.6581
Epoch 9/50 | Train Loss: 2.8118 | Train C-index: 0.8560 | Val Loss: 4.2299 | Val C-index: 0.7167
Epoch 10/50 | Train Loss: 2.7840 | Train C-index: 0.8678 | Val Loss: 4.6829 | Val C-index: 0.6535
Epoch 11/50 | Train Loss: 2.7452 | Train C-index: 0.8791 | Val Loss: 4.6737 | Val C-index: 0.7051
Epoch 12/50 | Train Loss: 2.7025 | Train C-index: 0.8893 | Val Loss: 4.5577 | Val C-index: 0.6650
Epoch 13/50 | Train Loss: 2.6263 | Train C-index: 0.8987 | Val Loss: 4.9434 | Val C-index: 0.6611
Epoch 14/50 | Train Loss: 2.5059 | Train C-index: 0.9143 | Val Loss: 4.8848 | Val C-index: 0.6926
Epoch 15/50 | Train Loss: 2.5404 | Train C-index: 0.9217 | Val Loss: 4.4924 | Val C-index: 0.7238
Epoch 16/50 | Train Loss: 2.4887 | Train C-index: 0.9107 | Val Loss: 4.9708 | Val C-index: 0.6875
Epoch 17/50 | Train Loss: 2.4454 | Train C-index: 0.9167 | Val Loss: 5.1287 | Val C-index: 0.6704
Epoch 18/50 | Train Loss: 2.3704 | Train C-index: 0.9332 | Val Loss: 5.0570 | Val C-index: 0.7171
Epoch 19/50 | Train Loss: 2.2820 | Train C-index: 0.9298 | Val Loss: 5.2788 | Val C-index: 0.6678
Epoch 20/50 | Train Loss: 2.3025 | Train C-index: 0.9391 | Val Loss: 5.1885 | Val C-index: 0.7132
Epoch 21/50 | Train Loss: 2.2072 | Train C-index: 0.9371 | Val Loss: 5.5043 | Val C-index: 0.6875
Epoch 22/50 | Train Loss: 2.2130 | Train C-index: 0.9480 | Val Loss: 5.5466 | Val C-index: 0.7021
Epoch 23/50 | Train Loss: 2.1419 | Train C-index: 0.9425 | Val Loss: 5.5434 | Val C-index: 0.6565
Epoch 24/50 | Train Loss: 2.2569 | Train C-index: 0.9419 | Val Loss: 5.9016 | Val C-index: 0.6565
Epoch 25/50 | Train Loss: 2.2297 | Train C-index: 0.9575 | Val Loss: 5.3695 | Val C-index: 0.6861
Epoch 26/50 | Train Loss: 2.0547 | Train C-index: 0.9614 | Val Loss: 5.5911 | Val C-index: 0.6750
Epoch 27/50 | Train Loss: 1.9985 | Train C-index: 0.9654 | Val Loss: 5.8666 | Val C-index: 0.7072
Epoch 28/50 | Train Loss: 1.9640 | Train C-index: 0.9677 | Val Loss: 6.0267 | Val C-index: 0.6720
Epoch 29/50 | Train Loss: 1.9122 | Train C-index: 0.9683 | Val Loss: 6.0799 | Val C-index: 0.6722
Epoch 30/50 | Train Loss: 1.9150 | Train C-index: 0.9705 | Val Loss: 6.3431 | Val C-index: 0.6817
Early stopping at epoch 30
Fold 0 final C-index: 0.7238

Extra survival metrics:
cutoff_from_train_median: -0.795139
n_test: 129
n_high_risk: 66
n_low_risk: 63
n_event_test: 50
logrank_stat: 20.496792
logrank_p: 0.000006
auc_36m: 0.797590
auc_60m: 0.779935
mean_auc: 0.793761
HR_high_vs_low: 4.042031
HR_95CI_lower: 2.104177
HR_95CI_upper: 7.764560
cox_p: 0.000027

==================================================
Fold 2/5
==================================================
Epoch 1/50 | Train Loss: 3.4201 | Train C-index: 0.7673 | Val Loss: 4.2430 | Val C-index: 0.6999
Epoch 2/50 | Train Loss: 3.2258 | Train C-index: 0.7846 | Val Loss: 4.2146 | Val C-index: 0.7217
Epoch 3/50 | Train Loss: 3.1354 | Train C-index: 0.8054 | Val Loss: 4.1916 | Val C-index: 0.7235
Epoch 4/50 | Train Loss: 3.1016 | Train C-index: 0.8093 | Val Loss: 4.1996 | Val C-index: 0.7258
Epoch 5/50 | Train Loss: 3.0528 | Train C-index: 0.8039 | Val Loss: 4.1753 | Val C-index: 0.7206
Epoch 6/50 | Train Loss: 3.0436 | Train C-index: 0.8202 | Val Loss: 4.4000 | Val C-index: 0.6685
Epoch 7/50 | Train Loss: 2.9894 | Train C-index: 0.8400 | Val Loss: 4.3814 | Val C-index: 0.6679
Epoch 8/50 | Train Loss: 2.8845 | Train C-index: 0.8521 | Val Loss: 4.3309 | Val C-index: 0.7086
Epoch 9/50 | Train Loss: 2.8064 | Train C-index: 0.8731 | Val Loss: 4.4276 | Val C-index: 0.7078
Epoch 10/50 | Train Loss: 2.7365 | Train C-index: 0.8850 | Val Loss: 4.4585 | Val C-index: 0.7069
Epoch 11/50 | Train Loss: 2.6453 | Train C-index: 0.8799 | Val Loss: 4.6226 | Val C-index: 0.6804
Epoch 12/50 | Train Loss: 2.6879 | Train C-index: 0.9023 | Val Loss: 4.6316 | Val C-index: 0.6822
Epoch 13/50 | Train Loss: 2.5452 | Train C-index: 0.8950 | Val Loss: 5.1825 | Val C-index: 0.6918
Epoch 14/50 | Train Loss: 2.6347 | Train C-index: 0.9055 | Val Loss: 4.4270 | Val C-index: 0.7121
Epoch 15/50 | Train Loss: 2.5828 | Train C-index: 0.8991 | Val Loss: 4.8364 | Val C-index: 0.6837
Epoch 16/50 | Train Loss: 2.5756 | Train C-index: 0.9185 | Val Loss: 4.5834 | Val C-index: 0.7130
Epoch 17/50 | Train Loss: 2.4789 | Train C-index: 0.9230 | Val Loss: 4.7581 | Val C-index: 0.7250
Epoch 18/50 | Train Loss: 2.3472 | Train C-index: 0.9345 | Val Loss: 4.9815 | Val C-index: 0.7034
Epoch 19/50 | Train Loss: 2.3715 | Train C-index: 0.9430 | Val Loss: 5.0600 | Val C-index: 0.7109
Early stopping at epoch 19
Fold 1 final C-index: 0.7258

Extra survival metrics:
cutoff_from_train_median: -1.038596
n_test: 129
n_high_risk: 76
n_low_risk: 53
n_event_test: 51
logrank_stat: 18.833260
logrank_p: 0.000014
auc_36m: 0.752920
auc_60m: 0.720942
mean_auc: 0.744241
HR_high_vs_low: 4.342444
HR_95CI_lower: 2.108166
HR_95CI_upper: 8.944659
cox_p: 0.000068

==================================================
Fold 3/5
==================================================
Epoch 1/50 | Train Loss: 3.5237 | Train C-index: 0.6900 | Val Loss: 4.9803 | Val C-index: 0.6296
Epoch 2/50 | Train Loss: 3.5385 | Train C-index: 0.7175 | Val Loss: 4.4631 | Val C-index: 0.6438
Epoch 3/50 | Train Loss: 3.2771 | Train C-index: 0.7279 | Val Loss: 4.5539 | Val C-index: 0.6446
Epoch 4/50 | Train Loss: 3.2500 | Train C-index: 0.7537 | Val Loss: 4.5564 | Val C-index: 0.6572
Epoch 5/50 | Train Loss: 3.1752 | Train C-index: 0.7803 | Val Loss: 4.5260 | Val C-index: 0.6731
Epoch 6/50 | Train Loss: 3.1137 | Train C-index: 0.7933 | Val Loss: 4.6149 | Val C-index: 0.6586
Epoch 7/50 | Train Loss: 3.0964 | Train C-index: 0.8069 | Val Loss: 4.8125 | Val C-index: 0.6482
Epoch 8/50 | Train Loss: 3.0442 | Train C-index: 0.8076 | Val Loss: 4.6359 | Val C-index: 0.6802
Epoch 9/50 | Train Loss: 3.1152 | Train C-index: 0.8269 | Val Loss: 4.6987 | Val C-index: 0.6367
Epoch 10/50 | Train Loss: 3.0141 | Train C-index: 0.8411 | Val Loss: 4.6995 | Val C-index: 0.6605
Epoch 11/50 | Train Loss: 2.9153 | Train C-index: 0.8434 | Val Loss: 4.8187 | Val C-index: 0.6591
Epoch 12/50 | Train Loss: 2.9277 | Train C-index: 0.8480 | Val Loss: 4.6485 | Val C-index: 0.6764
Epoch 13/50 | Train Loss: 2.9512 | Train C-index: 0.8679 | Val Loss: 4.9094 | Val C-index: 0.6632
Epoch 14/50 | Train Loss: 2.8591 | Train C-index: 0.8495 | Val Loss: 4.8180 | Val C-index: 0.6689
Epoch 15/50 | Train Loss: 2.9412 | Train C-index: 0.8380 | Val Loss: 4.9550 | Val C-index: 0.5898
Epoch 16/50 | Train Loss: 2.9445 | Train C-index: 0.8566 | Val Loss: 4.9248 | Val C-index: 0.6425
Epoch 17/50 | Train Loss: 2.7898 | Train C-index: 0.8628 | Val Loss: 4.8592 | Val C-index: 0.6545
Epoch 18/50 | Train Loss: 2.7369 | Train C-index: 0.8860 | Val Loss: 5.0209 | Val C-index: 0.6147
Epoch 19/50 | Train Loss: 2.6471 | Train C-index: 0.8966 | Val Loss: 5.1656 | Val C-index: 0.6373
Epoch 20/50 | Train Loss: 2.5497 | Train C-index: 0.9035 | Val Loss: 5.4400 | Val C-index: 0.6404
Epoch 21/50 | Train Loss: 2.5380 | Train C-index: 0.9174 | Val Loss: 5.6244 | Val C-index: 0.6122
Epoch 22/50 | Train Loss: 2.4209 | Train C-index: 0.9263 | Val Loss: 5.6233 | Val C-index: 0.6143
Epoch 23/50 | Train Loss: 2.3081 | Train C-index: 0.9285 | Val Loss: 6.2464 | Val C-index: 0.5745
Early stopping at epoch 23
Fold 2 final C-index: 0.6802

Extra survival metrics:
cutoff_from_train_median: 0.191415
n_test: 128
n_high_risk: 66
n_low_risk: 62
n_event_test: 50
logrank_stat: 16.837877
logrank_p: 0.000041
auc_36m: 0.758793
auc_60m: 0.719505
mean_auc: 0.751130
HR_high_vs_low: 3.350236
HR_95CI_lower: 1.818921
HR_95CI_upper: 6.170736
cox_p: 0.000105

==================================================
Fold 4/5
==================================================
Epoch 1/50 | Train Loss: 3.5293 | Train C-index: 0.7389 | Val Loss: 3.9056 | Val C-index: 0.7591
Epoch 2/50 | Train Loss: 3.3183 | Train C-index: 0.7655 | Val Loss: 4.0458 | Val C-index: 0.6977
Epoch 3/50 | Train Loss: 3.2705 | Train C-index: 0.7641 | Val Loss: 4.0493 | Val C-index: 0.7312
Epoch 4/50 | Train Loss: 3.2186 | Train C-index: 0.7893 | Val Loss: 4.1113 | Val C-index: 0.6600
Epoch 5/50 | Train Loss: 3.2303 | Train C-index: 0.8133 | Val Loss: 4.0690 | Val C-index: 0.7274
Epoch 6/50 | Train Loss: 3.1879 | Train C-index: 0.8088 | Val Loss: 4.1057 | Val C-index: 0.6835
Epoch 7/50 | Train Loss: 3.1438 | Train C-index: 0.7938 | Val Loss: 4.0421 | Val C-index: 0.7363
Epoch 8/50 | Train Loss: 3.1529 | Train C-index: 0.8110 | Val Loss: 4.0064 | Val C-index: 0.7499
Epoch 9/50 | Train Loss: 3.1071 | Train C-index: 0.8308 | Val Loss: 4.0407 | Val C-index: 0.7574
Epoch 10/50 | Train Loss: 3.0065 | Train C-index: 0.8467 | Val Loss: 4.1632 | Val C-index: 0.7521
Epoch 11/50 | Train Loss: 2.8866 | Train C-index: 0.8612 | Val Loss: 4.3125 | Val C-index: 0.7444
Epoch 12/50 | Train Loss: 2.9038 | Train C-index: 0.8611 | Val Loss: 4.3412 | Val C-index: 0.7260
Epoch 13/50 | Train Loss: 2.8624 | Train C-index: 0.8717 | Val Loss: 4.2524 | Val C-index: 0.7514
Epoch 14/50 | Train Loss: 2.8828 | Train C-index: 0.8790 | Val Loss: 4.5081 | Val C-index: 0.7679
Epoch 15/50 | Train Loss: 2.7515 | Train C-index: 0.8857 | Val Loss: 4.2676 | Val C-index: 0.7272
Epoch 16/50 | Train Loss: 2.6702 | Train C-index: 0.9027 | Val Loss: 4.3023 | Val C-index: 0.7583
Epoch 17/50 | Train Loss: 2.5587 | Train C-index: 0.9168 | Val Loss: 4.5584 | Val C-index: 0.7411
Epoch 18/50 | Train Loss: 2.4988 | Train C-index: 0.9091 | Val Loss: 5.0411 | Val C-index: 0.7523
Epoch 19/50 | Train Loss: 2.4792 | Train C-index: 0.9052 | Val Loss: 4.7884 | Val C-index: 0.7135
Epoch 20/50 | Train Loss: 2.5606 | Train C-index: 0.9115 | Val Loss: 5.0277 | Val C-index: 0.7240
Epoch 21/50 | Train Loss: 2.6253 | Train C-index: 0.9169 | Val Loss: 4.7591 | Val C-index: 0.7483
Epoch 22/50 | Train Loss: 2.4811 | Train C-index: 0.9214 | Val Loss: 4.5577 | Val C-index: 0.7389
Epoch 23/50 | Train Loss: 2.4540 | Train C-index: 0.9337 | Val Loss: 4.7175 | Val C-index: 0.7363
Epoch 24/50 | Train Loss: 2.3885 | Train C-index: 0.9409 | Val Loss: 4.9003 | Val C-index: 0.7617
Epoch 25/50 | Train Loss: 2.3018 | Train C-index: 0.9438 | Val Loss: 4.7321 | Val C-index: 0.7658
Epoch 26/50 | Train Loss: 2.2451 | Train C-index: 0.9449 | Val Loss: 4.9352 | Val C-index: 0.7473
Epoch 27/50 | Train Loss: 2.2070 | Train C-index: 0.9497 | Val Loss: 5.2055 | Val C-index: 0.7329
Epoch 28/50 | Train Loss: 2.2633 | Train C-index: 0.9524 | Val Loss: 5.3192 | Val C-index: 0.7293
Epoch 29/50 | Train Loss: 2.2100 | Train C-index: 0.9508 | Val Loss: 5.6411 | Val C-index: 0.7274
Early stopping at epoch 29
Fold 3 final C-index: 0.7679

Extra survival metrics:
cutoff_from_train_median: -1.450756
n_test: 128
n_high_risk: 67
n_low_risk: 61
n_event_test: 50
logrank_stat: 26.625816
logrank_p: 0.000000
auc_36m: 0.822834
auc_60m: 0.771343
mean_auc: 0.810546
HR_high_vs_low: 6.390801
HR_95CI_lower: 2.853170
HR_95CI_upper: 14.314722
cox_p: 0.000007

==================================================
Fold 5/5
==================================================
Epoch 1/50 | Train Loss: 3.4622 | Train C-index: 0.7675 | Val Loss: 4.2541 | Val C-index: 0.7193
Epoch 2/50 | Train Loss: 3.2595 | Train C-index: 0.7892 | Val Loss: 4.2247 | Val C-index: 0.7243
Epoch 3/50 | Train Loss: 3.1581 | Train C-index: 0.7920 | Val Loss: 4.2494 | Val C-index: 0.7143
Epoch 4/50 | Train Loss: 3.1935 | Train C-index: 0.8008 | Val Loss: 4.2353 | Val C-index: 0.7175
Epoch 5/50 | Train Loss: 3.2629 | Train C-index: 0.8208 | Val Loss: 4.2763 | Val C-index: 0.7138
Epoch 6/50 | Train Loss: 3.0450 | Train C-index: 0.8228 | Val Loss: 4.2243 | Val C-index: 0.7054
Epoch 7/50 | Train Loss: 3.0760 | Train C-index: 0.8362 | Val Loss: 4.2882 | Val C-index: 0.7079
Epoch 8/50 | Train Loss: 2.9987 | Train C-index: 0.8436 | Val Loss: 4.3592 | Val C-index: 0.7102
Epoch 9/50 | Train Loss: 2.9659 | Train C-index: 0.8580 | Val Loss: 4.3732 | Val C-index: 0.7129
Epoch 10/50 | Train Loss: 2.9266 | Train C-index: 0.8655 | Val Loss: 4.3293 | Val C-index: 0.7262
Epoch 11/50 | Train Loss: 2.8255 | Train C-index: 0.8698 | Val Loss: 4.4543 | Val C-index: 0.7175
Epoch 12/50 | Train Loss: 2.8018 | Train C-index: 0.8866 | Val Loss: 4.4963 | Val C-index: 0.7136
Epoch 13/50 | Train Loss: 2.7270 | Train C-index: 0.8972 | Val Loss: 4.5498 | Val C-index: 0.7173
Epoch 14/50 | Train Loss: 2.6390 | Train C-index: 0.8989 | Val Loss: 4.7721 | Val C-index: 0.7141
Epoch 15/50 | Train Loss: 2.5649 | Train C-index: 0.9161 | Val Loss: 4.8518 | Val C-index: 0.7104
Epoch 16/50 | Train Loss: 2.4479 | Train C-index: 0.9255 | Val Loss: 5.2589 | Val C-index: 0.7154
Epoch 17/50 | Train Loss: 2.4183 | Train C-index: 0.9279 | Val Loss: 5.1904 | Val C-index: 0.6965
Epoch 18/50 | Train Loss: 2.3803 | Train C-index: 0.9251 | Val Loss: 5.6285 | Val C-index: 0.6974
Epoch 19/50 | Train Loss: 2.4407 | Train C-index: 0.9450 | Val Loss: 5.2390 | Val C-index: 0.6807
Epoch 20/50 | Train Loss: 2.3256 | Train C-index: 0.9374 | Val Loss: 5.4434 | Val C-index: 0.7058
Epoch 21/50 | Train Loss: 2.3282 | Train C-index: 0.9456 | Val Loss: 5.1766 | Val C-index: 0.6955
Epoch 22/50 | Train Loss: 2.1985 | Train C-index: 0.9523 | Val Loss: 5.5463 | Val C-index: 0.6910
Epoch 23/50 | Train Loss: 2.0761 | Train C-index: 0.9604 | Val Loss: 5.7591 | Val C-index: 0.6997
Epoch 24/50 | Train Loss: 1.9637 | Train C-index: 0.9471 | Val Loss: 6.3245 | Val C-index: 0.7051
Epoch 25/50 | Train Loss: 2.1243 | Train C-index: 0.9475 | Val Loss: 5.5295 | Val C-index: 0.6937
Early stopping at epoch 25
Fold 4 final C-index: 0.7262

Extra survival metrics:
cutoff_from_train_median: -1.089220
n_test: 128
n_high_risk: 63
n_low_risk: 65
n_event_test: 50
logrank_stat: 17.711926
logrank_p: 0.000026
auc_36m: 0.803255
auc_60m: 0.745922
mean_auc: 0.782795
HR_high_vs_low: 3.486036
HR_95CI_lower: 1.876391
HR_95CI_upper: 6.476500
cox_p: 0.000078

==================================================
5-Fold CV Summary
==================================================
  C-index: 0.7248 +/- 0.0310
