nohup: ignoring input
Using Device: cuda
Model: meanpool-cox | Implementation: original
Checkpoints: /home/gly001/cqj/pa_ct_surv/checkpoints/pact_v2/pathology/meanpool/seed42
Results:     /home/gly001/cqj/pa_ct_surv/results/pact_v2/pathology/meanpool/seed42
Loaded 797 samples
Locked split from dataset CSV: train=642, test=155
Test set is not accessed during CV

==================================================
Fold 1/5
==================================================
Epoch 1/30 | Train Loss: 3.4838 | Train C-index: 0.7318 | Val Loss: 4.1759 | Val C-index: 0.6875
Epoch 2/30 | Train Loss: 3.3732 | Train C-index: 0.7369 | Val Loss: 4.1152 | Val C-index: 0.6838
Epoch 3/30 | Train Loss: 3.3067 | Train C-index: 0.7399 | Val Loss: 4.1087 | Val C-index: 0.6868
Epoch 4/30 | Train Loss: 3.2735 | Train C-index: 0.7444 | Val Loss: 4.1251 | Val C-index: 0.6882
Epoch 5/30 | Train Loss: 3.2514 | Train C-index: 0.7509 | Val Loss: 4.1364 | Val C-index: 0.6884
Epoch 6/30 | Train Loss: 3.2293 | Train C-index: 0.7576 | Val Loss: 4.1297 | Val C-index: 0.6924
Epoch 7/30 | Train Loss: 3.2030 | Train C-index: 0.7650 | Val Loss: 4.1189 | Val C-index: 0.6924
Epoch 8/30 | Train Loss: 3.1839 | Train C-index: 0.7715 | Val Loss: 4.1102 | Val C-index: 0.6912
Epoch 9/30 | Train Loss: 3.1673 | Train C-index: 0.7778 | Val Loss: 4.1048 | Val C-index: 0.6924
Epoch 10/30 | Train Loss: 3.1511 | Train C-index: 0.7829 | Val Loss: 4.1067 | Val C-index: 0.6924
Epoch 11/30 | Train Loss: 3.1354 | Train C-index: 0.7869 | Val Loss: 4.1114 | Val C-index: 0.6912
Epoch 12/30 | Train Loss: 3.0938 | Train C-index: 0.7909 | Val Loss: 4.1124 | Val C-index: 0.6942
Epoch 13/30 | Train Loss: 3.0889 | Train C-index: 0.7937 | Val Loss: 4.1203 | Val C-index: 0.6933
Epoch 14/30 | Train Loss: 3.0976 | Train C-index: 0.7977 | Val Loss: 4.1232 | Val C-index: 0.6954
Epoch 15/30 | Train Loss: 3.0685 | Train C-index: 0.8020 | Val Loss: 4.1206 | Val C-index: 0.6988
Epoch 16/30 | Train Loss: 3.0377 | Train C-index: 0.8061 | Val Loss: 4.1283 | Val C-index: 0.6975
Epoch 17/30 | Train Loss: 3.0250 | Train C-index: 0.8104 | Val Loss: 4.1331 | Val C-index: 0.6993
Epoch 18/30 | Train Loss: 3.0198 | Train C-index: 0.8130 | Val Loss: 4.1417 | Val C-index: 0.6991
Epoch 19/30 | Train Loss: 2.9989 | Train C-index: 0.8163 | Val Loss: 4.1492 | Val C-index: 0.7016
Epoch 20/30 | Train Loss: 2.9828 | Train C-index: 0.8198 | Val Loss: 4.1500 | Val C-index: 0.7016
Epoch 21/30 | Train Loss: 2.9749 | Train C-index: 0.8230 | Val Loss: 4.1396 | Val C-index: 0.7058
Epoch 22/30 | Train Loss: 2.9591 | Train C-index: 0.8263 | Val Loss: 4.1413 | Val C-index: 0.7069
Epoch 23/30 | Train Loss: 2.9418 | Train C-index: 0.8289 | Val Loss: 4.1530 | Val C-index: 0.7058
Epoch 24/30 | Train Loss: 2.9451 | Train C-index: 0.8314 | Val Loss: 4.1654 | Val C-index: 0.7065
Epoch 25/30 | Train Loss: 2.9114 | Train C-index: 0.8337 | Val Loss: 4.1682 | Val C-index: 0.7060
Epoch 26/30 | Train Loss: 2.9053 | Train C-index: 0.8370 | Val Loss: 4.1761 | Val C-index: 0.7037
Epoch 27/30 | Train Loss: 2.8997 | Train C-index: 0.8393 | Val Loss: 4.1760 | Val C-index: 0.7058
Epoch 28/30 | Train Loss: 2.8810 | Train C-index: 0.8421 | Val Loss: 4.1855 | Val C-index: 0.7046
Epoch 29/30 | Train Loss: 2.8632 | Train C-index: 0.8425 | Val Loss: 4.2140 | Val C-index: 0.7028
Epoch 30/30 | Train Loss: 2.8488 | Train C-index: 0.8444 | Val Loss: 4.2301 | Val C-index: 0.7053
Fold 0 final C-index: 0.7069

Extra survival metrics:
cutoff_from_train_median: -1.356190
n_test: 129
n_high_risk: 60
n_low_risk: 69
n_event_test: 50
logrank_stat: 24.588000
logrank_p: 0.000001
auc_36m: 0.769684
auc_60m: 0.735896
mean_auc: 0.762355
HR_high_vs_low: 4.243008
HR_95CI_lower: 2.281614
HR_95CI_upper: 7.890521
cox_p: 0.000005

==================================================
Fold 2/5
==================================================
Epoch 1/30 | Train Loss: 3.4354 | Train C-index: 0.7190 | Val Loss: 4.3337 | Val C-index: 0.7177
Epoch 2/30 | Train Loss: 3.3269 | Train C-index: 0.7290 | Val Loss: 4.2663 | Val C-index: 0.7190
Epoch 3/30 | Train Loss: 3.2634 | Train C-index: 0.7355 | Val Loss: 4.2422 | Val C-index: 0.7190
Epoch 4/30 | Train Loss: 3.2477 | Train C-index: 0.7426 | Val Loss: 4.2373 | Val C-index: 0.7177
Epoch 5/30 | Train Loss: 3.2128 | Train C-index: 0.7497 | Val Loss: 4.2381 | Val C-index: 0.7103
Epoch 6/30 | Train Loss: 3.2174 | Train C-index: 0.7574 | Val Loss: 4.2367 | Val C-index: 0.7154
Epoch 7/30 | Train Loss: 3.1880 | Train C-index: 0.7643 | Val Loss: 4.2319 | Val C-index: 0.7169
Epoch 8/30 | Train Loss: 3.1577 | Train C-index: 0.7718 | Val Loss: 4.2340 | Val C-index: 0.7154
Epoch 9/30 | Train Loss: 3.1358 | Train C-index: 0.7776 | Val Loss: 4.2338 | Val C-index: 0.7132
Epoch 10/30 | Train Loss: 3.1135 | Train C-index: 0.7827 | Val Loss: 4.2348 | Val C-index: 0.7123
Epoch 11/30 | Train Loss: 3.1118 | Train C-index: 0.7870 | Val Loss: 4.2393 | Val C-index: 0.7125
Epoch 12/30 | Train Loss: 3.0864 | Train C-index: 0.7901 | Val Loss: 4.2407 | Val C-index: 0.7148
Early stopping at epoch 12
Fold 1 final C-index: 0.7190

Extra survival metrics:
cutoff_from_train_median: -0.464091
n_test: 129
n_high_risk: 76
n_low_risk: 53
n_event_test: 51
logrank_stat: 17.305384
logrank_p: 0.000032
auc_36m: 0.752811
auc_60m: 0.740073
mean_auc: 0.749354
HR_high_vs_low: 3.922306
HR_95CI_lower: 1.960059
HR_95CI_upper: 7.848990
cox_p: 0.000113

==================================================
Fold 3/5
==================================================
Epoch 1/30 | Train Loss: 3.4171 | Train C-index: 0.7300 | Val Loss: 4.3795 | Val C-index: 0.6963
Epoch 2/30 | Train Loss: 3.3045 | Train C-index: 0.7380 | Val Loss: 4.3385 | Val C-index: 0.7005
Epoch 3/30 | Train Loss: 3.2573 | Train C-index: 0.7432 | Val Loss: 4.3397 | Val C-index: 0.6995
Epoch 4/30 | Train Loss: 3.2550 | Train C-index: 0.7490 | Val Loss: 4.3544 | Val C-index: 0.7036
Epoch 5/30 | Train Loss: 3.2653 | Train C-index: 0.7554 | Val Loss: 4.3714 | Val C-index: 0.7041
Epoch 6/30 | Train Loss: 3.1725 | Train C-index: 0.7604 | Val Loss: 4.3736 | Val C-index: 0.7024
Epoch 7/30 | Train Loss: 3.1563 | Train C-index: 0.7667 | Val Loss: 4.3683 | Val C-index: 0.7041
Epoch 8/30 | Train Loss: 3.1815 | Train C-index: 0.7734 | Val Loss: 4.3637 | Val C-index: 0.7055
Epoch 9/30 | Train Loss: 3.1254 | Train C-index: 0.7786 | Val Loss: 4.3622 | Val C-index: 0.7064
Epoch 10/30 | Train Loss: 3.1829 | Train C-index: 0.7824 | Val Loss: 4.3695 | Val C-index: 0.7028
Epoch 11/30 | Train Loss: 3.1507 | Train C-index: 0.7850 | Val Loss: 4.3901 | Val C-index: 0.7032
Epoch 12/30 | Train Loss: 3.1223 | Train C-index: 0.7899 | Val Loss: 4.4013 | Val C-index: 0.7024
Epoch 13/30 | Train Loss: 3.1970 | Train C-index: 0.7930 | Val Loss: 4.4091 | Val C-index: 0.6972
Epoch 14/30 | Train Loss: 3.1256 | Train C-index: 0.7946 | Val Loss: 4.4100 | Val C-index: 0.6921
Epoch 15/30 | Train Loss: 3.0335 | Train C-index: 0.7990 | Val Loss: 4.4185 | Val C-index: 0.6892
Epoch 16/30 | Train Loss: 3.0196 | Train C-index: 0.8032 | Val Loss: 4.4267 | Val C-index: 0.6871
Epoch 17/30 | Train Loss: 3.0184 | Train C-index: 0.8055 | Val Loss: 4.4379 | Val C-index: 0.6829
Epoch 18/30 | Train Loss: 2.9880 | Train C-index: 0.8083 | Val Loss: 4.4544 | Val C-index: 0.6859
Epoch 19/30 | Train Loss: 2.9702 | Train C-index: 0.8105 | Val Loss: 4.4672 | Val C-index: 0.6854
Early stopping at epoch 19
Fold 2 final C-index: 0.7064

Extra survival metrics:
cutoff_from_train_median: -0.791888
n_test: 128
n_high_risk: 62
n_low_risk: 66
n_event_test: 50
logrank_stat: 13.202987
logrank_p: 0.000280
auc_36m: 0.759305
auc_60m: 0.730486
mean_auc: 0.753684
HR_high_vs_low: 2.837681
HR_95CI_lower: 1.576830
HR_95CI_upper: 5.106721
cox_p: 0.000503

==================================================
Fold 4/5
==================================================
Epoch 1/30 | Train Loss: 3.6311 | Train C-index: 0.7087 | Val Loss: 4.0646 | Val C-index: 0.7317
Epoch 2/30 | Train Loss: 3.3890 | Train C-index: 0.7185 | Val Loss: 3.9923 | Val C-index: 0.7394
Epoch 3/30 | Train Loss: 3.4274 | Train C-index: 0.7225 | Val Loss: 3.9472 | Val C-index: 0.7387
Epoch 4/30 | Train Loss: 3.3304 | Train C-index: 0.7270 | Val Loss: 3.9232 | Val C-index: 0.7435
Epoch 5/30 | Train Loss: 3.3217 | Train C-index: 0.7310 | Val Loss: 3.9187 | Val C-index: 0.7468
Epoch 6/30 | Train Loss: 3.3007 | Train C-index: 0.7356 | Val Loss: 3.9244 | Val C-index: 0.7456
Epoch 7/30 | Train Loss: 3.2660 | Train C-index: 0.7405 | Val Loss: 3.9323 | Val C-index: 0.7430
Epoch 8/30 | Train Loss: 3.2761 | Train C-index: 0.7458 | Val Loss: 3.9385 | Val C-index: 0.7420
Epoch 9/30 | Train Loss: 3.2415 | Train C-index: 0.7523 | Val Loss: 3.9479 | Val C-index: 0.7384
Epoch 10/30 | Train Loss: 3.2240 | Train C-index: 0.7577 | Val Loss: 3.9565 | Val C-index: 0.7336
Epoch 11/30 | Train Loss: 3.2407 | Train C-index: 0.7622 | Val Loss: 3.9570 | Val C-index: 0.7346
Epoch 12/30 | Train Loss: 3.1985 | Train C-index: 0.7668 | Val Loss: 3.9529 | Val C-index: 0.7351
Epoch 13/30 | Train Loss: 3.2097 | Train C-index: 0.7713 | Val Loss: 3.9472 | Val C-index: 0.7353
Epoch 14/30 | Train Loss: 3.3217 | Train C-index: 0.7747 | Val Loss: 3.9455 | Val C-index: 0.7372
Epoch 15/30 | Train Loss: 3.1596 | Train C-index: 0.7789 | Val Loss: 3.9377 | Val C-index: 0.7389
Early stopping at epoch 15
Fold 3 final C-index: 0.7468

Extra survival metrics:
cutoff_from_train_median: -0.988471
n_test: 128
n_high_risk: 61
n_low_risk: 67
n_event_test: 50
logrank_stat: 24.941277
logrank_p: 0.000001
auc_36m: 0.788628
auc_60m: 0.749224
mean_auc: 0.779224
HR_high_vs_low: 5.062063
HR_95CI_lower: 2.505687
HR_95CI_upper: 10.226531
cox_p: 0.000006

==================================================
Fold 5/5
==================================================
Epoch 1/30 | Train Loss: 3.5308 | Train C-index: 0.7242 | Val Loss: 4.2588 | Val C-index: 0.6965
Epoch 2/30 | Train Loss: 3.4850 | Train C-index: 0.7314 | Val Loss: 4.2100 | Val C-index: 0.7040
Epoch 3/30 | Train Loss: 3.4065 | Train C-index: 0.7352 | Val Loss: 4.1912 | Val C-index: 0.7118
Epoch 4/30 | Train Loss: 3.2636 | Train C-index: 0.7385 | Val Loss: 4.1810 | Val C-index: 0.7118
Epoch 5/30 | Train Loss: 3.4276 | Train C-index: 0.7421 | Val Loss: 4.1771 | Val C-index: 0.7157
Epoch 6/30 | Train Loss: 3.2402 | Train C-index: 0.7458 | Val Loss: 4.1792 | Val C-index: 0.7157
Epoch 7/30 | Train Loss: 3.3565 | Train C-index: 0.7500 | Val Loss: 4.1795 | Val C-index: 0.7195
Epoch 8/30 | Train Loss: 3.3265 | Train C-index: 0.7548 | Val Loss: 4.1801 | Val C-index: 0.7230
Epoch 9/30 | Train Loss: 3.1909 | Train C-index: 0.7576 | Val Loss: 4.1829 | Val C-index: 0.7243
Epoch 10/30 | Train Loss: 3.1916 | Train C-index: 0.7620 | Val Loss: 4.1851 | Val C-index: 0.7262
Epoch 11/30 | Train Loss: 3.1641 | Train C-index: 0.7660 | Val Loss: 4.1834 | Val C-index: 0.7285
Epoch 12/30 | Train Loss: 3.1950 | Train C-index: 0.7697 | Val Loss: 4.1817 | Val C-index: 0.7285
Epoch 13/30 | Train Loss: 3.1520 | Train C-index: 0.7729 | Val Loss: 4.1812 | Val C-index: 0.7326
Epoch 14/30 | Train Loss: 3.1263 | Train C-index: 0.7765 | Val Loss: 4.1770 | Val C-index: 0.7355
Epoch 15/30 | Train Loss: 3.1318 | Train C-index: 0.7811 | Val Loss: 4.1688 | Val C-index: 0.7390
Epoch 16/30 | Train Loss: 3.1085 | Train C-index: 0.7858 | Val Loss: 4.1634 | Val C-index: 0.7394
Epoch 17/30 | Train Loss: 3.3549 | Train C-index: 0.7904 | Val Loss: 4.1515 | Val C-index: 0.7392
Epoch 18/30 | Train Loss: 3.1088 | Train C-index: 0.7934 | Val Loss: 4.1348 | Val C-index: 0.7383
Epoch 19/30 | Train Loss: 3.0991 | Train C-index: 0.7939 | Val Loss: 4.1374 | Val C-index: 0.7351
Epoch 20/30 | Train Loss: 3.1107 | Train C-index: 0.7950 | Val Loss: 4.1433 | Val C-index: 0.7342
Epoch 21/30 | Train Loss: 3.0644 | Train C-index: 0.7961 | Val Loss: 4.1504 | Val C-index: 0.7349
Epoch 22/30 | Train Loss: 3.0398 | Train C-index: 0.7979 | Val Loss: 4.1630 | Val C-index: 0.7358
Epoch 23/30 | Train Loss: 3.0182 | Train C-index: 0.8004 | Val Loss: 4.1726 | Val C-index: 0.7323
Epoch 24/30 | Train Loss: 3.0299 | Train C-index: 0.8032 | Val Loss: 4.1855 | Val C-index: 0.7314
Epoch 25/30 | Train Loss: 3.1118 | Train C-index: 0.8070 | Val Loss: 4.1882 | Val C-index: 0.7321
Epoch 26/30 | Train Loss: 3.0258 | Train C-index: 0.8095 | Val Loss: 4.1903 | Val C-index: 0.7271
Early stopping at epoch 26
Fold 4 final C-index: 0.7394

Extra survival metrics:
cutoff_from_train_median: -0.864053
n_test: 128
n_high_risk: 64
n_low_risk: 64
n_event_test: 50
logrank_stat: 15.799520
logrank_p: 0.000070
auc_36m: 0.812372
auc_60m: 0.745813
mean_auc: 0.788620
HR_high_vs_low: 3.283353
HR_95CI_lower: 1.765532
HR_95CI_upper: 6.106039
cox_p: 0.000173

==================================================
5-Fold CV Summary
==================================================
  C-index: 0.7237 +/- 0.0186
