nohup: ignoring input
Using Device: cuda
Model: abmil-cox | Implementation: original
Checkpoints: /home/gly001/cqj/pa_ct_surv/checkpoints/pact_v2/pathology/roi96_abmil_all/seed42
Results:     /home/gly001/cqj/pa_ct_surv/results/pact_v2/pathology/roi96_abmil_all/seed42
Loaded 777 samples
Locked split from dataset CSV: train=625, test=152
Test set is not accessed during CV

==================================================
Fold 1/5
==================================================
Epoch 1/30 | Train Loss: 4.2879 | Train C-index: 0.7252 | Val Loss: 4.1727 | Val C-index: 0.7177
Epoch 2/30 | Train Loss: 4.1748 | Train C-index: 0.7298 | Val Loss: 4.1284 | Val C-index: 0.7140
Epoch 3/30 | Train Loss: 4.1111 | Train C-index: 0.7356 | Val Loss: 4.1139 | Val C-index: 0.7098
Epoch 4/30 | Train Loss: 4.0755 | Train C-index: 0.7424 | Val Loss: 4.1111 | Val C-index: 0.7105
Epoch 5/30 | Train Loss: 4.0361 | Train C-index: 0.7490 | Val Loss: 4.1152 | Val C-index: 0.7120
Epoch 6/30 | Train Loss: 4.0033 | Train C-index: 0.7558 | Val Loss: 4.1187 | Val C-index: 0.7128
Epoch 7/30 | Train Loss: 3.9775 | Train C-index: 0.7647 | Val Loss: 4.1167 | Val C-index: 0.7113
Epoch 8/30 | Train Loss: 3.9485 | Train C-index: 0.7724 | Val Loss: 4.1169 | Val C-index: 0.7075
Epoch 9/30 | Train Loss: 3.9102 | Train C-index: 0.7791 | Val Loss: 4.1172 | Val C-index: 0.7108
Epoch 10/30 | Train Loss: 3.8774 | Train C-index: 0.7849 | Val Loss: 4.1187 | Val C-index: 0.7145
Epoch 11/30 | Train Loss: 3.8608 | Train C-index: 0.7909 | Val Loss: 4.1260 | Val C-index: 0.7123
Early stopping at epoch 11
Fold 0 final C-index: 0.7177

Extra survival metrics:
cutoff_from_train_median: -0.217304
n_test: 125
n_high_risk: 64
n_low_risk: 61
n_event_test: 47
logrank_stat: 18.548335
logrank_p: 0.000017
auc_36m: 0.756283
auc_60m: 0.754264
mean_auc: 0.755832
HR_high_vs_low: 3.990210
HR_95CI_lower: 2.019775
HR_95CI_upper: 7.882948
cox_p: 0.000068

==================================================
Fold 2/5
==================================================
Epoch 1/30 | Train Loss: 4.2893 | Train C-index: 0.7170 | Val Loss: 4.2465 | Val C-index: 0.6914
Epoch 2/30 | Train Loss: 4.1731 | Train C-index: 0.7279 | Val Loss: 4.1858 | Val C-index: 0.6951
Epoch 3/30 | Train Loss: 4.0999 | Train C-index: 0.7337 | Val Loss: 4.1534 | Val C-index: 0.6982
Epoch 4/30 | Train Loss: 4.0757 | Train C-index: 0.7404 | Val Loss: 4.1371 | Val C-index: 0.7030
Epoch 5/30 | Train Loss: 4.0373 | Train C-index: 0.7481 | Val Loss: 4.1296 | Val C-index: 0.7076
Epoch 6/30 | Train Loss: 4.0034 | Train C-index: 0.7562 | Val Loss: 4.1166 | Val C-index: 0.7127
Epoch 7/30 | Train Loss: 3.9698 | Train C-index: 0.7662 | Val Loss: 4.1056 | Val C-index: 0.7183
Epoch 8/30 | Train Loss: 3.9608 | Train C-index: 0.7740 | Val Loss: 4.0935 | Val C-index: 0.7251
Epoch 9/30 | Train Loss: 3.9115 | Train C-index: 0.7800 | Val Loss: 4.0889 | Val C-index: 0.7280
Epoch 10/30 | Train Loss: 3.8805 | Train C-index: 0.7866 | Val Loss: 4.0869 | Val C-index: 0.7273
Epoch 11/30 | Train Loss: 3.8636 | Train C-index: 0.7916 | Val Loss: 4.0827 | Val C-index: 0.7318
Epoch 12/30 | Train Loss: 3.8090 | Train C-index: 0.7974 | Val Loss: 4.0818 | Val C-index: 0.7273
Epoch 13/30 | Train Loss: 3.7743 | Train C-index: 0.8028 | Val Loss: 4.0875 | Val C-index: 0.7231
Epoch 14/30 | Train Loss: 3.7469 | Train C-index: 0.8084 | Val Loss: 4.0962 | Val C-index: 0.7222
Epoch 15/30 | Train Loss: 3.7463 | Train C-index: 0.8137 | Val Loss: 4.1054 | Val C-index: 0.7178
Epoch 16/30 | Train Loss: 3.6683 | Train C-index: 0.8206 | Val Loss: 4.1106 | Val C-index: 0.7183
Epoch 17/30 | Train Loss: 3.6263 | Train C-index: 0.8264 | Val Loss: 4.1321 | Val C-index: 0.7188
Epoch 18/30 | Train Loss: 3.6113 | Train C-index: 0.8325 | Val Loss: 4.1595 | Val C-index: 0.7161
Epoch 19/30 | Train Loss: 3.5876 | Train C-index: 0.8388 | Val Loss: 4.1788 | Val C-index: 0.7152
Epoch 20/30 | Train Loss: 3.5528 | Train C-index: 0.8454 | Val Loss: 4.1830 | Val C-index: 0.7132
Epoch 21/30 | Train Loss: 3.5286 | Train C-index: 0.8504 | Val Loss: 4.1953 | Val C-index: 0.7108
Early stopping at epoch 21
Fold 1 final C-index: 0.7318

Extra survival metrics:
cutoff_from_train_median: -0.470233
n_test: 125
n_high_risk: 72
n_low_risk: 53
n_event_test: 47
logrank_stat: 21.475917
logrank_p: 0.000004
auc_36m: 0.778699
auc_60m: 0.695374
mean_auc: 0.749084
HR_high_vs_low: 5.453860
HR_95CI_lower: 2.438172
HR_95CI_upper: 12.199542
cox_p: 0.000036

==================================================
Fold 3/5
==================================================
Epoch 1/30 | Train Loss: 4.3160 | Train C-index: 0.7240 | Val Loss: 4.3000 | Val C-index: 0.6949
Epoch 2/30 | Train Loss: 4.1878 | Train C-index: 0.7334 | Val Loss: 4.2486 | Val C-index: 0.6940
Epoch 3/30 | Train Loss: 4.0953 | Train C-index: 0.7392 | Val Loss: 4.2428 | Val C-index: 0.6883
Epoch 4/30 | Train Loss: 4.0573 | Train C-index: 0.7454 | Val Loss: 4.2652 | Val C-index: 0.6880
Epoch 5/30 | Train Loss: 4.0174 | Train C-index: 0.7533 | Val Loss: 4.2821 | Val C-index: 0.6885
Epoch 6/30 | Train Loss: 3.9783 | Train C-index: 0.7620 | Val Loss: 4.2939 | Val C-index: 0.6880
Epoch 7/30 | Train Loss: 3.9436 | Train C-index: 0.7709 | Val Loss: 4.3043 | Val C-index: 0.6883
Epoch 8/30 | Train Loss: 3.8981 | Train C-index: 0.7790 | Val Loss: 4.3102 | Val C-index: 0.6871
Epoch 9/30 | Train Loss: 3.8696 | Train C-index: 0.7852 | Val Loss: 4.3256 | Val C-index: 0.6811
Epoch 10/30 | Train Loss: 3.8344 | Train C-index: 0.7917 | Val Loss: 4.3407 | Val C-index: 0.6861
Epoch 11/30 | Train Loss: 3.8168 | Train C-index: 0.7964 | Val Loss: 4.3626 | Val C-index: 0.6849
Early stopping at epoch 11
Fold 2 final C-index: 0.6949

Extra survival metrics:
cutoff_from_train_median: -0.128645
n_test: 125
n_high_risk: 54
n_low_risk: 71
n_event_test: 47
logrank_stat: 13.116007
logrank_p: 0.000293
auc_36m: 0.729126
auc_60m: 0.728046
mean_auc: 0.728857
HR_high_vs_low: 2.846722
HR_95CI_lower: 1.576000
HR_95CI_upper: 5.142022
cox_p: 0.000525

==================================================
Fold 4/5
==================================================
Epoch 1/30 | Train Loss: 4.2955 | Train C-index: 0.6931 | Val Loss: 4.2249 | Val C-index: 0.7744
Epoch 2/30 | Train Loss: 4.2073 | Train C-index: 0.7061 | Val Loss: 4.1295 | Val C-index: 0.7775
Epoch 3/30 | Train Loss: 4.1350 | Train C-index: 0.7123 | Val Loss: 4.0628 | Val C-index: 0.7817
Epoch 4/30 | Train Loss: 4.1179 | Train C-index: 0.7188 | Val Loss: 4.0267 | Val C-index: 0.7829
Epoch 5/30 | Train Loss: 4.0915 | Train C-index: 0.7262 | Val Loss: 4.0063 | Val C-index: 0.7843
Epoch 6/30 | Train Loss: 4.0510 | Train C-index: 0.7335 | Val Loss: 3.9916 | Val C-index: 0.7867
Epoch 7/30 | Train Loss: 4.0397 | Train C-index: 0.7418 | Val Loss: 3.9745 | Val C-index: 0.7914
Epoch 8/30 | Train Loss: 3.9973 | Train C-index: 0.7508 | Val Loss: 3.9554 | Val C-index: 0.7969
Epoch 9/30 | Train Loss: 3.9699 | Train C-index: 0.7589 | Val Loss: 3.9396 | Val C-index: 0.7938
Epoch 10/30 | Train Loss: 3.9678 | Train C-index: 0.7667 | Val Loss: 3.9253 | Val C-index: 0.7914
Epoch 11/30 | Train Loss: 3.9324 | Train C-index: 0.7738 | Val Loss: 3.9140 | Val C-index: 0.7917
Epoch 12/30 | Train Loss: 3.8940 | Train C-index: 0.7809 | Val Loss: 3.8951 | Val C-index: 0.7947
Epoch 13/30 | Train Loss: 3.8679 | Train C-index: 0.7865 | Val Loss: 3.8724 | Val C-index: 0.7969
Epoch 14/30 | Train Loss: 3.8354 | Train C-index: 0.7916 | Val Loss: 3.8540 | Val C-index: 0.7966
Epoch 15/30 | Train Loss: 3.8172 | Train C-index: 0.7973 | Val Loss: 3.8443 | Val C-index: 0.7950
Epoch 16/30 | Train Loss: 3.7773 | Train C-index: 0.8036 | Val Loss: 3.8397 | Val C-index: 0.7971
Epoch 17/30 | Train Loss: 3.7569 | Train C-index: 0.8091 | Val Loss: 3.8485 | Val C-index: 0.7940
Epoch 18/30 | Train Loss: 3.7232 | Train C-index: 0.8156 | Val Loss: 3.8570 | Val C-index: 0.7931
Epoch 19/30 | Train Loss: 3.6911 | Train C-index: 0.8222 | Val Loss: 3.8678 | Val C-index: 0.7884
Epoch 20/30 | Train Loss: 3.6458 | Train C-index: 0.8270 | Val Loss: 3.8781 | Val C-index: 0.7874
Epoch 21/30 | Train Loss: 3.6162 | Train C-index: 0.8304 | Val Loss: 3.9108 | Val C-index: 0.7865
Epoch 22/30 | Train Loss: 3.5998 | Train C-index: 0.8379 | Val Loss: 3.9086 | Val C-index: 0.7850
Epoch 23/30 | Train Loss: 3.5573 | Train C-index: 0.8450 | Val Loss: 3.9093 | Val C-index: 0.7808
Epoch 24/30 | Train Loss: 3.5241 | Train C-index: 0.8507 | Val Loss: 3.9295 | Val C-index: 0.7810
Epoch 25/30 | Train Loss: 3.4580 | Train C-index: 0.8562 | Val Loss: 3.9639 | Val C-index: 0.7789
Epoch 26/30 | Train Loss: 3.4435 | Train C-index: 0.8600 | Val Loss: 4.0218 | Val C-index: 0.7765
Early stopping at epoch 26
Fold 3 final C-index: 0.7971

Extra survival metrics:
cutoff_from_train_median: -0.950018
n_test: 125
n_high_risk: 56
n_low_risk: 69
n_event_test: 48
logrank_stat: 39.754438
logrank_p: 0.000000
auc_36m: 0.825567
auc_60m: 0.837479
mean_auc: 0.828006
HR_high_vs_low: 7.395227
HR_95CI_lower: 3.572804
HR_95CI_upper: 15.307130
cox_p: 0.000000

==================================================
Fold 5/5
==================================================
Epoch 1/30 | Train Loss: 4.3032 | Train C-index: 0.7245 | Val Loss: 4.1738 | Val C-index: 0.6813
Epoch 2/30 | Train Loss: 4.1803 | Train C-index: 0.7324 | Val Loss: 4.1077 | Val C-index: 0.6907
Epoch 3/30 | Train Loss: 4.1138 | Train C-index: 0.7364 | Val Loss: 4.0830 | Val C-index: 0.6929
Epoch 4/30 | Train Loss: 4.0677 | Train C-index: 0.7433 | Val Loss: 4.0814 | Val C-index: 0.6956
Epoch 5/30 | Train Loss: 4.0375 | Train C-index: 0.7510 | Val Loss: 4.0839 | Val C-index: 0.6977
Epoch 6/30 | Train Loss: 4.0106 | Train C-index: 0.7584 | Val Loss: 4.0810 | Val C-index: 0.6999
Epoch 7/30 | Train Loss: 3.9803 | Train C-index: 0.7666 | Val Loss: 4.0773 | Val C-index: 0.7026
Epoch 8/30 | Train Loss: 3.9568 | Train C-index: 0.7745 | Val Loss: 4.0686 | Val C-index: 0.7031
Epoch 9/30 | Train Loss: 3.9244 | Train C-index: 0.7827 | Val Loss: 4.0596 | Val C-index: 0.7045
Epoch 10/30 | Train Loss: 3.8812 | Train C-index: 0.7894 | Val Loss: 4.0525 | Val C-index: 0.7070
Epoch 11/30 | Train Loss: 3.8762 | Train C-index: 0.7964 | Val Loss: 4.0420 | Val C-index: 0.7074
Epoch 12/30 | Train Loss: 3.8315 | Train C-index: 0.8028 | Val Loss: 4.0345 | Val C-index: 0.7130
Epoch 13/30 | Train Loss: 3.7985 | Train C-index: 0.8089 | Val Loss: 4.0318 | Val C-index: 0.7174
Epoch 14/30 | Train Loss: 3.7569 | Train C-index: 0.8146 | Val Loss: 4.0368 | Val C-index: 0.7181
Epoch 15/30 | Train Loss: 3.7437 | Train C-index: 0.8198 | Val Loss: 4.0384 | Val C-index: 0.7198
Epoch 16/30 | Train Loss: 3.6835 | Train C-index: 0.8265 | Val Loss: 4.0457 | Val C-index: 0.7174
Epoch 17/30 | Train Loss: 3.6383 | Train C-index: 0.8324 | Val Loss: 4.0604 | Val C-index: 0.7176
Epoch 18/30 | Train Loss: 3.6250 | Train C-index: 0.8377 | Val Loss: 4.0772 | Val C-index: 0.7166
Epoch 19/30 | Train Loss: 3.5856 | Train C-index: 0.8428 | Val Loss: 4.0966 | Val C-index: 0.7169
Epoch 20/30 | Train Loss: 3.5557 | Train C-index: 0.8480 | Val Loss: 4.1207 | Val C-index: 0.7191
Epoch 21/30 | Train Loss: 3.4983 | Train C-index: 0.8544 | Val Loss: 4.1519 | Val C-index: 0.7217
Epoch 22/30 | Train Loss: 3.4612 | Train C-index: 0.8595 | Val Loss: 4.1839 | Val C-index: 0.7241
Epoch 23/30 | Train Loss: 3.4180 | Train C-index: 0.8644 | Val Loss: 4.2218 | Val C-index: 0.7249
Epoch 24/30 | Train Loss: 3.3710 | Train C-index: 0.8682 | Val Loss: 4.2786 | Val C-index: 0.7263
Epoch 25/30 | Train Loss: 3.3619 | Train C-index: 0.8728 | Val Loss: 4.3511 | Val C-index: 0.7275
Epoch 26/30 | Train Loss: 3.3197 | Train C-index: 0.8783 | Val Loss: 4.4319 | Val C-index: 0.7217
Epoch 27/30 | Train Loss: 3.2808 | Train C-index: 0.8838 | Val Loss: 4.4947 | Val C-index: 0.7200
Epoch 28/30 | Train Loss: 3.2289 | Train C-index: 0.8890 | Val Loss: 4.5533 | Val C-index: 0.7145
Epoch 29/30 | Train Loss: 3.1946 | Train C-index: 0.8926 | Val Loss: 4.6100 | Val C-index: 0.7099
Epoch 30/30 | Train Loss: 3.1360 | Train C-index: 0.8976 | Val Loss: 4.7093 | Val C-index: 0.7101
Fold 4 final C-index: 0.7275

Extra survival metrics:
cutoff_from_train_median: -1.778946
n_test: 125
n_high_risk: 64
n_low_risk: 61
n_event_test: 48
logrank_stat: 23.467960
logrank_p: 0.000001
auc_36m: 0.777020
auc_60m: 0.757382
mean_auc: 0.771054
HR_high_vs_low: 5.075778
HR_95CI_lower: 2.446086
HR_95CI_upper: 10.532549
cox_p: 0.000013

==================================================
5-Fold CV Summary
==================================================
  C-index: 0.7338 +/- 0.0381
