nohup: ignoring input
Sampled 10 slides from fold 0 val set (cv_seed=42):

Slide: 1518792 | label=1 | time=32.9mo
Features: torch.Size([10806, 1024])
[h5] Keys in /home/gly001/cqj/data/lung_cancer/pathology/clam/uni_features/h5_files/1518792.h5: ['coords', 'features']
  coords: (10806, 2), features: (10806, 1024)
Coords: (10806, 2)
Risk: 0.8698 | Att range: [0.0000, 0.0011]
  WSI: /home/gly001/cqj/data/lung_cancer/pathology/1518792.svs
    -> 1518792_heatmap.png, 1518792_wsi.png, top patches in /home/gly001/cqj/pa_ct_surv/vis/pact_v2/pathology/abmil_topk4096/top_patches/1518792

Slide: 1128566 | label=0 | time=34.0mo
Features: torch.Size([13927, 1024])
[h5] Keys in /home/gly001/cqj/data/lung_cancer/pathology/clam/uni_features/h5_files/1128566.h5: ['coords', 'features']
  coords: (13927, 2), features: (13927, 1024)
Coords: (13927, 2)
Risk: 1.4703 | Att range: [0.0000, 0.0015]
  WSI: /home/gly001/cqj/data/lung_cancer/pathology/1128566.svs
    -> 1128566_heatmap.png, 1128566_wsi.png, top patches in /home/gly001/cqj/pa_ct_surv/vis/pact_v2/pathology/abmil_topk4096/top_patches/1128566

Slide: 1532422 | label=1 | time=15.0mo
Features: torch.Size([14453, 1024])
[h5] Keys in /home/gly001/cqj/data/lung_cancer/pathology/clam/uni_features/h5_files/1532422.h5: ['coords', 'features']
  coords: (14453, 2), features: (14453, 1024)
Coords: (14453, 2)
Risk: -0.4713 | Att range: [0.0000, 0.0010]
  WSI: /home/gly001/cqj/data/lung_cancer/pathology/1532422.svs
    -> 1532422_heatmap.png, 1532422_wsi.png, top patches in /home/gly001/cqj/pa_ct_surv/vis/pact_v2/pathology/abmil_topk4096/top_patches/1532422

Slide: 1909549 | label=0 | time=63.0mo
Features: torch.Size([10731, 1024])
[h5] Keys in /home/gly001/cqj/data/lung_cancer/pathology/clam/uni_features/h5_files/1909549.h5: ['coords', 'features']
  coords: (10731, 2), features: (10731, 1024)
Coords: (10731, 2)
Risk: -0.6412 | Att range: [0.0000, 0.0008]
  WSI: /home/gly001/cqj/data/lung_cancer/pathology/1909549.svs
    -> 1909549_heatmap.png, 1909549_wsi.png, top patches in /home/gly001/cqj/pa_ct_surv/vis/pact_v2/pathology/abmil_topk4096/top_patches/1909549

Slide: 1529736 | label=1 | time=56.0mo
Features: torch.Size([9247, 1024])
[h5] Keys in /home/gly001/cqj/data/lung_cancer/pathology/clam/uni_features/h5_files/1529736.h5: ['coords', 'features']
  coords: (9247, 2), features: (9247, 1024)
Coords: (9247, 2)
Risk: -1.2461 | Att range: [0.0000, 0.0017]
  WSI: /home/gly001/cqj/data/lung_cancer/pathology/1529736.svs
    -> 1529736_heatmap.png, 1529736_wsi.png, top patches in /home/gly001/cqj/pa_ct_surv/vis/pact_v2/pathology/abmil_topk4096/top_patches/1529736

Slide: 1707583 | label=0 | time=25.0mo
Features: torch.Size([12354, 1024])
[h5] Keys in /home/gly001/cqj/data/lung_cancer/pathology/clam/uni_features/h5_files/1707583.h5: ['coords', 'features']
  coords: (12354, 2), features: (12354, 1024)
Coords: (12354, 2)
Risk: -3.9481 | Att range: [0.0000, 0.0014]
  WSI: /home/gly001/cqj/data/lung_cancer/pathology/1707583.svs
    -> 1707583_heatmap.png, 1707583_wsi.png, top patches in /home/gly001/cqj/pa_ct_surv/vis/pact_v2/pathology/abmil_topk4096/top_patches/1707583

Slide: 1802515 | label=0 | time=78.0mo
Features: torch.Size([4494, 1024])
[h5] Keys in /home/gly001/cqj/data/lung_cancer/pathology/clam/uni_features/h5_files/1802515.h5: ['coords', 'features']
  coords: (4494, 2), features: (4494, 1024)
Coords: (4494, 2)
Risk: -2.9639 | Att range: [0.0000, 0.0022]
  WSI: /home/gly001/cqj/data/lung_cancer/pathology/1802515.svs
    -> 1802515_heatmap.png, 1802515_wsi.png, top patches in /home/gly001/cqj/pa_ct_surv/vis/pact_v2/pathology/abmil_topk4096/top_patches/1802515

Slide: 1640803 | label=0 | time=91.0mo
Features: torch.Size([10858, 1024])
[h5] Keys in /home/gly001/cqj/data/lung_cancer/pathology/clam/uni_features/h5_files/1640803.h5: ['coords', 'features']
  coords: (10858, 2), features: (10858, 1024)
Coords: (10858, 2)
Risk: -3.0695 | Att range: [0.0000, 0.0019]
  WSI: /home/gly001/cqj/data/lung_cancer/pathology/1640803.svs
    -> 1640803_heatmap.png, 1640803_wsi.png, top patches in /home/gly001/cqj/pa_ct_surv/vis/pact_v2/pathology/abmil_topk4096/top_patches/1640803

Slide: 1916184 | label=1 | time=11.7mo
Features: torch.Size([11667, 1024])
[h5] Keys in /home/gly001/cqj/data/lung_cancer/pathology/clam/uni_features/h5_files/1916184.h5: ['coords', 'features']
  coords: (11667, 2), features: (11667, 1024)
Coords: (11667, 2)
Risk: 1.1299 | Att range: [0.0000, 0.0011]
  WSI: /home/gly001/cqj/data/lung_cancer/pathology/1916184.svs
    -> 1916184_heatmap.png, 1916184_wsi.png, top patches in /home/gly001/cqj/pa_ct_surv/vis/pact_v2/pathology/abmil_topk4096/top_patches/1916184

Slide: 1201535 | label=1 | time=87.0mo
Features: torch.Size([18018, 1024])
[h5] Keys in /home/gly001/cqj/data/lung_cancer/pathology/clam/uni_features/h5_files/1201535.h5: ['coords', 'features']
  coords: (18018, 2), features: (18018, 1024)
Coords: (18018, 2)
Risk: 1.4076 | Att range: [0.0000, 0.0015]
  WSI: /home/gly001/cqj/data/lung_cancer/pathology/1201535.svs
    -> 1201535_heatmap.png, 1201535_wsi.png, top patches in /home/gly001/cqj/pa_ct_surv/vis/pact_v2/pathology/abmil_topk4096/top_patches/1201535

[OK] Outputs saved to /home/gly001/cqj/pa_ct_surv/vis/pact_v2/pathology/abmil_topk4096
