nohup: ignoring input
Sampled 10 slides from fold 0 val set (cv_seed=42):

Slide: 1731335 | label=0 | time=66.0mo
Features: torch.Size([11706, 1024])
[h5] Keys in /home/gly001/cqj/data/lung_cancer/pathology/clam/uni_features/h5_files/1731335.h5: ['coords', 'features']
  coords: (11706, 2), features: (11706, 1024)
Coords: (11706, 2)
Risk: -1.7060 | Att range: [0.0000, 0.0546]
  WSI: /home/gly001/cqj/data/lung_cancer/pathology/1731335.svs
    -> 1731335_heatmap.png, 1731335_wsi.png, top patches in /home/gly001/cqj/pa_ct_surv/vis/pact_v2/pathology/abmil_coxbs32_ep50/top_patches/1731335

Slide: 1424381 | label=1 | time=80.0mo
Features: torch.Size([7231, 1024])
[h5] Keys in /home/gly001/cqj/data/lung_cancer/pathology/clam/uni_features/h5_files/1424381.h5: ['coords', 'features']
  coords: (7231, 2), features: (7231, 1024)
Coords: (7231, 2)
Risk: 0.7375 | Att range: [0.0000, 0.1507]
  WSI: /home/gly001/cqj/data/lung_cancer/pathology/1424381.svs
    -> 1424381_heatmap.png, 1424381_wsi.png, top patches in /home/gly001/cqj/pa_ct_surv/vis/pact_v2/pathology/abmil_coxbs32_ep50/top_patches/1424381

Slide: 1839446 | label=0 | time=65.0mo
Features: torch.Size([12465, 1024])
[h5] Keys in /home/gly001/cqj/data/lung_cancer/pathology/clam/uni_features/h5_files/1839446.h5: ['coords', 'features']
  coords: (12465, 2), features: (12465, 1024)
Coords: (12465, 2)
Risk: -5.1240 | Att range: [0.0000, 0.1454]
  WSI: /home/gly001/cqj/data/lung_cancer/pathology/1839446.svs
    -> 1839446_heatmap.png, 1839446_wsi.png, top patches in /home/gly001/cqj/pa_ct_surv/vis/pact_v2/pathology/abmil_coxbs32_ep50/top_patches/1839446

Slide: 1918303 | label=0 | time=61.0mo
Features: torch.Size([12801, 1024])
[h5] Keys in /home/gly001/cqj/data/lung_cancer/pathology/clam/uni_features/h5_files/1918303.h5: ['coords', 'features']
  coords: (12801, 2), features: (12801, 1024)
Coords: (12801, 2)
Risk: -3.9317 | Att range: [0.0000, 0.1441]
  WSI: /home/gly001/cqj/data/lung_cancer/pathology/1918303.svs
    -> 1918303_heatmap.png, 1918303_wsi.png, top patches in /home/gly001/cqj/pa_ct_surv/vis/pact_v2/pathology/abmil_coxbs32_ep50/top_patches/1918303

Slide: 1428940 | label=0 | time=63.0mo
Features: torch.Size([6862, 1024])
[h5] Keys in /home/gly001/cqj/data/lung_cancer/pathology/clam/uni_features/h5_files/1428940.h5: ['coords', 'features']
  coords: (6862, 2), features: (6862, 1024)
Coords: (6862, 2)
Risk: -4.0291 | Att range: [0.0000, 0.2855]
  WSI: /home/gly001/cqj/data/lung_cancer/pathology/1428940.svs
    -> 1428940_heatmap.png, 1428940_wsi.png, top patches in /home/gly001/cqj/pa_ct_surv/vis/pact_v2/pathology/abmil_coxbs32_ep50/top_patches/1428940

Slide: 1429813 | label=0 | time=63.0mo
Features: torch.Size([13366, 1024])
[h5] Keys in /home/gly001/cqj/data/lung_cancer/pathology/clam/uni_features/h5_files/1429813.h5: ['coords', 'features']
  coords: (13366, 2), features: (13366, 1024)
Coords: (13366, 2)
Risk: 1.5655 | Att range: [0.0000, 0.0467]
  WSI: /home/gly001/cqj/data/lung_cancer/pathology/1429813.svs
    -> 1429813_heatmap.png, 1429813_wsi.png, top patches in /home/gly001/cqj/pa_ct_surv/vis/pact_v2/pathology/abmil_coxbs32_ep50/top_patches/1429813

Slide: 1440284 | label=1 | time=90.6mo
Features: torch.Size([17464, 1024])
[h5] Keys in /home/gly001/cqj/data/lung_cancer/pathology/clam/uni_features/h5_files/1440284.h5: ['coords', 'features']
  coords: (17464, 2), features: (17464, 1024)
Coords: (17464, 2)
Risk: -4.2632 | Att range: [0.0000, 0.0591]
  WSI: /home/gly001/cqj/data/lung_cancer/pathology/1440284.svs
    -> 1440284_heatmap.png, 1440284_wsi.png, top patches in /home/gly001/cqj/pa_ct_surv/vis/pact_v2/pathology/abmil_coxbs32_ep50/top_patches/1440284

Slide: 1612403 | label=1 | time=15.2mo
Features: torch.Size([18211, 1024])
[h5] Keys in /home/gly001/cqj/data/lung_cancer/pathology/clam/uni_features/h5_files/1612403.h5: ['coords', 'features']
  coords: (18211, 2), features: (18211, 1024)
Coords: (18211, 2)
Risk: -1.2229 | Att range: [0.0000, 0.0444]
  WSI: /home/gly001/cqj/data/lung_cancer/pathology/1612403.svs
    -> 1612403_heatmap.png, 1612403_wsi.png, top patches in /home/gly001/cqj/pa_ct_surv/vis/pact_v2/pathology/abmil_coxbs32_ep50/top_patches/1612403

Slide: 1328177 | label=0 | time=130.0mo
Features: torch.Size([10754, 1024])
[h5] Keys in /home/gly001/cqj/data/lung_cancer/pathology/clam/uni_features/h5_files/1328177.h5: ['coords', 'features']
  coords: (10754, 2), features: (10754, 1024)
Coords: (10754, 2)
Risk: -0.3007 | Att range: [0.0000, 0.0376]
  WSI: /home/gly001/cqj/data/lung_cancer/pathology/1328177.svs
    -> 1328177_heatmap.png, 1328177_wsi.png, top patches in /home/gly001/cqj/pa_ct_surv/vis/pact_v2/pathology/abmil_coxbs32_ep50/top_patches/1328177

Slide: 1801242 | label=1 | time=41.3mo
Features: torch.Size([11878, 1024])
[h5] Keys in /home/gly001/cqj/data/lung_cancer/pathology/clam/uni_features/h5_files/1801242.h5: ['coords', 'features']
  coords: (11878, 2), features: (11878, 1024)
Coords: (11878, 2)
Risk: -0.8839 | Att range: [0.0000, 0.0561]
  WSI: /home/gly001/cqj/data/lung_cancer/pathology/1801242.svs
    -> 1801242_heatmap.png, 1801242_wsi.png, top patches in /home/gly001/cqj/pa_ct_surv/vis/pact_v2/pathology/abmil_coxbs32_ep50/top_patches/1801242

[OK] Outputs saved to /home/gly001/cqj/pa_ct_surv/vis/pact_v2/pathology/abmil_coxbs32_ep50
