nohup: ignoring input
Using Device: cuda | ROI size: 128
Model: resnet | Augment: True
Learning rates: backbone=1e-05 | Cox head=0.0005
Pretrained: /home/gly001/cqj/pa_ct_surv/model/ct_pretrain/resnet_18_23dataset.pth
Checkpoints: /home/gly001/cqj/pa_ct_surv/checkpoints/pact_v2/ct/roi128_diff_lr_1e-5_5e-4/seed2024
Results:     /home/gly001/cqj/pa_ct_surv/results/pact_v2/ct/roi128_diff_lr_1e-5_5e-4/seed2024
Loaded 797 samples
Locked split from dataset CSV: train=642, test=155
Test set is not accessed during CV

==================================================
Fold 1/5
==================================================
[ResNetCox] Loaded pretrained from /home/gly001/cqj/pa_ct_surv/model/ct_pretrain/resnet_18_23dataset.pth
  Missing keys (ok): ['fc.weight', 'fc.bias']
Epoch 1/30 | Train Loss: 3.7448 | Train C-index: 0.4964 | Val Loss: 4.3017 | Val C-index: 0.5113
Epoch 2/30 | Train Loss: 3.7257 | Train C-index: 0.5502 | Val Loss: 4.2912 | Val C-index: 0.5877
Epoch 3/30 | Train Loss: 3.7077 | Train C-index: 0.5744 | Val Loss: 4.6598 | Val C-index: 0.6039
Epoch 4/30 | Train Loss: 3.6718 | Train C-index: 0.6005 | Val Loss: 4.2802 | Val C-index: 0.5873
Epoch 5/30 | Train Loss: 3.6832 | Train C-index: 0.5737 | Val Loss: 4.5039 | Val C-index: 0.5530
Epoch 6/30 | Train Loss: 3.6618 | Train C-index: 0.6108 | Val Loss: 4.3169 | Val C-index: 0.5505
Epoch 7/30 | Train Loss: 3.5934 | Train C-index: 0.6683 | Val Loss: 4.2511 | Val C-index: 0.5968
Epoch 8/30 | Train Loss: 3.5868 | Train C-index: 0.6962 | Val Loss: 4.2198 | Val C-index: 0.6333
Epoch 9/30 | Train Loss: 3.5714 | Train C-index: 0.7203 | Val Loss: 4.1842 | Val C-index: 0.6620
Epoch 10/30 | Train Loss: 3.5259 | Train C-index: 0.7245 | Val Loss: 4.1810 | Val C-index: 0.6644
Epoch 11/30 | Train Loss: 3.4678 | Train C-index: 0.7320 | Val Loss: 4.1931 | Val C-index: 0.6674
Epoch 12/30 | Train Loss: 3.4968 | Train C-index: 0.7433 | Val Loss: 4.2014 | Val C-index: 0.6669
Epoch 13/30 | Train Loss: 3.5057 | Train C-index: 0.7602 | Val Loss: 4.1933 | Val C-index: 0.6653
Epoch 14/30 | Train Loss: 3.4586 | Train C-index: 0.7534 | Val Loss: 4.2534 | Val C-index: 0.6616
Epoch 15/30 | Train Loss: 3.5242 | Train C-index: 0.7609 | Val Loss: 4.1987 | Val C-index: 0.6734
Epoch 16/30 | Train Loss: 3.4183 | Train C-index: 0.7671 | Val Loss: 4.1732 | Val C-index: 0.6775
Epoch 17/30 | Train Loss: 3.4296 | Train C-index: 0.7760 | Val Loss: 4.2131 | Val C-index: 0.6646
Epoch 18/30 | Train Loss: 3.3426 | Train C-index: 0.7822 | Val Loss: 4.2397 | Val C-index: 0.6579
Epoch 19/30 | Train Loss: 3.3796 | Train C-index: 0.7832 | Val Loss: 4.2170 | Val C-index: 0.6743
Epoch 20/30 | Train Loss: 3.3088 | Train C-index: 0.7708 | Val Loss: 4.3384 | Val C-index: 0.6451
Epoch 21/30 | Train Loss: 3.3299 | Train C-index: 0.7943 | Val Loss: 4.2630 | Val C-index: 0.6560
Epoch 22/30 | Train Loss: 3.2604 | Train C-index: 0.8070 | Val Loss: 4.2731 | Val C-index: 0.6641
Epoch 23/30 | Train Loss: 3.2514 | Train C-index: 0.8062 | Val Loss: 4.2473 | Val C-index: 0.6924
Epoch 24/30 | Train Loss: 3.2042 | Train C-index: 0.8145 | Val Loss: 4.3658 | Val C-index: 0.6611
Epoch 25/30 | Train Loss: 3.2739 | Train C-index: 0.8282 | Val Loss: 4.3045 | Val C-index: 0.6505
Epoch 26/30 | Train Loss: 3.1589 | Train C-index: 0.8356 | Val Loss: 4.2868 | Val C-index: 0.6752
Epoch 27/30 | Train Loss: 3.1344 | Train C-index: 0.8339 | Val Loss: 4.4219 | Val C-index: 0.6706
Epoch 28/30 | Train Loss: 3.0833 | Train C-index: 0.8329 | Val Loss: 4.3802 | Val C-index: 0.6400
Epoch 29/30 | Train Loss: 3.0888 | Train C-index: 0.8265 | Val Loss: 4.5843 | Val C-index: 0.5928
Epoch 30/30 | Train Loss: 3.0936 | Train C-index: 0.8519 | Val Loss: 4.4623 | Val C-index: 0.6808
Fold 0 final C-index: 0.6924

Extra survival metrics:
cutoff_from_train_median: -0.869204
n_test: 129
n_high_risk: 63
n_low_risk: 66
n_event_test: 50
logrank_stat: 20.191424
logrank_p: 0.000007
auc_36m: 0.707873
auc_60m: 0.736528
mean_auc: 0.714088
HR_high_vs_low: 3.763101
HR_95CI_lower: 2.024342
HR_95CI_upper: 6.995324
cox_p: 0.000028

==================================================
Fold 2/5
==================================================
[ResNetCox] Loaded pretrained from /home/gly001/cqj/pa_ct_surv/model/ct_pretrain/resnet_18_23dataset.pth
  Missing keys (ok): ['fc.weight', 'fc.bias']
Epoch 1/30 | Train Loss: 3.6721 | Train C-index: 0.5329 | Val Loss: 4.4877 | Val C-index: 0.5174
Epoch 2/30 | Train Loss: 3.6809 | Train C-index: 0.5446 | Val Loss: 4.4767 | Val C-index: 0.5884
Epoch 3/30 | Train Loss: 3.6900 | Train C-index: 0.5647 | Val Loss: 4.4351 | Val C-index: 0.6241
Epoch 4/30 | Train Loss: 3.6117 | Train C-index: 0.5687 | Val Loss: 4.5704 | Val C-index: 0.6490
Epoch 5/30 | Train Loss: 3.6187 | Train C-index: 0.5585 | Val Loss: 5.0320 | Val C-index: 0.5222
Epoch 6/30 | Train Loss: 3.5857 | Train C-index: 0.6024 | Val Loss: 4.8777 | Val C-index: 0.5122
Epoch 7/30 | Train Loss: 3.6141 | Train C-index: 0.6544 | Val Loss: 4.4851 | Val C-index: 0.5403
Epoch 8/30 | Train Loss: 3.5947 | Train C-index: 0.6775 | Val Loss: 4.4176 | Val C-index: 0.5928
Epoch 9/30 | Train Loss: 3.5419 | Train C-index: 0.6862 | Val Loss: 4.3995 | Val C-index: 0.6061
Epoch 10/30 | Train Loss: 3.5499 | Train C-index: 0.7029 | Val Loss: 4.3882 | Val C-index: 0.6222
Epoch 11/30 | Train Loss: 3.5041 | Train C-index: 0.7179 | Val Loss: 4.3674 | Val C-index: 0.6266
Epoch 12/30 | Train Loss: 3.4921 | Train C-index: 0.7300 | Val Loss: 4.3524 | Val C-index: 0.6339
Epoch 13/30 | Train Loss: 3.3826 | Train C-index: 0.7375 | Val Loss: 4.3521 | Val C-index: 0.6519
Epoch 14/30 | Train Loss: 3.3512 | Train C-index: 0.7454 | Val Loss: 4.4253 | Val C-index: 0.6474
Epoch 15/30 | Train Loss: 3.3890 | Train C-index: 0.7546 | Val Loss: 4.3906 | Val C-index: 0.6606
Epoch 16/30 | Train Loss: 3.3751 | Train C-index: 0.7685 | Val Loss: 4.3389 | Val C-index: 0.6775
Epoch 17/30 | Train Loss: 3.3053 | Train C-index: 0.7753 | Val Loss: 4.4307 | Val C-index: 0.6542
Epoch 18/30 | Train Loss: 3.2957 | Train C-index: 0.7723 | Val Loss: 4.4814 | Val C-index: 0.6544
Epoch 19/30 | Train Loss: 3.2592 | Train C-index: 0.7794 | Val Loss: 4.5686 | Val C-index: 0.6372
Epoch 20/30 | Train Loss: 3.2606 | Train C-index: 0.7895 | Val Loss: 4.5190 | Val C-index: 0.6328
Epoch 21/30 | Train Loss: 3.2233 | Train C-index: 0.8065 | Val Loss: 4.4801 | Val C-index: 0.6600
Epoch 22/30 | Train Loss: 3.1782 | Train C-index: 0.8125 | Val Loss: 4.5439 | Val C-index: 0.6484
Epoch 23/30 | Train Loss: 3.1867 | Train C-index: 0.8166 | Val Loss: 4.5656 | Val C-index: 0.6505
Epoch 24/30 | Train Loss: 3.1708 | Train C-index: 0.8067 | Val Loss: 4.7722 | Val C-index: 0.6125
Epoch 25/30 | Train Loss: 3.1593 | Train C-index: 0.8241 | Val Loss: 4.5997 | Val C-index: 0.6127
Epoch 26/30 | Train Loss: 3.1699 | Train C-index: 0.8406 | Val Loss: 4.4792 | Val C-index: 0.6478
Early stopping at epoch 26
Fold 1 final C-index: 0.6775

Extra survival metrics:
cutoff_from_train_median: 0.391750
n_test: 129
n_high_risk: 67
n_low_risk: 62
n_event_test: 51
logrank_stat: 11.026510
logrank_p: 0.000898
auc_36m: 0.677630
auc_60m: 0.707363
mean_auc: 0.685699
HR_high_vs_low: 2.634510
HR_95CI_lower: 1.455192
HR_95CI_upper: 4.769572
cox_p: 0.001381

==================================================
Fold 3/5
==================================================
[ResNetCox] Loaded pretrained from /home/gly001/cqj/pa_ct_surv/model/ct_pretrain/resnet_18_23dataset.pth
  Missing keys (ok): ['fc.weight', 'fc.bias']
Epoch 1/30 | Train Loss: 3.7635 | Train C-index: 0.5058 | Val Loss: 4.5073 | Val C-index: 0.5442
Epoch 2/30 | Train Loss: 3.6323 | Train C-index: 0.5145 | Val Loss: 4.4857 | Val C-index: 0.5408
Epoch 3/30 | Train Loss: 3.6649 | Train C-index: 0.5718 | Val Loss: 4.4665 | Val C-index: 0.6373
Epoch 4/30 | Train Loss: 3.6228 | Train C-index: 0.5521 | Val Loss: 4.3770 | Val C-index: 0.6746
Epoch 5/30 | Train Loss: 3.6026 | Train C-index: 0.5473 | Val Loss: 4.7509 | Val C-index: 0.5429
Epoch 6/30 | Train Loss: 3.6193 | Train C-index: 0.5820 | Val Loss: 4.7940 | Val C-index: 0.5689
Epoch 7/30 | Train Loss: 3.6006 | Train C-index: 0.6246 | Val Loss: 4.5162 | Val C-index: 0.6149
Epoch 8/30 | Train Loss: 3.5807 | Train C-index: 0.6735 | Val Loss: 4.4361 | Val C-index: 0.6400
Epoch 9/30 | Train Loss: 3.5592 | Train C-index: 0.6978 | Val Loss: 4.4429 | Val C-index: 0.6411
Epoch 10/30 | Train Loss: 3.5501 | Train C-index: 0.7143 | Val Loss: 4.4220 | Val C-index: 0.6547
Epoch 11/30 | Train Loss: 3.4631 | Train C-index: 0.7177 | Val Loss: 4.4532 | Val C-index: 0.6409
Epoch 12/30 | Train Loss: 3.4969 | Train C-index: 0.7310 | Val Loss: 4.6367 | Val C-index: 0.6046
Epoch 13/30 | Train Loss: 3.4325 | Train C-index: 0.7395 | Val Loss: 4.4944 | Val C-index: 0.6415
Epoch 14/30 | Train Loss: 3.3875 | Train C-index: 0.7504 | Val Loss: 4.4893 | Val C-index: 0.6639
Early stopping at epoch 14
Fold 2 final C-index: 0.6746

Extra survival metrics:
cutoff_from_train_median: -2.394388
n_test: 128
n_high_risk: 67
n_low_risk: 61
n_event_test: 50
logrank_stat: 15.407382
logrank_p: 0.000087
auc_36m: 0.727673
auc_60m: 0.756703
mean_auc: 0.733335
HR_high_vs_low: 3.247434
HR_95CI_lower: 1.744744
HR_95CI_upper: 6.044342
cox_p: 0.000202

==================================================
Fold 4/5
==================================================
[ResNetCox] Loaded pretrained from /home/gly001/cqj/pa_ct_surv/model/ct_pretrain/resnet_18_23dataset.pth
  Missing keys (ok): ['fc.weight', 'fc.bias']
Epoch 1/30 | Train Loss: 3.7884 | Train C-index: 0.5090 | Val Loss: 4.2075 | Val C-index: 0.5090
Epoch 2/30 | Train Loss: 3.7522 | Train C-index: 0.5618 | Val Loss: 4.2120 | Val C-index: 0.4941
Epoch 3/30 | Train Loss: 3.7591 | Train C-index: 0.5955 | Val Loss: 4.2824 | Val C-index: 0.5344
Epoch 4/30 | Train Loss: 3.7313 | Train C-index: 0.6114 | Val Loss: 4.2262 | Val C-index: 0.5423
Epoch 5/30 | Train Loss: 3.7405 | Train C-index: 0.5470 | Val Loss: 4.1921 | Val C-index: 0.5673
Epoch 6/30 | Train Loss: 3.7286 | Train C-index: 0.5701 | Val Loss: 4.1255 | Val C-index: 0.6425
Epoch 7/30 | Train Loss: 3.6305 | Train C-index: 0.6270 | Val Loss: 4.0428 | Val C-index: 0.6814
Epoch 8/30 | Train Loss: 3.6507 | Train C-index: 0.6803 | Val Loss: 4.0294 | Val C-index: 0.7207
Epoch 9/30 | Train Loss: 3.6282 | Train C-index: 0.6991 | Val Loss: 3.9955 | Val C-index: 0.7408
Epoch 10/30 | Train Loss: 3.5308 | Train C-index: 0.7048 | Val Loss: 3.9898 | Val C-index: 0.7133
Epoch 11/30 | Train Loss: 3.5701 | Train C-index: 0.7249 | Val Loss: 3.9628 | Val C-index: 0.7293
Epoch 12/30 | Train Loss: 3.5500 | Train C-index: 0.7375 | Val Loss: 3.9590 | Val C-index: 0.7214
Epoch 13/30 | Train Loss: 3.5025 | Train C-index: 0.7426 | Val Loss: 3.9846 | Val C-index: 0.7037
Epoch 14/30 | Train Loss: 3.4738 | Train C-index: 0.7500 | Val Loss: 3.9424 | Val C-index: 0.7269
Epoch 15/30 | Train Loss: 3.4696 | Train C-index: 0.7651 | Val Loss: 3.9079 | Val C-index: 0.7281
Epoch 16/30 | Train Loss: 3.4329 | Train C-index: 0.7604 | Val Loss: 3.9275 | Val C-index: 0.7205
Epoch 17/30 | Train Loss: 3.3804 | Train C-index: 0.7864 | Val Loss: 3.9840 | Val C-index: 0.6989
Epoch 18/30 | Train Loss: 3.3614 | Train C-index: 0.7898 | Val Loss: 4.0200 | Val C-index: 0.7037
Epoch 19/30 | Train Loss: 3.3966 | Train C-index: 0.7993 | Val Loss: 4.0619 | Val C-index: 0.6886
Early stopping at epoch 19
Fold 3 final C-index: 0.7408

Extra survival metrics:
cutoff_from_train_median: 0.591194
n_test: 128
n_high_risk: 58
n_low_risk: 70
n_event_test: 50
logrank_stat: 20.032039
logrank_p: 0.000008
auc_36m: 0.766007
auc_60m: 0.748699
mean_auc: 0.761877
HR_high_vs_low: 3.754863
HR_95CI_lower: 2.018483
HR_95CI_upper: 6.984946
cox_p: 0.000029

==================================================
Fold 5/5
==================================================
[ResNetCox] Loaded pretrained from /home/gly001/cqj/pa_ct_surv/model/ct_pretrain/resnet_18_23dataset.pth
  Missing keys (ok): ['fc.weight', 'fc.bias']
Epoch 1/30 | Train Loss: 3.7078 | Train C-index: 0.5533 | Val Loss: 4.3744 | Val C-index: 0.5333
Epoch 2/30 | Train Loss: 3.6755 | Train C-index: 0.5543 | Val Loss: 4.3734 | Val C-index: 0.5157
Epoch 3/30 | Train Loss: 3.7487 | Train C-index: 0.5904 | Val Loss: 4.6290 | Val C-index: 0.5175
Epoch 4/30 | Train Loss: 3.6993 | Train C-index: 0.6079 | Val Loss: 4.8309 | Val C-index: 0.5378
Epoch 5/30 | Train Loss: 3.6068 | Train C-index: 0.5827 | Val Loss: 4.4975 | Val C-index: 0.5767
Epoch 6/30 | Train Loss: 3.6394 | Train C-index: 0.5813 | Val Loss: 4.3006 | Val C-index: 0.6510
Epoch 7/30 | Train Loss: 3.5719 | Train C-index: 0.6297 | Val Loss: 4.3320 | Val C-index: 0.6450
Epoch 8/30 | Train Loss: 3.5675 | Train C-index: 0.6713 | Val Loss: 4.3218 | Val C-index: 0.6450
Epoch 9/30 | Train Loss: 3.5647 | Train C-index: 0.7047 | Val Loss: 4.3465 | Val C-index: 0.6208
Epoch 10/30 | Train Loss: 3.5157 | Train C-index: 0.7157 | Val Loss: 4.3485 | Val C-index: 0.6229
Epoch 11/30 | Train Loss: 3.4677 | Train C-index: 0.7262 | Val Loss: 4.2834 | Val C-index: 0.6651
Epoch 12/30 | Train Loss: 3.5283 | Train C-index: 0.7325 | Val Loss: 4.2904 | Val C-index: 0.6667
Epoch 13/30 | Train Loss: 3.4581 | Train C-index: 0.7414 | Val Loss: 4.2983 | Val C-index: 0.6533
Epoch 14/30 | Train Loss: 3.4858 | Train C-index: 0.7496 | Val Loss: 4.2652 | Val C-index: 0.6695
Epoch 15/30 | Train Loss: 3.4465 | Train C-index: 0.7476 | Val Loss: 4.2314 | Val C-index: 0.7019
Epoch 16/30 | Train Loss: 3.4306 | Train C-index: 0.7596 | Val Loss: 4.2740 | Val C-index: 0.6859
Epoch 17/30 | Train Loss: 3.3980 | Train C-index: 0.7557 | Val Loss: 4.4092 | Val C-index: 0.6610
Epoch 18/30 | Train Loss: 3.3833 | Train C-index: 0.7626 | Val Loss: 4.3081 | Val C-index: 0.6848
Epoch 19/30 | Train Loss: 3.3097 | Train C-index: 0.7684 | Val Loss: 4.3195 | Val C-index: 0.6846
Epoch 20/30 | Train Loss: 3.3713 | Train C-index: 0.7792 | Val Loss: 4.3433 | Val C-index: 0.6658
Epoch 21/30 | Train Loss: 3.3334 | Train C-index: 0.7815 | Val Loss: 4.2960 | Val C-index: 0.6864
Epoch 22/30 | Train Loss: 3.3348 | Train C-index: 0.7872 | Val Loss: 4.2676 | Val C-index: 0.6937
Epoch 23/30 | Train Loss: 3.2755 | Train C-index: 0.7873 | Val Loss: 4.3348 | Val C-index: 0.6690
Epoch 24/30 | Train Loss: 3.2679 | Train C-index: 0.7962 | Val Loss: 4.3690 | Val C-index: 0.6775
Epoch 25/30 | Train Loss: 3.3034 | Train C-index: 0.7899 | Val Loss: 4.2818 | Val C-index: 0.6953
Early stopping at epoch 25
Fold 4 final C-index: 0.7019

Extra survival metrics:
cutoff_from_train_median: -1.054181
n_test: 128
n_high_risk: 56
n_low_risk: 72
n_event_test: 50
logrank_stat: 9.332572
logrank_p: 0.002251
auc_36m: 0.778343
auc_60m: 0.718862
mean_auc: 0.757116
HR_high_vs_low: 2.366119
HR_95CI_lower: 1.338796
HR_95CI_upper: 4.181758
cox_p: 0.003035

==================================================
5-Fold CV Summary
==================================================
  C-index: 0.6974 +/- 0.0267
