nohup: ignoring input
Using Device: cuda | ROI size: 128
Model: resnet | Augment: False
Pretrained: /home/gly001/cqj/pa_ct_surv/model/ct_pretrain/resnet_18_23dataset.pth
Checkpoints: /home/gly001/cqj/pa_ct_surv/checkpoints/pact_v2/ct/roi128_noaug/seed42
Results:     /home/gly001/cqj/pa_ct_surv/results/pact_v2/ct/roi128_noaug/seed42
Loaded 797 samples
Locked split from dataset CSV: train=642, test=155
Test set is not accessed during CV

==================================================
Fold 1/5
==================================================
[ResNetCox] Loaded pretrained from /home/gly001/cqj/pa_ct_surv/model/ct_pretrain/resnet_18_23dataset.pth
  Missing keys (ok): ['fc.weight', 'fc.bias']
Epoch 1/30 | Train Loss: 3.7383 | Train C-index: 0.5310 | Val Loss: 4.3037 | Val C-index: 0.4574
Epoch 2/30 | Train Loss: 3.6964 | Train C-index: 0.5187 | Val Loss: 4.2932 | Val C-index: 0.5345
Epoch 3/30 | Train Loss: 3.6227 | Train C-index: 0.5704 | Val Loss: 4.2857 | Val C-index: 0.5854
Epoch 4/30 | Train Loss: 3.5771 | Train C-index: 0.5994 | Val Loss: 4.2809 | Val C-index: 0.5896
Epoch 5/30 | Train Loss: 3.5303 | Train C-index: 0.6228 | Val Loss: 4.3814 | Val C-index: 0.5884
Epoch 6/30 | Train Loss: 3.4812 | Train C-index: 0.6571 | Val Loss: 4.3601 | Val C-index: 0.6076
Epoch 7/30 | Train Loss: 3.3511 | Train C-index: 0.6914 | Val Loss: 4.2643 | Val C-index: 0.6407
Epoch 8/30 | Train Loss: 3.3071 | Train C-index: 0.7797 | Val Loss: 4.3168 | Val C-index: 0.6498
Epoch 9/30 | Train Loss: 3.3290 | Train C-index: 0.7513 | Val Loss: 4.3811 | Val C-index: 0.6495
Epoch 10/30 | Train Loss: 3.2704 | Train C-index: 0.7742 | Val Loss: 4.4357 | Val C-index: 0.6127
Epoch 11/30 | Train Loss: 3.1177 | Train C-index: 0.8291 | Val Loss: 4.2737 | Val C-index: 0.6727
Epoch 12/30 | Train Loss: 3.0021 | Train C-index: 0.8548 | Val Loss: 4.4157 | Val C-index: 0.6699
Epoch 13/30 | Train Loss: 2.8765 | Train C-index: 0.8241 | Val Loss: 4.8005 | Val C-index: 0.6514
Epoch 14/30 | Train Loss: 2.8920 | Train C-index: 0.8658 | Val Loss: 4.7786 | Val C-index: 0.6090
Epoch 15/30 | Train Loss: 2.8250 | Train C-index: 0.8710 | Val Loss: 4.6668 | Val C-index: 0.6898
Epoch 16/30 | Train Loss: 2.7472 | Train C-index: 0.8523 | Val Loss: 5.1701 | Val C-index: 0.6512
Epoch 17/30 | Train Loss: 2.6757 | Train C-index: 0.8894 | Val Loss: 4.5950 | Val C-index: 0.6931
Epoch 18/30 | Train Loss: 2.5328 | Train C-index: 0.8807 | Val Loss: 5.4417 | Val C-index: 0.6678
Epoch 19/30 | Train Loss: 2.5818 | Train C-index: 0.9053 | Val Loss: 5.3226 | Val C-index: 0.6442
Epoch 20/30 | Train Loss: 2.4316 | Train C-index: 0.9045 | Val Loss: 5.2695 | Val C-index: 0.6799
Epoch 21/30 | Train Loss: 2.5506 | Train C-index: 0.8521 | Val Loss: 5.6740 | Val C-index: 0.6808
Epoch 22/30 | Train Loss: 2.4948 | Train C-index: 0.8893 | Val Loss: 5.3434 | Val C-index: 0.6414
Epoch 23/30 | Train Loss: 2.4161 | Train C-index: 0.9241 | Val Loss: 5.0380 | Val C-index: 0.6870
Epoch 24/30 | Train Loss: 2.2685 | Train C-index: 0.9277 | Val Loss: 6.1658 | Val C-index: 0.6968
Epoch 25/30 | Train Loss: 2.2761 | Train C-index: 0.9030 | Val Loss: 5.9431 | Val C-index: 0.6454
Epoch 26/30 | Train Loss: 2.2180 | Train C-index: 0.9076 | Val Loss: 6.5802 | Val C-index: 0.6998
Epoch 27/30 | Train Loss: 2.2281 | Train C-index: 0.9194 | Val Loss: 6.0606 | Val C-index: 0.6609
Epoch 28/30 | Train Loss: 2.1003 | Train C-index: 0.9380 | Val Loss: 5.3798 | Val C-index: 0.6755
Epoch 29/30 | Train Loss: 2.0205 | Train C-index: 0.9189 | Val Loss: 6.8199 | Val C-index: 0.6819
Epoch 30/30 | Train Loss: 2.1368 | Train C-index: 0.9147 | Val Loss: 5.6803 | Val C-index: 0.6074
Fold 0 final C-index: 0.6998

Extra survival metrics:
cutoff_from_train_median: -1.676150
n_test: 129
n_high_risk: 59
n_low_risk: 70
n_event_test: 50
logrank_stat: 17.410583
logrank_p: 0.000030
auc_36m: 0.744461
auc_60m: 0.715517
mean_auc: 0.738183
HR_high_vs_low: 3.311427
HR_95CI_lower: 1.824995
HR_95CI_upper: 6.008537
cox_p: 0.000082

==================================================
Fold 2/5
==================================================
[ResNetCox] Loaded pretrained from /home/gly001/cqj/pa_ct_surv/model/ct_pretrain/resnet_18_23dataset.pth
  Missing keys (ok): ['fc.weight', 'fc.bias']
Epoch 1/30 | Train Loss: 3.6779 | Train C-index: 0.5793 | Val Loss: 4.4877 | Val C-index: 0.5297
Epoch 2/30 | Train Loss: 3.5842 | Train C-index: 0.5706 | Val Loss: 4.4844 | Val C-index: 0.5357
Epoch 3/30 | Train Loss: 3.4923 | Train C-index: 0.5629 | Val Loss: 4.4880 | Val C-index: 0.5239
Epoch 4/30 | Train Loss: 3.4394 | Train C-index: 0.5631 | Val Loss: 4.5443 | Val C-index: 0.4703
Epoch 5/30 | Train Loss: 3.3842 | Train C-index: 0.6005 | Val Loss: 4.8126 | Val C-index: 0.5058
Epoch 6/30 | Train Loss: 3.3226 | Train C-index: 0.6970 | Val Loss: 4.4120 | Val C-index: 0.6023
Epoch 7/30 | Train Loss: 3.2960 | Train C-index: 0.7236 | Val Loss: 4.5926 | Val C-index: 0.5888
Epoch 8/30 | Train Loss: 3.2743 | Train C-index: 0.7948 | Val Loss: 4.4195 | Val C-index: 0.6345
Epoch 9/30 | Train Loss: 3.1860 | Train C-index: 0.7903 | Val Loss: 4.6802 | Val C-index: 0.5978
Epoch 10/30 | Train Loss: 3.1120 | Train C-index: 0.8079 | Val Loss: 4.4563 | Val C-index: 0.6598
Epoch 11/30 | Train Loss: 3.1199 | Train C-index: 0.8255 | Val Loss: 4.6342 | Val C-index: 0.6108
Epoch 12/30 | Train Loss: 3.0274 | Train C-index: 0.8328 | Val Loss: 4.6948 | Val C-index: 0.6061
Epoch 13/30 | Train Loss: 2.9090 | Train C-index: 0.8584 | Val Loss: 4.7362 | Val C-index: 0.6123
Epoch 14/30 | Train Loss: 2.7898 | Train C-index: 0.8799 | Val Loss: 4.7215 | Val C-index: 0.6326
Epoch 15/30 | Train Loss: 2.7355 | Train C-index: 0.8971 | Val Loss: 4.8896 | Val C-index: 0.5855
Epoch 16/30 | Train Loss: 2.7364 | Train C-index: 0.8844 | Val Loss: 4.9185 | Val C-index: 0.6293
Epoch 17/30 | Train Loss: 2.5783 | Train C-index: 0.8956 | Val Loss: 5.5931 | Val C-index: 0.5517
Epoch 18/30 | Train Loss: 2.5374 | Train C-index: 0.8785 | Val Loss: 5.4190 | Val C-index: 0.6154
Epoch 19/30 | Train Loss: 2.5870 | Train C-index: 0.8678 | Val Loss: 5.3667 | Val C-index: 0.5697
Epoch 20/30 | Train Loss: 2.4535 | Train C-index: 0.9195 | Val Loss: 5.2330 | Val C-index: 0.6013
Early stopping at epoch 20
Fold 1 final C-index: 0.6598

Extra survival metrics:
cutoff_from_train_median: -0.093017
n_test: 129
n_high_risk: 70
n_low_risk: 59
n_event_test: 51
logrank_stat: 12.479890
logrank_p: 0.000411
auc_36m: 0.656822
auc_60m: 0.704869
mean_auc: 0.669862
HR_high_vs_low: 2.890890
HR_95CI_lower: 1.560806
HR_95CI_upper: 5.354442
cox_p: 0.000736

==================================================
Fold 3/5
==================================================
[ResNetCox] Loaded pretrained from /home/gly001/cqj/pa_ct_surv/model/ct_pretrain/resnet_18_23dataset.pth
  Missing keys (ok): ['fc.weight', 'fc.bias']
Epoch 1/30 | Train Loss: 3.6751 | Train C-index: 0.5869 | Val Loss: 4.5047 | Val C-index: 0.5823
Epoch 2/30 | Train Loss: 3.6659 | Train C-index: 0.5622 | Val Loss: 4.5005 | Val C-index: 0.5657
Epoch 3/30 | Train Loss: 3.6563 | Train C-index: 0.5972 | Val Loss: 4.5021 | Val C-index: 0.5816
Epoch 4/30 | Train Loss: 3.5686 | Train C-index: 0.5835 | Val Loss: 4.5099 | Val C-index: 0.5341
Epoch 5/30 | Train Loss: 3.5245 | Train C-index: 0.6183 | Val Loss: 4.4837 | Val C-index: 0.5923
Epoch 6/30 | Train Loss: 3.4895 | Train C-index: 0.6931 | Val Loss: 4.4364 | Val C-index: 0.6559
Epoch 7/30 | Train Loss: 3.4437 | Train C-index: 0.7127 | Val Loss: 4.4543 | Val C-index: 0.6825
Epoch 8/30 | Train Loss: 3.4136 | Train C-index: 0.7430 | Val Loss: 4.4822 | Val C-index: 0.6566
Epoch 9/30 | Train Loss: 3.3202 | Train C-index: 0.7670 | Val Loss: 4.4476 | Val C-index: 0.6561
Epoch 10/30 | Train Loss: 3.3403 | Train C-index: 0.7928 | Val Loss: 4.5991 | Val C-index: 0.6465
Epoch 11/30 | Train Loss: 3.1978 | Train C-index: 0.7822 | Val Loss: 4.6345 | Val C-index: 0.6212
Epoch 12/30 | Train Loss: 3.1842 | Train C-index: 0.7965 | Val Loss: 4.9218 | Val C-index: 0.5994
Epoch 13/30 | Train Loss: 3.0412 | Train C-index: 0.8166 | Val Loss: 4.7269 | Val C-index: 0.6247
Epoch 14/30 | Train Loss: 3.0158 | Train C-index: 0.8077 | Val Loss: 4.9995 | Val C-index: 0.5799
Epoch 15/30 | Train Loss: 2.9825 | Train C-index: 0.8183 | Val Loss: 5.0506 | Val C-index: 0.6530
Epoch 16/30 | Train Loss: 2.8859 | Train C-index: 0.8755 | Val Loss: 4.8054 | Val C-index: 0.6151
Epoch 17/30 | Train Loss: 2.7879 | Train C-index: 0.8541 | Val Loss: 5.2969 | Val C-index: 0.6155
Early stopping at epoch 17
Fold 2 final C-index: 0.6825

Extra survival metrics:
cutoff_from_train_median: -0.338642
n_test: 128
n_high_risk: 72
n_low_risk: 56
n_event_test: 50
logrank_stat: 12.544160
logrank_p: 0.000397
auc_36m: 0.749251
auc_60m: 0.732135
mean_auc: 0.745913
HR_high_vs_low: 2.982520
HR_95CI_lower: 1.581469
HR_95CI_upper: 5.624786
cox_p: 0.000735

==================================================
Fold 4/5
==================================================
[ResNetCox] Loaded pretrained from /home/gly001/cqj/pa_ct_surv/model/ct_pretrain/resnet_18_23dataset.pth
  Missing keys (ok): ['fc.weight', 'fc.bias']
Epoch 1/30 | Train Loss: 3.7315 | Train C-index: 0.5802 | Val Loss: 4.2054 | Val C-index: 0.5318
Epoch 2/30 | Train Loss: 3.7038 | Train C-index: 0.5627 | Val Loss: 4.1884 | Val C-index: 0.5871
Epoch 3/30 | Train Loss: 3.5769 | Train C-index: 0.4217 | Val Loss: 4.2620 | Val C-index: 0.5090
Epoch 4/30 | Train Loss: 3.5898 | Train C-index: 0.4687 | Val Loss: 4.2070 | Val C-index: 0.5239
Epoch 5/30 | Train Loss: 3.5226 | Train C-index: 0.5601 | Val Loss: 4.0530 | Val C-index: 0.6785
Epoch 6/30 | Train Loss: 3.4138 | Train C-index: 0.6662 | Val Loss: 3.9347 | Val C-index: 0.6991
Epoch 7/30 | Train Loss: 3.3360 | Train C-index: 0.7588 | Val Loss: 3.8604 | Val C-index: 0.7509
Epoch 8/30 | Train Loss: 3.3533 | Train C-index: 0.7773 | Val Loss: 3.8658 | Val C-index: 0.7463
Epoch 9/30 | Train Loss: 3.3809 | Train C-index: 0.7871 | Val Loss: 4.0916 | Val C-index: 0.6483
Epoch 10/30 | Train Loss: 3.2683 | Train C-index: 0.8047 | Val Loss: 3.8585 | Val C-index: 0.7418
Epoch 11/30 | Train Loss: 3.1623 | Train C-index: 0.8266 | Val Loss: 4.1970 | Val C-index: 0.6277
Epoch 12/30 | Train Loss: 3.1101 | Train C-index: 0.8445 | Val Loss: 4.0128 | Val C-index: 0.7159
Epoch 13/30 | Train Loss: 3.0536 | Train C-index: 0.8655 | Val Loss: 4.2370 | Val C-index: 0.6557
Epoch 14/30 | Train Loss: 2.9868 | Train C-index: 0.8464 | Val Loss: 4.5271 | Val C-index: 0.6269
Epoch 15/30 | Train Loss: 2.9106 | Train C-index: 0.8559 | Val Loss: 4.2816 | Val C-index: 0.7221
Epoch 16/30 | Train Loss: 2.7771 | Train C-index: 0.8878 | Val Loss: 4.4838 | Val C-index: 0.6044
Epoch 17/30 | Train Loss: 2.7085 | Train C-index: 0.8783 | Val Loss: 4.7679 | Val C-index: 0.6001
Early stopping at epoch 17
Fold 3 final C-index: 0.7509

Extra survival metrics:
cutoff_from_train_median: -0.499512
n_test: 128
n_high_risk: 57
n_low_risk: 71
n_event_test: 50
logrank_stat: 29.791329
logrank_p: 0.000000
auc_36m: 0.791486
auc_60m: 0.761044
mean_auc: 0.784221
HR_high_vs_low: 4.931050
HR_95CI_lower: 2.616057
HR_95CI_upper: 9.294619
cox_p: 0.000001

==================================================
Fold 5/5
==================================================
[ResNetCox] Loaded pretrained from /home/gly001/cqj/pa_ct_surv/model/ct_pretrain/resnet_18_23dataset.pth
  Missing keys (ok): ['fc.weight', 'fc.bias']
Epoch 1/30 | Train Loss: 3.6963 | Train C-index: 0.5990 | Val Loss: 4.3732 | Val C-index: 0.5371
Epoch 2/30 | Train Loss: 3.6652 | Train C-index: 0.5758 | Val Loss: 4.3747 | Val C-index: 0.5346
Epoch 3/30 | Train Loss: 3.6043 | Train C-index: 0.5504 | Val Loss: 4.3674 | Val C-index: 0.5419
Epoch 4/30 | Train Loss: 3.5237 | Train C-index: 0.5021 | Val Loss: 4.4512 | Val C-index: 0.5648
Epoch 5/30 | Train Loss: 3.4365 | Train C-index: 0.5584 | Val Loss: 4.5104 | Val C-index: 0.6313
Epoch 6/30 | Train Loss: 3.3801 | Train C-index: 0.6826 | Val Loss: 4.5273 | Val C-index: 0.6320
Epoch 7/30 | Train Loss: 3.3382 | Train C-index: 0.7287 | Val Loss: 4.3990 | Val C-index: 0.6658
Epoch 8/30 | Train Loss: 3.3158 | Train C-index: 0.7876 | Val Loss: 4.3434 | Val C-index: 0.6615
Epoch 9/30 | Train Loss: 3.2067 | Train C-index: 0.7949 | Val Loss: 4.4076 | Val C-index: 0.6759
Epoch 10/30 | Train Loss: 3.1635 | Train C-index: 0.8073 | Val Loss: 4.5139 | Val C-index: 0.6235
Epoch 11/30 | Train Loss: 3.0791 | Train C-index: 0.8225 | Val Loss: 4.4551 | Val C-index: 0.6562
Epoch 12/30 | Train Loss: 2.9561 | Train C-index: 0.8579 | Val Loss: 4.5562 | Val C-index: 0.6498
Epoch 13/30 | Train Loss: 2.9042 | Train C-index: 0.8191 | Val Loss: 4.6000 | Val C-index: 0.6315
Epoch 14/30 | Train Loss: 2.8914 | Train C-index: 0.8724 | Val Loss: 4.7379 | Val C-index: 0.6098
Epoch 15/30 | Train Loss: 2.7645 | Train C-index: 0.8643 | Val Loss: 4.9646 | Val C-index: 0.6373
Epoch 16/30 | Train Loss: 2.6048 | Train C-index: 0.8455 | Val Loss: 5.2214 | Val C-index: 0.6373
Epoch 17/30 | Train Loss: 2.6461 | Train C-index: 0.9095 | Val Loss: 4.7556 | Val C-index: 0.6030
Epoch 18/30 | Train Loss: 2.3882 | Train C-index: 0.9297 | Val Loss: 5.3112 | Val C-index: 0.6249
Epoch 19/30 | Train Loss: 2.4305 | Train C-index: 0.8866 | Val Loss: 6.0345 | Val C-index: 0.5152
Early stopping at epoch 19
Fold 4 final C-index: 0.6759

Extra survival metrics:
cutoff_from_train_median: -1.047204
n_test: 128
n_high_risk: 63
n_low_risk: 65
n_event_test: 50
logrank_stat: 12.121231
logrank_p: 0.000499
auc_36m: 0.763166
auc_60m: 0.706343
mean_auc: 0.742888
HR_high_vs_low: 2.726364
HR_95CI_lower: 1.513585
HR_95CI_upper: 4.910898
cox_p: 0.000837

==================================================
5-Fold CV Summary
==================================================
  C-index: 0.6938 +/- 0.0350
