nohup: ignoring input
Using Device: cuda | ROI size: 128
Model: resnet | Augment: True
Learning rates: backbone=1e-05 | Cox head=0.0005
Pretrained: /home/gly001/cqj/pa_ct_surv/model/ct_pretrain/resnet_18_23dataset.pth
Checkpoints: /home/gly001/cqj/pa_ct_surv/checkpoints/pact_v2/ct/roi128_bs16/seed42
Results:     /home/gly001/cqj/pa_ct_surv/results/pact_v2/ct/roi128_bs16/seed42
Loaded 797 samples
Locked split from dataset CSV: train=642, test=155
Test set is not accessed during CV

==================================================
Fold 1/5
==================================================
[ResNetCox] Loaded pretrained from /home/gly001/cqj/pa_ct_surv/model/ct_pretrain/resnet_18_23dataset.pth
  Missing keys (ok): ['fc.weight', 'fc.bias']
Epoch 1/30 | Train Loss: 2.3780 | Train C-index: 0.5690 | Val Loss: 5.1413 | Val C-index: 0.5984
Epoch 2/30 | Train Loss: 2.4296 | Train C-index: 0.6322 | Val Loss: 4.2881 | Val C-index: 0.5639
Epoch 3/30 | Train Loss: 2.3289 | Train C-index: 0.6470 | Val Loss: 4.3389 | Val C-index: 0.5708
Epoch 4/30 | Train Loss: 2.3210 | Train C-index: 0.6681 | Val Loss: 4.2606 | Val C-index: 0.5991
Epoch 5/30 | Train Loss: 2.3130 | Train C-index: 0.6575 | Val Loss: 4.2993 | Val C-index: 0.6109
Epoch 6/30 | Train Loss: 2.3294 | Train C-index: 0.6922 | Val Loss: 4.2031 | Val C-index: 0.6602
Epoch 7/30 | Train Loss: 2.3061 | Train C-index: 0.7112 | Val Loss: 4.1883 | Val C-index: 0.6560
Epoch 8/30 | Train Loss: 2.2495 | Train C-index: 0.7260 | Val Loss: 4.1838 | Val C-index: 0.6674
Epoch 9/30 | Train Loss: 2.2178 | Train C-index: 0.7397 | Val Loss: 4.2012 | Val C-index: 0.6528
Epoch 10/30 | Train Loss: 2.2337 | Train C-index: 0.7522 | Val Loss: 4.2155 | Val C-index: 0.6544
Epoch 11/30 | Train Loss: 2.1424 | Train C-index: 0.7595 | Val Loss: 4.1478 | Val C-index: 0.6875
Epoch 12/30 | Train Loss: 2.1205 | Train C-index: 0.7738 | Val Loss: 4.1922 | Val C-index: 0.6759
Epoch 13/30 | Train Loss: 2.0886 | Train C-index: 0.7723 | Val Loss: 4.2684 | Val C-index: 0.6438
Epoch 14/30 | Train Loss: 2.1000 | Train C-index: 0.7913 | Val Loss: 4.1863 | Val C-index: 0.6817
Epoch 15/30 | Train Loss: 1.9628 | Train C-index: 0.7942 | Val Loss: 4.2725 | Val C-index: 0.6813
Epoch 16/30 | Train Loss: 2.1023 | Train C-index: 0.8011 | Val Loss: 4.2817 | Val C-index: 0.6500
Epoch 17/30 | Train Loss: 1.9948 | Train C-index: 0.8037 | Val Loss: 4.2447 | Val C-index: 0.6678
Epoch 18/30 | Train Loss: 1.9696 | Train C-index: 0.8019 | Val Loss: 4.3881 | Val C-index: 0.6667
Epoch 19/30 | Train Loss: 1.9779 | Train C-index: 0.8084 | Val Loss: 4.2083 | Val C-index: 0.6910
Epoch 20/30 | Train Loss: 1.9305 | Train C-index: 0.8200 | Val Loss: 4.4545 | Val C-index: 0.6488
Epoch 21/30 | Train Loss: 1.9719 | Train C-index: 0.8021 | Val Loss: 4.3274 | Val C-index: 0.6928
Epoch 22/30 | Train Loss: 1.9262 | Train C-index: 0.8386 | Val Loss: 4.2664 | Val C-index: 0.6826
Epoch 23/30 | Train Loss: 1.9030 | Train C-index: 0.8250 | Val Loss: 4.2775 | Val C-index: 0.6650
Epoch 24/30 | Train Loss: 1.8976 | Train C-index: 0.8414 | Val Loss: 4.4189 | Val C-index: 0.6935
Epoch 25/30 | Train Loss: 1.7609 | Train C-index: 0.8418 | Val Loss: 4.6268 | Val C-index: 0.6646
Epoch 26/30 | Train Loss: 1.8056 | Train C-index: 0.8508 | Val Loss: 4.4004 | Val C-index: 0.6917
Epoch 27/30 | Train Loss: 1.8835 | Train C-index: 0.8409 | Val Loss: 4.4148 | Val C-index: 0.6729
Epoch 28/30 | Train Loss: 1.7804 | Train C-index: 0.8597 | Val Loss: 4.3762 | Val C-index: 0.7164
Epoch 29/30 | Train Loss: 1.7154 | Train C-index: 0.8608 | Val Loss: 4.5811 | Val C-index: 0.6775
Epoch 30/30 | Train Loss: 1.6104 | Train C-index: 0.8449 | Val Loss: 4.6801 | Val C-index: 0.6301
Fold 0 final C-index: 0.7164

Extra survival metrics:
cutoff_from_train_median: -2.210274
n_test: 129
n_high_risk: 60
n_low_risk: 69
n_event_test: 50
logrank_stat: 16.710587
logrank_p: 0.000044
auc_36m: 0.750245
auc_60m: 0.773478
mean_auc: 0.755284
HR_high_vs_low: 3.252723
HR_95CI_lower: 1.789106
HR_95CI_upper: 5.913681
cox_p: 0.000110

==================================================
Fold 2/5
==================================================
[ResNetCox] Loaded pretrained from /home/gly001/cqj/pa_ct_surv/model/ct_pretrain/resnet_18_23dataset.pth
  Missing keys (ok): ['fc.weight', 'fc.bias']
Epoch 1/30 | Train Loss: 2.3699 | Train C-index: 0.5763 | Val Loss: 11.4584 | Val C-index: 0.6349
Epoch 2/30 | Train Loss: 2.2985 | Train C-index: 0.6543 | Val Loss: 4.4412 | Val C-index: 0.6017
Epoch 3/30 | Train Loss: 2.3334 | Train C-index: 0.6797 | Val Loss: 4.4313 | Val C-index: 0.6029
Epoch 4/30 | Train Loss: 2.2573 | Train C-index: 0.6954 | Val Loss: 4.4324 | Val C-index: 0.6007
Epoch 5/30 | Train Loss: 2.1645 | Train C-index: 0.7025 | Val Loss: 4.4380 | Val C-index: 0.5839
Epoch 6/30 | Train Loss: 2.2435 | Train C-index: 0.7152 | Val Loss: 4.4279 | Val C-index: 0.5984
Epoch 7/30 | Train Loss: 2.1860 | Train C-index: 0.7301 | Val Loss: 4.3902 | Val C-index: 0.6384
Epoch 8/30 | Train Loss: 2.1615 | Train C-index: 0.7232 | Val Loss: 4.4345 | Val C-index: 0.6050
Epoch 9/30 | Train Loss: 2.2046 | Train C-index: 0.7433 | Val Loss: 4.3614 | Val C-index: 0.6312
Epoch 10/30 | Train Loss: 2.1005 | Train C-index: 0.7387 | Val Loss: 4.3719 | Val C-index: 0.6476
Epoch 11/30 | Train Loss: 2.1990 | Train C-index: 0.7458 | Val Loss: 4.3820 | Val C-index: 0.6266
Epoch 12/30 | Train Loss: 2.0894 | Train C-index: 0.7650 | Val Loss: 4.3992 | Val C-index: 0.6351
Epoch 13/30 | Train Loss: 2.1343 | Train C-index: 0.7675 | Val Loss: 4.4027 | Val C-index: 0.6339
Epoch 14/30 | Train Loss: 1.9844 | Train C-index: 0.7789 | Val Loss: 4.3436 | Val C-index: 0.6835
Epoch 15/30 | Train Loss: 2.0865 | Train C-index: 0.7736 | Val Loss: 4.4337 | Val C-index: 0.6484
Epoch 16/30 | Train Loss: 2.0293 | Train C-index: 0.7979 | Val Loss: 4.3571 | Val C-index: 0.6633
Epoch 17/30 | Train Loss: 2.0334 | Train C-index: 0.7956 | Val Loss: 4.3328 | Val C-index: 0.6739
Epoch 18/30 | Train Loss: 2.0052 | Train C-index: 0.7954 | Val Loss: 4.4730 | Val C-index: 0.6685
Epoch 19/30 | Train Loss: 1.9481 | Train C-index: 0.8027 | Val Loss: 4.4912 | Val C-index: 0.6513
Epoch 20/30 | Train Loss: 1.9524 | Train C-index: 0.8090 | Val Loss: 4.5249 | Val C-index: 0.6355
Epoch 21/30 | Train Loss: 2.0523 | Train C-index: 0.8193 | Val Loss: 4.3861 | Val C-index: 0.6636
Epoch 22/30 | Train Loss: 1.9225 | Train C-index: 0.8257 | Val Loss: 4.4690 | Val C-index: 0.6683
Epoch 23/30 | Train Loss: 1.8972 | Train C-index: 0.8261 | Val Loss: 4.5514 | Val C-index: 0.6472
Epoch 24/30 | Train Loss: 1.7994 | Train C-index: 0.8247 | Val Loss: 4.5919 | Val C-index: 0.6351
Early stopping at epoch 24
Fold 1 final C-index: 0.6835

Extra survival metrics:
cutoff_from_train_median: -0.411413
n_test: 129
n_high_risk: 68
n_low_risk: 61
n_event_test: 51
logrank_stat: 11.726574
logrank_p: 0.000616
auc_36m: 0.691748
auc_60m: 0.727464
mean_auc: 0.701441
HR_high_vs_low: 2.712966
HR_95CI_lower: 1.497534
HR_95CI_upper: 4.914868
cox_p: 0.000995

==================================================
Fold 3/5
==================================================
[ResNetCox] Loaded pretrained from /home/gly001/cqj/pa_ct_surv/model/ct_pretrain/resnet_18_23dataset.pth
  Missing keys (ok): ['fc.weight', 'fc.bias']
Epoch 1/30 | Train Loss: 2.3362 | Train C-index: 0.4914 | Val Loss: 4.5007 | Val C-index: 0.5216
Epoch 2/30 | Train Loss: 2.3255 | Train C-index: 0.6290 | Val Loss: 4.4891 | Val C-index: 0.6189
Epoch 3/30 | Train Loss: 2.3276 | Train C-index: 0.6633 | Val Loss: 4.4722 | Val C-index: 0.6375
Epoch 4/30 | Train Loss: 2.2504 | Train C-index: 0.6907 | Val Loss: 4.4009 | Val C-index: 0.6507
Epoch 5/30 | Train Loss: 2.2445 | Train C-index: 0.7257 | Val Loss: 4.4183 | Val C-index: 0.6444
Epoch 6/30 | Train Loss: 2.1806 | Train C-index: 0.7355 | Val Loss: 4.4532 | Val C-index: 0.6499
Epoch 7/30 | Train Loss: 2.0509 | Train C-index: 0.7383 | Val Loss: 4.8434 | Val C-index: 0.6026
Epoch 8/30 | Train Loss: 2.1460 | Train C-index: 0.7501 | Val Loss: 4.4947 | Val C-index: 0.6490
Epoch 9/30 | Train Loss: 2.0045 | Train C-index: 0.7662 | Val Loss: 4.5709 | Val C-index: 0.6350
Epoch 10/30 | Train Loss: 2.0145 | Train C-index: 0.7738 | Val Loss: 4.5114 | Val C-index: 0.6549
Epoch 11/30 | Train Loss: 2.0228 | Train C-index: 0.7869 | Val Loss: 4.6504 | Val C-index: 0.6536
Epoch 12/30 | Train Loss: 1.9586 | Train C-index: 0.7944 | Val Loss: 4.6454 | Val C-index: 0.6524
Epoch 13/30 | Train Loss: 1.9538 | Train C-index: 0.7905 | Val Loss: 4.8256 | Val C-index: 0.6218
Epoch 14/30 | Train Loss: 1.9175 | Train C-index: 0.8022 | Val Loss: 5.1187 | Val C-index: 0.6157
Epoch 15/30 | Train Loss: 1.9896 | Train C-index: 0.8107 | Val Loss: 4.7279 | Val C-index: 0.6256
Epoch 16/30 | Train Loss: 1.8263 | Train C-index: 0.8061 | Val Loss: 5.0459 | Val C-index: 0.6111
Epoch 17/30 | Train Loss: 1.7909 | Train C-index: 0.8405 | Val Loss: 4.8407 | Val C-index: 0.6310
Epoch 18/30 | Train Loss: 1.8669 | Train C-index: 0.8364 | Val Loss: 5.0743 | Val C-index: 0.6350
Epoch 19/30 | Train Loss: 1.6540 | Train C-index: 0.8514 | Val Loss: 5.2653 | Val C-index: 0.6316
Epoch 20/30 | Train Loss: 1.7690 | Train C-index: 0.8376 | Val Loss: 5.2611 | Val C-index: 0.6400
Early stopping at epoch 20
Fold 2 final C-index: 0.6549

Extra survival metrics:
cutoff_from_train_median: -0.059249
n_test: 128
n_high_risk: 70
n_low_risk: 58
n_event_test: 50
logrank_stat: 10.927940
logrank_p: 0.000947
auc_36m: 0.706684
auc_60m: 0.713927
mean_auc: 0.708097
HR_high_vs_low: 2.683784
HR_95CI_lower: 1.460585
HR_95CI_upper: 4.931378
cox_p: 0.001471

==================================================
Fold 4/5
==================================================
[ResNetCox] Loaded pretrained from /home/gly001/cqj/pa_ct_surv/model/ct_pretrain/resnet_18_23dataset.pth
  Missing keys (ok): ['fc.weight', 'fc.bias']
Epoch 1/30 | Train Loss: 2.4668 | Train C-index: 0.5639 | Val Loss: 4.2033 | Val C-index: 0.5294
Epoch 2/30 | Train Loss: 2.3775 | Train C-index: 0.6149 | Val Loss: 4.1646 | Val C-index: 0.5893
Epoch 3/30 | Train Loss: 2.4277 | Train C-index: 0.6632 | Val Loss: 4.1104 | Val C-index: 0.6833
Epoch 4/30 | Train Loss: 2.3147 | Train C-index: 0.6777 | Val Loss: 4.0418 | Val C-index: 0.7284
Epoch 5/30 | Train Loss: 2.2841 | Train C-index: 0.6931 | Val Loss: 4.0274 | Val C-index: 0.7255
Epoch 6/30 | Train Loss: 2.2568 | Train C-index: 0.7120 | Val Loss: 3.9761 | Val C-index: 0.7224
Epoch 7/30 | Train Loss: 2.2310 | Train C-index: 0.7180 | Val Loss: 3.9620 | Val C-index: 0.7437
Epoch 8/30 | Train Loss: 2.2413 | Train C-index: 0.7213 | Val Loss: 3.9543 | Val C-index: 0.7329
Epoch 9/30 | Train Loss: 2.2264 | Train C-index: 0.7394 | Val Loss: 3.9356 | Val C-index: 0.7396
Epoch 10/30 | Train Loss: 2.1718 | Train C-index: 0.7446 | Val Loss: 3.9466 | Val C-index: 0.7190
Epoch 11/30 | Train Loss: 2.1296 | Train C-index: 0.7278 | Val Loss: 3.9293 | Val C-index: 0.7255
Epoch 12/30 | Train Loss: 2.2052 | Train C-index: 0.7447 | Val Loss: 4.0090 | Val C-index: 0.6912
Epoch 13/30 | Train Loss: 2.1680 | Train C-index: 0.7606 | Val Loss: 3.9979 | Val C-index: 0.7020
Epoch 14/30 | Train Loss: 2.0890 | Train C-index: 0.7686 | Val Loss: 3.9295 | Val C-index: 0.7250
Epoch 15/30 | Train Loss: 2.0557 | Train C-index: 0.7673 | Val Loss: 3.9555 | Val C-index: 0.7214
Epoch 16/30 | Train Loss: 2.0602 | Train C-index: 0.7553 | Val Loss: 4.0631 | Val C-index: 0.6854
Epoch 17/30 | Train Loss: 2.1046 | Train C-index: 0.7863 | Val Loss: 3.9083 | Val C-index: 0.7279
Early stopping at epoch 17
Fold 3 final C-index: 0.7437

Extra survival metrics:
cutoff_from_train_median: -0.570809
n_test: 128
n_high_risk: 60
n_low_risk: 68
n_event_test: 50
logrank_stat: 27.548663
logrank_p: 0.000000
auc_36m: 0.779831
auc_60m: 0.763426
mean_auc: 0.775916
HR_high_vs_low: 4.851140
HR_95CI_lower: 2.529640
HR_95CI_upper: 9.303127
cox_p: 0.000002

==================================================
Fold 5/5
==================================================
[ResNetCox] Loaded pretrained from /home/gly001/cqj/pa_ct_surv/model/ct_pretrain/resnet_18_23dataset.pth
  Missing keys (ok): ['fc.weight', 'fc.bias']
Epoch 1/30 | Train Loss: 2.4105 | Train C-index: 0.4532 | Val Loss: 4.3797 | Val C-index: 0.5195
Epoch 2/30 | Train Loss: 2.3497 | Train C-index: 0.6350 | Val Loss: 4.3305 | Val C-index: 0.5989
Epoch 3/30 | Train Loss: 2.2992 | Train C-index: 0.6673 | Val Loss: 4.3201 | Val C-index: 0.6233
Epoch 4/30 | Train Loss: 2.2363 | Train C-index: 0.6611 | Val Loss: 4.5753 | Val C-index: 0.5877
Epoch 5/30 | Train Loss: 2.1953 | Train C-index: 0.7216 | Val Loss: 4.3025 | Val C-index: 0.6590
Epoch 6/30 | Train Loss: 2.1448 | Train C-index: 0.7185 | Val Loss: 4.3539 | Val C-index: 0.6517
Epoch 7/30 | Train Loss: 2.1730 | Train C-index: 0.7360 | Val Loss: 4.2821 | Val C-index: 0.6697
Epoch 8/30 | Train Loss: 2.1461 | Train C-index: 0.7491 | Val Loss: 4.3924 | Val C-index: 0.6480
Epoch 9/30 | Train Loss: 2.1098 | Train C-index: 0.7527 | Val Loss: 4.4363 | Val C-index: 0.6498
Epoch 10/30 | Train Loss: 2.0801 | Train C-index: 0.7567 | Val Loss: 4.3829 | Val C-index: 0.6510
Epoch 11/30 | Train Loss: 2.1007 | Train C-index: 0.7821 | Val Loss: 4.3533 | Val C-index: 0.6791
Epoch 12/30 | Train Loss: 2.0736 | Train C-index: 0.7799 | Val Loss: 4.3260 | Val C-index: 0.6827
Epoch 13/30 | Train Loss: 2.0258 | Train C-index: 0.7820 | Val Loss: 4.3980 | Val C-index: 0.6933
Epoch 14/30 | Train Loss: 2.0465 | Train C-index: 0.7735 | Val Loss: 4.3346 | Val C-index: 0.6912
Epoch 15/30 | Train Loss: 1.9925 | Train C-index: 0.7794 | Val Loss: 4.2853 | Val C-index: 0.7198
Epoch 16/30 | Train Loss: 2.0197 | Train C-index: 0.7997 | Val Loss: 4.3359 | Val C-index: 0.6969
Epoch 17/30 | Train Loss: 1.9283 | Train C-index: 0.8137 | Val Loss: 4.3995 | Val C-index: 0.6802
Epoch 18/30 | Train Loss: 1.9451 | Train C-index: 0.8040 | Val Loss: 4.4414 | Val C-index: 0.6866
Epoch 19/30 | Train Loss: 1.8855 | Train C-index: 0.7615 | Val Loss: 4.9295 | Val C-index: 0.6169
Epoch 20/30 | Train Loss: 1.9154 | Train C-index: 0.8116 | Val Loss: 4.4624 | Val C-index: 0.6622
Epoch 21/30 | Train Loss: 1.8943 | Train C-index: 0.8269 | Val Loss: 4.3860 | Val C-index: 0.6706
Epoch 22/30 | Train Loss: 1.8509 | Train C-index: 0.8311 | Val Loss: 4.3857 | Val C-index: 0.6789
Epoch 23/30 | Train Loss: 1.7816 | Train C-index: 0.8372 | Val Loss: 4.4922 | Val C-index: 0.6846
Epoch 24/30 | Train Loss: 1.8505 | Train C-index: 0.8284 | Val Loss: 4.5103 | Val C-index: 0.6448
Epoch 25/30 | Train Loss: 1.8219 | Train C-index: 0.8603 | Val Loss: 4.4961 | Val C-index: 0.6471
Early stopping at epoch 25
Fold 4 final C-index: 0.7198

Extra survival metrics:
cutoff_from_train_median: -0.674789
n_test: 128
n_high_risk: 61
n_low_risk: 67
n_event_test: 50
logrank_stat: 24.509453
logrank_p: 0.000001
auc_36m: 0.785532
auc_60m: 0.756396
mean_auc: 0.775135
HR_high_vs_low: 4.239750
HR_95CI_lower: 2.279043
HR_95CI_upper: 7.887294
cox_p: 0.000005

==================================================
5-Fold CV Summary
==================================================
  C-index: 0.7037 +/- 0.0347
