nohup: ignoring input
Using Device: cuda | ROI size: 64
Model: resnet | Augment: True
Learning rates: backbone=1e-05 | Cox head=0.0005
Pretrained: /home/gly001/cqj/pa_ct_surv/model/ct_pretrain/resnet_18_23dataset.pth
Checkpoints: /home/gly001/cqj/pa_ct_surv/checkpoints/pact_v2/ct/roi64_diff_lr_1e-5_5e-4/seed2024
Results:     /home/gly001/cqj/pa_ct_surv/results/pact_v2/ct/roi64_diff_lr_1e-5_5e-4/seed2024
Loaded 703 samples
Locked split from dataset CSV: train=564, test=139
Test set is not accessed during CV

==================================================
Fold 1/5
==================================================
[ResNetCox] Loaded pretrained from /home/gly001/cqj/pa_ct_surv/model/ct_pretrain/resnet_18_23dataset.pth
  Missing keys (ok): ['fc.weight', 'fc.bias']
Epoch 1/30 | Train Loss: 3.7181 | Train C-index: 0.4899 | Val Loss: 4.2204 | Val C-index: 0.4256
Epoch 2/30 | Train Loss: 3.7168 | Train C-index: 0.5689 | Val Loss: 4.1927 | Val C-index: 0.5741
Epoch 3/30 | Train Loss: 3.6396 | Train C-index: 0.5675 | Val Loss: 4.1673 | Val C-index: 0.6109
Epoch 4/30 | Train Loss: 3.6069 | Train C-index: 0.6034 | Val Loss: 4.1372 | Val C-index: 0.6318
Epoch 5/30 | Train Loss: 3.5730 | Train C-index: 0.6388 | Val Loss: 4.0843 | Val C-index: 0.6831
Epoch 6/30 | Train Loss: 3.5784 | Train C-index: 0.6605 | Val Loss: 4.0029 | Val C-index: 0.7118
Epoch 7/30 | Train Loss: 3.5571 | Train C-index: 0.6931 | Val Loss: 3.9806 | Val C-index: 0.7253
Epoch 8/30 | Train Loss: 3.5448 | Train C-index: 0.7315 | Val Loss: 3.9156 | Val C-index: 0.7378
Epoch 9/30 | Train Loss: 3.5626 | Train C-index: 0.7421 | Val Loss: 3.8889 | Val C-index: 0.7469
Epoch 10/30 | Train Loss: 3.5285 | Train C-index: 0.7460 | Val Loss: 3.8730 | Val C-index: 0.7536
Epoch 11/30 | Train Loss: 3.5015 | Train C-index: 0.7494 | Val Loss: 3.8724 | Val C-index: 0.7546
Epoch 12/30 | Train Loss: 3.4793 | Train C-index: 0.7575 | Val Loss: 3.8889 | Val C-index: 0.7472
Epoch 13/30 | Train Loss: 3.4432 | Train C-index: 0.7710 | Val Loss: 3.8847 | Val C-index: 0.7516
Epoch 14/30 | Train Loss: 3.4196 | Train C-index: 0.7701 | Val Loss: 3.8951 | Val C-index: 0.7462
Epoch 15/30 | Train Loss: 3.3896 | Train C-index: 0.7831 | Val Loss: 3.9342 | Val C-index: 0.7280
Epoch 16/30 | Train Loss: 3.3746 | Train C-index: 0.7932 | Val Loss: 3.9604 | Val C-index: 0.7229
Epoch 17/30 | Train Loss: 3.2686 | Train C-index: 0.8022 | Val Loss: 3.9724 | Val C-index: 0.7239
Epoch 18/30 | Train Loss: 3.2396 | Train C-index: 0.8090 | Val Loss: 3.9961 | Val C-index: 0.7351
Epoch 19/30 | Train Loss: 3.2447 | Train C-index: 0.8086 | Val Loss: 3.9896 | Val C-index: 0.7152
Epoch 20/30 | Train Loss: 3.3307 | Train C-index: 0.8258 | Val Loss: 3.9880 | Val C-index: 0.7091
Epoch 21/30 | Train Loss: 3.1786 | Train C-index: 0.8464 | Val Loss: 3.9660 | Val C-index: 0.7185
Early stopping at epoch 21
Fold 0 final C-index: 0.7546

Extra survival metrics:
cutoff_from_train_median: -0.185746
n_test: 113
n_high_risk: 59
n_low_risk: 54
n_event_test: 39
logrank_stat: 25.264082
logrank_p: 0.000000
auc_36m: 0.787510
auc_60m: 0.796377
mean_auc: 0.790091
HR_high_vs_low: 6.309171
HR_95CI_lower: 2.776183
HR_95CI_upper: 14.338262
cox_p: 0.000011

==================================================
Fold 2/5
==================================================
[ResNetCox] Loaded pretrained from /home/gly001/cqj/pa_ct_surv/model/ct_pretrain/resnet_18_23dataset.pth
  Missing keys (ok): ['fc.weight', 'fc.bias']
Epoch 1/30 | Train Loss: 3.7520 | Train C-index: 0.5666 | Val Loss: 4.2008 | Val C-index: 0.4926
Epoch 2/30 | Train Loss: 3.9185 | Train C-index: 0.5757 | Val Loss: 4.1982 | Val C-index: 0.5590
Epoch 3/30 | Train Loss: 3.6900 | Train C-index: 0.5732 | Val Loss: 4.1958 | Val C-index: 0.5835
Epoch 4/30 | Train Loss: 3.6494 | Train C-index: 0.6040 | Val Loss: 4.1872 | Val C-index: 0.5958
Epoch 5/30 | Train Loss: 3.6278 | Train C-index: 0.6586 | Val Loss: 4.1748 | Val C-index: 0.6169
Epoch 6/30 | Train Loss: 3.5579 | Train C-index: 0.6946 | Val Loss: 4.1582 | Val C-index: 0.6348
Epoch 7/30 | Train Loss: 3.5333 | Train C-index: 0.7120 | Val Loss: 4.1669 | Val C-index: 0.6348
Epoch 8/30 | Train Loss: 3.4955 | Train C-index: 0.7276 | Val Loss: 4.1903 | Val C-index: 0.6378
Epoch 9/30 | Train Loss: 3.4565 | Train C-index: 0.7440 | Val Loss: 4.2144 | Val C-index: 0.6424
Epoch 10/30 | Train Loss: 3.4224 | Train C-index: 0.7537 | Val Loss: 4.2441 | Val C-index: 0.6454
Epoch 11/30 | Train Loss: 3.4713 | Train C-index: 0.7641 | Val Loss: 4.2479 | Val C-index: 0.6298
Epoch 12/30 | Train Loss: 3.3654 | Train C-index: 0.7771 | Val Loss: 4.2600 | Val C-index: 0.6279
Epoch 13/30 | Train Loss: 3.3666 | Train C-index: 0.7871 | Val Loss: 4.2948 | Val C-index: 0.6242
Epoch 14/30 | Train Loss: 3.3328 | Train C-index: 0.7928 | Val Loss: 4.3410 | Val C-index: 0.6143
Epoch 15/30 | Train Loss: 3.3367 | Train C-index: 0.8026 | Val Loss: 4.3679 | Val C-index: 0.6040
Epoch 16/30 | Train Loss: 3.3096 | Train C-index: 0.8092 | Val Loss: 4.3856 | Val C-index: 0.6173
Epoch 17/30 | Train Loss: 3.2742 | Train C-index: 0.8091 | Val Loss: 4.4349 | Val C-index: 0.5974
Epoch 18/30 | Train Loss: 3.2575 | Train C-index: 0.8289 | Val Loss: 4.4377 | Val C-index: 0.6060
Epoch 19/30 | Train Loss: 3.2087 | Train C-index: 0.8402 | Val Loss: 4.5014 | Val C-index: 0.6070
Epoch 20/30 | Train Loss: 3.1464 | Train C-index: 0.8463 | Val Loss: 4.4399 | Val C-index: 0.6150
Early stopping at epoch 20
Fold 1 final C-index: 0.6454

Extra survival metrics:
cutoff_from_train_median: -0.763775
n_test: 113
n_high_risk: 60
n_low_risk: 53
n_event_test: 39
logrank_stat: 2.482531
logrank_p: 0.115117
auc_36m: 0.673541
auc_60m: 0.625826
mean_auc: 0.659073
HR_high_vs_low: 1.697865
HR_95CI_lower: 0.872343
HR_95CI_upper: 3.304603
cox_p: 0.119230

==================================================
Fold 3/5
==================================================
[ResNetCox] Loaded pretrained from /home/gly001/cqj/pa_ct_surv/model/ct_pretrain/resnet_18_23dataset.pth
  Missing keys (ok): ['fc.weight', 'fc.bias']
Epoch 1/30 | Train Loss: 3.7975 | Train C-index: 0.5937 | Val Loss: 4.2612 | Val C-index: 0.5734
Epoch 2/30 | Train Loss: 3.7547 | Train C-index: 0.5794 | Val Loss: 4.2625 | Val C-index: 0.5255
Epoch 3/30 | Train Loss: 3.7271 | Train C-index: 0.5432 | Val Loss: 4.2605 | Val C-index: 0.5312
Epoch 4/30 | Train Loss: 3.7131 | Train C-index: 0.5528 | Val Loss: 4.2572 | Val C-index: 0.5360
Epoch 5/30 | Train Loss: 3.6571 | Train C-index: 0.6008 | Val Loss: 4.2357 | Val C-index: 0.6086
Epoch 6/30 | Train Loss: 3.6169 | Train C-index: 0.6434 | Val Loss: 4.1931 | Val C-index: 0.6505
Epoch 7/30 | Train Loss: 3.6269 | Train C-index: 0.6691 | Val Loss: 4.1366 | Val C-index: 0.6787
Epoch 8/30 | Train Loss: 3.5824 | Train C-index: 0.7010 | Val Loss: 4.0859 | Val C-index: 0.7057
Epoch 9/30 | Train Loss: 3.5824 | Train C-index: 0.7174 | Val Loss: 4.0756 | Val C-index: 0.7101
Epoch 10/30 | Train Loss: 3.5378 | Train C-index: 0.7247 | Val Loss: 4.0680 | Val C-index: 0.7120
Epoch 11/30 | Train Loss: 3.5185 | Train C-index: 0.7310 | Val Loss: 4.0695 | Val C-index: 0.7139
Epoch 12/30 | Train Loss: 3.4732 | Train C-index: 0.7378 | Val Loss: 4.0555 | Val C-index: 0.7253
Epoch 13/30 | Train Loss: 3.4635 | Train C-index: 0.7467 | Val Loss: 4.0519 | Val C-index: 0.7196
Epoch 14/30 | Train Loss: 3.4741 | Train C-index: 0.7544 | Val Loss: 4.0506 | Val C-index: 0.7165
Epoch 15/30 | Train Loss: 3.4375 | Train C-index: 0.7606 | Val Loss: 4.0449 | Val C-index: 0.7257
Epoch 16/30 | Train Loss: 3.4114 | Train C-index: 0.7682 | Val Loss: 4.0396 | Val C-index: 0.7250
Epoch 17/30 | Train Loss: 3.4175 | Train C-index: 0.7737 | Val Loss: 4.0421 | Val C-index: 0.7177
Epoch 18/30 | Train Loss: 3.3943 | Train C-index: 0.7821 | Val Loss: 4.0754 | Val C-index: 0.7088
Epoch 19/30 | Train Loss: 3.3754 | Train C-index: 0.7953 | Val Loss: 4.0701 | Val C-index: 0.7127
Epoch 20/30 | Train Loss: 3.3707 | Train C-index: 0.8061 | Val Loss: 4.1005 | Val C-index: 0.7050
Epoch 21/30 | Train Loss: 3.3189 | Train C-index: 0.8128 | Val Loss: 4.1677 | Val C-index: 0.6724
Epoch 22/30 | Train Loss: 3.3303 | Train C-index: 0.8185 | Val Loss: 4.1962 | Val C-index: 0.6689
Epoch 23/30 | Train Loss: 3.2387 | Train C-index: 0.8288 | Val Loss: 4.1481 | Val C-index: 0.6717
Epoch 24/30 | Train Loss: 3.2225 | Train C-index: 0.8310 | Val Loss: 4.1341 | Val C-index: 0.6977
Epoch 25/30 | Train Loss: 3.1687 | Train C-index: 0.8435 | Val Loss: 4.2696 | Val C-index: 0.6606
Early stopping at epoch 25
Fold 2 final C-index: 0.7257

Extra survival metrics:
cutoff_from_train_median: -0.466969
n_test: 113
n_high_risk: 55
n_low_risk: 58
n_event_test: 39
logrank_stat: 13.969098
logrank_p: 0.000186
auc_36m: 0.791089
auc_60m: 0.753817
mean_auc: 0.784856
HR_high_vs_low: 3.524906
HR_95CI_lower: 1.745175
HR_95CI_upper: 7.119607
cox_p: 0.000444

==================================================
Fold 4/5
==================================================
[ResNetCox] Loaded pretrained from /home/gly001/cqj/pa_ct_surv/model/ct_pretrain/resnet_18_23dataset.pth
  Missing keys (ok): ['fc.weight', 'fc.bias']
Epoch 1/30 | Train Loss: 3.7496 | Train C-index: 0.5068 | Val Loss: 4.4302 | Val C-index: 0.6067
Epoch 2/30 | Train Loss: 3.7289 | Train C-index: 0.6324 | Val Loss: 4.4284 | Val C-index: 0.5654
Epoch 3/30 | Train Loss: 3.7030 | Train C-index: 0.6208 | Val Loss: 4.4227 | Val C-index: 0.5519
Epoch 4/30 | Train Loss: 3.5868 | Train C-index: 0.6356 | Val Loss: 4.4085 | Val C-index: 0.5587
Epoch 5/30 | Train Loss: 3.5592 | Train C-index: 0.6702 | Val Loss: 4.3649 | Val C-index: 0.6164
Epoch 6/30 | Train Loss: 3.5422 | Train C-index: 0.6861 | Val Loss: 4.3562 | Val C-index: 0.6235
Epoch 7/30 | Train Loss: 3.4929 | Train C-index: 0.7083 | Val Loss: 4.3465 | Val C-index: 0.6378
Epoch 8/30 | Train Loss: 3.4828 | Train C-index: 0.7367 | Val Loss: 4.3070 | Val C-index: 0.6654
Epoch 9/30 | Train Loss: 3.4234 | Train C-index: 0.7467 | Val Loss: 4.3227 | Val C-index: 0.6581
Epoch 10/30 | Train Loss: 3.4221 | Train C-index: 0.7555 | Val Loss: 4.3311 | Val C-index: 0.6499
Epoch 11/30 | Train Loss: 3.4296 | Train C-index: 0.7642 | Val Loss: 4.3327 | Val C-index: 0.6449
Epoch 12/30 | Train Loss: 3.3618 | Train C-index: 0.7701 | Val Loss: 4.3389 | Val C-index: 0.6554
Epoch 13/30 | Train Loss: 3.3553 | Train C-index: 0.7737 | Val Loss: 4.3773 | Val C-index: 0.6413
Epoch 14/30 | Train Loss: 3.2965 | Train C-index: 0.7742 | Val Loss: 4.4054 | Val C-index: 0.6258
Epoch 15/30 | Train Loss: 3.2626 | Train C-index: 0.7823 | Val Loss: 4.4087 | Val C-index: 0.6320
Epoch 16/30 | Train Loss: 3.2752 | Train C-index: 0.7882 | Val Loss: 4.4317 | Val C-index: 0.6126
Epoch 17/30 | Train Loss: 3.2896 | Train C-index: 0.8028 | Val Loss: 4.4292 | Val C-index: 0.6111
Epoch 18/30 | Train Loss: 3.2500 | Train C-index: 0.8173 | Val Loss: 4.4955 | Val C-index: 0.5959
Early stopping at epoch 18
Fold 3 final C-index: 0.6654

Extra survival metrics:
cutoff_from_train_median: 0.290825
n_test: 113
n_high_risk: 65
n_low_risk: 48
n_event_test: 40
logrank_stat: 12.089469
logrank_p: 0.000507
auc_36m: 0.689515
auc_60m: 0.669652
mean_auc: 0.682310
HR_high_vs_low: 3.456106
HR_95CI_lower: 1.641930
HR_95CI_upper: 7.274777
cox_p: 0.001092

==================================================
Fold 5/5
==================================================
[ResNetCox] Loaded pretrained from /home/gly001/cqj/pa_ct_surv/model/ct_pretrain/resnet_18_23dataset.pth
  Missing keys (ok): ['fc.weight', 'fc.bias']
Epoch 1/30 | Train Loss: 3.8199 | Train C-index: 0.6039 | Val Loss: 4.1584 | Val C-index: 0.6233
Epoch 2/30 | Train Loss: 3.7984 | Train C-index: 0.6049 | Val Loss: 4.1528 | Val C-index: 0.6293
Epoch 3/30 | Train Loss: 3.6923 | Train C-index: 0.5848 | Val Loss: 4.1533 | Val C-index: 0.5787
Epoch 4/30 | Train Loss: 3.6444 | Train C-index: 0.6005 | Val Loss: 4.1082 | Val C-index: 0.6425
Epoch 5/30 | Train Loss: 3.5711 | Train C-index: 0.6210 | Val Loss: 4.0853 | Val C-index: 0.6349
Epoch 6/30 | Train Loss: 3.6024 | Train C-index: 0.6645 | Val Loss: 4.0611 | Val C-index: 0.6609
Epoch 7/30 | Train Loss: 3.5774 | Train C-index: 0.6961 | Val Loss: 4.0382 | Val C-index: 0.6880
Epoch 8/30 | Train Loss: 3.5380 | Train C-index: 0.7161 | Val Loss: 4.0327 | Val C-index: 0.7075
Epoch 9/30 | Train Loss: 3.4851 | Train C-index: 0.7275 | Val Loss: 4.0452 | Val C-index: 0.7058
Epoch 10/30 | Train Loss: 3.4813 | Train C-index: 0.7349 | Val Loss: 4.0382 | Val C-index: 0.7154
Epoch 11/30 | Train Loss: 3.4625 | Train C-index: 0.7356 | Val Loss: 4.0370 | Val C-index: 0.7134
Epoch 12/30 | Train Loss: 3.4432 | Train C-index: 0.7399 | Val Loss: 4.0582 | Val C-index: 0.7233
Epoch 13/30 | Train Loss: 3.4558 | Train C-index: 0.7540 | Val Loss: 4.0695 | Val C-index: 0.7204
Epoch 14/30 | Train Loss: 3.4437 | Train C-index: 0.7583 | Val Loss: 4.0779 | Val C-index: 0.7131
Epoch 15/30 | Train Loss: 3.4211 | Train C-index: 0.7597 | Val Loss: 4.0632 | Val C-index: 0.7161
Epoch 16/30 | Train Loss: 3.3811 | Train C-index: 0.7784 | Val Loss: 4.0398 | Val C-index: 0.7181
Epoch 17/30 | Train Loss: 3.3357 | Train C-index: 0.7899 | Val Loss: 4.0359 | Val C-index: 0.7138
Epoch 18/30 | Train Loss: 3.2921 | Train C-index: 0.7950 | Val Loss: 4.0742 | Val C-index: 0.7148
Epoch 19/30 | Train Loss: 3.3438 | Train C-index: 0.8108 | Val Loss: 4.0595 | Val C-index: 0.7161
Epoch 20/30 | Train Loss: 3.2239 | Train C-index: 0.8206 | Val Loss: 4.0903 | Val C-index: 0.7161
Epoch 21/30 | Train Loss: 3.2132 | Train C-index: 0.8314 | Val Loss: 4.1197 | Val C-index: 0.7025
Epoch 22/30 | Train Loss: 3.0666 | Train C-index: 0.8407 | Val Loss: 4.2308 | Val C-index: 0.7035
Early stopping at epoch 22
Fold 4 final C-index: 0.7233

Extra survival metrics:
cutoff_from_train_median: -0.897954
n_test: 112
n_high_risk: 55
n_low_risk: 57
n_event_test: 39
logrank_stat: 17.834582
logrank_p: 0.000024
auc_36m: 0.751275
auc_60m: 0.711937
mean_auc: 0.742653
HR_high_vs_low: 4.187227
HR_95CI_lower: 2.035141
HR_95CI_upper: 8.615064
cox_p: 0.000100

==================================================
5-Fold CV Summary
==================================================
  C-index: 0.7029 +/- 0.0456
