nohup: ignoring input
Using Device: cuda | ROI size: 96
Model: resnet10 | Augment: True
Learning rates: backbone=0.0001 | Cox head=0.0005
Loss: cox
Pretrained: /home/gly001/cqj/pa_ct_surv/model/ct_pretrain/resnet_10_23dataset.pth
Checkpoints: /home/gly001/cqj/pa_ct_surv/checkpoints/pact_v2/ct/roi96_resnet10_ep50/seed42
Results:     /home/gly001/cqj/pa_ct_surv/results/pact_v2/ct/roi96_resnet10_ep50/seed42
Loaded 777 samples
Locked split from dataset CSV: train=625, test=152
Test set is not accessed during CV

==================================================
Fold 1/5
==================================================
[ResNetCox] Loaded pretrained from /home/gly001/cqj/pa_ct_surv/model/ct_pretrain/resnet_10_23dataset.pth
  Missing keys (ok): ['fc.weight', 'fc.bias']
Epoch 1/50 | Train Loss: 3.7148 | Train C-index: 0.6321 | Val Loss: 4.2687 | Val C-index: 0.6371
Epoch 2/50 | Train Loss: 3.6797 | Train C-index: 0.6277 | Val Loss: 4.2572 | Val C-index: 0.6047
Epoch 3/50 | Train Loss: 3.6618 | Train C-index: 0.6142 | Val Loss: 4.2948 | Val C-index: 0.5533
Epoch 4/50 | Train Loss: 3.6797 | Train C-index: 0.5740 | Val Loss: 4.3103 | Val C-index: 0.4961
Epoch 5/50 | Train Loss: 3.6471 | Train C-index: 0.5638 | Val Loss: 4.2842 | Val C-index: 0.4916
Epoch 6/50 | Train Loss: 3.5606 | Train C-index: 0.4763 | Val Loss: 4.2739 | Val C-index: 0.5515
Epoch 7/50 | Train Loss: 3.6036 | Train C-index: 0.6220 | Val Loss: 4.2600 | Val C-index: 0.5628
Epoch 8/50 | Train Loss: 3.5312 | Train C-index: 0.6721 | Val Loss: 4.2446 | Val C-index: 0.6434
Epoch 9/50 | Train Loss: 3.4412 | Train C-index: 0.7099 | Val Loss: 4.1658 | Val C-index: 0.7068
Epoch 10/50 | Train Loss: 3.5220 | Train C-index: 0.7326 | Val Loss: 4.0868 | Val C-index: 0.7429
Epoch 11/50 | Train Loss: 3.4503 | Train C-index: 0.7213 | Val Loss: 4.1645 | Val C-index: 0.7227
Epoch 12/50 | Train Loss: 3.4466 | Train C-index: 0.7381 | Val Loss: 4.0554 | Val C-index: 0.7477
Epoch 13/50 | Train Loss: 3.4748 | Train C-index: 0.7443 | Val Loss: 4.0618 | Val C-index: 0.7582
Epoch 14/50 | Train Loss: 3.4279 | Train C-index: 0.7443 | Val Loss: 4.1388 | Val C-index: 0.7120
Epoch 15/50 | Train Loss: 3.4045 | Train C-index: 0.7718 | Val Loss: 4.0816 | Val C-index: 0.7410
Epoch 16/50 | Train Loss: 3.3278 | Train C-index: 0.7792 | Val Loss: 4.0964 | Val C-index: 0.7549
Epoch 17/50 | Train Loss: 3.3134 | Train C-index: 0.7913 | Val Loss: 4.0347 | Val C-index: 0.7577
Epoch 18/50 | Train Loss: 3.2894 | Train C-index: 0.7799 | Val Loss: 4.1528 | Val C-index: 0.7472
Epoch 19/50 | Train Loss: 3.2389 | Train C-index: 0.7759 | Val Loss: 4.0673 | Val C-index: 0.7447
Epoch 20/50 | Train Loss: 3.3128 | Train C-index: 0.7837 | Val Loss: 4.0989 | Val C-index: 0.7502
Epoch 21/50 | Train Loss: 3.3584 | Train C-index: 0.7401 | Val Loss: 4.2443 | Val C-index: 0.6836
Epoch 22/50 | Train Loss: 3.3021 | Train C-index: 0.8042 | Val Loss: 4.0077 | Val C-index: 0.7614
Epoch 23/50 | Train Loss: 3.2994 | Train C-index: 0.8189 | Val Loss: 4.0982 | Val C-index: 0.7257
Epoch 24/50 | Train Loss: 3.0724 | Train C-index: 0.8188 | Val Loss: 4.0817 | Val C-index: 0.7469
Epoch 25/50 | Train Loss: 3.0996 | Train C-index: 0.8396 | Val Loss: 3.9810 | Val C-index: 0.7624
Epoch 26/50 | Train Loss: 2.9926 | Train C-index: 0.8400 | Val Loss: 4.2751 | Val C-index: 0.7095
Epoch 27/50 | Train Loss: 3.0394 | Train C-index: 0.8655 | Val Loss: 4.0689 | Val C-index: 0.7562
Epoch 28/50 | Train Loss: 2.9756 | Train C-index: 0.8704 | Val Loss: 4.2282 | Val C-index: 0.7342
Epoch 29/50 | Train Loss: 2.9788 | Train C-index: 0.8540 | Val Loss: 4.3973 | Val C-index: 0.6923
Epoch 30/50 | Train Loss: 2.8521 | Train C-index: 0.8640 | Val Loss: 4.1610 | Val C-index: 0.7185
Epoch 31/50 | Train Loss: 2.9475 | Train C-index: 0.8762 | Val Loss: 4.3192 | Val C-index: 0.7405
Epoch 32/50 | Train Loss: 2.8272 | Train C-index: 0.8960 | Val Loss: 4.0039 | Val C-index: 0.7517
Epoch 33/50 | Train Loss: 2.7717 | Train C-index: 0.8893 | Val Loss: 4.2909 | Val C-index: 0.7494
Epoch 34/50 | Train Loss: 2.7437 | Train C-index: 0.8835 | Val Loss: 4.3276 | Val C-index: 0.7360
Epoch 35/50 | Train Loss: 2.6277 | Train C-index: 0.9018 | Val Loss: 4.2118 | Val C-index: 0.7759
Epoch 36/50 | Train Loss: 2.6001 | Train C-index: 0.8923 | Val Loss: 4.5848 | Val C-index: 0.6786
Epoch 37/50 | Train Loss: 2.4563 | Train C-index: 0.9223 | Val Loss: 4.3202 | Val C-index: 0.7192
Epoch 38/50 | Train Loss: 2.4568 | Train C-index: 0.9172 | Val Loss: 4.3150 | Val C-index: 0.7472
Epoch 39/50 | Train Loss: 2.4511 | Train C-index: 0.9259 | Val Loss: 4.6381 | Val C-index: 0.6963
Epoch 40/50 | Train Loss: 2.6547 | Train C-index: 0.8704 | Val Loss: 4.6954 | Val C-index: 0.6598
Epoch 41/50 | Train Loss: 2.6944 | Train C-index: 0.9133 | Val Loss: 4.7031 | Val C-index: 0.7177
Epoch 42/50 | Train Loss: 2.4412 | Train C-index: 0.9316 | Val Loss: 4.2695 | Val C-index: 0.7103
Epoch 43/50 | Train Loss: 2.3396 | Train C-index: 0.9305 | Val Loss: 4.8320 | Val C-index: 0.7100
Epoch 44/50 | Train Loss: 2.4494 | Train C-index: 0.9315 | Val Loss: 4.5982 | Val C-index: 0.7332
Epoch 45/50 | Train Loss: 2.3430 | Train C-index: 0.9428 | Val Loss: 4.4959 | Val C-index: 0.7177
Epoch 46/50 | Train Loss: 2.3908 | Train C-index: 0.9369 | Val Loss: 4.7228 | Val C-index: 0.7160
Epoch 47/50 | Train Loss: 2.2348 | Train C-index: 0.9477 | Val Loss: 4.8552 | Val C-index: 0.7063
Epoch 48/50 | Train Loss: 2.4357 | Train C-index: 0.9257 | Val Loss: 4.6112 | Val C-index: 0.6953
Epoch 49/50 | Train Loss: 2.2381 | Train C-index: 0.9382 | Val Loss: 4.3628 | Val C-index: 0.7422
Epoch 50/50 | Train Loss: 2.3465 | Train C-index: 0.9510 | Val Loss: 4.7170 | Val C-index: 0.6988
Early stopping at epoch 50
Fold 0 final C-index: 0.7759

Extra survival metrics:
cutoff_from_train_median: 0.237500
n_test: 125
n_high_risk: 59
n_low_risk: 66
n_event_test: 47
logrank_stat: 19.069195
logrank_p: 0.000013
auc_36m: 0.826413
auc_60m: 0.820834
mean_auc: 0.825166
HR_high_vs_low: 3.631235
HR_95CI_lower: 1.955219
HR_95CI_upper: 6.743931
cox_p: 0.000045

==================================================
Fold 2/5
==================================================
[ResNetCox] Loaded pretrained from /home/gly001/cqj/pa_ct_surv/model/ct_pretrain/resnet_10_23dataset.pth
  Missing keys (ok): ['fc.weight', 'fc.bias']
Epoch 1/50 | Train Loss: 3.7133 | Train C-index: 0.5403 | Val Loss: 4.3889 | Val C-index: 0.4572
Epoch 2/50 | Train Loss: 3.6897 | Train C-index: 0.5966 | Val Loss: 4.3582 | Val C-index: 0.6571
Epoch 3/50 | Train Loss: 3.6407 | Train C-index: 0.5989 | Val Loss: 4.2790 | Val C-index: 0.6759
Epoch 4/50 | Train Loss: 3.6608 | Train C-index: 0.5924 | Val Loss: 4.3047 | Val C-index: 0.6580
Epoch 5/50 | Train Loss: 3.5968 | Train C-index: 0.5960 | Val Loss: 4.2634 | Val C-index: 0.6621
Epoch 6/50 | Train Loss: 3.5729 | Train C-index: 0.6011 | Val Loss: 4.2992 | Val C-index: 0.6433
Epoch 7/50 | Train Loss: 3.5532 | Train C-index: 0.5933 | Val Loss: 4.3629 | Val C-index: 0.6082
Epoch 8/50 | Train Loss: 3.4880 | Train C-index: 0.6560 | Val Loss: 4.3374 | Val C-index: 0.6147
Epoch 9/50 | Train Loss: 3.4970 | Train C-index: 0.7047 | Val Loss: 4.2815 | Val C-index: 0.6503
Epoch 10/50 | Train Loss: 3.4679 | Train C-index: 0.7374 | Val Loss: 4.2005 | Val C-index: 0.6880
Epoch 11/50 | Train Loss: 3.4668 | Train C-index: 0.7463 | Val Loss: 4.2114 | Val C-index: 0.6931
Epoch 12/50 | Train Loss: 3.4060 | Train C-index: 0.7338 | Val Loss: 4.2677 | Val C-index: 0.6556
Epoch 13/50 | Train Loss: 3.4531 | Train C-index: 0.7397 | Val Loss: 4.3110 | Val C-index: 0.6600
Epoch 14/50 | Train Loss: 3.3762 | Train C-index: 0.7787 | Val Loss: 4.2251 | Val C-index: 0.6854
Epoch 15/50 | Train Loss: 3.3642 | Train C-index: 0.7713 | Val Loss: 4.1727 | Val C-index: 0.7089
Epoch 16/50 | Train Loss: 3.2931 | Train C-index: 0.7741 | Val Loss: 4.2462 | Val C-index: 0.6701
Epoch 17/50 | Train Loss: 3.3382 | Train C-index: 0.7732 | Val Loss: 4.2250 | Val C-index: 0.6912
Epoch 18/50 | Train Loss: 3.2699 | Train C-index: 0.7770 | Val Loss: 4.1545 | Val C-index: 0.7207
Epoch 19/50 | Train Loss: 3.1842 | Train C-index: 0.8069 | Val Loss: 4.2084 | Val C-index: 0.6985
Epoch 20/50 | Train Loss: 3.2171 | Train C-index: 0.8132 | Val Loss: 4.2274 | Val C-index: 0.7006
Epoch 21/50 | Train Loss: 3.1705 | Train C-index: 0.8063 | Val Loss: 4.1967 | Val C-index: 0.7161
Epoch 22/50 | Train Loss: 3.1421 | Train C-index: 0.8254 | Val Loss: 4.2909 | Val C-index: 0.6895
Epoch 23/50 | Train Loss: 3.0930 | Train C-index: 0.8314 | Val Loss: 4.2656 | Val C-index: 0.6929
Epoch 24/50 | Train Loss: 3.1089 | Train C-index: 0.8543 | Val Loss: 4.2159 | Val C-index: 0.6934
Epoch 25/50 | Train Loss: 3.0092 | Train C-index: 0.8468 | Val Loss: 4.3016 | Val C-index: 0.6801
Epoch 26/50 | Train Loss: 2.9718 | Train C-index: 0.8556 | Val Loss: 4.2560 | Val C-index: 0.7004
Epoch 27/50 | Train Loss: 2.9566 | Train C-index: 0.8722 | Val Loss: 4.2952 | Val C-index: 0.7001
Epoch 28/50 | Train Loss: 3.0244 | Train C-index: 0.8479 | Val Loss: 4.3655 | Val C-index: 0.6948
Epoch 29/50 | Train Loss: 2.9130 | Train C-index: 0.8653 | Val Loss: 4.4243 | Val C-index: 0.6210
Epoch 30/50 | Train Loss: 2.7513 | Train C-index: 0.8702 | Val Loss: 4.3654 | Val C-index: 0.7181
Epoch 31/50 | Train Loss: 2.8931 | Train C-index: 0.8680 | Val Loss: 4.5287 | Val C-index: 0.6822
Epoch 32/50 | Train Loss: 2.7482 | Train C-index: 0.8438 | Val Loss: 4.5716 | Val C-index: 0.6958
Epoch 33/50 | Train Loss: 2.8776 | Train C-index: 0.8596 | Val Loss: 4.4451 | Val C-index: 0.6413
Early stopping at epoch 33
Fold 1 final C-index: 0.7207

Extra survival metrics:
cutoff_from_train_median: -1.042092
n_test: 125
n_high_risk: 63
n_low_risk: 62
n_event_test: 47
logrank_stat: 12.544751
logrank_p: 0.000397
auc_36m: 0.749506
auc_60m: 0.753206
mean_auc: 0.750821
HR_high_vs_low: 2.958415
HR_95CI_lower: 1.576278
HR_95CI_upper: 5.552462
cox_p: 0.000734

==================================================
Fold 3/5
==================================================
[ResNetCox] Loaded pretrained from /home/gly001/cqj/pa_ct_surv/model/ct_pretrain/resnet_10_23dataset.pth
  Missing keys (ok): ['fc.weight', 'fc.bias']
Epoch 1/50 | Train Loss: 3.6949 | Train C-index: 0.5990 | Val Loss: 4.4066 | Val C-index: 0.6530
Epoch 2/50 | Train Loss: 3.6575 | Train C-index: 0.6091 | Val Loss: 4.3925 | Val C-index: 0.7023
Epoch 3/50 | Train Loss: 3.7048 | Train C-index: 0.5532 | Val Loss: 4.3983 | Val C-index: 0.6180
Epoch 4/50 | Train Loss: 3.6278 | Train C-index: 0.5123 | Val Loss: 4.4378 | Val C-index: 0.5219
Epoch 5/50 | Train Loss: 3.5712 | Train C-index: 0.4957 | Val Loss: 4.7011 | Val C-index: 0.4802
Epoch 6/50 | Train Loss: 3.5909 | Train C-index: 0.5200 | Val Loss: 4.6389 | Val C-index: 0.4898
Epoch 7/50 | Train Loss: 3.5057 | Train C-index: 0.6186 | Val Loss: 4.3712 | Val C-index: 0.6370
Epoch 8/50 | Train Loss: 3.5087 | Train C-index: 0.6724 | Val Loss: 4.2412 | Val C-index: 0.7123
Epoch 9/50 | Train Loss: 3.5040 | Train C-index: 0.6984 | Val Loss: 4.2209 | Val C-index: 0.7176
Epoch 10/50 | Train Loss: 3.4540 | Train C-index: 0.7232 | Val Loss: 4.1880 | Val C-index: 0.7355
Epoch 11/50 | Train Loss: 3.4529 | Train C-index: 0.7501 | Val Loss: 4.2109 | Val C-index: 0.7286
Epoch 12/50 | Train Loss: 3.4059 | Train C-index: 0.7505 | Val Loss: 4.2141 | Val C-index: 0.7340
Epoch 13/50 | Train Loss: 3.4012 | Train C-index: 0.7680 | Val Loss: 4.1772 | Val C-index: 0.7390
Epoch 14/50 | Train Loss: 3.3158 | Train C-index: 0.7583 | Val Loss: 4.1986 | Val C-index: 0.7233
Epoch 15/50 | Train Loss: 3.2922 | Train C-index: 0.7813 | Val Loss: 4.1846 | Val C-index: 0.7257
Epoch 16/50 | Train Loss: 3.2786 | Train C-index: 0.7916 | Val Loss: 4.2138 | Val C-index: 0.7164
Epoch 17/50 | Train Loss: 3.2071 | Train C-index: 0.7984 | Val Loss: 4.2256 | Val C-index: 0.7266
Epoch 18/50 | Train Loss: 3.1752 | Train C-index: 0.7976 | Val Loss: 4.2576 | Val C-index: 0.7209
Epoch 19/50 | Train Loss: 3.1115 | Train C-index: 0.7965 | Val Loss: 4.2729 | Val C-index: 0.6990
Epoch 20/50 | Train Loss: 3.1592 | Train C-index: 0.8109 | Val Loss: 4.3739 | Val C-index: 0.7228
Epoch 21/50 | Train Loss: 3.0877 | Train C-index: 0.8105 | Val Loss: 4.3350 | Val C-index: 0.7152
Epoch 22/50 | Train Loss: 3.1245 | Train C-index: 0.8251 | Val Loss: 4.3144 | Val C-index: 0.7226
Epoch 23/50 | Train Loss: 3.0368 | Train C-index: 0.8306 | Val Loss: 4.2599 | Val C-index: 0.7393
Epoch 24/50 | Train Loss: 3.0644 | Train C-index: 0.8462 | Val Loss: 4.3879 | Val C-index: 0.7469
Epoch 25/50 | Train Loss: 3.0156 | Train C-index: 0.8260 | Val Loss: 4.4216 | Val C-index: 0.7228
Epoch 26/50 | Train Loss: 2.9660 | Train C-index: 0.8551 | Val Loss: 4.3686 | Val C-index: 0.7386
Epoch 27/50 | Train Loss: 2.7696 | Train C-index: 0.8821 | Val Loss: 4.4078 | Val C-index: 0.7293
Epoch 28/50 | Train Loss: 2.7147 | Train C-index: 0.8740 | Val Loss: 4.6533 | Val C-index: 0.7350
Epoch 29/50 | Train Loss: 2.8846 | Train C-index: 0.8508 | Val Loss: 4.9293 | Val C-index: 0.7314
Epoch 30/50 | Train Loss: 2.9069 | Train C-index: 0.8359 | Val Loss: 4.5150 | Val C-index: 0.7214
Epoch 31/50 | Train Loss: 2.8868 | Train C-index: 0.8886 | Val Loss: 4.3816 | Val C-index: 0.7183
Epoch 32/50 | Train Loss: 2.7050 | Train C-index: 0.9030 | Val Loss: 4.5378 | Val C-index: 0.7266
Epoch 33/50 | Train Loss: 2.5811 | Train C-index: 0.8951 | Val Loss: 4.9726 | Val C-index: 0.7340
Epoch 34/50 | Train Loss: 2.5545 | Train C-index: 0.9177 | Val Loss: 4.7131 | Val C-index: 0.7369
Epoch 35/50 | Train Loss: 2.4837 | Train C-index: 0.9153 | Val Loss: 5.0143 | Val C-index: 0.7364
Epoch 36/50 | Train Loss: 2.6069 | Train C-index: 0.9118 | Val Loss: 5.1296 | Val C-index: 0.7171
Epoch 37/50 | Train Loss: 2.5859 | Train C-index: 0.9045 | Val Loss: 5.1876 | Val C-index: 0.7007
Epoch 38/50 | Train Loss: 2.5626 | Train C-index: 0.8969 | Val Loss: 4.8998 | Val C-index: 0.7576
Epoch 39/50 | Train Loss: 2.5335 | Train C-index: 0.9275 | Val Loss: 4.6029 | Val C-index: 0.7443
Epoch 40/50 | Train Loss: 2.3761 | Train C-index: 0.9279 | Val Loss: 4.8613 | Val C-index: 0.7436
Epoch 41/50 | Train Loss: 2.3222 | Train C-index: 0.9297 | Val Loss: 5.1853 | Val C-index: 0.7307
Epoch 42/50 | Train Loss: 2.3384 | Train C-index: 0.9524 | Val Loss: 5.2028 | Val C-index: 0.7143
Epoch 43/50 | Train Loss: 2.1356 | Train C-index: 0.9380 | Val Loss: 5.2345 | Val C-index: 0.7269
Epoch 44/50 | Train Loss: 2.3891 | Train C-index: 0.9401 | Val Loss: 5.4335 | Val C-index: 0.7407
Epoch 45/50 | Train Loss: 2.3131 | Train C-index: 0.9417 | Val Loss: 4.9374 | Val C-index: 0.7338
Epoch 46/50 | Train Loss: 2.3065 | Train C-index: 0.9399 | Val Loss: 5.0708 | Val C-index: 0.7488
Epoch 47/50 | Train Loss: 2.3228 | Train C-index: 0.9457 | Val Loss: 4.8271 | Val C-index: 0.7500
Epoch 48/50 | Train Loss: 2.1457 | Train C-index: 0.9450 | Val Loss: 4.9838 | Val C-index: 0.7336
Epoch 49/50 | Train Loss: 2.1697 | Train C-index: 0.9490 | Val Loss: 5.2121 | Val C-index: 0.7295
Epoch 50/50 | Train Loss: 2.0460 | Train C-index: 0.9503 | Val Loss: 5.2285 | Val C-index: 0.7095
Fold 2 final C-index: 0.7576

Extra survival metrics:
cutoff_from_train_median: -0.554314
n_test: 125
n_high_risk: 62
n_low_risk: 63
n_event_test: 47
logrank_stat: 27.850456
logrank_p: 0.000000
auc_36m: 0.807634
auc_60m: 0.824977
mean_auc: 0.811943
HR_high_vs_low: 5.199915
HR_95CI_lower: 2.633984
HR_95CI_upper: 10.265480
cox_p: 0.000002

==================================================
Fold 4/5
==================================================
[ResNetCox] Loaded pretrained from /home/gly001/cqj/pa_ct_surv/model/ct_pretrain/resnet_10_23dataset.pth
  Missing keys (ok): ['fc.weight', 'fc.bias']
Epoch 1/50 | Train Loss: 3.7378 | Train C-index: 0.6433 | Val Loss: 4.3876 | Val C-index: 0.6269
Epoch 2/50 | Train Loss: 3.6624 | Train C-index: 0.6089 | Val Loss: 4.3862 | Val C-index: 0.5956
Epoch 3/50 | Train Loss: 3.6639 | Train C-index: 0.5911 | Val Loss: 4.3756 | Val C-index: 0.5803
Epoch 4/50 | Train Loss: 3.6520 | Train C-index: 0.5615 | Val Loss: 4.3890 | Val C-index: 0.5689
Epoch 5/50 | Train Loss: 3.6217 | Train C-index: 0.5257 | Val Loss: 4.5154 | Val C-index: 0.5526
Epoch 6/50 | Train Loss: 3.5707 | Train C-index: 0.5448 | Val Loss: 4.5253 | Val C-index: 0.5741
Epoch 7/50 | Train Loss: 3.5268 | Train C-index: 0.6016 | Val Loss: 4.4097 | Val C-index: 0.6025
Epoch 8/50 | Train Loss: 3.5668 | Train C-index: 0.6775 | Val Loss: 4.3170 | Val C-index: 0.6383
Epoch 9/50 | Train Loss: 3.4999 | Train C-index: 0.6957 | Val Loss: 4.2784 | Val C-index: 0.6572
Epoch 10/50 | Train Loss: 3.4765 | Train C-index: 0.7197 | Val Loss: 4.2347 | Val C-index: 0.6626
Epoch 11/50 | Train Loss: 3.4707 | Train C-index: 0.7400 | Val Loss: 4.2330 | Val C-index: 0.6645
Epoch 12/50 | Train Loss: 3.4251 | Train C-index: 0.7561 | Val Loss: 4.2489 | Val C-index: 0.6553
Epoch 13/50 | Train Loss: 3.4496 | Train C-index: 0.7623 | Val Loss: 4.2003 | Val C-index: 0.6870
Epoch 14/50 | Train Loss: 3.3838 | Train C-index: 0.7612 | Val Loss: 4.1712 | Val C-index: 0.6972
Epoch 15/50 | Train Loss: 3.3389 | Train C-index: 0.7586 | Val Loss: 4.2309 | Val C-index: 0.6615
Epoch 16/50 | Train Loss: 3.4170 | Train C-index: 0.7895 | Val Loss: 4.1830 | Val C-index: 0.6712
Epoch 17/50 | Train Loss: 3.2966 | Train C-index: 0.7759 | Val Loss: 4.1890 | Val C-index: 0.6847
Epoch 18/50 | Train Loss: 3.2260 | Train C-index: 0.7938 | Val Loss: 4.1389 | Val C-index: 0.6925
Epoch 19/50 | Train Loss: 3.2461 | Train C-index: 0.7941 | Val Loss: 4.2748 | Val C-index: 0.6437
Epoch 20/50 | Train Loss: 3.1951 | Train C-index: 0.8111 | Val Loss: 4.3342 | Val C-index: 0.6397
Epoch 21/50 | Train Loss: 3.1338 | Train C-index: 0.7975 | Val Loss: 4.3107 | Val C-index: 0.6323
Epoch 22/50 | Train Loss: 3.1505 | Train C-index: 0.8152 | Val Loss: 4.2418 | Val C-index: 0.6468
Epoch 23/50 | Train Loss: 3.0600 | Train C-index: 0.8364 | Val Loss: 4.2027 | Val C-index: 0.6719
Epoch 24/50 | Train Loss: 3.0536 | Train C-index: 0.8396 | Val Loss: 4.4822 | Val C-index: 0.6515
Epoch 25/50 | Train Loss: 3.1522 | Train C-index: 0.8296 | Val Loss: 4.5248 | Val C-index: 0.6061
Epoch 26/50 | Train Loss: 3.0612 | Train C-index: 0.8535 | Val Loss: 4.2973 | Val C-index: 0.6451
Epoch 27/50 | Train Loss: 2.9762 | Train C-index: 0.8449 | Val Loss: 4.2647 | Val C-index: 0.6610
Epoch 28/50 | Train Loss: 2.9479 | Train C-index: 0.8673 | Val Loss: 4.2755 | Val C-index: 0.6596
Epoch 29/50 | Train Loss: 2.8422 | Train C-index: 0.8932 | Val Loss: 4.3332 | Val C-index: 0.6546
Early stopping at epoch 29
Fold 3 final C-index: 0.6972

Extra survival metrics:
cutoff_from_train_median: -0.025695
n_test: 125
n_high_risk: 57
n_low_risk: 68
n_event_test: 48
logrank_stat: 10.756916
logrank_p: 0.001039
auc_36m: 0.753471
auc_60m: 0.760092
mean_auc: 0.754827
HR_high_vs_low: 2.611973
HR_95CI_lower: 1.440228
HR_95CI_upper: 4.737030
cox_p: 0.001572

==================================================
Fold 5/5
==================================================
[ResNetCox] Loaded pretrained from /home/gly001/cqj/pa_ct_surv/model/ct_pretrain/resnet_10_23dataset.pth
  Missing keys (ok): ['fc.weight', 'fc.bias']
Epoch 1/50 | Train Loss: 3.7236 | Train C-index: 0.5971 | Val Loss: 4.2919 | Val C-index: 0.4333
Epoch 2/50 | Train Loss: 3.7069 | Train C-index: 0.6450 | Val Loss: 4.2833 | Val C-index: 0.5415
Epoch 3/50 | Train Loss: 3.6519 | Train C-index: 0.6186 | Val Loss: 4.2852 | Val C-index: 0.5655
Epoch 4/50 | Train Loss: 3.6308 | Train C-index: 0.5626 | Val Loss: 4.2609 | Val C-index: 0.5868
Epoch 5/50 | Train Loss: 3.5704 | Train C-index: 0.5519 | Val Loss: 4.2863 | Val C-index: 0.5827
Epoch 6/50 | Train Loss: 3.5227 | Train C-index: 0.6101 | Val Loss: 4.2949 | Val C-index: 0.5975
Epoch 7/50 | Train Loss: 3.4917 | Train C-index: 0.6536 | Val Loss: 4.3751 | Val C-index: 0.5815
Epoch 8/50 | Train Loss: 3.4396 | Train C-index: 0.6984 | Val Loss: 4.3815 | Val C-index: 0.5817
Epoch 9/50 | Train Loss: 3.3801 | Train C-index: 0.7310 | Val Loss: 4.3372 | Val C-index: 0.6232
Epoch 10/50 | Train Loss: 3.4139 | Train C-index: 0.7438 | Val Loss: 4.4444 | Val C-index: 0.6079
Epoch 11/50 | Train Loss: 3.3767 | Train C-index: 0.7350 | Val Loss: 4.1491 | Val C-index: 0.6917
Epoch 12/50 | Train Loss: 3.4447 | Train C-index: 0.7578 | Val Loss: 4.2129 | Val C-index: 0.6699
Epoch 13/50 | Train Loss: 3.3606 | Train C-index: 0.7380 | Val Loss: 4.4202 | Val C-index: 0.5701
Epoch 14/50 | Train Loss: 3.3721 | Train C-index: 0.7697 | Val Loss: 4.3255 | Val C-index: 0.6261
Epoch 15/50 | Train Loss: 3.4115 | Train C-index: 0.7730 | Val Loss: 4.2216 | Val C-index: 0.6595
Epoch 16/50 | Train Loss: 3.2974 | Train C-index: 0.7751 | Val Loss: 4.3243 | Val C-index: 0.6563
Epoch 17/50 | Train Loss: 3.3678 | Train C-index: 0.7916 | Val Loss: 4.2441 | Val C-index: 0.6682
Epoch 18/50 | Train Loss: 3.3109 | Train C-index: 0.8001 | Val Loss: 4.2964 | Val C-index: 0.6803
Epoch 19/50 | Train Loss: 3.2819 | Train C-index: 0.8082 | Val Loss: 4.1268 | Val C-index: 0.7055
Epoch 20/50 | Train Loss: 3.1920 | Train C-index: 0.8083 | Val Loss: 4.3317 | Val C-index: 0.6629
Epoch 21/50 | Train Loss: 3.2162 | Train C-index: 0.7839 | Val Loss: 4.7366 | Val C-index: 0.6246
Epoch 22/50 | Train Loss: 3.2313 | Train C-index: 0.8007 | Val Loss: 4.2055 | Val C-index: 0.6716
Epoch 23/50 | Train Loss: 3.2099 | Train C-index: 0.8034 | Val Loss: 4.6197 | Val C-index: 0.6215
Epoch 24/50 | Train Loss: 3.0868 | Train C-index: 0.8528 | Val Loss: 4.2347 | Val C-index: 0.6733
Epoch 25/50 | Train Loss: 2.9760 | Train C-index: 0.8512 | Val Loss: 4.3328 | Val C-index: 0.6789
Epoch 26/50 | Train Loss: 3.0591 | Train C-index: 0.8536 | Val Loss: 4.5383 | Val C-index: 0.6542
Epoch 27/50 | Train Loss: 2.9357 | Train C-index: 0.8719 | Val Loss: 4.4357 | Val C-index: 0.6440
Epoch 28/50 | Train Loss: 2.9157 | Train C-index: 0.8488 | Val Loss: 4.8805 | Val C-index: 0.6602
Epoch 29/50 | Train Loss: 2.9203 | Train C-index: 0.8882 | Val Loss: 4.2413 | Val C-index: 0.6917
Epoch 30/50 | Train Loss: 2.7498 | Train C-index: 0.8436 | Val Loss: 4.9294 | Val C-index: 0.6316
Epoch 31/50 | Train Loss: 2.8934 | Train C-index: 0.9004 | Val Loss: 4.4838 | Val C-index: 0.6517
Epoch 32/50 | Train Loss: 2.7044 | Train C-index: 0.8671 | Val Loss: 4.8197 | Val C-index: 0.6115
Epoch 33/50 | Train Loss: 2.7116 | Train C-index: 0.8842 | Val Loss: 4.4177 | Val C-index: 0.6692
Epoch 34/50 | Train Loss: 2.6702 | Train C-index: 0.9100 | Val Loss: 4.6751 | Val C-index: 0.6001
Early stopping at epoch 34
Fold 4 final C-index: 0.7055

Extra survival metrics:
cutoff_from_train_median: 0.048630
n_test: 125
n_high_risk: 62
n_low_risk: 63
n_event_test: 48
logrank_stat: 13.779712
logrank_p: 0.000206
auc_36m: 0.744380
auc_60m: 0.725512
mean_auc: 0.738647
HR_high_vs_low: 3.155360
HR_95CI_lower: 1.662266
HR_95CI_upper: 5.989591
cox_p: 0.000441

==================================================
5-Fold CV Summary
==================================================
  C-index: 0.7314 +/- 0.0340
