nohup: ignoring input
Using Device: cuda | ROI size: 96
Model: resnet | Augment: True
Learning rates: backbone=1e-05 | Cox head=0.0005
Pretrained: /home/gly001/cqj/pa_ct_surv/model/ct_pretrain/resnet_18_23dataset.pth
Checkpoints: /home/gly001/cqj/pa_ct_surv/checkpoints/pact_v2/ct/roi96_diff_lr_1e-5_5e-4/seed42
Results:     /home/gly001/cqj/pa_ct_surv/results/pact_v2/ct/roi96_diff_lr_1e-5_5e-4/seed42
Loaded 777 samples
Locked split from dataset CSV: train=625, test=152
Test set is not accessed during CV

==================================================
Fold 1/5
==================================================
[ResNetCox] Loaded pretrained from /home/gly001/cqj/pa_ct_surv/model/ct_pretrain/resnet_18_23dataset.pth
  Missing keys (ok): ['fc.weight', 'fc.bias']
Epoch 1/30 | Train Loss: 3.8067 | Train C-index: 0.4945 | Val Loss: 4.2807 | Val C-index: 0.5610
Epoch 2/30 | Train Loss: 3.7453 | Train C-index: 0.5016 | Val Loss: 4.2832 | Val C-index: 0.5688
Epoch 3/30 | Train Loss: 3.6965 | Train C-index: 0.5657 | Val Loss: 4.2177 | Val C-index: 0.6401
Epoch 4/30 | Train Loss: 3.7120 | Train C-index: 0.5250 | Val Loss: 4.3031 | Val C-index: 0.5321
Epoch 5/30 | Train Loss: 3.6757 | Train C-index: 0.5319 | Val Loss: 4.6002 | Val C-index: 0.4724
Epoch 6/30 | Train Loss: 3.6325 | Train C-index: 0.5728 | Val Loss: 4.6128 | Val C-index: 0.5223
Epoch 7/30 | Train Loss: 3.6535 | Train C-index: 0.6144 | Val Loss: 4.4168 | Val C-index: 0.6369
Epoch 8/30 | Train Loss: 3.5841 | Train C-index: 0.6495 | Val Loss: 4.2979 | Val C-index: 0.6950
Epoch 9/30 | Train Loss: 3.5966 | Train C-index: 0.6755 | Val Loss: 4.2213 | Val C-index: 0.7265
Epoch 10/30 | Train Loss: 3.5200 | Train C-index: 0.6919 | Val Loss: 4.2012 | Val C-index: 0.7320
Epoch 11/30 | Train Loss: 3.5394 | Train C-index: 0.6964 | Val Loss: 4.1668 | Val C-index: 0.7280
Epoch 12/30 | Train Loss: 3.5803 | Train C-index: 0.6966 | Val Loss: 4.1225 | Val C-index: 0.7355
Epoch 13/30 | Train Loss: 3.5646 | Train C-index: 0.7103 | Val Loss: 4.1110 | Val C-index: 0.7472
Epoch 14/30 | Train Loss: 3.5578 | Train C-index: 0.7247 | Val Loss: 4.1287 | Val C-index: 0.7444
Epoch 15/30 | Train Loss: 3.5542 | Train C-index: 0.7291 | Val Loss: 4.1384 | Val C-index: 0.7457
Epoch 16/30 | Train Loss: 3.4449 | Train C-index: 0.7310 | Val Loss: 4.1749 | Val C-index: 0.7347
Epoch 17/30 | Train Loss: 3.4424 | Train C-index: 0.7441 | Val Loss: 4.1458 | Val C-index: 0.7439
Epoch 18/30 | Train Loss: 3.4786 | Train C-index: 0.7475 | Val Loss: 4.2039 | Val C-index: 0.7272
Epoch 19/30 | Train Loss: 3.3452 | Train C-index: 0.7499 | Val Loss: 4.1672 | Val C-index: 0.7390
Epoch 20/30 | Train Loss: 3.4312 | Train C-index: 0.7562 | Val Loss: 4.1375 | Val C-index: 0.7477
Epoch 21/30 | Train Loss: 3.4280 | Train C-index: 0.7619 | Val Loss: 4.1621 | Val C-index: 0.7192
Epoch 22/30 | Train Loss: 3.4320 | Train C-index: 0.7704 | Val Loss: 4.1592 | Val C-index: 0.7038
Epoch 23/30 | Train Loss: 3.4161 | Train C-index: 0.7813 | Val Loss: 4.1204 | Val C-index: 0.7437
Epoch 24/30 | Train Loss: 3.3098 | Train C-index: 0.7896 | Val Loss: 4.1644 | Val C-index: 0.7417
Epoch 25/30 | Train Loss: 3.3508 | Train C-index: 0.7896 | Val Loss: 4.2093 | Val C-index: 0.7180
Epoch 26/30 | Train Loss: 3.2369 | Train C-index: 0.7998 | Val Loss: 4.1595 | Val C-index: 0.7290
Epoch 27/30 | Train Loss: 3.2800 | Train C-index: 0.8087 | Val Loss: 4.1719 | Val C-index: 0.7534
Epoch 28/30 | Train Loss: 3.2914 | Train C-index: 0.8145 | Val Loss: 4.1922 | Val C-index: 0.7439
Epoch 29/30 | Train Loss: 3.2098 | Train C-index: 0.8195 | Val Loss: 4.1335 | Val C-index: 0.7340
Epoch 30/30 | Train Loss: 3.1813 | Train C-index: 0.8260 | Val Loss: 4.1466 | Val C-index: 0.7459
Fold 0 final C-index: 0.7534

Extra survival metrics:
cutoff_from_train_median: -1.346184
n_test: 125
n_high_risk: 65
n_low_risk: 60
n_event_test: 47
logrank_stat: 16.771005
logrank_p: 0.000042
auc_36m: 0.789506
auc_60m: 0.780311
mean_auc: 0.787451
HR_high_vs_low: 3.507352
HR_95CI_lower: 1.845917
HR_95CI_upper: 6.664179
cox_p: 0.000127

==================================================
Fold 2/5
==================================================
[ResNetCox] Loaded pretrained from /home/gly001/cqj/pa_ct_surv/model/ct_pretrain/resnet_18_23dataset.pth
  Missing keys (ok): ['fc.weight', 'fc.bias']
Epoch 1/30 | Train Loss: 3.7571 | Train C-index: 0.5141 | Val Loss: 4.3842 | Val C-index: 0.6133
Epoch 2/30 | Train Loss: 3.7101 | Train C-index: 0.5747 | Val Loss: 4.3635 | Val C-index: 0.6295
Epoch 3/30 | Train Loss: 3.6422 | Train C-index: 0.5986 | Val Loss: 4.3661 | Val C-index: 0.6271
Epoch 4/30 | Train Loss: 3.6655 | Train C-index: 0.6104 | Val Loss: 4.9050 | Val C-index: 0.6266
Epoch 5/30 | Train Loss: 3.5899 | Train C-index: 0.6030 | Val Loss: 4.6961 | Val C-index: 0.6176
Epoch 6/30 | Train Loss: 3.5509 | Train C-index: 0.6082 | Val Loss: 4.4836 | Val C-index: 0.6256
Epoch 7/30 | Train Loss: 3.5773 | Train C-index: 0.6397 | Val Loss: 4.2783 | Val C-index: 0.6500
Epoch 8/30 | Train Loss: 3.4858 | Train C-index: 0.6957 | Val Loss: 4.2792 | Val C-index: 0.6525
Epoch 9/30 | Train Loss: 3.5375 | Train C-index: 0.7168 | Val Loss: 4.2374 | Val C-index: 0.6745
Epoch 10/30 | Train Loss: 3.5013 | Train C-index: 0.7321 | Val Loss: 4.2065 | Val C-index: 0.6827
Epoch 11/30 | Train Loss: 3.4571 | Train C-index: 0.7419 | Val Loss: 4.2226 | Val C-index: 0.6793
Epoch 12/30 | Train Loss: 3.4345 | Train C-index: 0.7553 | Val Loss: 4.2285 | Val C-index: 0.6713
Epoch 13/30 | Train Loss: 3.4397 | Train C-index: 0.7674 | Val Loss: 4.1883 | Val C-index: 0.6965
Epoch 14/30 | Train Loss: 3.3713 | Train C-index: 0.7709 | Val Loss: 4.1862 | Val C-index: 0.6977
Epoch 15/30 | Train Loss: 3.3709 | Train C-index: 0.7723 | Val Loss: 4.1463 | Val C-index: 0.7137
Epoch 16/30 | Train Loss: 3.3224 | Train C-index: 0.7810 | Val Loss: 4.2038 | Val C-index: 0.6941
Epoch 17/30 | Train Loss: 3.4278 | Train C-index: 0.7847 | Val Loss: 4.2492 | Val C-index: 0.6866
Epoch 18/30 | Train Loss: 3.3178 | Train C-index: 0.7570 | Val Loss: 4.2209 | Val C-index: 0.7132
Epoch 19/30 | Train Loss: 3.2990 | Train C-index: 0.7946 | Val Loss: 4.1869 | Val C-index: 0.7006
Epoch 20/30 | Train Loss: 3.2969 | Train C-index: 0.8002 | Val Loss: 4.2002 | Val C-index: 0.6951
Epoch 21/30 | Train Loss: 3.2056 | Train C-index: 0.7964 | Val Loss: 4.1238 | Val C-index: 0.7200
Epoch 22/30 | Train Loss: 3.2558 | Train C-index: 0.8064 | Val Loss: 4.2032 | Val C-index: 0.6839
Epoch 23/30 | Train Loss: 3.2352 | Train C-index: 0.8206 | Val Loss: 4.1881 | Val C-index: 0.7030
Epoch 24/30 | Train Loss: 3.1983 | Train C-index: 0.8155 | Val Loss: 4.1446 | Val C-index: 0.7125
Epoch 25/30 | Train Loss: 3.1439 | Train C-index: 0.8317 | Val Loss: 4.2981 | Val C-index: 0.6747
Epoch 26/30 | Train Loss: 3.1205 | Train C-index: 0.8336 | Val Loss: 4.2541 | Val C-index: 0.7079
Epoch 27/30 | Train Loss: 3.0555 | Train C-index: 0.8404 | Val Loss: 4.3748 | Val C-index: 0.6912
Epoch 28/30 | Train Loss: 3.1023 | Train C-index: 0.8402 | Val Loss: 4.3446 | Val C-index: 0.7040
Epoch 29/30 | Train Loss: 3.1004 | Train C-index: 0.8359 | Val Loss: 4.3902 | Val C-index: 0.6677
Epoch 30/30 | Train Loss: 3.0289 | Train C-index: 0.8456 | Val Loss: 4.3265 | Val C-index: 0.7069
Fold 1 final C-index: 0.7200

Extra survival metrics:
cutoff_from_train_median: -0.418918
n_test: 125
n_high_risk: 59
n_low_risk: 66
n_event_test: 47
logrank_stat: 16.998015
logrank_p: 0.000037
auc_36m: 0.744309
auc_60m: 0.713230
mean_auc: 0.733263
HR_high_vs_low: 3.459545
HR_95CI_lower: 1.846920
HR_95CI_upper: 6.480222
cox_p: 0.000106

==================================================
Fold 3/5
==================================================
[ResNetCox] Loaded pretrained from /home/gly001/cqj/pa_ct_surv/model/ct_pretrain/resnet_18_23dataset.pth
  Missing keys (ok): ['fc.weight', 'fc.bias']
Epoch 1/30 | Train Loss: 4.1919 | Train C-index: 0.4608 | Val Loss: 4.4113 | Val C-index: 0.4121
Epoch 2/30 | Train Loss: 3.7241 | Train C-index: 0.5510 | Val Loss: 4.4004 | Val C-index: 0.6006
Epoch 3/30 | Train Loss: 3.7456 | Train C-index: 0.5741 | Val Loss: 4.3004 | Val C-index: 0.6628
Epoch 4/30 | Train Loss: 3.7152 | Train C-index: 0.5996 | Val Loss: 4.2413 | Val C-index: 0.6795
Epoch 5/30 | Train Loss: 3.6767 | Train C-index: 0.5894 | Val Loss: 4.3161 | Val C-index: 0.6466
Epoch 6/30 | Train Loss: 3.6915 | Train C-index: 0.5928 | Val Loss: 4.3034 | Val C-index: 0.6363
Epoch 7/30 | Train Loss: 3.6369 | Train C-index: 0.6035 | Val Loss: 4.2963 | Val C-index: 0.6671
Epoch 8/30 | Train Loss: 3.6424 | Train C-index: 0.6443 | Val Loss: 4.3085 | Val C-index: 0.6633
Epoch 9/30 | Train Loss: 3.6222 | Train C-index: 0.6703 | Val Loss: 4.2973 | Val C-index: 0.6878
Epoch 10/30 | Train Loss: 3.5884 | Train C-index: 0.6727 | Val Loss: 4.2774 | Val C-index: 0.6802
Epoch 11/30 | Train Loss: 3.6016 | Train C-index: 0.6841 | Val Loss: 4.2485 | Val C-index: 0.6902
Epoch 12/30 | Train Loss: 3.5481 | Train C-index: 0.6966 | Val Loss: 4.2406 | Val C-index: 0.6890
Epoch 13/30 | Train Loss: 3.5548 | Train C-index: 0.7133 | Val Loss: 4.2414 | Val C-index: 0.6921
Epoch 14/30 | Train Loss: 3.4582 | Train C-index: 0.7177 | Val Loss: 4.2473 | Val C-index: 0.6873
Epoch 15/30 | Train Loss: 3.4415 | Train C-index: 0.7358 | Val Loss: 4.2239 | Val C-index: 0.7054
Epoch 16/30 | Train Loss: 3.3971 | Train C-index: 0.7494 | Val Loss: 4.1979 | Val C-index: 0.7224
Epoch 17/30 | Train Loss: 3.3406 | Train C-index: 0.7615 | Val Loss: 4.2242 | Val C-index: 0.7097
Epoch 18/30 | Train Loss: 3.3838 | Train C-index: 0.7670 | Val Loss: 4.2144 | Val C-index: 0.7128
Epoch 19/30 | Train Loss: 3.3548 | Train C-index: 0.7747 | Val Loss: 4.2176 | Val C-index: 0.7138
Epoch 20/30 | Train Loss: 3.2795 | Train C-index: 0.7674 | Val Loss: 4.3651 | Val C-index: 0.6821
Epoch 21/30 | Train Loss: 3.3254 | Train C-index: 0.7899 | Val Loss: 4.2540 | Val C-index: 0.7271
Epoch 22/30 | Train Loss: 3.2522 | Train C-index: 0.7997 | Val Loss: 4.2800 | Val C-index: 0.7188
Epoch 23/30 | Train Loss: 3.2377 | Train C-index: 0.8047 | Val Loss: 4.3061 | Val C-index: 0.7073
Epoch 24/30 | Train Loss: 3.2899 | Train C-index: 0.8155 | Val Loss: 4.3022 | Val C-index: 0.7078
Epoch 25/30 | Train Loss: 3.1796 | Train C-index: 0.8184 | Val Loss: 4.3791 | Val C-index: 0.7033
Epoch 26/30 | Train Loss: 3.2221 | Train C-index: 0.8253 | Val Loss: 4.4232 | Val C-index: 0.6766
Epoch 27/30 | Train Loss: 3.1323 | Train C-index: 0.8250 | Val Loss: 4.4436 | Val C-index: 0.7033
Epoch 28/30 | Train Loss: 3.0400 | Train C-index: 0.8349 | Val Loss: 4.5174 | Val C-index: 0.6890
Epoch 29/30 | Train Loss: 3.0768 | Train C-index: 0.8405 | Val Loss: 4.5335 | Val C-index: 0.6914
Epoch 30/30 | Train Loss: 3.2526 | Train C-index: 0.8307 | Val Loss: 4.5827 | Val C-index: 0.6635
Fold 2 final C-index: 0.7271

Extra survival metrics:
cutoff_from_train_median: 0.359546
n_test: 125
n_high_risk: 76
n_low_risk: 49
n_event_test: 47
logrank_stat: 14.736931
logrank_p: 0.000124
auc_36m: 0.751734
auc_60m: 0.788193
mean_auc: 0.760792
HR_high_vs_low: 3.784669
HR_95CI_lower: 1.825026
HR_95CI_upper: 7.848503
cox_p: 0.000348

==================================================
Fold 4/5
==================================================
[ResNetCox] Loaded pretrained from /home/gly001/cqj/pa_ct_surv/model/ct_pretrain/resnet_18_23dataset.pth
  Missing keys (ok): ['fc.weight', 'fc.bias']
Epoch 1/30 | Train Loss: 3.7362 | Train C-index: 0.5304 | Val Loss: 4.3948 | Val C-index: 0.4851
Epoch 2/30 | Train Loss: 3.6758 | Train C-index: 0.4875 | Val Loss: 4.3965 | Val C-index: 0.4915
Epoch 3/30 | Train Loss: 3.6900 | Train C-index: 0.5795 | Val Loss: 4.3717 | Val C-index: 0.5753
Epoch 4/30 | Train Loss: 3.6364 | Train C-index: 0.5926 | Val Loss: 4.3292 | Val C-index: 0.6122
Epoch 5/30 | Train Loss: 3.5868 | Train C-index: 0.5933 | Val Loss: 4.3222 | Val C-index: 0.6181
Epoch 6/30 | Train Loss: 3.5823 | Train C-index: 0.6203 | Val Loss: 4.3555 | Val C-index: 0.6155
Epoch 7/30 | Train Loss: 3.5642 | Train C-index: 0.6514 | Val Loss: 4.3144 | Val C-index: 0.6214
Epoch 8/30 | Train Loss: 3.6479 | Train C-index: 0.6795 | Val Loss: 4.2810 | Val C-index: 0.6420
Epoch 9/30 | Train Loss: 3.5213 | Train C-index: 0.7056 | Val Loss: 4.2482 | Val C-index: 0.6584
Epoch 10/30 | Train Loss: 3.4810 | Train C-index: 0.7189 | Val Loss: 4.2431 | Val C-index: 0.6626
Epoch 11/30 | Train Loss: 3.5035 | Train C-index: 0.7359 | Val Loss: 4.2347 | Val C-index: 0.6636
Epoch 12/30 | Train Loss: 3.5034 | Train C-index: 0.7490 | Val Loss: 4.2193 | Val C-index: 0.6688
Epoch 13/30 | Train Loss: 3.4918 | Train C-index: 0.7549 | Val Loss: 4.2179 | Val C-index: 0.6662
Epoch 14/30 | Train Loss: 3.4509 | Train C-index: 0.7574 | Val Loss: 4.2084 | Val C-index: 0.6669
Epoch 15/30 | Train Loss: 3.3826 | Train C-index: 0.7656 | Val Loss: 4.1942 | Val C-index: 0.6773
Epoch 16/30 | Train Loss: 3.4623 | Train C-index: 0.7779 | Val Loss: 4.1755 | Val C-index: 0.6828
Epoch 17/30 | Train Loss: 3.3988 | Train C-index: 0.7768 | Val Loss: 4.1769 | Val C-index: 0.6889
Epoch 18/30 | Train Loss: 3.3258 | Train C-index: 0.7792 | Val Loss: 4.2299 | Val C-index: 0.6634
Epoch 19/30 | Train Loss: 3.3711 | Train C-index: 0.7908 | Val Loss: 4.2077 | Val C-index: 0.6759
Epoch 20/30 | Train Loss: 3.2797 | Train C-index: 0.7878 | Val Loss: 4.2411 | Val C-index: 0.6581
Epoch 21/30 | Train Loss: 3.3058 | Train C-index: 0.8101 | Val Loss: 4.2488 | Val C-index: 0.6581
Epoch 22/30 | Train Loss: 3.2687 | Train C-index: 0.8159 | Val Loss: 4.2066 | Val C-index: 0.6868
Epoch 23/30 | Train Loss: 3.2642 | Train C-index: 0.8201 | Val Loss: 4.2323 | Val C-index: 0.6584
Epoch 24/30 | Train Loss: 3.1788 | Train C-index: 0.8093 | Val Loss: 4.3253 | Val C-index: 0.6442
Epoch 25/30 | Train Loss: 3.2665 | Train C-index: 0.8202 | Val Loss: 4.2785 | Val C-index: 0.6799
Epoch 26/30 | Train Loss: 3.1518 | Train C-index: 0.8400 | Val Loss: 4.2942 | Val C-index: 0.6527
Epoch 27/30 | Train Loss: 3.1308 | Train C-index: 0.8293 | Val Loss: 4.4406 | Val C-index: 0.6030
Early stopping at epoch 27
Fold 3 final C-index: 0.6889

Extra survival metrics:
cutoff_from_train_median: -1.163294
n_test: 125
n_high_risk: 65
n_low_risk: 60
n_event_test: 48
logrank_stat: 13.899864
logrank_p: 0.000193
auc_36m: 0.729604
auc_60m: 0.747581
mean_auc: 0.733285
HR_high_vs_low: 3.162035
HR_95CI_lower: 1.669649
HR_95CI_upper: 5.988362
cox_p: 0.000410

==================================================
Fold 5/5
==================================================
[ResNetCox] Loaded pretrained from /home/gly001/cqj/pa_ct_surv/model/ct_pretrain/resnet_18_23dataset.pth
  Missing keys (ok): ['fc.weight', 'fc.bias']
Epoch 1/30 | Train Loss: 3.7573 | Train C-index: 0.5944 | Val Loss: 4.2977 | Val C-index: 0.4023
Epoch 2/30 | Train Loss: 3.7075 | Train C-index: 0.6356 | Val Loss: 4.2950 | Val C-index: 0.4832
Epoch 3/30 | Train Loss: 3.6952 | Train C-index: 0.6244 | Val Loss: 4.5884 | Val C-index: 0.4701
Epoch 4/30 | Train Loss: 3.7141 | Train C-index: 0.5487 | Val Loss: 4.6083 | Val C-index: 0.5832
Epoch 5/30 | Train Loss: 3.6397 | Train C-index: 0.5299 | Val Loss: 4.2132 | Val C-index: 0.6268
Epoch 6/30 | Train Loss: 3.6063 | Train C-index: 0.6050 | Val Loss: 4.3044 | Val C-index: 0.5951
Epoch 7/30 | Train Loss: 3.5825 | Train C-index: 0.6556 | Val Loss: 4.3879 | Val C-index: 0.5546
Epoch 8/30 | Train Loss: 3.5920 | Train C-index: 0.6914 | Val Loss: 4.3675 | Val C-index: 0.5590
Epoch 9/30 | Train Loss: 3.4861 | Train C-index: 0.7163 | Val Loss: 4.3146 | Val C-index: 0.5890
Epoch 10/30 | Train Loss: 3.5196 | Train C-index: 0.7307 | Val Loss: 4.3519 | Val C-index: 0.5919
Epoch 11/30 | Train Loss: 3.4963 | Train C-index: 0.7390 | Val Loss: 4.3446 | Val C-index: 0.6023
Epoch 12/30 | Train Loss: 3.4792 | Train C-index: 0.7370 | Val Loss: 4.2086 | Val C-index: 0.6721
Epoch 13/30 | Train Loss: 3.3749 | Train C-index: 0.7515 | Val Loss: 4.2229 | Val C-index: 0.6692
Epoch 14/30 | Train Loss: 3.4498 | Train C-index: 0.7550 | Val Loss: 4.3482 | Val C-index: 0.6217
Epoch 15/30 | Train Loss: 3.4183 | Train C-index: 0.7640 | Val Loss: 4.2482 | Val C-index: 0.6583
Epoch 16/30 | Train Loss: 3.3738 | Train C-index: 0.7585 | Val Loss: 4.2036 | Val C-index: 0.6692
Epoch 17/30 | Train Loss: 3.3664 | Train C-index: 0.7683 | Val Loss: 4.2381 | Val C-index: 0.6641
Epoch 18/30 | Train Loss: 3.3368 | Train C-index: 0.7853 | Val Loss: 4.2807 | Val C-index: 0.6563
Epoch 19/30 | Train Loss: 3.3386 | Train C-index: 0.7903 | Val Loss: 4.2046 | Val C-index: 0.6665
Epoch 20/30 | Train Loss: 3.3126 | Train C-index: 0.7901 | Val Loss: 4.3820 | Val C-index: 0.6387
Epoch 21/30 | Train Loss: 3.2680 | Train C-index: 0.8047 | Val Loss: 4.3895 | Val C-index: 0.6697
Epoch 22/30 | Train Loss: 3.1960 | Train C-index: 0.8060 | Val Loss: 4.4106 | Val C-index: 0.6459
Early stopping at epoch 22
Fold 4 final C-index: 0.6721

Extra survival metrics:
cutoff_from_train_median: -0.833370
n_test: 125
n_high_risk: 60
n_low_risk: 65
n_event_test: 48
logrank_stat: 10.388953
logrank_p: 0.001268
auc_36m: 0.728026
auc_60m: 0.642693
mean_auc: 0.702100
HR_high_vs_low: 2.663480
HR_95CI_lower: 1.433948
HR_95CI_upper: 4.947268
cox_p: 0.001930

==================================================
5-Fold CV Summary
==================================================
  C-index: 0.7123 +/- 0.0322
