nohup: ignoring input
Using Device: cuda | ROI size: 96
Model: resnet10 | Augment: True
Learning rates: backbone=1e-05 | Cox head=0.0005
Pretrained: /home/gly001/cqj/pa_ct_surv/model/ct_pretrain/resnet_10_23dataset.pth
Checkpoints: /home/gly001/cqj/pa_ct_surv/checkpoints/pact_v2/ct/roi96_resnet10_diff_lr_1e-5_5e-4
Results:     /home/gly001/cqj/pa_ct_surv/results/pact_v2/ct/roi96_resnet10_diff_lr_1e-5_5e-4
Loaded 777 samples
Locked split from dataset CSV: train=625, test=152
Test set is not accessed during CV

==================================================
Fold 1/5
==================================================
[ResNetCox] Loaded pretrained from /home/gly001/cqj/pa_ct_surv/model/ct_pretrain/resnet_10_23dataset.pth
  Missing keys (ok): ['fc.weight', 'fc.bias']
Epoch 1/30 | Train Loss: 3.7297 | Train C-index: 0.4875 | Val Loss: 4.2862 | Val C-index: 0.4337
Epoch 2/30 | Train Loss: 3.6958 | Train C-index: 0.6298 | Val Loss: 4.2559 | Val C-index: 0.6114
Epoch 3/30 | Train Loss: 3.6761 | Train C-index: 0.6155 | Val Loss: 4.3002 | Val C-index: 0.5645
Epoch 4/30 | Train Loss: 3.7275 | Train C-index: 0.5675 | Val Loss: 4.3771 | Val C-index: 0.4852
Epoch 5/30 | Train Loss: 3.7166 | Train C-index: 0.5412 | Val Loss: 4.3074 | Val C-index: 0.4477
Epoch 6/30 | Train Loss: 3.6671 | Train C-index: 0.5437 | Val Loss: 4.3377 | Val C-index: 0.4597
Epoch 7/30 | Train Loss: 3.7164 | Train C-index: 0.5403 | Val Loss: 4.4303 | Val C-index: 0.4694
Epoch 8/30 | Train Loss: 3.6785 | Train C-index: 0.5767 | Val Loss: 4.3838 | Val C-index: 0.5014
Epoch 9/30 | Train Loss: 3.7096 | Train C-index: 0.6030 | Val Loss: 4.3282 | Val C-index: 0.5146
Epoch 10/30 | Train Loss: 3.7010 | Train C-index: 0.6170 | Val Loss: 4.2961 | Val C-index: 0.5513
Epoch 11/30 | Train Loss: 3.6881 | Train C-index: 0.6237 | Val Loss: 4.2818 | Val C-index: 0.5730
Epoch 12/30 | Train Loss: 3.6809 | Train C-index: 0.6288 | Val Loss: 4.2753 | Val C-index: 0.5885
Early stopping at epoch 12
Fold 0 final C-index: 0.6114

Extra survival metrics:
cutoff_from_train_median: -0.973755
n_test: 125
n_high_risk: 62
n_low_risk: 63
n_event_test: 47
logrank_stat: 2.278875
logrank_p: 0.131147
auc_36m: 0.616303
auc_60m: 0.600439
mean_auc: 0.612757
HR_high_vs_low: 1.564520
HR_95CI_lower: 0.870036
HR_95CI_upper: 2.813358
cox_p: 0.134927

==================================================
Fold 2/5
==================================================
[ResNetCox] Loaded pretrained from /home/gly001/cqj/pa_ct_surv/model/ct_pretrain/resnet_10_23dataset.pth
  Missing keys (ok): ['fc.weight', 'fc.bias']
Epoch 1/30 | Train Loss: 3.7135 | Train C-index: 0.4657 | Val Loss: 4.3904 | Val C-index: 0.3432
Epoch 2/30 | Train Loss: 3.6988 | Train C-index: 0.6180 | Val Loss: 4.3650 | Val C-index: 0.6571
Epoch 3/30 | Train Loss: 3.6659 | Train C-index: 0.5980 | Val Loss: 4.3331 | Val C-index: 0.6527
Epoch 4/30 | Train Loss: 3.6995 | Train C-index: 0.5516 | Val Loss: 4.4073 | Val C-index: 0.5719
Epoch 5/30 | Train Loss: 3.6581 | Train C-index: 0.5371 | Val Loss: 4.4301 | Val C-index: 0.5329
Epoch 6/30 | Train Loss: 3.6593 | Train C-index: 0.5449 | Val Loss: 4.4420 | Val C-index: 0.5283
Epoch 7/30 | Train Loss: 3.6714 | Train C-index: 0.5401 | Val Loss: 4.4217 | Val C-index: 0.5087
Epoch 8/30 | Train Loss: 3.6726 | Train C-index: 0.5650 | Val Loss: 4.3896 | Val C-index: 0.5712
Epoch 9/30 | Train Loss: 3.6966 | Train C-index: 0.5945 | Val Loss: 4.3716 | Val C-index: 0.6210
Epoch 10/30 | Train Loss: 3.6598 | Train C-index: 0.6191 | Val Loss: 4.3659 | Val C-index: 0.6387
Epoch 11/30 | Train Loss: 3.6657 | Train C-index: 0.6183 | Val Loss: 4.3615 | Val C-index: 0.6394
Epoch 12/30 | Train Loss: 3.6657 | Train C-index: 0.6062 | Val Loss: 4.3616 | Val C-index: 0.6425
Early stopping at epoch 12
Fold 1 final C-index: 0.6571

Extra survival metrics:
cutoff_from_train_median: -0.265344
n_test: 125
n_high_risk: 63
n_low_risk: 62
n_event_test: 47
logrank_stat: 5.985031
logrank_p: 0.014428
auc_36m: 0.704537
auc_60m: 0.635311
mean_auc: 0.679933
HR_high_vs_low: 2.078414
HR_95CI_lower: 1.141943
HR_95CI_upper: 3.782855
cox_p: 0.016649

==================================================
Fold 3/5
==================================================
[ResNetCox] Loaded pretrained from /home/gly001/cqj/pa_ct_surv/model/ct_pretrain/resnet_10_23dataset.pth
  Missing keys (ok): ['fc.weight', 'fc.bias']
Epoch 1/30 | Train Loss: 3.6893 | Train C-index: 0.5587 | Val Loss: 4.4075 | Val C-index: 0.5484
Epoch 2/30 | Train Loss: 3.6718 | Train C-index: 0.6109 | Val Loss: 4.3696 | Val C-index: 0.6985
Epoch 3/30 | Train Loss: 3.7115 | Train C-index: 0.5947 | Val Loss: 4.3886 | Val C-index: 0.6728
Epoch 4/30 | Train Loss: 3.6575 | Train C-index: 0.5441 | Val Loss: 4.3823 | Val C-index: 0.5798
Epoch 5/30 | Train Loss: 3.6347 | Train C-index: 0.5228 | Val Loss: 4.4495 | Val C-index: 0.5419
Epoch 6/30 | Train Loss: 3.6729 | Train C-index: 0.5220 | Val Loss: 4.5103 | Val C-index: 0.5217
Epoch 7/30 | Train Loss: 3.6593 | Train C-index: 0.5318 | Val Loss: 4.5256 | Val C-index: 0.4948
Epoch 8/30 | Train Loss: 3.6563 | Train C-index: 0.5780 | Val Loss: 4.4405 | Val C-index: 0.5331
Epoch 9/30 | Train Loss: 3.6836 | Train C-index: 0.5979 | Val Loss: 4.4010 | Val C-index: 0.5529
Epoch 10/30 | Train Loss: 3.6521 | Train C-index: 0.6201 | Val Loss: 4.3919 | Val C-index: 0.5624
Epoch 11/30 | Train Loss: 3.6731 | Train C-index: 0.6241 | Val Loss: 4.3776 | Val C-index: 0.5782
Epoch 12/30 | Train Loss: 3.6527 | Train C-index: 0.6231 | Val Loss: 4.3711 | Val C-index: 0.5934
Early stopping at epoch 12
Fold 2 final C-index: 0.6985

Extra survival metrics:
cutoff_from_train_median: -0.314514
n_test: 125
n_high_risk: 65
n_low_risk: 60
n_event_test: 47
logrank_stat: 12.324416
logrank_p: 0.000447
auc_36m: 0.729180
auc_60m: 0.720959
mean_auc: 0.727138
HR_high_vs_low: 2.923449
HR_95CI_lower: 1.561197
HR_95CI_upper: 5.474360
cox_p: 0.000803

==================================================
Fold 4/5
==================================================
[ResNetCox] Loaded pretrained from /home/gly001/cqj/pa_ct_surv/model/ct_pretrain/resnet_10_23dataset.pth
  Missing keys (ok): ['fc.weight', 'fc.bias']
Epoch 1/30 | Train Loss: 3.7281 | Train C-index: 0.5171 | Val Loss: 4.3942 | Val C-index: 0.5466
Epoch 2/30 | Train Loss: 3.6702 | Train C-index: 0.6328 | Val Loss: 4.3681 | Val C-index: 0.6196
Epoch 3/30 | Train Loss: 3.6742 | Train C-index: 0.6105 | Val Loss: 4.3595 | Val C-index: 0.5985
Epoch 4/30 | Train Loss: 3.6856 | Train C-index: 0.5517 | Val Loss: 4.3849 | Val C-index: 0.5663
Epoch 5/30 | Train Loss: 3.6656 | Train C-index: 0.5275 | Val Loss: 4.4752 | Val C-index: 0.5518
Epoch 6/30 | Train Loss: 3.6449 | Train C-index: 0.5255 | Val Loss: 4.5797 | Val C-index: 0.5642
Epoch 7/30 | Train Loss: 3.6482 | Train C-index: 0.5265 | Val Loss: 4.5014 | Val C-index: 0.5701
Epoch 8/30 | Train Loss: 3.7018 | Train C-index: 0.5795 | Val Loss: 4.4410 | Val C-index: 0.5885
Epoch 9/30 | Train Loss: 3.6363 | Train C-index: 0.6073 | Val Loss: 4.4210 | Val C-index: 0.5675
Epoch 10/30 | Train Loss: 3.6511 | Train C-index: 0.6190 | Val Loss: 4.4101 | Val C-index: 0.5587
Epoch 11/30 | Train Loss: 3.6624 | Train C-index: 0.6196 | Val Loss: 4.4165 | Val C-index: 0.5528
Epoch 12/30 | Train Loss: 3.6469 | Train C-index: 0.6212 | Val Loss: 4.4212 | Val C-index: 0.5497
Early stopping at epoch 12
Fold 3 final C-index: 0.6196

Extra survival metrics:
cutoff_from_train_median: -0.327743
n_test: 125
n_high_risk: 61
n_low_risk: 64
n_event_test: 48
logrank_stat: 9.683600
logrank_p: 0.001859
auc_36m: 0.637259
auc_60m: 0.667396
mean_auc: 0.643430
HR_high_vs_low: 2.551449
HR_95CI_lower: 1.384211
HR_95CI_upper: 4.702962
cox_p: 0.002682

==================================================
Fold 5/5
==================================================
[ResNetCox] Loaded pretrained from /home/gly001/cqj/pa_ct_surv/model/ct_pretrain/resnet_10_23dataset.pth
  Missing keys (ok): ['fc.weight', 'fc.bias']
Epoch 1/30 | Train Loss: 3.7159 | Train C-index: 0.6015 | Val Loss: 4.2910 | Val C-index: 0.4384
Epoch 2/30 | Train Loss: 3.7180 | Train C-index: 0.6423 | Val Loss: 4.2756 | Val C-index: 0.5631
Epoch 3/30 | Train Loss: 3.6835 | Train C-index: 0.6137 | Val Loss: 4.2749 | Val C-index: 0.5665
Epoch 4/30 | Train Loss: 3.7072 | Train C-index: 0.5469 | Val Loss: 4.2774 | Val C-index: 0.5689
Epoch 5/30 | Train Loss: 3.7012 | Train C-index: 0.5209 | Val Loss: 4.3079 | Val C-index: 0.5737
Epoch 6/30 | Train Loss: 3.7000 | Train C-index: 0.5222 | Val Loss: 4.2540 | Val C-index: 0.5876
Epoch 7/30 | Train Loss: 3.6787 | Train C-index: 0.5431 | Val Loss: 4.1849 | Val C-index: 0.6227
Epoch 8/30 | Train Loss: 3.6697 | Train C-index: 0.5998 | Val Loss: 4.2265 | Val C-index: 0.6120
Epoch 9/30 | Train Loss: 3.6657 | Train C-index: 0.6316 | Val Loss: 4.2662 | Val C-index: 0.5609
Epoch 10/30 | Train Loss: 3.7411 | Train C-index: 0.6285 | Val Loss: 4.2535 | Val C-index: 0.5793
Epoch 11/30 | Train Loss: 3.6511 | Train C-index: 0.6306 | Val Loss: 4.2615 | Val C-index: 0.5691
Epoch 12/30 | Train Loss: 3.6810 | Train C-index: 0.6334 | Val Loss: 4.2637 | Val C-index: 0.5682
Epoch 13/30 | Train Loss: 3.6765 | Train C-index: 0.6419 | Val Loss: 4.2744 | Val C-index: 0.5563
Epoch 14/30 | Train Loss: 3.6731 | Train C-index: 0.6494 | Val Loss: 4.2858 | Val C-index: 0.5418
Epoch 15/30 | Train Loss: 3.6658 | Train C-index: 0.6561 | Val Loss: 4.3017 | Val C-index: 0.5195
Epoch 16/30 | Train Loss: 3.6487 | Train C-index: 0.6528 | Val Loss: 4.2884 | Val C-index: 0.5488
Epoch 17/30 | Train Loss: 3.6792 | Train C-index: 0.6467 | Val Loss: 4.2872 | Val C-index: 0.5621
Early stopping at epoch 17
Fold 4 final C-index: 0.6227

Extra survival metrics:
cutoff_from_train_median: -0.131507
n_test: 125
n_high_risk: 64
n_low_risk: 61
n_event_test: 48
logrank_stat: 1.786917
logrank_p: 0.181302
auc_36m: 0.641842
auc_60m: 0.626688
mean_auc: 0.637238
HR_high_vs_low: 1.480145
HR_95CI_lower: 0.829261
HR_95CI_upper: 2.641903
cox_p: 0.184640

==================================================
5-Fold CV Summary
==================================================
  C-index: 0.6418 +/- 0.0362
