nohup: ignoring input
/home/gly001/.conda/envs/UNI/lib/python3.10/site-packages/torch/autograd/graph.py:823: UserWarning: Attempting to run cuBLAS, but there was no current CUDA context! Attempting to set the primary context... (Triggered internally at /pytorch/aten/src/ATen/cuda/CublasHandlePool.cpp:180.)
  return Variable._execution_engine.run_backward(  # Calls into the C++ engine to run the backward pass
[ResNetCox] Loaded pretrained from /home/gly001/cqj/pa_ct_surv/model/ct_pretrain/resnet_18_23dataset.pth
  Missing keys (ok): ['fc.weight', 'fc.bias']
Sampled 10 CTs from fold 0 val set (cv_seed=42)
[Grad-CAM] Target layer: layer3.1.conv2
  [OK] 1008468925 risk=-0.807 slices={'axial': 0, 'coronal': 0, 'sagittal': 0}
[Grad-CAM] Target layer: layer3.1.conv2
  [OK] 1005006619 risk=-1.700 slices={'axial': 0, 'coronal': 0, 'sagittal': 0}
[Grad-CAM] Target layer: layer3.1.conv2
  [OK] 1003371416 risk=-3.147 slices={'axial': 0, 'coronal': 0, 'sagittal': 0}
[Grad-CAM] Target layer: layer3.1.conv2
  [OK] 1009803254 risk=-0.270 slices={'axial': 55, 'coronal': 39, 'sagittal': 55}
[Grad-CAM] Target layer: layer3.1.conv2
  [OK] 1005801544 risk=-1.598 slices={'axial': 0, 'coronal': 0, 'sagittal': 0}
[Grad-CAM] Target layer: layer3.1.conv2
  [OK] 1005631628 risk=-0.646 slices={'axial': 55, 'coronal': 39, 'sagittal': 55}
[Grad-CAM] Target layer: layer3.1.conv2
  [OK] 1005575013 risk=-2.399 slices={'axial': 0, 'coronal': 0, 'sagittal': 0}
[Grad-CAM] Target layer: layer3.1.conv2
  [OK] 1005315776 risk=0.093 slices={'axial': 55, 'coronal': 55, 'sagittal': 55}
[Grad-CAM] Target layer: layer3.1.conv2
  [OK] 1004990534 risk=-0.864 slices={'axial': 0, 'coronal': 0, 'sagittal': 0}
[Grad-CAM] Target layer: layer3.1.conv2
  [OK] 1008647503 risk=-2.596 slices={'axial': 0, 'coronal': 0, 'sagittal': 0}

[OK] Results saved to /home/gly001/cqj/pa_ct_surv/vis/pact_v2/ct/roi96_baseline
