nohup: ignoring input
Using Device: cuda | ROI size: 96
Model: resnet | Augment: True
Pretrained: model/ct_pretrain/resnet_18_23dataset.pth
Checkpoints: experiments/he_v1/roi_sweep/seed42/ct_roi96/checkpoints
Results:     experiments/he_v1/roi_sweep/seed42/ct_roi96/results
Loaded 777 samples

==================================================
Fold 1/5
==================================================
[ResNetCox] Loaded pretrained from model/ct_pretrain/resnet_18_23dataset.pth
  Missing keys (ok): ['fc.weight', 'fc.bias']
Epoch 1/30 | Train Loss: 3.0139 | Train C-index: 0.5930 | Val Loss: 4.4978 | Val C-index: 0.5683
Epoch 2/30 | Train Loss: 2.9128 | Train C-index: 0.6436 | Val Loss: 4.4445 | Val C-index: 0.6018
Epoch 3/30 | Train Loss: 2.8856 | Train C-index: 0.7074 | Val Loss: 4.3767 | Val C-index: 0.6703
Epoch 4/30 | Train Loss: 2.8272 | Train C-index: 0.7143 | Val Loss: 4.3774 | Val C-index: 0.6732
Epoch 5/30 | Train Loss: 2.8365 | Train C-index: 0.7200 | Val Loss: 4.3076 | Val C-index: 0.7139
Epoch 6/30 | Train Loss: 2.7097 | Train C-index: 0.7204 | Val Loss: 4.3407 | Val C-index: 0.7170
Epoch 7/30 | Train Loss: 2.8046 | Train C-index: 0.7279 | Val Loss: 4.2937 | Val C-index: 0.7165
Epoch 8/30 | Train Loss: 2.7943 | Train C-index: 0.7301 | Val Loss: 4.3365 | Val C-index: 0.7203
Epoch 9/30 | Train Loss: 2.7765 | Train C-index: 0.7370 | Val Loss: 4.3671 | Val C-index: 0.6854
Epoch 10/30 | Train Loss: 2.7007 | Train C-index: 0.7648 | Val Loss: 4.3186 | Val C-index: 0.7204
Epoch 11/30 | Train Loss: 2.6472 | Train C-index: 0.7753 | Val Loss: 4.3531 | Val C-index: 0.7072
Epoch 12/30 | Train Loss: 2.6588 | Train C-index: 0.7173 | Val Loss: 4.5240 | Val C-index: 0.6355
Epoch 13/30 | Train Loss: 2.6123 | Train C-index: 0.7817 | Val Loss: 4.3656 | Val C-index: 0.7006
Epoch 14/30 | Train Loss: 2.6210 | Train C-index: 0.7721 | Val Loss: 4.5239 | Val C-index: 0.6580
Epoch 15/30 | Train Loss: 2.5830 | Train C-index: 0.8000 | Val Loss: 4.3831 | Val C-index: 0.7040
Early stopping at epoch 15
Fold 0 final C-index: 0.7204

Extra survival metrics:
cutoff_from_train_median: -0.240980
n_test: 156
n_high_risk: 81
n_low_risk: 75
n_event_test: 58
logrank_stat: 11.968575
logrank_p: 0.000541
auc_36m: 0.749021
auc_60m: 0.722680
mean_auc: 0.741464
HR_high_vs_low: 2.550802
HR_95CI_lower: 1.471558
HR_95CI_upper: 4.421567
cox_p: 0.000849

==================================================
Fold 2/5
==================================================
[ResNetCox] Loaded pretrained from model/ct_pretrain/resnet_18_23dataset.pth
  Missing keys (ok): ['fc.weight', 'fc.bias']
Epoch 1/30 | Train Loss: 2.9926 | Train C-index: 0.6346 | Val Loss: 4.4980 | Val C-index: 0.5716
Epoch 2/30 | Train Loss: 2.8751 | Train C-index: 0.6463 | Val Loss: 4.4543 | Val C-index: 0.6051
Epoch 3/30 | Train Loss: 2.8431 | Train C-index: 0.7222 | Val Loss: 4.3465 | Val C-index: 0.6771
Epoch 4/30 | Train Loss: 2.7514 | Train C-index: 0.7301 | Val Loss: 4.3188 | Val C-index: 0.6922
Epoch 5/30 | Train Loss: 2.8090 | Train C-index: 0.7284 | Val Loss: 4.3637 | Val C-index: 0.6963
Epoch 6/30 | Train Loss: 2.7308 | Train C-index: 0.7541 | Val Loss: 4.3743 | Val C-index: 0.6765
Epoch 7/30 | Train Loss: 2.7420 | Train C-index: 0.6876 | Val Loss: 4.3749 | Val C-index: 0.6577
Epoch 8/30 | Train Loss: 2.7825 | Train C-index: 0.7563 | Val Loss: 4.4005 | Val C-index: 0.6655
Epoch 9/30 | Train Loss: 2.6731 | Train C-index: 0.7759 | Val Loss: 4.2498 | Val C-index: 0.7278
Epoch 10/30 | Train Loss: 2.6258 | Train C-index: 0.7537 | Val Loss: 4.2498 | Val C-index: 0.7269
Epoch 11/30 | Train Loss: 2.6529 | Train C-index: 0.7764 | Val Loss: 4.3540 | Val C-index: 0.6919
Epoch 12/30 | Train Loss: 2.6227 | Train C-index: 0.7593 | Val Loss: 4.3956 | Val C-index: 0.6633
Epoch 13/30 | Train Loss: 2.6064 | Train C-index: 0.7805 | Val Loss: 4.3508 | Val C-index: 0.6971
Epoch 14/30 | Train Loss: 2.6575 | Train C-index: 0.7829 | Val Loss: 4.5118 | Val C-index: 0.6940
Early stopping at epoch 14
Fold 1 final C-index: 0.7278

Extra survival metrics:
cutoff_from_train_median: -0.173201
n_test: 156
n_high_risk: 81
n_low_risk: 75
n_event_test: 58
logrank_stat: 30.349444
logrank_p: 0.000000
auc_36m: 0.780595
auc_60m: 0.759193
mean_auc: 0.774575
HR_high_vs_low: 5.036439
HR_95CI_lower: 2.661072
HR_95CI_upper: 9.532143
cox_p: 0.000001

==================================================
Fold 3/5
==================================================
[ResNetCox] Loaded pretrained from model/ct_pretrain/resnet_18_23dataset.pth
  Missing keys (ok): ['fc.weight', 'fc.bias']
Epoch 1/30 | Train Loss: 3.0486 | Train C-index: 0.5847 | Val Loss: 4.6259 | Val C-index: 0.5716
Epoch 2/30 | Train Loss: 3.0041 | Train C-index: 0.6505 | Val Loss: 4.6427 | Val C-index: 0.5639
Epoch 3/30 | Train Loss: 2.9152 | Train C-index: 0.6677 | Val Loss: 4.6116 | Val C-index: 0.6317
Epoch 4/30 | Train Loss: 2.8355 | Train C-index: 0.7138 | Val Loss: 4.5385 | Val C-index: 0.6659
Epoch 5/30 | Train Loss: 2.8198 | Train C-index: 0.7262 | Val Loss: 4.4970 | Val C-index: 0.6687
Epoch 6/30 | Train Loss: 2.7836 | Train C-index: 0.7276 | Val Loss: 4.5902 | Val C-index: 0.6274
Epoch 7/30 | Train Loss: 2.7605 | Train C-index: 0.7324 | Val Loss: 4.6433 | Val C-index: 0.6695
Epoch 8/30 | Train Loss: 2.7296 | Train C-index: 0.7505 | Val Loss: 4.5023 | Val C-index: 0.6738
Epoch 9/30 | Train Loss: 2.7979 | Train C-index: 0.7559 | Val Loss: 4.6089 | Val C-index: 0.6490
Epoch 10/30 | Train Loss: 2.6826 | Train C-index: 0.7600 | Val Loss: 4.5568 | Val C-index: 0.6649
Epoch 11/30 | Train Loss: 2.6754 | Train C-index: 0.7385 | Val Loss: 4.5878 | Val C-index: 0.6837
Epoch 12/30 | Train Loss: 2.7624 | Train C-index: 0.7576 | Val Loss: 4.5072 | Val C-index: 0.6682
Epoch 13/30 | Train Loss: 2.7085 | Train C-index: 0.7761 | Val Loss: 4.4814 | Val C-index: 0.6862
Epoch 14/30 | Train Loss: 2.6446 | Train C-index: 0.7667 | Val Loss: 4.6174 | Val C-index: 0.6654
Epoch 15/30 | Train Loss: 2.5790 | Train C-index: 0.7759 | Val Loss: 4.5563 | Val C-index: 0.6924
Epoch 16/30 | Train Loss: 2.5554 | Train C-index: 0.7769 | Val Loss: 4.8527 | Val C-index: 0.6613
Epoch 17/30 | Train Loss: 2.6154 | Train C-index: 0.8013 | Val Loss: 4.4959 | Val C-index: 0.6616
Epoch 18/30 | Train Loss: 2.5219 | Train C-index: 0.7884 | Val Loss: 4.7757 | Val C-index: 0.6746
Epoch 19/30 | Train Loss: 2.5533 | Train C-index: 0.7979 | Val Loss: 4.5348 | Val C-index: 0.6839
Epoch 20/30 | Train Loss: 2.5007 | Train C-index: 0.7888 | Val Loss: 4.7171 | Val C-index: 0.6843
Early stopping at epoch 20
Fold 2 final C-index: 0.6924

Extra survival metrics:
cutoff_from_train_median: 0.211765
n_test: 155
n_high_risk: 89
n_low_risk: 66
n_event_test: 57
logrank_stat: 20.403910
logrank_p: 0.000006
auc_36m: 0.742510
auc_60m: 0.747895
mean_auc: 0.744092
HR_high_vs_low: 3.929435
HR_95CI_lower: 2.072870
HR_95CI_upper: 7.448832
cox_p: 0.000027

==================================================
Fold 4/5
==================================================
[ResNetCox] Loaded pretrained from model/ct_pretrain/resnet_18_23dataset.pth
  Missing keys (ok): ['fc.weight', 'fc.bias']
Epoch 1/30 | Train Loss: 2.9759 | Train C-index: 0.5960 | Val Loss: 4.7018 | Val C-index: 0.6370
Epoch 2/30 | Train Loss: 2.9326 | Train C-index: 0.6069 | Val Loss: 4.5939 | Val C-index: 0.6472
Epoch 3/30 | Train Loss: 2.8189 | Train C-index: 0.6811 | Val Loss: 4.4921 | Val C-index: 0.7119
Epoch 4/30 | Train Loss: 2.8429 | Train C-index: 0.6926 | Val Loss: 4.5678 | Val C-index: 0.6909
Epoch 5/30 | Train Loss: 2.7785 | Train C-index: 0.7046 | Val Loss: 4.5263 | Val C-index: 0.7209
Epoch 6/30 | Train Loss: 2.7675 | Train C-index: 0.7422 | Val Loss: 4.5277 | Val C-index: 0.7007
Epoch 7/30 | Train Loss: 2.7334 | Train C-index: 0.7305 | Val Loss: 4.5112 | Val C-index: 0.7130
Epoch 8/30 | Train Loss: 2.6957 | Train C-index: 0.7484 | Val Loss: 4.4829 | Val C-index: 0.7193
Epoch 9/30 | Train Loss: 2.6859 | Train C-index: 0.7533 | Val Loss: 4.6202 | Val C-index: 0.6947
Epoch 10/30 | Train Loss: 2.6734 | Train C-index: 0.7702 | Val Loss: 4.6338 | Val C-index: 0.6986
Early stopping at epoch 10
Fold 3 final C-index: 0.7209

Extra survival metrics:
cutoff_from_train_median: 0.020187
n_test: 155
n_high_risk: 74
n_low_risk: 81
n_event_test: 57
logrank_stat: 13.964004
logrank_p: 0.000186
auc_36m: 0.759614
auc_60m: 0.741950
mean_auc: 0.757037
HR_high_vs_low: 2.714764
HR_95CI_lower: 1.573614
HR_95CI_upper: 4.683451
cox_p: 0.000331

==================================================
Fold 5/5
==================================================
[ResNetCox] Loaded pretrained from model/ct_pretrain/resnet_18_23dataset.pth
  Missing keys (ok): ['fc.weight', 'fc.bias']
Epoch 1/30 | Train Loss: 2.9846 | Train C-index: 0.4823 | Val Loss: 7.2533 | Val C-index: 0.4486
Epoch 2/30 | Train Loss: 2.9335 | Train C-index: 0.6002 | Val Loss: 4.7393 | Val C-index: 0.5970
Epoch 3/30 | Train Loss: 2.8622 | Train C-index: 0.6763 | Val Loss: 4.4605 | Val C-index: 0.7085
Epoch 4/30 | Train Loss: 2.8269 | Train C-index: 0.7192 | Val Loss: 4.4741 | Val C-index: 0.6859
Epoch 5/30 | Train Loss: 2.8243 | Train C-index: 0.7065 | Val Loss: 4.4361 | Val C-index: 0.6743
Epoch 6/30 | Train Loss: 2.8174 | Train C-index: 0.7363 | Val Loss: 4.3819 | Val C-index: 0.7092
Epoch 7/30 | Train Loss: 2.7858 | Train C-index: 0.7310 | Val Loss: 4.3725 | Val C-index: 0.7194
Epoch 8/30 | Train Loss: 2.7062 | Train C-index: 0.7442 | Val Loss: 4.3730 | Val C-index: 0.6974
Epoch 9/30 | Train Loss: 2.6843 | Train C-index: 0.7643 | Val Loss: 4.4027 | Val C-index: 0.7117
Epoch 10/30 | Train Loss: 2.7323 | Train C-index: 0.5953 | Val Loss: 4.6277 | Val C-index: 0.5114
Epoch 11/30 | Train Loss: 2.7279 | Train C-index: 0.7355 | Val Loss: 4.4219 | Val C-index: 0.6843
Epoch 12/30 | Train Loss: 2.7107 | Train C-index: 0.7573 | Val Loss: 4.4686 | Val C-index: 0.7009
Early stopping at epoch 12
Fold 4 final C-index: 0.7194

Extra survival metrics:
cutoff_from_train_median: 0.053164
n_test: 155
n_high_risk: 72
n_low_risk: 83
n_event_test: 58
logrank_stat: 21.474801
logrank_p: 0.000004
auc_36m: 0.758665
auc_60m: 0.761770
mean_auc: 0.759604
HR_high_vs_low: 3.464314
HR_95CI_lower: 1.980639
HR_95CI_upper: 6.059394
cox_p: 0.000013

==================================================
5-Fold CV Summary
==================================================
  C-index: 0.7162 +/- 0.0137
