nohup: ignoring input
Using Device: cuda | ROI size: 128
Model: resnet | Augment: True
Pretrained: /home/gly001/cqj/pa_ct_surv/model/ct_pretrain/resnet_18_23dataset.pth
Checkpoints: /home/gly001/cqj/pa_ct_surv/experiments/he_v1/ct_bs128/seed42/checkpoints
Results:     /home/gly001/cqj/pa_ct_surv/experiments/he_v1/ct_bs128/seed42/results
Loaded 797 samples

==================================================
Fold 1/5
==================================================
[ResNetCox] Loaded pretrained from /home/gly001/cqj/pa_ct_surv/model/ct_pretrain/resnet_18_23dataset.pth
  Missing keys (ok): ['fc.weight', 'fc.bias']
Traceback (most recent call last):
  File "/home/gly001/cqj/pa_ct_surv/ct_train.py", line 280, in <module>
    main()
  File "/home/gly001/cqj/pa_ct_surv/ct_train.py", line 246, in main
    fold_cindex, train_df, val_df = train_ct(
  File "/home/gly001/cqj/pa_ct_surv/ct_train.py", line 59, in train_ct
    loss.backward()
  File "/home/gly001/.conda/envs/UNI/lib/python3.10/site-packages/torch/_tensor.py", line 617, in backward
    return handle_torch_function(
  File "/home/gly001/.conda/envs/UNI/lib/python3.10/site-packages/torch/overrides.py", line 1742, in handle_torch_function
    result = torch_func_method(public_api, types, args, kwargs)
  File "/home/gly001/.conda/envs/UNI/lib/python3.10/site-packages/monai/data/meta_tensor.py", line 283, in __torch_function__
    ret = super().__torch_function__(func, types, args, kwargs)
  File "/home/gly001/.conda/envs/UNI/lib/python3.10/site-packages/torch/_tensor.py", line 1648, in __torch_function__
    ret = func(*args, **kwargs)
  File "/home/gly001/.conda/envs/UNI/lib/python3.10/site-packages/torch/_tensor.py", line 626, in backward
    torch.autograd.backward(
  File "/home/gly001/.conda/envs/UNI/lib/python3.10/site-packages/torch/autograd/__init__.py", line 347, in backward
    _engine_run_backward(
  File "/home/gly001/.conda/envs/UNI/lib/python3.10/site-packages/torch/autograd/graph.py", line 823, in _engine_run_backward
    return Variable._execution_engine.run_backward(  # Calls into the C++ engine to run the backward pass
torch.OutOfMemoryError: CUDA out of memory. Tried to allocate 8.00 GiB. GPU 0 has a total capacity of 47.37 GiB of which 1.24 GiB is free. Process 3882220 has 594.00 MiB memory in use. Including non-PyTorch memory, this process has 45.53 GiB memory in use. Of the allocated memory 41.27 GiB is allocated by PyTorch, and 3.75 GiB is reserved by PyTorch but unallocated. If reserved but unallocated memory is large try setting PYTORCH_CUDA_ALLOC_CONF=expandable_segments:True to avoid fragmentation.  See documentation for Memory Management  (https://pytorch.org/docs/stable/notes/cuda.html#environment-variables)
