nohup: ignoring input
Using Device: cuda | ROI size: 128
Model: resnet | Augment: True
Pretrained: model/ct_pretrain/resnet_18_23dataset.pth
Checkpoints: experiments/he_v1/main_roi128/seed42/ct_baseline/checkpoints
Results:     experiments/he_v1/main_roi128/seed42/ct_baseline/results
Loaded 797 samples

==================================================
Fold 1/5
==================================================
[ResNetCox] Loaded pretrained from model/ct_pretrain/resnet_18_23dataset.pth
  Missing keys (ok): ['fc.weight', 'fc.bias']
Epoch 1/30 | Train Loss: 2.4219 | Train C-index: 0.5900 | Val Loss: 4.4394 | Val C-index: 0.6195
Epoch 2/30 | Train Loss: 2.3955 | Train C-index: 0.6536 | Val Loss: 4.3608 | Val C-index: 0.7022
Epoch 3/30 | Train Loss: 2.3677 | Train C-index: 0.6605 | Val Loss: 4.4432 | Val C-index: 0.6418
Epoch 4/30 | Train Loss: 2.2948 | Train C-index: 0.6477 | Val Loss: 4.4959 | Val C-index: 0.6406
Epoch 5/30 | Train Loss: 2.2709 | Train C-index: 0.6812 | Val Loss: 4.3800 | Val C-index: 0.6794
Epoch 6/30 | Train Loss: 2.2063 | Train C-index: 0.7025 | Val Loss: 4.3733 | Val C-index: 0.6779
Epoch 7/30 | Train Loss: 2.1850 | Train C-index: 0.6987 | Val Loss: 4.4201 | Val C-index: 0.6824
Early stopping at epoch 7
Fold 0 final C-index: 0.7022

Extra survival metrics:
cutoff_from_train_median: 0.536363
n_test: 160
n_high_risk: 84
n_low_risk: 76
n_event_test: 61
logrank_stat: 18.403721
logrank_p: 0.000018
auc_36m: 0.704918
auc_60m: 0.727945
mean_auc: 0.711696
HR_high_vs_low: 3.280229
HR_95CI_lower: 1.847409
HR_95CI_upper: 5.824320
cox_p: 0.000050

==================================================
Fold 2/5
==================================================
[ResNetCox] Loaded pretrained from model/ct_pretrain/resnet_18_23dataset.pth
  Missing keys (ok): ['fc.weight', 'fc.bias']
Epoch 1/30 | Train Loss: 2.3470 | Train C-index: 0.5944 | Val Loss: 4.6902 | Val C-index: 0.5741
Epoch 2/30 | Train Loss: 2.2598 | Train C-index: 0.6574 | Val Loss: 4.6623 | Val C-index: 0.6177
Epoch 3/30 | Train Loss: 2.2361 | Train C-index: 0.6910 | Val Loss: 4.6611 | Val C-index: 0.6054
Epoch 4/30 | Train Loss: 2.2247 | Train C-index: 0.6921 | Val Loss: 4.6310 | Val C-index: 0.6343
Epoch 5/30 | Train Loss: 2.1470 | Train C-index: 0.6974 | Val Loss: 4.6636 | Val C-index: 0.6431
Epoch 6/30 | Train Loss: 2.1688 | Train C-index: 0.6983 | Val Loss: 4.6309 | Val C-index: 0.6403
Epoch 7/30 | Train Loss: 2.1740 | Train C-index: 0.6975 | Val Loss: 4.5223 | Val C-index: 0.6747
Epoch 8/30 | Train Loss: 2.2062 | Train C-index: 0.7093 | Val Loss: 4.5562 | Val C-index: 0.6788
Epoch 9/30 | Train Loss: 2.1855 | Train C-index: 0.7260 | Val Loss: 4.6251 | Val C-index: 0.6407
Epoch 10/30 | Train Loss: 2.1210 | Train C-index: 0.7397 | Val Loss: 4.5212 | Val C-index: 0.6882
Epoch 11/30 | Train Loss: 2.0955 | Train C-index: 0.7324 | Val Loss: 4.5485 | Val C-index: 0.6841
Epoch 12/30 | Train Loss: 2.0831 | Train C-index: 0.7353 | Val Loss: 4.4523 | Val C-index: 0.7135
Epoch 13/30 | Train Loss: 2.1177 | Train C-index: 0.7391 | Val Loss: 4.5714 | Val C-index: 0.6774
Epoch 14/30 | Train Loss: 2.0978 | Train C-index: 0.7547 | Val Loss: 4.5140 | Val C-index: 0.6985
Epoch 15/30 | Train Loss: 2.1049 | Train C-index: 0.7080 | Val Loss: 4.6424 | Val C-index: 0.6207
Epoch 16/30 | Train Loss: 2.0676 | Train C-index: 0.7443 | Val Loss: 4.6508 | Val C-index: 0.6664
Epoch 17/30 | Train Loss: 1.9959 | Train C-index: 0.7782 | Val Loss: 4.6080 | Val C-index: 0.6716
Early stopping at epoch 17
Fold 1 final C-index: 0.7135

Extra survival metrics:
cutoff_from_train_median: -0.124119
n_test: 160
n_high_risk: 78
n_low_risk: 82
n_event_test: 61
logrank_stat: 22.959978
logrank_p: 0.000002
auc_36m: 0.748820
auc_60m: 0.722281
mean_auc: 0.744579
HR_high_vs_low: 3.606960
HR_95CI_lower: 2.058172
HR_95CI_upper: 6.321220
cox_p: 0.000007

==================================================
Fold 3/5
==================================================
[ResNetCox] Loaded pretrained from model/ct_pretrain/resnet_18_23dataset.pth
  Missing keys (ok): ['fc.weight', 'fc.bias']
Epoch 1/30 | Train Loss: 2.3902 | Train C-index: 0.5954 | Val Loss: 4.5709 | Val C-index: 0.5003
Epoch 2/30 | Train Loss: 2.2986 | Train C-index: 0.6409 | Val Loss: 4.4016 | Val C-index: 0.6837
Epoch 3/30 | Train Loss: 2.2279 | Train C-index: 0.6595 | Val Loss: 4.4371 | Val C-index: 0.6572
Epoch 4/30 | Train Loss: 2.2938 | Train C-index: 0.6935 | Val Loss: 4.4115 | Val C-index: 0.6780
Epoch 5/30 | Train Loss: 2.2264 | Train C-index: 0.7111 | Val Loss: 4.4152 | Val C-index: 0.6801
Epoch 6/30 | Train Loss: 2.2346 | Train C-index: 0.7162 | Val Loss: 4.4407 | Val C-index: 0.6754
Epoch 7/30 | Train Loss: 2.1836 | Train C-index: 0.7151 | Val Loss: 4.3564 | Val C-index: 0.6905
Epoch 8/30 | Train Loss: 2.2139 | Train C-index: 0.7328 | Val Loss: 4.3633 | Val C-index: 0.6890
Epoch 9/30 | Train Loss: 2.1892 | Train C-index: 0.7231 | Val Loss: 4.4147 | Val C-index: 0.6758
Epoch 10/30 | Train Loss: 2.1845 | Train C-index: 0.7220 | Val Loss: 4.3769 | Val C-index: 0.6944
Epoch 11/30 | Train Loss: 2.0515 | Train C-index: 0.7257 | Val Loss: 4.4420 | Val C-index: 0.6728
Epoch 12/30 | Train Loss: 2.1459 | Train C-index: 0.7465 | Val Loss: 4.4639 | Val C-index: 0.6795
Epoch 13/30 | Train Loss: 2.0989 | Train C-index: 0.7529 | Val Loss: 4.3301 | Val C-index: 0.6997
Epoch 14/30 | Train Loss: 2.0645 | Train C-index: 0.7462 | Val Loss: 4.3907 | Val C-index: 0.7078
Epoch 15/30 | Train Loss: 2.0875 | Train C-index: 0.7773 | Val Loss: 4.3615 | Val C-index: 0.6924
Epoch 16/30 | Train Loss: 2.0475 | Train C-index: 0.7726 | Val Loss: 4.4380 | Val C-index: 0.6740
Epoch 17/30 | Train Loss: 2.0493 | Train C-index: 0.7611 | Val Loss: 4.4728 | Val C-index: 0.6495
Epoch 18/30 | Train Loss: 2.0511 | Train C-index: 0.7703 | Val Loss: 4.4428 | Val C-index: 0.6654
Epoch 19/30 | Train Loss: 2.0126 | Train C-index: 0.7659 | Val Loss: 4.3848 | Val C-index: 0.6890
Early stopping at epoch 19
Fold 2 final C-index: 0.7078

Extra survival metrics:
cutoff_from_train_median: -0.471000
n_test: 159
n_high_risk: 89
n_low_risk: 70
n_event_test: 60
logrank_stat: 23.577301
logrank_p: 0.000001
auc_36m: 0.740189
auc_60m: 0.767106
mean_auc: 0.748001
HR_high_vs_low: 4.043246
HR_95CI_lower: 2.203133
HR_95CI_upper: 7.420269
cox_p: 0.000006

==================================================
Fold 4/5
==================================================
[ResNetCox] Loaded pretrained from model/ct_pretrain/resnet_18_23dataset.pth
  Missing keys (ok): ['fc.weight', 'fc.bias']
Epoch 1/30 | Train Loss: 2.4289 | Train C-index: 0.6347 | Val Loss: 4.5393 | Val C-index: 0.6770
Epoch 2/30 | Train Loss: 2.3352 | Train C-index: 0.6376 | Val Loss: 4.4448 | Val C-index: 0.6924
Epoch 3/30 | Train Loss: 2.3313 | Train C-index: 0.6843 | Val Loss: 4.3007 | Val C-index: 0.7647
Epoch 4/30 | Train Loss: 2.2615 | Train C-index: 0.6618 | Val Loss: 4.5444 | Val C-index: 0.6330
Epoch 5/30 | Train Loss: 2.2460 | Train C-index: 0.6245 | Val Loss: 4.6237 | Val C-index: 0.5996
Epoch 6/30 | Train Loss: 2.1891 | Train C-index: 0.6818 | Val Loss: 4.4506 | Val C-index: 0.6884
Epoch 7/30 | Train Loss: 2.1628 | Train C-index: 0.7256 | Val Loss: 4.4922 | Val C-index: 0.6792
Epoch 8/30 | Train Loss: 2.2348 | Train C-index: 0.7102 | Val Loss: 4.4465 | Val C-index: 0.7060
Early stopping at epoch 8
Fold 3 final C-index: 0.7647

Extra survival metrics:
cutoff_from_train_median: -0.362262
n_test: 159
n_high_risk: 94
n_low_risk: 65
n_event_test: 61
logrank_stat: 23.697498
logrank_p: 0.000001
auc_36m: 0.797418
auc_60m: 0.821970
mean_auc: 0.803088
HR_high_vs_low: 4.454956
HR_95CI_lower: 2.310065
HR_95CI_upper: 8.591376
cox_p: 0.000008

==================================================
Fold 5/5
==================================================
[ResNetCox] Loaded pretrained from model/ct_pretrain/resnet_18_23dataset.pth
  Missing keys (ok): ['fc.weight', 'fc.bias']
Epoch 1/30 | Train Loss: 2.3572 | Train C-index: 0.5672 | Val Loss: 7.7971 | Val C-index: 0.5415
Epoch 2/30 | Train Loss: 2.3051 | Train C-index: 0.6480 | Val Loss: 4.5829 | Val C-index: 0.6102
Epoch 3/30 | Train Loss: 2.2788 | Train C-index: 0.6431 | Val Loss: 4.6743 | Val C-index: 0.5804
Epoch 4/30 | Train Loss: 2.2293 | Train C-index: 0.6804 | Val Loss: 4.5917 | Val C-index: 0.6487
Epoch 5/30 | Train Loss: 2.2095 | Train C-index: 0.6906 | Val Loss: 4.5391 | Val C-index: 0.6691
Epoch 6/30 | Train Loss: 2.1798 | Train C-index: 0.7077 | Val Loss: 4.5946 | Val C-index: 0.6461
Epoch 7/30 | Train Loss: 2.1665 | Train C-index: 0.6798 | Val Loss: 4.6129 | Val C-index: 0.6205
Epoch 8/30 | Train Loss: 2.1046 | Train C-index: 0.7208 | Val Loss: 4.5596 | Val C-index: 0.6641
Epoch 9/30 | Train Loss: 2.1541 | Train C-index: 0.7173 | Val Loss: 4.6924 | Val C-index: 0.6867
Epoch 10/30 | Train Loss: 2.1094 | Train C-index: 0.7363 | Val Loss: 4.6024 | Val C-index: 0.6589
Epoch 11/30 | Train Loss: 2.1149 | Train C-index: 0.7429 | Val Loss: 4.5212 | Val C-index: 0.6620
Epoch 12/30 | Train Loss: 2.0921 | Train C-index: 0.7513 | Val Loss: 4.6348 | Val C-index: 0.6733
Epoch 13/30 | Train Loss: 2.0120 | Train C-index: 0.7381 | Val Loss: 4.5903 | Val C-index: 0.7038
Epoch 14/30 | Train Loss: 1.9923 | Train C-index: 0.7549 | Val Loss: 4.7579 | Val C-index: 0.7005
Epoch 15/30 | Train Loss: 2.0837 | Train C-index: 0.7475 | Val Loss: 4.5323 | Val C-index: 0.6978
Epoch 16/30 | Train Loss: 2.0815 | Train C-index: 0.7631 | Val Loss: 4.6093 | Val C-index: 0.6767
Epoch 17/30 | Train Loss: 2.0845 | Train C-index: 0.7702 | Val Loss: 4.5481 | Val C-index: 0.6913
Epoch 18/30 | Train Loss: 2.0034 | Train C-index: 0.7440 | Val Loss: 4.5920 | Val C-index: 0.6447
Early stopping at epoch 18
Fold 4 final C-index: 0.7038

Extra survival metrics:
cutoff_from_train_median: -0.476075
n_test: 159
n_high_risk: 76
n_low_risk: 83
n_event_test: 61
logrank_stat: 22.437263
logrank_p: 0.000002
auc_36m: 0.721119
auc_60m: 0.712736
mean_auc: 0.718560
HR_high_vs_low: 3.576543
HR_95CI_lower: 2.037798
HR_95CI_upper: 6.277196
cox_p: 0.000009

==================================================
5-Fold CV Summary
==================================================
  C-index: 0.7184 +/- 0.0262
