nohup: ignoring input
Using Device: cuda
Model: abmil-cox-topk | k: 512
Checkpoints: experiments/he_v1/main_roi128/seed42/pa_baseline/checkpoints
Results:     experiments/he_v1/main_roi128/seed42/pa_baseline/results
Loaded 797 samples

==================================================
Fold 1/5
==================================================
Epoch 1/30 | Train Loss: 4.4430 | Train C-index: 0.7200 | Val Loss: 4.3417 | Val C-index: 0.7297
Epoch 2/30 | Train Loss: 4.2089 | Train C-index: 0.7349 | Val Loss: 4.2977 | Val C-index: 0.7389
Epoch 3/30 | Train Loss: 4.1863 | Train C-index: 0.7446 | Val Loss: 4.3084 | Val C-index: 0.7369
Epoch 4/30 | Train Loss: 4.0779 | Train C-index: 0.7546 | Val Loss: 4.3273 | Val C-index: 0.7331
Epoch 5/30 | Train Loss: 4.0504 | Train C-index: 0.7641 | Val Loss: 4.3381 | Val C-index: 0.7310
Epoch 6/30 | Train Loss: 4.0871 | Train C-index: 0.7735 | Val Loss: 4.3284 | Val C-index: 0.7268
Epoch 7/30 | Train Loss: 4.0156 | Train C-index: 0.7796 | Val Loss: 4.2973 | Val C-index: 0.7334
Early stopping at epoch 7
Fold 0 final C-index: 0.7389

Extra survival metrics:
cutoff_from_train_median: -0.531604
n_test: 160
n_high_risk: 70
n_low_risk: 90
n_event_test: 61
logrank_stat: 37.931753
logrank_p: 0.000000
auc_36m: 0.761664
auc_60m: 0.778681
mean_auc: 0.766673
HR_high_vs_low: 5.076992
HR_95CI_lower: 2.861104
HR_95CI_upper: 9.009055
cox_p: 0.000000

==================================================
Fold 2/5
==================================================
Epoch 1/30 | Train Loss: 4.3528 | Train C-index: 0.7277 | Val Loss: 4.5999 | Val C-index: 0.6804
Epoch 2/30 | Train Loss: 4.1986 | Train C-index: 0.7328 | Val Loss: 4.5653 | Val C-index: 0.6835
Epoch 3/30 | Train Loss: 4.1131 | Train C-index: 0.7393 | Val Loss: 4.5721 | Val C-index: 0.6901
Epoch 4/30 | Train Loss: 4.0560 | Train C-index: 0.7489 | Val Loss: 4.5712 | Val C-index: 0.6948
Epoch 5/30 | Train Loss: 4.0014 | Train C-index: 0.7651 | Val Loss: 4.5472 | Val C-index: 0.7027
Epoch 6/30 | Train Loss: 3.9555 | Train C-index: 0.7794 | Val Loss: 4.5189 | Val C-index: 0.7129
Epoch 7/30 | Train Loss: 3.9972 | Train C-index: 0.7894 | Val Loss: 4.4951 | Val C-index: 0.7237
Epoch 8/30 | Train Loss: 3.8997 | Train C-index: 0.7968 | Val Loss: 4.4887 | Val C-index: 0.7210
Epoch 9/30 | Train Loss: 3.8702 | Train C-index: 0.8025 | Val Loss: 4.4947 | Val C-index: 0.7178
Epoch 10/30 | Train Loss: 3.8775 | Train C-index: 0.8081 | Val Loss: 4.4979 | Val C-index: 0.7205
Epoch 11/30 | Train Loss: 3.8730 | Train C-index: 0.8114 | Val Loss: 4.5038 | Val C-index: 0.7204
Epoch 12/30 | Train Loss: 3.7588 | Train C-index: 0.8144 | Val Loss: 4.5062 | Val C-index: 0.7201
Early stopping at epoch 12
Fold 1 final C-index: 0.7237

Extra survival metrics:
cutoff_from_train_median: -0.244046
n_test: 160
n_high_risk: 76
n_low_risk: 84
n_event_test: 61
logrank_stat: 21.952685
logrank_p: 0.000003
auc_36m: 0.771549
auc_60m: 0.709123
mean_auc: 0.761573
HR_high_vs_low: 3.455472
HR_95CI_lower: 1.989856
HR_95CI_upper: 6.000578
cox_p: 0.000011

==================================================
Fold 3/5
==================================================
Epoch 1/30 | Train Loss: 4.4101 | Train C-index: 0.7044 | Val Loss: 4.3737 | Val C-index: 0.7305
Epoch 2/30 | Train Loss: 4.2362 | Train C-index: 0.7231 | Val Loss: 4.2627 | Val C-index: 0.7421
Epoch 3/30 | Train Loss: 4.2004 | Train C-index: 0.7336 | Val Loss: 4.2179 | Val C-index: 0.7458
Epoch 4/30 | Train Loss: 4.1673 | Train C-index: 0.7452 | Val Loss: 4.2172 | Val C-index: 0.7505
Epoch 5/30 | Train Loss: 4.0948 | Train C-index: 0.7562 | Val Loss: 4.2521 | Val C-index: 0.7433
Epoch 6/30 | Train Loss: 4.0694 | Train C-index: 0.7623 | Val Loss: 4.2624 | Val C-index: 0.7397
Epoch 7/30 | Train Loss: 4.1140 | Train C-index: 0.7690 | Val Loss: 4.2619 | Val C-index: 0.7388
Epoch 8/30 | Train Loss: 4.0497 | Train C-index: 0.7753 | Val Loss: 4.2500 | Val C-index: 0.7414
Epoch 9/30 | Train Loss: 4.0505 | Train C-index: 0.7807 | Val Loss: 4.2444 | Val C-index: 0.7432
Early stopping at epoch 9
Fold 2 final C-index: 0.7505

Extra survival metrics:
cutoff_from_train_median: 0.024553
n_test: 159
n_high_risk: 82
n_low_risk: 77
n_event_test: 60
logrank_stat: 34.541921
logrank_p: 0.000000
auc_36m: 0.813758
auc_60m: 0.792645
mean_auc: 0.807631
HR_high_vs_low: 5.252483
HR_95CI_lower: 2.833119
HR_95CI_upper: 9.737880
cox_p: 0.000000

==================================================
Fold 4/5
==================================================
Epoch 1/30 | Train Loss: 4.3543 | Train C-index: 0.6949 | Val Loss: 4.4491 | Val C-index: 0.7367
Epoch 2/30 | Train Loss: 4.2817 | Train C-index: 0.7104 | Val Loss: 4.3405 | Val C-index: 0.7534
Epoch 3/30 | Train Loss: 4.2658 | Train C-index: 0.7183 | Val Loss: 4.2778 | Val C-index: 0.7586
Epoch 4/30 | Train Loss: 4.1315 | Train C-index: 0.7290 | Val Loss: 4.2542 | Val C-index: 0.7561
Epoch 5/30 | Train Loss: 4.0902 | Train C-index: 0.7411 | Val Loss: 4.2235 | Val C-index: 0.7613
Epoch 6/30 | Train Loss: 4.0887 | Train C-index: 0.7512 | Val Loss: 4.2021 | Val C-index: 0.7638
Epoch 7/30 | Train Loss: 4.0708 | Train C-index: 0.7609 | Val Loss: 4.1736 | Val C-index: 0.7711
Epoch 8/30 | Train Loss: 4.0710 | Train C-index: 0.7702 | Val Loss: 4.1590 | Val C-index: 0.7715
Epoch 9/30 | Train Loss: 4.0684 | Train C-index: 0.7781 | Val Loss: 4.1403 | Val C-index: 0.7789
Epoch 10/30 | Train Loss: 3.9628 | Train C-index: 0.7860 | Val Loss: 4.1290 | Val C-index: 0.7798
Epoch 11/30 | Train Loss: 4.0015 | Train C-index: 0.7932 | Val Loss: 4.1217 | Val C-index: 0.7831
Epoch 12/30 | Train Loss: 3.9437 | Train C-index: 0.7985 | Val Loss: 4.1228 | Val C-index: 0.7786
Epoch 13/30 | Train Loss: 3.9339 | Train C-index: 0.8040 | Val Loss: 4.1221 | Val C-index: 0.7767
Epoch 14/30 | Train Loss: 3.9084 | Train C-index: 0.8104 | Val Loss: 4.1203 | Val C-index: 0.7740
Epoch 15/30 | Train Loss: 3.8697 | Train C-index: 0.8157 | Val Loss: 4.1326 | Val C-index: 0.7718
Epoch 16/30 | Train Loss: 3.8276 | Train C-index: 0.8206 | Val Loss: 4.1522 | Val C-index: 0.7721
Early stopping at epoch 16
Fold 3 final C-index: 0.7831

Extra survival metrics:
cutoff_from_train_median: -0.566670
n_test: 159
n_high_risk: 77
n_low_risk: 82
n_event_test: 61
logrank_stat: 50.010322
logrank_p: 0.000000
auc_36m: 0.836387
auc_60m: 0.832189
mean_auc: 0.835417
HR_high_vs_low: 7.967596
HR_95CI_lower: 4.034849
HR_95CI_upper: 15.733575
cox_p: 0.000000

==================================================
Fold 5/5
==================================================
Epoch 1/30 | Train Loss: 4.3850 | Train C-index: 0.7408 | Val Loss: 4.5448 | Val C-index: 0.6526
Epoch 2/30 | Train Loss: 4.2410 | Train C-index: 0.7466 | Val Loss: 4.5556 | Val C-index: 0.6525
Epoch 3/30 | Train Loss: 4.1307 | Train C-index: 0.7513 | Val Loss: 4.5910 | Val C-index: 0.6589
Epoch 4/30 | Train Loss: 4.0752 | Train C-index: 0.7591 | Val Loss: 4.5700 | Val C-index: 0.6655
Epoch 5/30 | Train Loss: 4.0496 | Train C-index: 0.7697 | Val Loss: 4.5548 | Val C-index: 0.6707
Epoch 6/30 | Train Loss: 4.0033 | Train C-index: 0.7776 | Val Loss: 4.5288 | Val C-index: 0.6738
Epoch 7/30 | Train Loss: 3.9577 | Train C-index: 0.7845 | Val Loss: 4.5121 | Val C-index: 0.6815
Epoch 8/30 | Train Loss: 3.9285 | Train C-index: 0.7904 | Val Loss: 4.5089 | Val C-index: 0.6862
Epoch 9/30 | Train Loss: 3.9440 | Train C-index: 0.7964 | Val Loss: 4.5068 | Val C-index: 0.6920
Epoch 10/30 | Train Loss: 3.9287 | Train C-index: 0.8026 | Val Loss: 4.4941 | Val C-index: 0.6981
Epoch 11/30 | Train Loss: 3.8870 | Train C-index: 0.8083 | Val Loss: 4.4897 | Val C-index: 0.7015
Epoch 12/30 | Train Loss: 3.8872 | Train C-index: 0.8136 | Val Loss: 4.4894 | Val C-index: 0.7032
Epoch 13/30 | Train Loss: 3.8392 | Train C-index: 0.8176 | Val Loss: 4.5050 | Val C-index: 0.7013
Epoch 14/30 | Train Loss: 3.7541 | Train C-index: 0.8193 | Val Loss: 4.5019 | Val C-index: 0.6997
Epoch 15/30 | Train Loss: 3.8226 | Train C-index: 0.8228 | Val Loss: 4.5156 | Val C-index: 0.6978
Epoch 16/30 | Train Loss: 3.7627 | Train C-index: 0.8276 | Val Loss: 4.5393 | Val C-index: 0.6961
Epoch 17/30 | Train Loss: 3.7385 | Train C-index: 0.8313 | Val Loss: 4.5573 | Val C-index: 0.6970
Early stopping at epoch 17
Fold 4 final C-index: 0.7032

Extra survival metrics:
cutoff_from_train_median: -0.537234
n_test: 159
n_high_risk: 83
n_low_risk: 76
n_event_test: 61
logrank_stat: 15.457365
logrank_p: 0.000084
auc_36m: 0.736349
auc_60m: 0.719270
mean_auc: 0.731135
HR_high_vs_low: 2.928625
HR_95CI_lower: 1.670739
HR_95CI_upper: 5.133564
cox_p: 0.000175

==================================================
5-Fold CV Summary
==================================================
  C-index: 0.7399 +/- 0.0299
