nohup: ignoring input
Using Device: cuda
Model: abmil-cox-topk | k: 512
Checkpoints: experiments/he_v1/main_roi128/seed123/pa_baseline/checkpoints
Results:     experiments/he_v1/main_roi128/seed123/pa_baseline/results
Loaded 797 samples

==================================================
Fold 1/5
==================================================
Epoch 1/30 | Train Loss: 4.3286 | Train C-index: 0.7123 | Val Loss: 4.5737 | Val C-index: 0.6357
Epoch 2/30 | Train Loss: 4.2366 | Train C-index: 0.7309 | Val Loss: 4.5933 | Val C-index: 0.6446
Epoch 3/30 | Train Loss: 4.0979 | Train C-index: 0.7468 | Val Loss: 4.6163 | Val C-index: 0.6573
Epoch 4/30 | Train Loss: 4.0152 | Train C-index: 0.7631 | Val Loss: 4.6110 | Val C-index: 0.6680
Epoch 5/30 | Train Loss: 4.0054 | Train C-index: 0.7696 | Val Loss: 4.5750 | Val C-index: 0.6755
Epoch 6/30 | Train Loss: 4.0154 | Train C-index: 0.7710 | Val Loss: 4.5347 | Val C-index: 0.6793
Epoch 7/30 | Train Loss: 3.9644 | Train C-index: 0.7771 | Val Loss: 4.5269 | Val C-index: 0.6783
Epoch 8/30 | Train Loss: 3.9413 | Train C-index: 0.7890 | Val Loss: 4.5657 | Val C-index: 0.6793
Epoch 9/30 | Train Loss: 3.9299 | Train C-index: 0.7967 | Val Loss: 4.5887 | Val C-index: 0.6799
Epoch 10/30 | Train Loss: 3.8680 | Train C-index: 0.8021 | Val Loss: 4.5680 | Val C-index: 0.6889
Epoch 11/30 | Train Loss: 3.8588 | Train C-index: 0.8056 | Val Loss: 4.5263 | Val C-index: 0.6965
Epoch 12/30 | Train Loss: 3.8036 | Train C-index: 0.8107 | Val Loss: 4.5318 | Val C-index: 0.6960
Epoch 13/30 | Train Loss: 3.9038 | Train C-index: 0.8162 | Val Loss: 4.5377 | Val C-index: 0.7007
Epoch 14/30 | Train Loss: 3.7482 | Train C-index: 0.8203 | Val Loss: 4.5343 | Val C-index: 0.7029
Epoch 15/30 | Train Loss: 3.7861 | Train C-index: 0.8250 | Val Loss: 4.5462 | Val C-index: 0.7015
Epoch 16/30 | Train Loss: 3.7544 | Train C-index: 0.8284 | Val Loss: 4.5809 | Val C-index: 0.6945
Epoch 17/30 | Train Loss: 3.7068 | Train C-index: 0.8325 | Val Loss: 4.5897 | Val C-index: 0.6935
Epoch 18/30 | Train Loss: 3.7096 | Train C-index: 0.8365 | Val Loss: 4.6030 | Val C-index: 0.6947
Epoch 19/30 | Train Loss: 3.6009 | Train C-index: 0.8388 | Val Loss: 4.5910 | Val C-index: 0.7007
Early stopping at epoch 19
Fold 0 final C-index: 0.7029

Extra survival metrics:
cutoff_from_train_median: -0.844829
n_test: 160
n_high_risk: 88
n_low_risk: 72
n_event_test: 61
logrank_stat: 15.842881
logrank_p: 0.000069
auc_36m: 0.716860
auc_60m: 0.721771
mean_auc: 0.718676
HR_high_vs_low: 3.162559
HR_95CI_lower: 1.738500
HR_95CI_upper: 5.753106
cox_p: 0.000162

==================================================
Fold 2/5
==================================================
Epoch 1/30 | Train Loss: 4.3644 | Train C-index: 0.7247 | Val Loss: 4.4692 | Val C-index: 0.7253
Epoch 2/30 | Train Loss: 4.1641 | Train C-index: 0.7371 | Val Loss: 4.3673 | Val C-index: 0.7376
Epoch 3/30 | Train Loss: 4.1083 | Train C-index: 0.7461 | Val Loss: 4.3385 | Val C-index: 0.7394
Epoch 4/30 | Train Loss: 4.0945 | Train C-index: 0.7594 | Val Loss: 4.3089 | Val C-index: 0.7461
Epoch 5/30 | Train Loss: 4.0443 | Train C-index: 0.7705 | Val Loss: 4.2682 | Val C-index: 0.7571
Epoch 6/30 | Train Loss: 4.0151 | Train C-index: 0.7800 | Val Loss: 4.2440 | Val C-index: 0.7605
Epoch 7/30 | Train Loss: 3.9904 | Train C-index: 0.7910 | Val Loss: 4.2402 | Val C-index: 0.7616
Epoch 8/30 | Train Loss: 3.8834 | Train C-index: 0.7982 | Val Loss: 4.2411 | Val C-index: 0.7633
Epoch 9/30 | Train Loss: 3.9502 | Train C-index: 0.8028 | Val Loss: 4.2478 | Val C-index: 0.7632
Epoch 10/30 | Train Loss: 3.8849 | Train C-index: 0.8101 | Val Loss: 4.2393 | Val C-index: 0.7622
Epoch 11/30 | Train Loss: 3.8250 | Train C-index: 0.8159 | Val Loss: 4.2320 | Val C-index: 0.7598
Epoch 12/30 | Train Loss: 3.8298 | Train C-index: 0.8194 | Val Loss: 4.2480 | Val C-index: 0.7596
Epoch 13/30 | Train Loss: 3.7560 | Train C-index: 0.8214 | Val Loss: 4.2754 | Val C-index: 0.7571
Early stopping at epoch 13
Fold 1 final C-index: 0.7633

Extra survival metrics:
cutoff_from_train_median: -0.626285
n_test: 160
n_high_risk: 83
n_low_risk: 77
n_event_test: 61
logrank_stat: 32.286677
logrank_p: 0.000000
auc_36m: 0.826165
auc_60m: 0.803289
mean_auc: 0.820222
HR_high_vs_low: 4.989823
HR_95CI_lower: 2.698044
HR_95CI_upper: 9.228291
cox_p: 0.000000

==================================================
Fold 3/5
==================================================
Epoch 1/30 | Train Loss: 4.3432 | Train C-index: 0.7138 | Val Loss: 4.4203 | Val C-index: 0.7292
Epoch 2/30 | Train Loss: 4.2539 | Train C-index: 0.7342 | Val Loss: 4.3189 | Val C-index: 0.7379
Epoch 3/30 | Train Loss: 4.1360 | Train C-index: 0.7456 | Val Loss: 4.2817 | Val C-index: 0.7337
Epoch 4/30 | Train Loss: 4.1270 | Train C-index: 0.7551 | Val Loss: 4.2765 | Val C-index: 0.7309
Epoch 5/30 | Train Loss: 4.0091 | Train C-index: 0.7628 | Val Loss: 4.2795 | Val C-index: 0.7326
Epoch 6/30 | Train Loss: 4.0101 | Train C-index: 0.7704 | Val Loss: 4.2784 | Val C-index: 0.7323
Epoch 7/30 | Train Loss: 4.0404 | Train C-index: 0.7767 | Val Loss: 4.2803 | Val C-index: 0.7342
Early stopping at epoch 7
Fold 2 final C-index: 0.7379

Extra survival metrics:
cutoff_from_train_median: -0.362039
n_test: 159
n_high_risk: 82
n_low_risk: 77
n_event_test: 60
logrank_stat: 26.339641
logrank_p: 0.000000
auc_36m: 0.775969
auc_60m: 0.769769
mean_auc: 0.774498
HR_high_vs_low: 4.382349
HR_95CI_lower: 2.367183
HR_95CI_upper: 8.113009
cox_p: 0.000003

==================================================
Fold 4/5
==================================================
Epoch 1/30 | Train Loss: 4.4091 | Train C-index: 0.6979 | Val Loss: 4.4382 | Val C-index: 0.7109
Epoch 2/30 | Train Loss: 4.2617 | Train C-index: 0.7157 | Val Loss: 4.3591 | Val C-index: 0.7247
Epoch 3/30 | Train Loss: 4.1715 | Train C-index: 0.7271 | Val Loss: 4.3626 | Val C-index: 0.7248
Epoch 4/30 | Train Loss: 4.1204 | Train C-index: 0.7382 | Val Loss: 4.3704 | Val C-index: 0.7234
Epoch 5/30 | Train Loss: 4.0854 | Train C-index: 0.7487 | Val Loss: 4.3423 | Val C-index: 0.7280
Epoch 6/30 | Train Loss: 4.0338 | Train C-index: 0.7583 | Val Loss: 4.3303 | Val C-index: 0.7292
Epoch 7/30 | Train Loss: 4.0000 | Train C-index: 0.7708 | Val Loss: 4.3252 | Val C-index: 0.7335
Epoch 8/30 | Train Loss: 4.0025 | Train C-index: 0.7823 | Val Loss: 4.3201 | Val C-index: 0.7354
Epoch 9/30 | Train Loss: 3.9998 | Train C-index: 0.7886 | Val Loss: 4.3221 | Val C-index: 0.7355
Epoch 10/30 | Train Loss: 3.8630 | Train C-index: 0.7961 | Val Loss: 4.3143 | Val C-index: 0.7370
Epoch 11/30 | Train Loss: 3.8778 | Train C-index: 0.8009 | Val Loss: 4.3139 | Val C-index: 0.7385
Epoch 12/30 | Train Loss: 3.8788 | Train C-index: 0.8046 | Val Loss: 4.3192 | Val C-index: 0.7433
Epoch 13/30 | Train Loss: 3.8775 | Train C-index: 0.8092 | Val Loss: 4.3198 | Val C-index: 0.7448
Epoch 14/30 | Train Loss: 3.8259 | Train C-index: 0.8159 | Val Loss: 4.3170 | Val C-index: 0.7430
Epoch 15/30 | Train Loss: 3.7981 | Train C-index: 0.8201 | Val Loss: 4.3278 | Val C-index: 0.7419
Epoch 16/30 | Train Loss: 3.8104 | Train C-index: 0.8236 | Val Loss: 4.3464 | Val C-index: 0.7458
Epoch 17/30 | Train Loss: 3.7385 | Train C-index: 0.8281 | Val Loss: 4.3391 | Val C-index: 0.7465
Epoch 18/30 | Train Loss: 3.7874 | Train C-index: 0.8328 | Val Loss: 4.3551 | Val C-index: 0.7479
Epoch 19/30 | Train Loss: 3.6404 | Train C-index: 0.8372 | Val Loss: 4.3724 | Val C-index: 0.7486
Epoch 20/30 | Train Loss: 3.6816 | Train C-index: 0.8405 | Val Loss: 4.3634 | Val C-index: 0.7494
Epoch 21/30 | Train Loss: 3.6319 | Train C-index: 0.8422 | Val Loss: 4.3750 | Val C-index: 0.7455
Epoch 22/30 | Train Loss: 3.6934 | Train C-index: 0.8487 | Val Loss: 4.3847 | Val C-index: 0.7504
Epoch 23/30 | Train Loss: 3.6238 | Train C-index: 0.8533 | Val Loss: 4.3939 | Val C-index: 0.7492
Epoch 24/30 | Train Loss: 3.5430 | Train C-index: 0.8581 | Val Loss: 4.3903 | Val C-index: 0.7467
Epoch 25/30 | Train Loss: 3.5821 | Train C-index: 0.8601 | Val Loss: 4.3963 | Val C-index: 0.7433
Epoch 26/30 | Train Loss: 3.5304 | Train C-index: 0.8613 | Val Loss: 4.4136 | Val C-index: 0.7479
Epoch 27/30 | Train Loss: 3.5291 | Train C-index: 0.8643 | Val Loss: 4.4415 | Val C-index: 0.7522
Epoch 28/30 | Train Loss: 3.5016 | Train C-index: 0.8680 | Val Loss: 4.4950 | Val C-index: 0.7498
Epoch 29/30 | Train Loss: 3.5346 | Train C-index: 0.8716 | Val Loss: 4.4313 | Val C-index: 0.7553
Epoch 30/30 | Train Loss: 3.5266 | Train C-index: 0.8760 | Val Loss: 4.3928 | Val C-index: 0.7513
Fold 3 final C-index: 0.7553

Extra survival metrics:
cutoff_from_train_median: -0.952997
n_test: 159
n_high_risk: 70
n_low_risk: 89
n_event_test: 61
logrank_stat: 29.269879
logrank_p: 0.000000
auc_36m: 0.800496
auc_60m: 0.788926
mean_auc: 0.798656
HR_high_vs_low: 4.173826
HR_95CI_lower: 2.380264
HR_95CI_upper: 7.318863
cox_p: 0.000001

==================================================
Fold 5/5
==================================================
Epoch 1/30 | Train Loss: 4.3837 | Train C-index: 0.7292 | Val Loss: 4.3544 | Val C-index: 0.7091
Epoch 2/30 | Train Loss: 4.2362 | Train C-index: 0.7433 | Val Loss: 4.3112 | Val C-index: 0.7254
Epoch 3/30 | Train Loss: 4.1565 | Train C-index: 0.7510 | Val Loss: 4.3132 | Val C-index: 0.7335
Epoch 4/30 | Train Loss: 4.0409 | Train C-index: 0.7617 | Val Loss: 4.3264 | Val C-index: 0.7316
Epoch 5/30 | Train Loss: 4.0761 | Train C-index: 0.7725 | Val Loss: 4.3086 | Val C-index: 0.7367
Epoch 6/30 | Train Loss: 4.0070 | Train C-index: 0.7814 | Val Loss: 4.2915 | Val C-index: 0.7431
Epoch 7/30 | Train Loss: 3.9940 | Train C-index: 0.7896 | Val Loss: 4.2797 | Val C-index: 0.7449
Epoch 8/30 | Train Loss: 3.9864 | Train C-index: 0.7955 | Val Loss: 4.2702 | Val C-index: 0.7503
Epoch 9/30 | Train Loss: 3.8522 | Train C-index: 0.8016 | Val Loss: 4.2563 | Val C-index: 0.7554
Epoch 10/30 | Train Loss: 3.9309 | Train C-index: 0.8065 | Val Loss: 4.2558 | Val C-index: 0.7566
Epoch 11/30 | Train Loss: 3.8621 | Train C-index: 0.8098 | Val Loss: 4.2639 | Val C-index: 0.7568
Epoch 12/30 | Train Loss: 3.9465 | Train C-index: 0.8150 | Val Loss: 4.2704 | Val C-index: 0.7566
Epoch 13/30 | Train Loss: 3.7952 | Train C-index: 0.8201 | Val Loss: 4.2750 | Val C-index: 0.7576
Epoch 14/30 | Train Loss: 3.8720 | Train C-index: 0.8257 | Val Loss: 4.2783 | Val C-index: 0.7545
Epoch 15/30 | Train Loss: 3.8059 | Train C-index: 0.8293 | Val Loss: 4.2817 | Val C-index: 0.7546
Epoch 16/30 | Train Loss: 3.7497 | Train C-index: 0.8331 | Val Loss: 4.2917 | Val C-index: 0.7554
Epoch 17/30 | Train Loss: 3.8102 | Train C-index: 0.8346 | Val Loss: 4.3042 | Val C-index: 0.7512
Epoch 18/30 | Train Loss: 3.7481 | Train C-index: 0.8396 | Val Loss: 4.3094 | Val C-index: 0.7551
Early stopping at epoch 18
Fold 4 final C-index: 0.7576

Extra survival metrics:
cutoff_from_train_median: -0.624827
n_test: 159
n_high_risk: 87
n_low_risk: 72
n_event_test: 61
logrank_stat: 21.016660
logrank_p: 0.000005
auc_36m: 0.826425
auc_60m: 0.768066
mean_auc: 0.813054
HR_high_vs_low: 3.678859
HR_95CI_lower: 2.023037
HR_95CI_upper: 6.689944
cox_p: 0.000020

==================================================
5-Fold CV Summary
==================================================
  C-index: 0.7434 +/- 0.0245
