Using Device: cuda | ROI: 64
PA: abmil | CT: resnet18 | Fusion: concat | Fusion dropout: 0.25 | Norm: none | CT/PA dropout: 0.0 | CT augmentation: disabled
LR: 0.0001 | CT Backbone LR: 1e-05
Loss: Fused Cox + 0.3*CT + 0.5*PA
CT pretrained: /home/gly001/cqj/pa_ct_surv/model/ct_pretrain/resnet_18_23dataset.pth
Checkpoints: /home/gly001/cqj/pa_ct_surv/checkpoints/pact_v4/pact/roi64_abmil_resnet18_concat_normnone_fusion_dropout0.25_epochs30_coxbs64_lr1e-4_blr1e-5_wd5e-4_lct0.3_lpa0.5_seed42
Results: /home/gly001/cqj/pa_ct_surv/results/pact_v4/pact/roi64_abmil_resnet18_concat_normnone_fusion_dropout0.25_epochs30_coxbs64_lr1e-4_blr1e-5_wd5e-4_lct0.3_lpa0.5_seed42
Loaded 703 paired samples
Locked split: train=562, test=141
Test set is not accessed during CV

==================================================
Fold 1/5
==================================================
[ResNetCox] Loaded pretrained from /home/gly001/cqj/pa_ct_surv/model/ct_pretrain/resnet_18_23dataset.pth
  Missing keys (ok): ['fc.weight', 'fc.bias']
Epoch 1/30 | Train Loss: 5.7771 (Fused: 3.2116) | Train C-index: 0.5569 | Val Fused: 0.7378 | Val CT: 0.3386 | Val PA: 0.7299
Feature stats | CT: mean=0.8819, std=0.9047, mean_l2=28.5827, median_l2=28.6397, mean_abs=0.8819, max_abs=6.9155 | PA: mean=0.2757, std=0.2187, mean_l2=7.9569, median_l2=7.9254, mean_abs=0.2757, max_abs=1.7966
Epoch 2/30 | Train Loss: 5.6205 (Fused: 3.1049) | Train C-index: 0.6740 | Val Fused: 0.7429 | Val CT: 0.4180 | Val PA: 0.7407
Feature stats | CT: mean=0.8610, std=0.8878, mean_l2=27.9783, median_l2=27.9537, mean_abs=0.8610, max_abs=6.6617 | PA: mean=0.2839, std=0.2313, mean_l2=8.2765, median_l2=8.2209, mean_abs=0.2839, max_abs=1.9154
Epoch 3/30 | Train Loss: 5.5069 (Fused: 3.0261) | Train C-index: 0.7056 | Val Fused: 0.7394 | Val CT: 0.5639 | Val PA: 0.7442
Feature stats | CT: mean=0.7982, std=0.8197, mean_l2=25.8824, median_l2=25.9443, mean_abs=0.7982, max_abs=5.7955 | PA: mean=0.3008, std=0.2485, mean_l2=8.8109, median_l2=8.7309, mean_abs=0.3008, max_abs=2.1805
Epoch 4/30 | Train Loss: 5.4506 (Fused: 2.9961) | Train C-index: 0.7248 | Val Fused: 0.7429 | Val CT: 0.6133 | Val PA: 0.7480
Feature stats | CT: mean=0.7218, std=0.7351, mean_l2=23.3049, median_l2=23.2145, mean_abs=0.7218, max_abs=4.9111 | PA: mean=0.3208, std=0.2659, mean_l2=9.4020, median_l2=9.2701, mean_abs=0.3208, max_abs=2.2442
Epoch 5/30 | Train Loss: 5.3361 (Fused: 2.9061) | Train C-index: 0.7477 | Val Fused: 0.7448 | Val CT: 0.6209 | Val PA: 0.7515
Feature stats | CT: mean=0.6921, std=0.7026, mean_l2=22.3144, median_l2=22.3189, mean_abs=0.6921, max_abs=4.2764 | PA: mean=0.3327, std=0.2743, mean_l2=9.7313, median_l2=9.6264, mean_abs=0.3327, max_abs=2.3301
Epoch 6/30 | Train Loss: 5.3127 (Fused: 2.8861) | Train C-index: 0.7636 | Val Fused: 0.7435 | Val CT: 0.6270 | Val PA: 0.7499
Feature stats | CT: mean=0.6784, std=0.6838, mean_l2=21.7935, median_l2=21.7447, mean_abs=0.6784, max_abs=4.1812 | PA: mean=0.3414, std=0.2808, mean_l2=9.9783, median_l2=9.8844, mean_abs=0.3414, max_abs=2.3321
Epoch 7/30 | Train Loss: 5.2154 (Fused: 2.8204) | Train C-index: 0.7726 | Val Fused: 0.7522 | Val CT: 0.6292 | Val PA: 0.7509
Feature stats | CT: mean=0.6663, std=0.6643, mean_l2=21.2884, median_l2=21.2463, mean_abs=0.6663, max_abs=4.0570 | PA: mean=0.3521, std=0.2870, mean_l2=10.2529, median_l2=10.1754, mean_abs=0.3521, max_abs=2.3293
Epoch 8/30 | Train Loss: 5.1725 (Fused: 2.7974) | Train C-index: 0.7839 | Val Fused: 0.7515 | Val CT: 0.6400 | Val PA: 0.7515
Feature stats | CT: mean=0.6526, std=0.6405, mean_l2=20.6888, median_l2=20.6547, mean_abs=0.6526, max_abs=4.0071 | PA: mean=0.3622, std=0.2908, mean_l2=10.4876, median_l2=10.4289, mean_abs=0.3622, max_abs=2.3360
Epoch 9/30 | Train Loss: 5.1350 (Fused: 2.7643) | Train C-index: 0.7986 | Val Fused: 0.7572 | Val CT: 0.6400 | Val PA: 0.7544
Feature stats | CT: mean=0.6472, std=0.6270, mean_l2=20.3890, median_l2=20.3144, mean_abs=0.6472, max_abs=4.0219 | PA: mean=0.3714, std=0.2953, mean_l2=10.7117, median_l2=10.6540, mean_abs=0.3714, max_abs=2.3233
Epoch 10/30 | Train Loss: 5.0561 (Fused: 2.6926) | Train C-index: 0.8127 | Val Fused: 0.7614 | Val CT: 0.6442 | Val PA: 0.7572
Feature stats | CT: mean=0.6384, std=0.6169, mean_l2=20.0860, median_l2=20.0038, mean_abs=0.6384, max_abs=4.0292 | PA: mean=0.3807, std=0.2995, mean_l2=10.9351, median_l2=10.8844, mean_abs=0.3807, max_abs=2.3250
Epoch 11/30 | Train Loss: 4.9797 (Fused: 2.6366) | Train C-index: 0.8246 | Val Fused: 0.7633 | Val CT: 0.6445 | Val PA: 0.7639
Feature stats | CT: mean=0.6258, std=0.6032, mean_l2=19.6634, median_l2=19.5857, mean_abs=0.6258, max_abs=3.8932 | PA: mean=0.3897, std=0.3053, mean_l2=11.1773, median_l2=11.1363, mean_abs=0.3897, max_abs=2.3407
Epoch 12/30 | Train Loss: 4.8614 (Fused: 2.5384) | Train C-index: 0.8435 | Val Fused: 0.7576 | Val CT: 0.6499 | Val PA: 0.7658
Feature stats | CT: mean=0.6166, std=0.5947, mean_l2=19.3790, median_l2=19.2745, mean_abs=0.6166, max_abs=3.9399 | PA: mean=0.3968, std=0.3088, mean_l2=11.3523, median_l2=11.3113, mean_abs=0.3968, max_abs=2.3492
Epoch 13/30 | Train Loss: 4.7154 (Fused: 2.4275) | Train C-index: 0.8531 | Val Fused: 0.7569 | Val CT: 0.6528 | Val PA: 0.7652
Feature stats | CT: mean=0.6128, std=0.5871, mean_l2=19.1980, median_l2=19.0551, mean_abs=0.6128, max_abs=3.8383 | PA: mean=0.4052, std=0.3134, mean_l2=11.5658, median_l2=11.5288, mean_abs=0.4052, max_abs=2.3509
Epoch 14/30 | Train Loss: 4.7017 (Fused: 2.4108) | Train C-index: 0.8673 | Val Fused: 0.7588 | Val CT: 0.6575 | Val PA: 0.7681
Feature stats | CT: mean=0.6000, std=0.5753, mean_l2=18.8059, median_l2=18.7236, mean_abs=0.6000, max_abs=3.7328 | PA: mean=0.4143, std=0.3187, mean_l2=11.7983, median_l2=11.7524, mean_abs=0.4143, max_abs=2.3873
Epoch 15/30 | Train Loss: 4.6273 (Fused: 2.3605) | Train C-index: 0.8760 | Val Fused: 0.7639 | Val CT: 0.6559 | Val PA: 0.7662
Feature stats | CT: mean=0.5931, std=0.5731, mean_l2=18.6589, median_l2=18.5261, mean_abs=0.5931, max_abs=3.8354 | PA: mean=0.4205, std=0.3223, mean_l2=11.9592, median_l2=11.9175, mean_abs=0.4205, max_abs=2.4012
Epoch 16/30 | Train Loss: 4.4671 (Fused: 2.2351) | Train C-index: 0.8850 | Val Fused: 0.7512 | Val CT: 0.6585 | Val PA: 0.7662
Feature stats | CT: mean=0.5814, std=0.5624, mean_l2=18.3006, median_l2=18.2033, mean_abs=0.5814, max_abs=3.6516 | PA: mean=0.4245, std=0.3260, mean_l2=12.0776, median_l2=12.0209, mean_abs=0.4245, max_abs=2.4173
Epoch 17/30 | Train Loss: 4.4711 (Fused: 2.2368) | Train C-index: 0.8905 | Val Fused: 0.7633 | Val CT: 0.6607 | Val PA: 0.7713
Feature stats | CT: mean=0.5783, std=0.5654, mean_l2=18.2950, median_l2=18.1773, mean_abs=0.5783, max_abs=3.8327 | PA: mean=0.4267, std=0.3262, mean_l2=12.1214, median_l2=12.0778, mean_abs=0.4267, max_abs=2.4716
Epoch 18/30 | Train Loss: 4.3111 (Fused: 2.0957) | Train C-index: 0.9039 | Val Fused: 0.7614 | Val CT: 0.6585 | Val PA: 0.7684
Feature stats | CT: mean=0.5696, std=0.5562, mean_l2=18.0095, median_l2=17.8974, mean_abs=0.5696, max_abs=3.9845 | PA: mean=0.4290, std=0.3258, mean_l2=12.1580, median_l2=12.1116, mean_abs=0.4290, max_abs=2.4751
Epoch 19/30 | Train Loss: 4.2684 (Fused: 2.0714) | Train C-index: 0.9115 | Val Fused: 0.7404 | Val CT: 0.6626 | Val PA: 0.7709
Feature stats | CT: mean=0.5583, std=0.5423, mean_l2=17.6090, median_l2=17.5497, mean_abs=0.5583, max_abs=3.8726 | PA: mean=0.4318, std=0.3265, mean_l2=12.2153, median_l2=12.1684, mean_abs=0.4318, max_abs=2.5005
Epoch 20/30 | Train Loss: 4.2175 (Fused: 2.0430) | Train C-index: 0.9132 | Val Fused: 0.7553 | Val CT: 0.6629 | Val PA: 0.7608
Feature stats | CT: mean=0.5534, std=0.5356, mean_l2=17.4241, median_l2=17.3387, mean_abs=0.5534, max_abs=3.7897 | PA: mean=0.4324, std=0.3257, mean_l2=12.2146, median_l2=12.1519, mean_abs=0.4324, max_abs=2.4579
Epoch 21/30 | Train Loss: 4.1789 (Fused: 2.0173) | Train C-index: 0.9040 | Val Fused: 0.7595 | Val CT: 0.6703 | Val PA: 0.7706
Feature stats | CT: mean=0.5506, std=0.5306, mean_l2=17.2985, median_l2=17.2330, mean_abs=0.5506, max_abs=3.6232 | PA: mean=0.4327, std=0.3295, mean_l2=12.2683, median_l2=12.2004, mean_abs=0.4327, max_abs=2.4477
Epoch 22/30 | Train Loss: 4.0848 (Fused: 1.9318) | Train C-index: 0.9216 | Val Fused: 0.7318 | Val CT: 0.6655 | Val PA: 0.7668
Feature stats | CT: mean=0.5476, std=0.5279, mean_l2=17.2054, median_l2=17.0608, mean_abs=0.5476, max_abs=3.7065 | PA: mean=0.4332, std=0.3278, mean_l2=12.2547, median_l2=12.1491, mean_abs=0.4332, max_abs=2.4566
Epoch 23/30 | Train Loss: 3.9957 (Fused: 1.8748) | Train C-index: 0.9307 | Val Fused: 0.7493 | Val CT: 0.6741 | Val PA: 0.7722
Feature stats | CT: mean=0.5393, std=0.5274, mean_l2=17.0648, median_l2=16.9601, mean_abs=0.5393, max_abs=3.7139 | PA: mean=0.4333, std=0.3294, mean_l2=12.2779, median_l2=12.1748, mean_abs=0.4333, max_abs=2.4960
Epoch 24/30 | Train Loss: 3.9641 (Fused: 1.8616) | Train C-index: 0.9316 | Val Fused: 0.7458 | Val CT: 0.6610 | Val PA: 0.7687
Feature stats | CT: mean=0.5276, std=0.5131, mean_l2=16.6509, median_l2=16.6041, mean_abs=0.5276, max_abs=3.5770 | PA: mean=0.4340, std=0.3265, mean_l2=12.2515, median_l2=12.1573, mean_abs=0.4340, max_abs=2.4605
Epoch 25/30 | Train Loss: 3.8399 (Fused: 1.7512) | Train C-index: 0.9400 | Val Fused: 0.7572 | Val CT: 0.6671 | Val PA: 0.7694
Feature stats | CT: mean=0.5231, std=0.5023, mean_l2=16.4069, median_l2=16.3271, mean_abs=0.5231, max_abs=3.4759 | PA: mean=0.4335, std=0.3314, mean_l2=12.3101, median_l2=12.2361, mean_abs=0.4335, max_abs=2.4634
Early stopping at epoch 25
Fold 0 best C-index: 0.7639

Extra survival metrics:
cutoff_from_train_median: -0.916643
n_test: 113
n_high_risk: 64
n_low_risk: 49
n_event_test: 38
logrank_stat: 15.682665
logrank_p: 0.000075
auc_36m: 0.782384
auc_60m: 0.802496
HR_high_vs_low: 4.555667
HR_95CI_lower: 2.000797
HR_95CI_upper: 10.372917
cox_p: 0.000304

==================================================
Fold 2/5
==================================================
[ResNetCox] Loaded pretrained from /home/gly001/cqj/pa_ct_surv/model/ct_pretrain/resnet_18_23dataset.pth
  Missing keys (ok): ['fc.weight', 'fc.bias']
Epoch 1/30 | Train Loss: 5.7984 (Fused: 3.2098) | Train C-index: 0.5957 | Val Fused: 0.7600 | Val CT: 0.3609 | Val PA: 0.7507
Feature stats | CT: mean=0.8628, std=0.8839, mean_l2=27.9471, median_l2=27.8902, mean_abs=0.8628, max_abs=6.9060 | PA: mean=0.2777, std=0.2200, mean_l2=8.0091, median_l2=7.9812, mean_abs=0.2777, max_abs=1.8509
Epoch 2/30 | Train Loss: 5.6452 (Fused: 3.1166) | Train C-index: 0.6619 | Val Fused: 0.7642 | Val CT: 0.3935 | Val PA: 0.7603
Feature stats | CT: mean=0.8355, std=0.8648, mean_l2=27.2059, median_l2=27.2441, mean_abs=0.8355, max_abs=6.7741 | PA: mean=0.2866, std=0.2312, mean_l2=8.3214, median_l2=8.2765, mean_abs=0.2866, max_abs=1.9301
Epoch 3/30 | Train Loss: 5.5891 (Fused: 3.0755) | Train C-index: 0.7070 | Val Fused: 0.7662 | Val CT: 0.5331 | Val PA: 0.7619
Feature stats | CT: mean=0.7759, std=0.8058, mean_l2=25.3084, median_l2=25.3178, mean_abs=0.7759, max_abs=6.2352 | PA: mean=0.3018, std=0.2455, mean_l2=8.7861, median_l2=8.7207, mean_abs=0.3018, max_abs=2.0010
Epoch 4/30 | Train Loss: 5.4981 (Fused: 3.0116) | Train C-index: 0.7273 | Val Fused: 0.7593 | Val CT: 0.5943 | Val PA: 0.7649
Feature stats | CT: mean=0.7463, std=0.7662, mean_l2=24.2008, median_l2=24.2221, mean_abs=0.7463, max_abs=5.6860 | PA: mean=0.3162, std=0.2581, mean_l2=9.2154, median_l2=9.1234, mean_abs=0.3162, max_abs=2.0711
Epoch 5/30 | Train Loss: 5.3783 (Fused: 2.9220) | Train C-index: 0.7420 | Val Fused: 0.7603 | Val CT: 0.6194 | Val PA: 0.7646
Feature stats | CT: mean=0.7167, std=0.7284, mean_l2=23.1214, median_l2=23.1238, mean_abs=0.7167, max_abs=4.9788 | PA: mean=0.3309, std=0.2683, mean_l2=9.6176, median_l2=9.5189, mean_abs=0.3309, max_abs=2.1735
Epoch 6/30 | Train Loss: 5.3619 (Fused: 2.9160) | Train C-index: 0.7553 | Val Fused: 0.7560 | Val CT: 0.6319 | Val PA: 0.7613
Feature stats | CT: mean=0.6876, std=0.6891, mean_l2=22.0261, median_l2=22.0002, mean_abs=0.6876, max_abs=4.1920 | PA: mean=0.3443, std=0.2775, mean_l2=9.9838, median_l2=9.8830, mean_abs=0.3443, max_abs=2.2231
Epoch 7/30 | Train Loss: 5.2132 (Fused: 2.7951) | Train C-index: 0.7803 | Val Fused: 0.7563 | Val CT: 0.6375 | Val PA: 0.7596
Feature stats | CT: mean=0.6752, std=0.6748, mean_l2=21.5992, median_l2=21.6140, mean_abs=0.6752, max_abs=3.7379 | PA: mean=0.3549, std=0.2837, mean_l2=10.2562, median_l2=10.1757, mean_abs=0.3549, max_abs=2.2975
Epoch 8/30 | Train Loss: 5.1743 (Fused: 2.7678) | Train C-index: 0.7847 | Val Fused: 0.7481 | Val CT: 0.6421 | Val PA: 0.7580
Feature stats | CT: mean=0.6590, std=0.6504, mean_l2=20.9491, median_l2=20.9442, mean_abs=0.6590, max_abs=3.6994 | PA: mean=0.3657, std=0.2885, mean_l2=10.5156, median_l2=10.4357, mean_abs=0.3657, max_abs=2.3318
Epoch 9/30 | Train Loss: 5.1519 (Fused: 2.7674) | Train C-index: 0.7854 | Val Fused: 0.7609 | Val CT: 0.6394 | Val PA: 0.7560
Feature stats | CT: mean=0.6551, std=0.6381, mean_l2=20.6934, median_l2=20.6709, mean_abs=0.6551, max_abs=3.7287 | PA: mean=0.3736, std=0.2918, mean_l2=10.7039, median_l2=10.6496, mean_abs=0.3736, max_abs=2.3399
Epoch 10/30 | Train Loss: 5.0353 (Fused: 2.6555) | Train C-index: 0.8187 | Val Fused: 0.7623 | Val CT: 0.6516 | Val PA: 0.7567
Feature stats | CT: mean=0.6520, std=0.6392, mean_l2=20.6591, median_l2=20.6753, mean_abs=0.6520, max_abs=4.1722 | PA: mean=0.3803, std=0.2960, mean_l2=10.8802, median_l2=10.8251, mean_abs=0.3803, max_abs=2.3697
Epoch 11/30 | Train Loss: 4.9333 (Fused: 2.5971) | Train C-index: 0.8294 | Val Fused: 0.7583 | Val CT: 0.6500 | Val PA: 0.7540
Feature stats | CT: mean=0.6366, std=0.6218, mean_l2=20.1344, median_l2=20.1273, mean_abs=0.6366, max_abs=3.8381 | PA: mean=0.3874, std=0.3002, mean_l2=11.0672, median_l2=11.0019, mean_abs=0.3874, max_abs=2.4562
Epoch 12/30 | Train Loss: 4.8629 (Fused: 2.5259) | Train C-index: 0.8429 | Val Fused: 0.7501 | Val CT: 0.6513 | Val PA: 0.7600
Feature stats | CT: mean=0.6181, std=0.6052, mean_l2=19.5724, median_l2=19.5799, mean_abs=0.6181, max_abs=3.6488 | PA: mean=0.3957, std=0.3064, mean_l2=11.2974, median_l2=11.2304, mean_abs=0.3957, max_abs=2.4745
Epoch 13/30 | Train Loss: 4.7789 (Fused: 2.4663) | Train C-index: 0.8513 | Val Fused: 0.7481 | Val CT: 0.6526 | Val PA: 0.7623
Feature stats | CT: mean=0.6025, std=0.5856, mean_l2=19.0107, median_l2=18.9983, mean_abs=0.6025, max_abs=3.6953 | PA: mean=0.4048, std=0.3115, mean_l2=11.5323, median_l2=11.4686, mean_abs=0.4048, max_abs=2.5085
Early stopping at epoch 13
Fold 1 best C-index: 0.7662

Extra survival metrics:
cutoff_from_train_median: -0.315444
n_test: 113
n_high_risk: 58
n_low_risk: 55
n_event_test: 39
logrank_stat: 32.172201
logrank_p: 0.000000
auc_36m: 0.790232
auc_60m: 0.805195
HR_high_vs_low: 13.702138
HR_95CI_lower: 4.209750
HR_95CI_upper: 44.598514
cox_p: 0.000014

==================================================
Fold 3/5
==================================================
[ResNetCox] Loaded pretrained from /home/gly001/cqj/pa_ct_surv/model/ct_pretrain/resnet_18_23dataset.pth
  Missing keys (ok): ['fc.weight', 'fc.bias']
Epoch 1/30 | Train Loss: 5.9093 (Fused: 3.2704) | Train C-index: 0.5982 | Val Fused: 0.6949 | Val CT: 0.3881 | Val PA: 0.6861
Feature stats | CT: mean=0.8494, std=0.8746, mean_l2=27.5819, median_l2=27.5827, mean_abs=0.8494, max_abs=6.6934 | PA: mean=0.2783, std=0.2209, mean_l2=8.0341, median_l2=7.9874, mean_abs=0.2783, max_abs=1.8207
Epoch 2/30 | Train Loss: 5.6619 (Fused: 3.1375) | Train C-index: 0.6605 | Val Fused: 0.6966 | Val CT: 0.5359 | Val PA: 0.6898
Feature stats | CT: mean=0.7650, std=0.7914, mean_l2=24.8947, median_l2=24.7880, mean_abs=0.7650, max_abs=6.0550 | PA: mean=0.2926, std=0.2367, mean_l2=8.5039, median_l2=8.4513, mean_abs=0.2926, max_abs=2.0032
Epoch 3/30 | Train Loss: 5.6521 (Fused: 3.0863) | Train C-index: 0.7234 | Val Fused: 0.7000 | Val CT: 0.6339 | Val PA: 0.6925
Feature stats | CT: mean=0.7008, std=0.7182, mean_l2=22.7001, median_l2=22.6346, mean_abs=0.7008, max_abs=4.8886 | PA: mean=0.3096, std=0.2543, mean_l2=9.0479, median_l2=8.9491, mean_abs=0.3096, max_abs=2.1015
Epoch 4/30 | Train Loss: 5.5052 (Fused: 3.0004) | Train C-index: 0.7364 | Val Fused: 0.7085 | Val CT: 0.6664 | Val PA: 0.7014
Feature stats | CT: mean=0.6788, std=0.6881, mean_l2=21.8699, median_l2=21.8436, mean_abs=0.6788, max_abs=4.2283 | PA: mean=0.3244, std=0.2678, mean_l2=9.4942, median_l2=9.3717, mean_abs=0.3244, max_abs=2.1729
Epoch 5/30 | Train Loss: 5.3682 (Fused: 2.9183) | Train C-index: 0.7607 | Val Fused: 0.7051 | Val CT: 0.6881 | Val PA: 0.7014
Feature stats | CT: mean=0.6702, std=0.6707, mean_l2=21.4541, median_l2=21.4651, mean_abs=0.6702, max_abs=4.2174 | PA: mean=0.3385, std=0.2781, mean_l2=9.8874, median_l2=9.7473, mean_abs=0.3385, max_abs=2.2435
Epoch 6/30 | Train Loss: 5.3106 (Fused: 2.8715) | Train C-index: 0.7775 | Val Fused: 0.7136 | Val CT: 0.6919 | Val PA: 0.7027
Feature stats | CT: mean=0.6568, std=0.6514, mean_l2=20.9301, median_l2=20.9304, mean_abs=0.6568, max_abs=4.2458 | PA: mean=0.3497, std=0.2860, mean_l2=10.1951, median_l2=10.0598, mean_abs=0.3497, max_abs=2.2702
Epoch 7/30 | Train Loss: 5.4965 (Fused: 2.9851) | Train C-index: 0.7809 | Val Fused: 0.7186 | Val CT: 0.6885 | Val PA: 0.7088
Feature stats | CT: mean=0.6459, std=0.6409, mean_l2=20.5876, median_l2=20.5713, mean_abs=0.6459, max_abs=4.1603 | PA: mean=0.3561, std=0.2903, mean_l2=10.3715, median_l2=10.2422, mean_abs=0.3561, max_abs=2.3431
Epoch 8/30 | Train Loss: 5.2216 (Fused: 2.8212) | Train C-index: 0.7800 | Val Fused: 0.7231 | Val CT: 0.6854 | Val PA: 0.7139
Feature stats | CT: mean=0.6427, std=0.6387, mean_l2=20.5022, median_l2=20.4818, mean_abs=0.6427, max_abs=3.9967 | PA: mean=0.3607, std=0.2938, mean_l2=10.5030, median_l2=10.3538, mean_abs=0.3607, max_abs=2.3596
Epoch 9/30 | Train Loss: 5.1683 (Fused: 2.7652) | Train C-index: 0.8063 | Val Fused: 0.7231 | Val CT: 0.6898 | Val PA: 0.7173
Feature stats | CT: mean=0.6413, std=0.6368, mean_l2=20.4495, median_l2=20.4343, mean_abs=0.6413, max_abs=3.7565 | PA: mean=0.3655, std=0.2982, mean_l2=10.6479, median_l2=10.4937, mean_abs=0.3655, max_abs=2.4013
Epoch 10/30 | Train Loss: 5.1438 (Fused: 2.7357) | Train C-index: 0.8140 | Val Fused: 0.7200 | Val CT: 0.6902 | Val PA: 0.7163
Feature stats | CT: mean=0.6318, std=0.6243, mean_l2=20.0971, median_l2=20.0861, mean_abs=0.6318, max_abs=3.7202 | PA: mean=0.3703, std=0.2990, mean_l2=10.7451, median_l2=10.6172, mean_abs=0.3703, max_abs=2.4104
Epoch 11/30 | Train Loss: 4.9939 (Fused: 2.6360) | Train C-index: 0.8267 | Val Fused: 0.7210 | Val CT: 0.6881 | Val PA: 0.7193
Feature stats | CT: mean=0.6210, std=0.6076, mean_l2=19.6580, median_l2=19.6561, mean_abs=0.6210, max_abs=3.5590 | PA: mean=0.3784, std=0.3011, mean_l2=10.9174, median_l2=10.7895, mean_abs=0.3784, max_abs=2.4171
Epoch 12/30 | Train Loss: 4.9699 (Fused: 2.6181) | Train C-index: 0.8279 | Val Fused: 0.7200 | Val CT: 0.6875 | Val PA: 0.7220
Feature stats | CT: mean=0.6087, std=0.5912, mean_l2=19.2010, median_l2=19.1777, mean_abs=0.6087, max_abs=3.4885 | PA: mean=0.3873, std=0.3027, mean_l2=11.0979, median_l2=10.9690, mean_abs=0.3873, max_abs=2.3912
Epoch 13/30 | Train Loss: 4.8843 (Fused: 2.5242) | Train C-index: 0.8468 | Val Fused: 0.7153 | Val CT: 0.6902 | Val PA: 0.7227
Feature stats | CT: mean=0.6027, std=0.5820, mean_l2=18.9578, median_l2=18.9428, mean_abs=0.6027, max_abs=3.5299 | PA: mean=0.3948, std=0.3032, mean_l2=11.2405, median_l2=11.1083, mean_abs=0.3948, max_abs=2.4012
Epoch 14/30 | Train Loss: 4.7975 (Fused: 2.4799) | Train C-index: 0.8556 | Val Fused: 0.7200 | Val CT: 0.6885 | Val PA: 0.7200
Feature stats | CT: mean=0.5981, std=0.5801, mean_l2=18.8534, median_l2=18.8271, mean_abs=0.5981, max_abs=3.5831 | PA: mean=0.4016, std=0.3053, mean_l2=11.3872, median_l2=11.2137, mean_abs=0.4016, max_abs=2.4565
Epoch 15/30 | Train Loss: 4.7318 (Fused: 2.4139) | Train C-index: 0.8602 | Val Fused: 0.7207 | Val CT: 0.6817 | Val PA: 0.7207
Feature stats | CT: mean=0.5953, std=0.5783, mean_l2=18.7780, median_l2=18.7456, mean_abs=0.5953, max_abs=3.5423 | PA: mean=0.4073, std=0.3071, mean_l2=11.5124, median_l2=11.3494, mean_abs=0.4073, max_abs=2.4350
Epoch 16/30 | Train Loss: 4.7473 (Fused: 2.4140) | Train C-index: 0.8585 | Val Fused: 0.7190 | Val CT: 0.6898 | Val PA: 0.7217
Feature stats | CT: mean=0.5911, std=0.5734, mean_l2=18.6336, median_l2=18.5895, mean_abs=0.5911, max_abs=3.5933 | PA: mean=0.4121, std=0.3062, mean_l2=11.5891, median_l2=11.4269, mean_abs=0.4121, max_abs=2.4250
Epoch 17/30 | Train Loss: 4.5934 (Fused: 2.3396) | Train C-index: 0.8719 | Val Fused: 0.7210 | Val CT: 0.6831 | Val PA: 0.7197
Feature stats | CT: mean=0.5894, std=0.5811, mean_l2=18.7275, median_l2=18.6843, mean_abs=0.5894, max_abs=3.9479 | PA: mean=0.4171, std=0.3097, mean_l2=11.7267, median_l2=11.5738, mean_abs=0.4171, max_abs=2.5013
Epoch 18/30 | Train Loss: 4.5502 (Fused: 2.2687) | Train C-index: 0.8844 | Val Fused: 0.7220 | Val CT: 0.6678 | Val PA: 0.7224
Feature stats | CT: mean=0.5818, std=0.5730, mean_l2=18.4759, median_l2=18.4666, mean_abs=0.5818, max_abs=3.4501 | PA: mean=0.4223, std=0.3119, mean_l2=11.8516, median_l2=11.7085, mean_abs=0.4223, max_abs=2.5040
Early stopping at epoch 18
Fold 2 best C-index: 0.7231

Extra survival metrics:
cutoff_from_train_median: -0.162407
n_test: 112
n_high_risk: 59
n_low_risk: 53
n_event_test: 38
logrank_stat: 21.009374
logrank_p: 0.000005
auc_36m: 0.751740
auc_60m: 0.753281
HR_high_vs_low: 6.039980
HR_95CI_lower: 2.519471
HR_95CI_upper: 14.479769
cox_p: 0.000055

==================================================
Fold 4/5
==================================================
[ResNetCox] Loaded pretrained from /home/gly001/cqj/pa_ct_surv/model/ct_pretrain/resnet_18_23dataset.pth
  Missing keys (ok): ['fc.weight', 'fc.bias']
Epoch 1/30 | Train Loss: 5.8851 (Fused: 3.2712) | Train C-index: 0.5554 | Val Fused: 0.7121 | Val CT: 0.4636 | Val PA: 0.7011
Feature stats | CT: mean=0.8713, std=0.8950, mean_l2=28.2617, median_l2=28.2287, mean_abs=0.8713, max_abs=6.8242 | PA: mean=0.2781, std=0.2208, mean_l2=8.0275, median_l2=8.0047, mean_abs=0.2781, max_abs=1.7812
Epoch 2/30 | Train Loss: 5.7626 (Fused: 3.1833) | Train C-index: 0.6785 | Val Fused: 0.7194 | Val CT: 0.5494 | Val PA: 0.7154
Feature stats | CT: mean=0.8459, std=0.8714, mean_l2=27.4727, median_l2=27.5283, mean_abs=0.8459, max_abs=6.6080 | PA: mean=0.2892, std=0.2328, mean_l2=8.3896, median_l2=8.3538, mean_abs=0.2892, max_abs=1.9148
Epoch 3/30 | Train Loss: 5.5335 (Fused: 3.0325) | Train C-index: 0.7239 | Val Fused: 0.7243 | Val CT: 0.6226 | Val PA: 0.7210
Feature stats | CT: mean=0.7586, std=0.7843, mean_l2=24.6806, median_l2=24.6045, mean_abs=0.7586, max_abs=5.5619 | PA: mean=0.3085, std=0.2504, mean_l2=8.9735, median_l2=8.8946, mean_abs=0.3085, max_abs=2.0369
Epoch 4/30 | Train Loss: 5.5910 (Fused: 3.0537) | Train C-index: 0.7405 | Val Fused: 0.7270 | Val CT: 0.6524 | Val PA: 0.7197
Feature stats | CT: mean=0.7129, std=0.7391, mean_l2=23.2346, median_l2=23.2209, mean_abs=0.7129, max_abs=4.9079 | PA: mean=0.3233, std=0.2626, mean_l2=9.4033, median_l2=9.2789, mean_abs=0.3233, max_abs=2.0055
Epoch 5/30 | Train Loss: 5.4254 (Fused: 2.9291) | Train C-index: 0.7586 | Val Fused: 0.7286 | Val CT: 0.6541 | Val PA: 0.7217
Feature stats | CT: mean=0.6956, std=0.7158, mean_l2=22.5828, median_l2=22.5987, mean_abs=0.6956, max_abs=4.8417 | PA: mean=0.3332, std=0.2698, mean_l2=9.6819, median_l2=9.5691, mean_abs=0.3332, max_abs=2.0214
Epoch 6/30 | Train Loss: 5.4569 (Fused: 2.9632) | Train C-index: 0.7673 | Val Fused: 0.7346 | Val CT: 0.6634 | Val PA: 0.7247
Feature stats | CT: mean=0.6745, std=0.6789, mean_l2=21.6517, median_l2=21.6480, mean_abs=0.6745, max_abs=4.7745 | PA: mean=0.3440, std=0.2773, mean_l2=9.9780, median_l2=9.8953, mean_abs=0.3440, max_abs=2.1096
Epoch 7/30 | Train Loss: 5.4176 (Fused: 2.9412) | Train C-index: 0.7719 | Val Fused: 0.7306 | Val CT: 0.6677 | Val PA: 0.7260
Feature stats | CT: mean=0.6570, std=0.6494, mean_l2=20.9011, median_l2=20.8723, mean_abs=0.6570, max_abs=4.1090 | PA: mean=0.3535, std=0.2835, mean_l2=10.2367, median_l2=10.1954, mean_abs=0.3535, max_abs=2.1709
Epoch 8/30 | Train Loss: 5.2795 (Fused: 2.8371) | Train C-index: 0.7848 | Val Fused: 0.7353 | Val CT: 0.6660 | Val PA: 0.7217
Feature stats | CT: mean=0.6598, std=0.6546, mean_l2=21.0298, median_l2=20.9880, mean_abs=0.6598, max_abs=4.2094 | PA: mean=0.3594, std=0.2890, mean_l2=10.4172, median_l2=10.3731, mean_abs=0.3594, max_abs=2.2087
Epoch 9/30 | Train Loss: 5.2061 (Fused: 2.8201) | Train C-index: 0.7835 | Val Fused: 0.7382 | Val CT: 0.6680 | Val PA: 0.7210
Feature stats | CT: mean=0.6619, std=0.6604, mean_l2=21.1551, median_l2=21.0732, mean_abs=0.6619, max_abs=4.3603 | PA: mean=0.3655, std=0.2943, mean_l2=10.5973, median_l2=10.5611, mean_abs=0.3655, max_abs=2.1994
Epoch 10/30 | Train Loss: 5.1297 (Fused: 2.7609) | Train C-index: 0.7844 | Val Fused: 0.7389 | Val CT: 0.6673 | Val PA: 0.7190
Feature stats | CT: mean=0.6578, std=0.6523, mean_l2=20.9584, median_l2=20.8931, mean_abs=0.6578, max_abs=4.2562 | PA: mean=0.3719, std=0.2976, mean_l2=10.7582, median_l2=10.7205, mean_abs=0.3719, max_abs=2.2054
Epoch 11/30 | Train Loss: 5.2517 (Fused: 2.8183) | Train C-index: 0.8204 | Val Fused: 0.7382 | Val CT: 0.6650 | Val PA: 0.7194
Feature stats | CT: mean=0.6462, std=0.6395, mean_l2=20.5684, median_l2=20.4619, mean_abs=0.6462, max_abs=4.3032 | PA: mean=0.3794, std=0.3001, mean_l2=10.9263, median_l2=10.8863, mean_abs=0.3794, max_abs=2.1978
Epoch 12/30 | Train Loss: 4.9739 (Fused: 2.6421) | Train C-index: 0.8217 | Val Fused: 0.7223 | Val CT: 0.6650 | Val PA: 0.7210
Feature stats | CT: mean=0.6392, std=0.6343, mean_l2=20.3714, median_l2=20.2906, mean_abs=0.6392, max_abs=4.3314 | PA: mean=0.3877, std=0.3038, mean_l2=11.1243, median_l2=11.0734, mean_abs=0.3877, max_abs=2.1787
Epoch 13/30 | Train Loss: 5.0860 (Fused: 2.7083) | Train C-index: 0.8285 | Val Fused: 0.7243 | Val CT: 0.6653 | Val PA: 0.7210
Feature stats | CT: mean=0.6335, std=0.6280, mean_l2=20.1814, median_l2=20.1719, mean_abs=0.6335, max_abs=4.3393 | PA: mean=0.3957, std=0.3088, mean_l2=11.3350, median_l2=11.2771, mean_abs=0.3957, max_abs=2.1588
Epoch 14/30 | Train Loss: 4.8736 (Fused: 2.5736) | Train C-index: 0.8365 | Val Fused: 0.7283 | Val CT: 0.6690 | Val PA: 0.7220
Feature stats | CT: mean=0.6180, std=0.6071, mean_l2=19.5983, median_l2=19.5186, mean_abs=0.6180, max_abs=4.1129 | PA: mean=0.4019, std=0.3126, mean_l2=11.4996, median_l2=11.4616, mean_abs=0.4019, max_abs=2.1902
Epoch 15/30 | Train Loss: 4.8502 (Fused: 2.5547) | Train C-index: 0.8411 | Val Fused: 0.7343 | Val CT: 0.6687 | Val PA: 0.7237
Feature stats | CT: mean=0.6051, std=0.5876, mean_l2=19.0827, median_l2=18.9906, mean_abs=0.6051, max_abs=3.8173 | PA: mean=0.4061, std=0.3135, mean_l2=11.5852, median_l2=11.5529, mean_abs=0.4061, max_abs=2.2593
Epoch 16/30 | Train Loss: 4.7602 (Fused: 2.4647) | Train C-index: 0.8574 | Val Fused: 0.7359 | Val CT: 0.6710 | Val PA: 0.7243
Feature stats | CT: mean=0.5943, std=0.5677, mean_l2=18.5953, median_l2=18.5110, mean_abs=0.5943, max_abs=3.4800 | PA: mean=0.4107, std=0.3145, mean_l2=11.6824, median_l2=11.6501, mean_abs=0.4107, max_abs=2.3504
Epoch 17/30 | Train Loss: 4.7928 (Fused: 2.4709) | Train C-index: 0.8590 | Val Fused: 0.7316 | Val CT: 0.6716 | Val PA: 0.7266
Feature stats | CT: mean=0.5908, std=0.5605, mean_l2=18.4233, median_l2=18.2592, mean_abs=0.5908, max_abs=3.5830 | PA: mean=0.4155, std=0.3173, mean_l2=11.8041, median_l2=11.7747, mean_abs=0.4155, max_abs=2.3749
Epoch 18/30 | Train Loss: 4.5795 (Fused: 2.3426) | Train C-index: 0.8802 | Val Fused: 0.7333 | Val CT: 0.6723 | Val PA: 0.7227
Feature stats | CT: mean=0.5922, std=0.5636, mean_l2=18.4897, median_l2=18.2719, mean_abs=0.5922, max_abs=3.7270 | PA: mean=0.4191, std=0.3181, mean_l2=11.8795, median_l2=11.8397, mean_abs=0.4191, max_abs=2.3645
Epoch 19/30 | Train Loss: 4.5308 (Fused: 2.2941) | Train C-index: 0.8828 | Val Fused: 0.7213 | Val CT: 0.6730 | Val PA: 0.7213
Feature stats | CT: mean=0.5886, std=0.5599, mean_l2=18.3706, median_l2=18.1475, mean_abs=0.5886, max_abs=3.8573 | PA: mean=0.4235, std=0.3195, mean_l2=11.9752, median_l2=11.9632, mean_abs=0.4235, max_abs=2.3086
Epoch 20/30 | Train Loss: 4.4302 (Fused: 2.2227) | Train C-index: 0.8924 | Val Fused: 0.7150 | Val CT: 0.6716 | Val PA: 0.7174
Feature stats | CT: mean=0.5754, std=0.5474, mean_l2=17.9635, median_l2=17.7643, mean_abs=0.5754, max_abs=3.7584 | PA: mean=0.4297, std=0.3234, mean_l2=12.1375, median_l2=12.1223, mean_abs=0.4297, max_abs=2.2832
Early stopping at epoch 20
Fold 3 best C-index: 0.7389

Extra survival metrics:
cutoff_from_train_median: -0.429658
n_test: 112
n_high_risk: 51
n_low_risk: 61
n_event_test: 38
logrank_stat: 9.598901
logrank_p: 0.001947
auc_36m: 0.790189
auc_60m: 0.707684
HR_high_vs_low: 2.768721
HR_95CI_lower: 1.414005
HR_95CI_upper: 5.421352
cox_p: 0.002974

==================================================
Fold 5/5
==================================================
[ResNetCox] Loaded pretrained from /home/gly001/cqj/pa_ct_surv/model/ct_pretrain/resnet_18_23dataset.pth
  Missing keys (ok): ['fc.weight', 'fc.bias']
Epoch 1/30 | Train Loss: 5.9306 (Fused: 3.3167) | Train C-index: 0.5578 | Val Fused: 0.6561 | Val CT: 0.4111 | Val PA: 0.6413
Feature stats | CT: mean=0.8509, std=0.8655, mean_l2=27.4581, median_l2=27.5380, mean_abs=0.8509, max_abs=6.5951 | PA: mean=0.2790, std=0.2233, mean_l2=8.0792, median_l2=8.0437, mean_abs=0.2790, max_abs=1.8594
Epoch 2/30 | Train Loss: 5.7181 (Fused: 3.1476) | Train C-index: 0.7221 | Val Fused: 0.6471 | Val CT: 0.4598 | Val PA: 0.6434
Feature stats | CT: mean=0.7789, std=0.7931, mean_l2=25.1478, median_l2=25.1437, mean_abs=0.7789, max_abs=5.5984 | PA: mean=0.2906, std=0.2386, mean_l2=8.4971, median_l2=8.4633, mean_abs=0.2906, max_abs=1.9843
Epoch 3/30 | Train Loss: 5.8095 (Fused: 3.2191) | Train C-index: 0.7467 | Val Fused: 0.6555 | Val CT: 0.5193 | Val PA: 0.6514
Feature stats | CT: mean=0.7259, std=0.7396, mean_l2=23.4452, median_l2=23.4279, mean_abs=0.7259, max_abs=4.6898 | PA: mean=0.3031, std=0.2533, mean_l2=8.9234, median_l2=8.8672, mean_abs=0.3031, max_abs=2.1579
Epoch 4/30 | Train Loss: 5.3532 (Fused: 2.9050) | Train C-index: 0.7652 | Val Fused: 0.6642 | Val CT: 0.5536 | Val PA: 0.6528
Feature stats | CT: mean=0.7154, std=0.7241, mean_l2=23.0317, median_l2=22.9944, mean_abs=0.7154, max_abs=4.4860 | PA: mean=0.3121, std=0.2631, mean_l2=9.2185, median_l2=9.1155, mean_abs=0.3121, max_abs=2.1756
Epoch 5/30 | Train Loss: 5.4197 (Fused: 2.9332) | Train C-index: 0.7692 | Val Fused: 0.6618 | Val CT: 0.5610 | Val PA: 0.6511
Feature stats | CT: mean=0.7090, std=0.7134, mean_l2=22.7572, median_l2=22.7355, mean_abs=0.7090, max_abs=4.6485 | PA: mean=0.3218, std=0.2708, mean_l2=9.4963, median_l2=9.3909, mean_abs=0.3218, max_abs=2.1796
Epoch 6/30 | Train Loss: 5.2547 (Fused: 2.8346) | Train C-index: 0.7831 | Val Fused: 0.6629 | Val CT: 0.5637 | Val PA: 0.6555
Feature stats | CT: mean=0.6903, std=0.6866, mean_l2=22.0281, median_l2=21.9900, mean_abs=0.6903, max_abs=4.6215 | PA: mean=0.3338, std=0.2776, mean_l2=9.8020, median_l2=9.7049, mean_abs=0.3338, max_abs=2.1816
Epoch 7/30 | Train Loss: 5.2880 (Fused: 2.8435) | Train C-index: 0.7891 | Val Fused: 0.6592 | Val CT: 0.5704 | Val PA: 0.6555
Feature stats | CT: mean=0.6766, std=0.6667, mean_l2=21.4902, median_l2=21.4384, mean_abs=0.6766, max_abs=4.5114 | PA: mean=0.3442, std=0.2819, mean_l2=10.0488, median_l2=9.9777, mean_abs=0.3442, max_abs=2.2078
Epoch 8/30 | Train Loss: 5.1489 (Fused: 2.7764) | Train C-index: 0.7913 | Val Fused: 0.6622 | Val CT: 0.5721 | Val PA: 0.6551
Feature stats | CT: mean=0.6533, std=0.6397, mean_l2=20.6867, median_l2=20.6440, mean_abs=0.6533, max_abs=4.3823 | PA: mean=0.3567, std=0.2894, mean_l2=10.3730, median_l2=10.3099, mean_abs=0.3567, max_abs=2.2940
Epoch 9/30 | Train Loss: 5.0805 (Fused: 2.7197) | Train C-index: 0.8074 | Val Fused: 0.6639 | Val CT: 0.5704 | Val PA: 0.6541
Feature stats | CT: mean=0.6350, std=0.6214, mean_l2=20.1012, median_l2=20.0656, mean_abs=0.6350, max_abs=4.2775 | PA: mean=0.3690, std=0.2957, mean_l2=10.6816, median_l2=10.6347, mean_abs=0.3690, max_abs=2.3011
Epoch 10/30 | Train Loss: 5.0548 (Fused: 2.6841) | Train C-index: 0.8270 | Val Fused: 0.6632 | Val CT: 0.5718 | Val PA: 0.6548
Feature stats | CT: mean=0.6261, std=0.6099, mean_l2=19.7769, median_l2=19.7451, mean_abs=0.6261, max_abs=4.2322 | PA: mean=0.3796, std=0.3008, mean_l2=10.9393, median_l2=10.9010, mean_abs=0.3796, max_abs=2.3915
Epoch 11/30 | Train Loss: 5.0475 (Fused: 2.6756) | Train C-index: 0.8292 | Val Fused: 0.6639 | Val CT: 0.5718 | Val PA: 0.6548
Feature stats | CT: mean=0.6216, std=0.6029, mean_l2=19.5940, median_l2=19.5605, mean_abs=0.6216, max_abs=4.0961 | PA: mean=0.3870, std=0.3032, mean_l2=11.1019, median_l2=11.0661, mean_abs=0.3870, max_abs=2.4730
Epoch 12/30 | Train Loss: 4.9030 (Fused: 2.5590) | Train C-index: 0.8461 | Val Fused: 0.6679 | Val CT: 0.5755 | Val PA: 0.6585
Feature stats | CT: mean=0.6156, std=0.5933, mean_l2=19.3444, median_l2=19.3029, mean_abs=0.6156, max_abs=4.0212 | PA: mean=0.3938, std=0.3043, mean_l2=11.2395, median_l2=11.2025, mean_abs=0.3938, max_abs=2.4822
Epoch 13/30 | Train Loss: 4.8132 (Fused: 2.4833) | Train C-index: 0.8580 | Val Fused: 0.6719 | Val CT: 0.5768 | Val PA: 0.6598
Feature stats | CT: mean=0.6077, std=0.5807, mean_l2=19.0175, median_l2=18.9805, mean_abs=0.6077, max_abs=4.0588 | PA: mean=0.4011, std=0.3077, mean_l2=11.4143, median_l2=11.3582, mean_abs=0.4011, max_abs=2.5277
Epoch 14/30 | Train Loss: 4.7822 (Fused: 2.4563) | Train C-index: 0.8663 | Val Fused: 0.6797 | Val CT: 0.5728 | Val PA: 0.6652
Feature stats | CT: mean=0.6018, std=0.5781, mean_l2=18.8810, median_l2=18.8391, mean_abs=0.6018, max_abs=4.1107 | PA: mean=0.4094, std=0.3109, mean_l2=11.6080, median_l2=11.5663, mean_abs=0.4094, max_abs=2.4715
Epoch 15/30 | Train Loss: 4.7028 (Fused: 2.4134) | Train C-index: 0.8707 | Val Fused: 0.6595 | Val CT: 0.5681 | Val PA: 0.6639
Feature stats | CT: mean=0.6050, std=0.5906, mean_l2=19.1293, median_l2=19.0921, mean_abs=0.6050, max_abs=4.0226 | PA: mean=0.4177, std=0.3140, mean_l2=11.7972, median_l2=11.7517, mean_abs=0.4177, max_abs=2.4825
Epoch 16/30 | Train Loss: 4.5842 (Fused: 2.3537) | Train C-index: 0.8753 | Val Fused: 0.6692 | Val CT: 0.5825 | Val PA: 0.6676
Feature stats | CT: mean=0.6004, std=0.5770, mean_l2=18.8371, median_l2=18.7751, mean_abs=0.6004, max_abs=4.1200 | PA: mean=0.4259, std=0.3187, mean_l2=12.0068, median_l2=11.9449, mean_abs=0.4259, max_abs=2.5165
Epoch 17/30 | Train Loss: 4.4933 (Fused: 2.2583) | Train C-index: 0.8919 | Val Fused: 0.6679 | Val CT: 0.5805 | Val PA: 0.6686
Feature stats | CT: mean=0.5924, std=0.5678, mean_l2=18.5645, median_l2=18.4498, mean_abs=0.5924, max_abs=4.1214 | PA: mean=0.4330, std=0.3226, mean_l2=12.1876, median_l2=12.1525, mean_abs=0.4330, max_abs=2.5209
Epoch 18/30 | Train Loss: 4.4028 (Fused: 2.1849) | Train C-index: 0.8987 | Val Fused: 0.6629 | Val CT: 0.5872 | Val PA: 0.6709
Feature stats | CT: mean=0.5846, std=0.5602, mean_l2=18.3189, median_l2=18.2597, mean_abs=0.5846, max_abs=3.9247 | PA: mean=0.4406, std=0.3291, mean_l2=12.4091, median_l2=12.3920, mean_abs=0.4406, max_abs=2.4829
Epoch 19/30 | Train Loss: 4.2819 (Fused: 2.1059) | Train C-index: 0.9096 | Val Fused: 0.6595 | Val CT: 0.5889 | Val PA: 0.6713
Feature stats | CT: mean=0.5801, std=0.5560, mean_l2=18.1794, median_l2=18.0664, mean_abs=0.5801, max_abs=4.1527 | PA: mean=0.4459, std=0.3347, mean_l2=12.5812, median_l2=12.5955, mean_abs=0.4459, max_abs=2.5167
Epoch 20/30 | Train Loss: 4.2064 (Fused: 2.0203) | Train C-index: 0.9173 | Val Fused: 0.6635 | Val CT: 0.5906 | Val PA: 0.6810
Feature stats | CT: mean=0.5735, std=0.5523, mean_l2=18.0137, median_l2=17.9356, mean_abs=0.5735, max_abs=4.1669 | PA: mean=0.4474, std=0.3347, mean_l2=12.6084, median_l2=12.5992, mean_abs=0.4474, max_abs=2.5048
Epoch 21/30 | Train Loss: 4.0403 (Fused: 1.9056) | Train C-index: 0.9258 | Val Fused: 0.6494 | Val CT: 0.5953 | Val PA: 0.6729
Feature stats | CT: mean=0.5622, std=0.5391, mean_l2=17.6228, median_l2=17.5996, mean_abs=0.5622, max_abs=3.8193 | PA: mean=0.4485, std=0.3338, mean_l2=12.6171, median_l2=12.6123, mean_abs=0.4485, max_abs=2.5203
Epoch 22/30 | Train Loss: 4.0222 (Fused: 1.8959) | Train C-index: 0.9276 | Val Fused: 0.6491 | Val CT: 0.5929 | Val PA: 0.6726
Feature stats | CT: mean=0.5604, std=0.5333, mean_l2=17.5025, median_l2=17.4473, mean_abs=0.5604, max_abs=3.8296 | PA: mean=0.4493, std=0.3376, mean_l2=12.6820, median_l2=12.6593, mean_abs=0.4493, max_abs=2.5143
Epoch 23/30 | Train Loss: 3.9336 (Fused: 1.8072) | Train C-index: 0.9275 | Val Fused: 0.6598 | Val CT: 0.5980 | Val PA: 0.6834
Feature stats | CT: mean=0.5538, std=0.5328, mean_l2=17.3868, median_l2=17.3369, mean_abs=0.5538, max_abs=3.8713 | PA: mean=0.4510, std=0.3358, mean_l2=12.6904, median_l2=12.6615, mean_abs=0.4510, max_abs=2.5612
Epoch 24/30 | Train Loss: 3.9013 (Fused: 1.8131) | Train C-index: 0.9332 | Val Fused: 0.6336 | Val CT: 0.6013 | Val PA: 0.6719
Feature stats | CT: mean=0.5496, std=0.5328, mean_l2=17.3183, median_l2=17.2661, mean_abs=0.5496, max_abs=3.8497 | PA: mean=0.4519, std=0.3410, mean_l2=12.7786, median_l2=12.7996, mean_abs=0.4519, max_abs=2.5991
Early stopping at epoch 24
Fold 4 best C-index: 0.6797

Extra survival metrics:
cutoff_from_train_median: -1.098386
n_test: 112
n_high_risk: 65
n_low_risk: 47
n_event_test: 38
logrank_stat: 9.383707
logrank_p: 0.002189
auc_36m: 0.765167
auc_60m: 0.683188
HR_high_vs_low: 3.048555
HR_95CI_lower: 1.439726
HR_95CI_upper: 6.455178
cox_p: 0.003590

==================================================
5-Fold CV Summary
==================================================
  C-index: 0.7344 +/- 0.0355
