Using Device: cuda | ROI: 64
PA: abmil | CT: resnet18 | Fusion: concat | Fusion dropout: 0.5 | Norm: none | CT/PA dropout: 0.0 | CT augmentation: disabled
LR: 0.0001 | CT Backbone LR: 1e-05
Loss: Fused Cox + 0*CT + 0*PA
CT pretrained: /home/gly001/cqj/pa_ct_surv/model/ct_pretrain/resnet_18_23dataset.pth
Checkpoints: /home/gly001/cqj/pa_ct_surv/checkpoints/pact_v4/pact/roi64_abmil_resnet18_concat_normnone_fusion_dropout0.5_epochs30_coxbs64_lr1e-4_blr1e-5_wd5e-4_lct0.0_lpa0.0_seed123
Results: /home/gly001/cqj/pa_ct_surv/results/pact_v4/pact/roi64_abmil_resnet18_concat_normnone_fusion_dropout0.5_epochs30_coxbs64_lr1e-4_blr1e-5_wd5e-4_lct0.0_lpa0.0_seed123
Loaded 703 paired samples
Locked split: train=562, test=141
Test set is not accessed during CV

==================================================
Fold 1/5
==================================================
[ResNetCox] Loaded pretrained from /home/gly001/cqj/pa_ct_surv/model/ct_pretrain/resnet_18_23dataset.pth
  Missing keys (ok): ['fc.weight', 'fc.bias']
Epoch 1/30 | Train Loss: 3.3413 (Fused: 3.3413) | Train C-index: 0.5390 | Val Fused: 0.7393 | Val CT: 0.4473 | Val PA: 0.4212
Feature stats | CT: mean=0.8734, std=0.8910, mean_l2=28.2290, median_l2=28.1896, mean_abs=0.8734, max_abs=6.7489 | PA: mean=0.2783, std=0.2165, mean_l2=7.9714, median_l2=7.9400, mean_abs=0.2783, max_abs=1.7228
Epoch 2/30 | Train Loss: 3.2426 (Fused: 3.2426) | Train C-index: 0.5959 | Val Fused: 0.7351 | Val CT: 0.4298 | Val PA: 0.3983
Feature stats | CT: mean=0.8277, std=0.8430, mean_l2=26.7260, median_l2=26.7345, mean_abs=0.8277, max_abs=6.2650 | PA: mean=0.2845, std=0.2288, mean_l2=8.2510, median_l2=8.2066, mean_abs=0.2845, max_abs=1.7339
Epoch 3/30 | Train Loss: 3.1843 (Fused: 3.1843) | Train C-index: 0.6406 | Val Fused: 0.7389 | Val CT: 0.4050 | Val PA: 0.3830
Feature stats | CT: mean=0.7793, std=0.7911, mean_l2=25.1235, median_l2=25.1549, mean_abs=0.7793, max_abs=5.6205 | PA: mean=0.2967, std=0.2447, mean_l2=8.6893, median_l2=8.6369, mean_abs=0.2967, max_abs=1.9196
Epoch 4/30 | Train Loss: 3.1354 (Fused: 3.1354) | Train C-index: 0.6794 | Val Fused: 0.7408 | Val CT: 0.3741 | Val PA: 0.3674
Feature stats | CT: mean=0.7321, std=0.7479, mean_l2=23.6779, median_l2=23.6893, mean_abs=0.7321, max_abs=5.2509 | PA: mean=0.3097, std=0.2589, mean_l2=9.1164, median_l2=9.0560, mean_abs=0.3097, max_abs=2.0454
Epoch 5/30 | Train Loss: 3.0839 (Fused: 3.0839) | Train C-index: 0.6915 | Val Fused: 0.7383 | Val CT: 0.3792 | Val PA: 0.3677
Feature stats | CT: mean=0.6931, std=0.7042, mean_l2=22.3553, median_l2=22.3140, mean_abs=0.6931, max_abs=4.6144 | PA: mean=0.3235, std=0.2723, mean_l2=9.5466, median_l2=9.5078, mean_abs=0.3235, max_abs=2.1039
Epoch 6/30 | Train Loss: 3.0427 (Fused: 3.0427) | Train C-index: 0.7093 | Val Fused: 0.7307 | Val CT: 0.4129 | Val PA: 0.3706
Feature stats | CT: mean=0.6761, std=0.6844, mean_l2=21.7675, median_l2=21.7469, mean_abs=0.6761, max_abs=4.5265 | PA: mean=0.3343, std=0.2810, mean_l2=9.8579, median_l2=9.8192, mean_abs=0.3343, max_abs=2.1177
Epoch 7/30 | Train Loss: 2.9888 (Fused: 2.9888) | Train C-index: 0.7259 | Val Fused: 0.7319 | Val CT: 0.4132 | Val PA: 0.3664
Feature stats | CT: mean=0.6601, std=0.6623, mean_l2=21.1578, median_l2=21.1722, mean_abs=0.6601, max_abs=4.6022 | PA: mean=0.3422, std=0.2875, mean_l2=10.0891, median_l2=10.0895, mean_abs=0.3422, max_abs=2.1015
Epoch 8/30 | Train Loss: 2.9549 (Fused: 2.9549) | Train C-index: 0.7369 | Val Fused: 0.7348 | Val CT: 0.4209 | Val PA: 0.3747
Feature stats | CT: mean=0.6424, std=0.6365, mean_l2=20.4612, median_l2=20.4381, mean_abs=0.6424, max_abs=4.5171 | PA: mean=0.3498, std=0.2931, mean_l2=10.3018, median_l2=10.2891, mean_abs=0.3498, max_abs=2.0349
Epoch 9/30 | Train Loss: 2.8465 (Fused: 2.8465) | Train C-index: 0.7680 | Val Fused: 0.7393 | Val CT: 0.4257 | Val PA: 0.3820
Feature stats | CT: mean=0.6294, std=0.6176, mean_l2=19.9530, median_l2=19.9497, mean_abs=0.6294, max_abs=4.3638 | PA: mean=0.3575, std=0.2979, mean_l2=10.5051, median_l2=10.5339, mean_abs=0.3575, max_abs=2.0218
Epoch 10/30 | Train Loss: 2.8227 (Fused: 2.8227) | Train C-index: 0.7758 | Val Fused: 0.7412 | Val CT: 0.4323 | Val PA: 0.3983
Feature stats | CT: mean=0.6192, std=0.6047, mean_l2=19.5837, median_l2=19.5867, mean_abs=0.6192, max_abs=4.1588 | PA: mean=0.3648, std=0.3024, mean_l2=10.6970, median_l2=10.6981, mean_abs=0.3648, max_abs=2.0495
Epoch 11/30 | Train Loss: 2.7869 (Fused: 2.7869) | Train C-index: 0.7833 | Val Fused: 0.7424 | Val CT: 0.4164 | Val PA: 0.4104
Feature stats | CT: mean=0.6085, std=0.5941, mean_l2=19.2426, median_l2=19.2425, mean_abs=0.6085, max_abs=4.0241 | PA: mean=0.3701, std=0.3062, mean_l2=10.8441, median_l2=10.8491, mean_abs=0.3701, max_abs=2.0734
Epoch 12/30 | Train Loss: 2.7781 (Fused: 2.7781) | Train C-index: 0.7950 | Val Fused: 0.7402 | Val CT: 0.4327 | Val PA: 0.4358
Feature stats | CT: mean=0.6005, std=0.5892, mean_l2=19.0350, median_l2=19.0246, mean_abs=0.6005, max_abs=3.9130 | PA: mean=0.3740, std=0.3085, mean_l2=10.9437, median_l2=10.9807, mean_abs=0.3740, max_abs=2.0724
Epoch 13/30 | Train Loss: 2.7135 (Fused: 2.7135) | Train C-index: 0.8088 | Val Fused: 0.7431 | Val CT: 0.4110 | Val PA: 0.4425
Feature stats | CT: mean=0.5956, std=0.5830, mean_l2=18.8592, median_l2=18.8418, mean_abs=0.5956, max_abs=3.9568 | PA: mean=0.3768, std=0.3071, mean_l2=10.9742, median_l2=11.0151, mean_abs=0.3768, max_abs=2.1408
Epoch 14/30 | Train Loss: 2.6270 (Fused: 2.6270) | Train C-index: 0.8219 | Val Fused: 0.7380 | Val CT: 0.4148 | Val PA: 0.4387
Feature stats | CT: mean=0.5893, std=0.5777, mean_l2=18.6719, median_l2=18.6819, mean_abs=0.5893, max_abs=3.9156 | PA: mean=0.3813, std=0.3068, mean_l2=11.0480, median_l2=11.0410, mean_abs=0.3813, max_abs=2.1761
Epoch 15/30 | Train Loss: 2.5896 (Fused: 2.5896) | Train C-index: 0.8300 | Val Fused: 0.7418 | Val CT: 0.4148 | Val PA: 0.4349
Feature stats | CT: mean=0.5820, std=0.5643, mean_l2=18.3424, median_l2=18.3243, mean_abs=0.5820, max_abs=3.9622 | PA: mean=0.3858, std=0.3111, mean_l2=11.1884, median_l2=11.1870, mean_abs=0.3858, max_abs=2.1411
Epoch 16/30 | Train Loss: 2.4720 (Fused: 2.4720) | Train C-index: 0.8571 | Val Fused: 0.7316 | Val CT: 0.4209 | Val PA: 0.4352
Feature stats | CT: mean=0.5773, std=0.5573, mean_l2=18.1567, median_l2=18.1384, mean_abs=0.5773, max_abs=3.8243 | PA: mean=0.3852, std=0.3101, mean_l2=11.1630, median_l2=11.1692, mean_abs=0.3852, max_abs=2.1355
Epoch 17/30 | Train Loss: 2.4727 (Fused: 2.4727) | Train C-index: 0.8654 | Val Fused: 0.7252 | Val CT: 0.4686 | Val PA: 0.4308
Feature stats | CT: mean=0.5759, std=0.5579, mean_l2=18.1422, median_l2=18.1448, mean_abs=0.5759, max_abs=3.7515 | PA: mean=0.3838, std=0.3086, mean_l2=11.1176, median_l2=11.1599, mean_abs=0.3838, max_abs=2.1857
Epoch 18/30 | Train Loss: 2.3635 (Fused: 2.3635) | Train C-index: 0.8713 | Val Fused: 0.7170 | Val CT: 0.4715 | Val PA: 0.4238
Feature stats | CT: mean=0.5601, std=0.5415, mean_l2=17.6281, median_l2=17.6202, mean_abs=0.5601, max_abs=3.6464 | PA: mean=0.3850, std=0.3121, mean_l2=11.1874, median_l2=11.2152, mean_abs=0.3850, max_abs=2.2023
Epoch 19/30 | Train Loss: 2.3359 (Fused: 2.3359) | Train C-index: 0.8700 | Val Fused: 0.7170 | Val CT: 0.4483 | Val PA: 0.4206
Feature stats | CT: mean=0.5540, std=0.5309, mean_l2=17.3628, median_l2=17.3746, mean_abs=0.5540, max_abs=3.5562 | PA: mean=0.3879, std=0.3189, mean_l2=11.3322, median_l2=11.3390, mean_abs=0.3879, max_abs=2.3051
Epoch 20/30 | Train Loss: 2.2619 (Fused: 2.2619) | Train C-index: 0.8939 | Val Fused: 0.7287 | Val CT: 0.4489 | Val PA: 0.4171
Feature stats | CT: mean=0.5480, std=0.5234, mean_l2=17.1454, median_l2=17.1439, mean_abs=0.5480, max_abs=3.6922 | PA: mean=0.3864, std=0.3171, mean_l2=11.2794, median_l2=11.3253, mean_abs=0.3864, max_abs=2.2832
Epoch 21/30 | Train Loss: 2.0963 (Fused: 2.0963) | Train C-index: 0.9004 | Val Fused: 0.7300 | Val CT: 0.4610 | Val PA: 0.4253
Feature stats | CT: mean=0.5424, std=0.5187, mean_l2=16.9802, median_l2=16.9693, mean_abs=0.5424, max_abs=3.7499 | PA: mean=0.3841, std=0.3133, mean_l2=11.1882, median_l2=11.2247, mean_abs=0.3841, max_abs=2.2862
Epoch 22/30 | Train Loss: 2.1177 (Fused: 2.1177) | Train C-index: 0.9044 | Val Fused: 0.7081 | Val CT: 0.4718 | Val PA: 0.4352
Feature stats | CT: mean=0.5328, std=0.5153, mean_l2=16.7714, median_l2=16.7531, mean_abs=0.5328, max_abs=3.8839 | PA: mean=0.3810, std=0.3073, mean_l2=11.0487, median_l2=11.0468, mean_abs=0.3810, max_abs=2.3417
Epoch 23/30 | Train Loss: 2.0267 (Fused: 2.0267) | Train C-index: 0.9174 | Val Fused: 0.7179 | Val CT: 0.4833 | Val PA: 0.4429
Feature stats | CT: mean=0.5259, std=0.5104, mean_l2=16.5824, median_l2=16.5723, mean_abs=0.5259, max_abs=3.8256 | PA: mean=0.3801, std=0.3130, mean_l2=11.1130, median_l2=11.1152, mean_abs=0.3801, max_abs=2.4245
Early stopping at epoch 23
Fold 0 best C-index: 0.7431

Extra survival metrics:
cutoff_from_train_median: -0.681229
n_test: 113
n_high_risk: 63
n_low_risk: 50
n_event_test: 38
logrank_stat: 14.678892
logrank_p: 0.000127
auc_36m: 0.782074
auc_60m: 0.800296
HR_high_vs_low: 4.109724
HR_95CI_lower: 1.878463
HR_95CI_upper: 8.991304
cox_p: 0.000403

==================================================
Fold 2/5
==================================================
[ResNetCox] Loaded pretrained from /home/gly001/cqj/pa_ct_surv/model/ct_pretrain/resnet_18_23dataset.pth
  Missing keys (ok): ['fc.weight', 'fc.bias']
Epoch 1/30 | Train Loss: 3.3743 (Fused: 3.3743) | Train C-index: 0.5356 | Val Fused: 0.7391 | Val CT: 0.4269 | Val PA: 0.4104
Feature stats | CT: mean=0.8442, std=0.8699, mean_l2=27.4262, median_l2=27.3877, mean_abs=0.8442, max_abs=6.5892 | PA: mean=0.2812, std=0.2194, mean_l2=8.0629, median_l2=8.0318, mean_abs=0.2812, max_abs=1.7878
Epoch 2/30 | Train Loss: 3.2482 (Fused: 3.2482) | Train C-index: 0.6087 | Val Fused: 0.7418 | Val CT: 0.4104 | Val PA: 0.3949
Feature stats | CT: mean=0.8256, std=0.8520, mean_l2=26.8414, median_l2=26.8412, mean_abs=0.8256, max_abs=6.4345 | PA: mean=0.2898, std=0.2346, mean_l2=8.4248, median_l2=8.3764, mean_abs=0.2898, max_abs=1.8705
Epoch 3/30 | Train Loss: 3.1891 (Fused: 3.1891) | Train C-index: 0.6285 | Val Fused: 0.7445 | Val CT: 0.3507 | Val PA: 0.3750
Feature stats | CT: mean=0.7765, std=0.7986, mean_l2=25.1985, median_l2=25.1707, mean_abs=0.7765, max_abs=5.9509 | PA: mean=0.3021, std=0.2492, mean_l2=8.8470, median_l2=8.8160, mean_abs=0.3021, max_abs=1.9467
Epoch 4/30 | Train Loss: 3.1811 (Fused: 3.1811) | Train C-index: 0.6564 | Val Fused: 0.7445 | Val CT: 0.3314 | Val PA: 0.3662
Feature stats | CT: mean=0.7244, std=0.7419, mean_l2=23.4592, median_l2=23.4292, mean_abs=0.7244, max_abs=5.2309 | PA: mean=0.3166, std=0.2627, mean_l2=9.2901, median_l2=9.2182, mean_abs=0.3166, max_abs=2.0258
Epoch 5/30 | Train Loss: 3.1325 (Fused: 3.1325) | Train C-index: 0.6837 | Val Fused: 0.7516 | Val CT: 0.3233 | Val PA: 0.3699
Feature stats | CT: mean=0.7042, std=0.7144, mean_l2=22.6965, median_l2=22.6583, mean_abs=0.7042, max_abs=4.5678 | PA: mean=0.3267, std=0.2714, mean_l2=9.5899, median_l2=9.5335, mean_abs=0.3267, max_abs=2.0298
Epoch 6/30 | Train Loss: 3.0446 (Fused: 3.0446) | Train C-index: 0.7200 | Val Fused: 0.7573 | Val CT: 0.3075 | Val PA: 0.3712
Feature stats | CT: mean=0.6838, std=0.6917, mean_l2=22.0069, median_l2=21.9987, mean_abs=0.6838, max_abs=4.1840 | PA: mean=0.3338, std=0.2783, mean_l2=9.8111, median_l2=9.7532, mean_abs=0.3338, max_abs=2.0444
Epoch 7/30 | Train Loss: 3.0048 (Fused: 3.0048) | Train C-index: 0.7268 | Val Fused: 0.7651 | Val CT: 0.3095 | Val PA: 0.3766
Feature stats | CT: mean=0.6634, std=0.6745, mean_l2=21.4056, median_l2=21.3972, mean_abs=0.6634, max_abs=3.8114 | PA: mean=0.3403, std=0.2842, mean_l2=10.0088, median_l2=9.9557, mean_abs=0.3403, max_abs=2.0967
Epoch 8/30 | Train Loss: 2.9632 (Fused: 2.9632) | Train C-index: 0.7373 | Val Fused: 0.7725 | Val CT: 0.3179 | Val PA: 0.3962
Feature stats | CT: mean=0.6526, std=0.6641, mean_l2=21.0688, median_l2=21.0698, mean_abs=0.6526, max_abs=3.8092 | PA: mean=0.3444, std=0.2874, mean_l2=10.1259, median_l2=10.0658, mean_abs=0.3444, max_abs=2.1010
Epoch 9/30 | Train Loss: 2.9642 (Fused: 2.9642) | Train C-index: 0.7407 | Val Fused: 0.7840 | Val CT: 0.3436 | Val PA: 0.4050
Feature stats | CT: mean=0.6423, std=0.6525, mean_l2=20.7166, median_l2=20.7220, mean_abs=0.6423, max_abs=3.8978 | PA: mean=0.3497, std=0.2927, mean_l2=10.2952, median_l2=10.2254, mean_abs=0.3497, max_abs=2.1291
Epoch 10/30 | Train Loss: 2.9083 (Fused: 2.9083) | Train C-index: 0.7547 | Val Fused: 0.7874 | Val CT: 0.3726 | Val PA: 0.4188
Feature stats | CT: mean=0.6295, std=0.6371, mean_l2=20.2651, median_l2=20.2692, mean_abs=0.6295, max_abs=3.8896 | PA: mean=0.3557, std=0.2954, mean_l2=10.4398, median_l2=10.4207, mean_abs=0.3557, max_abs=2.1192
Epoch 11/30 | Train Loss: 2.8875 (Fused: 2.8875) | Train C-index: 0.7654 | Val Fused: 0.7810 | Val CT: 0.3712 | Val PA: 0.4192
Feature stats | CT: mean=0.6156, std=0.6205, mean_l2=19.7764, median_l2=19.7768, mean_abs=0.6156, max_abs=3.9112 | PA: mean=0.3618, std=0.2948, mean_l2=10.5397, median_l2=10.5117, mean_abs=0.3618, max_abs=2.1400
Epoch 12/30 | Train Loss: 2.8367 (Fused: 2.8367) | Train C-index: 0.7811 | Val Fused: 0.7678 | Val CT: 0.3709 | Val PA: 0.4256
Feature stats | CT: mean=0.6057, std=0.6072, mean_l2=19.4069, median_l2=19.4053, mean_abs=0.6057, max_abs=3.9168 | PA: mean=0.3656, std=0.2930, mean_l2=10.5812, median_l2=10.5663, mean_abs=0.3656, max_abs=2.1227
Epoch 13/30 | Train Loss: 2.7534 (Fused: 2.7534) | Train C-index: 0.8000 | Val Fused: 0.7779 | Val CT: 0.3280 | Val PA: 0.4411
Feature stats | CT: mean=0.6048, std=0.6025, mean_l2=19.3156, median_l2=19.3083, mean_abs=0.6048, max_abs=3.7342 | PA: mean=0.3684, std=0.2916, mean_l2=10.6128, median_l2=10.5789, mean_abs=0.3684, max_abs=2.1647
Epoch 14/30 | Train Loss: 2.7227 (Fused: 2.7227) | Train C-index: 0.8082 | Val Fused: 0.7742 | Val CT: 0.3351 | Val PA: 0.4560
Feature stats | CT: mean=0.6033, std=0.5975, mean_l2=19.2124, median_l2=19.2150, mean_abs=0.6033, max_abs=3.4400 | PA: mean=0.3726, std=0.2950, mean_l2=10.7325, median_l2=10.6955, mean_abs=0.3726, max_abs=2.1691
Epoch 15/30 | Train Loss: 2.6987 (Fused: 2.6987) | Train C-index: 0.8118 | Val Fused: 0.7590 | Val CT: 0.3385 | Val PA: 0.4553
Feature stats | CT: mean=0.5913, std=0.5823, mean_l2=18.7783, median_l2=18.7785, mean_abs=0.5913, max_abs=3.2287 | PA: mean=0.3777, std=0.2934, mean_l2=10.8018, median_l2=10.7842, mean_abs=0.3777, max_abs=2.1629
Epoch 16/30 | Train Loss: 2.6222 (Fused: 2.6222) | Train C-index: 0.8345 | Val Fused: 0.7503 | Val CT: 0.3621 | Val PA: 0.4492
Feature stats | CT: mean=0.5776, std=0.5655, mean_l2=18.2894, median_l2=18.2860, mean_abs=0.5776, max_abs=3.2999 | PA: mean=0.3800, std=0.2914, mean_l2=10.8159, median_l2=10.8190, mean_abs=0.3800, max_abs=2.3124
Epoch 17/30 | Train Loss: 2.5222 (Fused: 2.5222) | Train C-index: 0.8460 | Val Fused: 0.7546 | Val CT: 0.3581 | Val PA: 0.4522
Feature stats | CT: mean=0.5674, std=0.5563, mean_l2=17.9804, median_l2=17.9605, mean_abs=0.5674, max_abs=3.3412 | PA: mean=0.3814, std=0.2938, mean_l2=10.8732, median_l2=10.8693, mean_abs=0.3814, max_abs=2.3427
Epoch 18/30 | Train Loss: 2.4154 (Fused: 2.4154) | Train C-index: 0.8697 | Val Fused: 0.7550 | Val CT: 0.3669 | Val PA: 0.4563
Feature stats | CT: mean=0.5617, std=0.5469, mean_l2=17.7382, median_l2=17.7165, mean_abs=0.5617, max_abs=3.3455 | PA: mean=0.3841, std=0.2962, mean_l2=10.9537, median_l2=10.9396, mean_abs=0.3841, max_abs=2.4814
Epoch 19/30 | Train Loss: 2.3713 (Fused: 2.3713) | Train C-index: 0.8747 | Val Fused: 0.7310 | Val CT: 0.4043 | Val PA: 0.4485
Feature stats | CT: mean=0.5512, std=0.5357, mean_l2=17.3920, median_l2=17.3863, mean_abs=0.5512, max_abs=3.3450 | PA: mean=0.3837, std=0.2962, mean_l2=10.9466, median_l2=10.9203, mean_abs=0.3837, max_abs=2.4018
Epoch 20/30 | Train Loss: 2.2116 (Fused: 2.2116) | Train C-index: 0.8937 | Val Fused: 0.7408 | Val CT: 0.3925 | Val PA: 0.4387
Feature stats | CT: mean=0.5397, std=0.5256, mean_l2=17.0451, median_l2=17.0212, mean_abs=0.5397, max_abs=3.1868 | PA: mean=0.3851, std=0.2992, mean_l2=11.0106, median_l2=10.9597, mean_abs=0.3851, max_abs=2.3919
Early stopping at epoch 20
Fold 1 best C-index: 0.7874

Extra survival metrics:
cutoff_from_train_median: -0.527975
n_test: 113
n_high_risk: 58
n_low_risk: 55
n_event_test: 39
logrank_stat: 19.771705
logrank_p: 0.000009
auc_36m: 0.846223
auc_60m: 0.808297
HR_high_vs_low: 4.901012
HR_95CI_lower: 2.246907
HR_95CI_upper: 10.690217
cox_p: 0.000065

==================================================
Fold 3/5
==================================================
[ResNetCox] Loaded pretrained from /home/gly001/cqj/pa_ct_surv/model/ct_pretrain/resnet_18_23dataset.pth
  Missing keys (ok): ['fc.weight', 'fc.bias']
Epoch 1/30 | Train Loss: 3.2969 (Fused: 3.2969) | Train C-index: 0.5390 | Val Fused: 0.6673 | Val CT: 0.4537 | Val PA: 0.4056
Feature stats | CT: mean=0.8300, std=0.8518, mean_l2=26.9045, median_l2=26.7904, mean_abs=0.8300, max_abs=6.5473 | PA: mean=0.2812, std=0.2198, mean_l2=8.0696, median_l2=8.0421, mean_abs=0.2812, max_abs=1.8271
Epoch 2/30 | Train Loss: 3.2501 (Fused: 3.2501) | Train C-index: 0.6249 | Val Fused: 0.6654 | Val CT: 0.4331 | Val PA: 0.3999
Feature stats | CT: mean=0.7820, std=0.8029, mean_l2=25.3564, median_l2=25.3779, mean_abs=0.7820, max_abs=5.7911 | PA: mean=0.2911, std=0.2347, mean_l2=8.4504, median_l2=8.4131, mean_abs=0.2911, max_abs=1.8431
Epoch 3/30 | Train Loss: 3.1396 (Fused: 3.1396) | Train C-index: 0.6630 | Val Fused: 0.6689 | Val CT: 0.4094 | Val PA: 0.3929
Feature stats | CT: mean=0.7355, std=0.7569, mean_l2=23.8782, median_l2=23.8730, mean_abs=0.7355, max_abs=4.8207 | PA: mean=0.3019, std=0.2483, mean_l2=8.8306, median_l2=8.7790, mean_abs=0.3019, max_abs=1.8871
Epoch 4/30 | Train Loss: 3.1930 (Fused: 3.1930) | Train C-index: 0.6797 | Val Fused: 0.6800 | Val CT: 0.4008 | Val PA: 0.3989
Feature stats | CT: mean=0.7097, std=0.7272, mean_l2=22.9912, median_l2=22.9980, mean_abs=0.7097, max_abs=4.1574 | PA: mean=0.3121, std=0.2598, mean_l2=9.1711, median_l2=9.1157, mean_abs=0.3121, max_abs=2.0335
Epoch 5/30 | Train Loss: 3.0836 (Fused: 3.0836) | Train C-index: 0.7080 | Val Fused: 0.6876 | Val CT: 0.4056 | Val PA: 0.4030
Feature stats | CT: mean=0.6993, std=0.7073, mean_l2=22.5027, median_l2=22.4385, mean_abs=0.6993, max_abs=4.1602 | PA: mean=0.3227, std=0.2704, mean_l2=9.5069, median_l2=9.4520, mean_abs=0.3227, max_abs=2.1396
Epoch 6/30 | Train Loss: 3.0362 (Fused: 3.0362) | Train C-index: 0.7162 | Val Fused: 0.6926 | Val CT: 0.4160 | Val PA: 0.4008
Feature stats | CT: mean=0.6977, std=0.7058, mean_l2=22.4529, median_l2=22.3850, mean_abs=0.6977, max_abs=4.2311 | PA: mean=0.3306, std=0.2770, mean_l2=9.7386, median_l2=9.6837, mean_abs=0.3306, max_abs=2.1078
Epoch 7/30 | Train Loss: 3.0246 (Fused: 3.0246) | Train C-index: 0.7341 | Val Fused: 0.6999 | Val CT: 0.4002 | Val PA: 0.4037
Feature stats | CT: mean=0.6967, std=0.7048, mean_l2=22.4208, median_l2=22.3554, mean_abs=0.6967, max_abs=4.1933 | PA: mean=0.3350, std=0.2799, mean_l2=9.8580, median_l2=9.8247, mean_abs=0.3350, max_abs=2.0924
Epoch 8/30 | Train Loss: 2.9594 (Fused: 2.9594) | Train C-index: 0.7454 | Val Fused: 0.7034 | Val CT: 0.3837 | Val PA: 0.4053
Feature stats | CT: mean=0.6786, std=0.6848, mean_l2=21.8112, median_l2=21.7452, mean_abs=0.6786, max_abs=4.1242 | PA: mean=0.3387, std=0.2823, mean_l2=9.9558, median_l2=9.8872, mean_abs=0.3387, max_abs=2.0938
Epoch 9/30 | Train Loss: 2.9490 (Fused: 2.9490) | Train C-index: 0.7652 | Val Fused: 0.7132 | Val CT: 0.3886 | Val PA: 0.4005
Feature stats | CT: mean=0.6590, std=0.6612, mean_l2=21.1199, median_l2=21.0851, mean_abs=0.6590, max_abs=4.1709 | PA: mean=0.3431, std=0.2850, mean_l2=10.0701, median_l2=10.0194, mean_abs=0.3431, max_abs=2.1321
Epoch 10/30 | Train Loss: 2.9315 (Fused: 2.9315) | Train C-index: 0.7677 | Val Fused: 0.7218 | Val CT: 0.3840 | Val PA: 0.4113
Feature stats | CT: mean=0.6386, std=0.6296, mean_l2=20.2885, median_l2=20.2829, mean_abs=0.6386, max_abs=4.1783 | PA: mean=0.3497, std=0.2889, mean_l2=10.2433, median_l2=10.1990, mean_abs=0.3497, max_abs=2.1240
Epoch 11/30 | Train Loss: 2.8784 (Fused: 2.8784) | Train C-index: 0.7799 | Val Fused: 0.7228 | Val CT: 0.3970 | Val PA: 0.4335
Feature stats | CT: mean=0.6226, std=0.5997, mean_l2=19.5595, median_l2=19.5386, mean_abs=0.6226, max_abs=3.9544 | PA: mean=0.3542, std=0.2923, mean_l2=10.3690, median_l2=10.3294, mean_abs=0.3542, max_abs=2.1378
Epoch 12/30 | Train Loss: 2.8472 (Fused: 2.8472) | Train C-index: 0.7929 | Val Fused: 0.7208 | Val CT: 0.3869 | Val PA: 0.4417
Feature stats | CT: mean=0.6172, std=0.5867, mean_l2=19.2669, median_l2=19.2467, mean_abs=0.6172, max_abs=3.9059 | PA: mean=0.3589, std=0.2964, mean_l2=10.5084, median_l2=10.4679, mean_abs=0.3589, max_abs=2.2479
Epoch 13/30 | Train Loss: 2.8532 (Fused: 2.8532) | Train C-index: 0.7923 | Val Fused: 0.7218 | Val CT: 0.3805 | Val PA: 0.4316
Feature stats | CT: mean=0.6072, std=0.5721, mean_l2=18.8755, median_l2=18.8486, mean_abs=0.6072, max_abs=3.5547 | PA: mean=0.3632, std=0.2985, mean_l2=10.6127, median_l2=10.5789, mean_abs=0.3632, max_abs=2.2781
Epoch 14/30 | Train Loss: 2.7037 (Fused: 2.7037) | Train C-index: 0.8194 | Val Fused: 0.7034 | Val CT: 0.4119 | Val PA: 0.4487
Feature stats | CT: mean=0.6003, std=0.5712, mean_l2=18.7489, median_l2=18.7075, mean_abs=0.6003, max_abs=3.7674 | PA: mean=0.3663, std=0.2994, mean_l2=10.6799, median_l2=10.6594, mean_abs=0.3663, max_abs=2.2634
Epoch 15/30 | Train Loss: 2.7313 (Fused: 2.7313) | Train C-index: 0.8237 | Val Fused: 0.7129 | Val CT: 0.4189 | Val PA: 0.4582
Feature stats | CT: mean=0.5850, std=0.5618, mean_l2=18.3512, median_l2=18.3341, mean_abs=0.5850, max_abs=3.8161 | PA: mean=0.3668, std=0.2984, mean_l2=10.6746, median_l2=10.6257, mean_abs=0.3668, max_abs=2.2441
Epoch 16/30 | Train Loss: 2.6523 (Fused: 2.6523) | Train C-index: 0.8276 | Val Fused: 0.7326 | Val CT: 0.4176 | Val PA: 0.4712
Feature stats | CT: mean=0.5765, std=0.5532, mean_l2=18.0790, median_l2=18.0712, mean_abs=0.5765, max_abs=3.8330 | PA: mean=0.3683, std=0.3040, mean_l2=10.7787, median_l2=10.7371, mean_abs=0.3683, max_abs=2.3107
Epoch 17/30 | Train Loss: 2.6514 (Fused: 2.6514) | Train C-index: 0.8316 | Val Fused: 0.7269 | Val CT: 0.4173 | Val PA: 0.4870
Feature stats | CT: mean=0.5742, std=0.5489, mean_l2=17.9726, median_l2=17.9650, mean_abs=0.5742, max_abs=3.8489 | PA: mean=0.3687, std=0.3064, mean_l2=10.8193, median_l2=10.7645, mean_abs=0.3687, max_abs=2.4169
Epoch 18/30 | Train Loss: 2.5230 (Fused: 2.5230) | Train C-index: 0.8484 | Val Fused: 0.7399 | Val CT: 0.4186 | Val PA: 0.4987
Feature stats | CT: mean=0.5703, std=0.5434, mean_l2=17.8238, median_l2=17.8033, mean_abs=0.5703, max_abs=3.5660 | PA: mean=0.3670, std=0.3024, mean_l2=10.7322, median_l2=10.6828, mean_abs=0.3670, max_abs=2.4799
Epoch 19/30 | Train Loss: 2.4820 (Fused: 2.4820) | Train C-index: 0.8607 | Val Fused: 0.7262 | Val CT: 0.4214 | Val PA: 0.5025
Feature stats | CT: mean=0.5648, std=0.5418, mean_l2=17.7082, median_l2=17.6897, mean_abs=0.5648, max_abs=3.5430 | PA: mean=0.3667, std=0.2956, mean_l2=10.6302, median_l2=10.5686, mean_abs=0.3667, max_abs=2.4889
Epoch 20/30 | Train Loss: 2.3808 (Fused: 2.3808) | Train C-index: 0.8663 | Val Fused: 0.7253 | Val CT: 0.4018 | Val PA: 0.5127
Feature stats | CT: mean=0.5559, std=0.5265, mean_l2=17.3235, median_l2=17.3151, mean_abs=0.5559, max_abs=3.4459 | PA: mean=0.3679, std=0.2978, mean_l2=10.6789, median_l2=10.6040, mean_abs=0.3679, max_abs=2.5590
Epoch 21/30 | Train Loss: 2.3667 (Fused: 2.3667) | Train C-index: 0.8700 | Val Fused: 0.7253 | Val CT: 0.4113 | Val PA: 0.5136
Feature stats | CT: mean=0.5490, std=0.5109, mean_l2=16.9679, median_l2=16.9352, mean_abs=0.5490, max_abs=3.2044 | PA: mean=0.3718, std=0.3009, mean_l2=10.7941, median_l2=10.7201, mean_abs=0.3718, max_abs=2.5684
Epoch 22/30 | Train Loss: 2.2631 (Fused: 2.2631) | Train C-index: 0.8892 | Val Fused: 0.7300 | Val CT: 0.4385 | Val PA: 0.5098
Feature stats | CT: mean=0.5359, std=0.4954, mean_l2=16.5136, median_l2=16.4988, mean_abs=0.5359, max_abs=3.2304 | PA: mean=0.3764, std=0.3035, mean_l2=10.9081, median_l2=10.8352, mean_abs=0.3764, max_abs=2.6244
Epoch 23/30 | Train Loss: 2.2613 (Fused: 2.2613) | Train C-index: 0.8916 | Val Fused: 0.7316 | Val CT: 0.4163 | Val PA: 0.5035
Feature stats | CT: mean=0.5280, std=0.4918, mean_l2=16.3262, median_l2=16.3091, mean_abs=0.5280, max_abs=3.3543 | PA: mean=0.3763, std=0.3048, mean_l2=10.9247, median_l2=10.8508, mean_abs=0.3763, max_abs=2.5561
Epoch 24/30 | Train Loss: 2.1870 (Fused: 2.1870) | Train C-index: 0.8994 | Val Fused: 0.7120 | Val CT: 0.3954 | Val PA: 0.4870
Feature stats | CT: mean=0.5315, std=0.5063, mean_l2=16.6082, median_l2=16.5757, mean_abs=0.5315, max_abs=3.5223 | PA: mean=0.3773, std=0.3098, mean_l2=11.0112, median_l2=10.9151, mean_abs=0.3773, max_abs=2.6716
Epoch 25/30 | Train Loss: 2.2677 (Fused: 2.2677) | Train C-index: 0.8963 | Val Fused: 0.7278 | Val CT: 0.3992 | Val PA: 0.4883
Feature stats | CT: mean=0.5316, std=0.5159, mean_l2=16.7599, median_l2=16.7387, mean_abs=0.5316, max_abs=3.8095 | PA: mean=0.3815, std=0.3209, mean_l2=11.2354, median_l2=11.1294, mean_abs=0.3815, max_abs=2.9911
Epoch 26/30 | Train Loss: 2.1452 (Fused: 2.1452) | Train C-index: 0.8972 | Val Fused: 0.7370 | Val CT: 0.4122 | Val PA: 0.4914
Feature stats | CT: mean=0.5270, std=0.5137, mean_l2=16.6514, median_l2=16.6256, mean_abs=0.5270, max_abs=3.8548 | PA: mean=0.3839, std=0.3313, mean_l2=11.4263, median_l2=11.3111, mean_abs=0.3839, max_abs=2.9198
Epoch 27/30 | Train Loss: 2.1410 (Fused: 2.1410) | Train C-index: 0.9052 | Val Fused: 0.7345 | Val CT: 0.4053 | Val PA: 0.5190
Feature stats | CT: mean=0.5198, std=0.5028, mean_l2=16.3627, median_l2=16.3195, mean_abs=0.5198, max_abs=3.6541 | PA: mean=0.3825, std=0.3296, mean_l2=11.3823, median_l2=11.2290, mean_abs=0.3825, max_abs=2.8516
Epoch 28/30 | Train Loss: 2.0249 (Fused: 2.0249) | Train C-index: 0.9144 | Val Fused: 0.7319 | Val CT: 0.4053 | Val PA: 0.5177
Feature stats | CT: mean=0.5120, std=0.4927, mean_l2=16.0773, median_l2=16.0608, mean_abs=0.5120, max_abs=3.6034 | PA: mean=0.3793, std=0.3170, mean_l2=11.1433, median_l2=11.0086, mean_abs=0.3793, max_abs=2.8793
Early stopping at epoch 28
Fold 2 best C-index: 0.7399

Extra survival metrics:
cutoff_from_train_median: -0.404833
n_test: 112
n_high_risk: 53
n_low_risk: 59
n_event_test: 38
logrank_stat: 11.705063
logrank_p: 0.000623
auc_36m: 0.739515
auc_60m: 0.778255
HR_high_vs_low: 3.194730
HR_95CI_lower: 1.582594
HR_95CI_upper: 6.449094
cox_p: 0.001192

==================================================
Fold 4/5
==================================================
[ResNetCox] Loaded pretrained from /home/gly001/cqj/pa_ct_surv/model/ct_pretrain/resnet_18_23dataset.pth
  Missing keys (ok): ['fc.weight', 'fc.bias']
Epoch 1/30 | Train Loss: 3.3011 (Fused: 3.3011) | Train C-index: 0.5408 | Val Fused: 0.6020 | Val CT: 0.5072 | Val PA: 0.4644
Feature stats | CT: mean=0.8594, std=0.8765, mean_l2=27.7736, median_l2=27.7227, mean_abs=0.8594, max_abs=6.7468 | PA: mean=0.2816, std=0.2179, mean_l2=8.0508, median_l2=8.0107, mean_abs=0.2816, max_abs=1.8139
Epoch 2/30 | Train Loss: 3.3006 (Fused: 3.3006) | Train C-index: 0.6456 | Val Fused: 0.5963 | Val CT: 0.5085 | Val PA: 0.4499
Feature stats | CT: mean=0.8628, std=0.8754, mean_l2=27.8062, median_l2=27.8093, mean_abs=0.8628, max_abs=6.7710 | PA: mean=0.2926, std=0.2320, mean_l2=8.4393, median_l2=8.4066, mean_abs=0.2926, max_abs=1.8722
Epoch 3/30 | Train Loss: 3.1647 (Fused: 3.1647) | Train C-index: 0.6639 | Val Fused: 0.6036 | Val CT: 0.4931 | Val PA: 0.4499
Feature stats | CT: mean=0.7981, std=0.8176, mean_l2=25.8460, median_l2=25.8518, mean_abs=0.7981, max_abs=6.4468 | PA: mean=0.3024, std=0.2445, mean_l2=8.7855, median_l2=8.7533, mean_abs=0.3024, max_abs=1.9396
Epoch 4/30 | Train Loss: 3.1439 (Fused: 3.1439) | Train C-index: 0.7071 | Val Fused: 0.6086 | Val CT: 0.4827 | Val PA: 0.4569
Feature stats | CT: mean=0.7528, std=0.7681, mean_l2=24.3307, median_l2=24.3437, mean_abs=0.7528, max_abs=5.7923 | PA: mean=0.3120, std=0.2556, mean_l2=9.1113, median_l2=9.0633, mean_abs=0.3120, max_abs=2.0565
Epoch 5/30 | Train Loss: 3.0614 (Fused: 3.0614) | Train C-index: 0.7276 | Val Fused: 0.6118 | Val CT: 0.4795 | Val PA: 0.4651
Feature stats | CT: mean=0.7152, std=0.7275, mean_l2=23.0805, median_l2=23.0553, mean_abs=0.7152, max_abs=5.1422 | PA: mean=0.3228, std=0.2674, mean_l2=9.4678, median_l2=9.4179, mean_abs=0.3228, max_abs=2.1155
Epoch 6/30 | Train Loss: 3.0324 (Fused: 3.0324) | Train C-index: 0.7262 | Val Fused: 0.6146 | Val CT: 0.4707 | Val PA: 0.4679
Feature stats | CT: mean=0.6883, std=0.6979, mean_l2=22.1770, median_l2=22.1421, mean_abs=0.6883, max_abs=4.7009 | PA: mean=0.3309, std=0.2763, mean_l2=9.7364, median_l2=9.6927, mean_abs=0.3309, max_abs=2.1987
Epoch 7/30 | Train Loss: 2.9629 (Fused: 2.9629) | Train C-index: 0.7462 | Val Fused: 0.6200 | Val CT: 0.4688 | Val PA: 0.4720
Feature stats | CT: mean=0.6709, std=0.6787, mean_l2=21.5929, median_l2=21.5683, mean_abs=0.6709, max_abs=4.0618 | PA: mean=0.3366, std=0.2812, mean_l2=9.9077, median_l2=9.8860, mean_abs=0.3366, max_abs=2.1902
Epoch 8/30 | Train Loss: 2.9871 (Fused: 2.9871) | Train C-index: 0.7468 | Val Fused: 0.6256 | Val CT: 0.4723 | Val PA: 0.4713
Feature stats | CT: mean=0.6571, std=0.6658, mean_l2=21.1665, median_l2=21.1582, mean_abs=0.6571, max_abs=4.3394 | PA: mean=0.3413, std=0.2832, mean_l2=10.0188, median_l2=9.9986, mean_abs=0.3413, max_abs=2.1620
Epoch 9/30 | Train Loss: 2.8674 (Fused: 2.8674) | Train C-index: 0.7675 | Val Fused: 0.6332 | Val CT: 0.4754 | Val PA: 0.4745
Feature stats | CT: mean=0.6423, std=0.6509, mean_l2=20.6906, median_l2=20.6867, mean_abs=0.6423, max_abs=4.4520 | PA: mean=0.3467, std=0.2859, mean_l2=10.1496, median_l2=10.1247, mean_abs=0.3467, max_abs=2.2328
Epoch 10/30 | Train Loss: 2.8059 (Fused: 2.8059) | Train C-index: 0.7826 | Val Fused: 0.6401 | Val CT: 0.4764 | Val PA: 0.4628
Feature stats | CT: mean=0.6323, std=0.6370, mean_l2=20.3083, median_l2=20.2996, mean_abs=0.6323, max_abs=4.1419 | PA: mean=0.3527, std=0.2878, mean_l2=10.2806, median_l2=10.2587, mean_abs=0.3527, max_abs=2.2628
Epoch 11/30 | Train Loss: 2.7694 (Fused: 2.7694) | Train C-index: 0.7957 | Val Fused: 0.6458 | Val CT: 0.4695 | Val PA: 0.4594
Feature stats | CT: mean=0.6262, std=0.6231, mean_l2=19.9892, median_l2=19.9872, mean_abs=0.6262, max_abs=3.9362 | PA: mean=0.3568, std=0.2887, mean_l2=10.3666, median_l2=10.3560, mean_abs=0.3568, max_abs=2.2459
Epoch 12/30 | Train Loss: 2.7400 (Fused: 2.7400) | Train C-index: 0.8006 | Val Fused: 0.6508 | Val CT: 0.4613 | Val PA: 0.4603
Feature stats | CT: mean=0.6181, std=0.6153, mean_l2=19.7343, median_l2=19.7143, mean_abs=0.6181, max_abs=4.0433 | PA: mean=0.3593, std=0.2876, mean_l2=10.3927, median_l2=10.3999, mean_abs=0.3593, max_abs=2.1076
Epoch 13/30 | Train Loss: 2.6953 (Fused: 2.6953) | Train C-index: 0.8132 | Val Fused: 0.6514 | Val CT: 0.4591 | Val PA: 0.4591
Feature stats | CT: mean=0.6101, std=0.6069, mean_l2=19.4711, median_l2=19.4373, mean_abs=0.6101, max_abs=4.1435 | PA: mean=0.3623, std=0.2857, mean_l2=10.4197, median_l2=10.4326, mean_abs=0.3623, max_abs=2.0644
Epoch 14/30 | Train Loss: 2.6186 (Fused: 2.6186) | Train C-index: 0.8291 | Val Fused: 0.6508 | Val CT: 0.4647 | Val PA: 0.4581
Feature stats | CT: mean=0.6043, std=0.6018, mean_l2=19.2977, median_l2=19.2540, mean_abs=0.6043, max_abs=4.2878 | PA: mean=0.3683, std=0.2877, mean_l2=10.5549, median_l2=10.5628, mean_abs=0.3683, max_abs=2.1445
Epoch 15/30 | Train Loss: 2.6114 (Fused: 2.6114) | Train C-index: 0.8342 | Val Fused: 0.6543 | Val CT: 0.4773 | Val PA: 0.4632
Feature stats | CT: mean=0.5984, std=0.5948, mean_l2=19.0903, median_l2=19.0564, mean_abs=0.5984, max_abs=4.2662 | PA: mean=0.3736, std=0.2908, mean_l2=10.6907, median_l2=10.7051, mean_abs=0.3736, max_abs=2.5646
Epoch 16/30 | Train Loss: 2.5245 (Fused: 2.5245) | Train C-index: 0.8406 | Val Fused: 0.6647 | Val CT: 0.4805 | Val PA: 0.4736
Feature stats | CT: mean=0.5880, std=0.5838, mean_l2=18.7476, median_l2=18.7159, mean_abs=0.5880, max_abs=4.1991 | PA: mean=0.3783, std=0.2959, mean_l2=10.8456, median_l2=10.8362, mean_abs=0.3783, max_abs=2.6046
Epoch 17/30 | Train Loss: 2.4775 (Fused: 2.4775) | Train C-index: 0.8501 | Val Fused: 0.6672 | Val CT: 0.4581 | Val PA: 0.4736
Feature stats | CT: mean=0.5780, std=0.5742, mean_l2=18.4352, median_l2=18.4199, mean_abs=0.5780, max_abs=4.0027 | PA: mean=0.3825, std=0.3001, mean_l2=10.9766, median_l2=10.9915, mean_abs=0.3825, max_abs=2.6630
Epoch 18/30 | Train Loss: 2.4191 (Fused: 2.4191) | Train C-index: 0.8633 | Val Fused: 0.6599 | Val CT: 0.4446 | Val PA: 0.4754
Feature stats | CT: mean=0.5713, std=0.5681, mean_l2=18.2301, median_l2=18.2150, mean_abs=0.5713, max_abs=3.9111 | PA: mean=0.3813, std=0.2988, mean_l2=10.9365, median_l2=10.9485, mean_abs=0.3813, max_abs=2.9301
Epoch 19/30 | Train Loss: 2.3855 (Fused: 2.3855) | Train C-index: 0.8765 | Val Fused: 0.6574 | Val CT: 0.4383 | Val PA: 0.4745
Feature stats | CT: mean=0.5646, std=0.5546, mean_l2=17.9070, median_l2=17.8835, mean_abs=0.5646, max_abs=3.9471 | PA: mean=0.3816, std=0.2994, mean_l2=10.9508, median_l2=10.9691, mean_abs=0.3816, max_abs=2.8791
Epoch 20/30 | Train Loss: 2.2762 (Fused: 2.2762) | Train C-index: 0.8838 | Val Fused: 0.6603 | Val CT: 0.4433 | Val PA: 0.4556
Feature stats | CT: mean=0.5640, std=0.5493, mean_l2=17.8122, median_l2=17.7694, mean_abs=0.5640, max_abs=3.9989 | PA: mean=0.3793, std=0.2979, mean_l2=10.8890, median_l2=10.8934, mean_abs=0.3793, max_abs=3.0722
Epoch 21/30 | Train Loss: 2.1937 (Fused: 2.1937) | Train C-index: 0.8898 | Val Fused: 0.6568 | Val CT: 0.4414 | Val PA: 0.4638
Feature stats | CT: mean=0.5623, std=0.5512, mean_l2=17.8133, median_l2=17.7575, mean_abs=0.5623, max_abs=4.0590 | PA: mean=0.3788, std=0.2983, mean_l2=10.8856, median_l2=10.8856, mean_abs=0.3788, max_abs=3.1005
Epoch 22/30 | Train Loss: 2.1721 (Fused: 2.1721) | Train C-index: 0.8997 | Val Fused: 0.6521 | Val CT: 0.4446 | Val PA: 0.4666
Feature stats | CT: mean=0.5447, std=0.5272, mean_l2=17.1526, median_l2=17.1471, mean_abs=0.5447, max_abs=3.6434 | PA: mean=0.3810, std=0.3030, mean_l2=10.9893, median_l2=10.9899, mean_abs=0.3810, max_abs=3.1108
Epoch 23/30 | Train Loss: 2.1118 (Fused: 2.1118) | Train C-index: 0.9018 | Val Fused: 0.6458 | Val CT: 0.4399 | Val PA: 0.4625
Feature stats | CT: mean=0.5376, std=0.5166, mean_l2=16.8707, median_l2=16.8651, mean_abs=0.5376, max_abs=3.4080 | PA: mean=0.3837, std=0.3050, mean_l2=11.0668, median_l2=11.0897, mean_abs=0.3837, max_abs=2.9925
Epoch 24/30 | Train Loss: 2.0651 (Fused: 2.0651) | Train C-index: 0.9162 | Val Fused: 0.6467 | Val CT: 0.4468 | Val PA: 0.4676
Feature stats | CT: mean=0.5283, std=0.5036, mean_l2=16.5149, median_l2=16.5123, mean_abs=0.5283, max_abs=3.3518 | PA: mean=0.3854, std=0.3041, mean_l2=11.0838, median_l2=11.0951, mean_abs=0.3854, max_abs=2.9575
Epoch 25/30 | Train Loss: 2.0316 (Fused: 2.0316) | Train C-index: 0.9110 | Val Fused: 0.6407 | Val CT: 0.4440 | Val PA: 0.4710
Feature stats | CT: mean=0.5229, std=0.4978, mean_l2=16.3358, median_l2=16.3209, mean_abs=0.5229, max_abs=3.2273 | PA: mean=0.3789, std=0.2963, mean_l2=10.8591, median_l2=10.8300, mean_abs=0.3789, max_abs=3.0769
Epoch 26/30 | Train Loss: 2.0480 (Fused: 2.0480) | Train C-index: 0.9219 | Val Fused: 0.6370 | Val CT: 0.4512 | Val PA: 0.4666
Feature stats | CT: mean=0.5227, std=0.4992, mean_l2=16.3535, median_l2=16.3388, mean_abs=0.5227, max_abs=3.1441 | PA: mean=0.3754, std=0.3003, mean_l2=10.8533, median_l2=10.8671, mean_abs=0.3754, max_abs=2.9928
Epoch 27/30 | Train Loss: 1.8788 (Fused: 1.8788) | Train C-index: 0.9318 | Val Fused: 0.6411 | Val CT: 0.4651 | Val PA: 0.4710
Feature stats | CT: mean=0.5185, std=0.4982, mean_l2=16.2712, median_l2=16.2604, mean_abs=0.5185, max_abs=3.2059 | PA: mean=0.3721, std=0.3006, mean_l2=10.7981, median_l2=10.8000, mean_abs=0.3721, max_abs=3.0507
Early stopping at epoch 27
Fold 3 best C-index: 0.6672

Extra survival metrics:
cutoff_from_train_median: -1.201735
n_test: 112
n_high_risk: 62
n_low_risk: 50
n_event_test: 38
logrank_stat: 8.853744
logrank_p: 0.002925
auc_36m: 0.663658
auc_60m: 0.656487
HR_high_vs_low: 2.960045
HR_95CI_lower: 1.397324
HR_95CI_upper: 6.270462
cox_p: 0.004604

==================================================
Fold 5/5
==================================================
[ResNetCox] Loaded pretrained from /home/gly001/cqj/pa_ct_surv/model/ct_pretrain/resnet_18_23dataset.pth
  Missing keys (ok): ['fc.weight', 'fc.bias']
Epoch 1/30 | Train Loss: 3.3407 (Fused: 3.3407) | Train C-index: 0.5238 | Val Fused: 0.6830 | Val CT: 0.3673 | Val PA: 0.4403
Feature stats | CT: mean=0.8626, std=0.8836, mean_l2=27.9383, median_l2=27.8798, mean_abs=0.8626, max_abs=6.6489 | PA: mean=0.2805, std=0.2168, mean_l2=8.0147, median_l2=7.9866, mean_abs=0.2805, max_abs=1.8019
Epoch 2/30 | Train Loss: 3.3054 (Fused: 3.3054) | Train C-index: 0.5975 | Val Fused: 0.6817 | Val CT: 0.3415 | Val PA: 0.4175
Feature stats | CT: mean=0.8246, std=0.8612, mean_l2=26.9756, median_l2=26.9589, mean_abs=0.8246, max_abs=6.6086 | PA: mean=0.2889, std=0.2310, mean_l2=8.3597, median_l2=8.3127, mean_abs=0.2889, max_abs=1.7877
Epoch 3/30 | Train Loss: 3.1326 (Fused: 3.1326) | Train C-index: 0.6826 | Val Fused: 0.6856 | Val CT: 0.3147 | Val PA: 0.4020
Feature stats | CT: mean=0.7835, std=0.8186, mean_l2=25.6364, median_l2=25.6404, mean_abs=0.7835, max_abs=6.1038 | PA: mean=0.2992, std=0.2444, mean_l2=8.7278, median_l2=8.6788, mean_abs=0.2992, max_abs=1.9390
Epoch 4/30 | Train Loss: 3.1440 (Fused: 3.1440) | Train C-index: 0.6859 | Val Fused: 0.6902 | Val CT: 0.2813 | Val PA: 0.3874
Feature stats | CT: mean=0.7501, std=0.7701, mean_l2=24.3194, median_l2=24.3250, mean_abs=0.7501, max_abs=5.4758 | PA: mean=0.3092, std=0.2569, mean_l2=9.0790, median_l2=8.9989, mean_abs=0.3092, max_abs=1.9645
Epoch 5/30 | Train Loss: 3.0951 (Fused: 3.0951) | Train C-index: 0.7086 | Val Fused: 0.6860 | Val CT: 0.2727 | Val PA: 0.3825
Feature stats | CT: mean=0.7069, std=0.7209, mean_l2=22.8414, median_l2=22.8159, mean_abs=0.7069, max_abs=4.7461 | PA: mean=0.3198, std=0.2699, mean_l2=9.4472, median_l2=9.3864, mean_abs=0.3198, max_abs=2.0323
Epoch 6/30 | Train Loss: 3.0800 (Fused: 3.0800) | Train C-index: 0.7096 | Val Fused: 0.6869 | Val CT: 0.2750 | Val PA: 0.3779
Feature stats | CT: mean=0.6713, std=0.6814, mean_l2=21.6424, median_l2=21.6147, mean_abs=0.6713, max_abs=4.2697 | PA: mean=0.3279, std=0.2786, mean_l2=9.7134, median_l2=9.6446, mean_abs=0.3279, max_abs=1.9973
Epoch 7/30 | Train Loss: 2.9776 (Fused: 2.9776) | Train C-index: 0.7467 | Val Fused: 0.6879 | Val CT: 0.2760 | Val PA: 0.3716
Feature stats | CT: mean=0.6459, std=0.6497, mean_l2=20.7286, median_l2=20.7184, mean_abs=0.6459, max_abs=4.1819 | PA: mean=0.3361, std=0.2855, mean_l2=9.9528, median_l2=9.8819, mean_abs=0.3361, max_abs=2.0423
Epoch 8/30 | Train Loss: 2.9615 (Fused: 2.9615) | Train C-index: 0.7515 | Val Fused: 0.6906 | Val CT: 0.2750 | Val PA: 0.3828
Feature stats | CT: mean=0.6287, std=0.6278, mean_l2=20.1035, median_l2=20.0995, mean_abs=0.6287, max_abs=4.0749 | PA: mean=0.3443, std=0.2913, mean_l2=10.1763, median_l2=10.0960, mean_abs=0.3443, max_abs=2.0521
Epoch 9/30 | Train Loss: 2.9201 (Fused: 2.9201) | Train C-index: 0.7628 | Val Fused: 0.6922 | Val CT: 0.2727 | Val PA: 0.4165
Feature stats | CT: mean=0.6159, std=0.6100, mean_l2=19.6133, median_l2=19.6030, mean_abs=0.6159, max_abs=3.8402 | PA: mean=0.3527, std=0.2976, mean_l2=10.4116, median_l2=10.3427, mean_abs=0.3527, max_abs=2.1165
Epoch 10/30 | Train Loss: 2.8167 (Fused: 2.8167) | Train C-index: 0.7796 | Val Fused: 0.7005 | Val CT: 0.2780 | Val PA: 0.4284
Feature stats | CT: mean=0.6074, std=0.5968, mean_l2=19.2669, median_l2=19.2654, mean_abs=0.6074, max_abs=3.9416 | PA: mean=0.3606, std=0.3002, mean_l2=10.5896, median_l2=10.5536, mean_abs=0.3606, max_abs=2.2163
Epoch 11/30 | Train Loss: 2.9158 (Fused: 2.9158) | Train C-index: 0.7845 | Val Fused: 0.7002 | Val CT: 0.2932 | Val PA: 0.4410
Feature stats | CT: mean=0.6021, std=0.5885, mean_l2=19.0501, median_l2=19.0414, mean_abs=0.6021, max_abs=3.9802 | PA: mean=0.3647, std=0.3005, mean_l2=10.6654, median_l2=10.6461, mean_abs=0.3647, max_abs=2.1367
Epoch 12/30 | Train Loss: 2.7549 (Fused: 2.7549) | Train C-index: 0.8033 | Val Fused: 0.6992 | Val CT: 0.3517 | Val PA: 0.4483
Feature stats | CT: mean=0.5984, std=0.5892, mean_l2=19.0021, median_l2=18.9906, mean_abs=0.5984, max_abs=3.7331 | PA: mean=0.3666, std=0.2991, mean_l2=10.6789, median_l2=10.6604, mean_abs=0.3666, max_abs=2.1245
Epoch 13/30 | Train Loss: 2.7161 (Fused: 2.7161) | Train C-index: 0.8196 | Val Fused: 0.6975 | Val CT: 0.3577 | Val PA: 0.4479
Feature stats | CT: mean=0.5945, std=0.5914, mean_l2=18.9752, median_l2=18.9795, mean_abs=0.5945, max_abs=3.9139 | PA: mean=0.3686, std=0.2984, mean_l2=10.7036, median_l2=10.6994, mean_abs=0.3686, max_abs=2.1536
Epoch 14/30 | Train Loss: 2.6222 (Fused: 2.6222) | Train C-index: 0.8314 | Val Fused: 0.7028 | Val CT: 0.3527 | Val PA: 0.4410
Feature stats | CT: mean=0.5893, std=0.5860, mean_l2=18.8039, median_l2=18.8011, mean_abs=0.5893, max_abs=3.9389 | PA: mean=0.3722, std=0.3002, mean_l2=10.7913, median_l2=10.7704, mean_abs=0.3722, max_abs=2.2166
Epoch 15/30 | Train Loss: 2.6142 (Fused: 2.6142) | Train C-index: 0.8426 | Val Fused: 0.7150 | Val CT: 0.3537 | Val PA: 0.4245
Feature stats | CT: mean=0.5795, std=0.5766, mean_l2=18.4959, median_l2=18.4728, mean_abs=0.5795, max_abs=3.9486 | PA: mean=0.3777, std=0.3046, mean_l2=10.9508, median_l2=10.9512, mean_abs=0.3777, max_abs=2.2843
Epoch 16/30 | Train Loss: 2.5490 (Fused: 2.5490) | Train C-index: 0.8505 | Val Fused: 0.7150 | Val CT: 0.3527 | Val PA: 0.4089
Feature stats | CT: mean=0.5727, std=0.5755, mean_l2=18.3708, median_l2=18.3916, mean_abs=0.5727, max_abs=4.1295 | PA: mean=0.3820, std=0.3047, mean_l2=11.0278, median_l2=11.0245, mean_abs=0.3820, max_abs=2.2180
Epoch 17/30 | Train Loss: 2.4728 (Fused: 2.4728) | Train C-index: 0.8581 | Val Fused: 0.7193 | Val CT: 0.3501 | Val PA: 0.4056
Feature stats | CT: mean=0.5561, std=0.5521, mean_l2=17.7313, median_l2=17.7216, mean_abs=0.5561, max_abs=4.0634 | PA: mean=0.3854, std=0.3059, mean_l2=11.1043, median_l2=11.1025, mean_abs=0.3854, max_abs=2.4058
Epoch 18/30 | Train Loss: 2.3848 (Fused: 2.3848) | Train C-index: 0.8634 | Val Fused: 0.7187 | Val CT: 0.3679 | Val PA: 0.3874
Feature stats | CT: mean=0.5486, std=0.5393, mean_l2=17.4058, median_l2=17.3934, mean_abs=0.5486, max_abs=3.5850 | PA: mean=0.3881, std=0.3053, mean_l2=11.1416, median_l2=11.0953, mean_abs=0.3881, max_abs=2.4259
Epoch 19/30 | Train Loss: 2.4313 (Fused: 2.4313) | Train C-index: 0.8629 | Val Fused: 0.7061 | Val CT: 0.4241 | Val PA: 0.3798
Feature stats | CT: mean=0.5444, std=0.5404, mean_l2=17.3569, median_l2=17.3580, mean_abs=0.5444, max_abs=3.5854 | PA: mean=0.3882, std=0.3035, mean_l2=11.1197, median_l2=11.0902, mean_abs=0.3882, max_abs=2.4499
Epoch 20/30 | Train Loss: 2.3177 (Fused: 2.3177) | Train C-index: 0.8765 | Val Fused: 0.7094 | Val CT: 0.4258 | Val PA: 0.3802
Feature stats | CT: mean=0.5387, std=0.5377, mean_l2=17.2217, median_l2=17.2213, mean_abs=0.5387, max_abs=3.7213 | PA: mean=0.3878, std=0.3063, mean_l2=11.1515, median_l2=11.1317, mean_abs=0.3878, max_abs=2.6223
Epoch 21/30 | Train Loss: 2.1980 (Fused: 2.1980) | Train C-index: 0.8956 | Val Fused: 0.7081 | Val CT: 0.4126 | Val PA: 0.3868
Feature stats | CT: mean=0.5321, std=0.5329, mean_l2=17.0394, median_l2=17.0365, mean_abs=0.5321, max_abs=3.8926 | PA: mean=0.3891, std=0.3112, mean_l2=11.2406, median_l2=11.2157, mean_abs=0.3891, max_abs=2.6784
Epoch 22/30 | Train Loss: 2.1159 (Fused: 2.1159) | Train C-index: 0.9002 | Val Fused: 0.7068 | Val CT: 0.3845 | Val PA: 0.3888
Feature stats | CT: mean=0.5294, std=0.5297, mean_l2=16.9455, median_l2=16.9397, mean_abs=0.5294, max_abs=3.9214 | PA: mean=0.3902, std=0.3136, mean_l2=11.2911, median_l2=11.2673, mean_abs=0.3902, max_abs=2.6824
Epoch 23/30 | Train Loss: 2.1495 (Fused: 2.1495) | Train C-index: 0.8963 | Val Fused: 0.7025 | Val CT: 0.3871 | Val PA: 0.3838
Feature stats | CT: mean=0.5235, std=0.5197, mean_l2=16.6914, median_l2=16.6826, mean_abs=0.5235, max_abs=3.7933 | PA: mean=0.3902, std=0.3113, mean_l2=11.2586, median_l2=11.2006, mean_abs=0.3902, max_abs=2.5786
Epoch 24/30 | Train Loss: 2.0338 (Fused: 2.0338) | Train C-index: 0.9136 | Val Fused: 0.7045 | Val CT: 0.4089 | Val PA: 0.3990
Feature stats | CT: mean=0.5160, std=0.5097, mean_l2=16.4101, median_l2=16.4108, mean_abs=0.5160, max_abs=3.8283 | PA: mean=0.3901, std=0.3171, mean_l2=11.3394, median_l2=11.3095, mean_abs=0.3901, max_abs=2.6544
Epoch 25/30 | Train Loss: 2.0722 (Fused: 2.0722) | Train C-index: 0.9141 | Val Fused: 0.6962 | Val CT: 0.4298 | Val PA: 0.4069
Feature stats | CT: mean=0.5086, std=0.5003, mean_l2=16.1421, median_l2=16.1392, mean_abs=0.5086, max_abs=3.7314 | PA: mean=0.3892, std=0.3169, mean_l2=11.3201, median_l2=11.3026, mean_abs=0.3892, max_abs=2.6797
Epoch 26/30 | Train Loss: 1.9219 (Fused: 1.9219) | Train C-index: 0.9243 | Val Fused: 0.6846 | Val CT: 0.4112 | Val PA: 0.4076
Feature stats | CT: mean=0.5042, std=0.4993, mean_l2=16.0556, median_l2=16.0517, mean_abs=0.5042, max_abs=3.5031 | PA: mean=0.3873, std=0.3166, mean_l2=11.2833, median_l2=11.2760, mean_abs=0.3873, max_abs=2.8169
Epoch 27/30 | Train Loss: 1.9354 (Fused: 1.9354) | Train C-index: 0.9252 | Val Fused: 0.6860 | Val CT: 0.4053 | Val PA: 0.4165
Feature stats | CT: mean=0.5020, std=0.5031, mean_l2=16.0809, median_l2=16.0628, mean_abs=0.5020, max_abs=3.3979 | PA: mean=0.3837, std=0.3149, mean_l2=11.1966, median_l2=11.2113, mean_abs=0.3837, max_abs=2.7623
Early stopping at epoch 27
Fold 4 best C-index: 0.7193

Extra survival metrics:
cutoff_from_train_median: -1.611877
n_test: 112
n_high_risk: 58
n_low_risk: 54
n_event_test: 38
logrank_stat: 6.788473
logrank_p: 0.009175
auc_36m: 0.770746
auc_60m: 0.765492
HR_high_vs_low: 2.381867
HR_95CI_lower: 1.214471
HR_95CI_upper: 4.671408
cox_p: 0.011558

==================================================
5-Fold CV Summary
==================================================
  C-index: 0.7314 +/- 0.0436
