Using Device: cuda | ROI: 64
PA: abmil | CT: resnet18 | Fusion: weighted | Fusion dropout: 0.25 | Norm: none | CT/PA dropout: 0.0 | CT augmentation: disabled
LR: 0.0001 | CT Backbone LR: 1e-05
Loss: Fused Cox + 0.3*CT + 0.5*PA
CT pretrained: /home/gly001/cqj/pa_ct_surv/model/ct_pretrain/resnet_18_23dataset.pth
Checkpoints: /home/gly001/cqj/pa_ct_surv/checkpoints/pact_v4/pact/roi64_abmil_resnet18_weighted_normnone_fusion_dropout0.25_epochs30_coxbs64_lr1e-4_blr1e-5_wd5e-4_lct0.3_lpa0.5_seed42
Results: /home/gly001/cqj/pa_ct_surv/results/pact_v4/pact/roi64_abmil_resnet18_weighted_normnone_fusion_dropout0.25_epochs30_coxbs64_lr1e-4_blr1e-5_wd5e-4_lct0.3_lpa0.5_seed42
Loaded 703 paired samples
Locked split: train=562, test=141
Test set is not accessed during CV

==================================================
Fold 1/5
==================================================
[ResNetCox] Loaded pretrained from /home/gly001/cqj/pa_ct_surv/model/ct_pretrain/resnet_18_23dataset.pth
  Missing keys (ok): ['fc.weight', 'fc.bias']
Epoch 1/30 | Train Loss: 5.7223 (Fused: 3.1805) | Train C-index: 0.6664 | Val Fused: 0.7283 | Val CT: 0.6145 | Val PA: 0.7276 | Alpha CT: 0.4998 | Alpha PA: 0.5002
Feature stats | CT: mean=0.8684, std=0.8830, mean_l2=28.0198, median_l2=27.9560, mean_abs=0.8684, max_abs=6.6042 | PA: mean=0.2791, std=0.2224, mean_l2=8.0681, median_l2=8.0458, mean_abs=0.2791, max_abs=1.8621
Epoch 2/30 | Train Loss: 5.5692 (Fused: 3.0951) | Train C-index: 0.7256 | Val Fused: 0.7299 | Val CT: 0.6254 | Val PA: 0.7388 | Alpha CT: 0.4996 | Alpha PA: 0.5004
Feature stats | CT: mean=0.8770, std=0.8845, mean_l2=28.1724, median_l2=28.0904, mean_abs=0.8770, max_abs=6.1673 | PA: mean=0.2964, std=0.2420, mean_l2=8.6422, median_l2=8.5790, mean_abs=0.2964, max_abs=2.0814
Epoch 3/30 | Train Loss: 5.4776 (Fused: 3.0340) | Train C-index: 0.7325 | Val Fused: 0.7375 | Val CT: 0.6356 | Val PA: 0.7426 | Alpha CT: 0.4994 | Alpha PA: 0.5006
Feature stats | CT: mean=0.8891, std=0.8936, mean_l2=28.4726, median_l2=28.2039, mean_abs=0.8891, max_abs=5.9213 | PA: mean=0.3253, std=0.2672, mean_l2=9.4961, median_l2=9.3807, mean_abs=0.3253, max_abs=2.1544
Epoch 4/30 | Train Loss: 5.4058 (Fused: 2.9834) | Train C-index: 0.7356 | Val Fused: 0.7378 | Val CT: 0.6451 | Val PA: 0.7458 | Alpha CT: 0.4993 | Alpha PA: 0.5007
Feature stats | CT: mean=0.9321, std=0.9432, mean_l2=29.8499, median_l2=29.3254, mean_abs=0.9321, max_abs=6.6517 | PA: mean=0.3534, std=0.2870, mean_l2=10.2676, median_l2=10.1599, mean_abs=0.3534, max_abs=2.2837
Epoch 5/30 | Train Loss: 5.3479 (Fused: 2.9490) | Train C-index: 0.7559 | Val Fused: 0.7423 | Val CT: 0.6569 | Val PA: 0.7496 | Alpha CT: 0.4991 | Alpha PA: 0.5009
Feature stats | CT: mean=1.0258, std=1.0509, mean_l2=33.0738, median_l2=32.7039, mean_abs=1.0258, max_abs=6.9946 | PA: mean=0.3728, std=0.2983, mean_l2=10.7719, median_l2=10.6580, mean_abs=0.3728, max_abs=2.2989
Epoch 6/30 | Train Loss: 5.2536 (Fused: 2.8959) | Train C-index: 0.7631 | Val Fused: 0.7432 | Val CT: 0.6655 | Val PA: 0.7499 | Alpha CT: 0.4989 | Alpha PA: 0.5011
Feature stats | CT: mean=1.0243, std=1.0489, mean_l2=32.9908, median_l2=32.8995, mean_abs=1.0243, max_abs=6.8216 | PA: mean=0.3917, std=0.3081, mean_l2=11.2458, median_l2=11.1765, mean_abs=0.3917, max_abs=2.3192
Epoch 7/30 | Train Loss: 5.2440 (Fused: 2.8867) | Train C-index: 0.7733 | Val Fused: 0.7451 | Val CT: 0.6623 | Val PA: 0.7522 | Alpha CT: 0.4987 | Alpha PA: 0.5013
Feature stats | CT: mean=0.9787, std=0.9986, mean_l2=31.3932, median_l2=31.1471, mean_abs=0.9787, max_abs=6.6648 | PA: mean=0.4146, std=0.3196, mean_l2=11.8124, median_l2=11.7607, mean_abs=0.4146, max_abs=2.3920
Epoch 8/30 | Train Loss: 5.1846 (Fused: 2.8513) | Train C-index: 0.7859 | Val Fused: 0.7429 | Val CT: 0.6559 | Val PA: 0.7550 | Alpha CT: 0.4985 | Alpha PA: 0.5015
Feature stats | CT: mean=1.0586, std=1.0973, mean_l2=34.2705, median_l2=34.7999, mean_abs=1.0586, max_abs=7.1101 | PA: mean=0.4390, std=0.3307, mean_l2=12.4036, median_l2=12.3810, mean_abs=0.4390, max_abs=2.4506
Epoch 9/30 | Train Loss: 5.0795 (Fused: 2.7942) | Train C-index: 0.7899 | Val Fused: 0.7525 | Val CT: 0.6703 | Val PA: 0.7620 | Alpha CT: 0.4983 | Alpha PA: 0.5017
Feature stats | CT: mean=1.0693, std=1.1246, mean_l2=34.7315, median_l2=34.3799, mean_abs=1.0693, max_abs=7.6227 | PA: mean=0.4633, std=0.3410, mean_l2=12.9803, median_l2=12.9524, mean_abs=0.4633, max_abs=2.5065
Epoch 10/30 | Train Loss: 5.0803 (Fused: 2.7921) | Train C-index: 0.8029 | Val Fused: 0.7537 | Val CT: 0.6473 | Val PA: 0.7671 | Alpha CT: 0.4981 | Alpha PA: 0.5019
Feature stats | CT: mean=1.1120, std=1.1743, mean_l2=36.3025, median_l2=36.4722, mean_abs=1.1120, max_abs=7.5881 | PA: mean=0.4878, std=0.3514, mean_l2=13.5651, median_l2=13.5310, mean_abs=0.4878, max_abs=2.5293
Epoch 11/30 | Train Loss: 4.9789 (Fused: 2.7365) | Train C-index: 0.8095 | Val Fused: 0.7537 | Val CT: 0.6719 | Val PA: 0.7671 | Alpha CT: 0.4979 | Alpha PA: 0.5021
Feature stats | CT: mean=1.0589, std=1.1081, mean_l2=34.3412, median_l2=34.3555, mean_abs=1.0589, max_abs=7.2626 | PA: mean=0.5154, std=0.3625, mean_l2=14.2159, median_l2=14.2157, mean_abs=0.5154, max_abs=2.6005
Epoch 12/30 | Train Loss: 4.9290 (Fused: 2.7027) | Train C-index: 0.8213 | Val Fused: 0.7627 | Val CT: 0.6365 | Val PA: 0.7709 | Alpha CT: 0.4977 | Alpha PA: 0.5023
Feature stats | CT: mean=1.0502, std=1.0952, mean_l2=34.0129, median_l2=33.9131, mean_abs=1.0502, max_abs=7.2697 | PA: mean=0.5433, std=0.3724, mean_l2=14.8594, median_l2=14.8624, mean_abs=0.5433, max_abs=2.6216
Epoch 13/30 | Train Loss: 4.7985 (Fused: 2.6299) | Train C-index: 0.8326 | Val Fused: 0.7662 | Val CT: 0.6824 | Val PA: 0.7703 | Alpha CT: 0.4974 | Alpha PA: 0.5026
Feature stats | CT: mean=1.1048, std=1.1659, mean_l2=36.0575, median_l2=36.1026, mean_abs=1.1048, max_abs=7.5340 | PA: mean=0.5705, std=0.3829, mean_l2=15.4973, median_l2=15.4733, mean_abs=0.5705, max_abs=2.6517
Epoch 14/30 | Train Loss: 4.8321 (Fused: 2.6423) | Train C-index: 0.8300 | Val Fused: 0.7668 | Val CT: 0.6480 | Val PA: 0.7678 | Alpha CT: 0.4972 | Alpha PA: 0.5028
Feature stats | CT: mean=1.0922, std=1.1636, mean_l2=35.6624, median_l2=35.5075, mean_abs=1.0922, max_abs=7.8013 | PA: mean=0.5975, std=0.3951, mean_l2=16.1546, median_l2=16.1705, mean_abs=0.5975, max_abs=2.7218
Epoch 15/30 | Train Loss: 4.7610 (Fused: 2.5976) | Train C-index: 0.8508 | Val Fused: 0.7729 | Val CT: 0.6505 | Val PA: 0.7665 | Alpha CT: 0.4969 | Alpha PA: 0.5031
Feature stats | CT: mean=1.1145, std=1.1751, mean_l2=36.4253, median_l2=36.6382, mean_abs=1.1145, max_abs=7.6032 | PA: mean=0.6215, std=0.4045, mean_l2=16.7225, median_l2=16.7212, mean_abs=0.6215, max_abs=2.8863
Epoch 16/30 | Train Loss: 4.6881 (Fused: 2.5549) | Train C-index: 0.8543 | Val Fused: 0.7875 | Val CT: 0.6824 | Val PA: 0.7811 | Alpha CT: 0.4967 | Alpha PA: 0.5033
Feature stats | CT: mean=1.0753, std=1.1261, mean_l2=34.9577, median_l2=34.9334, mean_abs=1.0753, max_abs=7.3451 | PA: mean=0.6432, std=0.4124, mean_l2=17.2316, median_l2=17.2812, mean_abs=0.6432, max_abs=2.8886
Epoch 17/30 | Train Loss: 4.5140 (Fused: 2.4601) | Train C-index: 0.8639 | Val Fused: 0.7690 | Val CT: 0.6751 | Val PA: 0.7611 | Alpha CT: 0.4964 | Alpha PA: 0.5036
Feature stats | CT: mean=1.0730, std=1.1214, mean_l2=34.8533, median_l2=34.7956, mean_abs=1.0730, max_abs=7.3151 | PA: mean=0.6626, std=0.4180, mean_l2=17.6684, median_l2=17.6920, mean_abs=0.6626, max_abs=2.9983
Epoch 18/30 | Train Loss: 4.5118 (Fused: 2.4482) | Train C-index: 0.8698 | Val Fused: 0.7789 | Val CT: 0.6792 | Val PA: 0.7735 | Alpha CT: 0.4961 | Alpha PA: 0.5039
Feature stats | CT: mean=1.0559, std=1.0998, mean_l2=34.2166, median_l2=34.2686, mean_abs=1.0559, max_abs=7.1299 | PA: mean=0.6820, std=0.4257, mean_l2=18.1238, median_l2=18.1095, mean_abs=0.6820, max_abs=3.0396
Epoch 19/30 | Train Loss: 4.5170 (Fused: 2.4373) | Train C-index: 0.8774 | Val Fused: 0.7678 | Val CT: 0.6700 | Val PA: 0.7614 | Alpha CT: 0.4959 | Alpha PA: 0.5041
Feature stats | CT: mean=1.0829, std=1.1315, mean_l2=35.2005, median_l2=35.3845, mean_abs=1.0829, max_abs=7.1436 | PA: mean=0.7011, std=0.4349, mean_l2=18.5996, median_l2=18.5415, mean_abs=0.7011, max_abs=3.0364
Epoch 20/30 | Train Loss: 4.4329 (Fused: 2.3889) | Train C-index: 0.8815 | Val Fused: 0.7703 | Val CT: 0.6808 | Val PA: 0.7537 | Alpha CT: 0.4956 | Alpha PA: 0.5044
Feature stats | CT: mean=1.0624, std=1.1139, mean_l2=34.4876, median_l2=34.5101, mean_abs=1.0624, max_abs=7.2920 | PA: mean=0.7151, std=0.4392, mean_l2=18.9178, median_l2=18.8749, mean_abs=0.7151, max_abs=3.0911
Epoch 21/30 | Train Loss: 4.3618 (Fused: 2.3540) | Train C-index: 0.8946 | Val Fused: 0.7550 | Val CT: 0.6684 | Val PA: 0.7369 | Alpha CT: 0.4953 | Alpha PA: 0.5047
Feature stats | CT: mean=1.0858, std=1.1340, mean_l2=35.2904, median_l2=35.5118, mean_abs=1.0858, max_abs=7.0697 | PA: mean=0.7214, std=0.4381, mean_l2=19.0212, median_l2=19.0114, mean_abs=0.7214, max_abs=3.0706
Epoch 22/30 | Train Loss: 4.2586 (Fused: 2.2827) | Train C-index: 0.8991 | Val Fused: 0.7522 | Val CT: 0.6795 | Val PA: 0.7375 | Alpha CT: 0.4951 | Alpha PA: 0.5049
Feature stats | CT: mean=1.0662, std=1.1133, mean_l2=34.5897, median_l2=34.8179, mean_abs=1.0662, max_abs=7.2107 | PA: mean=0.7373, std=0.4471, mean_l2=19.4296, median_l2=19.3673, mean_abs=0.7373, max_abs=3.1377
Epoch 23/30 | Train Loss: 4.0890 (Fused: 2.1938) | Train C-index: 0.9101 | Val Fused: 0.7455 | Val CT: 0.6789 | Val PA: 0.7248 | Alpha CT: 0.4948 | Alpha PA: 0.5052
Feature stats | CT: mean=1.0796, std=1.1258, mean_l2=35.0539, median_l2=35.0647, mean_abs=1.0796, max_abs=7.1656 | PA: mean=0.7484, std=0.4563, mean_l2=19.7532, median_l2=19.6937, mean_abs=0.7484, max_abs=3.2638
Epoch 24/30 | Train Loss: 3.9975 (Fused: 2.1206) | Train C-index: 0.9147 | Val Fused: 0.7598 | Val CT: 0.6849 | Val PA: 0.7404 | Alpha CT: 0.4945 | Alpha PA: 0.5055
Feature stats | CT: mean=0.9894, std=1.0137, mean_l2=31.8114, median_l2=31.9101, mean_abs=0.9894, max_abs=6.4847 | PA: mean=0.7547, std=0.4608, mean_l2=19.9192, median_l2=19.8909, mean_abs=0.7547, max_abs=3.2112
Epoch 25/30 | Train Loss: 3.8647 (Fused: 2.0401) | Train C-index: 0.9228 | Val Fused: 0.7346 | Val CT: 0.6811 | Val PA: 0.7171 | Alpha CT: 0.4942 | Alpha PA: 0.5058
Feature stats | CT: mean=0.9683, std=0.9869, mean_l2=31.0734, median_l2=31.1206, mean_abs=0.9683, max_abs=6.1011 | PA: mean=0.7735, std=0.4820, mean_l2=20.5237, median_l2=20.4521, mean_abs=0.7735, max_abs=3.2993
Epoch 26/30 | Train Loss: 3.8555 (Fused: 2.0206) | Train C-index: 0.9235 | Val Fused: 0.7267 | Val CT: 0.6680 | Val PA: 0.7133 | Alpha CT: 0.4939 | Alpha PA: 0.5061
Feature stats | CT: mean=1.0558, std=1.0946, mean_l2=34.1650, median_l2=34.1708, mean_abs=1.0558, max_abs=6.9070 | PA: mean=0.7730, std=0.4781, mean_l2=20.4620, median_l2=20.4159, mean_abs=0.7730, max_abs=3.2786
Early stopping at epoch 26
Fold 0 best fusion alpha | CT: 0.4967 | PA: 0.5033
Fold 0 best C-index: 0.7875

Extra survival metrics:
cutoff_from_train_median: 0.567946
n_test: 113
n_high_risk: 57
n_low_risk: 56
n_event_test: 38
logrank_stat: 30.094191
logrank_p: 0.000000
auc_36m: 0.813228
auc_60m: 0.823157
HR_high_vs_low: 8.941970
HR_95CI_lower: 3.479822
HR_95CI_upper: 22.977847
cox_p: 0.000005

==================================================
Fold 2/5
==================================================
[ResNetCox] Loaded pretrained from /home/gly001/cqj/pa_ct_surv/model/ct_pretrain/resnet_18_23dataset.pth
  Missing keys (ok): ['fc.weight', 'fc.bias']
Epoch 1/30 | Train Loss: 5.7952 (Fused: 3.2213) | Train C-index: 0.6515 | Val Fused: 0.7537 | Val CT: 0.6503 | Val PA: 0.7448 | Alpha CT: 0.4998 | Alpha PA: 0.5002
Feature stats | CT: mean=0.8685, std=0.8844, mean_l2=28.0449, median_l2=27.9817, mean_abs=0.8685, max_abs=6.6002 | PA: mean=0.2788, std=0.2229, mean_l2=8.0680, median_l2=8.0418, mean_abs=0.2788, max_abs=1.7966
Epoch 2/30 | Train Loss: 5.6355 (Fused: 3.1320) | Train C-index: 0.7175 | Val Fused: 0.7616 | Val CT: 0.6516 | Val PA: 0.7530 | Alpha CT: 0.4996 | Alpha PA: 0.5004
Feature stats | CT: mean=0.8861, std=0.8937, mean_l2=28.4636, median_l2=28.3186, mean_abs=0.8861, max_abs=6.4289 | PA: mean=0.2955, std=0.2430, mean_l2=8.6397, median_l2=8.5649, mean_abs=0.2955, max_abs=2.0742
Epoch 3/30 | Train Loss: 5.5415 (Fused: 3.0712) | Train C-index: 0.7276 | Val Fused: 0.7692 | Val CT: 0.6566 | Val PA: 0.7586 | Alpha CT: 0.4995 | Alpha PA: 0.5005
Feature stats | CT: mean=0.9029, std=0.9067, mean_l2=28.9032, median_l2=28.6329, mean_abs=0.9029, max_abs=6.1787 | PA: mean=0.3233, std=0.2683, mean_l2=9.4744, median_l2=9.4043, mean_abs=0.3233, max_abs=2.1638
Epoch 4/30 | Train Loss: 5.4637 (Fused: 3.0206) | Train C-index: 0.7268 | Val Fused: 0.7712 | Val CT: 0.6628 | Val PA: 0.7580 | Alpha CT: 0.4993 | Alpha PA: 0.5007
Feature stats | CT: mean=0.9251, std=0.9341, mean_l2=29.5670, median_l2=28.9398, mean_abs=0.9251, max_abs=6.4015 | PA: mean=0.3504, std=0.2893, mean_l2=10.2420, median_l2=10.0927, mean_abs=0.3504, max_abs=2.2978
Epoch 5/30 | Train Loss: 5.4025 (Fused: 2.9833) | Train C-index: 0.7457 | Val Fused: 0.7738 | Val CT: 0.6776 | Val PA: 0.7563 | Alpha CT: 0.4991 | Alpha PA: 0.5009
Feature stats | CT: mean=0.9988, std=1.0175, mean_l2=32.0427, median_l2=31.8246, mean_abs=0.9988, max_abs=6.8855 | PA: mean=0.3708, std=0.3004, mean_l2=10.7574, median_l2=10.6450, mean_abs=0.3708, max_abs=2.3283
Epoch 6/30 | Train Loss: 5.3502 (Fused: 2.9526) | Train C-index: 0.7593 | Val Fused: 0.7768 | Val CT: 0.6865 | Val PA: 0.7554 | Alpha CT: 0.4989 | Alpha PA: 0.5011
Feature stats | CT: mean=1.0343, std=1.0556, mean_l2=33.2742, median_l2=33.1086, mean_abs=1.0343, max_abs=6.8338 | PA: mean=0.3931, std=0.3110, mean_l2=11.3020, median_l2=11.1939, mean_abs=0.3931, max_abs=2.3406
Epoch 7/30 | Train Loss: 5.2442 (Fused: 2.8929) | Train C-index: 0.7723 | Val Fused: 0.7800 | Val CT: 0.6928 | Val PA: 0.7514 | Alpha CT: 0.4987 | Alpha PA: 0.5013
Feature stats | CT: mean=0.9575, std=0.9677, mean_l2=30.5884, median_l2=30.5091, mean_abs=0.9575, max_abs=6.3801 | PA: mean=0.4160, std=0.3220, mean_l2=11.8646, median_l2=11.7738, mean_abs=0.4160, max_abs=2.3936
Epoch 8/30 | Train Loss: 5.1971 (Fused: 2.8605) | Train C-index: 0.7801 | Val Fused: 0.7791 | Val CT: 0.6997 | Val PA: 0.7514 | Alpha CT: 0.4985 | Alpha PA: 0.5015
Feature stats | CT: mean=0.9849, std=1.0084, mean_l2=31.5632, median_l2=31.1382, mean_abs=0.9849, max_abs=6.9822 | PA: mean=0.4447, std=0.3376, mean_l2=12.5929, median_l2=12.5091, mean_abs=0.4447, max_abs=2.4707
Epoch 9/30 | Train Loss: 5.1610 (Fused: 2.8358) | Train C-index: 0.7948 | Val Fused: 0.7777 | Val CT: 0.7027 | Val PA: 0.7498 | Alpha CT: 0.4983 | Alpha PA: 0.5017
Feature stats | CT: mean=1.1488, std=1.2155, mean_l2=37.5538, median_l2=38.0761, mean_abs=1.1488, max_abs=7.5968 | PA: mean=0.4740, std=0.3530, mean_l2=13.3305, median_l2=13.3288, mean_abs=0.4740, max_abs=2.5773
Epoch 10/30 | Train Loss: 5.0762 (Fused: 2.7811) | Train C-index: 0.8031 | Val Fused: 0.7768 | Val CT: 0.7093 | Val PA: 0.7478 | Alpha CT: 0.4981 | Alpha PA: 0.5019
Feature stats | CT: mean=1.0426, std=1.0830, mean_l2=33.6191, median_l2=33.7889, mean_abs=1.0426, max_abs=7.3482 | PA: mean=0.5000, std=0.3652, mean_l2=13.9672, median_l2=13.9938, mean_abs=0.5000, max_abs=2.6061
Epoch 11/30 | Train Loss: 5.0475 (Fused: 2.7666) | Train C-index: 0.8160 | Val Fused: 0.7728 | Val CT: 0.7089 | Val PA: 0.7428 | Alpha CT: 0.4979 | Alpha PA: 0.5021
Feature stats | CT: mean=0.9941, std=1.0147, mean_l2=31.8415, median_l2=32.1892, mean_abs=0.9941, max_abs=7.0413 | PA: mean=0.5225, std=0.3747, mean_l2=14.5021, median_l2=14.5632, mean_abs=0.5225, max_abs=2.6027
Epoch 12/30 | Train Loss: 4.9920 (Fused: 2.7365) | Train C-index: 0.8250 | Val Fused: 0.7784 | Val CT: 0.7099 | Val PA: 0.7491 | Alpha CT: 0.4976 | Alpha PA: 0.5024
Feature stats | CT: mean=0.9859, std=1.0026, mean_l2=31.5377, median_l2=31.8162, mean_abs=0.9859, max_abs=6.7236 | PA: mean=0.5450, std=0.3872, mean_l2=15.0754, median_l2=15.1241, mean_abs=0.5450, max_abs=2.6213
Epoch 13/30 | Train Loss: 4.8224 (Fused: 2.6391) | Train C-index: 0.8366 | Val Fused: 0.7731 | Val CT: 0.7109 | Val PA: 0.7455 | Alpha CT: 0.4974 | Alpha PA: 0.5026
Feature stats | CT: mean=1.0241, std=1.0444, mean_l2=32.8346, median_l2=33.3947, mean_abs=1.0241, max_abs=6.7946 | PA: mean=0.5686, std=0.3974, mean_l2=15.6440, median_l2=15.6659, mean_abs=0.5686, max_abs=2.6375
Epoch 14/30 | Train Loss: 4.7881 (Fused: 2.6186) | Train C-index: 0.8421 | Val Fused: 0.7665 | Val CT: 0.7109 | Val PA: 0.7353 | Alpha CT: 0.4971 | Alpha PA: 0.5029
Feature stats | CT: mean=1.0362, std=1.0647, mean_l2=33.2884, median_l2=33.5704, mean_abs=1.0362, max_abs=7.0436 | PA: mean=0.5928, std=0.4060, mean_l2=16.2043, median_l2=16.3278, mean_abs=0.5928, max_abs=2.7190
Epoch 15/30 | Train Loss: 4.7252 (Fused: 2.5725) | Train C-index: 0.8541 | Val Fused: 0.7626 | Val CT: 0.7211 | Val PA: 0.7310 | Alpha CT: 0.4968 | Alpha PA: 0.5032
Feature stats | CT: mean=0.9893, std=1.0078, mean_l2=31.6435, median_l2=31.9047, mean_abs=0.9893, max_abs=6.6668 | PA: mean=0.6195, std=0.4187, mean_l2=16.8655, median_l2=17.0158, mean_abs=0.6195, max_abs=2.8023
Epoch 16/30 | Train Loss: 4.5959 (Fused: 2.4898) | Train C-index: 0.8658 | Val Fused: 0.7590 | Val CT: 0.7168 | Val PA: 0.7267 | Alpha CT: 0.4966 | Alpha PA: 0.5034
Feature stats | CT: mean=0.9888, std=0.9925, mean_l2=31.5139, median_l2=31.9065, mean_abs=0.9888, max_abs=6.2627 | PA: mean=0.6397, std=0.4271, mean_l2=17.3454, median_l2=17.4891, mean_abs=0.6397, max_abs=2.8123
Epoch 17/30 | Train Loss: 4.5503 (Fused: 2.4627) | Train C-index: 0.8704 | Val Fused: 0.7511 | Val CT: 0.7066 | Val PA: 0.7102 | Alpha CT: 0.4963 | Alpha PA: 0.5037
Feature stats | CT: mean=0.9457, std=0.9548, mean_l2=30.1548, median_l2=29.9627, mean_abs=0.9457, max_abs=6.1833 | PA: mean=0.6558, std=0.4331, mean_l2=17.7191, median_l2=17.9326, mean_abs=0.6558, max_abs=2.8551
Early stopping at epoch 17
Fold 1 best fusion alpha | CT: 0.4987 | PA: 0.5013
Fold 1 best C-index: 0.7800

Extra survival metrics:
cutoff_from_train_median: -0.068056
n_test: 113
n_high_risk: 52
n_low_risk: 61
n_event_test: 39
logrank_stat: 32.653553
logrank_p: 0.000000
auc_36m: 0.792578
auc_60m: 0.802541
HR_high_vs_low: 8.423839
HR_95CI_lower: 3.519090
HR_95CI_upper: 20.164610
cox_p: 0.000002

==================================================
Fold 3/5
==================================================
[ResNetCox] Loaded pretrained from /home/gly001/cqj/pa_ct_surv/model/ct_pretrain/resnet_18_23dataset.pth
  Missing keys (ok): ['fc.weight', 'fc.bias']
Epoch 1/30 | Train Loss: 5.9233 (Fused: 3.2939) | Train C-index: 0.6617 | Val Fused: 0.6844 | Val CT: 0.6908 | Val PA: 0.6797 | Alpha CT: 0.4999 | Alpha PA: 0.5001
Feature stats | CT: mean=0.8661, std=0.8814, mean_l2=27.9597, median_l2=27.8976, mean_abs=0.8661, max_abs=6.6032 | PA: mean=0.2788, std=0.2230, mean_l2=8.0706, median_l2=8.0164, mean_abs=0.2788, max_abs=1.7966
Epoch 2/30 | Train Loss: 5.5732 (Fused: 3.0982) | Train C-index: 0.7281 | Val Fused: 0.6932 | Val CT: 0.6888 | Val PA: 0.6827 | Alpha CT: 0.4997 | Alpha PA: 0.5003
Feature stats | CT: mean=0.8753, std=0.8848, mean_l2=28.1524, median_l2=28.0465, mean_abs=0.8753, max_abs=6.3247 | PA: mean=0.2979, std=0.2460, mean_l2=8.7232, median_l2=8.6361, mean_abs=0.2979, max_abs=2.1346
Epoch 3/30 | Train Loss: 5.4965 (Fused: 3.0438) | Train C-index: 0.7401 | Val Fused: 0.6973 | Val CT: 0.6953 | Val PA: 0.6858 | Alpha CT: 0.4995 | Alpha PA: 0.5005
Feature stats | CT: mean=0.8962, std=0.9011, mean_l2=28.7190, median_l2=28.4711, mean_abs=0.8962, max_abs=6.0830 | PA: mean=0.3280, std=0.2743, mean_l2=9.6429, median_l2=9.4898, mean_abs=0.3280, max_abs=2.2340
Epoch 4/30 | Train Loss: 5.5536 (Fused: 3.0604) | Train C-index: 0.7458 | Val Fused: 0.7088 | Val CT: 0.7007 | Val PA: 0.6902 | Alpha CT: 0.4993 | Alpha PA: 0.5007
Feature stats | CT: mean=0.9192, std=0.9257, mean_l2=29.4045, median_l2=29.0182, mean_abs=0.9192, max_abs=5.9861 | PA: mean=0.3584, std=0.2968, mean_l2=10.4895, median_l2=10.2720, mean_abs=0.3584, max_abs=2.2938
Epoch 5/30 | Train Loss: 5.4274 (Fused: 2.9903) | Train C-index: 0.7552 | Val Fused: 0.7146 | Val CT: 0.7064 | Val PA: 0.6922 | Alpha CT: 0.4991 | Alpha PA: 0.5009
Feature stats | CT: mean=0.9235, std=0.9368, mean_l2=29.5600, median_l2=28.9773, mean_abs=0.9235, max_abs=6.4966 | PA: mean=0.3774, std=0.3070, mean_l2=10.9704, median_l2=10.7919, mean_abs=0.3774, max_abs=2.3160
Epoch 6/30 | Train Loss: 5.3893 (Fused: 2.9677) | Train C-index: 0.7670 | Val Fused: 0.7203 | Val CT: 0.6959 | Val PA: 0.7010 | Alpha CT: 0.4990 | Alpha PA: 0.5010
Feature stats | CT: mean=0.9622, std=0.9783, mean_l2=30.8315, median_l2=30.1427, mean_abs=0.9622, max_abs=6.4626 | PA: mean=0.3924, std=0.3142, mean_l2=11.3405, median_l2=11.1738, mean_abs=0.3924, max_abs=2.3307
Epoch 7/30 | Train Loss: 5.2292 (Fused: 2.8813) | Train C-index: 0.7838 | Val Fused: 0.7308 | Val CT: 0.6868 | Val PA: 0.7149 | Alpha CT: 0.4988 | Alpha PA: 0.5012
Feature stats | CT: mean=0.9789, std=0.9903, mean_l2=31.3410, median_l2=30.8932, mean_abs=0.9789, max_abs=6.3396 | PA: mean=0.4086, std=0.3223, mean_l2=11.7430, median_l2=11.6491, mean_abs=0.4086, max_abs=2.4781
Epoch 8/30 | Train Loss: 5.1626 (Fused: 2.8378) | Train C-index: 0.7921 | Val Fused: 0.7258 | Val CT: 0.6661 | Val PA: 0.7214 | Alpha CT: 0.4986 | Alpha PA: 0.5014
Feature stats | CT: mean=0.9669, std=0.9839, mean_l2=30.9661, median_l2=30.2190, mean_abs=0.9669, max_abs=6.5592 | PA: mean=0.4312, std=0.3324, mean_l2=12.2872, median_l2=12.1799, mean_abs=0.4312, max_abs=2.4953
Epoch 9/30 | Train Loss: 5.1622 (Fused: 2.8305) | Train C-index: 0.8016 | Val Fused: 0.7224 | Val CT: 0.6664 | Val PA: 0.7200 | Alpha CT: 0.4984 | Alpha PA: 0.5016
Feature stats | CT: mean=1.0078, std=1.0268, mean_l2=32.3498, median_l2=32.2654, mean_abs=1.0078, max_abs=6.6019 | PA: mean=0.4527, std=0.3406, mean_l2=12.7871, median_l2=12.6418, mean_abs=0.4527, max_abs=2.5213
Epoch 10/30 | Train Loss: 5.1446 (Fused: 2.8266) | Train C-index: 0.8076 | Val Fused: 0.7275 | Val CT: 0.6756 | Val PA: 0.7281 | Alpha CT: 0.4982 | Alpha PA: 0.5018
Feature stats | CT: mean=1.0559, std=1.1068, mean_l2=34.1914, median_l2=33.5767, mean_abs=1.0559, max_abs=7.6104 | PA: mean=0.4758, std=0.3487, mean_l2=13.3140, median_l2=13.1824, mean_abs=0.4758, max_abs=2.5315
Epoch 11/30 | Train Loss: 5.0584 (Fused: 2.7666) | Train C-index: 0.8156 | Val Fused: 0.7278 | Val CT: 0.6573 | Val PA: 0.7254 | Alpha CT: 0.4979 | Alpha PA: 0.5021
Feature stats | CT: mean=1.1487, std=1.2226, mean_l2=37.5986, median_l2=37.4169, mean_abs=1.1487, max_abs=7.7462 | PA: mean=0.5003, std=0.3575, mean_l2=13.8746, median_l2=13.7542, mean_abs=0.5003, max_abs=2.5305
Epoch 12/30 | Train Loss: 4.9331 (Fused: 2.7003) | Train C-index: 0.8259 | Val Fused: 0.7281 | Val CT: 0.6566 | Val PA: 0.7247 | Alpha CT: 0.4977 | Alpha PA: 0.5023
Feature stats | CT: mean=1.1340, std=1.2004, mean_l2=37.0435, median_l2=36.8674, mean_abs=1.1340, max_abs=7.6545 | PA: mean=0.5225, std=0.3648, mean_l2=14.3773, median_l2=14.2449, mean_abs=0.5225, max_abs=2.5238
Epoch 13/30 | Train Loss: 4.9799 (Fused: 2.7180) | Train C-index: 0.8337 | Val Fused: 0.7261 | Val CT: 0.6675 | Val PA: 0.7254 | Alpha CT: 0.4975 | Alpha PA: 0.5025
Feature stats | CT: mean=1.0639, std=1.1080, mean_l2=34.4513, median_l2=34.4418, mean_abs=1.0639, max_abs=7.2676 | PA: mean=0.5467, std=0.3747, mean_l2=14.9489, median_l2=14.7688, mean_abs=0.5467, max_abs=2.5364
Epoch 14/30 | Train Loss: 4.8251 (Fused: 2.6397) | Train C-index: 0.8369 | Val Fused: 0.7322 | Val CT: 0.6634 | Val PA: 0.7268 | Alpha CT: 0.4972 | Alpha PA: 0.5028
Feature stats | CT: mean=1.0116, std=1.0463, mean_l2=32.6115, median_l2=32.3377, mean_abs=1.0116, max_abs=6.8692 | PA: mean=0.5644, std=0.3774, mean_l2=15.3142, median_l2=15.1123, mean_abs=0.5644, max_abs=2.5376
Epoch 15/30 | Train Loss: 4.7927 (Fused: 2.6145) | Train C-index: 0.8499 | Val Fused: 0.7295 | Val CT: 0.6519 | Val PA: 0.7271 | Alpha CT: 0.4970 | Alpha PA: 0.5030
Feature stats | CT: mean=1.0214, std=1.0516, mean_l2=32.9143, median_l2=33.0717, mean_abs=1.0214, max_abs=6.7351 | PA: mean=0.5839, std=0.3805, mean_l2=15.7246, median_l2=15.5483, mean_abs=0.5839, max_abs=2.5785
Epoch 16/30 | Train Loss: 4.6988 (Fused: 2.5571) | Train C-index: 0.8576 | Val Fused: 0.7325 | Val CT: 0.6712 | Val PA: 0.7288 | Alpha CT: 0.4968 | Alpha PA: 0.5032
Feature stats | CT: mean=1.0265, std=1.0571, mean_l2=33.0993, median_l2=33.2580, mean_abs=1.0265, max_abs=6.7451 | PA: mean=0.6045, std=0.3866, mean_l2=16.1891, median_l2=16.0010, mean_abs=0.6045, max_abs=2.5948
Epoch 17/30 | Train Loss: 4.6851 (Fused: 2.5437) | Train C-index: 0.8593 | Val Fused: 0.7271 | Val CT: 0.6380 | Val PA: 0.7231 | Alpha CT: 0.4965 | Alpha PA: 0.5035
Feature stats | CT: mean=1.0109, std=1.0433, mean_l2=32.5848, median_l2=32.6346, mean_abs=1.0109, max_abs=6.7686 | PA: mean=0.6251, std=0.3942, mean_l2=16.6709, median_l2=16.4991, mean_abs=0.6251, max_abs=2.7134
Epoch 18/30 | Train Loss: 4.5883 (Fused: 2.4796) | Train C-index: 0.8716 | Val Fused: 0.7295 | Val CT: 0.6715 | Val PA: 0.7224 | Alpha CT: 0.4963 | Alpha PA: 0.5037
Feature stats | CT: mean=1.0065, std=1.0308, mean_l2=32.3804, median_l2=32.5605, mean_abs=1.0065, max_abs=6.4158 | PA: mean=0.6436, std=0.4008, mean_l2=17.1062, median_l2=16.9599, mean_abs=0.6436, max_abs=2.8361
Epoch 19/30 | Train Loss: 4.5093 (Fused: 2.4382) | Train C-index: 0.8752 | Val Fused: 0.7244 | Val CT: 0.6603 | Val PA: 0.7173 | Alpha CT: 0.4960 | Alpha PA: 0.5040
Feature stats | CT: mean=0.9821, std=1.0099, mean_l2=31.5938, median_l2=31.1944, mean_abs=0.9821, max_abs=6.5429 | PA: mean=0.6587, std=0.4058, mean_l2=17.4529, median_l2=17.3527, mean_abs=0.6587, max_abs=2.8759
Epoch 20/30 | Train Loss: 4.4438 (Fused: 2.3828) | Train C-index: 0.8833 | Val Fused: 0.7247 | Val CT: 0.6366 | Val PA: 0.7234 | Alpha CT: 0.4957 | Alpha PA: 0.5043
Feature stats | CT: mean=1.0309, std=1.0639, mean_l2=33.2686, median_l2=33.3637, mean_abs=1.0309, max_abs=7.0382 | PA: mean=0.6762, std=0.4141, mean_l2=17.8832, median_l2=17.7598, mean_abs=0.6762, max_abs=3.0044
Epoch 21/30 | Train Loss: 4.3817 (Fused: 2.3313) | Train C-index: 0.8926 | Val Fused: 0.7271 | Val CT: 0.6807 | Val PA: 0.7163 | Alpha CT: 0.4954 | Alpha PA: 0.5046
Feature stats | CT: mean=1.0501, std=1.0904, mean_l2=33.9742, median_l2=34.1627, mean_abs=1.0501, max_abs=6.9994 | PA: mean=0.6933, std=0.4250, mean_l2=18.3403, median_l2=18.1865, mean_abs=0.6933, max_abs=3.0889
Epoch 22/30 | Train Loss: 4.3047 (Fused: 2.2992) | Train C-index: 0.8959 | Val Fused: 0.7166 | Val CT: 0.6542 | Val PA: 0.7071 | Alpha CT: 0.4952 | Alpha PA: 0.5048
Feature stats | CT: mean=0.9748, std=1.0052, mean_l2=31.3844, median_l2=30.9354, mean_abs=0.9748, max_abs=6.6342 | PA: mean=0.7049, std=0.4272, mean_l2=18.5918, median_l2=18.4579, mean_abs=0.7049, max_abs=3.1388
Epoch 23/30 | Train Loss: 4.1989 (Fused: 2.2278) | Train C-index: 0.9047 | Val Fused: 0.7156 | Val CT: 0.6844 | Val PA: 0.7047 | Alpha CT: 0.4949 | Alpha PA: 0.5051
Feature stats | CT: mean=1.0351, std=1.0666, mean_l2=33.4118, median_l2=33.2954, mean_abs=1.0351, max_abs=6.9635 | PA: mean=0.7188, std=0.4313, mean_l2=18.9078, median_l2=18.8311, mean_abs=0.7188, max_abs=3.2180
Epoch 24/30 | Train Loss: 4.0992 (Fused: 2.1568) | Train C-index: 0.9071 | Val Fused: 0.7258 | Val CT: 0.6675 | Val PA: 0.7163 | Alpha CT: 0.4946 | Alpha PA: 0.5054
Feature stats | CT: mean=0.9981, std=1.0371, mean_l2=32.2289, median_l2=31.5193, mean_abs=0.9981, max_abs=6.9441 | PA: mean=0.7323, std=0.4409, mean_l2=19.2716, median_l2=19.1126, mean_abs=0.7323, max_abs=3.5312
Epoch 25/30 | Train Loss: 3.9753 (Fused: 2.0831) | Train C-index: 0.9169 | Val Fused: 0.7061 | Val CT: 0.6631 | Val PA: 0.6980 | Alpha CT: 0.4943 | Alpha PA: 0.5057
Feature stats | CT: mean=0.9696, std=0.9862, mean_l2=31.1135, median_l2=31.1668, mean_abs=0.9696, max_abs=6.2220 | PA: mean=0.7444, std=0.4578, mean_l2=19.7021, median_l2=19.6066, mean_abs=0.7444, max_abs=3.4293
Epoch 26/30 | Train Loss: 3.9527 (Fused: 2.0410) | Train C-index: 0.9192 | Val Fused: 0.7180 | Val CT: 0.6803 | Val PA: 0.7010 | Alpha CT: 0.4940 | Alpha PA: 0.5060
Feature stats | CT: mean=0.9788, std=0.9975, mean_l2=31.4239, median_l2=31.4583, mean_abs=0.9788, max_abs=6.1594 | PA: mean=0.7516, std=0.4648, mean_l2=19.9229, median_l2=19.7462, mean_abs=0.7516, max_abs=3.6596
Early stopping at epoch 26
Fold 2 best fusion alpha | CT: 0.4968 | PA: 0.5032
Fold 2 best C-index: 0.7325

Extra survival metrics:
cutoff_from_train_median: 0.131404
n_test: 112
n_high_risk: 62
n_low_risk: 50
n_event_test: 38
logrank_stat: 19.935223
logrank_p: 0.000008
auc_36m: 0.759682
auc_60m: 0.761716
HR_high_vs_low: 5.824565
HR_95CI_lower: 2.428591
HR_95CI_upper: 13.969235
cox_p: 0.000079

==================================================
Fold 4/5
==================================================
[ResNetCox] Loaded pretrained from /home/gly001/cqj/pa_ct_surv/model/ct_pretrain/resnet_18_23dataset.pth
  Missing keys (ok): ['fc.weight', 'fc.bias']
Epoch 1/30 | Train Loss: 5.9667 (Fused: 3.3173) | Train C-index: 0.6447 | Val Fused: 0.7157 | Val CT: 0.6607 | Val PA: 0.7111 | Alpha CT: 0.4998 | Alpha PA: 0.5002
Feature stats | CT: mean=0.8661, std=0.8822, mean_l2=27.9704, median_l2=27.9336, mean_abs=0.8661, max_abs=6.5883 | PA: mean=0.2788, std=0.2226, mean_l2=8.0649, median_l2=8.0401, mean_abs=0.2788, max_abs=1.8033
Epoch 2/30 | Train Loss: 5.7243 (Fused: 3.1808) | Train C-index: 0.7228 | Val Fused: 0.7184 | Val CT: 0.6634 | Val PA: 0.7074 | Alpha CT: 0.4996 | Alpha PA: 0.5004
Feature stats | CT: mean=0.8856, std=0.8925, mean_l2=28.4384, median_l2=28.3414, mean_abs=0.8856, max_abs=6.4067 | PA: mean=0.2963, std=0.2422, mean_l2=8.6445, median_l2=8.5945, mean_abs=0.2963, max_abs=1.8782
Epoch 3/30 | Train Loss: 5.5126 (Fused: 3.0514) | Train C-index: 0.7332 | Val Fused: 0.7167 | Val CT: 0.6667 | Val PA: 0.7117 | Alpha CT: 0.4994 | Alpha PA: 0.5006
Feature stats | CT: mean=0.8892, std=0.8920, mean_l2=28.4501, median_l2=28.1462, mean_abs=0.8892, max_abs=6.0300 | PA: mean=0.3239, std=0.2654, mean_l2=9.4509, median_l2=9.3403, mean_abs=0.3239, max_abs=1.9504
Epoch 4/30 | Train Loss: 5.4635 (Fused: 3.0136) | Train C-index: 0.7378 | Val Fused: 0.7276 | Val CT: 0.6750 | Val PA: 0.7097 | Alpha CT: 0.4992 | Alpha PA: 0.5008
Feature stats | CT: mean=0.9319, std=0.9378, mean_l2=29.7875, median_l2=29.4032, mean_abs=0.9319, max_abs=6.4183 | PA: mean=0.3494, std=0.2832, mean_l2=10.1479, median_l2=10.0226, mean_abs=0.3494, max_abs=2.1411
Epoch 5/30 | Train Loss: 5.3543 (Fused: 2.9530) | Train C-index: 0.7541 | Val Fused: 0.7326 | Val CT: 0.6763 | Val PA: 0.7177 | Alpha CT: 0.4990 | Alpha PA: 0.5010
Feature stats | CT: mean=0.9700, std=0.9840, mean_l2=31.0448, median_l2=30.4423, mean_abs=0.9700, max_abs=6.6327 | PA: mean=0.3732, std=0.2982, mean_l2=10.7792, median_l2=10.6403, mean_abs=0.3732, max_abs=2.3288
Epoch 6/30 | Train Loss: 5.2895 (Fused: 2.9156) | Train C-index: 0.7671 | Val Fused: 0.7359 | Val CT: 0.6769 | Val PA: 0.7207 | Alpha CT: 0.4988 | Alpha PA: 0.5012
Feature stats | CT: mean=0.9894, std=1.0026, mean_l2=31.6659, median_l2=31.2992, mean_abs=0.9894, max_abs=6.6184 | PA: mean=0.3945, std=0.3108, mean_l2=11.3349, median_l2=11.2603, mean_abs=0.3945, max_abs=2.3907
Epoch 7/30 | Train Loss: 5.2173 (Fused: 2.8746) | Train C-index: 0.7803 | Val Fused: 0.7386 | Val CT: 0.6750 | Val PA: 0.7197 | Alpha CT: 0.4987 | Alpha PA: 0.5013
Feature stats | CT: mean=0.9762, std=0.9834, mean_l2=31.1590, median_l2=31.0270, mean_abs=0.9762, max_abs=6.2999 | PA: mean=0.4153, std=0.3212, mean_l2=11.8486, median_l2=11.8176, mean_abs=0.4153, max_abs=2.4877
Epoch 8/30 | Train Loss: 5.1505 (Fused: 2.8385) | Train C-index: 0.7920 | Val Fused: 0.7406 | Val CT: 0.6673 | Val PA: 0.7237 | Alpha CT: 0.4984 | Alpha PA: 0.5016
Feature stats | CT: mean=0.9894, std=1.0112, mean_l2=31.6798, median_l2=31.3223, mean_abs=0.9894, max_abs=7.0360 | PA: mean=0.4384, std=0.3315, mean_l2=12.4046, median_l2=12.4124, mean_abs=0.4384, max_abs=2.5396
Epoch 9/30 | Train Loss: 5.1312 (Fused: 2.8176) | Train C-index: 0.8013 | Val Fused: 0.7382 | Val CT: 0.6667 | Val PA: 0.7260 | Alpha CT: 0.4982 | Alpha PA: 0.5018
Feature stats | CT: mean=1.1309, std=1.1863, mean_l2=36.8248, median_l2=36.9846, mean_abs=1.1309, max_abs=7.3457 | PA: mean=0.4647, std=0.3427, mean_l2=13.0286, median_l2=13.0296, mean_abs=0.4647, max_abs=2.6290
Epoch 10/30 | Train Loss: 5.0268 (Fused: 2.7582) | Train C-index: 0.8052 | Val Fused: 0.7379 | Val CT: 0.6700 | Val PA: 0.7250 | Alpha CT: 0.4980 | Alpha PA: 0.5020
Feature stats | CT: mean=1.0395, std=1.0689, mean_l2=33.4325, median_l2=33.2297, mean_abs=1.0395, max_abs=6.9324 | PA: mean=0.4901, std=0.3534, mean_l2=13.6312, median_l2=13.6346, mean_abs=0.4901, max_abs=2.6733
Epoch 11/30 | Train Loss: 5.1249 (Fused: 2.8118) | Train C-index: 0.8152 | Val Fused: 0.7309 | Val CT: 0.6458 | Val PA: 0.7194 | Alpha CT: 0.4978 | Alpha PA: 0.5022
Feature stats | CT: mean=1.0480, std=1.0835, mean_l2=33.7698, median_l2=33.6954, mean_abs=1.0480, max_abs=7.0399 | PA: mean=0.5120, std=0.3625, mean_l2=14.1529, median_l2=14.1766, mean_abs=0.5120, max_abs=2.7357
Epoch 12/30 | Train Loss: 4.9695 (Fused: 2.7216) | Train C-index: 0.8253 | Val Fused: 0.7396 | Val CT: 0.6723 | Val PA: 0.7233 | Alpha CT: 0.4975 | Alpha PA: 0.5025
Feature stats | CT: mean=1.1107, std=1.1592, mean_l2=36.0572, median_l2=36.0579, mean_abs=1.1107, max_abs=7.0664 | PA: mean=0.5332, std=0.3696, mean_l2=14.6371, median_l2=14.6733, mean_abs=0.5332, max_abs=2.7528
Epoch 13/30 | Train Loss: 4.9168 (Fused: 2.6844) | Train C-index: 0.8205 | Val Fused: 0.7389 | Val CT: 0.6647 | Val PA: 0.7256 | Alpha CT: 0.4972 | Alpha PA: 0.5028
Feature stats | CT: mean=0.9462, std=0.9640, mean_l2=30.2225, median_l2=29.3621, mean_abs=0.9462, max_abs=6.7960 | PA: mean=0.5577, std=0.3823, mean_l2=15.2479, median_l2=15.2759, mean_abs=0.5577, max_abs=2.7686
Epoch 14/30 | Train Loss: 4.8595 (Fused: 2.6473) | Train C-index: 0.8380 | Val Fused: 0.7362 | Val CT: 0.6418 | Val PA: 0.7237 | Alpha CT: 0.4970 | Alpha PA: 0.5030
Feature stats | CT: mean=1.0296, std=1.0522, mean_l2=33.0549, median_l2=33.3118, mean_abs=1.0296, max_abs=6.6734 | PA: mean=0.5758, std=0.3881, mean_l2=15.6619, median_l2=15.6798, mean_abs=0.5758, max_abs=2.8435
Epoch 15/30 | Train Loss: 4.8038 (Fused: 2.6052) | Train C-index: 0.8516 | Val Fused: 0.7432 | Val CT: 0.6776 | Val PA: 0.7223 | Alpha CT: 0.4968 | Alpha PA: 0.5032
Feature stats | CT: mean=1.0148, std=1.0362, mean_l2=32.5432, median_l2=32.6715, mean_abs=1.0148, max_abs=6.6384 | PA: mean=0.5912, std=0.3927, mean_l2=16.0057, median_l2=16.0472, mean_abs=0.5912, max_abs=2.8838
Epoch 16/30 | Train Loss: 4.6858 (Fused: 2.5588) | Train C-index: 0.8431 | Val Fused: 0.7459 | Val CT: 0.6726 | Val PA: 0.7316 | Alpha CT: 0.4965 | Alpha PA: 0.5035
Feature stats | CT: mean=0.9958, std=1.0300, mean_l2=31.9856, median_l2=31.2784, mean_abs=0.9958, max_abs=7.1875 | PA: mean=0.6099, std=0.4003, mean_l2=16.4494, median_l2=16.5632, mean_abs=0.6099, max_abs=2.9193
Epoch 17/30 | Train Loss: 4.6582 (Fused: 2.5370) | Train C-index: 0.8610 | Val Fused: 0.7349 | Val CT: 0.6554 | Val PA: 0.7190 | Alpha CT: 0.4963 | Alpha PA: 0.5037
Feature stats | CT: mean=1.1146, std=1.1686, mean_l2=36.2511, median_l2=36.2871, mean_abs=1.1146, max_abs=7.2675 | PA: mean=0.6285, std=0.4092, mean_l2=16.9085, median_l2=16.9995, mean_abs=0.6285, max_abs=2.9468
Epoch 18/30 | Train Loss: 4.7743 (Fused: 2.5983) | Train C-index: 0.8657 | Val Fused: 0.7412 | Val CT: 0.6776 | Val PA: 0.7177 | Alpha CT: 0.4961 | Alpha PA: 0.5039
Feature stats | CT: mean=1.0169, std=1.0450, mean_l2=32.6653, median_l2=32.3237, mean_abs=1.0169, max_abs=6.8957 | PA: mean=0.6479, std=0.4227, mean_l2=17.4334, median_l2=17.5409, mean_abs=0.6479, max_abs=2.9605
Epoch 19/30 | Train Loss: 4.5921 (Fused: 2.4828) | Train C-index: 0.8602 | Val Fused: 0.7416 | Val CT: 0.6776 | Val PA: 0.7220 | Alpha CT: 0.4958 | Alpha PA: 0.5042
Feature stats | CT: mean=1.0254, std=1.0682, mean_l2=33.0346, median_l2=32.3611, mean_abs=1.0254, max_abs=7.3748 | PA: mean=0.6637, std=0.4323, mean_l2=17.8508, median_l2=18.0371, mean_abs=0.6637, max_abs=2.9548
Epoch 20/30 | Train Loss: 4.5011 (Fused: 2.4205) | Train C-index: 0.8784 | Val Fused: 0.7326 | Val CT: 0.6677 | Val PA: 0.7217 | Alpha CT: 0.4955 | Alpha PA: 0.5045
Feature stats | CT: mean=1.1390, std=1.2011, mean_l2=37.1357, median_l2=36.7621, mean_abs=1.1390, max_abs=7.4922 | PA: mean=0.6735, std=0.4373, mean_l2=18.0960, median_l2=18.2735, mean_abs=0.6735, max_abs=2.9681
Epoch 21/30 | Train Loss: 4.5946 (Fused: 2.4759) | Train C-index: 0.8934 | Val Fused: 0.7194 | Val CT: 0.6660 | Val PA: 0.6958 | Alpha CT: 0.4953 | Alpha PA: 0.5047
Feature stats | CT: mean=1.1110, std=1.1550, mean_l2=36.0401, median_l2=36.1765, mean_abs=1.1110, max_abs=6.9859 | PA: mean=0.6785, std=0.4389, mean_l2=18.2063, median_l2=18.4562, mean_abs=0.6785, max_abs=3.0297
Epoch 22/30 | Train Loss: 4.3584 (Fused: 2.3421) | Train C-index: 0.8922 | Val Fused: 0.7144 | Val CT: 0.6687 | Val PA: 0.6885 | Alpha CT: 0.4950 | Alpha PA: 0.5050
Feature stats | CT: mean=0.9545, std=0.9672, mean_l2=30.4872, median_l2=30.3558, mean_abs=0.9545, max_abs=6.2275 | PA: mean=0.6890, std=0.4451, mean_l2=18.4788, median_l2=18.6638, mean_abs=0.6890, max_abs=3.1192
Epoch 23/30 | Train Loss: 4.3516 (Fused: 2.3429) | Train C-index: 0.8964 | Val Fused: 0.7087 | Val CT: 0.6577 | Val PA: 0.6849 | Alpha CT: 0.4948 | Alpha PA: 0.5052
Feature stats | CT: mean=0.9154, std=0.9287, mean_l2=29.2336, median_l2=28.4312, mean_abs=0.9154, max_abs=6.3030 | PA: mean=0.7037, std=0.4564, mean_l2=18.8988, median_l2=19.1156, mean_abs=0.7037, max_abs=3.1590
Epoch 24/30 | Train Loss: 4.1922 (Fused: 2.2497) | Train C-index: 0.9081 | Val Fused: 0.7041 | Val CT: 0.6571 | Val PA: 0.6842 | Alpha CT: 0.4945 | Alpha PA: 0.5055
Feature stats | CT: mean=1.0382, std=1.0672, mean_l2=33.4118, median_l2=33.6698, mean_abs=1.0382, max_abs=6.9454 | PA: mean=0.7144, std=0.4659, mean_l2=19.2075, median_l2=19.3365, mean_abs=0.7144, max_abs=3.3000
Epoch 25/30 | Train Loss: 4.0441 (Fused: 2.1596) | Train C-index: 0.9161 | Val Fused: 0.7107 | Val CT: 0.6663 | Val PA: 0.6882 | Alpha CT: 0.4942 | Alpha PA: 0.5058
Feature stats | CT: mean=1.0598, std=1.0941, mean_l2=34.1795, median_l2=34.5371, mean_abs=1.0598, max_abs=6.9346 | PA: mean=0.7267, std=0.4724, mean_l2=19.5217, median_l2=19.7259, mean_abs=0.7267, max_abs=3.2998
Epoch 26/30 | Train Loss: 3.9967 (Fused: 2.1256) | Train C-index: 0.9193 | Val Fused: 0.7015 | Val CT: 0.6693 | Val PA: 0.6683 | Alpha CT: 0.4939 | Alpha PA: 0.5061
Feature stats | CT: mean=1.0045, std=1.0255, mean_l2=32.1896, median_l2=32.0151, mean_abs=1.0045, max_abs=6.5405 | PA: mean=0.7355, std=0.4746, mean_l2=19.7115, median_l2=19.9451, mean_abs=0.7355, max_abs=3.2264
Early stopping at epoch 26
Fold 3 best fusion alpha | CT: 0.4965 | PA: 0.5035
Fold 3 best C-index: 0.7459

Extra survival metrics:
cutoff_from_train_median: 0.768372
n_test: 112
n_high_risk: 46
n_low_risk: 66
n_event_test: 38
logrank_stat: 13.815024
logrank_p: 0.000202
auc_36m: 0.808205
auc_60m: 0.721696
HR_high_vs_low: 3.279175
HR_95CI_lower: 1.690638
HR_95CI_upper: 6.360313
cox_p: 0.000442

==================================================
Fold 5/5
==================================================
[ResNetCox] Loaded pretrained from /home/gly001/cqj/pa_ct_surv/model/ct_pretrain/resnet_18_23dataset.pth
  Missing keys (ok): ['fc.weight', 'fc.bias']
Epoch 1/30 | Train Loss: 5.8727 (Fused: 3.2661) | Train C-index: 0.6725 | Val Fused: 0.6481 | Val CT: 0.5486 | Val PA: 0.6447 | Alpha CT: 0.4998 | Alpha PA: 0.5002
Feature stats | CT: mean=0.8689, std=0.8821, mean_l2=28.0127, median_l2=27.9304, mean_abs=0.8689, max_abs=6.5594 | PA: mean=0.2794, std=0.2235, mean_l2=8.0872, median_l2=8.0594, mean_abs=0.2794, max_abs=1.9506
Epoch 2/30 | Train Loss: 5.6704 (Fused: 3.1521) | Train C-index: 0.7467 | Val Fused: 0.6376 | Val CT: 0.5539 | Val PA: 0.6397 | Alpha CT: 0.4996 | Alpha PA: 0.5004
Feature stats | CT: mean=0.8836, std=0.8898, mean_l2=28.3570, median_l2=28.2249, mean_abs=0.8836, max_abs=6.2070 | PA: mean=0.3001, std=0.2475, mean_l2=8.7830, median_l2=8.7199, mean_abs=0.3001, max_abs=1.9927
Epoch 3/30 | Train Loss: 5.5302 (Fused: 3.0608) | Train C-index: 0.7584 | Val Fused: 0.6390 | Val CT: 0.5624 | Val PA: 0.6393 | Alpha CT: 0.4994 | Alpha PA: 0.5006
Feature stats | CT: mean=0.9084, std=0.9130, mean_l2=29.0662, median_l2=28.6831, mean_abs=0.9084, max_abs=5.9439 | PA: mean=0.3343, std=0.2797, mean_l2=9.8276, median_l2=9.6944, mean_abs=0.3343, max_abs=2.1529
Epoch 4/30 | Train Loss: 5.4701 (Fused: 3.0128) | Train C-index: 0.7601 | Val Fused: 0.6353 | Val CT: 0.5704 | Val PA: 0.6363 | Alpha CT: 0.4992 | Alpha PA: 0.5008
Feature stats | CT: mean=0.9097, std=0.9192, mean_l2=29.0741, median_l2=28.3926, mean_abs=0.9097, max_abs=6.5054 | PA: mean=0.3705, std=0.3071, mean_l2=10.8388, median_l2=10.6928, mean_abs=0.3705, max_abs=2.2940
Epoch 5/30 | Train Loss: 5.4108 (Fused: 2.9768) | Train C-index: 0.7697 | Val Fused: 0.6474 | Val CT: 0.5832 | Val PA: 0.6360 | Alpha CT: 0.4990 | Alpha PA: 0.5010
Feature stats | CT: mean=0.9657, std=0.9855, mean_l2=30.9761, median_l2=30.5863, mean_abs=0.9657, max_abs=6.8344 | PA: mean=0.3929, std=0.3204, mean_l2=11.4197, median_l2=11.2551, mean_abs=0.3929, max_abs=2.3557
Epoch 6/30 | Train Loss: 5.2027 (Fused: 2.8583) | Train C-index: 0.7811 | Val Fused: 0.6427 | Val CT: 0.5929 | Val PA: 0.6329 | Alpha CT: 0.4988 | Alpha PA: 0.5012
Feature stats | CT: mean=0.9930, std=1.0141, mean_l2=31.8978, median_l2=31.4302, mean_abs=0.9930, max_abs=6.7789 | PA: mean=0.4113, std=0.3313, mean_l2=11.8969, median_l2=11.7797, mean_abs=0.4113, max_abs=2.3787
Epoch 7/30 | Train Loss: 5.1723 (Fused: 2.8430) | Train C-index: 0.7916 | Val Fused: 0.6578 | Val CT: 0.5953 | Val PA: 0.6353 | Alpha CT: 0.4987 | Alpha PA: 0.5013
Feature stats | CT: mean=0.9557, std=0.9719, mean_l2=30.5848, median_l2=30.1238, mean_abs=0.9557, max_abs=6.6098 | PA: mean=0.4303, std=0.3424, mean_l2=12.3896, median_l2=12.2897, mean_abs=0.4303, max_abs=2.3892
Epoch 8/30 | Train Loss: 5.1350 (Fused: 2.8216) | Train C-index: 0.8030 | Val Fused: 0.6615 | Val CT: 0.6084 | Val PA: 0.6387 | Alpha CT: 0.4985 | Alpha PA: 0.5015
Feature stats | CT: mean=0.9596, std=0.9741, mean_l2=30.6901, median_l2=29.9713, mean_abs=0.9596, max_abs=6.6058 | PA: mean=0.4515, std=0.3543, mean_l2=12.9296, median_l2=12.9014, mean_abs=0.4515, max_abs=2.4403
Epoch 9/30 | Train Loss: 5.0438 (Fused: 2.7698) | Train C-index: 0.8147 | Val Fused: 0.6662 | Val CT: 0.6134 | Val PA: 0.6487 | Alpha CT: 0.4983 | Alpha PA: 0.5017
Feature stats | CT: mean=0.9778, std=0.9918, mean_l2=31.2915, median_l2=31.0073, mean_abs=0.9778, max_abs=6.7012 | PA: mean=0.4757, std=0.3652, mean_l2=13.5169, median_l2=13.5334, mean_abs=0.4757, max_abs=2.4799
Epoch 10/30 | Train Loss: 4.9544 (Fused: 2.7157) | Train C-index: 0.8194 | Val Fused: 0.6686 | Val CT: 0.6208 | Val PA: 0.6575 | Alpha CT: 0.4980 | Alpha PA: 0.5020
Feature stats | CT: mean=0.9573, std=0.9761, mean_l2=30.6333, median_l2=29.7591, mean_abs=0.9573, max_abs=6.8383 | PA: mean=0.5025, std=0.3760, mean_l2=14.1442, median_l2=14.1967, mean_abs=0.5025, max_abs=2.5227
Epoch 11/30 | Train Loss: 4.9375 (Fused: 2.7022) | Train C-index: 0.8277 | Val Fused: 0.6729 | Val CT: 0.6252 | Val PA: 0.6568 | Alpha CT: 0.4978 | Alpha PA: 0.5022
Feature stats | CT: mean=0.9343, std=0.9512, mean_l2=29.8609, median_l2=28.8846, mean_abs=0.9343, max_abs=6.6607 | PA: mean=0.5266, std=0.3856, mean_l2=14.7056, median_l2=14.7441, mean_abs=0.5266, max_abs=2.5614
Epoch 12/30 | Train Loss: 4.8707 (Fused: 2.6601) | Train C-index: 0.8413 | Val Fused: 0.6746 | Val CT: 0.6198 | Val PA: 0.6608 | Alpha CT: 0.4976 | Alpha PA: 0.5024
Feature stats | CT: mean=0.9572, std=0.9629, mean_l2=30.5328, median_l2=30.3188, mean_abs=0.9572, max_abs=6.3231 | PA: mean=0.5490, std=0.3928, mean_l2=15.2059, median_l2=15.2981, mean_abs=0.5490, max_abs=2.5649
Epoch 13/30 | Train Loss: 4.7680 (Fused: 2.6060) | Train C-index: 0.8438 | Val Fused: 0.6770 | Val CT: 0.6218 | Val PA: 0.6635 | Alpha CT: 0.4974 | Alpha PA: 0.5026
Feature stats | CT: mean=0.9607, std=0.9769, mean_l2=30.7106, median_l2=29.9786, mean_abs=0.9607, max_abs=6.8186 | PA: mean=0.5746, std=0.4034, mean_l2=15.8099, median_l2=15.8728, mean_abs=0.5746, max_abs=2.6086
Epoch 14/30 | Train Loss: 4.7282 (Fused: 2.5733) | Train C-index: 0.8512 | Val Fused: 0.6897 | Val CT: 0.6259 | Val PA: 0.6793 | Alpha CT: 0.4971 | Alpha PA: 0.5029
Feature stats | CT: mean=0.9846, std=1.0014, mean_l2=31.4991, median_l2=31.0261, mean_abs=0.9846, max_abs=6.7798 | PA: mean=0.5992, std=0.4076, mean_l2=16.3243, median_l2=16.4449, mean_abs=0.5992, max_abs=2.6991
Epoch 15/30 | Train Loss: 4.7141 (Fused: 2.5348) | Train C-index: 0.8612 | Val Fused: 0.6874 | Val CT: 0.6333 | Val PA: 0.6854 | Alpha CT: 0.4969 | Alpha PA: 0.5031
Feature stats | CT: mean=1.0152, std=1.0380, mean_l2=32.5555, median_l2=32.2086, mean_abs=1.0152, max_abs=6.9814 | PA: mean=0.6233, std=0.4169, mean_l2=16.8892, median_l2=17.0259, mean_abs=0.6233, max_abs=2.7507
Epoch 16/30 | Train Loss: 4.5914 (Fused: 2.4891) | Train C-index: 0.8685 | Val Fused: 0.6834 | Val CT: 0.6329 | Val PA: 0.6733 | Alpha CT: 0.4966 | Alpha PA: 0.5034
Feature stats | CT: mean=1.0171, std=1.0361, mean_l2=32.5733, median_l2=32.2154, mean_abs=1.0171, max_abs=6.8812 | PA: mean=0.6490, std=0.4359, mean_l2=17.5959, median_l2=17.7758, mean_abs=0.6490, max_abs=2.8870
Epoch 17/30 | Train Loss: 4.5899 (Fused: 2.4885) | Train C-index: 0.8768 | Val Fused: 0.6776 | Val CT: 0.6356 | Val PA: 0.6733 | Alpha CT: 0.4964 | Alpha PA: 0.5036
Feature stats | CT: mean=0.9957, std=1.0072, mean_l2=31.7844, median_l2=31.4998, mean_abs=0.9957, max_abs=6.6264 | PA: mean=0.6685, std=0.4421, mean_l2=18.0415, median_l2=18.2578, mean_abs=0.6685, max_abs=2.9752
Epoch 18/30 | Train Loss: 4.4475 (Fused: 2.4001) | Train C-index: 0.8849 | Val Fused: 0.6955 | Val CT: 0.6313 | Val PA: 0.6840 | Alpha CT: 0.4961 | Alpha PA: 0.5039
Feature stats | CT: mean=1.0047, std=1.0110, mean_l2=32.0399, median_l2=31.8149, mean_abs=1.0047, max_abs=6.3046 | PA: mean=0.6846, std=0.4437, mean_l2=18.3735, median_l2=18.5615, mean_abs=0.6846, max_abs=3.0758
Epoch 19/30 | Train Loss: 4.3356 (Fused: 2.3274) | Train C-index: 0.8810 | Val Fused: 0.6941 | Val CT: 0.6286 | Val PA: 0.6840 | Alpha CT: 0.4959 | Alpha PA: 0.5041
Feature stats | CT: mean=0.9440, std=0.9628, mean_l2=30.1434, median_l2=28.8200, mean_abs=0.9440, max_abs=6.5339 | PA: mean=0.7013, std=0.4477, mean_l2=18.7422, median_l2=18.9246, mean_abs=0.7013, max_abs=3.1604
Epoch 20/30 | Train Loss: 4.3529 (Fused: 2.3181) | Train C-index: 0.8948 | Val Fused: 0.6894 | Val CT: 0.6346 | Val PA: 0.6830 | Alpha CT: 0.4956 | Alpha PA: 0.5044
Feature stats | CT: mean=0.9138, std=0.9177, mean_l2=29.0652, median_l2=28.3472, mean_abs=0.9138, max_abs=5.8870 | PA: mean=0.7192, std=0.4569, mean_l2=19.1890, median_l2=19.4124, mean_abs=0.7192, max_abs=3.3070
Epoch 21/30 | Train Loss: 4.3060 (Fused: 2.2930) | Train C-index: 0.8994 | Val Fused: 0.6948 | Val CT: 0.6403 | Val PA: 0.6840 | Alpha CT: 0.4953 | Alpha PA: 0.5047
Feature stats | CT: mean=0.9083, std=0.8991, mean_l2=28.7892, median_l2=28.5474, mean_abs=0.9083, max_abs=5.6710 | PA: mean=0.7370, std=0.4666, mean_l2=19.6406, median_l2=19.9163, mean_abs=0.7370, max_abs=3.3056
Epoch 22/30 | Train Loss: 4.1372 (Fused: 2.1939) | Train C-index: 0.9057 | Val Fused: 0.7008 | Val CT: 0.6387 | Val PA: 0.6827 | Alpha CT: 0.4950 | Alpha PA: 0.5050
Feature stats | CT: mean=0.9205, std=0.9192, mean_l2=29.2383, median_l2=28.4342, mean_abs=0.9205, max_abs=5.8970 | PA: mean=0.7498, std=0.4725, mean_l2=19.9568, median_l2=20.2953, mean_abs=0.7498, max_abs=3.2774
Epoch 23/30 | Train Loss: 4.0118 (Fused: 2.1245) | Train C-index: 0.9120 | Val Fused: 0.6945 | Val CT: 0.6440 | Val PA: 0.6793 | Alpha CT: 0.4947 | Alpha PA: 0.5053
Feature stats | CT: mean=1.0312, std=1.0493, mean_l2=32.9828, median_l2=32.0588, mean_abs=1.0312, max_abs=6.9364 | PA: mean=0.7617, std=0.4801, mean_l2=20.2770, median_l2=20.5495, mean_abs=0.7617, max_abs=3.2925
Epoch 24/30 | Train Loss: 3.9751 (Fused: 2.0884) | Train C-index: 0.9199 | Val Fused: 0.6881 | Val CT: 0.6420 | Val PA: 0.6746 | Alpha CT: 0.4945 | Alpha PA: 0.5055
Feature stats | CT: mean=1.1137, std=1.1493, mean_l2=35.9293, median_l2=35.5644, mean_abs=1.1137, max_abs=7.4958 | PA: mean=0.7728, std=0.4864, mean_l2=20.5571, median_l2=20.8370, mean_abs=0.7728, max_abs=3.3250
Epoch 25/30 | Train Loss: 3.9029 (Fused: 2.0383) | Train C-index: 0.9260 | Val Fused: 0.6934 | Val CT: 0.6380 | Val PA: 0.6770 | Alpha CT: 0.4942 | Alpha PA: 0.5058
Feature stats | CT: mean=1.1284, std=1.1724, mean_l2=36.4762, median_l2=35.9593, mean_abs=1.1284, max_abs=7.5963 | PA: mean=0.7796, std=0.4931, mean_l2=20.7642, median_l2=21.0556, mean_abs=0.7796, max_abs=3.3798
Epoch 26/30 | Train Loss: 3.7694 (Fused: 1.9770) | Train C-index: 0.9325 | Val Fused: 0.6911 | Val CT: 0.6403 | Val PA: 0.6760 | Alpha CT: 0.4939 | Alpha PA: 0.5061
Feature stats | CT: mean=1.1079, std=1.1337, mean_l2=35.6218, median_l2=35.3568, mean_abs=1.1079, max_abs=7.1989 | PA: mean=0.7882, std=0.5015, mean_l2=21.0244, median_l2=21.2857, mean_abs=0.7882, max_abs=3.3421
Epoch 27/30 | Train Loss: 3.6479 (Fused: 1.8910) | Train C-index: 0.9417 | Val Fused: 0.6709 | Val CT: 0.6410 | Val PA: 0.6585 | Alpha CT: 0.4937 | Alpha PA: 0.5063
Feature stats | CT: mean=1.0365, std=1.0511, mean_l2=33.0884, median_l2=32.5278, mean_abs=1.0365, max_abs=6.9582 | PA: mean=0.7970, std=0.5117, mean_l2=21.2981, median_l2=21.5822, mean_abs=0.7970, max_abs=3.3730
Epoch 28/30 | Train Loss: 3.5479 (Fused: 1.8258) | Train C-index: 0.9457 | Val Fused: 0.6756 | Val CT: 0.6323 | Val PA: 0.6669 | Alpha CT: 0.4934 | Alpha PA: 0.5066
Feature stats | CT: mean=1.0306, std=1.0313, mean_l2=32.7848, median_l2=32.6791, mean_abs=1.0306, max_abs=6.8358 | PA: mean=0.8044, std=0.5205, mean_l2=21.5360, median_l2=21.7211, mean_abs=0.8044, max_abs=3.4596
Epoch 29/30 | Train Loss: 3.4829 (Fused: 1.7755) | Train C-index: 0.9516 | Val Fused: 0.6726 | Val CT: 0.6272 | Val PA: 0.6592 | Alpha CT: 0.4931 | Alpha PA: 0.5069
Feature stats | CT: mean=1.0697, std=1.0874, mean_l2=34.2211, median_l2=33.7772, mean_abs=1.0697, max_abs=7.0620 | PA: mean=0.8152, std=0.5313, mean_l2=21.8710, median_l2=22.1085, mean_abs=0.8152, max_abs=3.6169
Epoch 30/30 | Train Loss: 3.3011 (Fused: 1.6635) | Train C-index: 0.9577 | Val Fused: 0.6679 | Val CT: 0.6252 | Val PA: 0.6575 | Alpha CT: 0.4928 | Alpha PA: 0.5072
Feature stats | CT: mean=1.0889, std=1.1122, mean_l2=34.9193, median_l2=34.4987, mean_abs=1.0889, max_abs=7.3233 | PA: mean=0.8291, std=0.5523, mean_l2=22.3834, median_l2=22.5735, mean_abs=0.8291, max_abs=3.6021
Fold 4 best fusion alpha | CT: 0.4950 | PA: 0.5050
Fold 4 best C-index: 0.7008

Extra survival metrics:
cutoff_from_train_median: 0.250770
n_test: 112
n_high_risk: 71
n_low_risk: 41
n_event_test: 38
logrank_stat: 6.461167
logrank_p: 0.011026
auc_36m: 0.789665
auc_60m: 0.683007
HR_high_vs_low: 2.655905
HR_95CI_lower: 1.214233
HR_95CI_upper: 5.809290
cox_p: 0.014443

==================================================
5-Fold CV Summary
==================================================
  C-index: 0.7494 +/- 0.0355
