Using Device: cuda | ROI: 64
PA: abmil | CT: resnet18 | Fusion: concat | Fusion dropout: 0.5 | Norm: layernorm | CT/PA dropout: 0.0 | CT augmentation: disabled
LR: 0.0001 | CT Backbone LR: 1e-05
Loss: Fused Cox + 0.5*CT + 0.3*PA
CT pretrained: /home/gly001/cqj/pa_ct_surv/model/ct_pretrain/resnet_18_23dataset.pth
Checkpoints: /home/gly001/cqj/pa_ct_surv/checkpoints/pact_v4/pact/roi64_abmil_resnet18_concat_normlayernorm_fusion_dropout0.5_epochs30_coxbs64_lr1e-4_blr1e-5_wd5e-4_lct0.5_lpa0.3_seed42
Results: /home/gly001/cqj/pa_ct_surv/results/pact_v4/pact/roi64_abmil_resnet18_concat_normlayernorm_fusion_dropout0.5_epochs30_coxbs64_lr1e-4_blr1e-5_wd5e-4_lct0.5_lpa0.3_seed42
Loaded 703 paired samples
Locked split: train=562, test=141
Test set is not accessed during CV

==================================================
Fold 1/5
==================================================
[ResNetCox] Loaded pretrained from /home/gly001/cqj/pa_ct_surv/model/ct_pretrain/resnet_18_23dataset.pth
  Missing keys (ok): ['fc.weight', 'fc.bias']
Epoch 1/30 | Train Loss: 5.7466 (Fused: 3.1690) | Train C-index: 0.6117 | Val Fused: 0.7346 | Val CT: 0.3797 | Val PA: 0.6457
Feature stats | CT: mean=0.8543, std=0.8673, mean_l2=27.5433, median_l2=27.4953, mean_abs=0.8543, max_abs=6.6032 | PA: mean=0.2766, std=0.2202, mean_l2=7.9941, median_l2=7.9621, mean_abs=0.2766, max_abs=1.7966
Epoch 2/30 | Train Loss: 5.6021 (Fused: 3.0336) | Train C-index: 0.7037 | Val Fused: 0.7400 | Val CT: 0.5285 | Val PA: 0.6980
Feature stats | CT: mean=0.8406, std=0.8497, mean_l2=27.0432, median_l2=27.0459, mean_abs=0.8406, max_abs=5.8022 | PA: mean=0.2787, std=0.2280, mean_l2=8.1401, median_l2=8.1160, mean_abs=0.2787, max_abs=1.8031
Epoch 3/30 | Train Loss: 5.5710 (Fused: 3.0044) | Train C-index: 0.7146 | Val Fused: 0.7385 | Val CT: 0.5932 | Val PA: 0.7228
Feature stats | CT: mean=0.8399, std=0.8459, mean_l2=26.9715, median_l2=26.9290, mean_abs=0.8399, max_abs=5.6735 | PA: mean=0.2798, std=0.2315, mean_l2=8.2093, median_l2=8.1891, mean_abs=0.2798, max_abs=1.8272
Epoch 4/30 | Train Loss: 5.4427 (Fused: 2.8952) | Train C-index: 0.7484 | Val Fused: 0.7362 | Val CT: 0.6136 | Val PA: 0.7337
Feature stats | CT: mean=0.8576, std=0.8626, mean_l2=27.5209, median_l2=27.4542, mean_abs=0.8576, max_abs=5.9644 | PA: mean=0.2810, std=0.2305, mean_l2=8.2166, median_l2=8.1920, mean_abs=0.2810, max_abs=1.8549
Epoch 5/30 | Train Loss: 5.3896 (Fused: 2.8535) | Train C-index: 0.7601 | Val Fused: 0.7420 | Val CT: 0.6247 | Val PA: 0.7391
Feature stats | CT: mean=0.8551, std=0.8649, mean_l2=27.5167, median_l2=27.4312, mean_abs=0.8551, max_abs=5.9710 | PA: mean=0.2819, std=0.2284, mean_l2=8.2036, median_l2=8.1808, mean_abs=0.2819, max_abs=1.8522
Epoch 6/30 | Train Loss: 5.3943 (Fused: 2.8643) | Train C-index: 0.7615 | Val Fused: 0.7426 | Val CT: 0.6314 | Val PA: 0.7429
Feature stats | CT: mean=0.8664, std=0.8745, mean_l2=27.8483, median_l2=27.7420, mean_abs=0.8664, max_abs=6.1736 | PA: mean=0.2827, std=0.2264, mean_l2=8.1882, median_l2=8.1641, mean_abs=0.2827, max_abs=1.8305
Epoch 7/30 | Train Loss: 5.2807 (Fused: 2.7757) | Train C-index: 0.7867 | Val Fused: 0.7493 | Val CT: 0.6384 | Val PA: 0.7420
Feature stats | CT: mean=0.8707, std=0.8779, mean_l2=27.9615, median_l2=27.7735, mean_abs=0.8707, max_abs=6.2712 | PA: mean=0.2833, std=0.2217, mean_l2=8.1326, median_l2=8.0991, mean_abs=0.2833, max_abs=1.8463
Epoch 8/30 | Train Loss: 5.2570 (Fused: 2.7715) | Train C-index: 0.7887 | Val Fused: 0.7365 | Val CT: 0.6410 | Val PA: 0.7445
Feature stats | CT: mean=0.8824, std=0.8882, mean_l2=28.2979, median_l2=28.0687, mean_abs=0.8824, max_abs=6.1887 | PA: mean=0.2845, std=0.2175, mean_l2=8.0965, median_l2=8.0669, mean_abs=0.2845, max_abs=1.8444
Epoch 9/30 | Train Loss: 5.2008 (Fused: 2.7231) | Train C-index: 0.8056 | Val Fused: 0.7394 | Val CT: 0.6470 | Val PA: 0.7464
Feature stats | CT: mean=0.8987, std=0.9067, mean_l2=28.8254, median_l2=28.5807, mean_abs=0.8987, max_abs=6.2316 | PA: mean=0.2859, std=0.2154, mean_l2=8.0920, median_l2=8.0581, mean_abs=0.2859, max_abs=1.8534
Epoch 10/30 | Train Loss: 5.0995 (Fused: 2.6202) | Train C-index: 0.8263 | Val Fused: 0.7381 | Val CT: 0.6553 | Val PA: 0.7480
Feature stats | CT: mean=0.9307, std=0.9444, mean_l2=29.8969, median_l2=29.5294, mean_abs=0.9307, max_abs=6.5304 | PA: mean=0.2867, std=0.2113, mean_l2=8.0502, median_l2=8.0160, mean_abs=0.2867, max_abs=1.8864
Epoch 11/30 | Train Loss: 5.0578 (Fused: 2.5926) | Train C-index: 0.8348 | Val Fused: 0.7375 | Val CT: 0.6626 | Val PA: 0.7509
Feature stats | CT: mean=0.9113, std=0.9306, mean_l2=29.3626, median_l2=28.8973, mean_abs=0.9113, max_abs=6.5174 | PA: mean=0.2874, std=0.2067, mean_l2=8.0025, median_l2=7.9740, mean_abs=0.2874, max_abs=1.8410
Epoch 12/30 | Train Loss: 4.9300 (Fused: 2.4752) | Train C-index: 0.8611 | Val Fused: 0.7461 | Val CT: 0.6680 | Val PA: 0.7541
Feature stats | CT: mean=0.9163, std=0.9399, mean_l2=29.6103, median_l2=29.3755, mean_abs=0.9163, max_abs=6.9191 | PA: mean=0.2883, std=0.2043, mean_l2=7.9873, median_l2=7.9563, mean_abs=0.2883, max_abs=1.7018
Epoch 13/30 | Train Loss: 4.7740 (Fused: 2.3483) | Train C-index: 0.8685 | Val Fused: 0.7385 | Val CT: 0.6766 | Val PA: 0.7512
Feature stats | CT: mean=0.9352, std=0.9658, mean_l2=30.2928, median_l2=30.0197, mean_abs=0.9352, max_abs=7.3183 | PA: mean=0.2892, std=0.2023, mean_l2=7.9767, median_l2=7.9497, mean_abs=0.2892, max_abs=1.6975
Epoch 14/30 | Train Loss: 4.8001 (Fused: 2.3622) | Train C-index: 0.8771 | Val Fused: 0.7187 | Val CT: 0.6652 | Val PA: 0.7518
Feature stats | CT: mean=0.9101, std=0.9406, mean_l2=29.5252, median_l2=29.3799, mean_abs=0.9101, max_abs=7.4538 | PA: mean=0.2906, std=0.2013, mean_l2=7.9887, median_l2=7.9394, mean_abs=0.2906, max_abs=1.6410
Epoch 15/30 | Train Loss: 4.7227 (Fused: 2.3032) | Train C-index: 0.8849 | Val Fused: 0.7445 | Val CT: 0.6741 | Val PA: 0.7525
Feature stats | CT: mean=0.9379, std=0.9757, mean_l2=30.5154, median_l2=30.4203, mean_abs=0.9379, max_abs=7.8077 | PA: mean=0.2913, std=0.1986, mean_l2=7.9672, median_l2=7.9225, mean_abs=0.2913, max_abs=1.6551
Epoch 16/30 | Train Loss: 4.6426 (Fused: 2.2270) | Train C-index: 0.8877 | Val Fused: 0.6897 | Val CT: 0.6719 | Val PA: 0.7506
Feature stats | CT: mean=0.8668, std=0.9108, mean_l2=28.3483, median_l2=27.8635, mean_abs=0.8668, max_abs=7.6714 | PA: mean=0.2918, std=0.1980, mean_l2=7.9675, median_l2=7.9024, mean_abs=0.2918, max_abs=1.6994
Epoch 17/30 | Train Loss: 4.6127 (Fused: 2.1918) | Train C-index: 0.8987 | Val Fused: 0.7343 | Val CT: 0.6543 | Val PA: 0.7550
Feature stats | CT: mean=0.8731, std=0.9131, mean_l2=28.5286, median_l2=28.4562, mean_abs=0.8731, max_abs=7.5873 | PA: mean=0.2913, std=0.1959, mean_l2=7.9313, median_l2=7.8639, mean_abs=0.2913, max_abs=1.6962
Early stopping at epoch 17
Fold 0 best C-index: 0.7493

Extra survival metrics:
cutoff_from_train_median: -0.681674
n_test: 113
n_high_risk: 56
n_low_risk: 57
n_event_test: 38
logrank_stat: 18.822282
logrank_p: 0.000014
auc_36m: 0.769315
auc_60m: 0.793529
HR_high_vs_low: 4.566770
HR_95CI_lower: 2.153306
HR_95CI_upper: 9.685290
cox_p: 0.000075

==================================================
Fold 2/5
==================================================
[ResNetCox] Loaded pretrained from /home/gly001/cqj/pa_ct_surv/model/ct_pretrain/resnet_18_23dataset.pth
  Missing keys (ok): ['fc.weight', 'fc.bias']
Epoch 1/30 | Train Loss: 5.8116 (Fused: 3.2084) | Train C-index: 0.6069 | Val Fused: 0.7573 | Val CT: 0.4221 | Val PA: 0.6674
Feature stats | CT: mean=0.8366, std=0.8546, mean_l2=27.0566, median_l2=26.9820, mean_abs=0.8366, max_abs=6.5417 | PA: mean=0.2759, std=0.2204, mean_l2=7.9839, median_l2=7.9506, mean_abs=0.2759, max_abs=1.8849
Epoch 2/30 | Train Loss: 5.6348 (Fused: 3.0558) | Train C-index: 0.7016 | Val Fused: 0.7596 | Val CT: 0.5660 | Val PA: 0.7313
Feature stats | CT: mean=0.8085, std=0.8280, mean_l2=26.1835, median_l2=26.1707, mean_abs=0.8085, max_abs=6.0039 | PA: mean=0.2784, std=0.2270, mean_l2=8.1204, median_l2=8.1047, mean_abs=0.2784, max_abs=1.8847
Epoch 3/30 | Train Loss: 5.5997 (Fused: 3.0129) | Train C-index: 0.7378 | Val Fused: 0.7534 | Val CT: 0.6029 | Val PA: 0.7560
Feature stats | CT: mean=0.7903, std=0.8127, mean_l2=25.6489, median_l2=25.6052, mean_abs=0.7903, max_abs=5.9003 | PA: mean=0.2799, std=0.2287, mean_l2=8.1720, median_l2=8.1504, mean_abs=0.2799, max_abs=1.8647
Epoch 4/30 | Train Loss: 5.5673 (Fused: 2.9874) | Train C-index: 0.7319 | Val Fused: 0.7540 | Val CT: 0.6227 | Val PA: 0.7629
Feature stats | CT: mean=0.7937, std=0.8177, mean_l2=25.7826, median_l2=25.7435, mean_abs=0.7937, max_abs=5.7093 | PA: mean=0.2810, std=0.2268, mean_l2=8.1630, median_l2=8.1377, mean_abs=0.2810, max_abs=1.8462
Epoch 5/30 | Train Loss: 5.4582 (Fused: 2.9004) | Train C-index: 0.7558 | Val Fused: 0.7603 | Val CT: 0.6335 | Val PA: 0.7649
Feature stats | CT: mean=0.8071, std=0.8336, mean_l2=26.2519, median_l2=26.2155, mean_abs=0.8071, max_abs=5.7057 | PA: mean=0.2817, std=0.2238, mean_l2=8.1344, median_l2=8.0982, mean_abs=0.2817, max_abs=1.8580
Epoch 6/30 | Train Loss: 5.4055 (Fused: 2.8570) | Train C-index: 0.7646 | Val Fused: 0.7567 | Val CT: 0.6375 | Val PA: 0.7636
Feature stats | CT: mean=0.8098, std=0.8423, mean_l2=26.4369, median_l2=26.3533, mean_abs=0.8098, max_abs=5.6629 | PA: mean=0.2826, std=0.2209, mean_l2=8.1107, median_l2=8.0854, mean_abs=0.2826, max_abs=1.8683
Epoch 7/30 | Train Loss: 5.3053 (Fused: 2.7701) | Train C-index: 0.7909 | Val Fused: 0.7395 | Val CT: 0.6404 | Val PA: 0.7609
Feature stats | CT: mean=0.8061, std=0.8457, mean_l2=26.4339, median_l2=26.3240, mean_abs=0.8061, max_abs=5.6789 | PA: mean=0.2834, std=0.2169, mean_l2=8.0689, median_l2=8.0393, mean_abs=0.2834, max_abs=1.8825
Epoch 8/30 | Train Loss: 5.2516 (Fused: 2.7286) | Train C-index: 0.7894 | Val Fused: 0.7336 | Val CT: 0.6464 | Val PA: 0.7633
Feature stats | CT: mean=0.8084, std=0.8539, mean_l2=26.6023, median_l2=26.4570, mean_abs=0.8084, max_abs=6.1157 | PA: mean=0.2842, std=0.2121, mean_l2=8.0164, median_l2=7.9847, mean_abs=0.2842, max_abs=1.8733
Epoch 9/30 | Train Loss: 5.1762 (Fused: 2.6720) | Train C-index: 0.8046 | Val Fused: 0.7468 | Val CT: 0.6553 | Val PA: 0.7623
Feature stats | CT: mean=0.8050, std=0.8515, mean_l2=26.5066, median_l2=26.3423, mean_abs=0.8050, max_abs=6.3481 | PA: mean=0.2853, std=0.2090, mean_l2=7.9944, median_l2=7.9595, mean_abs=0.2853, max_abs=1.9103
Epoch 10/30 | Train Loss: 5.0540 (Fused: 2.5485) | Train C-index: 0.8350 | Val Fused: 0.7451 | Val CT: 0.6608 | Val PA: 0.7633
Feature stats | CT: mean=0.7939, std=0.8425, mean_l2=26.1796, median_l2=25.8626, mean_abs=0.7939, max_abs=6.2575 | PA: mean=0.2868, std=0.2079, mean_l2=8.0062, median_l2=7.9681, mean_abs=0.2868, max_abs=1.9370
Epoch 11/30 | Train Loss: 5.0319 (Fused: 2.5598) | Train C-index: 0.8354 | Val Fused: 0.7336 | Val CT: 0.6668 | Val PA: 0.7603
Feature stats | CT: mean=0.8076, std=0.8503, mean_l2=26.5103, median_l2=26.1955, mean_abs=0.8076, max_abs=6.2731 | PA: mean=0.2876, std=0.2056, mean_l2=7.9910, median_l2=7.9468, mean_abs=0.2876, max_abs=1.9453
Epoch 12/30 | Train Loss: 5.0271 (Fused: 2.5392) | Train C-index: 0.8498 | Val Fused: 0.7432 | Val CT: 0.6717 | Val PA: 0.7629
Feature stats | CT: mean=0.8257, std=0.8733, mean_l2=27.1583, median_l2=26.8314, mean_abs=0.8257, max_abs=6.7767 | PA: mean=0.2882, std=0.2032, mean_l2=7.9701, median_l2=7.9156, mean_abs=0.2882, max_abs=1.8975
Epoch 13/30 | Train Loss: 4.8464 (Fused: 2.3750) | Train C-index: 0.8713 | Val Fused: 0.7425 | Val CT: 0.6727 | Val PA: 0.7656
Feature stats | CT: mean=0.8419, std=0.8920, mean_l2=27.7130, median_l2=27.4377, mean_abs=0.8419, max_abs=6.9298 | PA: mean=0.2888, std=0.2003, mean_l2=7.9437, median_l2=7.8813, mean_abs=0.2888, max_abs=1.9011
Epoch 14/30 | Train Loss: 4.7529 (Fused: 2.2874) | Train C-index: 0.8863 | Val Fused: 0.6832 | Val CT: 0.6796 | Val PA: 0.7636
Feature stats | CT: mean=0.8305, std=0.8883, mean_l2=27.4696, median_l2=26.9934, mean_abs=0.8305, max_abs=7.0416 | PA: mean=0.2889, std=0.1992, mean_l2=7.9290, median_l2=7.8693, mean_abs=0.2889, max_abs=1.8842
Epoch 15/30 | Train Loss: 4.6183 (Fused: 2.1797) | Train C-index: 0.9050 | Val Fused: 0.7316 | Val CT: 0.6829 | Val PA: 0.7662
Feature stats | CT: mean=0.8367, std=0.8956, mean_l2=27.6891, median_l2=27.3915, mean_abs=0.8367, max_abs=7.1305 | PA: mean=0.2881, std=0.1982, mean_l2=7.8998, median_l2=7.8311, mean_abs=0.2881, max_abs=1.8064
Early stopping at epoch 15
Fold 1 best C-index: 0.7603

Extra survival metrics:
cutoff_from_train_median: -1.195145
n_test: 113
n_high_risk: 56
n_low_risk: 57
n_event_test: 39
logrank_stat: 27.033092
logrank_p: 0.000000
auc_36m: 0.782966
auc_60m: 0.802158
HR_high_vs_low: 8.172268
HR_95CI_lower: 3.186043
HR_95CI_upper: 20.962042
cox_p: 0.000012

==================================================
Fold 3/5
==================================================
[ResNetCox] Loaded pretrained from /home/gly001/cqj/pa_ct_surv/model/ct_pretrain/resnet_18_23dataset.pth
  Missing keys (ok): ['fc.weight', 'fc.bias']
Epoch 1/30 | Train Loss: 5.8908 (Fused: 3.2287) | Train C-index: 0.6197 | Val Fused: 0.6922 | Val CT: 0.4769 | Val PA: 0.6339
Feature stats | CT: mean=0.8522, std=0.8779, mean_l2=27.6835, median_l2=27.6179, mean_abs=0.8522, max_abs=6.7115 | PA: mean=0.2769, std=0.2203, mean_l2=8.0011, median_l2=7.9636, mean_abs=0.2769, max_abs=1.8242
Epoch 2/30 | Train Loss: 5.6275 (Fused: 3.0434) | Train C-index: 0.7110 | Val Fused: 0.6908 | Val CT: 0.6322 | Val PA: 0.6661
Feature stats | CT: mean=0.8219, std=0.8552, mean_l2=26.8369, median_l2=26.8000, mean_abs=0.8219, max_abs=6.4501 | PA: mean=0.2796, std=0.2242, mean_l2=8.1028, median_l2=8.0725, mean_abs=0.2796, max_abs=1.7862
Epoch 3/30 | Train Loss: 5.6508 (Fused: 2.9977) | Train C-index: 0.7318 | Val Fused: 0.6983 | Val CT: 0.6644 | Val PA: 0.6776
Feature stats | CT: mean=0.8242, std=0.8593, mean_l2=26.9398, median_l2=26.8869, mean_abs=0.8242, max_abs=6.0903 | PA: mean=0.2816, std=0.2284, mean_l2=8.1965, median_l2=8.1623, mean_abs=0.2816, max_abs=1.8215
Epoch 4/30 | Train Loss: 5.5678 (Fused: 2.9430) | Train C-index: 0.7560 | Val Fused: 0.7024 | Val CT: 0.6759 | Val PA: 0.6841
Feature stats | CT: mean=0.8470, std=0.8805, mean_l2=27.6428, median_l2=27.5807, mean_abs=0.8470, max_abs=6.2386 | PA: mean=0.2831, std=0.2291, mean_l2=8.2324, median_l2=8.1935, mean_abs=0.2831, max_abs=1.9484
Epoch 5/30 | Train Loss: 5.4113 (Fused: 2.8551) | Train C-index: 0.7747 | Val Fused: 0.6953 | Val CT: 0.6854 | Val PA: 0.6858
Feature stats | CT: mean=0.8634, std=0.8909, mean_l2=28.0672, median_l2=28.0130, mean_abs=0.8634, max_abs=6.3852 | PA: mean=0.2844, std=0.2256, mean_l2=8.2057, median_l2=8.1739, mean_abs=0.2844, max_abs=1.9373
Epoch 6/30 | Train Loss: 5.4083 (Fused: 2.8613) | Train C-index: 0.7740 | Val Fused: 0.7051 | Val CT: 0.6837 | Val PA: 0.6908
Feature stats | CT: mean=0.8639, std=0.8895, mean_l2=28.0499, median_l2=28.0061, mean_abs=0.8639, max_abs=6.5928 | PA: mean=0.2859, std=0.2220, mean_l2=8.1841, median_l2=8.1452, mean_abs=0.2859, max_abs=1.8981
Epoch 7/30 | Train Loss: 5.5543 (Fused: 2.9348) | Train C-index: 0.7887 | Val Fused: 0.7088 | Val CT: 0.6820 | Val PA: 0.6949
Feature stats | CT: mean=0.8489, std=0.8782, mean_l2=27.6232, median_l2=27.4603, mean_abs=0.8489, max_abs=6.7908 | PA: mean=0.2870, std=0.2185, mean_l2=8.1558, median_l2=8.1057, mean_abs=0.2870, max_abs=1.9356
Epoch 8/30 | Train Loss: 5.2760 (Fused: 2.7579) | Train C-index: 0.8058 | Val Fused: 0.7125 | Val CT: 0.6800 | Val PA: 0.6939
Feature stats | CT: mean=0.8495, std=0.8877, mean_l2=27.7763, median_l2=27.4810, mean_abs=0.8495, max_abs=7.2187 | PA: mean=0.2884, std=0.2164, mean_l2=8.1526, median_l2=8.1178, mean_abs=0.2884, max_abs=1.9253
Epoch 9/30 | Train Loss: 5.2312 (Fused: 2.7159) | Train C-index: 0.8063 | Val Fused: 0.7122 | Val CT: 0.6827 | Val PA: 0.6973
Feature stats | CT: mean=0.8439, std=0.8900, mean_l2=27.7156, median_l2=27.3176, mean_abs=0.8439, max_abs=7.4590 | PA: mean=0.2909, std=0.2158, mean_l2=8.1886, median_l2=8.1487, mean_abs=0.2909, max_abs=1.9034
Epoch 10/30 | Train Loss: 5.2453 (Fused: 2.7096) | Train C-index: 0.8099 | Val Fused: 0.7075 | Val CT: 0.6902 | Val PA: 0.7003
Feature stats | CT: mean=0.8398, std=0.8906, mean_l2=27.6525, median_l2=27.2023, mean_abs=0.8398, max_abs=7.4408 | PA: mean=0.2928, std=0.2125, mean_l2=8.1792, median_l2=8.1228, mean_abs=0.2928, max_abs=1.9499
Epoch 11/30 | Train Loss: 5.0842 (Fused: 2.6055) | Train C-index: 0.8352 | Val Fused: 0.7081 | Val CT: 0.6976 | Val PA: 0.7058
Feature stats | CT: mean=0.8520, std=0.9033, mean_l2=28.0336, median_l2=27.5731, mean_abs=0.8520, max_abs=7.4007 | PA: mean=0.2946, std=0.2081, mean_l2=8.1532, median_l2=8.1178, mean_abs=0.2946, max_abs=1.9922
Epoch 12/30 | Train Loss: 5.0395 (Fused: 2.5526) | Train C-index: 0.8378 | Val Fused: 0.7092 | Val CT: 0.7000 | Val PA: 0.7061
Feature stats | CT: mean=0.8524, std=0.9087, mean_l2=28.1181, median_l2=27.5362, mean_abs=0.8524, max_abs=7.4950 | PA: mean=0.2966, std=0.2051, mean_l2=8.1523, median_l2=8.1104, mean_abs=0.2966, max_abs=2.0195
Epoch 13/30 | Train Loss: 4.9337 (Fused: 2.4305) | Train C-index: 0.8605 | Val Fused: 0.7054 | Val CT: 0.6956 | Val PA: 0.7041
Feature stats | CT: mean=0.8799, std=0.9334, mean_l2=28.9591, median_l2=28.5311, mean_abs=0.8799, max_abs=7.5493 | PA: mean=0.2979, std=0.2013, mean_l2=8.1266, median_l2=8.0701, mean_abs=0.2979, max_abs=1.9798
Epoch 14/30 | Train Loss: 4.8728 (Fused: 2.4143) | Train C-index: 0.8633 | Val Fused: 0.7044 | Val CT: 0.6990 | Val PA: 0.7034
Feature stats | CT: mean=0.8904, std=0.9447, mean_l2=29.2808, median_l2=28.7401, mean_abs=0.8904, max_abs=7.5942 | PA: mean=0.2986, std=0.1986, mean_l2=8.1053, median_l2=8.0479, mean_abs=0.2986, max_abs=1.7713
Epoch 15/30 | Train Loss: 4.9430 (Fused: 2.4625) | Train C-index: 0.8715 | Val Fused: 0.7047 | Val CT: 0.6834 | Val PA: 0.7024
Feature stats | CT: mean=0.8734, std=0.9280, mean_l2=28.7171, median_l2=28.1044, mean_abs=0.8734, max_abs=7.6349 | PA: mean=0.2992, std=0.1972, mean_l2=8.0986, median_l2=8.0311, mean_abs=0.2992, max_abs=1.7545
Epoch 16/30 | Train Loss: 4.8608 (Fused: 2.3754) | Train C-index: 0.8766 | Val Fused: 0.6932 | Val CT: 0.6739 | Val PA: 0.7041
Feature stats | CT: mean=0.8983, std=0.9453, mean_l2=29.4259, median_l2=29.5063, mean_abs=0.8983, max_abs=7.3179 | PA: mean=0.3013, std=0.1980, mean_l2=8.1484, median_l2=8.0841, mean_abs=0.3013, max_abs=1.7708
Epoch 17/30 | Train Loss: 4.7323 (Fused: 2.3123) | Train C-index: 0.8797 | Val Fused: 0.7017 | Val CT: 0.6902 | Val PA: 0.7041
Feature stats | CT: mean=0.8978, std=0.9537, mean_l2=29.5020, median_l2=28.9860, mean_abs=0.8978, max_abs=7.7355 | PA: mean=0.3054, std=0.2044, mean_l2=8.3059, median_l2=8.2412, mean_abs=0.3054, max_abs=1.7660
Epoch 18/30 | Train Loss: 4.7623 (Fused: 2.2645) | Train C-index: 0.8872 | Val Fused: 0.7061 | Val CT: 0.6532 | Val PA: 0.7085
Feature stats | CT: mean=0.9203, std=0.9829, mean_l2=30.3270, median_l2=29.9118, mean_abs=0.9203, max_abs=8.0603 | PA: mean=0.3076, std=0.2058, mean_l2=8.3641, median_l2=8.2998, mean_abs=0.3076, max_abs=1.8420
Early stopping at epoch 18
Fold 2 best C-index: 0.7125

Extra survival metrics:
cutoff_from_train_median: -0.951614
n_test: 112
n_high_risk: 60
n_low_risk: 52
n_event_test: 38
logrank_stat: 18.888994
logrank_p: 0.000014
auc_36m: 0.744774
auc_60m: 0.734648
HR_high_vs_low: 5.611433
HR_95CI_lower: 2.339201
HR_95CI_upper: 13.461086
cox_p: 0.000112

==================================================
Fold 4/5
==================================================
[ResNetCox] Loaded pretrained from /home/gly001/cqj/pa_ct_surv/model/ct_pretrain/resnet_18_23dataset.pth
  Missing keys (ok): ['fc.weight', 'fc.bias']
Epoch 1/30 | Train Loss: 5.8342 (Fused: 3.2008) | Train C-index: 0.6216 | Val Fused: 0.7107 | Val CT: 0.5027 | Val PA: 0.6604
Feature stats | CT: mean=0.8580, std=0.8755, mean_l2=27.7348, median_l2=27.7012, mean_abs=0.8580, max_abs=6.9387 | PA: mean=0.2765, std=0.2193, mean_l2=7.9783, median_l2=7.9539, mean_abs=0.2765, max_abs=1.7572
Epoch 2/30 | Train Loss: 5.7178 (Fused: 3.0671) | Train C-index: 0.7151 | Val Fused: 0.7266 | Val CT: 0.6166 | Val PA: 0.6872
Feature stats | CT: mean=0.9100, std=0.9246, mean_l2=29.3476, median_l2=29.3829, mean_abs=0.9100, max_abs=7.4643 | PA: mean=0.2784, std=0.2225, mean_l2=8.0582, median_l2=8.0407, mean_abs=0.2784, max_abs=1.8934
Epoch 3/30 | Train Loss: 5.6213 (Fused: 3.0339) | Train C-index: 0.7235 | Val Fused: 0.7286 | Val CT: 0.6448 | Val PA: 0.7001
Feature stats | CT: mean=0.9443, std=0.9624, mean_l2=30.5051, median_l2=30.4586, mean_abs=0.9443, max_abs=8.0616 | PA: mean=0.2798, std=0.2249, mean_l2=8.1165, median_l2=8.0971, mean_abs=0.2798, max_abs=1.9258
Epoch 4/30 | Train Loss: 5.6598 (Fused: 3.0296) | Train C-index: 0.7398 | Val Fused: 0.7280 | Val CT: 0.6541 | Val PA: 0.7048
Feature stats | CT: mean=0.9833, std=1.0001, mean_l2=31.7286, median_l2=31.6770, mean_abs=0.9833, max_abs=8.3118 | PA: mean=0.2809, std=0.2242, mean_l2=8.1258, median_l2=8.1049, mean_abs=0.2809, max_abs=1.9578
Epoch 5/30 | Train Loss: 5.5467 (Fused: 2.9250) | Train C-index: 0.7520 | Val Fused: 0.7313 | Val CT: 0.6587 | Val PA: 0.7104
Feature stats | CT: mean=0.9872, std=1.0020, mean_l2=31.8199, median_l2=31.8097, mean_abs=0.9872, max_abs=8.3736 | PA: mean=0.2819, std=0.2211, mean_l2=8.0996, median_l2=8.0778, mean_abs=0.2819, max_abs=1.9080
Epoch 6/30 | Train Loss: 5.4920 (Fused: 2.8912) | Train C-index: 0.7784 | Val Fused: 0.7306 | Val CT: 0.6627 | Val PA: 0.7147
Feature stats | CT: mean=0.9654, std=0.9829, mean_l2=31.1625, median_l2=31.0446, mean_abs=0.9654, max_abs=8.2438 | PA: mean=0.2836, std=0.2184, mean_l2=8.0921, median_l2=8.0606, mean_abs=0.2836, max_abs=1.8653
Epoch 7/30 | Train Loss: 5.4681 (Fused: 2.9076) | Train C-index: 0.7826 | Val Fused: 0.7290 | Val CT: 0.6687 | Val PA: 0.7117
Feature stats | CT: mean=0.9689, std=0.9917, mean_l2=31.3516, median_l2=31.2334, mean_abs=0.9689, max_abs=8.1176 | PA: mean=0.2851, std=0.2162, mean_l2=8.0899, median_l2=8.0452, mean_abs=0.2851, max_abs=1.9301
Epoch 8/30 | Train Loss: 5.3312 (Fused: 2.7614) | Train C-index: 0.8033 | Val Fused: 0.7144 | Val CT: 0.6673 | Val PA: 0.7091
Feature stats | CT: mean=0.9679, std=0.9941, mean_l2=31.3518, median_l2=31.1851, mean_abs=0.9679, max_abs=7.9983 | PA: mean=0.2862, std=0.2152, mean_l2=8.0961, median_l2=8.0588, mean_abs=0.2862, max_abs=1.9591
Epoch 9/30 | Train Loss: 5.2748 (Fused: 2.7814) | Train C-index: 0.7973 | Val Fused: 0.7157 | Val CT: 0.6624 | Val PA: 0.7078
Feature stats | CT: mean=0.9950, std=1.0277, mean_l2=32.2623, median_l2=31.8444, mean_abs=0.9950, max_abs=8.2880 | PA: mean=0.2875, std=0.2137, mean_l2=8.0982, median_l2=8.0820, mean_abs=0.2875, max_abs=1.9485
Epoch 10/30 | Train Loss: 5.1906 (Fused: 2.6972) | Train C-index: 0.8112 | Val Fused: 0.7296 | Val CT: 0.6677 | Val PA: 0.7078
Feature stats | CT: mean=1.0342, std=1.0761, mean_l2=33.6133, median_l2=33.0395, mean_abs=1.0342, max_abs=8.4061 | PA: mean=0.2886, std=0.2115, mean_l2=8.0898, median_l2=8.0669, mean_abs=0.2886, max_abs=1.9756
Epoch 11/30 | Train Loss: 5.3531 (Fused: 2.7801) | Train C-index: 0.8356 | Val Fused: 0.7333 | Val CT: 0.6716 | Val PA: 0.7111
Feature stats | CT: mean=0.9924, std=1.0309, mean_l2=32.2643, median_l2=31.6820, mean_abs=0.9924, max_abs=8.3184 | PA: mean=0.2896, std=0.2087, mean_l2=8.0700, median_l2=8.0326, mean_abs=0.2896, max_abs=1.9561
Epoch 12/30 | Train Loss: 5.0475 (Fused: 2.5859) | Train C-index: 0.8337 | Val Fused: 0.7101 | Val CT: 0.6716 | Val PA: 0.7124
Feature stats | CT: mean=1.0175, std=1.0604, mean_l2=33.1745, median_l2=32.8844, mean_abs=1.0175, max_abs=8.2657 | PA: mean=0.2904, std=0.2083, mean_l2=8.0788, median_l2=8.0466, mean_abs=0.2904, max_abs=1.8604
Epoch 13/30 | Train Loss: 5.1014 (Fused: 2.5892) | Train C-index: 0.8453 | Val Fused: 0.7134 | Val CT: 0.6726 | Val PA: 0.7124
Feature stats | CT: mean=1.0557, std=1.1068, mean_l2=34.5564, median_l2=34.4221, mean_abs=1.0557, max_abs=8.3666 | PA: mean=0.2919, std=0.2102, mean_l2=8.1324, median_l2=8.1019, mean_abs=0.2919, max_abs=1.8319
Epoch 14/30 | Train Loss: 4.9266 (Fused: 2.4851) | Train C-index: 0.8521 | Val Fused: 0.7150 | Val CT: 0.6740 | Val PA: 0.7131
Feature stats | CT: mean=1.0355, std=1.0938, mean_l2=34.0021, median_l2=33.6323, mean_abs=1.0355, max_abs=9.0814 | PA: mean=0.2928, std=0.2079, mean_l2=8.1169, median_l2=8.0880, mean_abs=0.2928, max_abs=1.7757
Epoch 15/30 | Train Loss: 4.8614 (Fused: 2.4192) | Train C-index: 0.8671 | Val Fused: 0.7147 | Val CT: 0.6793 | Val PA: 0.7140
Feature stats | CT: mean=1.0570, std=1.1308, mean_l2=34.9010, median_l2=34.2944, mean_abs=1.0570, max_abs=9.4756 | PA: mean=0.2928, std=0.2045, mean_l2=8.0735, median_l2=8.0324, mean_abs=0.2928, max_abs=1.8464
Epoch 16/30 | Train Loss: 4.7982 (Fused: 2.3519) | Train C-index: 0.8776 | Val Fused: 0.7097 | Val CT: 0.6753 | Val PA: 0.7150
Feature stats | CT: mean=1.0476, std=1.1199, mean_l2=34.5760, median_l2=33.9689, mean_abs=1.0476, max_abs=9.5117 | PA: mean=0.2925, std=0.2020, mean_l2=8.0348, median_l2=7.9826, mean_abs=0.2925, max_abs=1.8682
Epoch 17/30 | Train Loss: 4.8063 (Fused: 2.3132) | Train C-index: 0.8818 | Val Fused: 0.7124 | Val CT: 0.6779 | Val PA: 0.7154
Feature stats | CT: mean=1.0570, std=1.1317, mean_l2=34.8930, median_l2=34.3350, mean_abs=1.0570, max_abs=9.7790 | PA: mean=0.2933, std=0.2009, mean_l2=8.0340, median_l2=7.9771, mean_abs=0.2933, max_abs=1.9229
Epoch 18/30 | Train Loss: 4.6147 (Fused: 2.2068) | Train C-index: 0.9030 | Val Fused: 0.7174 | Val CT: 0.6806 | Val PA: 0.7210
Feature stats | CT: mean=1.0615, std=1.1433, mean_l2=35.1306, median_l2=34.7329, mean_abs=1.0615, max_abs=9.9843 | PA: mean=0.2933, std=0.1984, mean_l2=8.0016, median_l2=7.9555, mean_abs=0.2933, max_abs=1.9137
Epoch 19/30 | Train Loss: 4.5524 (Fused: 2.1283) | Train C-index: 0.9127 | Val Fused: 0.7054 | Val CT: 0.6756 | Val PA: 0.7203
Feature stats | CT: mean=0.9997, std=1.0797, mean_l2=33.1568, median_l2=32.7835, mean_abs=0.9997, max_abs=9.7174 | PA: mean=0.2934, std=0.1975, mean_l2=7.9915, median_l2=7.9369, mean_abs=0.2934, max_abs=1.9709
Epoch 20/30 | Train Loss: 4.4939 (Fused: 2.0857) | Train C-index: 0.9200 | Val Fused: 0.7028 | Val CT: 0.6773 | Val PA: 0.7203
Feature stats | CT: mean=1.0158, std=1.1070, mean_l2=33.7970, median_l2=33.2929, mean_abs=1.0158, max_abs=9.9416 | PA: mean=0.2927, std=0.1959, mean_l2=7.9584, median_l2=7.8977, mean_abs=0.2927, max_abs=1.9071
Epoch 21/30 | Train Loss: 4.3774 (Fused: 1.9992) | Train C-index: 0.9244 | Val Fused: 0.7034 | Val CT: 0.6710 | Val PA: 0.7200
Feature stats | CT: mean=1.0030, std=1.0881, mean_l2=33.3285, median_l2=33.1238, mean_abs=1.0030, max_abs=9.7858 | PA: mean=0.2917, std=0.1959, mean_l2=7.9381, median_l2=7.8833, mean_abs=0.2917, max_abs=1.8773
Early stopping at epoch 21
Fold 3 best C-index: 0.7333

Extra survival metrics:
cutoff_from_train_median: -0.894677
n_test: 112
n_high_risk: 51
n_low_risk: 61
n_event_test: 38
logrank_stat: 12.506831
logrank_p: 0.000405
auc_36m: 0.771544
auc_60m: 0.708032
HR_high_vs_low: 3.226025
HR_95CI_lower: 1.624432
HR_95CI_upper: 6.406696
cox_p: 0.000820

==================================================
Fold 5/5
==================================================
[ResNetCox] Loaded pretrained from /home/gly001/cqj/pa_ct_surv/model/ct_pretrain/resnet_18_23dataset.pth
  Missing keys (ok): ['fc.weight', 'fc.bias']
Epoch 1/30 | Train Loss: 5.9709 (Fused: 3.3385) | Train C-index: 0.5993 | Val Fused: 0.6592 | Val CT: 0.4511 | Val PA: 0.5832
Feature stats | CT: mean=0.8605, std=0.8774, mean_l2=27.8050, median_l2=27.7706, mean_abs=0.8605, max_abs=6.5607 | PA: mean=0.2771, std=0.2215, mean_l2=8.0202, median_l2=7.9875, mean_abs=0.2771, max_abs=1.8004
Epoch 2/30 | Train Loss: 5.7438 (Fused: 3.1214) | Train C-index: 0.7219 | Val Fused: 0.6471 | Val CT: 0.5160 | Val PA: 0.6175
Feature stats | CT: mean=0.8433, std=0.8681, mean_l2=27.3844, median_l2=27.3369, mean_abs=0.8433, max_abs=6.4004 | PA: mean=0.2800, std=0.2274, mean_l2=8.1550, median_l2=8.1239, mean_abs=0.2800, max_abs=1.8128
Epoch 3/30 | Train Loss: 5.7986 (Fused: 3.1460) | Train C-index: 0.7314 | Val Fused: 0.6534 | Val CT: 0.5418 | Val PA: 0.6376
Feature stats | CT: mean=0.8511, std=0.8797, mean_l2=27.6949, median_l2=27.6646, mean_abs=0.8511, max_abs=6.4668 | PA: mean=0.2820, std=0.2291, mean_l2=8.2147, median_l2=8.1842, mean_abs=0.2820, max_abs=1.8982
Epoch 4/30 | Train Loss: 5.4751 (Fused: 2.9225) | Train C-index: 0.7499 | Val Fused: 0.6521 | Val CT: 0.5523 | Val PA: 0.6491
Feature stats | CT: mean=0.8580, std=0.8864, mean_l2=27.9124, median_l2=27.8889, mean_abs=0.8580, max_abs=6.4233 | PA: mean=0.2833, std=0.2290, mean_l2=8.2361, median_l2=8.2008, mean_abs=0.2833, max_abs=1.9140
Epoch 5/30 | Train Loss: 5.6048 (Fused: 3.0105) | Train C-index: 0.7623 | Val Fused: 0.6528 | Val CT: 0.5566 | Val PA: 0.6504
Feature stats | CT: mean=0.8794, std=0.9047, mean_l2=28.5453, median_l2=28.4917, mean_abs=0.8794, max_abs=6.4269 | PA: mean=0.2841, std=0.2281, mean_l2=8.2388, median_l2=8.2117, mean_abs=0.2841, max_abs=1.9324
Epoch 6/30 | Train Loss: 5.3839 (Fused: 2.8449) | Train C-index: 0.7777 | Val Fused: 0.6655 | Val CT: 0.5556 | Val PA: 0.6501
Feature stats | CT: mean=0.8813, std=0.9098, mean_l2=28.6565, median_l2=28.6174, mean_abs=0.8813, max_abs=6.6705 | PA: mean=0.2850, std=0.2259, mean_l2=8.2221, median_l2=8.1909, mean_abs=0.2850, max_abs=1.9507
Epoch 7/30 | Train Loss: 5.3899 (Fused: 2.8068) | Train C-index: 0.7932 | Val Fused: 0.6652 | Val CT: 0.5553 | Val PA: 0.6508
Feature stats | CT: mean=0.8702, std=0.9042, mean_l2=28.3868, median_l2=28.2893, mean_abs=0.8702, max_abs=6.8243 | PA: mean=0.2863, std=0.2243, mean_l2=8.2222, median_l2=8.1899, mean_abs=0.2863, max_abs=1.9575
Epoch 8/30 | Train Loss: 5.2549 (Fused: 2.7508) | Train C-index: 0.7981 | Val Fused: 0.6575 | Val CT: 0.5556 | Val PA: 0.6491
Feature stats | CT: mean=0.8669, std=0.9056, mean_l2=28.3494, median_l2=28.2066, mean_abs=0.8669, max_abs=6.8964 | PA: mean=0.2880, std=0.2200, mean_l2=8.1940, median_l2=8.1608, mean_abs=0.2880, max_abs=1.9972
Epoch 9/30 | Train Loss: 5.2010 (Fused: 2.7124) | Train C-index: 0.8017 | Val Fused: 0.6534 | Val CT: 0.5644 | Val PA: 0.6477
Feature stats | CT: mean=0.8641, std=0.9052, mean_l2=28.2830, median_l2=28.0270, mean_abs=0.8641, max_abs=6.9640 | PA: mean=0.2904, std=0.2159, mean_l2=8.1803, median_l2=8.1615, mean_abs=0.2904, max_abs=1.9970
Epoch 10/30 | Train Loss: 5.1523 (Fused: 2.6569) | Train C-index: 0.8184 | Val Fused: 0.6585 | Val CT: 0.5661 | Val PA: 0.6494
Feature stats | CT: mean=0.8869, std=0.9267, mean_l2=28.9573, median_l2=28.6258, mean_abs=0.8869, max_abs=7.2415 | PA: mean=0.2931, std=0.2134, mean_l2=8.1957, median_l2=8.1662, mean_abs=0.2931, max_abs=2.0062
Epoch 11/30 | Train Loss: 5.1173 (Fused: 2.6182) | Train C-index: 0.8347 | Val Fused: 0.6666 | Val CT: 0.5785 | Val PA: 0.6521
Feature stats | CT: mean=0.8633, std=0.9095, mean_l2=28.2654, median_l2=27.6300, mean_abs=0.8633, max_abs=7.3394 | PA: mean=0.2957, std=0.2114, mean_l2=8.2170, median_l2=8.1870, mean_abs=0.2957, max_abs=2.1125
Epoch 12/30 | Train Loss: 5.0024 (Fused: 2.5342) | Train C-index: 0.8511 | Val Fused: 0.6666 | Val CT: 0.5862 | Val PA: 0.6531
Feature stats | CT: mean=0.8883, std=0.9334, mean_l2=29.0266, median_l2=28.4791, mean_abs=0.8883, max_abs=7.3400 | PA: mean=0.2983, std=0.2096, mean_l2=8.2403, median_l2=8.2117, mean_abs=0.2983, max_abs=2.1136
Epoch 13/30 | Train Loss: 4.9891 (Fused: 2.4848) | Train C-index: 0.8625 | Val Fused: 0.6726 | Val CT: 0.5953 | Val PA: 0.6531
Feature stats | CT: mean=0.8775, std=0.9242, mean_l2=28.7249, median_l2=28.1573, mean_abs=0.8775, max_abs=7.3223 | PA: mean=0.3009, std=0.2087, mean_l2=8.2769, median_l2=8.2488, mean_abs=0.3009, max_abs=2.0822
Epoch 14/30 | Train Loss: 4.9650 (Fused: 2.4947) | Train C-index: 0.8707 | Val Fused: 0.6813 | Val CT: 0.6027 | Val PA: 0.6568
Feature stats | CT: mean=0.8974, std=0.9431, mean_l2=29.3342, median_l2=28.6487, mean_abs=0.8974, max_abs=7.6895 | PA: mean=0.3030, std=0.2093, mean_l2=8.3233, median_l2=8.2801, mean_abs=0.3030, max_abs=1.9443
Epoch 15/30 | Train Loss: 4.8192 (Fused: 2.3795) | Train C-index: 0.8732 | Val Fused: 0.6571 | Val CT: 0.6061 | Val PA: 0.6514
Feature stats | CT: mean=0.9328, std=0.9815, mean_l2=30.4655, median_l2=29.8390, mean_abs=0.9328, max_abs=7.7549 | PA: mean=0.3049, std=0.2122, mean_l2=8.3940, median_l2=8.3584, mean_abs=0.3049, max_abs=1.9121
Epoch 16/30 | Train Loss: 4.7610 (Fused: 2.3611) | Train C-index: 0.8792 | Val Fused: 0.6770 | Val CT: 0.6161 | Val PA: 0.6585
Feature stats | CT: mean=0.9419, std=0.9882, mean_l2=30.7311, median_l2=30.2249, mean_abs=0.9419, max_abs=7.6027 | PA: mean=0.3074, std=0.2151, mean_l2=8.4777, median_l2=8.4380, mean_abs=0.3074, max_abs=2.0178
Epoch 17/30 | Train Loss: 4.6752 (Fused: 2.2731) | Train C-index: 0.8908 | Val Fused: 0.6763 | Val CT: 0.6171 | Val PA: 0.6575
Feature stats | CT: mean=0.8609, std=0.9087, mean_l2=28.2102, median_l2=27.6090, mean_abs=0.8609, max_abs=7.2037 | PA: mean=0.3090, std=0.2148, mean_l2=8.5035, median_l2=8.4569, mean_abs=0.3090, max_abs=2.0077
Epoch 18/30 | Train Loss: 4.5973 (Fused: 2.2033) | Train C-index: 0.8990 | Val Fused: 0.6679 | Val CT: 0.6235 | Val PA: 0.6575
Feature stats | CT: mean=0.8775, std=0.9290, mean_l2=28.7820, median_l2=27.9312, mean_abs=0.8775, max_abs=7.7946 | PA: mean=0.3104, std=0.2168, mean_l2=8.5513, median_l2=8.4900, mean_abs=0.3104, max_abs=1.9917
Epoch 19/30 | Train Loss: 4.4823 (Fused: 2.1156) | Train C-index: 0.9103 | Val Fused: 0.6692 | Val CT: 0.6289 | Val PA: 0.6582
Feature stats | CT: mean=0.9585, std=1.0061, mean_l2=31.3246, median_l2=31.3692, mean_abs=0.9585, max_abs=8.5125 | PA: mean=0.3122, std=0.2185, mean_l2=8.6045, median_l2=8.5193, mean_abs=0.3122, max_abs=1.9081
Epoch 20/30 | Train Loss: 4.4932 (Fused: 2.1018) | Train C-index: 0.9114 | Val Fused: 0.6729 | Val CT: 0.6289 | Val PA: 0.6618
Feature stats | CT: mean=0.8338, std=0.8983, mean_l2=27.6074, median_l2=26.5400, mean_abs=0.8338, max_abs=8.1539 | PA: mean=0.3132, std=0.2180, mean_l2=8.6149, median_l2=8.5281, mean_abs=0.3132, max_abs=1.7979
Epoch 21/30 | Train Loss: 4.2766 (Fused: 1.9386) | Train C-index: 0.9226 | Val Fused: 0.6632 | Val CT: 0.6383 | Val PA: 0.6635
Feature stats | CT: mean=0.8594, std=0.9202, mean_l2=28.3915, median_l2=27.9179, mean_abs=0.8594, max_abs=8.3176 | PA: mean=0.3126, std=0.2148, mean_l2=8.5629, median_l2=8.4730, mean_abs=0.3126, max_abs=1.8275
Epoch 22/30 | Train Loss: 4.2861 (Fused: 1.9381) | Train C-index: 0.9284 | Val Fused: 0.6686 | Val CT: 0.6353 | Val PA: 0.6669
Feature stats | CT: mean=0.8725, std=0.9345, mean_l2=28.8083, median_l2=28.2756, mean_abs=0.8725, max_abs=8.3935 | PA: mean=0.3126, std=0.2141, mean_l2=8.5518, median_l2=8.4617, mean_abs=0.3126, max_abs=1.7838
Epoch 23/30 | Train Loss: 4.2397 (Fused: 1.8848) | Train C-index: 0.9348 | Val Fused: 0.6723 | Val CT: 0.6346 | Val PA: 0.6692
Feature stats | CT: mean=0.8632, std=0.9255, mean_l2=28.5288, median_l2=27.9789, mean_abs=0.8632, max_abs=8.1980 | PA: mean=0.3124, std=0.2099, mean_l2=8.4984, median_l2=8.4150, mean_abs=0.3124, max_abs=1.7726
Epoch 24/30 | Train Loss: 4.1742 (Fused: 1.8448) | Train C-index: 0.9331 | Val Fused: 0.6642 | Val CT: 0.6387 | Val PA: 0.6692
Feature stats | CT: mean=0.8980, std=0.9585, mean_l2=29.5838, median_l2=29.3420, mean_abs=0.8980, max_abs=8.6674 | PA: mean=0.3117, std=0.2092, mean_l2=8.4759, median_l2=8.3961, mean_abs=0.3117, max_abs=1.7399
Early stopping at epoch 24
Fold 4 best C-index: 0.6813

Extra survival metrics:
cutoff_from_train_median: -1.209643
n_test: 112
n_high_risk: 68
n_low_risk: 44
n_event_test: 38
logrank_stat: 8.620657
logrank_p: 0.003324
auc_36m: 0.768674
auc_60m: 0.677423
HR_high_vs_low: 3.046207
HR_95CI_lower: 1.393211
HR_95CI_upper: 6.660427
cox_p: 0.005258

==================================================
5-Fold CV Summary
==================================================
  C-index: 0.7273 +/- 0.0314
