Using Device: cuda | ROI: 64
PA: abmil | CT: resnet18 | Fusion: concat | Fusion dropout: 0.0 | Norm: layernorm | CT/PA dropout: 0.0 | CT augmentation: disabled
LR: 0.0001 | CT Backbone LR: 1e-05
Loss: Fused Cox + 0.3*CT + 0.5*PA
CT pretrained: /home/gly001/cqj/pa_ct_surv/model/ct_pretrain/resnet_18_23dataset.pth
Checkpoints: /home/gly001/cqj/pa_ct_surv/checkpoints/pact_v4/pact/roi64_abmil_resnet18_concat_normlayernorm_fusion_dropout0.0_epochs30_coxbs64_lr1e-4_blr1e-5_wd5e-4_lct0.3_lpa0.5_seed42
Results: /home/gly001/cqj/pa_ct_surv/results/pact_v4/pact/roi64_abmil_resnet18_concat_normlayernorm_fusion_dropout0.0_epochs30_coxbs64_lr1e-4_blr1e-5_wd5e-4_lct0.3_lpa0.5_seed42
Loaded 703 paired samples
Locked split: train=562, test=141
Test set is not accessed during CV

==================================================
Fold 1/5
==================================================
[ResNetCox] Loaded pretrained from /home/gly001/cqj/pa_ct_surv/model/ct_pretrain/resnet_18_23dataset.pth
  Missing keys (ok): ['fc.weight', 'fc.bias']
Epoch 1/30 | Train Loss: 5.6845 (Fused: 3.1111) | Train C-index: 0.6484 | Val Fused: 0.7311 | Val CT: 0.4224 | Val PA: 0.6770
Feature stats | CT: mean=0.8777, std=0.8893, mean_l2=28.2704, median_l2=28.2528, mean_abs=0.8777, max_abs=6.7481 | PA: mean=0.2765, std=0.2191, mean_l2=7.9774, median_l2=7.9518, mean_abs=0.2765, max_abs=1.7966
Epoch 2/30 | Train Loss: 5.4676 (Fused: 2.9199) | Train C-index: 0.7464 | Val Fused: 0.7254 | Val CT: 0.5489 | Val PA: 0.7241
Feature stats | CT: mean=0.8729, std=0.8834, mean_l2=28.0991, median_l2=28.0770, mean_abs=0.8729, max_abs=6.5307 | PA: mean=0.2786, std=0.2253, mean_l2=8.0996, median_l2=8.0691, mean_abs=0.2786, max_abs=1.7249
Epoch 3/30 | Train Loss: 5.3436 (Fused: 2.8174) | Train C-index: 0.7737 | Val Fused: 0.7260 | Val CT: 0.5865 | Val PA: 0.7385
Feature stats | CT: mean=0.8561, std=0.8680, mean_l2=27.5844, median_l2=27.5418, mean_abs=0.8561, max_abs=6.3158 | PA: mean=0.2800, std=0.2273, mean_l2=8.1542, median_l2=8.1275, mean_abs=0.2800, max_abs=1.8587
Epoch 4/30 | Train Loss: 5.2301 (Fused: 2.7328) | Train C-index: 0.7945 | Val Fused: 0.7299 | Val CT: 0.6053 | Val PA: 0.7448
Feature stats | CT: mean=0.8639, std=0.8768, mean_l2=27.8477, median_l2=27.7587, mean_abs=0.8639, max_abs=6.5325 | PA: mean=0.2811, std=0.2204, mean_l2=8.0754, median_l2=8.0437, mean_abs=0.2811, max_abs=1.8215
Epoch 5/30 | Train Loss: 5.0847 (Fused: 2.6089) | Train C-index: 0.8323 | Val Fused: 0.7209 | Val CT: 0.6206 | Val PA: 0.7448
Feature stats | CT: mean=0.8606, std=0.8773, mean_l2=27.8021, median_l2=27.7789, mean_abs=0.8606, max_abs=6.5535 | PA: mean=0.2834, std=0.2158, mean_l2=8.0526, median_l2=8.0128, mean_abs=0.2834, max_abs=1.8167
Epoch 6/30 | Train Loss: 4.9822 (Fused: 2.5121) | Train C-index: 0.8544 | Val Fused: 0.7251 | Val CT: 0.6289 | Val PA: 0.7442
Feature stats | CT: mean=0.8494, std=0.8670, mean_l2=27.4573, median_l2=27.4008, mean_abs=0.8494, max_abs=6.3976 | PA: mean=0.2856, std=0.2133, mean_l2=8.0557, median_l2=8.0167, mean_abs=0.2856, max_abs=1.8354
Epoch 7/30 | Train Loss: 4.7995 (Fused: 2.3528) | Train C-index: 0.8685 | Val Fused: 0.6910 | Val CT: 0.6314 | Val PA: 0.7442
Feature stats | CT: mean=0.8613, std=0.8788, mean_l2=27.8347, median_l2=27.7426, mean_abs=0.8613, max_abs=6.4448 | PA: mean=0.2871, std=0.2091, mean_l2=8.0267, median_l2=7.9720, mean_abs=0.2871, max_abs=1.7776
Epoch 8/30 | Train Loss: 4.6783 (Fused: 2.2478) | Train C-index: 0.8905 | Val Fused: 0.7302 | Val CT: 0.6349 | Val PA: 0.7445
Feature stats | CT: mean=0.8563, std=0.8759, mean_l2=27.7062, median_l2=27.6428, mean_abs=0.8563, max_abs=6.5493 | PA: mean=0.2876, std=0.2060, mean_l2=7.9946, median_l2=7.9354, mean_abs=0.2876, max_abs=1.7860
Epoch 9/30 | Train Loss: 4.5872 (Fused: 2.1568) | Train C-index: 0.8987 | Val Fused: 0.6709 | Val CT: 0.6333 | Val PA: 0.7429
Feature stats | CT: mean=0.8636, std=0.8886, mean_l2=28.0209, median_l2=27.9262, mean_abs=0.8636, max_abs=6.5685 | PA: mean=0.2876, std=0.2037, mean_l2=7.9646, median_l2=7.9097, mean_abs=0.2876, max_abs=1.7784
Epoch 10/30 | Train Loss: 4.4389 (Fused: 2.0046) | Train C-index: 0.9189 | Val Fused: 0.7139 | Val CT: 0.6419 | Val PA: 0.7448
Feature stats | CT: mean=0.8562, std=0.8852, mean_l2=27.8492, median_l2=27.7583, mean_abs=0.8562, max_abs=6.6831 | PA: mean=0.2865, std=0.2011, mean_l2=7.9096, median_l2=7.8481, mean_abs=0.2865, max_abs=1.6845
Epoch 11/30 | Train Loss: 4.4005 (Fused: 1.9823) | Train C-index: 0.9250 | Val Fused: 0.6623 | Val CT: 0.6410 | Val PA: 0.7435
Feature stats | CT: mean=0.8676, std=0.8951, mean_l2=28.1807, median_l2=28.0623, mean_abs=0.8676, max_abs=6.7373 | PA: mean=0.2857, std=0.1985, mean_l2=7.8609, median_l2=7.7980, mean_abs=0.2857, max_abs=1.7028
Early stopping at epoch 11
Fold 0 best C-index: 0.7311

Extra survival metrics:
cutoff_from_train_median: -1.042092
n_test: 113
n_high_risk: 51
n_low_risk: 62
n_event_test: 38
logrank_stat: 18.804379
logrank_p: 0.000014
auc_36m: 0.738306
auc_60m: 0.768195
HR_high_vs_low: 4.212034
HR_95CI_lower: 2.080523
HR_95CI_upper: 8.527296
cox_p: 0.000064

==================================================
Fold 2/5
==================================================
[ResNetCox] Loaded pretrained from /home/gly001/cqj/pa_ct_surv/model/ct_pretrain/resnet_18_23dataset.pth
  Missing keys (ok): ['fc.weight', 'fc.bias']
Epoch 1/30 | Train Loss: 5.7484 (Fused: 3.1505) | Train C-index: 0.6499 | Val Fused: 0.7514 | Val CT: 0.3984 | Val PA: 0.7162
Feature stats | CT: mean=0.8552, std=0.8769, mean_l2=27.7152, median_l2=27.6689, mean_abs=0.8552, max_abs=6.6853 | PA: mean=0.2760, std=0.2186, mean_l2=7.9600, median_l2=7.9343, mean_abs=0.2760, max_abs=1.7975
Epoch 2/30 | Train Loss: 5.4938 (Fused: 2.9365) | Train C-index: 0.7437 | Val Fused: 0.7465 | Val CT: 0.5624 | Val PA: 0.7488
Feature stats | CT: mean=0.8368, std=0.8546, mean_l2=27.0625, median_l2=27.0472, mean_abs=0.8368, max_abs=6.5126 | PA: mean=0.2780, std=0.2230, mean_l2=8.0578, median_l2=8.0273, mean_abs=0.2780, max_abs=1.8554
Epoch 3/30 | Train Loss: 5.3974 (Fused: 2.8476) | Train C-index: 0.7737 | Val Fused: 0.7527 | Val CT: 0.6108 | Val PA: 0.7547
Feature stats | CT: mean=0.8164, std=0.8356, mean_l2=26.4319, median_l2=26.4113, mean_abs=0.8164, max_abs=6.3766 | PA: mean=0.2798, std=0.2221, mean_l2=8.0771, median_l2=8.0425, mean_abs=0.2798, max_abs=1.9474
Epoch 4/30 | Train Loss: 5.2426 (Fused: 2.7145) | Train C-index: 0.8031 | Val Fused: 0.7448 | Val CT: 0.6266 | Val PA: 0.7550
Feature stats | CT: mean=0.8178, std=0.8393, mean_l2=26.5142, median_l2=26.4732, mean_abs=0.8178, max_abs=6.6061 | PA: mean=0.2817, std=0.2185, mean_l2=8.0602, median_l2=8.0070, mean_abs=0.2817, max_abs=1.8938
Epoch 5/30 | Train Loss: 5.0962 (Fused: 2.5973) | Train C-index: 0.8296 | Val Fused: 0.7544 | Val CT: 0.6368 | Val PA: 0.7547
Feature stats | CT: mean=0.8225, std=0.8437, mean_l2=26.6599, median_l2=26.5913, mean_abs=0.8225, max_abs=6.5457 | PA: mean=0.2838, std=0.2135, mean_l2=8.0287, median_l2=7.9782, mean_abs=0.2838, max_abs=1.8995
Epoch 6/30 | Train Loss: 4.9743 (Fused: 2.4850) | Train C-index: 0.8535 | Val Fused: 0.7293 | Val CT: 0.6493 | Val PA: 0.7557
Feature stats | CT: mean=0.8193, std=0.8394, mean_l2=26.5394, median_l2=26.4578, mean_abs=0.8193, max_abs=6.1768 | PA: mean=0.2857, std=0.2105, mean_l2=8.0197, median_l2=7.9662, mean_abs=0.2857, max_abs=1.9025
Epoch 7/30 | Train Loss: 4.8018 (Fused: 2.3304) | Train C-index: 0.8685 | Val Fused: 0.7336 | Val CT: 0.6529 | Val PA: 0.7567
Feature stats | CT: mean=0.8286, std=0.8488, mean_l2=26.8364, median_l2=26.7834, mean_abs=0.8286, max_abs=6.3638 | PA: mean=0.2872, std=0.2082, mean_l2=8.0180, median_l2=7.9550, mean_abs=0.2872, max_abs=1.9498
Epoch 8/30 | Train Loss: 4.7065 (Fused: 2.2449) | Train C-index: 0.8826 | Val Fused: 0.6697 | Val CT: 0.6503 | Val PA: 0.7544
Feature stats | CT: mean=0.8171, std=0.8389, mean_l2=26.4934, median_l2=26.3879, mean_abs=0.8171, max_abs=6.1118 | PA: mean=0.2885, std=0.2061, mean_l2=8.0119, median_l2=7.9428, mean_abs=0.2885, max_abs=1.8893
Epoch 9/30 | Train Loss: 4.6065 (Fused: 2.1609) | Train C-index: 0.8856 | Val Fused: 0.7359 | Val CT: 0.6559 | Val PA: 0.7563
Feature stats | CT: mean=0.8278, std=0.8529, mean_l2=26.8844, median_l2=26.7636, mean_abs=0.8278, max_abs=6.4113 | PA: mean=0.2887, std=0.2045, mean_l2=7.9949, median_l2=7.9284, mean_abs=0.2887, max_abs=1.9682
Epoch 10/30 | Train Loss: 4.5316 (Fused: 2.0832) | Train C-index: 0.8984 | Val Fused: 0.6411 | Val CT: 0.6553 | Val PA: 0.7554
Feature stats | CT: mean=0.8252, std=0.8539, mean_l2=26.8617, median_l2=26.7188, mean_abs=0.8252, max_abs=6.5074 | PA: mean=0.2891, std=0.2015, mean_l2=7.9636, median_l2=7.9032, mean_abs=0.2891, max_abs=1.9792
Epoch 11/30 | Train Loss: 4.3914 (Fused: 1.9743) | Train C-index: 0.9102 | Val Fused: 0.7432 | Val CT: 0.6625 | Val PA: 0.7603
Feature stats | CT: mean=0.8660, std=0.8957, mean_l2=28.1741, median_l2=28.0686, mean_abs=0.8660, max_abs=6.8910 | PA: mean=0.2888, std=0.1992, mean_l2=7.9280, median_l2=7.8613, mean_abs=0.2888, max_abs=2.0151
Epoch 12/30 | Train Loss: 4.3879 (Fused: 1.9584) | Train C-index: 0.9212 | Val Fused: 0.7017 | Val CT: 0.6635 | Val PA: 0.7619
Feature stats | CT: mean=0.8215, std=0.8687, mean_l2=27.0441, median_l2=26.8925, mean_abs=0.8215, max_abs=6.8723 | PA: mean=0.2885, std=0.1958, mean_l2=7.8776, median_l2=7.8124, mean_abs=0.2885, max_abs=1.8913
Epoch 13/30 | Train Loss: 4.1997 (Fused: 1.7842) | Train C-index: 0.9372 | Val Fused: 0.6895 | Val CT: 0.6668 | Val PA: 0.7596
Feature stats | CT: mean=0.8353, std=0.8812, mean_l2=27.4556, median_l2=27.2749, mean_abs=0.8353, max_abs=7.0747 | PA: mean=0.2884, std=0.1933, mean_l2=7.8443, median_l2=7.7970, mean_abs=0.2884, max_abs=1.9249
Epoch 14/30 | Train Loss: 4.1110 (Fused: 1.7019) | Train C-index: 0.9319 | Val Fused: 0.6981 | Val CT: 0.6701 | Val PA: 0.7639
Feature stats | CT: mean=0.8476, std=0.8948, mean_l2=27.8678, median_l2=27.7021, mean_abs=0.8476, max_abs=7.1405 | PA: mean=0.2877, std=0.1926, mean_l2=7.8215, median_l2=7.7598, mean_abs=0.2877, max_abs=1.9591
Epoch 15/30 | Train Loss: 3.9928 (Fused: 1.6130) | Train C-index: 0.9373 | Val Fused: 0.6796 | Val CT: 0.6720 | Val PA: 0.7616
Feature stats | CT: mean=0.8289, std=0.8797, mean_l2=27.3311, median_l2=27.1340, mean_abs=0.8289, max_abs=6.9885 | PA: mean=0.2870, std=0.1918, mean_l2=7.7963, median_l2=7.7340, mean_abs=0.2870, max_abs=1.9820
Early stopping at epoch 15
Fold 1 best C-index: 0.7544

Extra survival metrics:
cutoff_from_train_median: -1.114662
n_test: 113
n_high_risk: 50
n_low_risk: 63
n_event_test: 39
logrank_stat: 20.520226
logrank_p: 0.000006
auc_36m: 0.771254
auc_60m: 0.798449
HR_high_vs_low: 4.806096
HR_95CI_lower: 2.272559
HR_95CI_upper: 10.164114
cox_p: 0.000040

==================================================
Fold 3/5
==================================================
[ResNetCox] Loaded pretrained from /home/gly001/cqj/pa_ct_surv/model/ct_pretrain/resnet_18_23dataset.pth
  Missing keys (ok): ['fc.weight', 'fc.bias']
Epoch 1/30 | Train Loss: 5.7914 (Fused: 3.1376) | Train C-index: 0.6972 | Val Fused: 0.6983 | Val CT: 0.4715 | Val PA: 0.6702
Feature stats | CT: mean=0.8643, std=0.8832, mean_l2=27.9593, median_l2=27.8876, mean_abs=0.8643, max_abs=6.7433 | PA: mean=0.2767, std=0.2188, mean_l2=7.9764, median_l2=7.9432, mean_abs=0.2767, max_abs=1.8113
Epoch 2/30 | Train Loss: 5.4777 (Fused: 2.9183) | Train C-index: 0.7564 | Val Fused: 0.6905 | Val CT: 0.6132 | Val PA: 0.6807
Feature stats | CT: mean=0.8530, std=0.8710, mean_l2=27.5830, median_l2=27.5518, mean_abs=0.8530, max_abs=6.5968 | PA: mean=0.2791, std=0.2226, mean_l2=8.0712, median_l2=8.0268, mean_abs=0.2791, max_abs=1.8249
Epoch 3/30 | Train Loss: 5.4737 (Fused: 2.8614) | Train C-index: 0.7859 | Val Fused: 0.7064 | Val CT: 0.6542 | Val PA: 0.6824
Feature stats | CT: mean=0.8401, std=0.8643, mean_l2=27.2722, median_l2=27.2413, mean_abs=0.8401, max_abs=6.7531 | PA: mean=0.2812, std=0.2249, mean_l2=8.1413, median_l2=8.1024, mean_abs=0.2812, max_abs=1.8826
Epoch 4/30 | Train Loss: 5.2804 (Fused: 2.7174) | Train C-index: 0.8125 | Val Fused: 0.7173 | Val CT: 0.6756 | Val PA: 0.6912
Feature stats | CT: mean=0.8563, std=0.8830, mean_l2=27.8293, median_l2=27.7996, mean_abs=0.8563, max_abs=7.0807 | PA: mean=0.2826, std=0.2192, mean_l2=8.0852, median_l2=8.0463, mean_abs=0.2826, max_abs=1.9038
Epoch 5/30 | Train Loss: 5.0994 (Fused: 2.6031) | Train C-index: 0.8277 | Val Fused: 0.7058 | Val CT: 0.6712 | Val PA: 0.6919
Feature stats | CT: mean=0.8546, std=0.8841, mean_l2=27.8206, median_l2=27.7977, mean_abs=0.8546, max_abs=6.8847 | PA: mean=0.2848, std=0.2124, mean_l2=8.0313, median_l2=7.9835, mean_abs=0.2848, max_abs=1.9189
Epoch 6/30 | Train Loss: 4.9798 (Fused: 2.4943) | Train C-index: 0.8529 | Val Fused: 0.7153 | Val CT: 0.6871 | Val PA: 0.6932
Feature stats | CT: mean=0.8212, std=0.8519, mean_l2=26.7722, median_l2=26.7386, mean_abs=0.8212, max_abs=6.4085 | PA: mean=0.2878, std=0.2100, mean_l2=8.0520, median_l2=7.9927, mean_abs=0.2878, max_abs=1.9532
Epoch 7/30 | Train Loss: 5.0471 (Fused: 2.4924) | Train C-index: 0.8720 | Val Fused: 0.7095 | Val CT: 0.6908 | Val PA: 0.6949
Feature stats | CT: mean=0.8471, std=0.8744, mean_l2=27.5429, median_l2=27.4641, mean_abs=0.8471, max_abs=6.7060 | PA: mean=0.2900, std=0.2065, mean_l2=8.0457, median_l2=7.9824, mean_abs=0.2900, max_abs=1.9416
Epoch 8/30 | Train Loss: 4.8142 (Fused: 2.3581) | Train C-index: 0.8756 | Val Fused: 0.7163 | Val CT: 0.6936 | Val PA: 0.6959
Feature stats | CT: mean=0.8623, std=0.8989, mean_l2=28.1792, median_l2=28.0754, mean_abs=0.8623, max_abs=7.0845 | PA: mean=0.2918, std=0.2057, mean_l2=8.0687, median_l2=8.0056, mean_abs=0.2918, max_abs=1.8678
Epoch 9/30 | Train Loss: 4.7605 (Fused: 2.2991) | Train C-index: 0.8865 | Val Fused: 0.6908 | Val CT: 0.6997 | Val PA: 0.6976
Feature stats | CT: mean=0.8572, std=0.9040, mean_l2=28.1840, median_l2=28.1113, mean_abs=0.8572, max_abs=7.1388 | PA: mean=0.2930, std=0.2042, mean_l2=8.0696, median_l2=8.0031, mean_abs=0.2930, max_abs=1.8898
Epoch 10/30 | Train Loss: 4.6432 (Fused: 2.1640) | Train C-index: 0.9076 | Val Fused: 0.6956 | Val CT: 0.7027 | Val PA: 0.6963
Feature stats | CT: mean=0.8613, std=0.9087, mean_l2=28.3216, median_l2=28.2332, mean_abs=0.8613, max_abs=7.2736 | PA: mean=0.2929, std=0.2006, mean_l2=8.0211, median_l2=7.9485, mean_abs=0.2929, max_abs=2.0348
Epoch 11/30 | Train Loss: 4.5077 (Fused: 2.0761) | Train C-index: 0.9114 | Val Fused: 0.6919 | Val CT: 0.7047 | Val PA: 0.6997
Feature stats | CT: mean=0.8555, std=0.9035, mean_l2=28.1437, median_l2=28.0147, mean_abs=0.8555, max_abs=7.3188 | PA: mean=0.2934, std=0.1974, mean_l2=7.9892, median_l2=7.9161, mean_abs=0.2934, max_abs=1.9797
Epoch 12/30 | Train Loss: 4.4427 (Fused: 2.0097) | Train C-index: 0.9230 | Val Fused: 0.7027 | Val CT: 0.7000 | Val PA: 0.7031
Feature stats | CT: mean=0.8447, std=0.8978, mean_l2=27.8758, median_l2=27.7208, mean_abs=0.8447, max_abs=7.3608 | PA: mean=0.2944, std=0.1966, mean_l2=7.9967, median_l2=7.9073, mean_abs=0.2944, max_abs=1.9778
Epoch 13/30 | Train Loss: 4.3737 (Fused: 1.9255) | Train C-index: 0.9207 | Val Fused: 0.6898 | Val CT: 0.6990 | Val PA: 0.7024
Feature stats | CT: mean=0.8615, std=0.9114, mean_l2=28.3582, median_l2=28.2475, mean_abs=0.8615, max_abs=7.4769 | PA: mean=0.2944, std=0.1952, mean_l2=7.9797, median_l2=7.8868, mean_abs=0.2944, max_abs=1.9435
Epoch 14/30 | Train Loss: 4.3019 (Fused: 1.8913) | Train C-index: 0.9195 | Val Fused: 0.6939 | Val CT: 0.6936 | Val PA: 0.7031
Feature stats | CT: mean=0.8448, std=0.9054, mean_l2=27.9939, median_l2=27.7511, mean_abs=0.8448, max_abs=7.8637 | PA: mean=0.2938, std=0.1951, mean_l2=7.9663, median_l2=7.8779, mean_abs=0.2938, max_abs=1.9391
Early stopping at epoch 14
Fold 2 best C-index: 0.7173

Extra survival metrics:
cutoff_from_train_median: -1.003797
n_test: 112
n_high_risk: 59
n_low_risk: 53
n_event_test: 38
logrank_stat: 19.112651
logrank_p: 0.000012
auc_36m: 0.745297
auc_60m: 0.747696
HR_high_vs_low: 5.673722
HR_95CI_lower: 2.362862
HR_95CI_upper: 13.623782
cox_p: 0.000103

==================================================
Fold 4/5
==================================================
[ResNetCox] Loaded pretrained from /home/gly001/cqj/pa_ct_surv/model/ct_pretrain/resnet_18_23dataset.pth
  Missing keys (ok): ['fc.weight', 'fc.bias']
Epoch 1/30 | Train Loss: 5.7485 (Fused: 3.1214) | Train C-index: 0.6823 | Val Fused: 0.7134 | Val CT: 0.5070 | Val PA: 0.6859
Feature stats | CT: mean=0.8448, std=0.8634, mean_l2=27.3311, median_l2=27.2842, mean_abs=0.8448, max_abs=6.6032 | PA: mean=0.2767, std=0.2179, mean_l2=7.9639, median_l2=7.9382, mean_abs=0.2767, max_abs=1.7733
Epoch 2/30 | Train Loss: 5.5518 (Fused: 2.9323) | Train C-index: 0.7554 | Val Fused: 0.7349 | Val CT: 0.6176 | Val PA: 0.7025
Feature stats | CT: mean=0.8636, std=0.8794, mean_l2=27.8889, median_l2=27.8662, mean_abs=0.8636, max_abs=6.5286 | PA: mean=0.2788, std=0.2195, mean_l2=8.0239, median_l2=7.9883, mean_abs=0.2788, max_abs=1.8490
Epoch 3/30 | Train Loss: 5.3399 (Fused: 2.7952) | Train C-index: 0.7918 | Val Fused: 0.7402 | Val CT: 0.6478 | Val PA: 0.7131
Feature stats | CT: mean=0.8677, std=0.8861, mean_l2=28.0604, median_l2=28.0324, mean_abs=0.8677, max_abs=6.6634 | PA: mean=0.2804, std=0.2165, mean_l2=8.0108, median_l2=7.9683, mean_abs=0.2804, max_abs=1.8933
Epoch 4/30 | Train Loss: 5.3432 (Fused: 2.7631) | Train C-index: 0.8145 | Val Fused: 0.7230 | Val CT: 0.6624 | Val PA: 0.7154
Feature stats | CT: mean=0.8602, std=0.8811, mean_l2=27.8620, median_l2=27.8219, mean_abs=0.8602, max_abs=6.6970 | PA: mean=0.2825, std=0.2129, mean_l2=7.9984, median_l2=7.9613, mean_abs=0.2825, max_abs=1.8964
Epoch 5/30 | Train Loss: 5.1455 (Fused: 2.5916) | Train C-index: 0.8332 | Val Fused: 0.7276 | Val CT: 0.6653 | Val PA: 0.7150
Feature stats | CT: mean=0.8652, std=0.8821, mean_l2=27.9552, median_l2=27.9048, mean_abs=0.8652, max_abs=6.7148 | PA: mean=0.2843, std=0.2097, mean_l2=7.9862, median_l2=7.9452, mean_abs=0.2843, max_abs=1.8742
Epoch 6/30 | Train Loss: 5.0789 (Fused: 2.5378) | Train C-index: 0.8574 | Val Fused: 0.7160 | Val CT: 0.6687 | Val PA: 0.7150
Feature stats | CT: mean=0.8646, std=0.8822, mean_l2=27.9440, median_l2=27.8535, mean_abs=0.8646, max_abs=6.6624 | PA: mean=0.2865, std=0.2080, mean_l2=8.0039, median_l2=7.9555, mean_abs=0.2865, max_abs=1.9348
Epoch 7/30 | Train Loss: 4.9861 (Fused: 2.4742) | Train C-index: 0.8625 | Val Fused: 0.7124 | Val CT: 0.6687 | Val PA: 0.7160
Feature stats | CT: mean=0.8603, std=0.8834, mean_l2=27.8944, median_l2=27.8254, mean_abs=0.8603, max_abs=6.5467 | PA: mean=0.2878, std=0.2068, mean_l2=8.0114, median_l2=7.9555, mean_abs=0.2878, max_abs=2.0096
Epoch 8/30 | Train Loss: 4.8662 (Fused: 2.3490) | Train C-index: 0.8786 | Val Fused: 0.6885 | Val CT: 0.6677 | Val PA: 0.7150
Feature stats | CT: mean=0.8571, std=0.8840, mean_l2=27.8520, median_l2=27.7474, mean_abs=0.8571, max_abs=6.8465 | PA: mean=0.2887, std=0.2066, mean_l2=8.0244, median_l2=7.9731, mean_abs=0.2887, max_abs=2.0013
Epoch 9/30 | Train Loss: 4.6753 (Fused: 2.2258) | Train C-index: 0.8936 | Val Fused: 0.7084 | Val CT: 0.6716 | Val PA: 0.7160
Feature stats | CT: mean=0.8452, std=0.8756, mean_l2=27.5237, median_l2=27.3707, mean_abs=0.8452, max_abs=6.8800 | PA: mean=0.2893, std=0.2041, mean_l2=8.0020, median_l2=7.9465, mean_abs=0.2893, max_abs=1.9862
Epoch 10/30 | Train Loss: 4.5387 (Fused: 2.0932) | Train C-index: 0.8981 | Val Fused: 0.6975 | Val CT: 0.6680 | Val PA: 0.7177
Feature stats | CT: mean=0.8415, std=0.8758, mean_l2=27.4587, median_l2=27.2602, mean_abs=0.8415, max_abs=7.0436 | PA: mean=0.2891, std=0.2017, mean_l2=7.9664, median_l2=7.9089, mean_abs=0.2891, max_abs=1.9964
Epoch 11/30 | Train Loss: 4.5023 (Fused: 1.9981) | Train C-index: 0.9238 | Val Fused: 0.7018 | Val CT: 0.6700 | Val PA: 0.7164
Feature stats | CT: mean=0.8534, std=0.8895, mean_l2=27.8566, median_l2=27.5626, mean_abs=0.8534, max_abs=7.2530 | PA: mean=0.2890, std=0.1996, mean_l2=7.9366, median_l2=7.8622, mean_abs=0.2890, max_abs=2.0108
Epoch 12/30 | Train Loss: 4.2825 (Fused: 1.8676) | Train C-index: 0.9335 | Val Fused: 0.6680 | Val CT: 0.6657 | Val PA: 0.7147
Feature stats | CT: mean=0.8413, std=0.8793, mean_l2=27.5099, median_l2=27.2990, mean_abs=0.8413, max_abs=6.9581 | PA: mean=0.2889, std=0.1976, mean_l2=7.9083, median_l2=7.8369, mean_abs=0.2889, max_abs=1.9591
Epoch 13/30 | Train Loss: 4.2911 (Fused: 1.8277) | Train C-index: 0.9463 | Val Fused: 0.6918 | Val CT: 0.6696 | Val PA: 0.7147
Feature stats | CT: mean=0.8535, std=0.8904, mean_l2=27.8803, median_l2=27.6604, mean_abs=0.8535, max_abs=7.2191 | PA: mean=0.2884, std=0.1958, mean_l2=7.8760, median_l2=7.7923, mean_abs=0.2884, max_abs=1.9469
Early stopping at epoch 13
Fold 3 best C-index: 0.7402

Extra survival metrics:
cutoff_from_train_median: -0.484290
n_test: 112
n_high_risk: 50
n_low_risk: 62
n_event_test: 38
logrank_stat: 16.172817
logrank_p: 0.000058
auc_36m: 0.777392
auc_60m: 0.709308
HR_high_vs_low: 3.844869
HR_95CI_lower: 1.899626
HR_95CI_upper: 7.782070
cox_p: 0.000181

==================================================
Fold 5/5
==================================================
[ResNetCox] Loaded pretrained from /home/gly001/cqj/pa_ct_surv/model/ct_pretrain/resnet_18_23dataset.pth
  Missing keys (ok): ['fc.weight', 'fc.bias']
Epoch 1/30 | Train Loss: 5.7916 (Fused: 3.1663) | Train C-index: 0.6716 | Val Fused: 0.6565 | Val CT: 0.4292 | Val PA: 0.6225
Feature stats | CT: mean=0.8707, std=0.8862, mean_l2=28.1099, median_l2=28.0591, mean_abs=0.8707, max_abs=6.6508 | PA: mean=0.2773, std=0.2195, mean_l2=7.9970, median_l2=7.9611, mean_abs=0.2773, max_abs=1.7572
Epoch 2/30 | Train Loss: 5.6192 (Fused: 3.0200) | Train C-index: 0.7663 | Val Fused: 0.6393 | Val CT: 0.5274 | Val PA: 0.6464
Feature stats | CT: mean=0.8731, std=0.8822, mean_l2=28.0845, median_l2=28.0310, mean_abs=0.8731, max_abs=6.5461 | PA: mean=0.2805, std=0.2226, mean_l2=8.0965, median_l2=8.0705, mean_abs=0.2805, max_abs=1.8344
Epoch 3/30 | Train Loss: 5.5550 (Fused: 2.9346) | Train C-index: 0.7948 | Val Fused: 0.6706 | Val CT: 0.5509 | Val PA: 0.6471
Feature stats | CT: mean=0.8877, std=0.8975, mean_l2=28.5614, median_l2=28.5492, mean_abs=0.8877, max_abs=6.4731 | PA: mean=0.2825, std=0.2233, mean_l2=8.1420, median_l2=8.1057, mean_abs=0.2825, max_abs=1.9141
Epoch 4/30 | Train Loss: 5.2134 (Fused: 2.7178) | Train C-index: 0.8119 | Val Fused: 0.6662 | Val CT: 0.5580 | Val PA: 0.6551
Feature stats | CT: mean=0.9228, std=0.9333, mean_l2=29.6933, median_l2=29.6569, mean_abs=0.9228, max_abs=6.9559 | PA: mean=0.2832, std=0.2195, mean_l2=8.1001, median_l2=8.0700, mean_abs=0.2832, max_abs=1.9652
Epoch 5/30 | Train Loss: 5.2111 (Fused: 2.6790) | Train C-index: 0.8181 | Val Fused: 0.6692 | Val CT: 0.5637 | Val PA: 0.6561
Feature stats | CT: mean=0.9285, std=0.9402, mean_l2=29.8926, median_l2=29.8813, mean_abs=0.9285, max_abs=7.2238 | PA: mean=0.2844, std=0.2150, mean_l2=8.0606, median_l2=8.0189, mean_abs=0.2844, max_abs=1.9996
Epoch 6/30 | Train Loss: 5.0273 (Fused: 2.5585) | Train C-index: 0.8482 | Val Fused: 0.6813 | Val CT: 0.5657 | Val PA: 0.6531
Feature stats | CT: mean=0.8922, std=0.9090, mean_l2=28.8101, median_l2=28.7495, mean_abs=0.8922, max_abs=7.0338 | PA: mean=0.2872, std=0.2120, mean_l2=8.0699, median_l2=8.0269, mean_abs=0.2872, max_abs=1.9681
Epoch 7/30 | Train Loss: 4.9920 (Fused: 2.4963) | Train C-index: 0.8683 | Val Fused: 0.6750 | Val CT: 0.5667 | Val PA: 0.6534
Feature stats | CT: mean=0.8938, std=0.9135, mean_l2=28.9000, median_l2=28.7010, mean_abs=0.8938, max_abs=7.0272 | PA: mean=0.2906, std=0.2113, mean_l2=8.1219, median_l2=8.0796, mean_abs=0.2906, max_abs=2.0072
Epoch 8/30 | Train Loss: 4.7986 (Fused: 2.3720) | Train C-index: 0.8637 | Val Fused: 0.6904 | Val CT: 0.5711 | Val PA: 0.6534
Feature stats | CT: mean=0.8994, std=0.9164, mean_l2=29.0198, median_l2=28.7435, mean_abs=0.8994, max_abs=7.0188 | PA: mean=0.2931, std=0.2111, mean_l2=8.1640, median_l2=8.1206, mean_abs=0.2931, max_abs=2.0457
Epoch 9/30 | Train Loss: 4.7018 (Fused: 2.2830) | Train C-index: 0.8863 | Val Fused: 0.6645 | Val CT: 0.5738 | Val PA: 0.6538
Feature stats | CT: mean=0.8966, std=0.9165, mean_l2=28.9848, median_l2=28.7678, mean_abs=0.8966, max_abs=7.0434 | PA: mean=0.2967, std=0.2105, mean_l2=8.2214, median_l2=8.1712, mean_abs=0.2967, max_abs=2.1646
Epoch 10/30 | Train Loss: 4.5992 (Fused: 2.1699) | Train C-index: 0.9040 | Val Fused: 0.6810 | Val CT: 0.5792 | Val PA: 0.6548
Feature stats | CT: mean=0.9239, std=0.9496, mean_l2=29.9295, median_l2=29.6535, mean_abs=0.9239, max_abs=7.5179 | PA: mean=0.2989, std=0.2093, mean_l2=8.2452, median_l2=8.1807, mean_abs=0.2989, max_abs=2.1651
Epoch 11/30 | Train Loss: 4.5413 (Fused: 2.1122) | Train C-index: 0.8950 | Val Fused: 0.6612 | Val CT: 0.5771 | Val PA: 0.6565
Feature stats | CT: mean=0.9081, std=0.9392, mean_l2=29.4897, median_l2=29.0658, mean_abs=0.9081, max_abs=7.4886 | PA: mean=0.3007, std=0.2079, mean_l2=8.2602, median_l2=8.1972, mean_abs=0.3007, max_abs=2.1282
Epoch 12/30 | Train Loss: 4.3948 (Fused: 1.9905) | Train C-index: 0.9226 | Val Fused: 0.6753 | Val CT: 0.5835 | Val PA: 0.6575
Feature stats | CT: mean=0.9260, std=0.9554, mean_l2=29.9982, median_l2=29.5755, mean_abs=0.9260, max_abs=7.8474 | PA: mean=0.3024, std=0.2072, mean_l2=8.2822, median_l2=8.2244, mean_abs=0.3024, max_abs=2.0929
Epoch 13/30 | Train Loss: 4.3108 (Fused: 1.8881) | Train C-index: 0.9332 | Val Fused: 0.6692 | Val CT: 0.5903 | Val PA: 0.6575
Feature stats | CT: mean=0.9312, std=0.9613, mean_l2=30.2067, median_l2=29.9896, mean_abs=0.9312, max_abs=7.8514 | PA: mean=0.3040, std=0.2081, mean_l2=8.3231, median_l2=8.2631, mean_abs=0.3040, max_abs=2.0943
Epoch 14/30 | Train Loss: 4.2366 (Fused: 1.8353) | Train C-index: 0.9287 | Val Fused: 0.6797 | Val CT: 0.5919 | Val PA: 0.6612
Feature stats | CT: mean=0.9126, std=0.9477, mean_l2=29.6783, median_l2=29.0907, mean_abs=0.9126, max_abs=8.1394 | PA: mean=0.3057, std=0.2078, mean_l2=8.3487, median_l2=8.2752, mean_abs=0.3057, max_abs=2.0317
Epoch 15/30 | Train Loss: 4.1157 (Fused: 1.7424) | Train C-index: 0.9313 | Val Fused: 0.6645 | Val CT: 0.5953 | Val PA: 0.6588
Feature stats | CT: mean=0.9287, std=0.9697, mean_l2=30.2629, median_l2=29.5922, mean_abs=0.9287, max_abs=8.3151 | PA: mean=0.3067, std=0.2060, mean_l2=8.3438, median_l2=8.2662, mean_abs=0.3067, max_abs=1.9643
Epoch 16/30 | Train Loss: 4.0281 (Fused: 1.6964) | Train C-index: 0.9437 | Val Fused: 0.6739 | Val CT: 0.6020 | Val PA: 0.6625
Feature stats | CT: mean=0.9158, std=0.9526, mean_l2=29.8035, median_l2=29.2348, mean_abs=0.9158, max_abs=7.9773 | PA: mean=0.3077, std=0.2049, mean_l2=8.3498, median_l2=8.2816, mean_abs=0.3077, max_abs=1.9176
Epoch 17/30 | Train Loss: 3.9626 (Fused: 1.6247) | Train C-index: 0.9541 | Val Fused: 0.6618 | Val CT: 0.6003 | Val PA: 0.6625
Feature stats | CT: mean=0.9408, std=0.9841, mean_l2=30.6909, median_l2=30.0272, mean_abs=0.9408, max_abs=8.5403 | PA: mean=0.3082, std=0.2045, mean_l2=8.3525, median_l2=8.2684, mean_abs=0.3082, max_abs=1.9663
Epoch 18/30 | Train Loss: 3.8560 (Fused: 1.5148) | Train C-index: 0.9614 | Val Fused: 0.6642 | Val CT: 0.6061 | Val PA: 0.6669
Feature stats | CT: mean=0.9087, std=0.9564, mean_l2=29.7559, median_l2=29.1587, mean_abs=0.9087, max_abs=8.4036 | PA: mean=0.3083, std=0.2030, mean_l2=8.3365, median_l2=8.2561, mean_abs=0.3083, max_abs=1.8704
Early stopping at epoch 18
Fold 4 best C-index: 0.6904

Extra survival metrics:
cutoff_from_train_median: -1.045324
n_test: 112
n_high_risk: 71
n_low_risk: 41
n_event_test: 38
logrank_stat: 9.105494
logrank_p: 0.002548
auc_36m: 0.774825
auc_60m: 0.682090
HR_high_vs_low: 3.301378
HR_95CI_lower: 1.450607
HR_95CI_upper: 7.513475
cox_p: 0.004420

==================================================
5-Fold CV Summary
==================================================
  C-index: 0.7267 +/- 0.0244
