Using Device: cuda | ROI: 64
PA: abmil | CT: resnet18 | Fusion: gated | Fusion dropout: 0.25 | Norm: none | CT/PA dropout: 0.0 | CT augmentation: disabled
LR: 0.0001 | CT Backbone LR: 1e-05
Loss: Fused Cox + 0*CT + 0*PA
CT pretrained: /home/gly001/cqj/pa_ct_surv/model/ct_pretrain/resnet_18_23dataset.pth
Checkpoints: /home/gly001/cqj/pa_ct_surv/checkpoints/pact_v4/pact/roi64_abmil_resnet18_gated_normnone_fusion_dropout0.25_epochs30_coxbs64_lr1e-4_blr1e-5_wd5e-4_lct0.0_lpa0.0_seed42
Results: /home/gly001/cqj/pa_ct_surv/results/pact_v4/pact/roi64_abmil_resnet18_gated_normnone_fusion_dropout0.25_epochs30_coxbs64_lr1e-4_blr1e-5_wd5e-4_lct0.0_lpa0.0_seed42
Loaded 703 paired samples
Locked split: train=562, test=141
Test set is not accessed during CV

==================================================
Fold 1/5
==================================================
[ResNetCox] Loaded pretrained from /home/gly001/cqj/pa_ct_surv/model/ct_pretrain/resnet_18_23dataset.pth
  Missing keys (ok): ['fc.weight', 'fc.bias']
Epoch 1/30 | Train Loss: 3.2186 (Fused: 3.2186) | Train C-index: 0.5755 | Val Fused: 0.7098 | Val CT: 0.3530 | Val PA: 0.4619
Feature stats | CT: mean=0.8630, std=0.8850, mean_l2=27.9674, median_l2=27.9211, mean_abs=0.8630, max_abs=6.6642 | PA: mean=0.2776, std=0.2216, mean_l2=8.0305, median_l2=8.0004, mean_abs=0.2776, max_abs=1.7572
Epoch 2/30 | Train Loss: 3.1473 (Fused: 3.1473) | Train C-index: 0.6308 | Val Fused: 0.7187 | Val CT: 0.3555 | Val PA: 0.3899
Feature stats | CT: mean=0.8307, std=0.8560, mean_l2=26.9845, median_l2=27.0275, mean_abs=0.8307, max_abs=6.1092 | PA: mean=0.2842, std=0.2333, mean_l2=8.3103, median_l2=8.2849, mean_abs=0.2842, max_abs=1.6796
Epoch 3/30 | Train Loss: 3.0413 (Fused: 3.0413) | Train C-index: 0.7007 | Val Fused: 0.7251 | Val CT: 0.3606 | Val PA: 0.3453
Feature stats | CT: mean=0.7634, std=0.7846, mean_l2=24.7595, median_l2=24.7160, mean_abs=0.7634, max_abs=5.3216 | PA: mean=0.2942, std=0.2440, mean_l2=8.6325, median_l2=8.5530, mean_abs=0.2942, max_abs=1.8796
Epoch 4/30 | Train Loss: 2.9851 (Fused: 2.9851) | Train C-index: 0.7253 | Val Fused: 0.7400 | Val CT: 0.3543 | Val PA: 0.3218
Feature stats | CT: mean=0.7149, std=0.7287, mean_l2=23.0945, median_l2=23.0422, mean_abs=0.7149, max_abs=4.5674 | PA: mean=0.3045, std=0.2537, mean_l2=8.9484, median_l2=8.8688, mean_abs=0.3045, max_abs=1.9499
Epoch 5/30 | Train Loss: 2.9353 (Fused: 2.9353) | Train C-index: 0.7508 | Val Fused: 0.7410 | Val CT: 0.3457 | Val PA: 0.3167
Feature stats | CT: mean=0.6989, std=0.7119, mean_l2=22.5725, median_l2=22.5127, mean_abs=0.6989, max_abs=4.3042 | PA: mean=0.3111, std=0.2609, mean_l2=9.1694, median_l2=9.0942, mean_abs=0.3111, max_abs=2.0565
Epoch 6/30 | Train Loss: 2.8752 (Fused: 2.8752) | Train C-index: 0.7567 | Val Fused: 0.7471 | Val CT: 0.3412 | Val PA: 0.3186
Feature stats | CT: mean=0.6839, std=0.6971, mean_l2=22.0946, median_l2=22.0643, mean_abs=0.6839, max_abs=4.2969 | PA: mean=0.3155, std=0.2663, mean_l2=9.3250, median_l2=9.2512, mean_abs=0.3155, max_abs=2.1149
Epoch 7/30 | Train Loss: 2.8316 (Fused: 2.8316) | Train C-index: 0.7699 | Val Fused: 0.7413 | Val CT: 0.3390 | Val PA: 0.3214
Feature stats | CT: mean=0.6744, std=0.6886, mean_l2=21.8077, median_l2=21.8048, mean_abs=0.6744, max_abs=4.3513 | PA: mean=0.3179, std=0.2680, mean_l2=9.3929, median_l2=9.3453, mean_abs=0.3179, max_abs=2.2582
Epoch 8/30 | Train Loss: 2.7964 (Fused: 2.7964) | Train C-index: 0.7855 | Val Fused: 0.7435 | Val CT: 0.3441 | Val PA: 0.3269
Feature stats | CT: mean=0.6687, std=0.6783, mean_l2=21.5491, median_l2=21.5229, mean_abs=0.6687, max_abs=4.3125 | PA: mean=0.3200, std=0.2671, mean_l2=9.4175, median_l2=9.3978, mean_abs=0.3200, max_abs=2.3249
Epoch 9/30 | Train Loss: 2.7241 (Fused: 2.7241) | Train C-index: 0.7957 | Val Fused: 0.7455 | Val CT: 0.3571 | Val PA: 0.3326
Feature stats | CT: mean=0.6528, std=0.6514, mean_l2=20.8646, median_l2=20.8265, mean_abs=0.6528, max_abs=4.1948 | PA: mean=0.3227, std=0.2699, mean_l2=9.5042, median_l2=9.4920, mean_abs=0.3227, max_abs=2.3701
Epoch 10/30 | Train Loss: 2.7206 (Fused: 2.7206) | Train C-index: 0.8114 | Val Fused: 0.7442 | Val CT: 0.3651 | Val PA: 0.3520
Feature stats | CT: mean=0.6365, std=0.6302, mean_l2=20.2650, median_l2=20.2784, mean_abs=0.6365, max_abs=4.0157 | PA: mean=0.3240, std=0.2707, mean_l2=9.5385, median_l2=9.5233, mean_abs=0.3240, max_abs=2.3829
Epoch 11/30 | Train Loss: 2.6443 (Fused: 2.6443) | Train C-index: 0.8216 | Val Fused: 0.7420 | Val CT: 0.3549 | Val PA: 0.3597
Feature stats | CT: mean=0.6225, std=0.6155, mean_l2=19.8053, median_l2=19.7674, mean_abs=0.6225, max_abs=3.9292 | PA: mean=0.3245, std=0.2706, mean_l2=9.5460, median_l2=9.5486, mean_abs=0.3245, max_abs=2.4875
Epoch 12/30 | Train Loss: 2.5260 (Fused: 2.5260) | Train C-index: 0.8460 | Val Fused: 0.7509 | Val CT: 0.3492 | Val PA: 0.3680
Feature stats | CT: mean=0.6130, std=0.6075, mean_l2=19.5269, median_l2=19.5149, mean_abs=0.6130, max_abs=3.8117 | PA: mean=0.3258, std=0.2729, mean_l2=9.6029, median_l2=9.6181, mean_abs=0.3258, max_abs=2.4665
Epoch 13/30 | Train Loss: 2.4860 (Fused: 2.4860) | Train C-index: 0.8531 | Val Fused: 0.7426 | Val CT: 0.3594 | Val PA: 0.3944
Feature stats | CT: mean=0.5970, std=0.5893, mean_l2=18.9797, median_l2=18.9580, mean_abs=0.5970, max_abs=3.6398 | PA: mean=0.3282, std=0.2759, mean_l2=9.6872, median_l2=9.6854, mean_abs=0.3282, max_abs=2.3465
Epoch 14/30 | Train Loss: 2.4058 (Fused: 2.4058) | Train C-index: 0.8747 | Val Fused: 0.7515 | Val CT: 0.3641 | Val PA: 0.4138
Feature stats | CT: mean=0.5857, std=0.5792, mean_l2=18.6370, median_l2=18.6128, mean_abs=0.5857, max_abs=3.6864 | PA: mean=0.3287, std=0.2759, mean_l2=9.6953, median_l2=9.6825, mean_abs=0.3287, max_abs=2.1420
Epoch 15/30 | Train Loss: 2.3081 (Fused: 2.3081) | Train C-index: 0.8736 | Val Fused: 0.7362 | Val CT: 0.3743 | Val PA: 0.4084
Feature stats | CT: mean=0.5802, std=0.5759, mean_l2=18.4958, median_l2=18.4918, mean_abs=0.5802, max_abs=3.4715 | PA: mean=0.3270, std=0.2726, mean_l2=9.6197, median_l2=9.6082, mean_abs=0.3270, max_abs=2.0898
Epoch 16/30 | Train Loss: 2.2700 (Fused: 2.2700) | Train C-index: 0.8860 | Val Fused: 0.7337 | Val CT: 0.3915 | Val PA: 0.4001
Feature stats | CT: mean=0.5646, std=0.5585, mean_l2=17.9702, median_l2=17.9607, mean_abs=0.5646, max_abs=3.4261 | PA: mean=0.3259, std=0.2744, mean_l2=9.6254, median_l2=9.6239, mean_abs=0.3259, max_abs=2.0787
Epoch 17/30 | Train Loss: 2.1709 (Fused: 2.1709) | Train C-index: 0.8948 | Val Fused: 0.7318 | Val CT: 0.4272 | Val PA: 0.3874
Feature stats | CT: mean=0.5519, std=0.5447, mean_l2=17.5452, median_l2=17.5416, mean_abs=0.5519, max_abs=3.4145 | PA: mean=0.3270, std=0.2790, mean_l2=9.7105, median_l2=9.6988, mean_abs=0.3270, max_abs=2.2062
Epoch 18/30 | Train Loss: 2.0591 (Fused: 2.0591) | Train C-index: 0.8989 | Val Fused: 0.7614 | Val CT: 0.3600 | Val PA: 0.3893
Feature stats | CT: mean=0.5431, std=0.5350, mean_l2=17.2502, median_l2=17.2501, mean_abs=0.5431, max_abs=3.5450 | PA: mean=0.3264, std=0.2783, mean_l2=9.6899, median_l2=9.6610, mean_abs=0.3264, max_abs=2.2301
Epoch 19/30 | Train Loss: 2.2035 (Fused: 2.2035) | Train C-index: 0.8596 | Val Fused: 0.6862 | Val CT: 0.3756 | Val PA: 0.4390
Feature stats | CT: mean=0.5428, std=0.5330, mean_l2=17.2115, median_l2=17.2098, mean_abs=0.5428, max_abs=3.6610 | PA: mean=0.3265, std=0.2775, mean_l2=9.6805, median_l2=9.6517, mean_abs=0.3265, max_abs=2.2409
Epoch 20/30 | Train Loss: 2.0397 (Fused: 2.0397) | Train C-index: 0.9015 | Val Fused: 0.7486 | Val CT: 0.3918 | Val PA: 0.3880
Feature stats | CT: mean=0.5277, std=0.5123, mean_l2=16.6411, median_l2=16.6323, mean_abs=0.5277, max_abs=3.5592 | PA: mean=0.3252, std=0.2737, mean_l2=9.6041, median_l2=9.5614, mean_abs=0.3252, max_abs=2.1799
Epoch 21/30 | Train Loss: 1.9974 (Fused: 1.9974) | Train C-index: 0.9117 | Val Fused: 0.7063 | Val CT: 0.4626 | Val PA: 0.4071
Feature stats | CT: mean=0.5216, std=0.5044, mean_l2=16.4178, median_l2=16.3979, mean_abs=0.5216, max_abs=3.2041 | PA: mean=0.3211, std=0.2697, mean_l2=9.4742, median_l2=9.4287, mean_abs=0.3211, max_abs=2.1507
Epoch 22/30 | Train Loss: 1.8882 (Fused: 1.8882) | Train C-index: 0.9202 | Val Fused: 0.7480 | Val CT: 0.3826 | Val PA: 0.3836
Feature stats | CT: mean=0.5178, std=0.5050, mean_l2=16.3655, median_l2=16.3486, mean_abs=0.5178, max_abs=3.2399 | PA: mean=0.3142, std=0.2656, mean_l2=9.2960, median_l2=9.2401, mean_abs=0.3142, max_abs=2.0509
Epoch 23/30 | Train Loss: 1.8566 (Fused: 1.8566) | Train C-index: 0.9273 | Val Fused: 0.7111 | Val CT: 0.4715 | Val PA: 0.4081
Feature stats | CT: mean=0.5178, std=0.5091, mean_l2=16.4297, median_l2=16.4294, mean_abs=0.5178, max_abs=3.2545 | PA: mean=0.3083, std=0.2608, mean_l2=9.1249, median_l2=9.0691, mean_abs=0.3083, max_abs=2.1000
Epoch 24/30 | Train Loss: 1.7973 (Fused: 1.7973) | Train C-index: 0.9330 | Val Fused: 0.7337 | Val CT: 0.4154 | Val PA: 0.3896
Feature stats | CT: mean=0.5050, std=0.4935, mean_l2=15.9759, median_l2=15.9512, mean_abs=0.5050, max_abs=3.2206 | PA: mean=0.3054, std=0.2584, mean_l2=9.0376, median_l2=8.9817, mean_abs=0.3054, max_abs=2.0672
Epoch 25/30 | Train Loss: 1.8183 (Fused: 1.8183) | Train C-index: 0.9328 | Val Fused: 0.7040 | Val CT: 0.4533 | Val PA: 0.4122
Feature stats | CT: mean=0.4969, std=0.4824, mean_l2=15.6696, median_l2=15.6611, mean_abs=0.4969, max_abs=3.0502 | PA: mean=0.3039, std=0.2562, mean_l2=8.9796, median_l2=8.9253, mean_abs=0.3039, max_abs=2.0692
Epoch 26/30 | Train Loss: 1.7455 (Fused: 1.7455) | Train C-index: 0.9456 | Val Fused: 0.7420 | Val CT: 0.4227 | Val PA: 0.3982
Feature stats | CT: mean=0.4909, std=0.4790, mean_l2=15.5184, median_l2=15.5113, mean_abs=0.4909, max_abs=3.1546 | PA: mean=0.3007, std=0.2555, mean_l2=8.9138, median_l2=8.8497, mean_abs=0.3007, max_abs=2.0689
Epoch 27/30 | Train Loss: 1.6423 (Fused: 1.6423) | Train C-index: 0.9429 | Val Fused: 0.7012 | Val CT: 0.4578 | Val PA: 0.4317
Feature stats | CT: mean=0.4894, std=0.4780, mean_l2=15.4789, median_l2=15.4772, mean_abs=0.4894, max_abs=3.1915 | PA: mean=0.2980, std=0.2534, mean_l2=8.8360, median_l2=8.7787, mean_abs=0.2980, max_abs=2.1503
Epoch 28/30 | Train Loss: 1.6881 (Fused: 1.6881) | Train C-index: 0.9296 | Val Fused: 0.7353 | Val CT: 0.3888 | Val PA: 0.4154
Feature stats | CT: mean=0.4837, std=0.4701, mean_l2=15.2619, median_l2=15.2544, mean_abs=0.4837, max_abs=3.2172 | PA: mean=0.2942, std=0.2566, mean_l2=8.8169, median_l2=8.7483, mean_abs=0.2942, max_abs=2.2088
Early stopping at epoch 28
Fold 0 best C-index: 0.7614

Extra survival metrics:
cutoff_from_train_median: -0.293605
n_test: 113
n_high_risk: 57
n_low_risk: 56
n_event_test: 38
logrank_stat: 25.741305
logrank_p: 0.000000
auc_36m: 0.774948
auc_60m: 0.795154
HR_high_vs_low: 6.431370
HR_95CI_lower: 2.822188
HR_95CI_upper: 14.656192
cox_p: 0.000009

==================================================
Fold 2/5
==================================================
[ResNetCox] Loaded pretrained from /home/gly001/cqj/pa_ct_surv/model/ct_pretrain/resnet_18_23dataset.pth
  Missing keys (ok): ['fc.weight', 'fc.bias']
Epoch 1/30 | Train Loss: 3.2361 (Fused: 3.2361) | Train C-index: 0.5102 | Val Fused: 0.7178 | Val CT: 0.3286 | Val PA: 0.4251
Feature stats | CT: mean=0.8443, std=0.8670, mean_l2=27.3805, median_l2=27.3284, mean_abs=0.8443, max_abs=6.6247 | PA: mean=0.2771, std=0.2196, mean_l2=7.9924, median_l2=7.9604, mean_abs=0.2771, max_abs=1.7839
Epoch 2/30 | Train Loss: 3.1436 (Fused: 3.1436) | Train C-index: 0.6494 | Val Fused: 0.7547 | Val CT: 0.3250 | Val PA: 0.3645
Feature stats | CT: mean=0.8136, std=0.8336, mean_l2=26.3521, median_l2=26.3905, mean_abs=0.8136, max_abs=6.5502 | PA: mean=0.2849, std=0.2318, mean_l2=8.2990, median_l2=8.2490, mean_abs=0.2849, max_abs=1.9801
Epoch 3/30 | Train Loss: 3.1004 (Fused: 3.1004) | Train C-index: 0.6920 | Val Fused: 0.7626 | Val CT: 0.3299 | Val PA: 0.3471
Feature stats | CT: mean=0.7628, std=0.7726, mean_l2=24.5596, median_l2=24.5768, mean_abs=0.7628, max_abs=5.8312 | PA: mean=0.2935, std=0.2428, mean_l2=8.6036, median_l2=8.5454, mean_abs=0.2935, max_abs=2.1791
Epoch 4/30 | Train Loss: 3.0453 (Fused: 3.0453) | Train C-index: 0.7139 | Val Fused: 0.7619 | Val CT: 0.3487 | Val PA: 0.3388
Feature stats | CT: mean=0.7201, std=0.7226, mean_l2=23.0789, median_l2=23.0451, mean_abs=0.7201, max_abs=4.9927 | PA: mean=0.3019, std=0.2542, mean_l2=8.9089, median_l2=8.8043, mean_abs=0.3019, max_abs=2.3432
Epoch 5/30 | Train Loss: 2.9593 (Fused: 2.9593) | Train C-index: 0.7416 | Val Fused: 0.7567 | Val CT: 0.4211 | Val PA: 0.3395
Feature stats | CT: mean=0.7013, std=0.7016, mean_l2=22.4428, median_l2=22.4251, mean_abs=0.7013, max_abs=4.5892 | PA: mean=0.3075, std=0.2614, mean_l2=9.1108, median_l2=9.0170, mean_abs=0.3075, max_abs=2.4540
Epoch 6/30 | Train Loss: 2.9497 (Fused: 2.9497) | Train C-index: 0.7506 | Val Fused: 0.7468 | Val CT: 0.4178 | Val PA: 0.3569
Feature stats | CT: mean=0.6982, std=0.7017, mean_l2=22.3959, median_l2=22.3975, mean_abs=0.6982, max_abs=4.3990 | PA: mean=0.3114, std=0.2646, mean_l2=9.2265, median_l2=9.1431, mean_abs=0.3114, max_abs=2.5923
Epoch 7/30 | Train Loss: 2.8765 (Fused: 2.8765) | Train C-index: 0.7564 | Val Fused: 0.7458 | Val CT: 0.3306 | Val PA: 0.3642
Feature stats | CT: mean=0.6748, std=0.6742, mean_l2=21.5781, median_l2=21.5886, mean_abs=0.6748, max_abs=4.2402 | PA: mean=0.3159, std=0.2678, mean_l2=9.3534, median_l2=9.2718, mean_abs=0.3159, max_abs=2.6151
Epoch 8/30 | Train Loss: 2.8562 (Fused: 2.8562) | Train C-index: 0.7697 | Val Fused: 0.7524 | Val CT: 0.3240 | Val PA: 0.3681
Feature stats | CT: mean=0.6444, std=0.6317, mean_l2=20.4164, median_l2=20.3993, mean_abs=0.6444, max_abs=3.6725 | PA: mean=0.3216, std=0.2701, mean_l2=9.4869, median_l2=9.4133, mean_abs=0.3216, max_abs=2.7163
Epoch 9/30 | Train Loss: 2.7644 (Fused: 2.7644) | Train C-index: 0.7976 | Val Fused: 0.7468 | Val CT: 0.3793 | Val PA: 0.3823
Feature stats | CT: mean=0.6345, std=0.6128, mean_l2=19.9588, median_l2=19.9494, mean_abs=0.6345, max_abs=3.4132 | PA: mean=0.3267, std=0.2724, mean_l2=9.6095, median_l2=9.5682, mean_abs=0.3267, max_abs=2.7783
Epoch 10/30 | Train Loss: 2.7128 (Fused: 2.7128) | Train C-index: 0.8031 | Val Fused: 0.7412 | Val CT: 0.3250 | Val PA: 0.4073
Feature stats | CT: mean=0.6293, std=0.6015, mean_l2=19.6939, median_l2=19.6735, mean_abs=0.6293, max_abs=3.4871 | PA: mean=0.3306, std=0.2754, mean_l2=9.7224, median_l2=9.6977, mean_abs=0.3306, max_abs=2.6790
Epoch 11/30 | Train Loss: 2.6987 (Fused: 2.6987) | Train C-index: 0.8073 | Val Fused: 0.7372 | Val CT: 0.3342 | Val PA: 0.4234
Feature stats | CT: mean=0.6109, std=0.5841, mean_l2=19.1235, median_l2=19.0882, mean_abs=0.6109, max_abs=3.4086 | PA: mean=0.3332, std=0.2793, mean_l2=9.8234, median_l2=9.8141, mean_abs=0.3332, max_abs=2.5611
Epoch 12/30 | Train Loss: 2.5921 (Fused: 2.5921) | Train C-index: 0.8377 | Val Fused: 0.7498 | Val CT: 0.3447 | Val PA: 0.4369
Feature stats | CT: mean=0.6106, std=0.5929, mean_l2=19.2557, median_l2=19.2278, mean_abs=0.6106, max_abs=3.4313 | PA: mean=0.3350, std=0.2810, mean_l2=9.8810, median_l2=9.8846, mean_abs=0.3350, max_abs=2.5466
Epoch 13/30 | Train Loss: 2.5002 (Fused: 2.5002) | Train C-index: 0.8481 | Val Fused: 0.7435 | Val CT: 0.2924 | Val PA: 0.4481
Feature stats | CT: mean=0.6016, std=0.5868, mean_l2=19.0124, median_l2=18.9384, mean_abs=0.6016, max_abs=3.4261 | PA: mean=0.3365, std=0.2820, mean_l2=9.9198, median_l2=9.9174, mean_abs=0.3365, max_abs=2.5708
Early stopping at epoch 13
Fold 1 best C-index: 0.7626

Extra survival metrics:
cutoff_from_train_median: -1.018717
n_test: 113
n_high_risk: 55
n_low_risk: 58
n_event_test: 39
logrank_stat: 27.375753
logrank_p: 0.000000
auc_36m: 0.783666
auc_60m: 0.792574
HR_high_vs_low: 7.328236
HR_95CI_lower: 3.062699
HR_95CI_upper: 17.534547
cox_p: 0.000008

==================================================
Fold 3/5
==================================================
[ResNetCox] Loaded pretrained from /home/gly001/cqj/pa_ct_surv/model/ct_pretrain/resnet_18_23dataset.pth
  Missing keys (ok): ['fc.weight', 'fc.bias']
Epoch 1/30 | Train Loss: 3.2774 (Fused: 3.2774) | Train C-index: 0.5391 | Val Fused: 0.7075 | Val CT: 0.3600 | Val PA: 0.4251
Feature stats | CT: mean=0.8598, std=0.8755, mean_l2=27.7641, median_l2=27.7295, mean_abs=0.8598, max_abs=6.5850 | PA: mean=0.2781, std=0.2205, mean_l2=8.0250, median_l2=7.9976, mean_abs=0.2781, max_abs=1.7890
Epoch 2/30 | Train Loss: 3.2386 (Fused: 3.2386) | Train C-index: 0.6687 | Val Fused: 0.7010 | Val CT: 0.3363 | Val PA: 0.3793
Feature stats | CT: mean=0.8158, std=0.8292, mean_l2=26.3141, median_l2=26.4069, mean_abs=0.8158, max_abs=5.9163 | PA: mean=0.2849, std=0.2317, mean_l2=8.2993, median_l2=8.2427, mean_abs=0.2849, max_abs=1.9155
Epoch 3/30 | Train Loss: 3.0925 (Fused: 3.0925) | Train C-index: 0.7187 | Val Fused: 0.6993 | Val CT: 0.3376 | Val PA: 0.3664
Feature stats | CT: mean=0.7587, std=0.7651, mean_l2=24.3790, median_l2=24.3722, mean_abs=0.7587, max_abs=5.0447 | PA: mean=0.2969, std=0.2468, mean_l2=8.7190, median_l2=8.6099, mean_abs=0.2969, max_abs=2.0288
Epoch 4/30 | Train Loss: 2.9874 (Fused: 2.9874) | Train C-index: 0.7287 | Val Fused: 0.7085 | Val CT: 0.3586 | Val PA: 0.3580
Feature stats | CT: mean=0.7318, std=0.7316, mean_l2=23.4121, median_l2=23.4381, mean_abs=0.7318, max_abs=4.5563 | PA: mean=0.3077, std=0.2604, mean_l2=9.0993, median_l2=8.9411, mean_abs=0.3077, max_abs=2.4054
Epoch 5/30 | Train Loss: 2.9333 (Fused: 2.9333) | Train C-index: 0.7493 | Val Fused: 0.7058 | Val CT: 0.4088 | Val PA: 0.3563
Feature stats | CT: mean=0.7067, std=0.7048, mean_l2=22.5832, median_l2=22.5786, mean_abs=0.7067, max_abs=4.1609 | PA: mean=0.3155, std=0.2672, mean_l2=9.3322, median_l2=9.1701, mean_abs=0.3155, max_abs=2.4871
Epoch 6/30 | Train Loss: 2.9336 (Fused: 2.9336) | Train C-index: 0.7549 | Val Fused: 0.6966 | Val CT: 0.4475 | Val PA: 0.3559
Feature stats | CT: mean=0.6963, std=0.6942, mean_l2=22.2465, median_l2=22.2472, mean_abs=0.6963, max_abs=4.0003 | PA: mean=0.3196, std=0.2697, mean_l2=9.4406, median_l2=9.3101, mean_abs=0.3196, max_abs=2.5422
Epoch 7/30 | Train Loss: 2.8437 (Fused: 2.8437) | Train C-index: 0.7799 | Val Fused: 0.6976 | Val CT: 0.4414 | Val PA: 0.3522
Feature stats | CT: mean=0.6840, std=0.6841, mean_l2=21.8873, median_l2=21.8724, mean_abs=0.6840, max_abs=3.8871 | PA: mean=0.3216, std=0.2705, mean_l2=9.4885, median_l2=9.3638, mean_abs=0.3216, max_abs=2.5585
Epoch 8/30 | Train Loss: 2.8167 (Fused: 2.8167) | Train C-index: 0.7878 | Val Fused: 0.7068 | Val CT: 0.3925 | Val PA: 0.3556
Feature stats | CT: mean=0.6680, std=0.6647, mean_l2=21.3211, median_l2=21.3166, mean_abs=0.6680, max_abs=3.8720 | PA: mean=0.3248, std=0.2723, mean_l2=9.5718, median_l2=9.4821, mean_abs=0.3248, max_abs=2.5496
Epoch 9/30 | Train Loss: 2.7878 (Fused: 2.7878) | Train C-index: 0.7948 | Val Fused: 0.7061 | Val CT: 0.4383 | Val PA: 0.3661
Feature stats | CT: mean=0.6606, std=0.6517, mean_l2=20.9942, median_l2=20.9695, mean_abs=0.6606, max_abs=3.8129 | PA: mean=0.3267, std=0.2712, mean_l2=9.5916, median_l2=9.5180, mean_abs=0.3267, max_abs=2.5307
Epoch 10/30 | Train Loss: 2.6900 (Fused: 2.6900) | Train C-index: 0.8133 | Val Fused: 0.7173 | Val CT: 0.3678 | Val PA: 0.3688
Feature stats | CT: mean=0.6490, std=0.6367, mean_l2=20.5664, median_l2=20.4901, mean_abs=0.6490, max_abs=3.8352 | PA: mean=0.3288, std=0.2714, mean_l2=9.6337, median_l2=9.5661, mean_abs=0.3288, max_abs=2.5044
Epoch 11/30 | Train Loss: 2.6080 (Fused: 2.6080) | Train C-index: 0.8352 | Val Fused: 0.7190 | Val CT: 0.4068 | Val PA: 0.3776
Feature stats | CT: mean=0.6238, std=0.6077, mean_l2=19.7044, median_l2=19.6766, mean_abs=0.6238, max_abs=3.7718 | PA: mean=0.3326, std=0.2748, mean_l2=9.7486, median_l2=9.6765, mean_abs=0.3326, max_abs=2.5108
Epoch 12/30 | Train Loss: 2.5821 (Fused: 2.5821) | Train C-index: 0.8361 | Val Fused: 0.7078 | Val CT: 0.4359 | Val PA: 0.3814
Feature stats | CT: mean=0.6086, std=0.5857, mean_l2=19.1107, median_l2=19.0900, mean_abs=0.6086, max_abs=3.7436 | PA: mean=0.3337, std=0.2743, mean_l2=9.7610, median_l2=9.7055, mean_abs=0.3337, max_abs=2.5036
Epoch 13/30 | Train Loss: 2.5308 (Fused: 2.5308) | Train C-index: 0.8486 | Val Fused: 0.7031 | Val CT: 0.5108 | Val PA: 0.3834
Feature stats | CT: mean=0.5978, std=0.5705, mean_l2=18.6979, median_l2=18.6769, mean_abs=0.5978, max_abs=3.6736 | PA: mean=0.3328, std=0.2727, mean_l2=9.7225, median_l2=9.6636, mean_abs=0.3328, max_abs=2.4755
Epoch 14/30 | Train Loss: 2.4210 (Fused: 2.4210) | Train C-index: 0.8637 | Val Fused: 0.7061 | Val CT: 0.3851 | Val PA: 0.3898
Feature stats | CT: mean=0.5865, std=0.5642, mean_l2=18.4127, median_l2=18.3742, mean_abs=0.5865, max_abs=3.7422 | PA: mean=0.3321, std=0.2719, mean_l2=9.6999, median_l2=9.6493, mean_abs=0.3321, max_abs=2.3034
Epoch 15/30 | Train Loss: 2.4101 (Fused: 2.4101) | Train C-index: 0.8655 | Val Fused: 0.6997 | Val CT: 0.4349 | Val PA: 0.3803
Feature stats | CT: mean=0.5781, std=0.5602, mean_l2=18.2139, median_l2=18.1986, mean_abs=0.5781, max_abs=3.7142 | PA: mean=0.3317, std=0.2716, mean_l2=9.6892, median_l2=9.6344, mean_abs=0.3317, max_abs=2.2346
Epoch 16/30 | Train Loss: 2.2932 (Fused: 2.2932) | Train C-index: 0.8786 | Val Fused: 0.7098 | Val CT: 0.3885 | Val PA: 0.3766
Feature stats | CT: mean=0.5645, std=0.5475, mean_l2=17.7928, median_l2=17.7752, mean_abs=0.5645, max_abs=3.6164 | PA: mean=0.3319, std=0.2704, mean_l2=9.6751, median_l2=9.6281, mean_abs=0.3319, max_abs=2.1981
Epoch 17/30 | Train Loss: 2.2068 (Fused: 2.2068) | Train C-index: 0.8860 | Val Fused: 0.7037 | Val CT: 0.4041 | Val PA: 0.3831
Feature stats | CT: mean=0.5604, std=0.5417, mean_l2=17.6371, median_l2=17.6218, mean_abs=0.5604, max_abs=3.3081 | PA: mean=0.3322, std=0.2699, mean_l2=9.6731, median_l2=9.6282, mean_abs=0.3322, max_abs=2.2249
Epoch 18/30 | Train Loss: 2.1585 (Fused: 2.1585) | Train C-index: 0.8876 | Val Fused: 0.7115 | Val CT: 0.4122 | Val PA: 0.3959
Feature stats | CT: mean=0.5556, std=0.5390, mean_l2=17.5167, median_l2=17.4973, mean_abs=0.5556, max_abs=3.4490 | PA: mean=0.3303, std=0.2689, mean_l2=9.6241, median_l2=9.5670, mean_abs=0.3303, max_abs=2.2347
Epoch 19/30 | Train Loss: 2.1091 (Fused: 2.1091) | Train C-index: 0.8984 | Val Fused: 0.7136 | Val CT: 0.3634 | Val PA: 0.3868
Feature stats | CT: mean=0.5501, std=0.5333, mean_l2=17.3353, median_l2=17.2916, mean_abs=0.5501, max_abs=3.4517 | PA: mean=0.3292, std=0.2702, mean_l2=9.6241, median_l2=9.5667, mean_abs=0.3292, max_abs=2.2903
Epoch 20/30 | Train Loss: 2.0130 (Fused: 2.0130) | Train C-index: 0.9114 | Val Fused: 0.7014 | Val CT: 0.4054 | Val PA: 0.3905
Feature stats | CT: mean=0.5419, std=0.5223, mean_l2=17.0299, median_l2=17.0155, mean_abs=0.5419, max_abs=3.2375 | PA: mean=0.3275, std=0.2694, mean_l2=9.5831, median_l2=9.5281, mean_abs=0.3275, max_abs=2.4014
Epoch 21/30 | Train Loss: 1.9329 (Fused: 1.9329) | Train C-index: 0.9203 | Val Fused: 0.7129 | Val CT: 0.3525 | Val PA: 0.3976
Feature stats | CT: mean=0.5356, std=0.5180, mean_l2=16.8594, median_l2=16.8345, mean_abs=0.5356, max_abs=3.3853 | PA: mean=0.3254, std=0.2667, mean_l2=9.5077, median_l2=9.4482, mean_abs=0.3254, max_abs=2.3551
Early stopping at epoch 21
Fold 2 best C-index: 0.7190

Extra survival metrics:
cutoff_from_train_median: -1.475348
n_test: 112
n_high_risk: 64
n_low_risk: 48
n_event_test: 38
logrank_stat: 19.151309
logrank_p: 0.000012
auc_36m: 0.736759
auc_60m: 0.752227
HR_high_vs_low: 6.283410
HR_95CI_lower: 2.449100
HR_95CI_upper: 16.120718
cox_p: 0.000132

==================================================
Fold 4/5
==================================================
[ResNetCox] Loaded pretrained from /home/gly001/cqj/pa_ct_surv/model/ct_pretrain/resnet_18_23dataset.pth
  Missing keys (ok): ['fc.weight', 'fc.bias']
Epoch 1/30 | Train Loss: 3.3325 (Fused: 3.3325) | Train C-index: 0.5388 | Val Fused: 0.7187 | Val CT: 0.3337 | Val PA: 0.4897
Feature stats | CT: mean=0.8712, std=0.8831, mean_l2=28.0671, median_l2=28.0601, mean_abs=0.8712, max_abs=6.6865 | PA: mean=0.2783, std=0.2202, mean_l2=8.0230, median_l2=7.9910, mean_abs=0.2783, max_abs=1.7997
Epoch 2/30 | Train Loss: 3.2110 (Fused: 3.2110) | Train C-index: 0.6634 | Val Fused: 0.7164 | Val CT: 0.3277 | Val PA: 0.4221
Feature stats | CT: mean=0.8486, std=0.8503, mean_l2=27.1756, median_l2=27.2515, mean_abs=0.8486, max_abs=6.1161 | PA: mean=0.2862, std=0.2312, mean_l2=8.3151, median_l2=8.2532, mean_abs=0.2862, max_abs=1.8150
Epoch 3/30 | Train Loss: 3.1024 (Fused: 3.1024) | Train C-index: 0.7159 | Val Fused: 0.7167 | Val CT: 0.3290 | Val PA: 0.3966
Feature stats | CT: mean=0.7851, std=0.7789, mean_l2=25.0166, median_l2=25.0339, mean_abs=0.7851, max_abs=5.4860 | PA: mean=0.2966, std=0.2445, mean_l2=8.6824, median_l2=8.6001, mean_abs=0.2966, max_abs=2.0096
Epoch 4/30 | Train Loss: 3.0417 (Fused: 3.0417) | Train C-index: 0.7314 | Val Fused: 0.7247 | Val CT: 0.3516 | Val PA: 0.3993
Feature stats | CT: mean=0.7492, std=0.7352, mean_l2=23.7452, median_l2=23.6606, mean_abs=0.7492, max_abs=4.9729 | PA: mean=0.3050, std=0.2522, mean_l2=8.9381, median_l2=8.8303, mean_abs=0.3050, max_abs=2.2529
Epoch 5/30 | Train Loss: 3.0403 (Fused: 3.0403) | Train C-index: 0.7396 | Val Fused: 0.7316 | Val CT: 0.3857 | Val PA: 0.3860
Feature stats | CT: mean=0.7460, std=0.7333, mean_l2=23.6607, median_l2=23.6156, mean_abs=0.7460, max_abs=4.8821 | PA: mean=0.3125, std=0.2575, mean_l2=9.1471, median_l2=9.0729, mean_abs=0.3125, max_abs=2.4824
Epoch 6/30 | Train Loss: 2.9567 (Fused: 2.9567) | Train C-index: 0.7491 | Val Fused: 0.7326 | Val CT: 0.3744 | Val PA: 0.3721
Feature stats | CT: mean=0.7049, std=0.6961, mean_l2=22.4104, median_l2=22.3715, mean_abs=0.7049, max_abs=4.6109 | PA: mean=0.3198, std=0.2661, mean_l2=9.3977, median_l2=9.3420, mean_abs=0.3198, max_abs=2.5848
Epoch 7/30 | Train Loss: 2.8343 (Fused: 2.8343) | Train C-index: 0.7725 | Val Fused: 0.7319 | Val CT: 0.3840 | Val PA: 0.3691
Feature stats | CT: mean=0.6617, std=0.6532, mean_l2=21.0353, median_l2=20.9699, mean_abs=0.6617, max_abs=4.2754 | PA: mean=0.3256, std=0.2729, mean_l2=9.5974, median_l2=9.5575, mean_abs=0.3256, max_abs=2.6458
Epoch 8/30 | Train Loss: 2.8194 (Fused: 2.8194) | Train C-index: 0.7827 | Val Fused: 0.7362 | Val CT: 0.3675 | Val PA: 0.3854
Feature stats | CT: mean=0.6361, std=0.6291, mean_l2=20.2426, median_l2=20.2305, mean_abs=0.6361, max_abs=4.2653 | PA: mean=0.3307, std=0.2774, mean_l2=9.7521, median_l2=9.7436, mean_abs=0.3307, max_abs=2.7124
Epoch 9/30 | Train Loss: 2.7928 (Fused: 2.7928) | Train C-index: 0.7984 | Val Fused: 0.7416 | Val CT: 0.3423 | Val PA: 0.3956
Feature stats | CT: mean=0.6284, std=0.6225, mean_l2=20.0133, median_l2=19.9975, mean_abs=0.6284, max_abs=4.4465 | PA: mean=0.3346, std=0.2798, mean_l2=9.8537, median_l2=9.8402, mean_abs=0.3346, max_abs=2.6699
Epoch 10/30 | Train Loss: 2.7918 (Fused: 2.7918) | Train C-index: 0.8045 | Val Fused: 0.7429 | Val CT: 0.3565 | Val PA: 0.3950
Feature stats | CT: mean=0.6223, std=0.6120, mean_l2=19.7481, median_l2=19.7217, mean_abs=0.6223, max_abs=4.3969 | PA: mean=0.3360, std=0.2800, mean_l2=9.8822, median_l2=9.8742, mean_abs=0.3360, max_abs=2.5697
Epoch 11/30 | Train Loss: 2.6698 (Fused: 2.6698) | Train C-index: 0.8067 | Val Fused: 0.7459 | Val CT: 0.3304 | Val PA: 0.3963
Feature stats | CT: mean=0.6167, std=0.5974, mean_l2=19.4257, median_l2=19.3988, mean_abs=0.6167, max_abs=4.2388 | PA: mean=0.3390, std=0.2834, mean_l2=9.9820, median_l2=9.9576, mean_abs=0.3390, max_abs=2.6431
Epoch 12/30 | Train Loss: 2.6540 (Fused: 2.6540) | Train C-index: 0.8267 | Val Fused: 0.7356 | Val CT: 0.3847 | Val PA: 0.4092
Feature stats | CT: mean=0.6030, std=0.5769, mean_l2=18.8819, median_l2=18.8579, mean_abs=0.6030, max_abs=3.5835 | PA: mean=0.3404, std=0.2850, mean_l2=10.0300, median_l2=10.0034, mean_abs=0.3404, max_abs=2.6727
Epoch 13/30 | Train Loss: 2.5891 (Fused: 2.5891) | Train C-index: 0.8349 | Val Fused: 0.7429 | Val CT: 0.3764 | Val PA: 0.4115
Feature stats | CT: mean=0.5939, std=0.5731, mean_l2=18.6740, median_l2=18.6483, mean_abs=0.5939, max_abs=3.9530 | PA: mean=0.3408, std=0.2849, mean_l2=10.0354, median_l2=10.0202, mean_abs=0.3408, max_abs=2.6723
Epoch 14/30 | Train Loss: 2.5132 (Fused: 2.5132) | Train C-index: 0.8452 | Val Fused: 0.7409 | Val CT: 0.3986 | Val PA: 0.4142
Feature stats | CT: mean=0.5884, std=0.5701, mean_l2=18.5369, median_l2=18.4907, mean_abs=0.5884, max_abs=3.9638 | PA: mean=0.3412, std=0.2867, mean_l2=10.0688, median_l2=10.0572, mean_abs=0.3412, max_abs=2.6743
Epoch 15/30 | Train Loss: 2.5098 (Fused: 2.5098) | Train C-index: 0.8497 | Val Fused: 0.7392 | Val CT: 0.4102 | Val PA: 0.4125
Feature stats | CT: mean=0.5813, std=0.5648, mean_l2=18.3364, median_l2=18.3083, mean_abs=0.5813, max_abs=4.0109 | PA: mean=0.3435, std=0.2877, mean_l2=10.1225, median_l2=10.1028, mean_abs=0.3435, max_abs=2.6649
Epoch 16/30 | Train Loss: 2.4453 (Fused: 2.4453) | Train C-index: 0.8551 | Val Fused: 0.7329 | Val CT: 0.4433 | Val PA: 0.4162
Feature stats | CT: mean=0.5665, std=0.5431, mean_l2=17.7564, median_l2=17.7467, mean_abs=0.5665, max_abs=3.6314 | PA: mean=0.3445, std=0.2893, mean_l2=10.1648, median_l2=10.1526, mean_abs=0.3445, max_abs=2.5081
Epoch 17/30 | Train Loss: 2.4115 (Fused: 2.4115) | Train C-index: 0.8696 | Val Fused: 0.7362 | Val CT: 0.4198 | Val PA: 0.4271
Feature stats | CT: mean=0.5618, std=0.5419, mean_l2=17.6608, median_l2=17.6466, mean_abs=0.5618, max_abs=3.5921 | PA: mean=0.3439, std=0.2887, mean_l2=10.1454, median_l2=10.1293, mean_abs=0.3439, max_abs=2.4607
Epoch 18/30 | Train Loss: 2.2121 (Fused: 2.2121) | Train C-index: 0.8900 | Val Fused: 0.7237 | Val CT: 0.4636 | Val PA: 0.4437
Feature stats | CT: mean=0.5546, std=0.5286, mean_l2=17.3342, median_l2=17.3190, mean_abs=0.5546, max_abs=3.5962 | PA: mean=0.3429, std=0.2866, mean_l2=10.0966, median_l2=10.0690, mean_abs=0.3429, max_abs=2.4251
Epoch 19/30 | Train Loss: 2.2178 (Fused: 2.2178) | Train C-index: 0.8953 | Val Fused: 0.7260 | Val CT: 0.4712 | Val PA: 0.4510
Feature stats | CT: mean=0.5434, std=0.5147, mean_l2=16.9352, median_l2=16.9078, mean_abs=0.5434, max_abs=3.4813 | PA: mean=0.3414, std=0.2887, mean_l2=10.1016, median_l2=10.0633, mean_abs=0.3414, max_abs=2.3676
Epoch 20/30 | Train Loss: 2.2173 (Fused: 2.2173) | Train C-index: 0.8859 | Val Fused: 0.7276 | Val CT: 0.4168 | Val PA: 0.4407
Feature stats | CT: mean=0.5435, std=0.5235, mean_l2=17.0729, median_l2=17.0483, mean_abs=0.5435, max_abs=3.8709 | PA: mean=0.3382, std=0.2860, mean_l2=10.0078, median_l2=9.9872, mean_abs=0.3382, max_abs=2.3115
Epoch 21/30 | Train Loss: 2.0965 (Fused: 2.0965) | Train C-index: 0.9111 | Val Fused: 0.7306 | Val CT: 0.4370 | Val PA: 0.4327
Feature stats | CT: mean=0.5305, std=0.5065, mean_l2=16.5955, median_l2=16.5721, mean_abs=0.5305, max_abs=3.7255 | PA: mean=0.3378, std=0.2878, mean_l2=10.0263, median_l2=10.0019, mean_abs=0.3378, max_abs=2.3177
Early stopping at epoch 21
Fold 3 best C-index: 0.7459

Extra survival metrics:
cutoff_from_train_median: -1.109335
n_test: 112
n_high_risk: 51
n_low_risk: 61
n_event_test: 38
logrank_stat: 13.808763
logrank_p: 0.000202
auc_36m: 0.793242
auc_60m: 0.722907
HR_high_vs_low: 3.510994
HR_95CI_lower: 1.734691
HR_95CI_upper: 7.106209
cox_p: 0.000481

==================================================
Fold 5/5
==================================================
[ResNetCox] Loaded pretrained from /home/gly001/cqj/pa_ct_surv/model/ct_pretrain/resnet_18_23dataset.pth
  Missing keys (ok): ['fc.weight', 'fc.bias']
Epoch 1/30 | Train Loss: 3.3251 (Fused: 3.3251) | Train C-index: 0.5320 | Val Fused: 0.6477 | Val CT: 0.4104 | Val PA: 0.4215
Feature stats | CT: mean=0.8605, std=0.8781, mean_l2=27.8167, median_l2=27.7670, mean_abs=0.8605, max_abs=6.6295 | PA: mean=0.2760, std=0.2203, mean_l2=7.9830, median_l2=7.9561, mean_abs=0.2760, max_abs=1.7991
Epoch 2/30 | Train Loss: 3.2170 (Fused: 3.2170) | Train C-index: 0.6657 | Val Fused: 0.6437 | Val CT: 0.4151 | Val PA: 0.3745
Feature stats | CT: mean=0.8651, std=0.8786, mean_l2=27.8975, median_l2=27.8747, mean_abs=0.8651, max_abs=6.4077 | PA: mean=0.2819, std=0.2329, mean_l2=8.2639, median_l2=8.2286, mean_abs=0.2819, max_abs=2.0543
Epoch 3/30 | Train Loss: 3.0537 (Fused: 3.0537) | Train C-index: 0.7278 | Val Fused: 0.6464 | Val CT: 0.4148 | Val PA: 0.3546
Feature stats | CT: mean=0.8266, std=0.8323, mean_l2=26.5338, median_l2=26.5727, mean_abs=0.8266, max_abs=6.1745 | PA: mean=0.2934, std=0.2493, mean_l2=8.6940, median_l2=8.6298, mean_abs=0.2934, max_abs=2.2247
Epoch 4/30 | Train Loss: 2.9597 (Fused: 2.9597) | Train C-index: 0.7505 | Val Fused: 0.6565 | Val CT: 0.4037 | Val PA: 0.3472
Feature stats | CT: mean=0.7871, std=0.7817, mean_l2=25.0960, median_l2=25.0510, mean_abs=0.7871, max_abs=5.5584 | PA: mean=0.3048, std=0.2613, mean_l2=9.0618, median_l2=8.9937, mean_abs=0.3048, max_abs=2.5095
Epoch 5/30 | Train Loss: 2.9550 (Fused: 2.9550) | Train C-index: 0.7577 | Val Fused: 0.6575 | Val CT: 0.4037 | Val PA: 0.3469
Feature stats | CT: mean=0.7430, std=0.7370, mean_l2=23.6737, median_l2=23.6634, mean_abs=0.7430, max_abs=5.2253 | PA: mean=0.3120, std=0.2674, mean_l2=9.2749, median_l2=9.1783, mean_abs=0.3120, max_abs=2.6363
Epoch 6/30 | Train Loss: 3.1263 (Fused: 3.1263) | Train C-index: 0.7680 | Val Fused: 0.6578 | Val CT: 0.4141 | Val PA: 0.3523
Feature stats | CT: mean=0.7073, std=0.7050, mean_l2=22.5942, median_l2=22.5842, mean_abs=0.7073, max_abs=4.6317 | PA: mean=0.3162, std=0.2716, mean_l2=9.4078, median_l2=9.3054, mean_abs=0.3162, max_abs=2.7067
Epoch 7/30 | Train Loss: 2.8681 (Fused: 2.8681) | Train C-index: 0.7847 | Val Fused: 0.6622 | Val CT: 0.4403 | Val PA: 0.3566
Feature stats | CT: mean=0.6942, std=0.6955, mean_l2=22.2332, median_l2=22.2222, mean_abs=0.6942, max_abs=4.2106 | PA: mean=0.3206, std=0.2752, mean_l2=9.5375, median_l2=9.4745, mean_abs=0.3206, max_abs=2.7325
Epoch 8/30 | Train Loss: 2.8223 (Fused: 2.8223) | Train C-index: 0.7853 | Val Fused: 0.6632 | Val CT: 0.4077 | Val PA: 0.3550
Feature stats | CT: mean=0.6778, std=0.6745, mean_l2=21.6356, median_l2=21.6192, mean_abs=0.6778, max_abs=3.9904 | PA: mean=0.3285, std=0.2820, mean_l2=9.7703, median_l2=9.7052, mean_abs=0.3285, max_abs=2.8667
Epoch 9/30 | Train Loss: 2.7780 (Fused: 2.7780) | Train C-index: 0.7956 | Val Fused: 0.6669 | Val CT: 0.3886 | Val PA: 0.3523
Feature stats | CT: mean=0.6671, std=0.6555, mean_l2=21.1612, median_l2=21.1341, mean_abs=0.6671, max_abs=3.9264 | PA: mean=0.3352, std=0.2878, mean_l2=9.9692, median_l2=9.9176, mean_abs=0.3352, max_abs=2.9762
Epoch 10/30 | Train Loss: 2.7135 (Fused: 2.7135) | Train C-index: 0.8087 | Val Fused: 0.6719 | Val CT: 0.3933 | Val PA: 0.3533
Feature stats | CT: mean=0.6487, std=0.6327, mean_l2=20.5017, median_l2=20.4636, mean_abs=0.6487, max_abs=3.9614 | PA: mean=0.3386, std=0.2913, mean_l2=10.0804, median_l2=10.0204, mean_abs=0.3386, max_abs=2.9875
Epoch 11/30 | Train Loss: 2.6915 (Fused: 2.6915) | Train C-index: 0.8182 | Val Fused: 0.6766 | Val CT: 0.3876 | Val PA: 0.3613
Feature stats | CT: mean=0.6342, std=0.6212, mean_l2=20.0863, median_l2=20.0680, mean_abs=0.6342, max_abs=3.9813 | PA: mean=0.3417, std=0.2937, mean_l2=10.1678, median_l2=10.0989, mean_abs=0.3417, max_abs=2.9250
Epoch 12/30 | Train Loss: 2.6182 (Fused: 2.6182) | Train C-index: 0.8362 | Val Fused: 0.6743 | Val CT: 0.3960 | Val PA: 0.3704
Feature stats | CT: mean=0.6265, std=0.6130, mean_l2=19.8317, median_l2=19.8108, mean_abs=0.6265, max_abs=3.9493 | PA: mean=0.3467, std=0.2963, mean_l2=10.2943, median_l2=10.2681, mean_abs=0.3467, max_abs=2.8789
Epoch 13/30 | Train Loss: 2.5115 (Fused: 2.5115) | Train C-index: 0.8492 | Val Fused: 0.6850 | Val CT: 0.3987 | Val PA: 0.3583
Feature stats | CT: mean=0.6142, std=0.5951, mean_l2=19.3491, median_l2=19.3160, mean_abs=0.6142, max_abs=3.8198 | PA: mean=0.3487, std=0.2998, mean_l2=10.3763, median_l2=10.3511, mean_abs=0.3487, max_abs=2.8035
Epoch 14/30 | Train Loss: 2.4577 (Fused: 2.4577) | Train C-index: 0.8566 | Val Fused: 0.6830 | Val CT: 0.3939 | Val PA: 0.3459
Feature stats | CT: mean=0.5982, std=0.5757, mean_l2=18.7860, median_l2=18.7709, mean_abs=0.5982, max_abs=3.8287 | PA: mean=0.3498, std=0.2969, mean_l2=10.3544, median_l2=10.3271, mean_abs=0.3498, max_abs=2.8219
Epoch 15/30 | Train Loss: 2.3710 (Fused: 2.3710) | Train C-index: 0.8797 | Val Fused: 0.6790 | Val CT: 0.3892 | Val PA: 0.3452
Feature stats | CT: mean=0.5875, std=0.5627, mean_l2=18.4062, median_l2=18.3861, mean_abs=0.5875, max_abs=3.8498 | PA: mean=0.3502, std=0.2973, mean_l2=10.3656, median_l2=10.3439, mean_abs=0.3502, max_abs=2.8092
Epoch 16/30 | Train Loss: 2.2783 (Fused: 2.2783) | Train C-index: 0.8848 | Val Fused: 0.6716 | Val CT: 0.3929 | Val PA: 0.3513
Feature stats | CT: mean=0.5839, std=0.5631, mean_l2=18.3543, median_l2=18.3312, mean_abs=0.5839, max_abs=3.8886 | PA: mean=0.3500, std=0.2947, mean_l2=10.3257, median_l2=10.2931, mean_abs=0.3500, max_abs=2.8006
Epoch 17/30 | Train Loss: 2.2348 (Fused: 2.2348) | Train C-index: 0.8900 | Val Fused: 0.6746 | Val CT: 0.3950 | Val PA: 0.3536
Feature stats | CT: mean=0.5710, std=0.5446, mean_l2=17.8540, median_l2=17.8429, mean_abs=0.5710, max_abs=3.8412 | PA: mean=0.3507, std=0.2983, mean_l2=10.3904, median_l2=10.3652, mean_abs=0.3507, max_abs=2.7415
Epoch 18/30 | Train Loss: 2.1169 (Fused: 2.1169) | Train C-index: 0.9091 | Val Fused: 0.6649 | Val CT: 0.3946 | Val PA: 0.3570
Feature stats | CT: mean=0.5564, std=0.5285, mean_l2=17.3636, median_l2=17.3429, mean_abs=0.5564, max_abs=3.8669 | PA: mean=0.3516, std=0.2977, mean_l2=10.3980, median_l2=10.3797, mean_abs=0.3516, max_abs=2.6629
Epoch 19/30 | Train Loss: 2.0503 (Fused: 2.0503) | Train C-index: 0.9128 | Val Fused: 0.6703 | Val CT: 0.4034 | Val PA: 0.3607
Feature stats | CT: mean=0.5531, std=0.5296, mean_l2=17.3269, median_l2=17.2931, mean_abs=0.5531, max_abs=3.8710 | PA: mean=0.3509, std=0.3007, mean_l2=10.4296, median_l2=10.4126, mean_abs=0.3509, max_abs=2.6230
Epoch 20/30 | Train Loss: 1.9980 (Fused: 1.9980) | Train C-index: 0.9228 | Val Fused: 0.6491 | Val CT: 0.4101 | Val PA: 0.3573
Feature stats | CT: mean=0.5464, std=0.5257, mean_l2=17.1572, median_l2=17.1402, mean_abs=0.5464, max_abs=3.8061 | PA: mean=0.3499, std=0.3003, mean_l2=10.4055, median_l2=10.3950, mean_abs=0.3499, max_abs=2.5648
Epoch 21/30 | Train Loss: 1.9305 (Fused: 1.9305) | Train C-index: 0.9319 | Val Fused: 0.6511 | Val CT: 0.4077 | Val PA: 0.3570
Feature stats | CT: mean=0.5350, std=0.5141, mean_l2=16.7875, median_l2=16.7728, mean_abs=0.5350, max_abs=3.8800 | PA: mean=0.3469, std=0.2953, mean_l2=10.2830, median_l2=10.2523, mean_abs=0.3469, max_abs=2.5413
Epoch 22/30 | Train Loss: 1.9047 (Fused: 1.9047) | Train C-index: 0.9295 | Val Fused: 0.6467 | Val CT: 0.4020 | Val PA: 0.3647
Feature stats | CT: mean=0.5305, std=0.5069, mean_l2=16.6019, median_l2=16.5764, mean_abs=0.5305, max_abs=3.7157 | PA: mean=0.3449, std=0.2958, mean_l2=10.2533, median_l2=10.2508, mean_abs=0.3449, max_abs=2.5597
Epoch 23/30 | Train Loss: 1.7930 (Fused: 1.7930) | Train C-index: 0.9384 | Val Fused: 0.6511 | Val CT: 0.4020 | Val PA: 0.3624
Feature stats | CT: mean=0.5239, std=0.5019, mean_l2=16.4158, median_l2=16.3755, mean_abs=0.5239, max_abs=3.7260 | PA: mean=0.3423, std=0.2953, mean_l2=10.2033, median_l2=10.1938, mean_abs=0.3423, max_abs=2.5888
Early stopping at epoch 23
Fold 4 best C-index: 0.6850

Extra survival metrics:
cutoff_from_train_median: -1.466652
n_test: 112
n_high_risk: 65
n_low_risk: 47
n_event_test: 38
logrank_stat: 6.671691
logrank_p: 0.009796
auc_36m: 0.762388
auc_60m: 0.686429
HR_high_vs_low: 2.513293
HR_95CI_lower: 1.217836
HR_95CI_upper: 5.186779
cox_p: 0.012664

==================================================
5-Fold CV Summary
==================================================
  C-index: 0.7348 +/- 0.0329
