Using Device: cuda | ROI: 64
PA: abmil | CT: resnet18 | Fusion: bilinear | Fusion dropout: 0.5 | Norm: none | CT/PA dropout: 0.0 | CT augmentation: disabled
LR: 0.0001 | CT Backbone LR: 1e-05
Loss: Fused Cox + 0.5*CT + 0.3*PA
CT pretrained: /home/gly001/cqj/pa_ct_surv/model/ct_pretrain/resnet_18_23dataset.pth
Checkpoints: /home/gly001/cqj/pa_ct_surv/checkpoints/pact_v4/pact/roi64_abmil_resnet18_bilinear_normnone_fusion_dropout0.5_epochs30_coxbs64_lr1e-4_blr1e-5_wd5e-4_lct0.5_lpa0.3_seed42
Results: /home/gly001/cqj/pa_ct_surv/results/pact_v4/pact/roi64_abmil_resnet18_bilinear_normnone_fusion_dropout0.5_epochs30_coxbs64_lr1e-4_blr1e-5_wd5e-4_lct0.5_lpa0.3_seed42
Loaded 703 paired samples
Locked split: train=562, test=141
Test set is not accessed during CV

==================================================
Fold 1/5
==================================================
[ResNetCox] Loaded pretrained from /home/gly001/cqj/pa_ct_surv/model/ct_pretrain/resnet_18_23dataset.pth
  Missing keys (ok): ['fc.weight', 'fc.bias']
Epoch 1/30 | Train Loss: 5.8376 (Fused: 3.2721) | Train C-index: 0.5020 | Val Fused: 0.6604 | Val CT: 0.3641 | Val PA: 0.6524
Feature stats | CT: mean=0.8524, std=0.8716, mean_l2=27.5841, median_l2=27.5766, mean_abs=0.8524, max_abs=6.5793 | PA: mean=0.2766, std=0.2203, mean_l2=7.9962, median_l2=7.9757, mean_abs=0.2766, max_abs=1.9011
Epoch 2/30 | Train Loss: 5.8908 (Fused: 3.3185) | Train C-index: 0.5134 | Val Fused: 0.7324 | Val CT: 0.4979 | Val PA: 0.7069
Feature stats | CT: mean=0.8433, std=0.8689, mean_l2=27.3963, median_l2=27.3714, mean_abs=0.8433, max_abs=6.1114 | PA: mean=0.2795, std=0.2271, mean_l2=8.1418, median_l2=8.1164, mean_abs=0.2795, max_abs=2.1612
Epoch 3/30 | Train Loss: 5.7904 (Fused: 3.2280) | Train C-index: 0.5960 | Val Fused: 0.7216 | Val CT: 0.6034 | Val PA: 0.7219
Feature stats | CT: mean=0.8298, std=0.8669, mean_l2=27.1525, median_l2=27.1117, mean_abs=0.8298, max_abs=6.0068 | PA: mean=0.2833, std=0.2332, mean_l2=8.2956, median_l2=8.3051, mean_abs=0.2833, max_abs=2.2816
Epoch 4/30 | Train Loss: 5.7980 (Fused: 3.2659) | Train C-index: 0.5628 | Val Fused: 0.7311 | Val CT: 0.6190 | Val PA: 0.7362
Feature stats | CT: mean=0.8364, std=0.8746, mean_l2=27.3807, median_l2=27.3452, mean_abs=0.8364, max_abs=5.9740 | PA: mean=0.2862, std=0.2399, mean_l2=8.4410, median_l2=8.4186, mean_abs=0.2862, max_abs=2.4156
Epoch 5/30 | Train Loss: 5.7399 (Fused: 3.1919) | Train C-index: 0.6422 | Val Fused: 0.7232 | Val CT: 0.6257 | Val PA: 0.7391
Feature stats | CT: mean=0.8406, std=0.8818, mean_l2=27.5624, median_l2=27.5093, mean_abs=0.8406, max_abs=5.8050 | PA: mean=0.2882, std=0.2448, mean_l2=8.5464, median_l2=8.5258, mean_abs=0.2882, max_abs=2.4226
Epoch 6/30 | Train Loss: 5.6396 (Fused: 3.1281) | Train C-index: 0.6614 | Val Fused: 0.7318 | Val CT: 0.6314 | Val PA: 0.7404
Feature stats | CT: mean=0.8632, std=0.9068, mean_l2=28.3219, median_l2=28.2600, mean_abs=0.8632, max_abs=5.8911 | PA: mean=0.2896, std=0.2471, mean_l2=8.6046, median_l2=8.5695, mean_abs=0.2896, max_abs=2.4580
Epoch 7/30 | Train Loss: 5.5032 (Fused: 2.9982) | Train C-index: 0.7226 | Val Fused: 0.7397 | Val CT: 0.6330 | Val PA: 0.7423
Feature stats | CT: mean=0.8689, std=0.9201, mean_l2=28.6243, median_l2=28.5040, mean_abs=0.8689, max_abs=5.9351 | PA: mean=0.2906, std=0.2500, mean_l2=8.6631, median_l2=8.6255, mean_abs=0.2906, max_abs=2.4370
Epoch 8/30 | Train Loss: 5.4605 (Fused: 2.9670) | Train C-index: 0.7318 | Val Fused: 0.7413 | Val CT: 0.6330 | Val PA: 0.7471
Feature stats | CT: mean=0.8620, std=0.9160, mean_l2=28.4411, median_l2=28.2335, mean_abs=0.8620, max_abs=5.9894 | PA: mean=0.2923, std=0.2548, mean_l2=8.7636, median_l2=8.7425, mean_abs=0.2923, max_abs=2.4634
Epoch 9/30 | Train Loss: 5.3827 (Fused: 2.9020) | Train C-index: 0.7644 | Val Fused: 0.7286 | Val CT: 0.6403 | Val PA: 0.7464
Feature stats | CT: mean=0.8602, std=0.9130, mean_l2=28.3459, median_l2=28.0490, mean_abs=0.8602, max_abs=6.2149 | PA: mean=0.2943, std=0.2602, mean_l2=8.8793, median_l2=8.8504, mean_abs=0.2943, max_abs=2.3754
Epoch 10/30 | Train Loss: 5.3169 (Fused: 2.8479) | Train C-index: 0.7805 | Val Fused: 0.7187 | Val CT: 0.6496 | Val PA: 0.7474
Feature stats | CT: mean=0.8779, std=0.9278, mean_l2=28.8372, median_l2=28.4403, mean_abs=0.8779, max_abs=6.5639 | PA: mean=0.2964, std=0.2638, mean_l2=8.9663, median_l2=8.9200, mean_abs=0.2964, max_abs=2.3418
Epoch 11/30 | Train Loss: 5.3335 (Fused: 2.8858) | Train C-index: 0.7579 | Val Fused: 0.7254 | Val CT: 0.6626 | Val PA: 0.7493
Feature stats | CT: mean=0.9278, std=0.9671, mean_l2=30.2585, median_l2=30.0453, mean_abs=0.9278, max_abs=6.7112 | PA: mean=0.2979, std=0.2660, mean_l2=9.0259, median_l2=9.0105, mean_abs=0.2979, max_abs=2.3379
Epoch 12/30 | Train Loss: 5.2344 (Fused: 2.7891) | Train C-index: 0.7867 | Val Fused: 0.7518 | Val CT: 0.6658 | Val PA: 0.7557
Feature stats | CT: mean=0.9193, std=0.9607, mean_l2=29.9973, median_l2=29.8709, mean_abs=0.9193, max_abs=6.7707 | PA: mean=0.2991, std=0.2684, mean_l2=9.0802, median_l2=9.0500, mean_abs=0.2991, max_abs=2.4207
Epoch 13/30 | Train Loss: 5.2641 (Fused: 2.8320) | Train C-index: 0.7726 | Val Fused: 0.7365 | Val CT: 0.6754 | Val PA: 0.7553
Feature stats | CT: mean=0.8938, std=0.9407, mean_l2=29.2670, median_l2=28.8578, mean_abs=0.8938, max_abs=6.6802 | PA: mean=0.3000, std=0.2707, mean_l2=9.1306, median_l2=9.1271, mean_abs=0.3000, max_abs=2.4894
Epoch 14/30 | Train Loss: 5.2561 (Fused: 2.8174) | Train C-index: 0.7851 | Val Fused: 0.6916 | Val CT: 0.6719 | Val PA: 0.7544
Feature stats | CT: mean=0.9224, std=0.9641, mean_l2=30.1074, median_l2=29.8066, mean_abs=0.9224, max_abs=6.7976 | PA: mean=0.2998, std=0.2721, mean_l2=9.1465, median_l2=9.1093, mean_abs=0.2998, max_abs=2.5893
Epoch 15/30 | Train Loss: 5.1278 (Fused: 2.6984) | Train C-index: 0.8124 | Val Fused: 0.7203 | Val CT: 0.6805 | Val PA: 0.7509
Feature stats | CT: mean=0.9455, std=0.9792, mean_l2=30.7274, median_l2=30.7537, mean_abs=0.9455, max_abs=7.0410 | PA: mean=0.2990, std=0.2722, mean_l2=9.1344, median_l2=9.1115, mean_abs=0.2990, max_abs=2.6423
Epoch 16/30 | Train Loss: 5.0010 (Fused: 2.5798) | Train C-index: 0.8327 | Val Fused: 0.7031 | Val CT: 0.6840 | Val PA: 0.7515
Feature stats | CT: mean=0.9908, std=1.0288, mean_l2=32.1828, median_l2=32.0805, mean_abs=0.9908, max_abs=7.5428 | PA: mean=0.2981, std=0.2731, mean_l2=9.1326, median_l2=9.0915, mean_abs=0.2981, max_abs=2.6230
Epoch 17/30 | Train Loss: 4.8729 (Fused: 2.4706) | Train C-index: 0.8523 | Val Fused: 0.7177 | Val CT: 0.6719 | Val PA: 0.7550
Feature stats | CT: mean=0.9871, std=1.0248, mean_l2=32.0634, median_l2=31.9665, mean_abs=0.9871, max_abs=7.5514 | PA: mean=0.2977, std=0.2717, mean_l2=9.1048, median_l2=9.0693, mean_abs=0.2977, max_abs=2.6233
Epoch 18/30 | Train Loss: 4.9136 (Fused: 2.5060) | Train C-index: 0.8359 | Val Fused: 0.7193 | Val CT: 0.6891 | Val PA: 0.7544
Feature stats | CT: mean=0.8843, std=0.9243, mean_l2=28.7960, median_l2=28.4726, mean_abs=0.8843, max_abs=7.2852 | PA: mean=0.2980, std=0.2725, mean_l2=9.1219, median_l2=9.0909, mean_abs=0.2980, max_abs=2.6491
Epoch 19/30 | Train Loss: 4.8863 (Fused: 2.4730) | Train C-index: 0.8137 | Val Fused: 0.7238 | Val CT: 0.6588 | Val PA: 0.7563
Feature stats | CT: mean=0.8506, std=0.8785, mean_l2=27.5884, median_l2=27.3156, mean_abs=0.8506, max_abs=6.5404 | PA: mean=0.2969, std=0.2720, mean_l2=9.0977, median_l2=9.0649, mean_abs=0.2969, max_abs=2.6025
Epoch 20/30 | Train Loss: 4.7553 (Fused: 2.3576) | Train C-index: 0.8709 | Val Fused: 0.6770 | Val CT: 0.6951 | Val PA: 0.7518
Feature stats | CT: mean=0.9025, std=0.9296, mean_l2=29.2139, median_l2=28.9281, mean_abs=0.9025, max_abs=7.1376 | PA: mean=0.2957, std=0.2737, mean_l2=9.0999, median_l2=9.0552, mean_abs=0.2957, max_abs=2.6239
Epoch 21/30 | Train Loss: 4.6989 (Fused: 2.3194) | Train C-index: 0.8652 | Val Fused: 0.7018 | Val CT: 0.6888 | Val PA: 0.7525
Feature stats | CT: mean=0.9168, std=0.9534, mean_l2=29.7986, median_l2=29.3355, mean_abs=0.9168, max_abs=7.4042 | PA: mean=0.2947, std=0.2754, mean_l2=9.1098, median_l2=9.0777, mean_abs=0.2947, max_abs=2.6289
Epoch 22/30 | Train Loss: 4.6107 (Fused: 2.2344) | Train C-index: 0.8800 | Val Fused: 0.7149 | Val CT: 0.6910 | Val PA: 0.7541
Feature stats | CT: mean=0.9633, std=0.9922, mean_l2=31.1857, median_l2=31.2105, mean_abs=0.9633, max_abs=7.6983 | PA: mean=0.2935, std=0.2748, mean_l2=9.0807, median_l2=9.0461, mean_abs=0.2935, max_abs=2.6067
Early stopping at epoch 22
Fold 0 best C-index: 0.7518

Extra survival metrics:
cutoff_from_train_median: -0.079002
n_test: 113
n_high_risk: 57
n_low_risk: 56
n_event_test: 38
logrank_stat: 21.613161
logrank_p: 0.000003
auc_36m: 0.780353
auc_60m: 0.806183
HR_high_vs_low: 5.291483
HR_95CI_lower: 2.416989
HR_95CI_upper: 11.584576
cox_p: 0.000031

==================================================
Fold 2/5
==================================================
[ResNetCox] Loaded pretrained from /home/gly001/cqj/pa_ct_surv/model/ct_pretrain/resnet_18_23dataset.pth
  Missing keys (ok): ['fc.weight', 'fc.bias']
Epoch 1/30 | Train Loss: 5.9685 (Fused: 3.3719) | Train C-index: 0.4958 | Val Fused: 0.5670 | Val CT: 0.4824 | Val PA: 0.6711
Feature stats | CT: mean=0.8446, std=0.8651, mean_l2=27.3536, median_l2=27.2897, mean_abs=0.8446, max_abs=6.6042 | PA: mean=0.2761, std=0.2173, mean_l2=7.9438, median_l2=7.9258, mean_abs=0.2761, max_abs=1.8124
Epoch 2/30 | Train Loss: 5.9785 (Fused: 3.3778) | Train C-index: 0.5122 | Val Fused: 0.6783 | Val CT: 0.5815 | Val PA: 0.7316
Feature stats | CT: mean=0.8665, std=0.8870, mean_l2=28.0548, median_l2=28.0208, mean_abs=0.8665, max_abs=6.7697 | PA: mean=0.2787, std=0.2251, mean_l2=8.0999, median_l2=8.0714, mean_abs=0.2787, max_abs=1.9349
Epoch 3/30 | Train Loss: 5.8642 (Fused: 3.2799) | Train C-index: 0.5546 | Val Fused: 0.7323 | Val CT: 0.6134 | Val PA: 0.7425
Feature stats | CT: mean=0.9043, std=0.9195, mean_l2=29.1774, median_l2=29.1448, mean_abs=0.9043, max_abs=6.8817 | PA: mean=0.2813, std=0.2334, mean_l2=8.2628, median_l2=8.2340, mean_abs=0.2813, max_abs=2.0655
Epoch 4/30 | Train Loss: 5.8504 (Fused: 3.2825) | Train C-index: 0.5684 | Val Fused: 0.7442 | Val CT: 0.6266 | Val PA: 0.7465
Feature stats | CT: mean=0.9138, std=0.9256, mean_l2=29.4244, median_l2=29.3918, mean_abs=0.9138, max_abs=6.7682 | PA: mean=0.2840, std=0.2397, mean_l2=8.3992, median_l2=8.3655, mean_abs=0.2840, max_abs=2.1406
Epoch 5/30 | Train Loss: 5.7643 (Fused: 3.2056) | Train C-index: 0.6208 | Val Fused: 0.7570 | Val CT: 0.6322 | Val PA: 0.7517
Feature stats | CT: mean=0.9016, std=0.9139, mean_l2=29.0393, median_l2=28.9705, mean_abs=0.9016, max_abs=6.5367 | PA: mean=0.2860, std=0.2446, mean_l2=8.5063, median_l2=8.4557, mean_abs=0.2860, max_abs=2.1565
Epoch 6/30 | Train Loss: 5.6716 (Fused: 3.1322) | Train C-index: 0.6679 | Val Fused: 0.7600 | Val CT: 0.6408 | Val PA: 0.7521
Feature stats | CT: mean=0.8869, std=0.9000, mean_l2=28.5759, median_l2=28.4611, mean_abs=0.8869, max_abs=6.4558 | PA: mean=0.2875, std=0.2467, mean_l2=8.5637, median_l2=8.5295, mean_abs=0.2875, max_abs=2.0659
Epoch 7/30 | Train Loss: 5.6076 (Fused: 3.0806) | Train C-index: 0.6824 | Val Fused: 0.7616 | Val CT: 0.6483 | Val PA: 0.7573
Feature stats | CT: mean=0.8816, std=0.8946, mean_l2=28.3934, median_l2=28.2137, mean_abs=0.8816, max_abs=6.3688 | PA: mean=0.2888, std=0.2516, mean_l2=8.6561, median_l2=8.5989, mean_abs=0.2888, max_abs=2.0981
Epoch 8/30 | Train Loss: 5.6232 (Fused: 3.1158) | Train C-index: 0.6988 | Val Fused: 0.7527 | Val CT: 0.6513 | Val PA: 0.7596
Feature stats | CT: mean=0.9026, std=0.9130, mean_l2=28.9942, median_l2=28.7176, mean_abs=0.9026, max_abs=6.4227 | PA: mean=0.2904, std=0.2548, mean_l2=8.7312, median_l2=8.6569, mean_abs=0.2904, max_abs=2.0808
Epoch 9/30 | Train Loss: 5.5233 (Fused: 3.0130) | Train C-index: 0.7389 | Val Fused: 0.7534 | Val CT: 0.6579 | Val PA: 0.7600
Feature stats | CT: mean=0.9738, std=0.9890, mean_l2=31.2928, median_l2=30.8278, mean_abs=0.9738, max_abs=6.8040 | PA: mean=0.2928, std=0.2575, mean_l2=8.8135, median_l2=8.7541, mean_abs=0.2928, max_abs=2.0762
Epoch 10/30 | Train Loss: 5.4017 (Fused: 2.9184) | Train C-index: 0.7530 | Val Fused: 0.7498 | Val CT: 0.6622 | Val PA: 0.7606
Feature stats | CT: mean=1.0183, std=1.0444, mean_l2=32.8367, median_l2=32.4292, mean_abs=1.0183, max_abs=7.0762 | PA: mean=0.2939, std=0.2599, mean_l2=8.8681, median_l2=8.8072, mean_abs=0.2939, max_abs=2.1470
Epoch 11/30 | Train Loss: 5.3773 (Fused: 2.9073) | Train C-index: 0.7591 | Val Fused: 0.7382 | Val CT: 0.6701 | Val PA: 0.7629
Feature stats | CT: mean=1.0060, std=1.0338, mean_l2=32.4523, median_l2=32.0345, mean_abs=1.0060, max_abs=7.0867 | PA: mean=0.2957, std=0.2619, mean_l2=8.9275, median_l2=8.8886, mean_abs=0.2957, max_abs=2.1680
Epoch 12/30 | Train Loss: 5.2582 (Fused: 2.7940) | Train C-index: 0.7863 | Val Fused: 0.7428 | Val CT: 0.6846 | Val PA: 0.7649
Feature stats | CT: mean=1.0194, std=1.0460, mean_l2=32.9029, median_l2=32.6856, mean_abs=1.0194, max_abs=6.8592 | PA: mean=0.2971, std=0.2632, mean_l2=8.9705, median_l2=8.9391, mean_abs=0.2971, max_abs=2.1850
Epoch 13/30 | Train Loss: 5.2205 (Fused: 2.7687) | Train C-index: 0.7945 | Val Fused: 0.7517 | Val CT: 0.6898 | Val PA: 0.7662
Feature stats | CT: mean=0.9788, std=0.9964, mean_l2=31.4620, median_l2=31.4935, mean_abs=0.9788, max_abs=6.6072 | PA: mean=0.2992, std=0.2650, mean_l2=9.0325, median_l2=9.0026, mean_abs=0.2992, max_abs=2.1939
Epoch 14/30 | Train Loss: 5.0959 (Fused: 2.6464) | Train C-index: 0.8296 | Val Fused: 0.7478 | Val CT: 0.6934 | Val PA: 0.7675
Feature stats | CT: mean=0.9667, std=0.9807, mean_l2=31.0101, median_l2=30.9872, mean_abs=0.9667, max_abs=6.1899 | PA: mean=0.2999, std=0.2632, mean_l2=9.0178, median_l2=8.9902, mean_abs=0.2999, max_abs=2.1183
Epoch 15/30 | Train Loss: 5.0598 (Fused: 2.6247) | Train C-index: 0.8295 | Val Fused: 0.7096 | Val CT: 0.7053 | Val PA: 0.7672
Feature stats | CT: mean=1.0706, std=1.1198, mean_l2=34.7815, median_l2=34.9917, mean_abs=1.0706, max_abs=7.0107 | PA: mean=0.2997, std=0.2614, mean_l2=8.9880, median_l2=8.9600, mean_abs=0.2997, max_abs=2.0613
Epoch 16/30 | Train Loss: 4.8390 (Fused: 2.4177) | Train C-index: 0.8611 | Val Fused: 0.7395 | Val CT: 0.7139 | Val PA: 0.7672
Feature stats | CT: mean=1.0593, std=1.1048, mean_l2=34.3628, median_l2=34.3785, mean_abs=1.0593, max_abs=6.8895 | PA: mean=0.2995, std=0.2622, mean_l2=8.9954, median_l2=8.9615, mean_abs=0.2995, max_abs=2.1281
Epoch 17/30 | Train Loss: 4.8318 (Fused: 2.4021) | Train C-index: 0.8619 | Val Fused: 0.6497 | Val CT: 0.7356 | Val PA: 0.7675
Feature stats | CT: mean=0.9778, std=0.9991, mean_l2=31.4388, median_l2=31.1645, mean_abs=0.9778, max_abs=6.4567 | PA: mean=0.3000, std=0.2640, mean_l2=9.0299, median_l2=9.0186, mean_abs=0.3000, max_abs=2.1264
Early stopping at epoch 17
Fold 1 best C-index: 0.7616

Extra survival metrics:
cutoff_from_train_median: -0.958595
n_test: 113
n_high_risk: 53
n_low_risk: 60
n_event_test: 39
logrank_stat: 26.094950
logrank_p: 0.000000
auc_36m: 0.788697
auc_60m: 0.805822
HR_high_vs_low: 7.077066
HR_95CI_lower: 2.956410
HR_95CI_upper: 16.941110
cox_p: 0.000011

==================================================
Fold 3/5
==================================================
[ResNetCox] Loaded pretrained from /home/gly001/cqj/pa_ct_surv/model/ct_pretrain/resnet_18_23dataset.pth
  Missing keys (ok): ['fc.weight', 'fc.bias']
Epoch 1/30 | Train Loss: 6.0137 (Fused: 3.4060) | Train C-index: 0.4763 | Val Fused: 0.5522 | Val CT: 0.5736 | Val PA: 0.6441
Feature stats | CT: mean=0.8834, std=0.8937, mean_l2=28.4306, median_l2=28.3770, mean_abs=0.8834, max_abs=6.6311 | PA: mean=0.2777, std=0.2256, mean_l2=8.0895, median_l2=8.0744, mean_abs=0.2777, max_abs=1.9621
Epoch 2/30 | Train Loss: 6.0297 (Fused: 3.3804) | Train C-index: 0.5205 | Val Fused: 0.7078 | Val CT: 0.6431 | Val PA: 0.6715
Feature stats | CT: mean=0.8409, std=0.8557, mean_l2=27.1389, median_l2=27.1367, mean_abs=0.8409, max_abs=6.1631 | PA: mean=0.2811, std=0.2392, mean_l2=8.3432, median_l2=8.3489, mean_abs=0.2811, max_abs=2.1200
Epoch 3/30 | Train Loss: 5.9505 (Fused: 3.3503) | Train C-index: 0.5382 | Val Fused: 0.7027 | Val CT: 0.6698 | Val PA: 0.6807
Feature stats | CT: mean=0.8059, std=0.8308, mean_l2=26.1886, median_l2=26.1332, mean_abs=0.8059, max_abs=5.8328 | PA: mean=0.2839, std=0.2487, mean_l2=8.5316, median_l2=8.5370, mean_abs=0.2839, max_abs=2.2169
Epoch 4/30 | Train Loss: 5.7714 (Fused: 3.2198) | Train C-index: 0.5942 | Val Fused: 0.7007 | Val CT: 0.6773 | Val PA: 0.6847
Feature stats | CT: mean=0.8037, std=0.8313, mean_l2=26.1595, median_l2=26.1023, mean_abs=0.8037, max_abs=5.8815 | PA: mean=0.2867, std=0.2552, mean_l2=8.6759, median_l2=8.6684, mean_abs=0.2867, max_abs=2.2877
Epoch 5/30 | Train Loss: 5.8895 (Fused: 3.2805) | Train C-index: 0.6190 | Val Fused: 0.7051 | Val CT: 0.6817 | Val PA: 0.6885
Feature stats | CT: mean=0.7894, std=0.8217, mean_l2=25.7784, median_l2=25.7166, mean_abs=0.7894, max_abs=5.7825 | PA: mean=0.2893, std=0.2597, mean_l2=8.7868, median_l2=8.7703, mean_abs=0.2893, max_abs=2.2919
Epoch 6/30 | Train Loss: 5.7947 (Fused: 3.2233) | Train C-index: 0.6692 | Val Fused: 0.6939 | Val CT: 0.6783 | Val PA: 0.6908
Feature stats | CT: mean=0.7702, std=0.8111, mean_l2=25.3051, median_l2=25.2029, mean_abs=0.7702, max_abs=5.6097 | PA: mean=0.2915, std=0.2629, mean_l2=8.8703, median_l2=8.8452, mean_abs=0.2915, max_abs=2.3373
Epoch 7/30 | Train Loss: 5.5995 (Fused: 3.0749) | Train C-index: 0.7048 | Val Fused: 0.7051 | Val CT: 0.6827 | Val PA: 0.6902
Feature stats | CT: mean=0.7514, std=0.8053, mean_l2=24.9191, median_l2=24.7889, mean_abs=0.7514, max_abs=5.4324 | PA: mean=0.2944, std=0.2679, mean_l2=8.9939, median_l2=8.9615, mean_abs=0.2944, max_abs=2.2826
Epoch 8/30 | Train Loss: 5.5417 (Fused: 3.0249) | Train C-index: 0.7192 | Val Fused: 0.7047 | Val CT: 0.6854 | Val PA: 0.6915
Feature stats | CT: mean=0.7521, std=0.8071, mean_l2=24.9574, median_l2=24.7871, mean_abs=0.7521, max_abs=5.3643 | PA: mean=0.2975, std=0.2713, mean_l2=9.1001, median_l2=9.0810, mean_abs=0.2975, max_abs=2.2606
Epoch 9/30 | Train Loss: 5.5134 (Fused: 3.0124) | Train C-index: 0.7351 | Val Fused: 0.7031 | Val CT: 0.6919 | Val PA: 0.6925
Feature stats | CT: mean=0.7645, std=0.8182, mean_l2=25.3262, median_l2=25.1046, mean_abs=0.7645, max_abs=5.5794 | PA: mean=0.3002, std=0.2731, mean_l2=9.1708, median_l2=9.1407, mean_abs=0.3002, max_abs=2.2236
Epoch 10/30 | Train Loss: 5.5212 (Fused: 2.9648) | Train C-index: 0.7523 | Val Fused: 0.7000 | Val CT: 0.6908 | Val PA: 0.6932
Feature stats | CT: mean=0.7821, std=0.8325, mean_l2=25.8206, median_l2=25.4776, mean_abs=0.7821, max_abs=5.8134 | PA: mean=0.3026, std=0.2728, mean_l2=9.2072, median_l2=9.1746, mean_abs=0.3026, max_abs=2.1715
Epoch 11/30 | Train Loss: 5.4734 (Fused: 2.9906) | Train C-index: 0.7593 | Val Fused: 0.7119 | Val CT: 0.6986 | Val PA: 0.6929
Feature stats | CT: mean=0.7950, std=0.8486, mean_l2=26.2765, median_l2=25.8188, mean_abs=0.7950, max_abs=5.9560 | PA: mean=0.3042, std=0.2735, mean_l2=9.2423, median_l2=9.2088, mean_abs=0.3042, max_abs=2.1819
Epoch 12/30 | Train Loss: 5.3889 (Fused: 2.9234) | Train C-index: 0.7629 | Val Fused: 0.7122 | Val CT: 0.7041 | Val PA: 0.6949
Feature stats | CT: mean=0.8100, std=0.8602, mean_l2=26.7008, median_l2=26.3899, mean_abs=0.8100, max_abs=5.9175 | PA: mean=0.3065, std=0.2738, mean_l2=9.2874, median_l2=9.2465, mean_abs=0.3065, max_abs=2.2232
Epoch 13/30 | Train Loss: 5.2703 (Fused: 2.8172) | Train C-index: 0.7886 | Val Fused: 0.7163 | Val CT: 0.7092 | Val PA: 0.6993
Feature stats | CT: mean=0.7970, std=0.8495, mean_l2=26.3194, median_l2=25.8978, mean_abs=0.7970, max_abs=5.8019 | PA: mean=0.3072, std=0.2752, mean_l2=9.3196, median_l2=9.2954, mean_abs=0.3072, max_abs=2.2105
Epoch 14/30 | Train Loss: 5.2237 (Fused: 2.7740) | Train C-index: 0.7930 | Val Fused: 0.7092 | Val CT: 0.7078 | Val PA: 0.6990
Feature stats | CT: mean=0.8311, std=0.8737, mean_l2=27.2242, median_l2=26.8901, mean_abs=0.8311, max_abs=5.7899 | PA: mean=0.3083, std=0.2757, mean_l2=9.3455, median_l2=9.3237, mean_abs=0.3083, max_abs=2.1085
Epoch 15/30 | Train Loss: 5.1793 (Fused: 2.7395) | Train C-index: 0.7878 | Val Fused: 0.7088 | Val CT: 0.6986 | Val PA: 0.6986
Feature stats | CT: mean=0.8273, std=0.8718, mean_l2=27.1070, median_l2=26.5824, mean_abs=0.8273, max_abs=5.6954 | PA: mean=0.3092, std=0.2760, mean_l2=9.3642, median_l2=9.3550, mean_abs=0.3092, max_abs=2.1902
Epoch 16/30 | Train Loss: 5.0988 (Fused: 2.6801) | Train C-index: 0.8009 | Val Fused: 0.7183 | Val CT: 0.6725 | Val PA: 0.6997
Feature stats | CT: mean=0.8240, std=0.8645, mean_l2=26.9600, median_l2=26.7332, mean_abs=0.8240, max_abs=5.4788 | PA: mean=0.3100, std=0.2768, mean_l2=9.3899, median_l2=9.3881, mean_abs=0.3100, max_abs=2.1743
Epoch 17/30 | Train Loss: 5.0581 (Fused: 2.6410) | Train C-index: 0.8212 | Val Fused: 0.7197 | Val CT: 0.6908 | Val PA: 0.7003
Feature stats | CT: mean=0.8291, std=0.8709, mean_l2=27.1421, median_l2=27.0595, mean_abs=0.8291, max_abs=5.7554 | PA: mean=0.3103, std=0.2763, mean_l2=9.3889, median_l2=9.3730, mean_abs=0.3103, max_abs=2.2461
Epoch 18/30 | Train Loss: 5.0267 (Fused: 2.6281) | Train C-index: 0.8131 | Val Fused: 0.7034 | Val CT: 0.6854 | Val PA: 0.7024
Feature stats | CT: mean=0.7870, std=0.8429, mean_l2=26.0147, median_l2=25.0765, mean_abs=0.7870, max_abs=5.8091 | PA: mean=0.3104, std=0.2761, mean_l2=9.3866, median_l2=9.3883, mean_abs=0.3104, max_abs=2.2608
Epoch 19/30 | Train Loss: 4.9387 (Fused: 2.5082) | Train C-index: 0.8492 | Val Fused: 0.7092 | Val CT: 0.6800 | Val PA: 0.7085
Feature stats | CT: mean=0.7915, std=0.8413, mean_l2=26.0818, median_l2=25.7970, mean_abs=0.7915, max_abs=6.0615 | PA: mean=0.3097, std=0.2754, mean_l2=9.3648, median_l2=9.3624, mean_abs=0.3097, max_abs=2.2979
Epoch 20/30 | Train Loss: 4.8086 (Fused: 2.4228) | Train C-index: 0.8579 | Val Fused: 0.7373 | Val CT: 0.6925 | Val PA: 0.7102
Feature stats | CT: mean=0.8508, std=0.8990, mean_l2=27.8754, median_l2=27.2882, mean_abs=0.8508, max_abs=6.3728 | PA: mean=0.3089, std=0.2762, mean_l2=9.3610, median_l2=9.3608, mean_abs=0.3089, max_abs=2.2854
Epoch 21/30 | Train Loss: 4.7874 (Fused: 2.4198) | Train C-index: 0.8640 | Val Fused: 0.7271 | Val CT: 0.6864 | Val PA: 0.7105
Feature stats | CT: mean=0.9388, std=0.9772, mean_l2=30.5183, median_l2=30.4111, mean_abs=0.9388, max_abs=6.5222 | PA: mean=0.3075, std=0.2779, mean_l2=9.3639, median_l2=9.3553, mean_abs=0.3075, max_abs=2.2323
Epoch 22/30 | Train Loss: 4.7543 (Fused: 2.3971) | Train C-index: 0.8421 | Val Fused: 0.7122 | Val CT: 0.6939 | Val PA: 0.7153
Feature stats | CT: mean=0.9356, std=0.9730, mean_l2=30.4055, median_l2=30.4068, mean_abs=0.9356, max_abs=6.6913 | PA: mean=0.3065, std=0.2781, mean_l2=9.3509, median_l2=9.3448, mean_abs=0.3065, max_abs=2.2527
Epoch 23/30 | Train Loss: 4.6329 (Fused: 2.2670) | Train C-index: 0.8804 | Val Fused: 0.6963 | Val CT: 0.6739 | Val PA: 0.7183
Feature stats | CT: mean=0.8651, std=0.9063, mean_l2=28.2165, median_l2=27.8273, mean_abs=0.8651, max_abs=6.5037 | PA: mean=0.3060, std=0.2789, mean_l2=9.3541, median_l2=9.3416, mean_abs=0.3060, max_abs=2.2451
Epoch 24/30 | Train Loss: 4.6358 (Fused: 2.2513) | Train C-index: 0.8665 | Val Fused: 0.7264 | Val CT: 0.7064 | Val PA: 0.7176
Feature stats | CT: mean=0.8967, std=0.9321, mean_l2=29.1559, median_l2=28.9837, mean_abs=0.8967, max_abs=6.3881 | PA: mean=0.3049, std=0.2786, mean_l2=9.3305, median_l2=9.3040, mean_abs=0.3049, max_abs=2.2769
Epoch 25/30 | Train Loss: 4.6326 (Fused: 2.2548) | Train C-index: 0.8811 | Val Fused: 0.7051 | Val CT: 0.7200 | Val PA: 0.7180
Feature stats | CT: mean=0.7976, std=0.8498, mean_l2=26.2634, median_l2=25.3473, mean_abs=0.7976, max_abs=6.2440 | PA: mean=0.3033, std=0.2791, mean_l2=9.3116, median_l2=9.2768, mean_abs=0.3033, max_abs=2.2425
Epoch 26/30 | Train Loss: 4.5611 (Fused: 2.1639) | Train C-index: 0.8827 | Val Fused: 0.7186 | Val CT: 0.6692 | Val PA: 0.7210
Feature stats | CT: mean=0.7800, std=0.8276, mean_l2=25.6731, median_l2=25.2065, mean_abs=0.7800, max_abs=6.0216 | PA: mean=0.3014, std=0.2774, mean_l2=9.2542, median_l2=9.2430, mean_abs=0.3014, max_abs=2.2213
Epoch 27/30 | Train Loss: 4.5305 (Fused: 2.1750) | Train C-index: 0.8977 | Val Fused: 0.6885 | Val CT: 0.7071 | Val PA: 0.7210
Feature stats | CT: mean=0.8277, std=0.8659, mean_l2=27.0192, median_l2=26.7789, mean_abs=0.8277, max_abs=6.1223 | PA: mean=0.3004, std=0.2762, mean_l2=9.2201, median_l2=9.1997, mean_abs=0.3004, max_abs=2.2423
Epoch 28/30 | Train Loss: 4.4600 (Fused: 2.1054) | Train C-index: 0.8942 | Val Fused: 0.7031 | Val CT: 0.7010 | Val PA: 0.7203
Feature stats | CT: mean=0.8466, std=0.8887, mean_l2=27.6226, median_l2=27.1633, mean_abs=0.8466, max_abs=6.2546 | PA: mean=0.3001, std=0.2749, mean_l2=9.1947, median_l2=9.1811, mean_abs=0.3001, max_abs=2.2560
Epoch 29/30 | Train Loss: 4.2898 (Fused: 1.9602) | Train C-index: 0.9147 | Val Fused: 0.7014 | Val CT: 0.6959 | Val PA: 0.7203
Feature stats | CT: mean=0.8500, std=0.8914, mean_l2=27.7541, median_l2=27.5735, mean_abs=0.8500, max_abs=6.3889 | PA: mean=0.2994, std=0.2751, mean_l2=9.1860, median_l2=9.1688, mean_abs=0.2994, max_abs=2.2555
Epoch 30/30 | Train Loss: 4.3902 (Fused: 2.0123) | Train C-index: 0.8965 | Val Fused: 0.7363 | Val CT: 0.6898 | Val PA: 0.7227
Feature stats | CT: mean=0.8244, std=0.8713, mean_l2=27.0402, median_l2=26.7477, mean_abs=0.8244, max_abs=7.0263 | PA: mean=0.2984, std=0.2755, mean_l2=9.1738, median_l2=9.1535, mean_abs=0.2984, max_abs=2.2133
Early stopping at epoch 30
Fold 2 best C-index: 0.7373

Extra survival metrics:
cutoff_from_train_median: -1.851878
n_test: 112
n_high_risk: 64
n_low_risk: 48
n_event_test: 38
logrank_stat: 10.393152
logrank_p: 0.001265
auc_36m: 0.764027
auc_60m: 0.749500
HR_high_vs_low: 3.561146
HR_95CI_lower: 1.562837
HR_95CI_upper: 8.114573
cox_p: 0.002506

==================================================
Fold 4/5
==================================================
[ResNetCox] Loaded pretrained from /home/gly001/cqj/pa_ct_surv/model/ct_pretrain/resnet_18_23dataset.pth
  Missing keys (ok): ['fc.weight', 'fc.bias']
Epoch 1/30 | Train Loss: 6.0622 (Fused: 3.4364) | Train C-index: 0.4830 | Val Fused: 0.6047 | Val CT: 0.5543 | Val PA: 0.6683
Feature stats | CT: mean=0.8528, std=0.8798, mean_l2=27.7225, median_l2=27.7233, mean_abs=0.8528, max_abs=6.9193 | PA: mean=0.2766, std=0.2196, mean_l2=7.9857, median_l2=7.9547, mean_abs=0.2766, max_abs=1.8394
Epoch 2/30 | Train Loss: 6.1349 (Fused: 3.4791) | Train C-index: 0.4974 | Val Fused: 0.6925 | Val CT: 0.6296 | Val PA: 0.6975
Feature stats | CT: mean=0.8019, std=0.8423, mean_l2=26.3135, median_l2=26.2726, mean_abs=0.8019, max_abs=6.5117 | PA: mean=0.2804, std=0.2260, mean_l2=8.1422, median_l2=8.1083, mean_abs=0.2804, max_abs=1.9559
Epoch 3/30 | Train Loss: 6.0283 (Fused: 3.4038) | Train C-index: 0.5556 | Val Fused: 0.7058 | Val CT: 0.6425 | Val PA: 0.7041
Feature stats | CT: mean=0.8029, std=0.8409, mean_l2=26.3067, median_l2=26.2693, mean_abs=0.8029, max_abs=6.4814 | PA: mean=0.2829, std=0.2347, mean_l2=8.3108, median_l2=8.2876, mean_abs=0.2829, max_abs=1.9995
Epoch 4/30 | Train Loss: 6.1415 (Fused: 3.5037) | Train C-index: 0.5445 | Val Fused: 0.7041 | Val CT: 0.6528 | Val PA: 0.7127
Feature stats | CT: mean=0.7915, std=0.8322, mean_l2=25.9864, median_l2=25.9608, mean_abs=0.7915, max_abs=6.2071 | PA: mean=0.2856, std=0.2438, mean_l2=8.4881, median_l2=8.4713, mean_abs=0.2856, max_abs=2.0448
Epoch 5/30 | Train Loss: 5.9277 (Fused: 3.3127) | Train C-index: 0.6078 | Val Fused: 0.6832 | Val CT: 0.6567 | Val PA: 0.7131
Feature stats | CT: mean=0.7865, std=0.8349, mean_l2=25.9522, median_l2=25.9051, mean_abs=0.7865, max_abs=5.9579 | PA: mean=0.2889, std=0.2513, mean_l2=8.6542, median_l2=8.6517, mean_abs=0.2889, max_abs=2.0651
Epoch 6/30 | Train Loss: 5.9137 (Fused: 3.3488) | Train C-index: 0.5837 | Val Fused: 0.7058 | Val CT: 0.6584 | Val PA: 0.7137
Feature stats | CT: mean=0.7850, std=0.8342, mean_l2=25.9152, median_l2=25.8316, mean_abs=0.7850, max_abs=5.8991 | PA: mean=0.2920, std=0.2568, mean_l2=8.7879, median_l2=8.7726, mean_abs=0.2920, max_abs=2.1944
Epoch 7/30 | Train Loss: 5.7123 (Fused: 3.1397) | Train C-index: 0.6800 | Val Fused: 0.7104 | Val CT: 0.6614 | Val PA: 0.7131
Feature stats | CT: mean=0.7898, std=0.8399, mean_l2=26.0809, median_l2=25.9689, mean_abs=0.7898, max_abs=5.7761 | PA: mean=0.2945, std=0.2611, mean_l2=8.8955, median_l2=8.8739, mean_abs=0.2945, max_abs=2.2184
Epoch 8/30 | Train Loss: 5.6179 (Fused: 3.0991) | Train C-index: 0.7010 | Val Fused: 0.7068 | Val CT: 0.6647 | Val PA: 0.7114
Feature stats | CT: mean=0.7952, std=0.8470, mean_l2=26.2749, median_l2=26.0915, mean_abs=0.7952, max_abs=5.8787 | PA: mean=0.2967, std=0.2650, mean_l2=8.9903, median_l2=8.9625, mean_abs=0.2967, max_abs=2.2279
Epoch 9/30 | Train Loss: 5.5491 (Fused: 3.0036) | Train C-index: 0.7420 | Val Fused: 0.7078 | Val CT: 0.6677 | Val PA: 0.7104
Feature stats | CT: mean=0.8344, std=0.8785, mean_l2=27.3849, median_l2=27.1391, mean_abs=0.8344, max_abs=6.0236 | PA: mean=0.2984, std=0.2673, mean_l2=9.0542, median_l2=9.0431, mean_abs=0.2984, max_abs=2.2097
Epoch 10/30 | Train Loss: 5.5142 (Fused: 3.0130) | Train C-index: 0.7398 | Val Fused: 0.7101 | Val CT: 0.6673 | Val PA: 0.7121
Feature stats | CT: mean=0.8238, std=0.8707, mean_l2=27.0760, median_l2=26.6364, mean_abs=0.8238, max_abs=6.0262 | PA: mean=0.2995, std=0.2696, mean_l2=9.1072, median_l2=9.0828, mean_abs=0.2995, max_abs=2.1765
Epoch 11/30 | Train Loss: 5.4569 (Fused: 2.9875) | Train C-index: 0.7247 | Val Fused: 0.7137 | Val CT: 0.6716 | Val PA: 0.7117
Feature stats | CT: mean=0.8246, std=0.8726, mean_l2=27.1039, median_l2=26.5478, mean_abs=0.8246, max_abs=6.0709 | PA: mean=0.3012, std=0.2706, mean_l2=9.1491, median_l2=9.1575, mean_abs=0.3012, max_abs=2.1695
Epoch 12/30 | Train Loss: 5.4331 (Fused: 2.9342) | Train C-index: 0.7575 | Val Fused: 0.7184 | Val CT: 0.6736 | Val PA: 0.7147
Feature stats | CT: mean=0.8200, std=0.8647, mean_l2=26.9048, median_l2=26.3433, mean_abs=0.8200, max_abs=5.7576 | PA: mean=0.3015, std=0.2730, mean_l2=9.1925, median_l2=9.2020, mean_abs=0.3015, max_abs=2.1764
Epoch 13/30 | Train Loss: 5.3222 (Fused: 2.8411) | Train C-index: 0.7791 | Val Fused: 0.7180 | Val CT: 0.6769 | Val PA: 0.7164
Feature stats | CT: mean=0.8388, std=0.8792, mean_l2=27.4258, median_l2=26.9049, mean_abs=0.8388, max_abs=5.7902 | PA: mean=0.3026, std=0.2753, mean_l2=9.2450, median_l2=9.2481, mean_abs=0.3026, max_abs=2.2208
Epoch 14/30 | Train Loss: 5.3466 (Fused: 2.8212) | Train C-index: 0.7836 | Val Fused: 0.7207 | Val CT: 0.6783 | Val PA: 0.7180
Feature stats | CT: mean=0.8448, std=0.8848, mean_l2=27.5886, median_l2=27.0080, mean_abs=0.8448, max_abs=5.8303 | PA: mean=0.3039, std=0.2768, mean_l2=9.2884, median_l2=9.2980, mean_abs=0.3039, max_abs=2.2460
Epoch 15/30 | Train Loss: 5.2802 (Fused: 2.8367) | Train C-index: 0.7757 | Val Fused: 0.7266 | Val CT: 0.6806 | Val PA: 0.7207
Feature stats | CT: mean=0.8698, std=0.9021, mean_l2=28.2740, median_l2=27.9558, mean_abs=0.8698, max_abs=5.7113 | PA: mean=0.3054, std=0.2773, mean_l2=9.3206, median_l2=9.3154, mean_abs=0.3054, max_abs=2.2655
Epoch 16/30 | Train Loss: 5.1307 (Fused: 2.7097) | Train C-index: 0.8003 | Val Fused: 0.7144 | Val CT: 0.6842 | Val PA: 0.7210
Feature stats | CT: mean=0.8592, std=0.8916, mean_l2=27.9431, median_l2=27.6535, mean_abs=0.8592, max_abs=5.6235 | PA: mean=0.3063, std=0.2774, mean_l2=9.3377, median_l2=9.3267, mean_abs=0.3063, max_abs=2.2703
Epoch 17/30 | Train Loss: 5.1754 (Fused: 2.7537) | Train C-index: 0.7997 | Val Fused: 0.6875 | Val CT: 0.6856 | Val PA: 0.7223
Feature stats | CT: mean=0.8570, std=0.8899, mean_l2=27.8539, median_l2=27.2070, mean_abs=0.8570, max_abs=5.7337 | PA: mean=0.3076, std=0.2783, mean_l2=9.3712, median_l2=9.3456, mean_abs=0.3076, max_abs=2.2591
Epoch 18/30 | Train Loss: 5.1020 (Fused: 2.6541) | Train C-index: 0.8162 | Val Fused: 0.6945 | Val CT: 0.6832 | Val PA: 0.7233
Feature stats | CT: mean=0.9038, std=0.9351, mean_l2=29.2663, median_l2=28.8363, mean_abs=0.9038, max_abs=6.0134 | PA: mean=0.3086, std=0.2794, mean_l2=9.4050, median_l2=9.3834, mean_abs=0.3086, max_abs=2.3373
Epoch 19/30 | Train Loss: 4.9834 (Fused: 2.5949) | Train C-index: 0.8233 | Val Fused: 0.6872 | Val CT: 0.6730 | Val PA: 0.7253
Feature stats | CT: mean=0.9052, std=0.9379, mean_l2=29.2838, median_l2=28.5524, mean_abs=0.9052, max_abs=6.1829 | PA: mean=0.3085, std=0.2771, mean_l2=9.3706, median_l2=9.3361, mean_abs=0.3085, max_abs=2.3878
Epoch 20/30 | Train Loss: 5.0572 (Fused: 2.6758) | Train C-index: 0.8072 | Val Fused: 0.6889 | Val CT: 0.6743 | Val PA: 0.7256
Feature stats | CT: mean=0.8822, std=0.9094, mean_l2=28.5584, median_l2=28.4079, mean_abs=0.8822, max_abs=6.0252 | PA: mean=0.3078, std=0.2772, mean_l2=9.3601, median_l2=9.3292, mean_abs=0.3078, max_abs=2.4164
Epoch 21/30 | Train Loss: 4.9776 (Fused: 2.5712) | Train C-index: 0.8364 | Val Fused: 0.6720 | Val CT: 0.6730 | Val PA: 0.7217
Feature stats | CT: mean=0.8631, std=0.9003, mean_l2=28.0739, median_l2=27.6072, mean_abs=0.8631, max_abs=6.4580 | PA: mean=0.3075, std=0.2803, mean_l2=9.4022, median_l2=9.3747, mean_abs=0.3075, max_abs=2.3246
Epoch 22/30 | Train Loss: 4.8621 (Fused: 2.4734) | Train C-index: 0.8583 | Val Fused: 0.6750 | Val CT: 0.6799 | Val PA: 0.7240
Feature stats | CT: mean=0.9044, std=0.9428, mean_l2=29.3995, median_l2=29.1107, mean_abs=0.9044, max_abs=6.4156 | PA: mean=0.3078, std=0.2811, mean_l2=9.4190, median_l2=9.3981, mean_abs=0.3078, max_abs=2.3967
Epoch 23/30 | Train Loss: 4.8305 (Fused: 2.4612) | Train C-index: 0.8561 | Val Fused: 0.6796 | Val CT: 0.6736 | Val PA: 0.7213
Feature stats | CT: mean=0.9198, std=0.9584, mean_l2=29.8906, median_l2=29.4933, mean_abs=0.9198, max_abs=6.6091 | PA: mean=0.3075, std=0.2789, mean_l2=9.3797, median_l2=9.3378, mean_abs=0.3075, max_abs=2.4015
Epoch 24/30 | Train Loss: 4.7280 (Fused: 2.3902) | Train C-index: 0.8618 | Val Fused: 0.6488 | Val CT: 0.6799 | Val PA: 0.7223
Feature stats | CT: mean=0.9307, std=0.9682, mean_l2=30.2231, median_l2=30.0300, mean_abs=0.9307, max_abs=6.6927 | PA: mean=0.3066, std=0.2797, mean_l2=9.3743, median_l2=9.3023, mean_abs=0.3066, max_abs=2.2808
Epoch 25/30 | Train Loss: 4.6650 (Fused: 2.3078) | Train C-index: 0.8765 | Val Fused: 0.6650 | Val CT: 0.6504 | Val PA: 0.7237
Feature stats | CT: mean=0.8946, std=0.9375, mean_l2=29.1220, median_l2=28.5816, mean_abs=0.8946, max_abs=6.8271 | PA: mean=0.3073, std=0.2822, mean_l2=9.4234, median_l2=9.3812, mean_abs=0.3073, max_abs=2.3314
Early stopping at epoch 25
Fold 3 best C-index: 0.7266

Extra survival metrics:
cutoff_from_train_median: -2.359159
n_test: 112
n_high_risk: 52
n_low_risk: 60
n_event_test: 38
logrank_stat: 16.987979
logrank_p: 0.000038
auc_36m: 0.780312
auc_60m: 0.710661
HR_high_vs_low: 4.098798
HR_95CI_lower: 1.983636
HR_95CI_upper: 8.469372
cox_p: 0.000139

==================================================
Fold 5/5
==================================================
[ResNetCox] Loaded pretrained from /home/gly001/cqj/pa_ct_surv/model/ct_pretrain/resnet_18_23dataset.pth
  Missing keys (ok): ['fc.weight', 'fc.bias']
Epoch 1/30 | Train Loss: 5.9219 (Fused: 3.3264) | Train C-index: 0.5446 | Val Fused: 0.5526 | Val CT: 0.4881 | Val PA: 0.5980
Feature stats | CT: mean=0.8712, std=0.8960, mean_l2=28.2754, median_l2=28.2489, mean_abs=0.8712, max_abs=6.7365 | PA: mean=0.2775, std=0.2235, mean_l2=8.0544, median_l2=8.0224, mean_abs=0.2775, max_abs=1.9255
Epoch 2/30 | Train Loss: 5.9149 (Fused: 3.3035) | Train C-index: 0.5406 | Val Fused: 0.6303 | Val CT: 0.5277 | Val PA: 0.6350
Feature stats | CT: mean=0.8690, std=0.8985, mean_l2=28.2830, median_l2=28.2268, mean_abs=0.8690, max_abs=6.5722 | PA: mean=0.2818, std=0.2388, mean_l2=8.3488, median_l2=8.3346, mean_abs=0.2818, max_abs=2.0428
Epoch 3/30 | Train Loss: 6.0699 (Fused: 3.4390) | Train C-index: 0.5084 | Val Fused: 0.6296 | Val CT: 0.5415 | Val PA: 0.6430
Feature stats | CT: mean=0.8583, std=0.8940, mean_l2=28.0412, median_l2=27.9829, mean_abs=0.8583, max_abs=6.4182 | PA: mean=0.2850, std=0.2483, mean_l2=8.5426, median_l2=8.5241, mean_abs=0.2850, max_abs=2.1647
Epoch 4/30 | Train Loss: 5.8340 (Fused: 3.2225) | Train C-index: 0.6145 | Val Fused: 0.6373 | Val CT: 0.5459 | Val PA: 0.6427
Feature stats | CT: mean=0.8522, std=0.8939, mean_l2=27.9448, median_l2=27.8926, mean_abs=0.8522, max_abs=6.3074 | PA: mean=0.2879, std=0.2512, mean_l2=8.6359, median_l2=8.6174, mean_abs=0.2879, max_abs=2.2970
Epoch 5/30 | Train Loss: 5.7335 (Fused: 3.1607) | Train C-index: 0.6571 | Val Fused: 0.6205 | Val CT: 0.5536 | Val PA: 0.6424
Feature stats | CT: mean=0.8540, std=0.9019, mean_l2=28.1021, median_l2=28.0168, mean_abs=0.8540, max_abs=6.7919 | PA: mean=0.2909, std=0.2554, mean_l2=8.7482, median_l2=8.7214, mean_abs=0.2909, max_abs=2.3728
Epoch 6/30 | Train Loss: 5.7200 (Fused: 3.1544) | Train C-index: 0.6951 | Val Fused: 0.6323 | Val CT: 0.5600 | Val PA: 0.6413
Feature stats | CT: mean=0.8673, std=0.9155, mean_l2=28.5292, median_l2=28.4389, mean_abs=0.8673, max_abs=6.9990 | PA: mean=0.2943, std=0.2609, mean_l2=8.8860, median_l2=8.8540, mean_abs=0.2943, max_abs=2.4196
Epoch 7/30 | Train Loss: 5.6073 (Fused: 3.0615) | Train C-index: 0.7325 | Val Fused: 0.6541 | Val CT: 0.5580 | Val PA: 0.6434
Feature stats | CT: mean=0.8884, std=0.9329, mean_l2=29.1356, median_l2=28.9875, mean_abs=0.8884, max_abs=7.1506 | PA: mean=0.2969, std=0.2648, mean_l2=8.9883, median_l2=8.9404, mean_abs=0.2969, max_abs=2.4335
Epoch 8/30 | Train Loss: 5.5696 (Fused: 3.0352) | Train C-index: 0.7427 | Val Fused: 0.6514 | Val CT: 0.5546 | Val PA: 0.6400
Feature stats | CT: mean=0.8928, std=0.9372, mean_l2=29.2646, median_l2=29.0347, mean_abs=0.8928, max_abs=7.1515 | PA: mean=0.2996, std=0.2689, mean_l2=9.0960, median_l2=9.0382, mean_abs=0.2996, max_abs=2.4802
Epoch 9/30 | Train Loss: 5.3438 (Fused: 2.8806) | Train C-index: 0.7787 | Val Fused: 0.6612 | Val CT: 0.5650 | Val PA: 0.6390
Feature stats | CT: mean=0.8982, std=0.9436, mean_l2=29.4338, median_l2=29.0734, mean_abs=0.8982, max_abs=7.1041 | PA: mean=0.3030, std=0.2739, mean_l2=9.2286, median_l2=9.1824, mean_abs=0.3030, max_abs=2.5008
Epoch 10/30 | Train Loss: 5.3881 (Fused: 2.9408) | Train C-index: 0.7542 | Val Fused: 0.6555 | Val CT: 0.5755 | Val PA: 0.6370
Feature stats | CT: mean=0.9050, std=0.9512, mean_l2=29.6392, median_l2=29.1962, mean_abs=0.9050, max_abs=7.1841 | PA: mean=0.3059, std=0.2759, mean_l2=9.3061, median_l2=9.2524, mean_abs=0.3059, max_abs=2.4637
Epoch 11/30 | Train Loss: 5.2714 (Fused: 2.8393) | Train C-index: 0.7771 | Val Fused: 0.6659 | Val CT: 0.5842 | Val PA: 0.6400
Feature stats | CT: mean=0.9285, std=0.9686, mean_l2=30.2624, median_l2=29.6772, mean_abs=0.9285, max_abs=7.1428 | PA: mean=0.3071, std=0.2769, mean_l2=9.3418, median_l2=9.2885, mean_abs=0.3071, max_abs=2.3792
Epoch 12/30 | Train Loss: 5.2941 (Fused: 2.8121) | Train C-index: 0.7953 | Val Fused: 0.6733 | Val CT: 0.5913 | Val PA: 0.6410
Feature stats | CT: mean=0.9167, std=0.9547, mean_l2=29.8445, median_l2=29.2914, mean_abs=0.9167, max_abs=6.9517 | PA: mean=0.3088, std=0.2789, mean_l2=9.4011, median_l2=9.3851, mean_abs=0.3088, max_abs=2.3789
Epoch 13/30 | Train Loss: 5.2628 (Fused: 2.7942) | Train C-index: 0.8079 | Val Fused: 0.6746 | Val CT: 0.6054 | Val PA: 0.6410
Feature stats | CT: mean=0.8954, std=0.9321, mean_l2=29.1613, median_l2=28.6998, mean_abs=0.8954, max_abs=6.6157 | PA: mean=0.3113, std=0.2814, mean_l2=9.4800, median_l2=9.4488, mean_abs=0.3113, max_abs=2.3817
Epoch 14/30 | Train Loss: 5.1499 (Fused: 2.6972) | Train C-index: 0.8183 | Val Fused: 0.6827 | Val CT: 0.6134 | Val PA: 0.6420
Feature stats | CT: mean=0.9158, std=0.9428, mean_l2=29.6772, median_l2=29.3261, mean_abs=0.9158, max_abs=6.4652 | PA: mean=0.3125, std=0.2819, mean_l2=9.5071, median_l2=9.4933, mean_abs=0.3125, max_abs=2.3920
Epoch 15/30 | Train Loss: 5.0380 (Fused: 2.6106) | Train C-index: 0.8315 | Val Fused: 0.6820 | Val CT: 0.6091 | Val PA: 0.6444
Feature stats | CT: mean=0.9013, std=0.9271, mean_l2=29.1518, median_l2=28.6483, mean_abs=0.9013, max_abs=6.1677 | PA: mean=0.3131, std=0.2818, mean_l2=9.5155, median_l2=9.4962, mean_abs=0.3131, max_abs=2.4159
Epoch 16/30 | Train Loss: 4.9676 (Fused: 2.5874) | Train C-index: 0.8329 | Val Fused: 0.6881 | Val CT: 0.6178 | Val PA: 0.6457
Feature stats | CT: mean=0.8809, std=0.9095, mean_l2=28.5159, median_l2=27.6467, mean_abs=0.8809, max_abs=6.3451 | PA: mean=0.3139, std=0.2809, mean_l2=9.5151, median_l2=9.4863, mean_abs=0.3139, max_abs=2.4695
Epoch 17/30 | Train Loss: 4.9546 (Fused: 2.5516) | Train C-index: 0.8465 | Val Fused: 0.6803 | Val CT: 0.6215 | Val PA: 0.6467
Feature stats | CT: mean=0.9600, std=0.9882, mean_l2=31.0390, median_l2=30.9921, mean_abs=0.9600, max_abs=6.7946 | PA: mean=0.3140, std=0.2809, mean_l2=9.5165, median_l2=9.4665, mean_abs=0.3140, max_abs=2.4804
Epoch 18/30 | Train Loss: 4.8473 (Fused: 2.4427) | Train C-index: 0.8662 | Val Fused: 0.6992 | Val CT: 0.6252 | Val PA: 0.6474
Feature stats | CT: mean=0.9821, std=1.0130, mean_l2=31.7599, median_l2=31.2516, mean_abs=0.9821, max_abs=6.8061 | PA: mean=0.3129, std=0.2839, mean_l2=9.5407, median_l2=9.4970, mean_abs=0.3129, max_abs=2.4985
Epoch 19/30 | Train Loss: 4.8640 (Fused: 2.5148) | Train C-index: 0.8395 | Val Fused: 0.6723 | Val CT: 0.6282 | Val PA: 0.6461
Feature stats | CT: mean=0.9176, std=0.9520, mean_l2=29.7467, median_l2=29.4959, mean_abs=0.9176, max_abs=7.0918 | PA: mean=0.3149, std=0.2883, mean_l2=9.6385, median_l2=9.6003, mean_abs=0.3149, max_abs=2.5298
Epoch 20/30 | Train Loss: 4.8667 (Fused: 2.5164) | Train C-index: 0.8397 | Val Fused: 0.6914 | Val CT: 0.6387 | Val PA: 0.6524
Feature stats | CT: mean=0.8578, std=0.8908, mean_l2=27.8879, median_l2=27.3929, mean_abs=0.8578, max_abs=6.9598 | PA: mean=0.3151, std=0.2942, mean_l2=9.7318, median_l2=9.6903, mean_abs=0.3151, max_abs=2.5314
Epoch 21/30 | Train Loss: 4.7094 (Fused: 2.3614) | Train C-index: 0.8642 | Val Fused: 0.6891 | Val CT: 0.6366 | Val PA: 0.6534
Feature stats | CT: mean=0.8874, std=0.9283, mean_l2=28.9259, median_l2=28.1972, mean_abs=0.8874, max_abs=7.3125 | PA: mean=0.3123, std=0.2934, mean_l2=9.6736, median_l2=9.6063, mean_abs=0.3123, max_abs=2.5904
Epoch 22/30 | Train Loss: 4.6672 (Fused: 2.3360) | Train C-index: 0.8750 | Val Fused: 0.6928 | Val CT: 0.6464 | Val PA: 0.6568
Feature stats | CT: mean=0.9309, std=0.9739, mean_l2=30.3347, median_l2=29.9729, mean_abs=0.9309, max_abs=7.6710 | PA: mean=0.3108, std=0.2927, mean_l2=9.6394, median_l2=9.5740, mean_abs=0.3108, max_abs=2.6075
Epoch 23/30 | Train Loss: 4.5175 (Fused: 2.1885) | Train C-index: 0.8951 | Val Fused: 0.6763 | Val CT: 0.6417 | Val PA: 0.6595
Feature stats | CT: mean=0.9528, std=0.9856, mean_l2=30.9119, median_l2=30.7351, mean_abs=0.9528, max_abs=7.5998 | PA: mean=0.3097, std=0.2897, mean_l2=9.5759, median_l2=9.5102, mean_abs=0.3097, max_abs=2.5732
Epoch 24/30 | Train Loss: 4.6350 (Fused: 2.3106) | Train C-index: 0.8728 | Val Fused: 0.7089 | Val CT: 0.6477 | Val PA: 0.6618
Feature stats | CT: mean=0.9102, std=0.9477, mean_l2=29.5649, median_l2=28.9094, mean_abs=0.9102, max_abs=7.3930 | PA: mean=0.3096, std=0.2923, mean_l2=9.6121, median_l2=9.5367, mean_abs=0.3096, max_abs=2.5584
Epoch 25/30 | Train Loss: 4.5719 (Fused: 2.2193) | Train C-index: 0.8824 | Val Fused: 0.6844 | Val CT: 0.6508 | Val PA: 0.6585
Feature stats | CT: mean=0.9486, std=0.9822, mean_l2=30.7455, median_l2=30.4452, mean_abs=0.9486, max_abs=7.5568 | PA: mean=0.3083, std=0.2906, mean_l2=9.5640, median_l2=9.4882, mean_abs=0.3083, max_abs=2.5633
Epoch 26/30 | Train Loss: 4.4422 (Fused: 2.0860) | Train C-index: 0.9093 | Val Fused: 0.6924 | Val CT: 0.6568 | Val PA: 0.6655
Feature stats | CT: mean=0.8612, std=0.8927, mean_l2=27.9591, median_l2=27.3310, mean_abs=0.8612, max_abs=7.0926 | PA: mean=0.3072, std=0.2951, mean_l2=9.6129, median_l2=9.5251, mean_abs=0.3072, max_abs=2.5305
Epoch 27/30 | Train Loss: 4.3305 (Fused: 2.0131) | Train C-index: 0.9235 | Val Fused: 0.6739 | Val CT: 0.6487 | Val PA: 0.6622
Feature stats | CT: mean=0.8662, std=0.8987, mean_l2=28.1531, median_l2=27.7858, mean_abs=0.8662, max_abs=7.0100 | PA: mean=0.3059, std=0.2950, mean_l2=9.5907, median_l2=9.5213, mean_abs=0.3059, max_abs=2.6604
Epoch 28/30 | Train Loss: 4.2952 (Fused: 2.0029) | Train C-index: 0.9140 | Val Fused: 0.6820 | Val CT: 0.6592 | Val PA: 0.6629
Feature stats | CT: mean=0.8603, std=0.9039, mean_l2=28.1241, median_l2=27.2802, mean_abs=0.8603, max_abs=6.9685 | PA: mean=0.3047, std=0.2930, mean_l2=9.5409, median_l2=9.4711, mean_abs=0.3047, max_abs=2.5832
Epoch 29/30 | Train Loss: 4.2157 (Fused: 1.8837) | Train C-index: 0.9243 | Val Fused: 0.6676 | Val CT: 0.6450 | Val PA: 0.6642
Feature stats | CT: mean=0.9079, std=0.9435, mean_l2=29.5373, median_l2=29.3921, mean_abs=0.9079, max_abs=7.3437 | PA: mean=0.3049, std=0.2893, mean_l2=9.4871, median_l2=9.4368, mean_abs=0.3049, max_abs=2.6608
Epoch 30/30 | Train Loss: 4.1710 (Fused: 1.8866) | Train C-index: 0.9317 | Val Fused: 0.6790 | Val CT: 0.6568 | Val PA: 0.6682
Feature stats | CT: mean=0.8795, std=0.9222, mean_l2=28.7064, median_l2=27.9014, mean_abs=0.8795, max_abs=7.1569 | PA: mean=0.3054, std=0.2899, mean_l2=9.5048, median_l2=9.4467, mean_abs=0.3054, max_abs=2.6740
Fold 4 best C-index: 0.7089

Extra survival metrics:
cutoff_from_train_median: -4.211160
n_test: 112
n_high_risk: 67
n_low_risk: 45
n_event_test: 38
logrank_stat: 7.337258
logrank_p: 0.006754
auc_36m: 0.787635
auc_60m: 0.721735
HR_high_vs_low: 2.707291
HR_95CI_lower: 1.278126
HR_95CI_upper: 5.734507
cox_p: 0.009301

==================================================
5-Fold CV Summary
==================================================
  C-index: 0.7373 +/- 0.0207
