Using Device: cuda | ROI: 64
PA: abmil | CT: resnet18 | Fusion: weighted | Fusion dropout: 0.25 | Norm: none | CT/PA dropout: 0.0 | CT augmentation: disabled
LR: 0.0001 | CT Backbone LR: 1e-05
Loss: Fused Cox + 0.5*CT + 0.3*PA
CT pretrained: /home/gly001/cqj/pa_ct_surv/model/ct_pretrain/resnet_18_23dataset.pth
Checkpoints: /home/gly001/cqj/pa_ct_surv/checkpoints/pact_v4/pact/roi64_abmil_resnet18_weighted_normnone_fusion_dropout0.25_epochs30_coxbs64_lr1e-4_blr1e-5_wd5e-4_lct0.5_lpa0.3_seed42
Results: /home/gly001/cqj/pa_ct_surv/results/pact_v4/pact/roi64_abmil_resnet18_weighted_normnone_fusion_dropout0.25_epochs30_coxbs64_lr1e-4_blr1e-5_wd5e-4_lct0.5_lpa0.3_seed42
Loaded 703 paired samples
Locked split: train=562, test=141
Test set is not accessed during CV

==================================================
Fold 1/5
==================================================
[ResNetCox] Loaded pretrained from /home/gly001/cqj/pa_ct_surv/model/ct_pretrain/resnet_18_23dataset.pth
  Missing keys (ok): ['fc.weight', 'fc.bias']
Epoch 1/30 | Train Loss: 5.7328 (Fused: 3.1804) | Train C-index: 0.6662 | Val Fused: 0.7289 | Val CT: 0.6145 | Val PA: 0.7273 | Alpha CT: 0.4998 | Alpha PA: 0.5002
Feature stats | CT: mean=0.8686, std=0.8830, mean_l2=28.0228, median_l2=27.9577, mean_abs=0.8686, max_abs=6.6042 | PA: mean=0.2791, std=0.2224, mean_l2=8.0686, median_l2=8.0458, mean_abs=0.2791, max_abs=1.8622
Epoch 2/30 | Train Loss: 5.6026 (Fused: 3.0942) | Train C-index: 0.7251 | Val Fused: 0.7299 | Val CT: 0.6263 | Val PA: 0.7372 | Alpha CT: 0.4996 | Alpha PA: 0.5004
Feature stats | CT: mean=0.8770, std=0.8844, mean_l2=28.1705, median_l2=28.0922, mean_abs=0.8770, max_abs=6.1642 | PA: mean=0.2968, std=0.2424, mean_l2=8.6539, median_l2=8.5902, mean_abs=0.2968, max_abs=2.0842
Epoch 3/30 | Train Loss: 5.5162 (Fused: 3.0320) | Train C-index: 0.7317 | Val Fused: 0.7372 | Val CT: 0.6356 | Val PA: 0.7429 | Alpha CT: 0.4994 | Alpha PA: 0.5006
Feature stats | CT: mean=0.8895, std=0.8937, mean_l2=28.4774, median_l2=28.1959, mean_abs=0.8895, max_abs=5.9133 | PA: mean=0.3271, std=0.2687, mean_l2=9.5493, median_l2=9.4260, mean_abs=0.3271, max_abs=2.1601
Epoch 4/30 | Train Loss: 5.4440 (Fused: 2.9817) | Train C-index: 0.7348 | Val Fused: 0.7388 | Val CT: 0.6477 | Val PA: 0.7455 | Alpha CT: 0.4993 | Alpha PA: 0.5007
Feature stats | CT: mean=0.9343, std=0.9460, mean_l2=29.9210, median_l2=29.3797, mean_abs=0.9343, max_abs=6.7024 | PA: mean=0.3577, std=0.2903, mean_l2=10.3885, median_l2=10.2723, mean_abs=0.3577, max_abs=2.3008
Epoch 5/30 | Train Loss: 5.3948 (Fused: 2.9444) | Train C-index: 0.7552 | Val Fused: 0.7423 | Val CT: 0.6591 | Val PA: 0.7515 | Alpha CT: 0.4991 | Alpha PA: 0.5009
Feature stats | CT: mean=1.0298, std=1.0558, mean_l2=33.2151, median_l2=32.8835, mean_abs=1.0298, max_abs=6.9795 | PA: mean=0.3794, std=0.3030, mean_l2=10.9506, median_l2=10.8268, mean_abs=0.3794, max_abs=2.3193
Epoch 6/30 | Train Loss: 5.3028 (Fused: 2.8899) | Train C-index: 0.7623 | Val Fused: 0.7439 | Val CT: 0.6671 | Val PA: 0.7496 | Alpha CT: 0.4989 | Alpha PA: 0.5011
Feature stats | CT: mean=1.0201, std=1.0438, mean_l2=32.8396, median_l2=32.7562, mean_abs=1.0201, max_abs=6.7675 | PA: mean=0.3998, std=0.3135, mean_l2=11.4639, median_l2=11.3769, mean_abs=0.3998, max_abs=2.3412
Epoch 7/30 | Train Loss: 5.2964 (Fused: 2.8815) | Train C-index: 0.7727 | Val Fused: 0.7464 | Val CT: 0.6649 | Val PA: 0.7531 | Alpha CT: 0.4987 | Alpha PA: 0.5013
Feature stats | CT: mean=0.9743, std=0.9926, mean_l2=31.2337, median_l2=30.9026, mean_abs=0.9743, max_abs=6.5755 | PA: mean=0.4237, std=0.3254, mean_l2=12.0533, median_l2=11.9891, mean_abs=0.4237, max_abs=2.4276
Epoch 8/30 | Train Loss: 5.2406 (Fused: 2.8453) | Train C-index: 0.7852 | Val Fused: 0.7407 | Val CT: 0.6636 | Val PA: 0.7557 | Alpha CT: 0.4986 | Alpha PA: 0.5014
Feature stats | CT: mean=1.0549, std=1.0918, mean_l2=34.1267, median_l2=34.6094, mean_abs=1.0549, max_abs=7.0715 | PA: mean=0.4485, std=0.3364, mean_l2=12.6494, median_l2=12.6077, mean_abs=0.4485, max_abs=2.4754
Epoch 9/30 | Train Loss: 5.1393 (Fused: 2.7890) | Train C-index: 0.7893 | Val Fused: 0.7499 | Val CT: 0.6773 | Val PA: 0.7579 | Alpha CT: 0.4984 | Alpha PA: 0.5016
Feature stats | CT: mean=1.0612, std=1.1135, mean_l2=34.4243, median_l2=33.9930, mean_abs=1.0612, max_abs=7.5224 | PA: mean=0.4729, std=0.3464, mean_l2=13.2257, median_l2=13.1903, mean_abs=0.4729, max_abs=2.5305
Epoch 10/30 | Train Loss: 5.1480 (Fused: 2.7854) | Train C-index: 0.8033 | Val Fused: 0.7553 | Val CT: 0.6534 | Val PA: 0.7646 | Alpha CT: 0.4982 | Alpha PA: 0.5018
Feature stats | CT: mean=1.1086, std=1.1670, mean_l2=36.1497, median_l2=36.3427, mean_abs=1.1086, max_abs=7.4855 | PA: mean=0.4971, std=0.3563, mean_l2=13.7975, median_l2=13.7582, mean_abs=0.4971, max_abs=2.5514
Epoch 11/30 | Train Loss: 5.0556 (Fused: 2.7295) | Train C-index: 0.8090 | Val Fused: 0.7537 | Val CT: 0.6782 | Val PA: 0.7655 | Alpha CT: 0.4980 | Alpha PA: 0.5020
Feature stats | CT: mean=1.0430, std=1.0859, mean_l2=33.7408, median_l2=33.7207, mean_abs=1.0430, max_abs=7.0761 | PA: mean=0.5249, std=0.3673, mean_l2=14.4505, median_l2=14.4364, mean_abs=0.5249, max_abs=2.6186
Epoch 12/30 | Train Loss: 5.0051 (Fused: 2.6959) | Train C-index: 0.8206 | Val Fused: 0.7643 | Val CT: 0.6429 | Val PA: 0.7690 | Alpha CT: 0.4977 | Alpha PA: 0.5023
Feature stats | CT: mean=1.0338, std=1.0710, mean_l2=33.3884, median_l2=33.2440, mean_abs=1.0338, max_abs=7.0592 | PA: mean=0.5531, std=0.3774, mean_l2=15.1004, median_l2=15.1083, mean_abs=0.5531, max_abs=2.6372
Epoch 13/30 | Train Loss: 4.8896 (Fused: 2.6201) | Train C-index: 0.8313 | Val Fused: 0.7684 | Val CT: 0.6872 | Val PA: 0.7700 | Alpha CT: 0.4975 | Alpha PA: 0.5025
Feature stats | CT: mean=1.0851, std=1.1361, mean_l2=35.2808, median_l2=35.3223, mean_abs=1.0851, max_abs=7.3428 | PA: mean=0.5803, std=0.3879, mean_l2=15.7422, median_l2=15.6882, mean_abs=0.5803, max_abs=2.6651
Epoch 14/30 | Train Loss: 4.9343 (Fused: 2.6334) | Train C-index: 0.8294 | Val Fused: 0.7655 | Val CT: 0.6547 | Val PA: 0.7662 | Alpha CT: 0.4973 | Alpha PA: 0.5027
Feature stats | CT: mean=1.0712, std=1.1313, mean_l2=34.8385, median_l2=34.5444, mean_abs=1.0712, max_abs=7.5749 | PA: mean=0.6074, std=0.4001, mean_l2=16.4000, median_l2=16.3984, mean_abs=0.6074, max_abs=2.7345
Epoch 15/30 | Train Loss: 4.8699 (Fused: 2.5874) | Train C-index: 0.8486 | Val Fused: 0.7754 | Val CT: 0.6665 | Val PA: 0.7665 | Alpha CT: 0.4970 | Alpha PA: 0.5030
Feature stats | CT: mean=1.0937, std=1.1434, mean_l2=35.5962, median_l2=35.7542, mean_abs=1.0937, max_abs=7.3910 | PA: mean=0.6316, std=0.4097, mean_l2=16.9745, median_l2=16.9385, mean_abs=0.6316, max_abs=2.9151
Epoch 16/30 | Train Loss: 4.8041 (Fused: 2.5457) | Train C-index: 0.8530 | Val Fused: 0.7878 | Val CT: 0.6865 | Val PA: 0.7786 | Alpha CT: 0.4968 | Alpha PA: 0.5032
Feature stats | CT: mean=1.0482, std=1.0879, mean_l2=33.9225, median_l2=33.8222, mean_abs=1.0482, max_abs=7.0841 | PA: mean=0.6537, std=0.4176, mean_l2=17.4902, median_l2=17.5114, mean_abs=0.6537, max_abs=2.9182
Epoch 17/30 | Train Loss: 4.6432 (Fused: 2.4463) | Train C-index: 0.8630 | Val Fused: 0.7725 | Val CT: 0.6833 | Val PA: 0.7595 | Alpha CT: 0.4965 | Alpha PA: 0.5035
Feature stats | CT: mean=1.0559, std=1.0955, mean_l2=34.1828, median_l2=34.1162, mean_abs=1.0559, max_abs=7.0941 | PA: mean=0.6733, std=0.4234, mean_l2=17.9339, median_l2=17.9132, mean_abs=0.6733, max_abs=3.0634
Epoch 18/30 | Train Loss: 4.6451 (Fused: 2.4348) | Train C-index: 0.8683 | Val Fused: 0.7773 | Val CT: 0.6859 | Val PA: 0.7729 | Alpha CT: 0.4962 | Alpha PA: 0.5038
Feature stats | CT: mean=1.0436, std=1.0808, mean_l2=33.7280, median_l2=33.7049, mean_abs=1.0436, max_abs=6.9653 | PA: mean=0.6929, std=0.4312, mean_l2=18.3947, median_l2=18.3753, mean_abs=0.6929, max_abs=3.1021
Epoch 19/30 | Train Loss: 4.6610 (Fused: 2.4223) | Train C-index: 0.8764 | Val Fused: 0.7687 | Val CT: 0.6802 | Val PA: 0.7611 | Alpha CT: 0.4960 | Alpha PA: 0.5040
Feature stats | CT: mean=1.0728, std=1.1153, mean_l2=34.7864, median_l2=35.0329, mean_abs=1.0728, max_abs=7.0341 | PA: mean=0.7126, std=0.4404, mean_l2=18.8804, median_l2=18.8197, mean_abs=0.7126, max_abs=3.0981
Epoch 20/30 | Train Loss: 4.5844 (Fused: 2.3761) | Train C-index: 0.8803 | Val Fused: 0.7684 | Val CT: 0.6840 | Val PA: 0.7525 | Alpha CT: 0.4957 | Alpha PA: 0.5043
Feature stats | CT: mean=1.0459, std=1.0895, mean_l2=33.8427, median_l2=33.8263, mean_abs=1.0459, max_abs=7.1463 | PA: mean=0.7270, std=0.4451, mean_l2=19.2112, median_l2=19.1407, mean_abs=0.7270, max_abs=3.1569
Epoch 21/30 | Train Loss: 4.5192 (Fused: 2.3381) | Train C-index: 0.8927 | Val Fused: 0.7544 | Val CT: 0.6779 | Val PA: 0.7385 | Alpha CT: 0.4955 | Alpha PA: 0.5045
Feature stats | CT: mean=1.0644, std=1.1021, mean_l2=34.4499, median_l2=34.5218, mean_abs=1.0644, max_abs=6.8780 | PA: mean=0.7328, std=0.4439, mean_l2=19.3052, median_l2=19.2833, mean_abs=0.7328, max_abs=3.1268
Epoch 22/30 | Train Loss: 4.4316 (Fused: 2.2657) | Train C-index: 0.8981 | Val Fused: 0.7515 | Val CT: 0.6821 | Val PA: 0.7349 | Alpha CT: 0.4952 | Alpha PA: 0.5048
Feature stats | CT: mean=1.0472, std=1.0866, mean_l2=33.8578, median_l2=33.8400, mean_abs=1.0472, max_abs=7.0887 | PA: mean=0.7499, std=0.4549, mean_l2=19.7591, median_l2=19.6671, mean_abs=0.7499, max_abs=3.1948
Epoch 23/30 | Train Loss: 4.2776 (Fused: 2.1779) | Train C-index: 0.9091 | Val Fused: 0.7420 | Val CT: 0.6843 | Val PA: 0.7209 | Alpha CT: 0.4949 | Alpha PA: 0.5051
Feature stats | CT: mean=1.0764, std=1.1178, mean_l2=34.8884, median_l2=34.9135, mean_abs=1.0764, max_abs=7.0828 | PA: mean=0.7606, std=0.4635, mean_l2=20.0683, median_l2=19.9871, mean_abs=0.7606, max_abs=3.3162
Epoch 24/30 | Train Loss: 4.2016 (Fused: 2.1042) | Train C-index: 0.9132 | Val Fused: 0.7595 | Val CT: 0.6888 | Val PA: 0.7407 | Alpha CT: 0.4946 | Alpha PA: 0.5054
Feature stats | CT: mean=0.9756, std=0.9939, mean_l2=31.2836, median_l2=31.2056, mean_abs=0.9756, max_abs=6.4114 | PA: mean=0.7654, std=0.4664, mean_l2=20.1839, median_l2=20.1303, mean_abs=0.7654, max_abs=3.2444
Epoch 25/30 | Train Loss: 4.0929 (Fused: 2.0306) | Train C-index: 0.9206 | Val Fused: 0.7327 | Val CT: 0.6856 | Val PA: 0.7158 | Alpha CT: 0.4943 | Alpha PA: 0.5057
Feature stats | CT: mean=0.9679, std=0.9834, mean_l2=31.0079, median_l2=30.9867, mean_abs=0.9679, max_abs=6.1545 | PA: mean=0.7845, std=0.4888, mean_l2=20.8104, median_l2=20.6561, mean_abs=0.7845, max_abs=3.3229
Epoch 26/30 | Train Loss: 4.0699 (Fused: 2.0067) | Train C-index: 0.9214 | Val Fused: 0.7314 | Val CT: 0.6744 | Val PA: 0.7187 | Alpha CT: 0.4941 | Alpha PA: 0.5059
Feature stats | CT: mean=1.0585, std=1.0950, mean_l2=34.2106, median_l2=34.2329, mean_abs=1.0585, max_abs=6.9630 | PA: mean=0.7837, std=0.4863, mean_l2=20.7586, median_l2=20.6822, mean_abs=0.7837, max_abs=3.3090
Early stopping at epoch 26
Fold 0 best fusion alpha | CT: 0.4968 | PA: 0.5032
Fold 0 best C-index: 0.7878

Extra survival metrics:
cutoff_from_train_median: 0.454513
n_test: 113
n_high_risk: 57
n_low_risk: 56
n_event_test: 38
logrank_stat: 30.094191
logrank_p: 0.000000
auc_36m: 0.813223
auc_60m: 0.825025
HR_high_vs_low: 8.941970
HR_95CI_lower: 3.479822
HR_95CI_upper: 22.977847
cox_p: 0.000005

==================================================
Fold 2/5
==================================================
[ResNetCox] Loaded pretrained from /home/gly001/cqj/pa_ct_surv/model/ct_pretrain/resnet_18_23dataset.pth
  Missing keys (ok): ['fc.weight', 'fc.bias']
Epoch 1/30 | Train Loss: 5.8058 (Fused: 3.2211) | Train C-index: 0.6519 | Val Fused: 0.7534 | Val CT: 0.6500 | Val PA: 0.7451 | Alpha CT: 0.4998 | Alpha PA: 0.5002
Feature stats | CT: mean=0.8687, std=0.8845, mean_l2=28.0500, median_l2=27.9866, mean_abs=0.8687, max_abs=6.6004 | PA: mean=0.2788, std=0.2229, mean_l2=8.0683, median_l2=8.0417, mean_abs=0.2788, max_abs=1.7966
Epoch 2/30 | Train Loss: 5.6674 (Fused: 3.1312) | Train C-index: 0.7173 | Val Fused: 0.7623 | Val CT: 0.6510 | Val PA: 0.7534 | Alpha CT: 0.4996 | Alpha PA: 0.5004
Feature stats | CT: mean=0.8863, std=0.8937, mean_l2=28.4659, median_l2=28.3215, mean_abs=0.8863, max_abs=6.4247 | PA: mean=0.2958, std=0.2434, mean_l2=8.6497, median_l2=8.5713, mean_abs=0.2958, max_abs=2.0761
Epoch 3/30 | Train Loss: 5.5765 (Fused: 3.0691) | Train C-index: 0.7272 | Val Fused: 0.7698 | Val CT: 0.6566 | Val PA: 0.7600 | Alpha CT: 0.4995 | Alpha PA: 0.5005
Feature stats | CT: mean=0.9030, std=0.9066, mean_l2=28.8988, median_l2=28.6070, mean_abs=0.9030, max_abs=6.1679 | PA: mean=0.3249, std=0.2697, mean_l2=9.5224, median_l2=9.4511, mean_abs=0.3249, max_abs=2.1688
Epoch 4/30 | Train Loss: 5.5020 (Fused: 3.0189) | Train C-index: 0.7262 | Val Fused: 0.7728 | Val CT: 0.6638 | Val PA: 0.7593 | Alpha CT: 0.4993 | Alpha PA: 0.5007
Feature stats | CT: mean=0.9272, std=0.9367, mean_l2=29.6321, median_l2=28.9794, mean_abs=0.9272, max_abs=6.4514 | PA: mean=0.3543, std=0.2925, mean_l2=10.3528, median_l2=10.2082, mean_abs=0.3543, max_abs=2.3116
Epoch 5/30 | Train Loss: 5.4457 (Fused: 2.9797) | Train C-index: 0.7456 | Val Fused: 0.7748 | Val CT: 0.6780 | Val PA: 0.7577 | Alpha CT: 0.4991 | Alpha PA: 0.5009
Feature stats | CT: mean=1.0006, std=1.0191, mean_l2=32.1003, median_l2=31.8844, mean_abs=1.0006, max_abs=6.8501 | PA: mean=0.3766, std=0.3048, mean_l2=10.9188, median_l2=10.7927, mean_abs=0.3766, max_abs=2.3473
Epoch 6/30 | Train Loss: 5.4013 (Fused: 2.9477) | Train C-index: 0.7588 | Val Fused: 0.7754 | Val CT: 0.6898 | Val PA: 0.7547 | Alpha CT: 0.4989 | Alpha PA: 0.5011
Feature stats | CT: mean=1.0252, std=1.0436, mean_l2=32.9400, median_l2=32.8503, mean_abs=1.0252, max_abs=6.7398 | PA: mean=0.4004, std=0.3161, mean_l2=11.5012, median_l2=11.3781, mean_abs=0.4004, max_abs=2.3635
Epoch 7/30 | Train Loss: 5.2997 (Fused: 2.8867) | Train C-index: 0.7720 | Val Fused: 0.7777 | Val CT: 0.6934 | Val PA: 0.7511 | Alpha CT: 0.4987 | Alpha PA: 0.5013
Feature stats | CT: mean=0.9474, std=0.9551, mean_l2=30.2320, median_l2=30.0520, mean_abs=0.9474, max_abs=6.2612 | PA: mean=0.4244, std=0.3275, mean_l2=12.0880, median_l2=11.9994, mean_abs=0.4244, max_abs=2.4106
Epoch 8/30 | Train Loss: 5.2502 (Fused: 2.8549) | Train C-index: 0.7802 | Val Fused: 0.7744 | Val CT: 0.7043 | Val PA: 0.7494 | Alpha CT: 0.4985 | Alpha PA: 0.5015
Feature stats | CT: mean=0.9876, std=1.0090, mean_l2=31.6344, median_l2=31.3279, mean_abs=0.9876, max_abs=6.9087 | PA: mean=0.4540, std=0.3432, mean_l2=12.8339, median_l2=12.7503, mean_abs=0.4540, max_abs=2.4835
Epoch 9/30 | Train Loss: 5.2184 (Fused: 2.8289) | Train C-index: 0.7938 | Val Fused: 0.7771 | Val CT: 0.7053 | Val PA: 0.7488 | Alpha CT: 0.4983 | Alpha PA: 0.5017
Feature stats | CT: mean=1.1256, std=1.1819, mean_l2=36.6421, median_l2=37.1709, mean_abs=1.1256, max_abs=7.4602 | PA: mean=0.4841, std=0.3588, mean_l2=13.5897, median_l2=13.5789, mean_abs=0.4841, max_abs=2.5837
Epoch 10/30 | Train Loss: 5.1430 (Fused: 2.7749) | Train C-index: 0.8027 | Val Fused: 0.7751 | Val CT: 0.7106 | Val PA: 0.7445 | Alpha CT: 0.4981 | Alpha PA: 0.5019
Feature stats | CT: mean=1.0256, std=1.0584, mean_l2=32.9782, median_l2=33.0862, mean_abs=1.0256, max_abs=7.1797 | PA: mean=0.5110, std=0.3711, mean_l2=14.2423, median_l2=14.2553, mean_abs=0.5110, max_abs=2.6116
Epoch 11/30 | Train Loss: 5.1244 (Fused: 2.7601) | Train C-index: 0.8157 | Val Fused: 0.7738 | Val CT: 0.7112 | Val PA: 0.7425 | Alpha CT: 0.4979 | Alpha PA: 0.5021
Feature stats | CT: mean=0.9937, std=1.0114, mean_l2=31.7953, median_l2=32.1401, mean_abs=0.9937, max_abs=6.9267 | PA: mean=0.5341, std=0.3809, mean_l2=14.7941, median_l2=14.8625, mean_abs=0.5341, max_abs=2.6077
Epoch 12/30 | Train Loss: 5.0758 (Fused: 2.7258) | Train C-index: 0.8243 | Val Fused: 0.7751 | Val CT: 0.7172 | Val PA: 0.7468 | Alpha CT: 0.4977 | Alpha PA: 0.5023
Feature stats | CT: mean=0.9853, std=1.0002, mean_l2=31.4907, median_l2=31.7392, mean_abs=0.9853, max_abs=6.6627 | PA: mean=0.5570, std=0.3939, mean_l2=15.3805, median_l2=15.4376, mean_abs=0.5570, max_abs=2.6270
Epoch 13/30 | Train Loss: 4.9145 (Fused: 2.6275) | Train C-index: 0.8346 | Val Fused: 0.7751 | Val CT: 0.7149 | Val PA: 0.7458 | Alpha CT: 0.4974 | Alpha PA: 0.5026
Feature stats | CT: mean=1.0225, std=1.0401, mean_l2=32.7471, median_l2=33.2993, mean_abs=1.0225, max_abs=6.7061 | PA: mean=0.5808, std=0.4044, mean_l2=15.9560, median_l2=15.9741, mean_abs=0.5808, max_abs=2.6562
Epoch 14/30 | Train Loss: 4.8951 (Fused: 2.6059) | Train C-index: 0.8418 | Val Fused: 0.7652 | Val CT: 0.7175 | Val PA: 0.7336 | Alpha CT: 0.4972 | Alpha PA: 0.5028
Feature stats | CT: mean=1.0235, std=1.0469, mean_l2=32.8082, median_l2=33.0518, mean_abs=1.0235, max_abs=6.8740 | PA: mean=0.6050, std=0.4129, mean_l2=16.5162, median_l2=16.6555, mean_abs=0.6050, max_abs=2.7456
Epoch 15/30 | Train Loss: 4.8366 (Fused: 2.5594) | Train C-index: 0.8540 | Val Fused: 0.7593 | Val CT: 0.7267 | Val PA: 0.7274 | Alpha CT: 0.4969 | Alpha PA: 0.5031
Feature stats | CT: mean=0.9809, std=0.9953, mean_l2=31.3226, median_l2=31.4537, mean_abs=0.9809, max_abs=6.5416 | PA: mean=0.6317, std=0.4255, mean_l2=17.1766, median_l2=17.3272, mean_abs=0.6317, max_abs=2.8231
Epoch 16/30 | Train Loss: 4.7177 (Fused: 2.4764) | Train C-index: 0.8637 | Val Fused: 0.7583 | Val CT: 0.7234 | Val PA: 0.7208 | Alpha CT: 0.4966 | Alpha PA: 0.5034
Feature stats | CT: mean=0.9777, std=0.9782, mean_l2=31.1149, median_l2=31.5472, mean_abs=0.9777, max_abs=6.1638 | PA: mean=0.6524, std=0.4344, mean_l2=17.6700, median_l2=17.7933, mean_abs=0.6524, max_abs=2.8251
Epoch 17/30 | Train Loss: 4.6823 (Fused: 2.4467) | Train C-index: 0.8699 | Val Fused: 0.7521 | Val CT: 0.7145 | Val PA: 0.7066 | Alpha CT: 0.4964 | Alpha PA: 0.5036
Feature stats | CT: mean=0.9428, std=0.9507, mean_l2=30.0387, median_l2=29.7635, mean_abs=0.9428, max_abs=6.1700 | PA: mean=0.6684, std=0.4403, mean_l2=18.0426, median_l2=18.2601, mean_abs=0.6684, max_abs=2.8767
Early stopping at epoch 17
Fold 1 best fusion alpha | CT: 0.4987 | PA: 0.5013
Fold 1 best C-index: 0.7777

Extra survival metrics:
cutoff_from_train_median: -0.091395
n_test: 113
n_high_risk: 53
n_low_risk: 60
n_event_test: 39
logrank_stat: 34.673339
logrank_p: 0.000000
auc_36m: 0.790512
auc_60m: 0.800669
HR_high_vs_low: 9.970649
HR_95CI_lower: 3.890185
HR_95CI_upper: 25.555043
cox_p: 0.000002

==================================================
Fold 3/5
==================================================
[ResNetCox] Loaded pretrained from /home/gly001/cqj/pa_ct_surv/model/ct_pretrain/resnet_18_23dataset.pth
  Missing keys (ok): ['fc.weight', 'fc.bias']
Epoch 1/30 | Train Loss: 5.9421 (Fused: 3.2938) | Train C-index: 0.6619 | Val Fused: 0.6844 | Val CT: 0.6922 | Val PA: 0.6797 | Alpha CT: 0.4999 | Alpha PA: 0.5001
Feature stats | CT: mean=0.8663, std=0.8815, mean_l2=27.9630, median_l2=27.9003, mean_abs=0.8663, max_abs=6.6032 | PA: mean=0.2788, std=0.2230, mean_l2=8.0709, median_l2=8.0170, mean_abs=0.2788, max_abs=1.7966
Epoch 2/30 | Train Loss: 5.6117 (Fused: 3.0974) | Train C-index: 0.7284 | Val Fused: 0.6925 | Val CT: 0.6888 | Val PA: 0.6817 | Alpha CT: 0.4997 | Alpha PA: 0.5003
Feature stats | CT: mean=0.8758, std=0.8849, mean_l2=28.1613, median_l2=28.0579, mean_abs=0.8758, max_abs=6.3202 | PA: mean=0.2981, std=0.2463, mean_l2=8.7313, median_l2=8.6431, mean_abs=0.2981, max_abs=2.1374
Epoch 3/30 | Train Loss: 5.5408 (Fused: 3.0415) | Train C-index: 0.7400 | Val Fused: 0.6976 | Val CT: 0.6953 | Val PA: 0.6854 | Alpha CT: 0.4995 | Alpha PA: 0.5005
Feature stats | CT: mean=0.8974, std=0.9019, mean_l2=28.7464, median_l2=28.4935, mean_abs=0.8974, max_abs=6.0723 | PA: mean=0.3295, std=0.2756, mean_l2=9.6865, median_l2=9.5356, mean_abs=0.3295, max_abs=2.2409
Epoch 4/30 | Train Loss: 5.5881 (Fused: 3.0580) | Train C-index: 0.7443 | Val Fused: 0.7085 | Val CT: 0.7010 | Val PA: 0.6919 | Alpha CT: 0.4993 | Alpha PA: 0.5007
Feature stats | CT: mean=0.9201, std=0.9268, mean_l2=29.4255, median_l2=29.0226, mean_abs=0.9201, max_abs=6.0496 | PA: mean=0.3627, std=0.3003, mean_l2=10.6112, median_l2=10.3825, mean_abs=0.3627, max_abs=2.3063
Epoch 5/30 | Train Loss: 5.4733 (Fused: 2.9856) | Train C-index: 0.7542 | Val Fused: 0.7149 | Val CT: 0.7071 | Val PA: 0.6932 | Alpha CT: 0.4992 | Alpha PA: 0.5008
Feature stats | CT: mean=0.9239, std=0.9374, mean_l2=29.5679, median_l2=28.9240, mean_abs=0.9239, max_abs=6.5113 | PA: mean=0.3842, std=0.3122, mean_l2=11.1607, median_l2=10.9603, mean_abs=0.3842, max_abs=2.3403
Epoch 6/30 | Train Loss: 5.4387 (Fused: 2.9635) | Train C-index: 0.7672 | Val Fused: 0.7193 | Val CT: 0.6932 | Val PA: 0.7017 | Alpha CT: 0.4990 | Alpha PA: 0.5010
Feature stats | CT: mean=0.9594, std=0.9738, mean_l2=30.7255, median_l2=30.0143, mean_abs=0.9594, max_abs=6.3465 | PA: mean=0.4006, std=0.3200, mean_l2=11.5640, median_l2=11.3776, mean_abs=0.4006, max_abs=2.3599
Epoch 7/30 | Train Loss: 5.2860 (Fused: 2.8731) | Train C-index: 0.7828 | Val Fused: 0.7308 | Val CT: 0.6868 | Val PA: 0.7153 | Alpha CT: 0.4988 | Alpha PA: 0.5012
Feature stats | CT: mean=0.9727, std=0.9823, mean_l2=31.1169, median_l2=30.7567, mean_abs=0.9727, max_abs=6.2286 | PA: mean=0.4174, std=0.3283, mean_l2=11.9808, median_l2=11.8703, mean_abs=0.4174, max_abs=2.5032
Epoch 8/30 | Train Loss: 5.2191 (Fused: 2.8331) | Train C-index: 0.7912 | Val Fused: 0.7264 | Val CT: 0.6661 | Val PA: 0.7200 | Alpha CT: 0.4986 | Alpha PA: 0.5014
Feature stats | CT: mean=0.9653, std=0.9818, mean_l2=30.9022, median_l2=30.2412, mean_abs=0.9653, max_abs=6.5242 | PA: mean=0.4405, std=0.3385, mean_l2=12.5340, median_l2=12.4119, mean_abs=0.4405, max_abs=2.5184
Epoch 9/30 | Train Loss: 5.2298 (Fused: 2.8209) | Train C-index: 0.8009 | Val Fused: 0.7271 | Val CT: 0.6719 | Val PA: 0.7197 | Alpha CT: 0.4984 | Alpha PA: 0.5016
Feature stats | CT: mean=1.0141, std=1.0336, mean_l2=32.5609, median_l2=32.4764, mean_abs=1.0141, max_abs=6.5882 | PA: mean=0.4622, std=0.3464, mean_l2=13.0336, median_l2=12.8968, mean_abs=0.4622, max_abs=2.5365
Epoch 10/30 | Train Loss: 5.2254 (Fused: 2.8200) | Train C-index: 0.8062 | Val Fused: 0.7305 | Val CT: 0.6776 | Val PA: 0.7247 | Alpha CT: 0.4982 | Alpha PA: 0.5018
Feature stats | CT: mean=1.0514, std=1.0997, mean_l2=34.0099, median_l2=33.4109, mean_abs=1.0514, max_abs=7.5055 | PA: mean=0.4858, std=0.3548, mean_l2=13.5742, median_l2=13.4341, mean_abs=0.4858, max_abs=2.5435
Epoch 11/30 | Train Loss: 5.1447 (Fused: 2.7580) | Train C-index: 0.8151 | Val Fused: 0.7261 | Val CT: 0.6637 | Val PA: 0.7261 | Alpha CT: 0.4980 | Alpha PA: 0.5020
Feature stats | CT: mean=1.1419, std=1.2104, mean_l2=37.3146, median_l2=37.1592, mean_abs=1.1419, max_abs=7.6288 | PA: mean=0.5105, std=0.3636, mean_l2=14.1380, median_l2=13.9819, mean_abs=0.5105, max_abs=2.5408
Epoch 12/30 | Train Loss: 5.0149 (Fused: 2.6931) | Train C-index: 0.8238 | Val Fused: 0.7298 | Val CT: 0.6617 | Val PA: 0.7271 | Alpha CT: 0.4978 | Alpha PA: 0.5022
Feature stats | CT: mean=1.1165, std=1.1746, mean_l2=36.3612, median_l2=36.0874, mean_abs=1.1165, max_abs=7.4680 | PA: mean=0.5334, std=0.3713, mean_l2=14.6580, median_l2=14.4692, mean_abs=0.5334, max_abs=2.5383
Epoch 13/30 | Train Loss: 5.0605 (Fused: 2.7105) | Train C-index: 0.8327 | Val Fused: 0.7271 | Val CT: 0.6736 | Val PA: 0.7264 | Alpha CT: 0.4975 | Alpha PA: 0.5025
Feature stats | CT: mean=1.0448, std=1.0814, mean_l2=33.7356, median_l2=33.6849, mean_abs=1.0448, max_abs=7.0511 | PA: mean=0.5585, std=0.3819, mean_l2=15.2542, median_l2=15.0631, mean_abs=0.5585, max_abs=2.5753
Epoch 14/30 | Train Loss: 4.9190 (Fused: 2.6286) | Train C-index: 0.8370 | Val Fused: 0.7325 | Val CT: 0.6698 | Val PA: 0.7241 | Alpha CT: 0.4973 | Alpha PA: 0.5027
Feature stats | CT: mean=0.9948, std=1.0235, mean_l2=31.9972, median_l2=31.7639, mean_abs=0.9948, max_abs=6.6573 | PA: mean=0.5761, std=0.3841, mean_l2=15.6139, median_l2=15.3997, mean_abs=0.5761, max_abs=2.5761
Epoch 15/30 | Train Loss: 4.8917 (Fused: 2.6036) | Train C-index: 0.8487 | Val Fused: 0.7308 | Val CT: 0.6593 | Val PA: 0.7278 | Alpha CT: 0.4971 | Alpha PA: 0.5029
Feature stats | CT: mean=1.0083, std=1.0341, mean_l2=32.4335, median_l2=32.5009, mean_abs=1.0083, max_abs=6.5923 | PA: mean=0.5956, std=0.3868, mean_l2=16.0206, median_l2=15.8249, mean_abs=0.5956, max_abs=2.6124
Epoch 16/30 | Train Loss: 4.8033 (Fused: 2.5430) | Train C-index: 0.8572 | Val Fused: 0.7342 | Val CT: 0.6837 | Val PA: 0.7292 | Alpha CT: 0.4969 | Alpha PA: 0.5031
Feature stats | CT: mean=1.0186, std=1.0460, mean_l2=32.7999, median_l2=32.8137, mean_abs=1.0186, max_abs=6.6361 | PA: mean=0.6168, std=0.3934, mean_l2=16.4987, median_l2=16.2675, mean_abs=0.6168, max_abs=2.6601
Epoch 17/30 | Train Loss: 4.8011 (Fused: 2.5309) | Train C-index: 0.8586 | Val Fused: 0.7281 | Val CT: 0.6485 | Val PA: 0.7231 | Alpha CT: 0.4966 | Alpha PA: 0.5034
Feature stats | CT: mean=0.9988, std=1.0270, mean_l2=32.1373, median_l2=32.0821, mean_abs=0.9988, max_abs=6.5997 | PA: mean=0.6383, std=0.4018, mean_l2=17.0074, median_l2=16.8177, mean_abs=0.6383, max_abs=2.7669
Epoch 18/30 | Train Loss: 4.7141 (Fused: 2.4619) | Train C-index: 0.8709 | Val Fused: 0.7305 | Val CT: 0.6851 | Val PA: 0.7224 | Alpha CT: 0.4964 | Alpha PA: 0.5036
Feature stats | CT: mean=0.9893, std=1.0087, mean_l2=31.7625, median_l2=31.8166, mean_abs=0.9893, max_abs=6.2621 | PA: mean=0.6572, std=0.4084, mean_l2=17.4530, median_l2=17.2997, mean_abs=0.6572, max_abs=2.8840
Epoch 19/30 | Train Loss: 4.6467 (Fused: 2.4200) | Train C-index: 0.8748 | Val Fused: 0.7214 | Val CT: 0.6692 | Val PA: 0.7163 | Alpha CT: 0.4961 | Alpha PA: 0.5039
Feature stats | CT: mean=0.9727, std=0.9980, mean_l2=31.2510, median_l2=30.6952, mean_abs=0.9727, max_abs=6.3298 | PA: mean=0.6725, std=0.4134, mean_l2=17.8028, median_l2=17.6723, mean_abs=0.6725, max_abs=2.9295
Epoch 20/30 | Train Loss: 4.5939 (Fused: 2.3613) | Train C-index: 0.8830 | Val Fused: 0.7285 | Val CT: 0.6546 | Val PA: 0.7241 | Alpha CT: 0.4958 | Alpha PA: 0.5042
Feature stats | CT: mean=1.0263, std=1.0559, mean_l2=33.0775, median_l2=33.1684, mean_abs=1.0263, max_abs=6.7965 | PA: mean=0.6901, std=0.4221, mean_l2=18.2405, median_l2=18.0830, mean_abs=0.6901, max_abs=3.0491
Epoch 21/30 | Train Loss: 4.5346 (Fused: 2.3112) | Train C-index: 0.8920 | Val Fused: 0.7237 | Val CT: 0.6902 | Val PA: 0.7169 | Alpha CT: 0.4956 | Alpha PA: 0.5044
Feature stats | CT: mean=1.0300, std=1.0639, mean_l2=33.2323, median_l2=33.1998, mean_abs=1.0300, max_abs=6.7118 | PA: mean=0.7079, std=0.4339, mean_l2=18.7214, median_l2=18.5178, mean_abs=0.7079, max_abs=3.1351
Epoch 22/30 | Train Loss: 4.4850 (Fused: 2.2715) | Train C-index: 0.8961 | Val Fused: 0.7173 | Val CT: 0.6661 | Val PA: 0.7088 | Alpha CT: 0.4953 | Alpha PA: 0.5047
Feature stats | CT: mean=0.9567, std=0.9823, mean_l2=30.7411, median_l2=30.2903, mean_abs=0.9567, max_abs=6.3776 | PA: mean=0.7201, std=0.4356, mean_l2=18.9799, median_l2=18.8198, mean_abs=0.7201, max_abs=3.1905
Epoch 23/30 | Train Loss: 4.3736 (Fused: 2.1991) | Train C-index: 0.9042 | Val Fused: 0.7146 | Val CT: 0.6932 | Val PA: 0.7041 | Alpha CT: 0.4950 | Alpha PA: 0.5050
Feature stats | CT: mean=1.0209, std=1.0469, mean_l2=32.8740, median_l2=32.7792, mean_abs=1.0209, max_abs=6.7306 | PA: mean=0.7339, std=0.4395, mean_l2=19.2907, median_l2=19.1508, mean_abs=0.7339, max_abs=3.3686
Epoch 24/30 | Train Loss: 4.2840 (Fused: 2.1317) | Train C-index: 0.9065 | Val Fused: 0.7244 | Val CT: 0.6810 | Val PA: 0.7159 | Alpha CT: 0.4947 | Alpha PA: 0.5053
Feature stats | CT: mean=0.9805, std=1.0151, mean_l2=31.5975, median_l2=30.8625, mean_abs=0.9805, max_abs=6.7298 | PA: mean=0.7477, std=0.4506, mean_l2=19.6772, median_l2=19.4946, mean_abs=0.7477, max_abs=3.6648
Epoch 25/30 | Train Loss: 4.1659 (Fused: 2.0594) | Train C-index: 0.9164 | Val Fused: 0.7058 | Val CT: 0.6803 | Val PA: 0.6997 | Alpha CT: 0.4944 | Alpha PA: 0.5056
Feature stats | CT: mean=0.9486, std=0.9610, mean_l2=30.3848, median_l2=30.3306, mean_abs=0.9486, max_abs=5.9168 | PA: mean=0.7602, std=0.4688, mean_l2=20.1321, median_l2=20.0406, mean_abs=0.7602, max_abs=3.5586
Epoch 26/30 | Train Loss: 4.1840 (Fused: 2.0166) | Train C-index: 0.9164 | Val Fused: 0.7190 | Val CT: 0.6885 | Val PA: 0.7027 | Alpha CT: 0.4942 | Alpha PA: 0.5058
Feature stats | CT: mean=0.9726, std=0.9894, mean_l2=31.1948, median_l2=31.0768, mean_abs=0.9726, max_abs=6.1928 | PA: mean=0.7672, std=0.4768, mean_l2=20.3597, median_l2=20.1578, mean_abs=0.7672, max_abs=3.8141
Early stopping at epoch 26
Fold 2 best fusion alpha | CT: 0.4969 | PA: 0.5031
Fold 2 best C-index: 0.7342

Extra survival metrics:
cutoff_from_train_median: 0.032601
n_test: 112
n_high_risk: 62
n_low_risk: 50
n_event_test: 38
logrank_stat: 19.935223
logrank_p: 0.000008
auc_36m: 0.763062
auc_60m: 0.763358
HR_high_vs_low: 5.824565
HR_95CI_lower: 2.428591
HR_95CI_upper: 13.969235
cox_p: 0.000079

==================================================
Fold 4/5
==================================================
[ResNetCox] Loaded pretrained from /home/gly001/cqj/pa_ct_surv/model/ct_pretrain/resnet_18_23dataset.pth
  Missing keys (ok): ['fc.weight', 'fc.bias']
Epoch 1/30 | Train Loss: 5.9803 (Fused: 3.3172) | Train C-index: 0.6446 | Val Fused: 0.7157 | Val CT: 0.6617 | Val PA: 0.7104 | Alpha CT: 0.4998 | Alpha PA: 0.5002
Feature stats | CT: mean=0.8663, std=0.8823, mean_l2=27.9752, median_l2=27.9408, mean_abs=0.8663, max_abs=6.5883 | PA: mean=0.2788, std=0.2226, mean_l2=8.0655, median_l2=8.0408, mean_abs=0.2788, max_abs=1.8034
Epoch 2/30 | Train Loss: 5.7645 (Fused: 3.1799) | Train C-index: 0.7226 | Val Fused: 0.7187 | Val CT: 0.6630 | Val PA: 0.7081 | Alpha CT: 0.4996 | Alpha PA: 0.5004
Feature stats | CT: mean=0.8863, std=0.8929, mean_l2=28.4546, median_l2=28.3579, mean_abs=0.8863, max_abs=6.4061 | PA: mean=0.2967, std=0.2425, mean_l2=8.6547, median_l2=8.6126, mean_abs=0.2967, max_abs=1.8796
Epoch 3/30 | Train Loss: 5.5503 (Fused: 3.0499) | Train C-index: 0.7328 | Val Fused: 0.7170 | Val CT: 0.6670 | Val PA: 0.7111 | Alpha CT: 0.4994 | Alpha PA: 0.5006
Feature stats | CT: mean=0.8897, std=0.8922, mean_l2=28.4571, median_l2=28.1431, mean_abs=0.8897, max_abs=6.0232 | PA: mean=0.3256, std=0.2668, mean_l2=9.4988, median_l2=9.3752, mean_abs=0.3256, max_abs=1.9551
Epoch 4/30 | Train Loss: 5.5119 (Fused: 3.0096) | Train C-index: 0.7370 | Val Fused: 0.7270 | Val CT: 0.6740 | Val PA: 0.7104 | Alpha CT: 0.4992 | Alpha PA: 0.5008
Feature stats | CT: mean=0.9341, std=0.9405, mean_l2=29.8575, median_l2=29.4542, mean_abs=0.9341, max_abs=6.4899 | PA: mean=0.3535, std=0.2863, mean_l2=10.2618, median_l2=10.1262, mean_abs=0.3535, max_abs=2.1659
Epoch 5/30 | Train Loss: 5.3966 (Fused: 2.9499) | Train C-index: 0.7533 | Val Fused: 0.7316 | Val CT: 0.6756 | Val PA: 0.7150 | Alpha CT: 0.4991 | Alpha PA: 0.5009
Feature stats | CT: mean=0.9740, std=0.9890, mean_l2=31.1789, median_l2=30.5434, mean_abs=0.9740, max_abs=6.6904 | PA: mean=0.3797, std=0.3030, mean_l2=10.9584, median_l2=10.8043, mean_abs=0.3797, max_abs=2.3607
Epoch 6/30 | Train Loss: 5.3377 (Fused: 2.9112) | Train C-index: 0.7660 | Val Fused: 0.7349 | Val CT: 0.6756 | Val PA: 0.7210 | Alpha CT: 0.4989 | Alpha PA: 0.5011
Feature stats | CT: mean=0.9913, std=1.0040, mean_l2=31.7219, median_l2=31.4197, mean_abs=0.9913, max_abs=6.6248 | PA: mean=0.4023, std=0.3163, mean_l2=11.5484, median_l2=11.4664, mean_abs=0.4023, max_abs=2.4217
Epoch 7/30 | Train Loss: 5.2671 (Fused: 2.8696) | Train C-index: 0.7793 | Val Fused: 0.7406 | Val CT: 0.6756 | Val PA: 0.7227 | Alpha CT: 0.4987 | Alpha PA: 0.5013
Feature stats | CT: mean=0.9728, std=0.9790, mean_l2=31.0334, median_l2=30.8956, mean_abs=0.9728, max_abs=6.2776 | PA: mean=0.4236, std=0.3269, mean_l2=12.0741, median_l2=12.0330, mean_abs=0.4236, max_abs=2.5182
Epoch 8/30 | Train Loss: 5.2071 (Fused: 2.8325) | Train C-index: 0.7914 | Val Fused: 0.7379 | Val CT: 0.6634 | Val PA: 0.7233 | Alpha CT: 0.4985 | Alpha PA: 0.5015
Feature stats | CT: mean=0.9930, std=1.0151, mean_l2=31.7982, median_l2=31.4224, mean_abs=0.9930, max_abs=7.0512 | PA: mean=0.4469, std=0.3370, mean_l2=12.6310, median_l2=12.6268, mean_abs=0.4469, max_abs=2.5656
Epoch 9/30 | Train Loss: 5.1984 (Fused: 2.8106) | Train C-index: 0.8003 | Val Fused: 0.7386 | Val CT: 0.6700 | Val PA: 0.7273 | Alpha CT: 0.4982 | Alpha PA: 0.5018
Feature stats | CT: mean=1.1406, std=1.1987, mean_l2=37.1851, median_l2=37.2554, mean_abs=1.1406, max_abs=7.3501 | PA: mean=0.4735, std=0.3480, mean_l2=13.2581, median_l2=13.2405, mean_abs=0.4735, max_abs=2.6447
Epoch 10/30 | Train Loss: 5.0937 (Fused: 2.7526) | Train C-index: 0.8041 | Val Fused: 0.7349 | Val CT: 0.6696 | Val PA: 0.7247 | Alpha CT: 0.4980 | Alpha PA: 0.5020
Feature stats | CT: mean=1.0367, std=1.0647, mean_l2=33.3184, median_l2=33.0291, mean_abs=1.0367, max_abs=6.9526 | PA: mean=0.4995, std=0.3592, mean_l2=13.8757, median_l2=13.8794, mean_abs=0.4995, max_abs=2.6831
Epoch 11/30 | Train Loss: 5.2084 (Fused: 2.8006) | Train C-index: 0.8145 | Val Fused: 0.7293 | Val CT: 0.6465 | Val PA: 0.7190 | Alpha CT: 0.4978 | Alpha PA: 0.5022
Feature stats | CT: mean=1.0508, std=1.0850, mean_l2=33.8521, median_l2=33.7769, mean_abs=1.0508, max_abs=7.0429 | PA: mean=0.5214, std=0.3680, mean_l2=14.3950, median_l2=14.4141, mean_abs=0.5214, max_abs=2.7467
Epoch 12/30 | Train Loss: 5.0545 (Fused: 2.7095) | Train C-index: 0.8234 | Val Fused: 0.7382 | Val CT: 0.6713 | Val PA: 0.7227 | Alpha CT: 0.4976 | Alpha PA: 0.5024
Feature stats | CT: mean=1.1012, std=1.1456, mean_l2=35.6883, median_l2=35.7047, mean_abs=1.1012, max_abs=7.0229 | PA: mean=0.5432, std=0.3756, mean_l2=14.8963, median_l2=14.9207, mean_abs=0.5432, max_abs=2.7647
Epoch 13/30 | Train Loss: 5.0042 (Fused: 2.6790) | Train C-index: 0.8207 | Val Fused: 0.7369 | Val CT: 0.6630 | Val PA: 0.7223 | Alpha CT: 0.4973 | Alpha PA: 0.5027
Feature stats | CT: mean=0.9324, std=0.9472, mean_l2=29.7477, median_l2=28.7410, mean_abs=0.9324, max_abs=6.7042 | PA: mean=0.5683, std=0.3891, mean_l2=15.5287, median_l2=15.5456, mean_abs=0.5683, max_abs=2.7786
Epoch 14/30 | Train Loss: 4.9557 (Fused: 2.6367) | Train C-index: 0.8379 | Val Fused: 0.7362 | Val CT: 0.6471 | Val PA: 0.7213 | Alpha CT: 0.4971 | Alpha PA: 0.5029
Feature stats | CT: mean=1.0139, std=1.0310, mean_l2=32.4800, median_l2=32.7087, mean_abs=1.0139, max_abs=6.5508 | PA: mean=0.5865, std=0.3944, mean_l2=15.9381, median_l2=15.9586, mean_abs=0.5865, max_abs=2.8566
Epoch 15/30 | Train Loss: 4.8790 (Fused: 2.5951) | Train C-index: 0.8492 | Val Fused: 0.7396 | Val CT: 0.6779 | Val PA: 0.7233 | Alpha CT: 0.4968 | Alpha PA: 0.5032
Feature stats | CT: mean=1.0032, std=1.0210, mean_l2=32.1225, median_l2=32.2096, mean_abs=1.0032, max_abs=6.5324 | PA: mean=0.6019, std=0.3990, mean_l2=16.2826, median_l2=16.3171, mean_abs=0.6019, max_abs=2.8936
Epoch 16/30 | Train Loss: 4.7868 (Fused: 2.5475) | Train C-index: 0.8438 | Val Fused: 0.7432 | Val CT: 0.6683 | Val PA: 0.7326 | Alpha CT: 0.4966 | Alpha PA: 0.5034
Feature stats | CT: mean=1.0135, std=1.0507, mean_l2=32.5965, median_l2=32.0431, mean_abs=1.0135, max_abs=7.3200 | PA: mean=0.6210, std=0.4068, mean_l2=16.7368, median_l2=16.8374, mean_abs=0.6210, max_abs=2.9340
Epoch 17/30 | Train Loss: 4.7731 (Fused: 2.5232) | Train C-index: 0.8590 | Val Fused: 0.7396 | Val CT: 0.6590 | Val PA: 0.7180 | Alpha CT: 0.4964 | Alpha PA: 0.5036
Feature stats | CT: mean=1.1307, std=1.1896, mean_l2=36.8492, median_l2=36.8674, mean_abs=1.1307, max_abs=7.3823 | PA: mean=0.6397, std=0.4156, mean_l2=17.1964, median_l2=17.3040, mean_abs=0.6397, max_abs=2.9664
Epoch 18/30 | Train Loss: 4.9062 (Fused: 2.5896) | Train C-index: 0.8631 | Val Fused: 0.7382 | Val CT: 0.6796 | Val PA: 0.7180 | Alpha CT: 0.4962 | Alpha PA: 0.5038
Feature stats | CT: mean=1.0034, std=1.0291, mean_l2=32.1785, median_l2=31.7849, mean_abs=1.0034, max_abs=6.9247 | PA: mean=0.6590, std=0.4288, mean_l2=17.7161, median_l2=17.7989, mean_abs=0.6590, max_abs=2.9800
Epoch 19/30 | Train Loss: 4.7172 (Fused: 2.4687) | Train C-index: 0.8610 | Val Fused: 0.7389 | Val CT: 0.6789 | Val PA: 0.7190 | Alpha CT: 0.4959 | Alpha PA: 0.5041
Feature stats | CT: mean=1.0213, std=1.0586, mean_l2=32.8491, median_l2=32.2521, mean_abs=1.0213, max_abs=7.2355 | PA: mean=0.6750, std=0.4383, mean_l2=18.1332, median_l2=18.2705, mean_abs=0.6750, max_abs=2.9740
Epoch 20/30 | Train Loss: 4.6359 (Fused: 2.4079) | Train C-index: 0.8775 | Val Fused: 0.7343 | Val CT: 0.6687 | Val PA: 0.7207 | Alpha CT: 0.4957 | Alpha PA: 0.5043
Feature stats | CT: mean=1.1221, std=1.1742, mean_l2=36.4573, median_l2=36.1210, mean_abs=1.1221, max_abs=7.3777 | PA: mean=0.6850, std=0.4429, mean_l2=18.3782, median_l2=18.5399, mean_abs=0.6850, max_abs=2.9985
Epoch 21/30 | Train Loss: 4.7071 (Fused: 2.4495) | Train C-index: 0.8911 | Val Fused: 0.7180 | Val CT: 0.6627 | Val PA: 0.7011 | Alpha CT: 0.4954 | Alpha PA: 0.5046
Feature stats | CT: mean=1.0757, std=1.1057, mean_l2=34.6869, median_l2=34.6913, mean_abs=1.0757, max_abs=6.6836 | PA: mean=0.6907, std=0.4447, mean_l2=18.5044, median_l2=18.7264, mean_abs=0.6907, max_abs=3.0141
Epoch 22/30 | Train Loss: 4.5106 (Fused: 2.3239) | Train C-index: 0.8934 | Val Fused: 0.7147 | Val CT: 0.6713 | Val PA: 0.6849 | Alpha CT: 0.4952 | Alpha PA: 0.5048
Feature stats | CT: mean=0.9532, std=0.9623, mean_l2=30.4039, median_l2=30.0597, mean_abs=0.9532, max_abs=6.1274 | PA: mean=0.7012, std=0.4502, mean_l2=18.7695, median_l2=18.9734, mean_abs=0.7012, max_abs=3.0750
Epoch 23/30 | Train Loss: 4.5130 (Fused: 2.3293) | Train C-index: 0.8960 | Val Fused: 0.7048 | Val CT: 0.6574 | Val PA: 0.6812 | Alpha CT: 0.4949 | Alpha PA: 0.5051
Feature stats | CT: mean=0.9522, std=0.9673, mean_l2=30.4143, median_l2=29.7044, mean_abs=0.9522, max_abs=6.5993 | PA: mean=0.7156, std=0.4608, mean_l2=19.1721, median_l2=19.3998, mean_abs=0.7156, max_abs=3.1115
Epoch 24/30 | Train Loss: 4.3669 (Fused: 2.2371) | Train C-index: 0.9054 | Val Fused: 0.7071 | Val CT: 0.6617 | Val PA: 0.6809 | Alpha CT: 0.4946 | Alpha PA: 0.5054
Feature stats | CT: mean=1.0663, std=1.0997, mean_l2=34.3779, median_l2=34.5680, mean_abs=1.0663, max_abs=7.0978 | PA: mean=0.7257, std=0.4711, mean_l2=19.4795, median_l2=19.6376, mean_abs=0.7257, max_abs=3.2940
Epoch 25/30 | Train Loss: 4.2255 (Fused: 2.1430) | Train C-index: 0.9146 | Val Fused: 0.7124 | Val CT: 0.6650 | Val PA: 0.6895 | Alpha CT: 0.4944 | Alpha PA: 0.5056
Feature stats | CT: mean=1.0523, std=1.0819, mean_l2=33.8538, median_l2=34.0914, mean_abs=1.0523, max_abs=6.9424 | PA: mean=0.7376, std=0.4777, mean_l2=19.7852, median_l2=20.0069, mean_abs=0.7376, max_abs=3.3049
Epoch 26/30 | Train Loss: 4.1901 (Fused: 2.1065) | Train C-index: 0.9190 | Val Fused: 0.7025 | Val CT: 0.6703 | Val PA: 0.6703 | Alpha CT: 0.4941 | Alpha PA: 0.5059
Feature stats | CT: mean=0.9879, std=1.0010, mean_l2=31.5509, median_l2=31.4242, mean_abs=0.9879, max_abs=6.3835 | PA: mean=0.7454, std=0.4791, mean_l2=19.9452, median_l2=20.1778, mean_abs=0.7454, max_abs=3.2306
Early stopping at epoch 26
Fold 3 best fusion alpha | CT: 0.4966 | PA: 0.5034
Fold 3 best C-index: 0.7432

Extra survival metrics:
cutoff_from_train_median: 0.791615
n_test: 112
n_high_risk: 48
n_low_risk: 64
n_event_test: 38
logrank_stat: 14.540359
logrank_p: 0.000137
auc_36m: 0.805915
auc_60m: 0.716910
HR_high_vs_low: 3.432353
HR_95CI_lower: 1.750213
HR_95CI_upper: 6.731210
cox_p: 0.000332

==================================================
Fold 5/5
==================================================
[ResNetCox] Loaded pretrained from /home/gly001/cqj/pa_ct_surv/model/ct_pretrain/resnet_18_23dataset.pth
  Missing keys (ok): ['fc.weight', 'fc.bias']
Epoch 1/30 | Train Loss: 5.8910 (Fused: 3.2659) | Train C-index: 0.6725 | Val Fused: 0.6481 | Val CT: 0.5486 | Val PA: 0.6447 | Alpha CT: 0.4998 | Alpha PA: 0.5002
Feature stats | CT: mean=0.8689, std=0.8821, mean_l2=28.0125, median_l2=27.9271, mean_abs=0.8689, max_abs=6.5591 | PA: mean=0.2794, std=0.2235, mean_l2=8.0877, median_l2=8.0592, mean_abs=0.2794, max_abs=1.9509
Epoch 2/30 | Train Loss: 5.7167 (Fused: 3.1511) | Train C-index: 0.7465 | Val Fused: 0.6373 | Val CT: 0.5543 | Val PA: 0.6403 | Alpha CT: 0.4996 | Alpha PA: 0.5004
Feature stats | CT: mean=0.8835, std=0.8895, mean_l2=28.3513, median_l2=28.2143, mean_abs=0.8835, max_abs=6.2022 | PA: mean=0.3004, std=0.2477, mean_l2=8.7915, median_l2=8.7332, mean_abs=0.3004, max_abs=1.9932
Epoch 3/30 | Train Loss: 5.5807 (Fused: 3.0577) | Train C-index: 0.7579 | Val Fused: 0.6380 | Val CT: 0.5624 | Val PA: 0.6397 | Alpha CT: 0.4994 | Alpha PA: 0.5006
Feature stats | CT: mean=0.9090, std=0.9136, mean_l2=29.0809, median_l2=28.6855, mean_abs=0.9090, max_abs=5.9398 | PA: mean=0.3360, std=0.2811, mean_l2=9.8755, median_l2=9.7427, mean_abs=0.3360, max_abs=2.1562
Epoch 4/30 | Train Loss: 5.5122 (Fused: 3.0111) | Train C-index: 0.7594 | Val Fused: 0.6346 | Val CT: 0.5711 | Val PA: 0.6360 | Alpha CT: 0.4992 | Alpha PA: 0.5008
Feature stats | CT: mean=0.9097, std=0.9197, mean_l2=29.0708, median_l2=28.3415, mean_abs=0.9097, max_abs=6.5471 | PA: mean=0.3749, std=0.3107, mean_l2=10.9650, median_l2=10.8144, mean_abs=0.3749, max_abs=2.3151
Epoch 5/30 | Train Loss: 5.4746 (Fused: 2.9727) | Train C-index: 0.7690 | Val Fused: 0.6457 | Val CT: 0.5855 | Val PA: 0.6343 | Alpha CT: 0.4990 | Alpha PA: 0.5010
Feature stats | CT: mean=0.9659, std=0.9859, mean_l2=30.9798, median_l2=30.5885, mean_abs=0.9659, max_abs=6.8363 | PA: mean=0.3998, std=0.3258, mean_l2=11.6141, median_l2=11.4552, mean_abs=0.3998, max_abs=2.3709
Epoch 6/30 | Train Loss: 5.2549 (Fused: 2.8540) | Train C-index: 0.7810 | Val Fused: 0.6434 | Val CT: 0.5919 | Val PA: 0.6323 | Alpha CT: 0.4989 | Alpha PA: 0.5011
Feature stats | CT: mean=0.9911, std=1.0111, mean_l2=31.8222, median_l2=31.3076, mean_abs=0.9911, max_abs=6.7379 | PA: mean=0.4198, std=0.3379, mean_l2=12.1352, median_l2=12.0110, mean_abs=0.4198, max_abs=2.4149
Epoch 7/30 | Train Loss: 5.2320 (Fused: 2.8382) | Train C-index: 0.7912 | Val Fused: 0.6571 | Val CT: 0.5973 | Val PA: 0.6339 | Alpha CT: 0.4987 | Alpha PA: 0.5013
Feature stats | CT: mean=0.9494, std=0.9638, mean_l2=30.3581, median_l2=29.7668, mean_abs=0.9494, max_abs=6.5404 | PA: mean=0.4397, std=0.3495, mean_l2=12.6512, median_l2=12.5457, mean_abs=0.4397, max_abs=2.4240
Epoch 8/30 | Train Loss: 5.1973 (Fused: 2.8157) | Train C-index: 0.8022 | Val Fused: 0.6645 | Val CT: 0.6111 | Val PA: 0.6403 | Alpha CT: 0.4985 | Alpha PA: 0.5015
Feature stats | CT: mean=0.9559, std=0.9686, mean_l2=30.5493, median_l2=29.7804, mean_abs=0.9559, max_abs=6.5506 | PA: mean=0.4613, std=0.3610, mean_l2=13.1942, median_l2=13.1510, mean_abs=0.4613, max_abs=2.4766
Epoch 9/30 | Train Loss: 5.1151 (Fused: 2.7627) | Train C-index: 0.8135 | Val Fused: 0.6649 | Val CT: 0.6158 | Val PA: 0.6461 | Alpha CT: 0.4983 | Alpha PA: 0.5017
Feature stats | CT: mean=0.9791, std=0.9929, mean_l2=31.3308, median_l2=31.0305, mean_abs=0.9791, max_abs=6.6952 | PA: mean=0.4858, std=0.3715, mean_l2=13.7821, median_l2=13.7879, mean_abs=0.4858, max_abs=2.5136
Epoch 10/30 | Train Loss: 5.0287 (Fused: 2.7083) | Train C-index: 0.8190 | Val Fused: 0.6716 | Val CT: 0.6215 | Val PA: 0.6585 | Alpha CT: 0.4981 | Alpha PA: 0.5019
Feature stats | CT: mean=0.9561, std=0.9736, mean_l2=30.5803, median_l2=29.7970, mean_abs=0.9561, max_abs=6.7836 | PA: mean=0.5130, std=0.3819, mean_l2=14.4101, median_l2=14.4313, mean_abs=0.5130, max_abs=2.5499
Epoch 11/30 | Train Loss: 5.0180 (Fused: 2.6948) | Train C-index: 0.8280 | Val Fused: 0.6746 | Val CT: 0.6289 | Val PA: 0.6582 | Alpha CT: 0.4979 | Alpha PA: 0.5021
Feature stats | CT: mean=0.9343, std=0.9493, mean_l2=29.8418, median_l2=28.9320, mean_abs=0.9343, max_abs=6.5756 | PA: mean=0.5375, std=0.3914, mean_l2=14.9771, median_l2=14.9940, mean_abs=0.5375, max_abs=2.5847
Epoch 12/30 | Train Loss: 4.9635 (Fused: 2.6500) | Train C-index: 0.8399 | Val Fused: 0.6776 | Val CT: 0.6232 | Val PA: 0.6642 | Alpha CT: 0.4977 | Alpha PA: 0.5023
Feature stats | CT: mean=0.9638, std=0.9697, mean_l2=30.7455, median_l2=30.6069, mean_abs=0.9638, max_abs=6.3409 | PA: mean=0.5604, std=0.3987, mean_l2=15.4894, median_l2=15.5825, mean_abs=0.5604, max_abs=2.5871
Epoch 13/30 | Train Loss: 4.8655 (Fused: 2.5953) | Train C-index: 0.8437 | Val Fused: 0.6783 | Val CT: 0.6276 | Val PA: 0.6642 | Alpha CT: 0.4974 | Alpha PA: 0.5026
Feature stats | CT: mean=0.9606, std=0.9757, mean_l2=30.6871, median_l2=29.9080, mean_abs=0.9606, max_abs=6.7388 | PA: mean=0.5869, std=0.4101, mean_l2=16.1179, median_l2=16.1507, mean_abs=0.5869, max_abs=2.6302
Epoch 14/30 | Train Loss: 4.8296 (Fused: 2.5616) | Train C-index: 0.8509 | Val Fused: 0.6931 | Val CT: 0.6286 | Val PA: 0.6807 | Alpha CT: 0.4972 | Alpha PA: 0.5028
Feature stats | CT: mean=0.9854, std=1.0000, mean_l2=31.5008, median_l2=31.0420, mean_abs=0.9854, max_abs=6.6819 | PA: mean=0.6119, std=0.4144, mean_l2=16.6430, median_l2=16.7452, mean_abs=0.6119, max_abs=2.7275
Epoch 15/30 | Train Loss: 4.8537 (Fused: 2.5223) | Train C-index: 0.8596 | Val Fused: 0.6897 | Val CT: 0.6366 | Val PA: 0.6867 | Alpha CT: 0.4970 | Alpha PA: 0.5030
Feature stats | CT: mean=1.0077, std=1.0282, mean_l2=32.2742, median_l2=31.7837, mean_abs=1.0077, max_abs=6.8765 | PA: mean=0.6364, std=0.4240, mean_l2=17.2188, median_l2=17.3247, mean_abs=0.6364, max_abs=2.7770
Epoch 16/30 | Train Loss: 4.7098 (Fused: 2.4778) | Train C-index: 0.8678 | Val Fused: 0.6840 | Val CT: 0.6387 | Val PA: 0.6766 | Alpha CT: 0.4967 | Alpha PA: 0.5033
Feature stats | CT: mean=1.0156, std=1.0309, mean_l2=32.4838, median_l2=32.1866, mean_abs=1.0156, max_abs=6.7239 | PA: mean=0.6626, std=0.4432, mean_l2=17.9378, median_l2=18.0751, mean_abs=0.6626, max_abs=2.9263
Epoch 17/30 | Train Loss: 4.7215 (Fused: 2.4746) | Train C-index: 0.8758 | Val Fused: 0.6840 | Val CT: 0.6427 | Val PA: 0.6763 | Alpha CT: 0.4965 | Alpha PA: 0.5035
Feature stats | CT: mean=0.9967, std=1.0065, mean_l2=31.7915, median_l2=31.4301, mean_abs=0.9967, max_abs=6.5146 | PA: mean=0.6827, std=0.4497, mean_l2=18.3987, median_l2=18.6235, mean_abs=0.6827, max_abs=2.9899
Epoch 18/30 | Train Loss: 4.5832 (Fused: 2.3833) | Train C-index: 0.8834 | Val Fused: 0.6968 | Val CT: 0.6383 | Val PA: 0.6867 | Alpha CT: 0.4962 | Alpha PA: 0.5038
Feature stats | CT: mean=1.0137, std=1.0198, mean_l2=32.3294, median_l2=32.1742, mean_abs=1.0137, max_abs=6.3193 | PA: mean=0.6986, std=0.4508, mean_l2=18.7207, median_l2=18.8609, mean_abs=0.6986, max_abs=3.0890
Epoch 19/30 | Train Loss: 4.4777 (Fused: 2.3130) | Train C-index: 0.8817 | Val Fused: 0.7005 | Val CT: 0.6353 | Val PA: 0.6864 | Alpha CT: 0.4960 | Alpha PA: 0.5040
Feature stats | CT: mean=0.9467, std=0.9633, mean_l2=30.1963, median_l2=28.9262, mean_abs=0.9467, max_abs=6.5130 | PA: mean=0.7152, std=0.4548, mean_l2=19.0882, median_l2=19.2750, mean_abs=0.7152, max_abs=3.1716
Epoch 20/30 | Train Loss: 4.5240 (Fused: 2.2942) | Train C-index: 0.8944 | Val Fused: 0.6921 | Val CT: 0.6366 | Val PA: 0.6871 | Alpha CT: 0.4957 | Alpha PA: 0.5043
Feature stats | CT: mean=0.9248, std=0.9263, mean_l2=29.3784, median_l2=28.7197, mean_abs=0.9248, max_abs=5.9294 | PA: mean=0.7333, std=0.4640, mean_l2=19.5404, median_l2=19.7631, mean_abs=0.7333, max_abs=3.3208
Epoch 21/30 | Train Loss: 4.4899 (Fused: 2.2714) | Train C-index: 0.8979 | Val Fused: 0.6968 | Val CT: 0.6474 | Val PA: 0.6861 | Alpha CT: 0.4954 | Alpha PA: 0.5046
Feature stats | CT: mean=0.9338, std=0.9234, mean_l2=29.5781, median_l2=29.3915, mean_abs=0.9338, max_abs=5.8151 | PA: mean=0.7519, std=0.4748, mean_l2=20.0201, median_l2=20.3085, mean_abs=0.7519, max_abs=3.3086
Epoch 22/30 | Train Loss: 4.3054 (Fused: 2.1719) | Train C-index: 0.9051 | Val Fused: 0.7012 | Val CT: 0.6427 | Val PA: 0.6861 | Alpha CT: 0.4952 | Alpha PA: 0.5048
Feature stats | CT: mean=0.9244, std=0.9216, mean_l2=29.3319, median_l2=28.4012, mean_abs=0.9244, max_abs=5.7617 | PA: mean=0.7652, std=0.4807, mean_l2=20.3438, median_l2=20.6487, mean_abs=0.7652, max_abs=3.2747
Epoch 23/30 | Train Loss: 4.1937 (Fused: 2.1023) | Train C-index: 0.9118 | Val Fused: 0.6961 | Val CT: 0.6474 | Val PA: 0.6793 | Alpha CT: 0.4949 | Alpha PA: 0.5051
Feature stats | CT: mean=1.0156, std=1.0269, mean_l2=32.3941, median_l2=31.5823, mean_abs=1.0156, max_abs=6.6971 | PA: mean=0.7772, std=0.4885, mean_l2=20.6680, median_l2=20.9595, mean_abs=0.7772, max_abs=3.3010
Epoch 24/30 | Train Loss: 4.1579 (Fused: 2.0671) | Train C-index: 0.9186 | Val Fused: 0.6934 | Val CT: 0.6481 | Val PA: 0.6810 | Alpha CT: 0.4946 | Alpha PA: 0.5054
Feature stats | CT: mean=1.0894, std=1.1154, mean_l2=35.0000, median_l2=34.6432, mean_abs=1.0894, max_abs=7.2150 | PA: mean=0.7897, std=0.4965, mean_l2=20.9959, median_l2=21.2819, mean_abs=0.7897, max_abs=3.2928
Epoch 25/30 | Train Loss: 4.1100 (Fused: 2.0110) | Train C-index: 0.9257 | Val Fused: 0.6948 | Val CT: 0.6417 | Val PA: 0.6810 | Alpha CT: 0.4944 | Alpha PA: 0.5056
Feature stats | CT: mean=1.1039, std=1.1385, mean_l2=35.5466, median_l2=35.0943, mean_abs=1.1039, max_abs=7.3503 | PA: mean=0.7960, std=0.5023, mean_l2=21.1821, median_l2=21.4626, mean_abs=0.7960, max_abs=3.3514
Epoch 26/30 | Train Loss: 3.9706 (Fused: 1.9439) | Train C-index: 0.9320 | Val Fused: 0.6931 | Val CT: 0.6403 | Val PA: 0.6807 | Alpha CT: 0.4941 | Alpha PA: 0.5059
Feature stats | CT: mean=1.0865, std=1.1051, mean_l2=34.8219, median_l2=34.5999, mean_abs=1.0865, max_abs=7.0623 | PA: mean=0.8054, std=0.5128, mean_l2=21.4806, median_l2=21.7652, mean_abs=0.8054, max_abs=3.3860
Epoch 27/30 | Train Loss: 3.8778 (Fused: 1.8603) | Train C-index: 0.9408 | Val Fused: 0.6750 | Val CT: 0.6427 | Val PA: 0.6669 | Alpha CT: 0.4938 | Alpha PA: 0.5062
Feature stats | CT: mean=1.0029, std=1.0135, mean_l2=31.9419, median_l2=31.1102, mean_abs=1.0029, max_abs=6.7189 | PA: mean=0.8131, std=0.5227, mean_l2=21.7302, median_l2=22.0243, mean_abs=0.8131, max_abs=3.4570
Epoch 28/30 | Train Loss: 3.7761 (Fused: 1.7929) | Train C-index: 0.9452 | Val Fused: 0.6844 | Val CT: 0.6366 | Val PA: 0.6709 | Alpha CT: 0.4936 | Alpha PA: 0.5064
Feature stats | CT: mean=0.9983, std=0.9936, mean_l2=31.6756, median_l2=31.5376, mean_abs=0.9983, max_abs=6.5990 | PA: mean=0.8212, std=0.5334, mean_l2=21.9998, median_l2=22.2407, mean_abs=0.8212, max_abs=3.5337
Epoch 29/30 | Train Loss: 3.7107 (Fused: 1.7380) | Train C-index: 0.9516 | Val Fused: 0.6787 | Val CT: 0.6266 | Val PA: 0.6662 | Alpha CT: 0.4933 | Alpha PA: 0.5067
Feature stats | CT: mean=1.0669, std=1.0877, mean_l2=34.1520, median_l2=33.6686, mean_abs=1.0669, max_abs=7.0707 | PA: mean=0.8322, std=0.5442, mean_l2=22.3386, median_l2=22.5386, mean_abs=0.8322, max_abs=3.5799
Epoch 30/30 | Train Loss: 3.5459 (Fused: 1.6176) | Train C-index: 0.9585 | Val Fused: 0.6753 | Val CT: 0.6323 | Val PA: 0.6615 | Alpha CT: 0.4930 | Alpha PA: 0.5070
Feature stats | CT: mean=1.0957, std=1.1217, mean_l2=35.1749, median_l2=34.8133, mean_abs=1.0957, max_abs=7.3172 | PA: mean=0.8475, std=0.5680, mean_l2=22.9110, median_l2=23.1224, mean_abs=0.8475, max_abs=3.6679
Fold 4 best fusion alpha | CT: 0.4952 | PA: 0.5048
Fold 4 best C-index: 0.7012

Extra survival metrics:
cutoff_from_train_median: 0.195349
n_test: 112
n_high_risk: 70
n_low_risk: 42
n_event_test: 38
logrank_stat: 6.907572
logrank_p: 0.008583
auc_36m: 0.790246
auc_60m: 0.682238
HR_high_vs_low: 2.738921
HR_95CI_lower: 1.252117
HR_95CI_upper: 5.991206
cox_p: 0.011637

==================================================
5-Fold CV Summary
==================================================
  C-index: 0.7488 +/- 0.0349
