Using Device: cuda | ROI: 64
PA: abmil | CT: resnet18 | Fusion: concat | Fusion dropout: 0.0 | CT/PA dropout: 0.0 | CT augmentation: disabled
LR: 0.0001 | CT Backbone LR: 1e-05
Loss: Fused Cox + 0*CT + 0*PA
CT pretrained: /home/gly001/cqj/pa_ct_surv/model/ct_pretrain/resnet_18_23dataset.pth
Checkpoints: /home/gly001/cqj/pa_ct_surv/checkpoints/pact_v4/pact/roi64_abmil_resnet18_concat_fusion_dropout0.0_epochs30_coxbs64_lr1e-4_blr1e-5_wd5e-4_lct0.0_lpa0.0_seed42
Results: /home/gly001/cqj/pa_ct_surv/results/pact_v4/pact/roi64_abmil_resnet18_concat_fusion_dropout0.0_epochs30_coxbs64_lr1e-4_blr1e-5_wd5e-4_lct0.0_lpa0.0_seed42
Loaded 703 paired samples
Locked split: train=562, test=141
Test set is not accessed during CV

==================================================
Fold 1/5
==================================================
[ResNetCox] Loaded pretrained from /home/gly001/cqj/pa_ct_surv/model/ct_pretrain/resnet_18_23dataset.pth
  Missing keys (ok): ['fc.weight', 'fc.bias']
Epoch 1/30 | Train Loss: 3.1700 (Fused: 3.1700) | Train C-index: 0.5920 | Val Fused: 0.7181 | Val CT: 0.3616 | Val PA: 0.5925
Feature stats | CT: mean=0.8668, std=0.8874, mean_l2=28.0673, median_l2=28.0619, mean_abs=0.8668, max_abs=6.8357 | PA: mean=0.2767, std=0.2190, mean_l2=7.9784, median_l2=7.9485, mean_abs=0.2767, max_abs=1.7966
Epoch 2/30 | Train Loss: 3.0091 (Fused: 3.0091) | Train C-index: 0.7260 | Val Fused: 0.7343 | Val CT: 0.3371 | Val PA: 0.6072
Feature stats | CT: mean=0.7922, std=0.8117, mean_l2=25.6536, median_l2=25.5640, mean_abs=0.7922, max_abs=6.3335 | PA: mean=0.2849, std=0.2312, mean_l2=8.2920, median_l2=8.2243, mean_abs=0.2849, max_abs=1.8674
Epoch 3/30 | Train Loss: 2.9178 (Fused: 2.9178) | Train C-index: 0.7332 | Val Fused: 0.7372 | Val CT: 0.3320 | Val PA: 0.6034
Feature stats | CT: mean=0.7533, std=0.7687, mean_l2=24.3522, median_l2=24.3819, mean_abs=0.7533, max_abs=5.6640 | PA: mean=0.2894, std=0.2363, mean_l2=8.4428, median_l2=8.3993, mean_abs=0.2894, max_abs=1.8131
Epoch 4/30 | Train Loss: 2.8614 (Fused: 2.8614) | Train C-index: 0.7572 | Val Fused: 0.7222 | Val CT: 0.3396 | Val PA: 0.5989
Feature stats | CT: mean=0.7086, std=0.7214, mean_l2=22.8772, median_l2=22.8869, mean_abs=0.7086, max_abs=5.3410 | PA: mean=0.2938, std=0.2409, mean_l2=8.5860, median_l2=8.5465, mean_abs=0.2938, max_abs=1.8409
Epoch 5/30 | Train Loss: 2.7752 (Fused: 2.7752) | Train C-index: 0.7889 | Val Fused: 0.7445 | Val CT: 0.3335 | Val PA: 0.5980
Feature stats | CT: mean=0.6822, std=0.6907, mean_l2=21.9667, median_l2=21.9545, mean_abs=0.6822, max_abs=4.7693 | PA: mean=0.2967, std=0.2427, mean_l2=8.6630, median_l2=8.6441, mean_abs=0.2967, max_abs=1.8712
Epoch 6/30 | Train Loss: 2.7020 (Fused: 2.7020) | Train C-index: 0.8087 | Val Fused: 0.7305 | Val CT: 0.3348 | Val PA: 0.5916
Feature stats | CT: mean=0.6832, std=0.6911, mean_l2=21.9889, median_l2=22.0033, mean_abs=0.6832, max_abs=4.8358 | PA: mean=0.2993, std=0.2439, mean_l2=8.7273, median_l2=8.7078, mean_abs=0.2993, max_abs=1.8883
Epoch 7/30 | Train Loss: 2.5587 (Fused: 2.5587) | Train C-index: 0.8271 | Val Fused: 0.6977 | Val CT: 0.3839 | Val PA: 0.5804
Feature stats | CT: mean=0.6591, std=0.6627, mean_l2=21.1484, median_l2=21.1317, mean_abs=0.6591, max_abs=4.5876 | PA: mean=0.3024, std=0.2435, mean_l2=8.7755, median_l2=8.7641, mean_abs=0.3024, max_abs=1.8878
Epoch 8/30 | Train Loss: 2.5117 (Fused: 2.5117) | Train C-index: 0.8478 | Val Fused: 0.7330 | Val CT: 0.3380 | Val PA: 0.5776
Feature stats | CT: mean=0.6411, std=0.6409, mean_l2=20.5116, median_l2=20.4972, mean_abs=0.6411, max_abs=4.5087 | PA: mean=0.3031, std=0.2423, mean_l2=8.7725, median_l2=8.7525, mean_abs=0.3031, max_abs=1.9099
Epoch 9/30 | Train Loss: 2.4657 (Fused: 2.4657) | Train C-index: 0.8518 | Val Fused: 0.7187 | Val CT: 0.3396 | Val PA: 0.5706
Feature stats | CT: mean=0.6390, std=0.6405, mean_l2=20.4701, median_l2=20.5182, mean_abs=0.6390, max_abs=4.7247 | PA: mean=0.3034, std=0.2440, mean_l2=8.8018, median_l2=8.7966, mean_abs=0.3034, max_abs=1.8865
Epoch 10/30 | Train Loss: 2.3576 (Fused: 2.3576) | Train C-index: 0.8699 | Val Fused: 0.7302 | Val CT: 0.3603 | Val PA: 0.5645
Feature stats | CT: mean=0.6066, std=0.6082, mean_l2=19.4371, median_l2=19.4179, mean_abs=0.6066, max_abs=4.2530 | PA: mean=0.3046, std=0.2444, mean_l2=8.8288, median_l2=8.8137, mean_abs=0.3046, max_abs=1.9105
Epoch 11/30 | Train Loss: 2.2714 (Fused: 2.2714) | Train C-index: 0.8874 | Val Fused: 0.6970 | Val CT: 0.4161 | Val PA: 0.5674
Feature stats | CT: mean=0.5949, std=0.5956, mean_l2=19.0468, median_l2=19.0447, mean_abs=0.5949, max_abs=3.8948 | PA: mean=0.3043, std=0.2443, mean_l2=8.8225, median_l2=8.8128, mean_abs=0.3043, max_abs=1.9282
Epoch 12/30 | Train Loss: 2.1423 (Fused: 2.1423) | Train C-index: 0.8994 | Val Fused: 0.7174 | Val CT: 0.3982 | Val PA: 0.5642
Feature stats | CT: mean=0.5874, std=0.5880, mean_l2=18.8069, median_l2=18.8056, mean_abs=0.5874, max_abs=3.8795 | PA: mean=0.3018, std=0.2421, mean_l2=8.7481, median_l2=8.7371, mean_abs=0.3018, max_abs=1.9582
Epoch 13/30 | Train Loss: 2.0190 (Fused: 2.0190) | Train C-index: 0.9096 | Val Fused: 0.6932 | Val CT: 0.4001 | Val PA: 0.5597
Feature stats | CT: mean=0.5748, std=0.5726, mean_l2=18.3565, median_l2=18.3556, mean_abs=0.5748, max_abs=3.5970 | PA: mean=0.3016, std=0.2414, mean_l2=8.7320, median_l2=8.7155, mean_abs=0.3016, max_abs=2.0007
Epoch 14/30 | Train Loss: 2.0140 (Fused: 2.0140) | Train C-index: 0.9146 | Val Fused: 0.7184 | Val CT: 0.4148 | Val PA: 0.5556
Feature stats | CT: mean=0.5663, std=0.5608, mean_l2=18.0340, median_l2=18.0419, mean_abs=0.5663, max_abs=3.6326 | PA: mean=0.2994, std=0.2404, mean_l2=8.6805, median_l2=8.6630, mean_abs=0.2994, max_abs=1.9962
Epoch 15/30 | Train Loss: 1.8816 (Fused: 1.8816) | Train C-index: 0.9245 | Val Fused: 0.6798 | Val CT: 0.4103 | Val PA: 0.5441
Feature stats | CT: mean=0.5540, std=0.5515, mean_l2=17.6888, median_l2=17.6840, mean_abs=0.5540, max_abs=3.4629 | PA: mean=0.2987, std=0.2407, mean_l2=8.6728, median_l2=8.6480, mean_abs=0.2987, max_abs=2.0248
Early stopping at epoch 15
Fold 0 best C-index: 0.7445

Extra survival metrics:
cutoff_from_train_median: -0.611701
n_test: 113
n_high_risk: 56
n_low_risk: 57
n_event_test: 38
logrank_stat: 21.015835
logrank_p: 0.000005
auc_36m: 0.756938
auc_60m: 0.793968
HR_high_vs_low: 5.183654
HR_95CI_lower: 2.368340
HR_95CI_upper: 11.345613
cox_p: 0.000038

==================================================
Fold 2/5
==================================================
[ResNetCox] Loaded pretrained from /home/gly001/cqj/pa_ct_surv/model/ct_pretrain/resnet_18_23dataset.pth
  Missing keys (ok): ['fc.weight', 'fc.bias']
Epoch 1/30 | Train Loss: 3.1984 (Fused: 3.1984) | Train C-index: 0.6392 | Val Fused: 0.7590 | Val CT: 0.3355 | Val PA: 0.5983
Feature stats | CT: mean=0.8442, std=0.8694, mean_l2=27.4180, median_l2=27.4121, mean_abs=0.8442, max_abs=6.5732 | PA: mean=0.2770, std=0.2196, mean_l2=7.9918, median_l2=7.9648, mean_abs=0.2770, max_abs=1.8548
Epoch 2/30 | Train Loss: 3.0178 (Fused: 3.0178) | Train C-index: 0.7228 | Val Fused: 0.7596 | Val CT: 0.3092 | Val PA: 0.6223
Feature stats | CT: mean=0.7801, std=0.8013, mean_l2=25.2980, median_l2=25.2423, mean_abs=0.7801, max_abs=6.0963 | PA: mean=0.2853, std=0.2320, mean_l2=8.3095, median_l2=8.2645, mean_abs=0.2853, max_abs=2.0279
Epoch 3/30 | Train Loss: 2.9538 (Fused: 2.9538) | Train C-index: 0.7389 | Val Fused: 0.7488 | Val CT: 0.2838 | Val PA: 0.6207
Feature stats | CT: mean=0.7289, std=0.7481, mean_l2=23.6317, median_l2=23.6000, mean_abs=0.7289, max_abs=5.3817 | PA: mean=0.2907, std=0.2366, mean_l2=8.4702, median_l2=8.4016, mean_abs=0.2907, max_abs=2.0884
Epoch 4/30 | Train Loss: 2.8476 (Fused: 2.8476) | Train C-index: 0.7662 | Val Fused: 0.7432 | Val CT: 0.2792 | Val PA: 0.6171
Feature stats | CT: mean=0.7057, std=0.7185, mean_l2=22.7876, median_l2=22.8144, mean_abs=0.7057, max_abs=4.9134 | PA: mean=0.2947, std=0.2392, mean_l2=8.5780, median_l2=8.5300, mean_abs=0.2947, max_abs=2.1022
Epoch 5/30 | Train Loss: 2.7476 (Fused: 2.7476) | Train C-index: 0.7740 | Val Fused: 0.7451 | Val CT: 0.2828 | Val PA: 0.6072
Feature stats | CT: mean=0.6868, std=0.6933, mean_l2=22.0830, median_l2=22.0851, mean_abs=0.6868, max_abs=4.7521 | PA: mean=0.2993, std=0.2407, mean_l2=8.6821, median_l2=8.6426, mean_abs=0.2993, max_abs=2.1375
Epoch 6/30 | Train Loss: 2.6724 (Fused: 2.6724) | Train C-index: 0.8061 | Val Fused: 0.7458 | Val CT: 0.2733 | Val PA: 0.6026
Feature stats | CT: mean=0.6729, std=0.6789, mean_l2=21.6278, median_l2=21.6355, mean_abs=0.6729, max_abs=4.6247 | PA: mean=0.3018, std=0.2415, mean_l2=8.7372, median_l2=8.7101, mean_abs=0.3018, max_abs=2.1666
Epoch 7/30 | Train Loss: 2.5416 (Fused: 2.5416) | Train C-index: 0.8034 | Val Fused: 0.7425 | Val CT: 0.2684 | Val PA: 0.6013
Feature stats | CT: mean=0.6569, std=0.6636, mean_l2=21.1289, median_l2=21.1251, mean_abs=0.6569, max_abs=4.2727 | PA: mean=0.3031, std=0.2409, mean_l2=8.7521, median_l2=8.7140, mean_abs=0.3031, max_abs=2.2158
Epoch 8/30 | Train Loss: 2.5007 (Fused: 2.5007) | Train C-index: 0.7725 | Val Fused: 0.7139 | Val CT: 0.2601 | Val PA: 0.6111
Feature stats | CT: mean=0.6474, std=0.6533, mean_l2=20.8106, median_l2=20.8117, mean_abs=0.6474, max_abs=4.2481 | PA: mean=0.3024, std=0.2396, mean_l2=8.7210, median_l2=8.6976, mean_abs=0.3024, max_abs=2.2886
Epoch 9/30 | Train Loss: 2.4393 (Fused: 2.4393) | Train C-index: 0.8008 | Val Fused: 0.7633 | Val CT: 0.2753 | Val PA: 0.6075
Feature stats | CT: mean=0.6360, std=0.6419, mean_l2=20.4449, median_l2=20.4351, mean_abs=0.6360, max_abs=4.1271 | PA: mean=0.3024, std=0.2404, mean_l2=8.7331, median_l2=8.7071, mean_abs=0.3024, max_abs=2.2757
Epoch 10/30 | Train Loss: 2.3578 (Fused: 2.3578) | Train C-index: 0.8193 | Val Fused: 0.6888 | Val CT: 0.3029 | Val PA: 0.5914
Feature stats | CT: mean=0.6218, std=0.6265, mean_l2=19.9718, median_l2=19.9725, mean_abs=0.6218, max_abs=3.9793 | PA: mean=0.3048, std=0.2410, mean_l2=8.7835, median_l2=8.7508, mean_abs=0.3048, max_abs=2.2700
Epoch 11/30 | Train Loss: 2.2669 (Fused: 2.2669) | Train C-index: 0.8809 | Val Fused: 0.7609 | Val CT: 0.2644 | Val PA: 0.5999
Feature stats | CT: mean=0.6070, std=0.6131, mean_l2=19.5218, median_l2=19.5291, mean_abs=0.6070, max_abs=4.0173 | PA: mean=0.3058, std=0.2427, mean_l2=8.8244, median_l2=8.7911, mean_abs=0.3058, max_abs=2.2604
Epoch 12/30 | Train Loss: 2.1725 (Fused: 2.1725) | Train C-index: 0.8913 | Val Fused: 0.6997 | Val CT: 0.2707 | Val PA: 0.6049
Feature stats | CT: mean=0.5951, std=0.5967, mean_l2=19.0677, median_l2=19.0751, mean_abs=0.5951, max_abs=3.6565 | PA: mean=0.3050, std=0.2431, mean_l2=8.8172, median_l2=8.8001, mean_abs=0.3050, max_abs=2.2367
Epoch 13/30 | Train Loss: 2.0281 (Fused: 2.0281) | Train C-index: 0.9173 | Val Fused: 0.6964 | Val CT: 0.2924 | Val PA: 0.6036
Feature stats | CT: mean=0.5816, std=0.5853, mean_l2=18.6695, median_l2=18.6680, mean_abs=0.5816, max_abs=3.7066 | PA: mean=0.3053, std=0.2429, mean_l2=8.8189, median_l2=8.7980, mean_abs=0.3053, max_abs=2.2615
Epoch 14/30 | Train Loss: 1.9436 (Fused: 1.9436) | Train C-index: 0.9194 | Val Fused: 0.6767 | Val CT: 0.2907 | Val PA: 0.5881
Feature stats | CT: mean=0.5690, std=0.5688, mean_l2=18.2044, median_l2=18.1922, mean_abs=0.5690, max_abs=3.5530 | PA: mean=0.3060, std=0.2447, mean_l2=8.8548, median_l2=8.8342, mean_abs=0.3060, max_abs=2.3093
Epoch 15/30 | Train Loss: 1.8453 (Fused: 1.8453) | Train C-index: 0.9251 | Val Fused: 0.7010 | Val CT: 0.2914 | Val PA: 0.5769
Feature stats | CT: mean=0.5645, std=0.5637, mean_l2=18.0522, median_l2=18.0434, mean_abs=0.5645, max_abs=3.5454 | PA: mean=0.3043, std=0.2423, mean_l2=8.7928, median_l2=8.7754, mean_abs=0.3043, max_abs=2.2824
Epoch 16/30 | Train Loss: 1.6964 (Fused: 1.6964) | Train C-index: 0.9465 | Val Fused: 0.7076 | Val CT: 0.2710 | Val PA: 0.5815
Feature stats | CT: mean=0.5571, std=0.5570, mean_l2=17.8258, median_l2=17.8255, mean_abs=0.5571, max_abs=3.3540 | PA: mean=0.3017, std=0.2392, mean_l2=8.7034, median_l2=8.6699, mean_abs=0.3017, max_abs=2.2751
Epoch 17/30 | Train Loss: 1.6175 (Fused: 1.6175) | Train C-index: 0.9528 | Val Fused: 0.6796 | Val CT: 0.3191 | Val PA: 0.5802
Feature stats | CT: mean=0.5486, std=0.5441, mean_l2=17.4839, median_l2=17.4784, mean_abs=0.5486, max_abs=3.4921 | PA: mean=0.3009, std=0.2391, mean_l2=8.6864, median_l2=8.6562, mean_abs=0.3009, max_abs=2.3473
Epoch 18/30 | Train Loss: 1.5351 (Fused: 1.5351) | Train C-index: 0.9528 | Val Fused: 0.6658 | Val CT: 0.3003 | Val PA: 0.5789
Feature stats | CT: mean=0.5426, std=0.5407, mean_l2=17.3333, median_l2=17.3216, mean_abs=0.5426, max_abs=3.3860 | PA: mean=0.2987, std=0.2377, mean_l2=8.6288, median_l2=8.5871, mean_abs=0.2987, max_abs=2.2962
Epoch 19/30 | Train Loss: 1.4705 (Fused: 1.4705) | Train C-index: 0.9550 | Val Fused: 0.6823 | Val CT: 0.3036 | Val PA: 0.5749
Feature stats | CT: mean=0.5344, std=0.5293, mean_l2=17.0190, median_l2=17.0166, mean_abs=0.5344, max_abs=3.3123 | PA: mean=0.2987, std=0.2379, mean_l2=8.6320, median_l2=8.5969, mean_abs=0.2987, max_abs=2.2706
Early stopping at epoch 19
Fold 1 best C-index: 0.7633

Extra survival metrics:
cutoff_from_train_median: 0.333885
n_test: 113
n_high_risk: 50
n_low_risk: 63
n_event_test: 39
logrank_stat: 23.815898
logrank_p: 0.000001
auc_36m: 0.778739
auc_60m: 0.802907
HR_high_vs_low: 5.637775
HR_95CI_lower: 2.580538
HR_95CI_upper: 12.317008
cox_p: 0.000014

==================================================
Fold 3/5
==================================================
[ResNetCox] Loaded pretrained from /home/gly001/cqj/pa_ct_surv/model/ct_pretrain/resnet_18_23dataset.pth
  Missing keys (ok): ['fc.weight', 'fc.bias']
Epoch 1/30 | Train Loss: 3.2415 (Fused: 3.2415) | Train C-index: 0.6752 | Val Fused: 0.6993 | Val CT: 0.3156 | Val PA: 0.5712
Feature stats | CT: mean=0.8558, std=0.8743, mean_l2=27.6764, median_l2=27.7941, mean_abs=0.8558, max_abs=6.7652 | PA: mean=0.2784, std=0.2214, mean_l2=8.0434, median_l2=7.9996, mean_abs=0.2784, max_abs=1.7557
Epoch 2/30 | Train Loss: 3.0198 (Fused: 3.0198) | Train C-index: 0.7286 | Val Fused: 0.6976 | Val CT: 0.3237 | Val PA: 0.5651
Feature stats | CT: mean=0.7549, std=0.7711, mean_l2=24.4076, median_l2=24.2734, mean_abs=0.7549, max_abs=5.8795 | PA: mean=0.2884, std=0.2343, mean_l2=8.3971, median_l2=8.3482, mean_abs=0.2884, max_abs=1.8977
Epoch 3/30 | Train Loss: 3.0013 (Fused: 3.0013) | Train C-index: 0.7509 | Val Fused: 0.7031 | Val CT: 0.3793 | Val PA: 0.5576
Feature stats | CT: mean=0.7088, std=0.7212, mean_l2=22.8798, median_l2=22.8587, mean_abs=0.7088, max_abs=5.0583 | PA: mean=0.2930, std=0.2409, mean_l2=8.5732, median_l2=8.5496, mean_abs=0.2930, max_abs=1.9313
Epoch 4/30 | Train Loss: 2.8599 (Fused: 2.8599) | Train C-index: 0.7786 | Val Fused: 0.7081 | Val CT: 0.4081 | Val PA: 0.5586
Feature stats | CT: mean=0.6922, std=0.6990, mean_l2=22.2599, median_l2=22.2767, mean_abs=0.6922, max_abs=4.7760 | PA: mean=0.2970, std=0.2443, mean_l2=8.6909, median_l2=8.6551, mean_abs=0.2970, max_abs=1.9603
Epoch 5/30 | Train Loss: 2.7854 (Fused: 2.7854) | Train C-index: 0.7854 | Val Fused: 0.7014 | Val CT: 0.4536 | Val PA: 0.5522
Feature stats | CT: mean=0.6823, std=0.6819, mean_l2=21.8276, median_l2=21.8333, mean_abs=0.6823, max_abs=4.6553 | PA: mean=0.3002, std=0.2444, mean_l2=8.7493, median_l2=8.7219, mean_abs=0.3002, max_abs=1.9582
Epoch 6/30 | Train Loss: 2.6923 (Fused: 2.6923) | Train C-index: 0.8051 | Val Fused: 0.7098 | Val CT: 0.3756 | Val PA: 0.5539
Feature stats | CT: mean=0.6774, std=0.6741, mean_l2=21.6229, median_l2=21.6004, mean_abs=0.6774, max_abs=4.6145 | PA: mean=0.3016, std=0.2443, mean_l2=8.7748, median_l2=8.7568, mean_abs=0.3016, max_abs=1.9749
Epoch 7/30 | Train Loss: 2.8351 (Fused: 2.8351) | Train C-index: 0.8309 | Val Fused: 0.7169 | Val CT: 0.3878 | Val PA: 0.5502
Feature stats | CT: mean=0.6653, std=0.6597, mean_l2=21.1985, median_l2=21.2131, mean_abs=0.6653, max_abs=4.5479 | PA: mean=0.3055, std=0.2456, mean_l2=8.8608, median_l2=8.8397, mean_abs=0.3055, max_abs=1.9962
Epoch 8/30 | Train Loss: 2.5999 (Fused: 2.5999) | Train C-index: 0.8461 | Val Fused: 0.7224 | Val CT: 0.3631 | Val PA: 0.5475
Feature stats | CT: mean=0.6643, std=0.6590, mean_l2=21.1728, median_l2=21.1753, mean_abs=0.6643, max_abs=4.7918 | PA: mean=0.3093, std=0.2473, mean_l2=8.9521, median_l2=8.9353, mean_abs=0.3093, max_abs=2.0252
Epoch 9/30 | Train Loss: 2.5790 (Fused: 2.5790) | Train C-index: 0.8382 | Val Fused: 0.7200 | Val CT: 0.3827 | Val PA: 0.5478
Feature stats | CT: mean=0.6507, std=0.6507, mean_l2=20.8210, median_l2=20.8183, mean_abs=0.6507, max_abs=4.7019 | PA: mean=0.3133, std=0.2511, mean_l2=9.0762, median_l2=9.0636, mean_abs=0.3133, max_abs=1.9933
Epoch 10/30 | Train Loss: 2.4892 (Fused: 2.4892) | Train C-index: 0.8596 | Val Fused: 0.7108 | Val CT: 0.3763 | Val PA: 0.5444
Feature stats | CT: mean=0.6310, std=0.6298, mean_l2=20.1722, median_l2=20.1533, mean_abs=0.6310, max_abs=4.3781 | PA: mean=0.3155, std=0.2530, mean_l2=9.1425, median_l2=9.1338, mean_abs=0.3155, max_abs=1.9725
Epoch 11/30 | Train Loss: 2.3849 (Fused: 2.3849) | Train C-index: 0.8701 | Val Fused: 0.7075 | Val CT: 0.3969 | Val PA: 0.5424
Feature stats | CT: mean=0.6193, std=0.6195, mean_l2=19.8192, median_l2=19.8233, mean_abs=0.6193, max_abs=4.3031 | PA: mean=0.3148, std=0.2521, mean_l2=9.1176, median_l2=9.1057, mean_abs=0.3148, max_abs=1.9697
Epoch 12/30 | Train Loss: 2.3057 (Fused: 2.3057) | Train C-index: 0.8822 | Val Fused: 0.7122 | Val CT: 0.4136 | Val PA: 0.5441
Feature stats | CT: mean=0.6053, std=0.6068, mean_l2=19.3933, median_l2=19.4020, mean_abs=0.6053, max_abs=4.1903 | PA: mean=0.3153, std=0.2514, mean_l2=9.1176, median_l2=9.1107, mean_abs=0.3153, max_abs=1.9719
Epoch 13/30 | Train Loss: 2.2085 (Fused: 2.2085) | Train C-index: 0.8891 | Val Fused: 0.6953 | Val CT: 0.4590 | Val PA: 0.5475
Feature stats | CT: mean=0.5913, std=0.5883, mean_l2=18.8731, median_l2=18.8507, mean_abs=0.5913, max_abs=3.9218 | PA: mean=0.3164, std=0.2511, mean_l2=9.1328, median_l2=9.1261, mean_abs=0.3164, max_abs=2.0024
Epoch 14/30 | Train Loss: 2.1619 (Fused: 2.1619) | Train C-index: 0.9015 | Val Fused: 0.7075 | Val CT: 0.4346 | Val PA: 0.5475
Feature stats | CT: mean=0.5853, std=0.5857, mean_l2=18.7361, median_l2=18.7318, mean_abs=0.5853, max_abs=3.8689 | PA: mean=0.3152, std=0.2493, mean_l2=9.0853, median_l2=9.0821, mean_abs=0.3152, max_abs=1.9792
Epoch 15/30 | Train Loss: 2.0532 (Fused: 2.0532) | Train C-index: 0.9062 | Val Fused: 0.6868 | Val CT: 0.4824 | Val PA: 0.5475
Feature stats | CT: mean=0.5771, std=0.5753, mean_l2=18.4381, median_l2=18.4318, mean_abs=0.5771, max_abs=3.8017 | PA: mean=0.3139, std=0.2481, mean_l2=9.0461, median_l2=9.0392, mean_abs=0.3139, max_abs=1.9930
Epoch 16/30 | Train Loss: 2.0767 (Fused: 2.0767) | Train C-index: 0.9037 | Val Fused: 0.7132 | Val CT: 0.3505 | Val PA: 0.5590
Feature stats | CT: mean=0.5678, std=0.5655, mean_l2=18.1324, median_l2=18.1274, mean_abs=0.5678, max_abs=3.6152 | PA: mean=0.3124, std=0.2492, mean_l2=9.0345, median_l2=9.0338, mean_abs=0.3124, max_abs=1.9632
Epoch 17/30 | Train Loss: 2.0027 (Fused: 2.0027) | Train C-index: 0.9096 | Val Fused: 0.6959 | Val CT: 0.4447 | Val PA: 0.5739
Feature stats | CT: mean=0.5657, std=0.5653, mean_l2=18.0959, median_l2=18.1172, mean_abs=0.5657, max_abs=3.8327 | PA: mean=0.3119, std=0.2496, mean_l2=9.0305, median_l2=9.0139, mean_abs=0.3119, max_abs=1.9873
Epoch 18/30 | Train Loss: 1.9271 (Fused: 1.9271) | Train C-index: 0.8884 | Val Fused: 0.7034 | Val CT: 0.4112 | Val PA: 0.5617
Feature stats | CT: mean=0.5517, std=0.5484, mean_l2=17.6024, median_l2=17.5931, mean_abs=0.5517, max_abs=3.5480 | PA: mean=0.3110, std=0.2477, mean_l2=8.9884, median_l2=8.9775, mean_abs=0.3110, max_abs=1.9950
Early stopping at epoch 18
Fold 2 best C-index: 0.7224

Extra survival metrics:
cutoff_from_train_median: -1.306469
n_test: 112
n_high_risk: 59
n_low_risk: 53
n_event_test: 38
logrank_stat: 20.093410
logrank_p: 0.000007
auc_36m: 0.747290
auc_60m: 0.755493
HR_high_vs_low: 5.856470
HR_95CI_lower: 2.442110
HR_95CI_upper: 14.044510
cox_p: 0.000075

==================================================
Fold 4/5
==================================================
[ResNetCox] Loaded pretrained from /home/gly001/cqj/pa_ct_surv/model/ct_pretrain/resnet_18_23dataset.pth
  Missing keys (ok): ['fc.weight', 'fc.bias']
Epoch 1/30 | Train Loss: 3.2085 (Fused: 3.2085) | Train C-index: 0.6485 | Val Fused: 0.7101 | Val CT: 0.3307 | Val PA: 0.6097
Feature stats | CT: mean=0.8466, std=0.8689, mean_l2=27.4451, median_l2=27.5815, mean_abs=0.8466, max_abs=6.6399 | PA: mean=0.2778, std=0.2211, mean_l2=8.0264, median_l2=7.9996, mean_abs=0.2778, max_abs=1.7572
Epoch 2/30 | Train Loss: 3.0396 (Fused: 3.0396) | Train C-index: 0.7102 | Val Fused: 0.7260 | Val CT: 0.3247 | Val PA: 0.6279
Feature stats | CT: mean=0.7512, std=0.7718, mean_l2=24.3615, median_l2=24.1956, mean_abs=0.7512, max_abs=5.6325 | PA: mean=0.2864, std=0.2316, mean_l2=8.3240, median_l2=8.2791, mean_abs=0.2864, max_abs=1.9008
Epoch 3/30 | Train Loss: 2.9165 (Fused: 2.9165) | Train C-index: 0.7532 | Val Fused: 0.7263 | Val CT: 0.3661 | Val PA: 0.6342
Feature stats | CT: mean=0.7086, std=0.7260, mean_l2=22.9539, median_l2=22.9201, mean_abs=0.7086, max_abs=4.5707 | PA: mean=0.2921, std=0.2353, mean_l2=8.4773, median_l2=8.4211, mean_abs=0.2921, max_abs=1.8689
Epoch 4/30 | Train Loss: 2.9478 (Fused: 2.9478) | Train C-index: 0.7676 | Val Fused: 0.7399 | Val CT: 0.3426 | Val PA: 0.6296
Feature stats | CT: mean=0.6976, std=0.7045, mean_l2=22.4341, median_l2=22.4504, mean_abs=0.6976, max_abs=4.2647 | PA: mean=0.2967, std=0.2384, mean_l2=8.6042, median_l2=8.5570, mean_abs=0.2967, max_abs=1.8901
Epoch 5/30 | Train Loss: 2.8041 (Fused: 2.8041) | Train C-index: 0.7900 | Val Fused: 0.7409 | Val CT: 0.3241 | Val PA: 0.6276
Feature stats | CT: mean=0.6866, std=0.6927, mean_l2=22.0693, median_l2=22.0580, mean_abs=0.6866, max_abs=4.5454 | PA: mean=0.3011, std=0.2420, mean_l2=8.7318, median_l2=8.6939, mean_abs=0.3011, max_abs=2.0471
Epoch 6/30 | Train Loss: 2.8038 (Fused: 2.8038) | Train C-index: 0.8069 | Val Fused: 0.7353 | Val CT: 0.3224 | Val PA: 0.6199
Feature stats | CT: mean=0.6642, std=0.6719, mean_l2=21.3762, median_l2=21.3591, mean_abs=0.6642, max_abs=4.5242 | PA: mean=0.3051, std=0.2427, mean_l2=8.8135, median_l2=8.7794, mean_abs=0.3051, max_abs=2.1088
Epoch 7/30 | Train Loss: 2.7440 (Fused: 2.7440) | Train C-index: 0.8140 | Val Fused: 0.7273 | Val CT: 0.3217 | Val PA: 0.6150
Feature stats | CT: mean=0.6447, std=0.6493, mean_l2=20.7041, median_l2=20.7039, mean_abs=0.6447, max_abs=4.0486 | PA: mean=0.3100, std=0.2453, mean_l2=8.9359, median_l2=8.9080, mean_abs=0.3100, max_abs=2.0848
Epoch 8/30 | Train Loss: 2.6266 (Fused: 2.6266) | Train C-index: 0.8287 | Val Fused: 0.7167 | Val CT: 0.3211 | Val PA: 0.6044
Feature stats | CT: mean=0.6368, std=0.6466, mean_l2=20.5348, median_l2=20.5167, mean_abs=0.6368, max_abs=4.0865 | PA: mean=0.3133, std=0.2487, mean_l2=9.0420, median_l2=9.0255, mean_abs=0.3133, max_abs=2.0710
Epoch 9/30 | Train Loss: 2.5396 (Fused: 2.5396) | Train C-index: 0.8484 | Val Fused: 0.7263 | Val CT: 0.3284 | Val PA: 0.6030
Feature stats | CT: mean=0.6278, std=0.6352, mean_l2=20.2074, median_l2=20.1889, mean_abs=0.6278, max_abs=3.9703 | PA: mean=0.3143, std=0.2490, mean_l2=9.0628, median_l2=9.0512, mean_abs=0.3143, max_abs=2.0837
Epoch 10/30 | Train Loss: 2.4347 (Fused: 2.4347) | Train C-index: 0.8501 | Val Fused: 0.7286 | Val CT: 0.3569 | Val PA: 0.6060
Feature stats | CT: mean=0.6136, std=0.6162, mean_l2=19.6753, median_l2=19.6685, mean_abs=0.6136, max_abs=3.7785 | PA: mean=0.3145, std=0.2484, mean_l2=9.0589, median_l2=9.0441, mean_abs=0.3145, max_abs=2.1031
Epoch 11/30 | Train Loss: 2.5230 (Fused: 2.5230) | Train C-index: 0.8273 | Val Fused: 0.7200 | Val CT: 0.4112 | Val PA: 0.6087
Feature stats | CT: mean=0.6026, std=0.6059, mean_l2=19.3355, median_l2=19.3299, mean_abs=0.6026, max_abs=3.6478 | PA: mean=0.3146, std=0.2503, mean_l2=9.0879, median_l2=9.0852, mean_abs=0.3146, max_abs=2.1121
Epoch 12/30 | Train Loss: 2.3372 (Fused: 2.3372) | Train C-index: 0.8729 | Val Fused: 0.7054 | Val CT: 0.4450 | Val PA: 0.6113
Feature stats | CT: mean=0.5900, std=0.5926, mean_l2=18.9220, median_l2=18.9161, mean_abs=0.5900, max_abs=3.6872 | PA: mean=0.3136, std=0.2508, mean_l2=9.0773, median_l2=9.0701, mean_abs=0.3136, max_abs=2.0620
Epoch 13/30 | Train Loss: 2.2635 (Fused: 2.2635) | Train C-index: 0.8872 | Val Fused: 0.7170 | Val CT: 0.4311 | Val PA: 0.6083
Feature stats | CT: mean=0.5805, std=0.5834, mean_l2=18.6219, median_l2=18.6003, mean_abs=0.5805, max_abs=3.7746 | PA: mean=0.3137, std=0.2504, mean_l2=9.0740, median_l2=9.0643, mean_abs=0.3137, max_abs=2.0982
Epoch 14/30 | Train Loss: 2.1434 (Fused: 2.1434) | Train C-index: 0.9016 | Val Fused: 0.7227 | Val CT: 0.4195 | Val PA: 0.6140
Feature stats | CT: mean=0.5742, std=0.5764, mean_l2=18.4093, median_l2=18.4022, mean_abs=0.5742, max_abs=3.6499 | PA: mean=0.3127, std=0.2514, mean_l2=9.0704, median_l2=9.0465, mean_abs=0.3127, max_abs=2.1099
Epoch 15/30 | Train Loss: 2.0096 (Fused: 2.0096) | Train C-index: 0.9209 | Val Fused: 0.7054 | Val CT: 0.4198 | Val PA: 0.6160
Feature stats | CT: mean=0.5643, std=0.5653, mean_l2=18.0731, median_l2=18.0559, mean_abs=0.5643, max_abs=3.5256 | PA: mean=0.3098, std=0.2490, mean_l2=8.9850, median_l2=8.9607, mean_abs=0.3098, max_abs=2.1028
Early stopping at epoch 15
Fold 3 best C-index: 0.7409

Extra survival metrics:
cutoff_from_train_median: 0.880963
n_test: 112
n_high_risk: 50
n_low_risk: 62
n_event_test: 38
logrank_stat: 16.803234
logrank_p: 0.000041
auc_36m: 0.795311
auc_60m: 0.717495
HR_high_vs_low: 3.946236
HR_95CI_lower: 1.947170
HR_95CI_upper: 7.997647
cox_p: 0.000140

==================================================
Fold 5/5
==================================================
[ResNetCox] Loaded pretrained from /home/gly001/cqj/pa_ct_surv/model/ct_pretrain/resnet_18_23dataset.pth
  Missing keys (ok): ['fc.weight', 'fc.bias']
Epoch 1/30 | Train Loss: 3.2250 (Fused: 3.2250) | Train C-index: 0.6104 | Val Fused: 0.6457 | Val CT: 0.4319 | Val PA: 0.5455
Feature stats | CT: mean=0.8484, std=0.8685, mean_l2=27.4640, median_l2=27.5766, mean_abs=0.8484, max_abs=6.6914 | PA: mean=0.2782, std=0.2217, mean_l2=8.0417, median_l2=8.0110, mean_abs=0.2782, max_abs=1.7572
Epoch 2/30 | Train Loss: 3.1053 (Fused: 3.1053) | Train C-index: 0.7358 | Val Fused: 0.6437 | Val CT: 0.4013 | Val PA: 0.5496
Feature stats | CT: mean=0.7641, std=0.7781, mean_l2=24.6698, median_l2=24.5431, mean_abs=0.7641, max_abs=5.7304 | PA: mean=0.2872, std=0.2337, mean_l2=8.3684, median_l2=8.3167, mean_abs=0.2872, max_abs=1.9093
Epoch 3/30 | Train Loss: 3.0860 (Fused: 3.0860) | Train C-index: 0.7610 | Val Fused: 0.6669 | Val CT: 0.3815 | Val PA: 0.5526
Feature stats | CT: mean=0.7228, std=0.7298, mean_l2=23.2401, median_l2=23.2342, mean_abs=0.7228, max_abs=4.8880 | PA: mean=0.2911, std=0.2393, mean_l2=8.5173, median_l2=8.4655, mean_abs=0.2911, max_abs=1.8976
Epoch 4/30 | Train Loss: 2.8454 (Fused: 2.8454) | Train C-index: 0.7813 | Val Fused: 0.6689 | Val CT: 0.3782 | Val PA: 0.5526
Feature stats | CT: mean=0.7068, std=0.7143, mean_l2=22.7378, median_l2=22.7466, mean_abs=0.7068, max_abs=4.4416 | PA: mean=0.2938, std=0.2405, mean_l2=8.5830, median_l2=8.5198, mean_abs=0.2938, max_abs=1.8468
Epoch 5/30 | Train Loss: 2.8422 (Fused: 2.8422) | Train C-index: 0.7880 | Val Fused: 0.6682 | Val CT: 0.3788 | Val PA: 0.5445
Feature stats | CT: mean=0.6883, std=0.6954, mean_l2=22.1397, median_l2=22.1148, mean_abs=0.6883, max_abs=4.2790 | PA: mean=0.2986, std=0.2436, mean_l2=8.7099, median_l2=8.6767, mean_abs=0.2986, max_abs=1.8455
Epoch 6/30 | Train Loss: 2.7248 (Fused: 2.7248) | Train C-index: 0.8017 | Val Fused: 0.6652 | Val CT: 0.3617 | Val PA: 0.5392
Feature stats | CT: mean=0.6789, std=0.6817, mean_l2=21.7695, median_l2=21.7635, mean_abs=0.6789, max_abs=4.1304 | PA: mean=0.3024, std=0.2433, mean_l2=8.7735, median_l2=8.7345, mean_abs=0.3024, max_abs=1.8545
Epoch 7/30 | Train Loss: 2.6869 (Fused: 2.6869) | Train C-index: 0.8351 | Val Fused: 0.6676 | Val CT: 0.3613 | Val PA: 0.5261
Feature stats | CT: mean=0.6710, std=0.6705, mean_l2=21.4643, median_l2=21.4737, mean_abs=0.6710, max_abs=4.1271 | PA: mean=0.3066, std=0.2428, mean_l2=8.8419, median_l2=8.8352, mean_abs=0.3066, max_abs=1.8497
Epoch 8/30 | Train Loss: 2.5700 (Fused: 2.5700) | Train C-index: 0.8370 | Val Fused: 0.6891 | Val CT: 0.3576 | Val PA: 0.5187
Feature stats | CT: mean=0.6539, std=0.6482, mean_l2=20.8330, median_l2=20.8351, mean_abs=0.6539, max_abs=3.8480 | PA: mean=0.3118, std=0.2468, mean_l2=8.9890, median_l2=8.9834, mean_abs=0.3118, max_abs=1.9373
Epoch 9/30 | Train Loss: 2.5377 (Fused: 2.5377) | Train C-index: 0.8419 | Val Fused: 0.6797 | Val CT: 0.3681 | Val PA: 0.5180
Feature stats | CT: mean=0.6389, std=0.6325, mean_l2=20.3414, median_l2=20.3398, mean_abs=0.6389, max_abs=3.8140 | PA: mean=0.3155, std=0.2488, mean_l2=9.0818, median_l2=9.0774, mean_abs=0.3155, max_abs=1.9560
Epoch 10/30 | Train Loss: 2.4581 (Fused: 2.4581) | Train C-index: 0.8535 | Val Fused: 0.6766 | Val CT: 0.3718 | Val PA: 0.5197
Feature stats | CT: mean=0.6325, std=0.6239, mean_l2=20.1020, median_l2=20.1033, mean_abs=0.6325, max_abs=3.6851 | PA: mean=0.3186, std=0.2505, mean_l2=9.1624, median_l2=9.1537, mean_abs=0.3186, max_abs=1.9626
Epoch 11/30 | Train Loss: 2.4026 (Fused: 2.4026) | Train C-index: 0.7978 | Val Fused: 0.6854 | Val CT: 0.3802 | Val PA: 0.5210
Feature stats | CT: mean=0.6221, std=0.6124, mean_l2=19.7521, median_l2=19.7476, mean_abs=0.6221, max_abs=3.5697 | PA: mean=0.3202, std=0.2504, mean_l2=9.1903, median_l2=9.1678, mean_abs=0.3202, max_abs=1.9905
Epoch 12/30 | Train Loss: 2.2805 (Fused: 2.2805) | Train C-index: 0.8718 | Val Fused: 0.6871 | Val CT: 0.3758 | Val PA: 0.5153
Feature stats | CT: mean=0.6044, std=0.5944, mean_l2=19.1801, median_l2=19.1695, mean_abs=0.6044, max_abs=3.5019 | PA: mean=0.3217, std=0.2516, mean_l2=9.2323, median_l2=9.2203, mean_abs=0.3217, max_abs=1.9951
Epoch 13/30 | Train Loss: 2.1467 (Fused: 2.1467) | Train C-index: 0.8840 | Val Fused: 0.6709 | Val CT: 0.3758 | Val PA: 0.5217
Feature stats | CT: mean=0.5927, std=0.5832, mean_l2=18.8155, median_l2=18.8104, mean_abs=0.5927, max_abs=3.5889 | PA: mean=0.3237, std=0.2548, mean_l2=9.3127, median_l2=9.3120, mean_abs=0.3237, max_abs=1.9306
Epoch 14/30 | Train Loss: 2.1256 (Fused: 2.1256) | Train C-index: 0.9078 | Val Fused: 0.6827 | Val CT: 0.3892 | Val PA: 0.5247
Feature stats | CT: mean=0.5844, std=0.5763, mean_l2=18.5714, median_l2=18.5735, mean_abs=0.5844, max_abs=3.5082 | PA: mean=0.3255, std=0.2557, mean_l2=9.3563, median_l2=9.3506, mean_abs=0.3255, max_abs=1.9447
Epoch 15/30 | Train Loss: 1.9699 (Fused: 1.9699) | Train C-index: 0.9167 | Val Fused: 0.6669 | Val CT: 0.3929 | Val PA: 0.5244
Feature stats | CT: mean=0.5774, std=0.5716, mean_l2=18.3849, median_l2=18.3790, mean_abs=0.5774, max_abs=3.5233 | PA: mean=0.3235, std=0.2538, mean_l2=9.2943, median_l2=9.2795, mean_abs=0.3235, max_abs=1.9568
Epoch 16/30 | Train Loss: 1.8703 (Fused: 1.8703) | Train C-index: 0.9242 | Val Fused: 0.6659 | Val CT: 0.4047 | Val PA: 0.5294
Feature stats | CT: mean=0.5670, std=0.5570, mean_l2=17.9836, median_l2=17.9864, mean_abs=0.5670, max_abs=3.5367 | PA: mean=0.3219, std=0.2537, mean_l2=9.2648, median_l2=9.2530, mean_abs=0.3219, max_abs=1.9667
Epoch 17/30 | Train Loss: 1.7919 (Fused: 1.7919) | Train C-index: 0.9296 | Val Fused: 0.6467 | Val CT: 0.4272 | Val PA: 0.5264
Feature stats | CT: mean=0.5592, std=0.5486, mean_l2=17.7256, median_l2=17.7238, mean_abs=0.5592, max_abs=3.4378 | PA: mean=0.3217, std=0.2552, mean_l2=9.2823, median_l2=9.2694, mean_abs=0.3217, max_abs=1.9828
Epoch 18/30 | Train Loss: 1.7149 (Fused: 1.7149) | Train C-index: 0.9325 | Val Fused: 0.6666 | Val CT: 0.3849 | Val PA: 0.5163
Feature stats | CT: mean=0.5501, std=0.5408, mean_l2=17.4552, median_l2=17.4483, mean_abs=0.5501, max_abs=3.4621 | PA: mean=0.3203, std=0.2517, mean_l2=9.2086, median_l2=9.2010, mean_abs=0.3203, max_abs=1.9706
Early stopping at epoch 18
Fold 4 best C-index: 0.6891

Extra survival metrics:
cutoff_from_train_median: -0.127676
n_test: 112
n_high_risk: 67
n_low_risk: 45
n_event_test: 38
logrank_stat: 7.010534
logrank_p: 0.008103
auc_36m: 0.774158
auc_60m: 0.690405
HR_high_vs_low: 2.644847
HR_95CI_lower: 1.249662
HR_95CI_upper: 5.597685
cox_p: 0.011003

==================================================
5-Fold CV Summary
==================================================
  C-index: 0.7320 +/- 0.0281
