Using Device: cuda | ROI: 64
PA: abmil | CT: resnet18 | Fusion: concat | Fusion dropout: 0.5 | Norm: none | CT/PA dropout: 0.0 | CT augmentation: disabled
LR: 0.0001 | CT Backbone LR: 1e-05
Loss: Fused Cox + 0.5*CT + 0.3*PA
CT pretrained: /home/gly001/cqj/pa_ct_surv/model/ct_pretrain/resnet_18_23dataset.pth
Checkpoints: /home/gly001/cqj/pa_ct_surv/checkpoints/pact_v4/pact/roi64_abmil_resnet18_concat_normnone_fusion_dropout0.5_epochs30_coxbs64_lr1e-4_blr1e-5_wd5e-4_lct0.5_lpa0.3_seed42
Results: /home/gly001/cqj/pa_ct_surv/results/pact_v4/pact/roi64_abmil_resnet18_concat_normnone_fusion_dropout0.5_epochs30_coxbs64_lr1e-4_blr1e-5_wd5e-4_lct0.5_lpa0.3_seed42
Loaded 703 paired samples
Locked split: train=562, test=141
Test set is not accessed during CV

==================================================
Fold 1/5
==================================================
[ResNetCox] Loaded pretrained from /home/gly001/cqj/pa_ct_surv/model/ct_pretrain/resnet_18_23dataset.pth
  Missing keys (ok): ['fc.weight', 'fc.bias']
Epoch 1/30 | Train Loss: 5.8400 (Fused: 3.2656) | Train C-index: 0.5173 | Val Fused: 0.7286 | Val CT: 0.4116 | Val PA: 0.7044
Feature stats | CT: mean=0.8724, std=0.8871, mean_l2=28.1502, median_l2=28.1202, mean_abs=0.8724, max_abs=6.6032 | PA: mean=0.2761, std=0.2186, mean_l2=7.9626, median_l2=7.9337, mean_abs=0.2761, max_abs=1.7966
Epoch 2/30 | Train Loss: 5.7052 (Fused: 3.1519) | Train C-index: 0.6100 | Val Fused: 0.7416 | Val CT: 0.5393 | Val PA: 0.7362
Feature stats | CT: mean=0.8497, std=0.8640, mean_l2=27.4135, median_l2=27.3929, mean_abs=0.8497, max_abs=5.8147 | PA: mean=0.2819, std=0.2305, mean_l2=8.2318, median_l2=8.1856, mean_abs=0.2819, max_abs=1.7901
Epoch 3/30 | Train Loss: 5.6831 (Fused: 3.1430) | Train C-index: 0.6361 | Val Fused: 0.7420 | Val CT: 0.5929 | Val PA: 0.7420
Feature stats | CT: mean=0.8030, std=0.8140, mean_l2=25.8690, median_l2=25.8874, mean_abs=0.8030, max_abs=4.7857 | PA: mean=0.2924, std=0.2448, mean_l2=8.6165, median_l2=8.5662, mean_abs=0.2924, max_abs=1.9993
Epoch 4/30 | Train Loss: 5.5570 (Fused: 3.0406) | Train C-index: 0.6972 | Val Fused: 0.7407 | Val CT: 0.6133 | Val PA: 0.7464
Feature stats | CT: mean=0.7538, std=0.7600, mean_l2=24.2157, median_l2=24.1985, mean_abs=0.7538, max_abs=4.3854 | PA: mean=0.3097, std=0.2623, mean_l2=9.1609, median_l2=9.0424, mean_abs=0.3097, max_abs=2.0787
Epoch 5/30 | Train Loss: 5.4642 (Fused: 2.9650) | Train C-index: 0.7289 | Val Fused: 0.7477 | Val CT: 0.6247 | Val PA: 0.7522
Feature stats | CT: mean=0.7172, std=0.7233, mean_l2=23.0456, median_l2=23.0490, mean_abs=0.7172, max_abs=4.2347 | PA: mean=0.3274, std=0.2787, mean_l2=9.7006, median_l2=9.5962, mean_abs=0.3274, max_abs=2.1655
Epoch 6/30 | Train Loss: 5.4676 (Fused: 2.9724) | Train C-index: 0.7384 | Val Fused: 0.7455 | Val CT: 0.6324 | Val PA: 0.7537
Feature stats | CT: mean=0.7029, std=0.7004, mean_l2=22.4499, median_l2=22.3675, mean_abs=0.7029, max_abs=4.1346 | PA: mean=0.3392, std=0.2873, mean_l2=10.0300, median_l2=9.9165, mean_abs=0.3392, max_abs=2.2507
Epoch 7/30 | Train Loss: 5.4019 (Fused: 2.9312) | Train C-index: 0.7437 | Val Fused: 0.7486 | Val CT: 0.6356 | Val PA: 0.7566
Feature stats | CT: mean=0.6879, std=0.6817, mean_l2=21.9096, median_l2=21.8041, mean_abs=0.6879, max_abs=4.0065 | PA: mean=0.3508, std=0.2957, mean_l2=10.3503, median_l2=10.2032, mean_abs=0.3508, max_abs=2.3290
Epoch 8/30 | Train Loss: 5.3446 (Fused: 2.8916) | Train C-index: 0.7490 | Val Fused: 0.7464 | Val CT: 0.6419 | Val PA: 0.7515
Feature stats | CT: mean=0.6770, std=0.6688, mean_l2=21.5272, median_l2=21.3874, mean_abs=0.6770, max_abs=3.9433 | PA: mean=0.3601, std=0.3023, mean_l2=10.6079, median_l2=10.4939, mean_abs=0.3601, max_abs=2.3746
Epoch 9/30 | Train Loss: 5.3757 (Fused: 2.9293) | Train C-index: 0.7477 | Val Fused: 0.7502 | Val CT: 0.6467 | Val PA: 0.7506
Feature stats | CT: mean=0.6781, std=0.6655, mean_l2=21.4850, median_l2=21.2775, mean_abs=0.6781, max_abs=4.1365 | PA: mean=0.3680, std=0.3070, mean_l2=10.8113, median_l2=10.7140, mean_abs=0.3680, max_abs=2.4294
Epoch 10/30 | Train Loss: 5.2903 (Fused: 2.8450) | Train C-index: 0.7832 | Val Fused: 0.7490 | Val CT: 0.6518 | Val PA: 0.7518
Feature stats | CT: mean=0.6644, std=0.6510, mean_l2=21.0345, median_l2=20.7861, mean_abs=0.6644, max_abs=4.2535 | PA: mean=0.3771, std=0.3122, mean_l2=11.0430, median_l2=10.9344, mean_abs=0.3771, max_abs=2.4094
Epoch 11/30 | Train Loss: 5.2167 (Fused: 2.7896) | Train C-index: 0.7893 | Val Fused: 0.7569 | Val CT: 0.6566 | Val PA: 0.7572
Feature stats | CT: mean=0.6527, std=0.6386, mean_l2=20.6470, median_l2=20.3397, mean_abs=0.6527, max_abs=4.2789 | PA: mean=0.3860, std=0.3185, mean_l2=11.2898, median_l2=11.2045, mean_abs=0.3860, max_abs=2.4730
Epoch 12/30 | Train Loss: 5.1438 (Fused: 2.7342) | Train C-index: 0.8019 | Val Fused: 0.7620 | Val CT: 0.6684 | Val PA: 0.7585
Feature stats | CT: mean=0.6525, std=0.6348, mean_l2=20.5787, median_l2=20.2490, mean_abs=0.6525, max_abs=4.2273 | PA: mean=0.3946, std=0.3236, mean_l2=11.5124, median_l2=11.4484, mean_abs=0.3946, max_abs=2.4699
Epoch 13/30 | Train Loss: 5.0334 (Fused: 2.6595) | Train C-index: 0.8057 | Val Fused: 0.7617 | Val CT: 0.6747 | Val PA: 0.7633
Feature stats | CT: mean=0.6627, std=0.6355, mean_l2=20.7337, median_l2=20.3229, mean_abs=0.6627, max_abs=4.0948 | PA: mean=0.4042, std=0.3282, mean_l2=11.7457, median_l2=11.6960, mean_abs=0.4042, max_abs=2.4339
Epoch 14/30 | Train Loss: 5.0653 (Fused: 2.6811) | Train C-index: 0.8239 | Val Fused: 0.7674 | Val CT: 0.6728 | Val PA: 0.7671
Feature stats | CT: mean=0.6429, std=0.6108, mean_l2=20.0312, median_l2=19.6510, mean_abs=0.6429, max_abs=4.0226 | PA: mean=0.4148, std=0.3339, mean_l2=12.0136, median_l2=11.9426, mean_abs=0.4148, max_abs=2.4893
Epoch 15/30 | Train Loss: 5.0008 (Fused: 2.6387) | Train C-index: 0.8328 | Val Fused: 0.7700 | Val CT: 0.6779 | Val PA: 0.7700
Feature stats | CT: mean=0.6372, std=0.6057, mean_l2=19.8621, median_l2=19.5566, mean_abs=0.6372, max_abs=4.0296 | PA: mean=0.4223, std=0.3370, mean_l2=12.1907, median_l2=12.1600, mean_abs=0.4223, max_abs=2.4435
Epoch 16/30 | Train Loss: 4.8974 (Fused: 2.5549) | Train C-index: 0.8392 | Val Fused: 0.7668 | Val CT: 0.6779 | Val PA: 0.7690
Feature stats | CT: mean=0.6347, std=0.6061, mean_l2=19.8217, median_l2=19.3184, mean_abs=0.6347, max_abs=4.0072 | PA: mean=0.4265, std=0.3390, mean_l2=12.2940, median_l2=12.2644, mean_abs=0.4265, max_abs=2.4217
Epoch 17/30 | Train Loss: 4.8496 (Fused: 2.5047) | Train C-index: 0.8508 | Val Fused: 0.7598 | Val CT: 0.6671 | Val PA: 0.7706
Feature stats | CT: mean=0.6136, std=0.5875, mean_l2=19.2017, median_l2=18.9141, mean_abs=0.6136, max_abs=4.0170 | PA: mean=0.4288, std=0.3415, mean_l2=12.3678, median_l2=12.3304, mean_abs=0.4288, max_abs=2.4643
Epoch 18/30 | Train Loss: 4.7804 (Fused: 2.4443) | Train C-index: 0.8628 | Val Fused: 0.7795 | Val CT: 0.6795 | Val PA: 0.7764
Feature stats | CT: mean=0.5914, std=0.5616, mean_l2=18.4460, median_l2=18.2582, mean_abs=0.5914, max_abs=3.9584 | PA: mean=0.4323, std=0.3456, mean_l2=12.4860, median_l2=12.4361, mean_abs=0.4323, max_abs=2.5374
Epoch 19/30 | Train Loss: 4.7256 (Fused: 2.4059) | Train C-index: 0.8691 | Val Fused: 0.7592 | Val CT: 0.6792 | Val PA: 0.7748
Feature stats | CT: mean=0.5877, std=0.5518, mean_l2=18.2293, median_l2=17.9874, mean_abs=0.5877, max_abs=3.6957 | PA: mean=0.4354, std=0.3485, mean_l2=12.5820, median_l2=12.5212, mean_abs=0.4354, max_abs=2.4757
Epoch 20/30 | Train Loss: 4.6588 (Fused: 2.3666) | Train C-index: 0.8765 | Val Fused: 0.7582 | Val CT: 0.6843 | Val PA: 0.7668
Feature stats | CT: mean=0.5929, std=0.5561, mean_l2=18.3696, median_l2=17.9703, mean_abs=0.5929, max_abs=3.8213 | PA: mean=0.4380, std=0.3474, mean_l2=12.6160, median_l2=12.5538, mean_abs=0.4380, max_abs=2.4957
Epoch 21/30 | Train Loss: 4.6131 (Fused: 2.3213) | Train C-index: 0.8760 | Val Fused: 0.7754 | Val CT: 0.6754 | Val PA: 0.7824
Feature stats | CT: mean=0.5738, std=0.5477, mean_l2=17.9426, median_l2=17.8410, mean_abs=0.5738, max_abs=3.6896 | PA: mean=0.4397, std=0.3535, mean_l2=12.7243, median_l2=12.6150, mean_abs=0.4397, max_abs=2.6076
Epoch 22/30 | Train Loss: 4.5184 (Fused: 2.2305) | Train C-index: 0.8963 | Val Fused: 0.7627 | Val CT: 0.6585 | Val PA: 0.7729
Feature stats | CT: mean=0.5920, std=0.5615, mean_l2=18.4375, median_l2=18.2275, mean_abs=0.5920, max_abs=3.9668 | PA: mean=0.4382, std=0.3562, mean_l2=12.7383, median_l2=12.6613, mean_abs=0.4382, max_abs=2.5725
Epoch 23/30 | Train Loss: 4.4019 (Fused: 2.1503) | Train C-index: 0.9019 | Val Fused: 0.7592 | Val CT: 0.6923 | Val PA: 0.7767
Feature stats | CT: mean=0.5762, std=0.5516, mean_l2=18.0268, median_l2=17.8037, mean_abs=0.5762, max_abs=3.9833 | PA: mean=0.4391, std=0.3563, mean_l2=12.7510, median_l2=12.6476, mean_abs=0.4391, max_abs=2.6207
Epoch 24/30 | Train Loss: 4.3498 (Fused: 2.1186) | Train C-index: 0.9051 | Val Fused: 0.7534 | Val CT: 0.6859 | Val PA: 0.7703
Feature stats | CT: mean=0.5546, std=0.5306, mean_l2=17.3543, median_l2=17.0921, mean_abs=0.5546, max_abs=3.8484 | PA: mean=0.4390, std=0.3527, mean_l2=12.6942, median_l2=12.5624, mean_abs=0.4390, max_abs=2.6235
Epoch 25/30 | Train Loss: 4.2896 (Fused: 2.0599) | Train C-index: 0.9102 | Val Fused: 0.7681 | Val CT: 0.6939 | Val PA: 0.7773
Feature stats | CT: mean=0.5475, std=0.5187, mean_l2=17.0512, median_l2=16.7794, mean_abs=0.5475, max_abs=3.7842 | PA: mean=0.4404, std=0.3549, mean_l2=12.7503, median_l2=12.6225, mean_abs=0.4404, max_abs=2.6224
Epoch 26/30 | Train Loss: 4.2129 (Fused: 2.0098) | Train C-index: 0.9176 | Val Fused: 0.7451 | Val CT: 0.6652 | Val PA: 0.7700
Feature stats | CT: mean=0.5467, std=0.5160, mean_l2=16.9946, median_l2=16.7177, mean_abs=0.5467, max_abs=3.7530 | PA: mean=0.4410, std=0.3579, mean_l2=12.7987, median_l2=12.6383, mean_abs=0.4410, max_abs=2.7148
Epoch 27/30 | Train Loss: 4.1887 (Fused: 1.9783) | Train C-index: 0.9190 | Val Fused: 0.7420 | Val CT: 0.6993 | Val PA: 0.7588
Feature stats | CT: mean=0.5517, std=0.5197, mean_l2=17.1299, median_l2=16.9269, mean_abs=0.5517, max_abs=3.7148 | PA: mean=0.4372, std=0.3537, mean_l2=12.6798, median_l2=12.5430, mean_abs=0.4372, max_abs=2.6528
Epoch 28/30 | Train Loss: 4.1069 (Fused: 1.9327) | Train C-index: 0.9201 | Val Fused: 0.7630 | Val CT: 0.6594 | Val PA: 0.7741
Feature stats | CT: mean=0.5318, std=0.5099, mean_l2=16.6646, median_l2=16.5645, mean_abs=0.5318, max_abs=3.5840 | PA: mean=0.4402, std=0.3545, mean_l2=12.7363, median_l2=12.5856, mean_abs=0.4402, max_abs=2.7172
Early stopping at epoch 28
Fold 0 best C-index: 0.7795

Extra survival metrics:
cutoff_from_train_median: -1.417084
n_test: 113
n_high_risk: 57
n_low_risk: 56
n_event_test: 38
logrank_stat: 24.515725
logrank_p: 0.000001
auc_36m: 0.792282
auc_60m: 0.824793
HR_high_vs_low: 6.211013
HR_95CI_lower: 2.724656
HR_95CI_upper: 14.158367
cox_p: 0.000014

==================================================
Fold 2/5
==================================================
[ResNetCox] Loaded pretrained from /home/gly001/cqj/pa_ct_surv/model/ct_pretrain/resnet_18_23dataset.pth
  Missing keys (ok): ['fc.weight', 'fc.bias']
Epoch 1/30 | Train Loss: 5.8792 (Fused: 3.2796) | Train C-index: 0.5294 | Val Fused: 0.7527 | Val CT: 0.3961 | Val PA: 0.7389
Feature stats | CT: mean=0.8462, std=0.8665, mean_l2=27.4027, median_l2=27.3378, mean_abs=0.8462, max_abs=6.5417 | PA: mean=0.2777, std=0.2195, mean_l2=8.0038, median_l2=7.9771, mean_abs=0.2777, max_abs=1.8786
Epoch 2/30 | Train Loss: 5.7754 (Fused: 3.2101) | Train C-index: 0.5781 | Val Fused: 0.7619 | Val CT: 0.5206 | Val PA: 0.7586
Feature stats | CT: mean=0.8087, std=0.8329, mean_l2=26.2644, median_l2=26.2846, mean_abs=0.8087, max_abs=6.1250 | PA: mean=0.2846, std=0.2289, mean_l2=8.2557, median_l2=8.2199, mean_abs=0.2846, max_abs=1.8729
Epoch 3/30 | Train Loss: 5.7136 (Fused: 3.1482) | Train C-index: 0.6609 | Val Fused: 0.7669 | Val CT: 0.5719 | Val PA: 0.7623
Feature stats | CT: mean=0.7565, std=0.7808, mean_l2=24.5972, median_l2=24.6026, mean_abs=0.7565, max_abs=5.6122 | PA: mean=0.2978, std=0.2426, mean_l2=8.6782, median_l2=8.6369, mean_abs=0.2978, max_abs=1.9126
Epoch 4/30 | Train Loss: 5.6528 (Fused: 3.1027) | Train C-index: 0.6835 | Val Fused: 0.7715 | Val CT: 0.6052 | Val PA: 0.7656
Feature stats | CT: mean=0.7323, std=0.7512, mean_l2=23.7354, median_l2=23.7179, mean_abs=0.7323, max_abs=5.0985 | PA: mean=0.3144, std=0.2577, mean_l2=9.1777, median_l2=9.0950, mean_abs=0.3144, max_abs=1.9942
Epoch 5/30 | Train Loss: 5.5431 (Fused: 3.0197) | Train C-index: 0.7099 | Val Fused: 0.7744 | Val CT: 0.6292 | Val PA: 0.7702
Feature stats | CT: mean=0.7127, std=0.7204, mean_l2=22.9277, median_l2=22.9096, mean_abs=0.7127, max_abs=4.5520 | PA: mean=0.3311, std=0.2728, mean_l2=9.6812, median_l2=9.5755, mean_abs=0.3311, max_abs=2.1242
Epoch 6/30 | Train Loss: 5.5006 (Fused: 2.9872) | Train C-index: 0.7295 | Val Fused: 0.7662 | Val CT: 0.6371 | Val PA: 0.7649
Feature stats | CT: mean=0.6917, std=0.6938, mean_l2=22.1674, median_l2=22.1563, mean_abs=0.6917, max_abs=4.2430 | PA: mean=0.3440, std=0.2838, mean_l2=10.0625, median_l2=9.9357, mean_abs=0.3440, max_abs=2.1755
Epoch 7/30 | Train Loss: 5.4385 (Fused: 2.9446) | Train C-index: 0.7447 | Val Fused: 0.7609 | Val CT: 0.6450 | Val PA: 0.7649
Feature stats | CT: mean=0.6838, std=0.6816, mean_l2=21.8461, median_l2=21.8309, mean_abs=0.6838, max_abs=4.1831 | PA: mean=0.3531, std=0.2897, mean_l2=10.3070, median_l2=10.1738, mean_abs=0.3531, max_abs=2.2114
Epoch 8/30 | Train Loss: 5.3832 (Fused: 2.9020) | Train C-index: 0.7533 | Val Fused: 0.7573 | Val CT: 0.6523 | Val PA: 0.7596
Feature stats | CT: mean=0.6749, std=0.6688, mean_l2=21.4979, median_l2=21.4859, mean_abs=0.6749, max_abs=4.1872 | PA: mean=0.3626, std=0.2956, mean_l2=10.5596, median_l2=10.4306, mean_abs=0.3626, max_abs=2.2596
Epoch 9/30 | Train Loss: 5.3232 (Fused: 2.8637) | Train C-index: 0.7639 | Val Fused: 0.7554 | Val CT: 0.6576 | Val PA: 0.7557
Feature stats | CT: mean=0.6692, std=0.6561, mean_l2=21.2026, median_l2=21.0818, mean_abs=0.6692, max_abs=4.3913 | PA: mean=0.3709, std=0.3010, mean_l2=10.7818, median_l2=10.7035, mean_abs=0.3709, max_abs=2.2371
Epoch 10/30 | Train Loss: 5.2888 (Fused: 2.8322) | Train C-index: 0.7670 | Val Fused: 0.7593 | Val CT: 0.6628 | Val PA: 0.7550
Feature stats | CT: mean=0.6598, std=0.6464, mean_l2=20.8975, median_l2=20.7840, mean_abs=0.6598, max_abs=4.4289 | PA: mean=0.3787, std=0.3071, mean_l2=11.0020, median_l2=10.9037, mean_abs=0.3787, max_abs=2.2600
Epoch 11/30 | Train Loss: 5.2263 (Fused: 2.8069) | Train C-index: 0.7813 | Val Fused: 0.7517 | Val CT: 0.6585 | Val PA: 0.7554
Feature stats | CT: mean=0.6700, std=0.6604, mean_l2=21.2724, median_l2=20.9544, mean_abs=0.6700, max_abs=5.1149 | PA: mean=0.3853, std=0.3116, mean_l2=11.1820, median_l2=11.0950, mean_abs=0.3853, max_abs=2.3263
Epoch 12/30 | Train Loss: 5.2142 (Fused: 2.7872) | Train C-index: 0.7985 | Val Fused: 0.7586 | Val CT: 0.6612 | Val PA: 0.7567
Feature stats | CT: mean=0.6667, std=0.6607, mean_l2=21.2266, median_l2=21.0337, mean_abs=0.6667, max_abs=4.9027 | PA: mean=0.3935, std=0.3162, mean_l2=11.3926, median_l2=11.3357, mean_abs=0.3935, max_abs=2.4290
Epoch 13/30 | Train Loss: 5.1062 (Fused: 2.7001) | Train C-index: 0.8119 | Val Fused: 0.7609 | Val CT: 0.6651 | Val PA: 0.7603
Feature stats | CT: mean=0.6479, std=0.6399, mean_l2=20.5970, median_l2=20.3817, mean_abs=0.6479, max_abs=4.2461 | PA: mean=0.4018, std=0.3205, mean_l2=11.5987, median_l2=11.5472, mean_abs=0.4018, max_abs=2.5442
Epoch 14/30 | Train Loss: 5.0594 (Fused: 2.6658) | Train C-index: 0.8220 | Val Fused: 0.7488 | Val CT: 0.6714 | Val PA: 0.7642
Feature stats | CT: mean=0.6468, std=0.6373, mean_l2=20.5307, median_l2=20.1585, mean_abs=0.6468, max_abs=4.2903 | PA: mean=0.4101, std=0.3256, mean_l2=11.8165, median_l2=11.7419, mean_abs=0.4101, max_abs=2.6675
Epoch 15/30 | Train Loss: 4.9029 (Fused: 2.5445) | Train C-index: 0.8429 | Val Fused: 0.7422 | Val CT: 0.6753 | Val PA: 0.7603
Feature stats | CT: mean=0.6374, std=0.6277, mean_l2=20.2276, median_l2=19.9622, mean_abs=0.6374, max_abs=4.1534 | PA: mean=0.4189, std=0.3298, mean_l2=12.0334, median_l2=12.0113, mean_abs=0.4189, max_abs=2.6914
Early stopping at epoch 15
Fold 1 best C-index: 0.7744

Extra survival metrics:
cutoff_from_train_median: -0.574563
n_test: 113
n_high_risk: 57
n_low_risk: 56
n_event_test: 39
logrank_stat: 35.731639
logrank_p: 0.000000
auc_36m: 0.794235
auc_60m: 0.814248
HR_high_vs_low: 14.972835
HR_95CI_lower: 4.604115
HR_95CI_upper: 48.692478
cox_p: 0.000007

==================================================
Fold 3/5
==================================================
[ResNetCox] Loaded pretrained from /home/gly001/cqj/pa_ct_surv/model/ct_pretrain/resnet_18_23dataset.pth
  Missing keys (ok): ['fc.weight', 'fc.bias']
Epoch 1/30 | Train Loss: 5.9882 (Fused: 3.3321) | Train C-index: 0.5323 | Val Fused: 0.6871 | Val CT: 0.4637 | Val PA: 0.6803
Feature stats | CT: mean=0.8456, std=0.8761, mean_l2=27.5491, median_l2=27.5295, mean_abs=0.8456, max_abs=6.7748 | PA: mean=0.2788, std=0.2225, mean_l2=8.0648, median_l2=8.0222, mean_abs=0.2788, max_abs=1.8451
Epoch 2/30 | Train Loss: 5.7496 (Fused: 3.1843) | Train C-index: 0.6184 | Val Fused: 0.6878 | Val CT: 0.6031 | Val PA: 0.6854
Feature stats | CT: mean=0.7851, std=0.8239, mean_l2=25.7473, median_l2=25.6810, mean_abs=0.7851, max_abs=6.2812 | PA: mean=0.2908, std=0.2361, mean_l2=8.4666, median_l2=8.4302, mean_abs=0.2908, max_abs=1.9564
Epoch 3/30 | Train Loss: 5.7965 (Fused: 3.1727) | Train C-index: 0.6788 | Val Fused: 0.6953 | Val CT: 0.6451 | Val PA: 0.6908
Feature stats | CT: mean=0.7354, std=0.7711, mean_l2=24.1068, median_l2=24.0665, mean_abs=0.7354, max_abs=5.2740 | PA: mean=0.3051, std=0.2513, mean_l2=8.9301, median_l2=8.8919, mean_abs=0.3051, max_abs=2.0232
Epoch 4/30 | Train Loss: 5.6457 (Fused: 3.0646) | Train C-index: 0.7134 | Val Fused: 0.7041 | Val CT: 0.6634 | Val PA: 0.6946
Feature stats | CT: mean=0.7036, std=0.7327, mean_l2=22.9841, median_l2=22.9948, mean_abs=0.7036, max_abs=4.6432 | PA: mean=0.3220, std=0.2670, mean_l2=9.4457, median_l2=9.3286, mean_abs=0.3220, max_abs=2.0884
Epoch 5/30 | Train Loss: 5.4808 (Fused: 2.9636) | Train C-index: 0.7462 | Val Fused: 0.7108 | Val CT: 0.6780 | Val PA: 0.6997
Feature stats | CT: mean=0.6799, std=0.6977, mean_l2=22.0420, median_l2=22.0527, mean_abs=0.6799, max_abs=4.1545 | PA: mean=0.3393, std=0.2816, mean_l2=9.9508, median_l2=9.8114, mean_abs=0.3393, max_abs=2.1930
Epoch 6/30 | Train Loss: 5.5030 (Fused: 2.9940) | Train C-index: 0.7367 | Val Fused: 0.7105 | Val CT: 0.6807 | Val PA: 0.7020
Feature stats | CT: mean=0.6667, std=0.6749, mean_l2=21.4657, median_l2=21.4390, mean_abs=0.6667, max_abs=4.1296 | PA: mean=0.3537, std=0.2918, mean_l2=10.3477, median_l2=10.2047, mean_abs=0.3537, max_abs=2.2401
Epoch 7/30 | Train Loss: 5.6105 (Fused: 3.0266) | Train C-index: 0.7545 | Val Fused: 0.7186 | Val CT: 0.6834 | Val PA: 0.7078
Feature stats | CT: mean=0.6594, std=0.6619, mean_l2=21.1406, median_l2=21.1204, mean_abs=0.6594, max_abs=4.2040 | PA: mean=0.3624, std=0.2979, mean_l2=10.5887, median_l2=10.4467, mean_abs=0.3624, max_abs=2.2600
Epoch 8/30 | Train Loss: 5.4133 (Fused: 2.9300) | Train C-index: 0.7579 | Val Fused: 0.7217 | Val CT: 0.6783 | Val PA: 0.7112
Feature stats | CT: mean=0.6499, std=0.6517, mean_l2=20.8260, median_l2=20.7920, mean_abs=0.6499, max_abs=4.1523 | PA: mean=0.3691, std=0.3052, mean_l2=10.8075, median_l2=10.6536, mean_abs=0.3691, max_abs=2.2640
Epoch 9/30 | Train Loss: 5.3585 (Fused: 2.8717) | Train C-index: 0.7783 | Val Fused: 0.7261 | Val CT: 0.6766 | Val PA: 0.7142
Feature stats | CT: mean=0.6458, std=0.6524, mean_l2=20.7711, median_l2=20.7583, mean_abs=0.6458, max_abs=3.9511 | PA: mean=0.3770, std=0.3150, mean_l2=11.0821, median_l2=10.8813, mean_abs=0.3770, max_abs=2.2747
Epoch 10/30 | Train Loss: 5.3721 (Fused: 2.8703) | Train C-index: 0.7801 | Val Fused: 0.7258 | Val CT: 0.6766 | Val PA: 0.7176
Feature stats | CT: mean=0.6410, std=0.6495, mean_l2=20.6479, median_l2=20.6451, mean_abs=0.6410, max_abs=3.9009 | PA: mean=0.3824, std=0.3192, mean_l2=11.2382, median_l2=11.0319, mean_abs=0.3824, max_abs=2.3300
Epoch 11/30 | Train Loss: 5.2582 (Fused: 2.8076) | Train C-index: 0.7878 | Val Fused: 0.7261 | Val CT: 0.6773 | Val PA: 0.7227
Feature stats | CT: mean=0.6370, std=0.6444, mean_l2=20.5022, median_l2=20.4858, mean_abs=0.6370, max_abs=3.8691 | PA: mean=0.3882, std=0.3229, mean_l2=11.3935, median_l2=11.1965, mean_abs=0.3882, max_abs=2.3566
Epoch 12/30 | Train Loss: 5.2218 (Fused: 2.7704) | Train C-index: 0.7963 | Val Fused: 0.7288 | Val CT: 0.6769 | Val PA: 0.7271
Feature stats | CT: mean=0.6334, std=0.6396, mean_l2=20.3668, median_l2=20.3582, mean_abs=0.6334, max_abs=3.9296 | PA: mean=0.3923, std=0.3249, mean_l2=11.4931, median_l2=11.3173, mean_abs=0.3923, max_abs=2.3774
Epoch 13/30 | Train Loss: 5.1741 (Fused: 2.7071) | Train C-index: 0.8122 | Val Fused: 0.7271 | Val CT: 0.6864 | Val PA: 0.7247
Feature stats | CT: mean=0.6325, std=0.6327, mean_l2=20.2419, median_l2=20.2073, mean_abs=0.6325, max_abs=4.1702 | PA: mean=0.3964, std=0.3265, mean_l2=11.5883, median_l2=11.3895, mean_abs=0.3964, max_abs=2.3655
Epoch 14/30 | Train Loss: 5.1195 (Fused: 2.6987) | Train C-index: 0.8113 | Val Fused: 0.7227 | Val CT: 0.6871 | Val PA: 0.7183
Feature stats | CT: mean=0.6389, std=0.6335, mean_l2=20.3545, median_l2=20.2406, mean_abs=0.6389, max_abs=4.1800 | PA: mean=0.4008, std=0.3303, mean_l2=11.7132, median_l2=11.4964, mean_abs=0.4008, max_abs=2.5553
Epoch 15/30 | Train Loss: 5.0668 (Fused: 2.6364) | Train C-index: 0.8220 | Val Fused: 0.7214 | Val CT: 0.6898 | Val PA: 0.7203
Feature stats | CT: mean=0.6363, std=0.6263, mean_l2=20.1986, median_l2=20.0768, mean_abs=0.6363, max_abs=4.0877 | PA: mean=0.4051, std=0.3314, mean_l2=11.8013, median_l2=11.5846, mean_abs=0.4051, max_abs=2.6326
Epoch 16/30 | Train Loss: 5.1001 (Fused: 2.6656) | Train C-index: 0.8271 | Val Fused: 0.7207 | Val CT: 0.6888 | Val PA: 0.7241
Feature stats | CT: mean=0.6215, std=0.6021, mean_l2=19.5747, median_l2=19.4726, mean_abs=0.6215, max_abs=4.1625 | PA: mean=0.4127, std=0.3310, mean_l2=11.9352, median_l2=11.7433, mean_abs=0.4127, max_abs=2.5657
Epoch 17/30 | Train Loss: 4.9273 (Fused: 2.5615) | Train C-index: 0.8375 | Val Fused: 0.7224 | Val CT: 0.6908 | Val PA: 0.7220
Feature stats | CT: mean=0.6104, std=0.5951, mean_l2=19.2859, median_l2=19.2232, mean_abs=0.6104, max_abs=4.0995 | PA: mean=0.4216, std=0.3364, mean_l2=12.1669, median_l2=11.9665, mean_abs=0.4216, max_abs=2.4846
Epoch 18/30 | Train Loss: 4.9757 (Fused: 2.5533) | Train C-index: 0.8455 | Val Fused: 0.7346 | Val CT: 0.6790 | Val PA: 0.7312
Feature stats | CT: mean=0.6066, std=0.5920, mean_l2=19.1762, median_l2=19.1352, mean_abs=0.6066, max_abs=4.0159 | PA: mean=0.4275, std=0.3393, mean_l2=12.3117, median_l2=12.1332, mean_abs=0.4275, max_abs=2.5172
Epoch 19/30 | Train Loss: 4.8067 (Fused: 2.4646) | Train C-index: 0.8632 | Val Fused: 0.7380 | Val CT: 0.6793 | Val PA: 0.7325
Feature stats | CT: mean=0.6006, std=0.5874, mean_l2=19.0073, median_l2=18.9456, mean_abs=0.6006, max_abs=4.0735 | PA: mean=0.4311, std=0.3408, mean_l2=12.3957, median_l2=12.1865, mean_abs=0.4311, max_abs=2.5172
Epoch 20/30 | Train Loss: 4.6772 (Fused: 2.3586) | Train C-index: 0.8716 | Val Fused: 0.7339 | Val CT: 0.6800 | Val PA: 0.7281
Feature stats | CT: mean=0.6026, std=0.5974, mean_l2=19.1990, median_l2=19.0913, mean_abs=0.6026, max_abs=4.1644 | PA: mean=0.4323, std=0.3411, mean_l2=12.4229, median_l2=12.1941, mean_abs=0.4323, max_abs=2.5731
Epoch 21/30 | Train Loss: 4.8082 (Fused: 2.4056) | Train C-index: 0.8695 | Val Fused: 0.7237 | Val CT: 0.6705 | Val PA: 0.7254
Feature stats | CT: mean=0.6006, std=0.5958, mean_l2=19.1404, median_l2=19.0635, mean_abs=0.6006, max_abs=3.9705 | PA: mean=0.4332, std=0.3412, mean_l2=12.4408, median_l2=12.2057, mean_abs=0.4332, max_abs=2.6002
Epoch 22/30 | Train Loss: 4.5540 (Fused: 2.2556) | Train C-index: 0.8809 | Val Fused: 0.7197 | Val CT: 0.6281 | Val PA: 0.7271
Feature stats | CT: mean=0.5886, std=0.5738, mean_l2=18.5979, median_l2=18.5570, mean_abs=0.5886, max_abs=4.0371 | PA: mean=0.4354, std=0.3406, mean_l2=12.4739, median_l2=12.2799, mean_abs=0.4354, max_abs=2.5390
Epoch 23/30 | Train Loss: 4.5430 (Fused: 2.2612) | Train C-index: 0.8866 | Val Fused: 0.7108 | Val CT: 0.6725 | Val PA: 0.7247
Feature stats | CT: mean=0.5814, std=0.5661, mean_l2=18.3591, median_l2=18.3043, mean_abs=0.5814, max_abs=3.9623 | PA: mean=0.4393, std=0.3412, mean_l2=12.5492, median_l2=12.3456, mean_abs=0.4393, max_abs=2.5466
Epoch 24/30 | Train Loss: 4.4296 (Fused: 2.1760) | Train C-index: 0.8911 | Val Fused: 0.7105 | Val CT: 0.6624 | Val PA: 0.7241
Feature stats | CT: mean=0.5753, std=0.5601, mean_l2=18.1633, median_l2=18.0365, mean_abs=0.5753, max_abs=3.8278 | PA: mean=0.4444, std=0.3403, mean_l2=12.6250, median_l2=12.4247, mean_abs=0.4444, max_abs=2.5246
Epoch 25/30 | Train Loss: 4.3681 (Fused: 2.1231) | Train C-index: 0.9004 | Val Fused: 0.7122 | Val CT: 0.6631 | Val PA: 0.7234
Feature stats | CT: mean=0.5722, std=0.5557, mean_l2=18.0414, median_l2=17.9002, mean_abs=0.5722, max_abs=3.8756 | PA: mean=0.4481, std=0.3406, mean_l2=12.6981, median_l2=12.5112, mean_abs=0.4481, max_abs=2.5316
Epoch 26/30 | Train Loss: 4.3506 (Fused: 2.1124) | Train C-index: 0.9051 | Val Fused: 0.6912 | Val CT: 0.6522 | Val PA: 0.7115
Feature stats | CT: mean=0.5633, std=0.5505, mean_l2=17.8173, median_l2=17.7496, mean_abs=0.5633, max_abs=4.2529 | PA: mean=0.4522, std=0.3467, mean_l2=12.8474, median_l2=12.6104, mean_abs=0.4522, max_abs=2.5557
Epoch 27/30 | Train Loss: 4.2647 (Fused: 2.0388) | Train C-index: 0.9080 | Val Fused: 0.7180 | Val CT: 0.6692 | Val PA: 0.7203
Feature stats | CT: mean=0.5598, std=0.5446, mean_l2=17.6672, median_l2=17.5745, mean_abs=0.5598, max_abs=4.2323 | PA: mean=0.4515, std=0.3465, mean_l2=12.8332, median_l2=12.6300, mean_abs=0.4515, max_abs=2.5570
Epoch 28/30 | Train Loss: 4.2196 (Fused: 2.0115) | Train C-index: 0.9135 | Val Fused: 0.7088 | Val CT: 0.6600 | Val PA: 0.7180
Feature stats | CT: mean=0.5594, std=0.5480, mean_l2=17.7123, median_l2=17.6223, mean_abs=0.5594, max_abs=3.9964 | PA: mean=0.4522, std=0.3531, mean_l2=12.9401, median_l2=12.7642, mean_abs=0.4522, max_abs=2.6727
Epoch 29/30 | Train Loss: 4.1618 (Fused: 1.9581) | Train C-index: 0.9164 | Val Fused: 0.7302 | Val CT: 0.6383 | Val PA: 0.7308
Feature stats | CT: mean=0.5551, std=0.5416, mean_l2=17.5442, median_l2=17.4664, mean_abs=0.5551, max_abs=3.9273 | PA: mean=0.4557, std=0.3587, mean_l2=13.0739, median_l2=12.8520, mean_abs=0.4557, max_abs=2.6909
Early stopping at epoch 29
Fold 2 best C-index: 0.7380

Extra survival metrics:
cutoff_from_train_median: -1.281805
n_test: 112
n_high_risk: 65
n_low_risk: 47
n_event_test: 38
logrank_stat: 20.997129
logrank_p: 0.000005
auc_36m: 0.775293
auc_60m: 0.772112
HR_high_vs_low: 7.784035
HR_95CI_lower: 2.757772
HR_95CI_upper: 21.971071
cox_p: 0.000106

==================================================
Fold 4/5
==================================================
[ResNetCox] Loaded pretrained from /home/gly001/cqj/pa_ct_surv/model/ct_pretrain/resnet_18_23dataset.pth
  Missing keys (ok): ['fc.weight', 'fc.bias']
Epoch 1/30 | Train Loss: 5.9955 (Fused: 3.3673) | Train C-index: 0.4989 | Val Fused: 0.7011 | Val CT: 0.4241 | Val PA: 0.6932
Feature stats | CT: mean=0.8578, std=0.8796, mean_l2=27.7999, median_l2=27.7653, mean_abs=0.8578, max_abs=6.6109 | PA: mean=0.2791, std=0.2221, mean_l2=8.0642, median_l2=8.0422, mean_abs=0.2791, max_abs=1.7572
Epoch 2/30 | Train Loss: 5.8538 (Fused: 3.2227) | Train C-index: 0.6356 | Val Fused: 0.7121 | Val CT: 0.5865 | Val PA: 0.7124
Feature stats | CT: mean=0.8329, std=0.8551, mean_l2=27.0046, median_l2=27.0470, mean_abs=0.8329, max_abs=6.6096 | PA: mean=0.2895, std=0.2358, mean_l2=8.4391, median_l2=8.4001, mean_abs=0.2895, max_abs=1.8641
Epoch 3/30 | Train Loss: 5.6828 (Fused: 3.1229) | Train C-index: 0.6871 | Val Fused: 0.7203 | Val CT: 0.6279 | Val PA: 0.7203
Feature stats | CT: mean=0.7703, std=0.7885, mean_l2=24.9353, median_l2=24.9348, mean_abs=0.7703, max_abs=6.0370 | PA: mean=0.3040, std=0.2509, mean_l2=8.9065, median_l2=8.8615, mean_abs=0.3040, max_abs=2.0384
Epoch 4/30 | Train Loss: 5.6995 (Fused: 3.1024) | Train C-index: 0.7173 | Val Fused: 0.7223 | Val CT: 0.6478 | Val PA: 0.7177
Feature stats | CT: mean=0.7263, std=0.7381, mean_l2=23.4282, median_l2=23.4161, mean_abs=0.7263, max_abs=5.2445 | PA: mean=0.3186, std=0.2640, mean_l2=9.3436, median_l2=9.2585, mean_abs=0.3186, max_abs=2.1131
Epoch 5/30 | Train Loss: 5.5948 (Fused: 3.0176) | Train C-index: 0.7351 | Val Fused: 0.7227 | Val CT: 0.6547 | Val PA: 0.7184
Feature stats | CT: mean=0.6988, std=0.7096, mean_l2=22.5342, median_l2=22.5306, mean_abs=0.6988, max_abs=4.5156 | PA: mean=0.3308, std=0.2742, mean_l2=9.6992, median_l2=9.5884, mean_abs=0.3308, max_abs=2.1165
Epoch 6/30 | Train Loss: 5.6254 (Fused: 3.0604) | Train C-index: 0.7384 | Val Fused: 0.7263 | Val CT: 0.6634 | Val PA: 0.7210
Feature stats | CT: mean=0.6771, std=0.6843, mean_l2=21.7797, median_l2=21.7572, mean_abs=0.6771, max_abs=4.1725 | PA: mean=0.3423, std=0.2828, mean_l2=10.0252, median_l2=9.9090, mean_abs=0.3423, max_abs=2.1871
Epoch 7/30 | Train Loss: 5.5684 (Fused: 3.0317) | Train C-index: 0.7420 | Val Fused: 0.7237 | Val CT: 0.6680 | Val PA: 0.7253
Feature stats | CT: mean=0.6620, std=0.6692, mean_l2=21.2984, median_l2=21.2447, mean_abs=0.6620, max_abs=4.2619 | PA: mean=0.3514, std=0.2894, mean_l2=10.2820, median_l2=10.2347, mean_abs=0.3514, max_abs=2.3035
Epoch 8/30 | Train Loss: 5.4805 (Fused: 2.9486) | Train C-index: 0.7699 | Val Fused: 0.7247 | Val CT: 0.6657 | Val PA: 0.7200
Feature stats | CT: mean=0.6587, std=0.6688, mean_l2=21.2389, median_l2=21.1455, mean_abs=0.6587, max_abs=4.1462 | PA: mean=0.3582, std=0.2967, mean_l2=10.5049, median_l2=10.4467, mean_abs=0.3582, max_abs=2.2962
Epoch 9/30 | Train Loss: 5.4198 (Fused: 2.9531) | Train C-index: 0.7494 | Val Fused: 0.7200 | Val CT: 0.6663 | Val PA: 0.7150
Feature stats | CT: mean=0.6582, std=0.6609, mean_l2=21.1025, median_l2=20.9783, mean_abs=0.6582, max_abs=3.9548 | PA: mean=0.3658, std=0.3046, mean_l2=10.7484, median_l2=10.6904, mean_abs=0.3658, max_abs=2.2589
Epoch 10/30 | Train Loss: 5.3485 (Fused: 2.8904) | Train C-index: 0.7649 | Val Fused: 0.7230 | Val CT: 0.6693 | Val PA: 0.7194
Feature stats | CT: mean=0.6613, std=0.6539, mean_l2=21.0360, median_l2=20.8140, mean_abs=0.6613, max_abs=3.9535 | PA: mean=0.3726, std=0.3095, mean_l2=10.9368, median_l2=10.8609, mean_abs=0.3726, max_abs=2.2692
Epoch 11/30 | Train Loss: 5.4429 (Fused: 2.9087) | Train C-index: 0.7903 | Val Fused: 0.7250 | Val CT: 0.6693 | Val PA: 0.7217
Feature stats | CT: mean=0.6646, std=0.6505, mean_l2=21.0252, median_l2=20.6604, mean_abs=0.6646, max_abs=3.9571 | PA: mean=0.3809, std=0.3140, mean_l2=11.1445, median_l2=11.0880, mean_abs=0.3809, max_abs=2.2905
Epoch 12/30 | Train Loss: 5.2183 (Fused: 2.7966) | Train C-index: 0.7881 | Val Fused: 0.7286 | Val CT: 0.6667 | Val PA: 0.7197
Feature stats | CT: mean=0.6567, std=0.6389, mean_l2=20.7113, median_l2=20.3803, mean_abs=0.6567, max_abs=3.9248 | PA: mean=0.3893, std=0.3197, mean_l2=11.3724, median_l2=11.3042, mean_abs=0.3893, max_abs=2.3001
Epoch 13/30 | Train Loss: 5.2846 (Fused: 2.8203) | Train C-index: 0.8006 | Val Fused: 0.7306 | Val CT: 0.6696 | Val PA: 0.7223
Feature stats | CT: mean=0.6468, std=0.6266, mean_l2=20.3598, median_l2=20.0734, mean_abs=0.6468, max_abs=3.9928 | PA: mean=0.3945, std=0.3248, mean_l2=11.5365, median_l2=11.4697, mean_abs=0.3945, max_abs=2.3513
Epoch 14/30 | Train Loss: 5.0928 (Fused: 2.6939) | Train C-index: 0.8109 | Val Fused: 0.7346 | Val CT: 0.6680 | Val PA: 0.7227
Feature stats | CT: mean=0.6250, std=0.6049, mean_l2=19.6713, median_l2=19.4183, mean_abs=0.6250, max_abs=3.7519 | PA: mean=0.4003, std=0.3285, mean_l2=11.6904, median_l2=11.6300, mean_abs=0.4003, max_abs=2.4201
Epoch 15/30 | Train Loss: 5.1050 (Fused: 2.7057) | Train C-index: 0.8151 | Val Fused: 0.7353 | Val CT: 0.6740 | Val PA: 0.7243
Feature stats | CT: mean=0.6183, std=0.5967, mean_l2=19.4357, median_l2=19.1977, mean_abs=0.6183, max_abs=3.7924 | PA: mean=0.4042, std=0.3277, mean_l2=11.7477, median_l2=11.6789, mean_abs=0.4042, max_abs=2.4064
Epoch 16/30 | Train Loss: 5.0937 (Fused: 2.6838) | Train C-index: 0.8128 | Val Fused: 0.7343 | Val CT: 0.6736 | Val PA: 0.7260
Feature stats | CT: mean=0.6151, std=0.5900, mean_l2=19.2766, median_l2=19.0218, mean_abs=0.6151, max_abs=3.8890 | PA: mean=0.4073, std=0.3262, mean_l2=11.7826, median_l2=11.7265, mean_abs=0.4073, max_abs=2.3859
Epoch 17/30 | Train Loss: 5.1294 (Fused: 2.7019) | Train C-index: 0.8259 | Val Fused: 0.7353 | Val CT: 0.6769 | Val PA: 0.7240
Feature stats | CT: mean=0.6175, std=0.5894, mean_l2=19.3003, median_l2=18.9077, mean_abs=0.6175, max_abs=3.8171 | PA: mean=0.4118, std=0.3293, mean_l2=11.9015, median_l2=11.8411, mean_abs=0.4118, max_abs=2.4106
Epoch 18/30 | Train Loss: 4.9052 (Fused: 2.5552) | Train C-index: 0.8406 | Val Fused: 0.7323 | Val CT: 0.6776 | Val PA: 0.7223
Feature stats | CT: mean=0.6445, std=0.6218, mean_l2=20.2044, median_l2=19.6579, mean_abs=0.6445, max_abs=3.9962 | PA: mean=0.4171, std=0.3336, mean_l2=12.0525, median_l2=11.9566, mean_abs=0.4171, max_abs=2.4726
Epoch 19/30 | Train Loss: 4.9465 (Fused: 2.5942) | Train C-index: 0.8466 | Val Fused: 0.7362 | Val CT: 0.6793 | Val PA: 0.7240
Feature stats | CT: mean=0.6608, std=0.6433, mean_l2=20.7848, median_l2=20.3490, mean_abs=0.6608, max_abs=4.1155 | PA: mean=0.4229, std=0.3378, mean_l2=12.2139, median_l2=12.1622, mean_abs=0.4229, max_abs=2.5340
Epoch 20/30 | Train Loss: 4.9464 (Fused: 2.6052) | Train C-index: 0.8482 | Val Fused: 0.7237 | Val CT: 0.6789 | Val PA: 0.7187
Feature stats | CT: mean=0.5995, std=0.5790, mean_l2=18.8405, median_l2=18.5125, mean_abs=0.5995, max_abs=3.7694 | PA: mean=0.4289, std=0.3449, mean_l2=12.4128, median_l2=12.3431, mean_abs=0.4289, max_abs=2.5143
Epoch 21/30 | Train Loss: 4.8127 (Fused: 2.4964) | Train C-index: 0.8557 | Val Fused: 0.7220 | Val CT: 0.6776 | Val PA: 0.7167
Feature stats | CT: mean=0.5908, std=0.5695, mean_l2=18.5574, median_l2=18.3217, mean_abs=0.5908, max_abs=3.7003 | PA: mean=0.4331, std=0.3426, mean_l2=12.4604, median_l2=12.4251, mean_abs=0.4331, max_abs=2.5606
Epoch 22/30 | Train Loss: 4.7572 (Fused: 2.4651) | Train C-index: 0.8548 | Val Fused: 0.7190 | Val CT: 0.6759 | Val PA: 0.7104
Feature stats | CT: mean=0.6084, std=0.5872, mean_l2=19.1022, median_l2=18.7874, mean_abs=0.6084, max_abs=3.7790 | PA: mean=0.4351, std=0.3450, mean_l2=12.5284, median_l2=12.4820, mean_abs=0.4351, max_abs=2.4846
Epoch 23/30 | Train Loss: 4.6295 (Fused: 2.3456) | Train C-index: 0.8774 | Val Fused: 0.7210 | Val CT: 0.6773 | Val PA: 0.7087
Feature stats | CT: mean=0.6095, std=0.5884, mean_l2=19.1353, median_l2=18.8494, mean_abs=0.6095, max_abs=3.6330 | PA: mean=0.4381, std=0.3502, mean_l2=12.6511, median_l2=12.6265, mean_abs=0.4381, max_abs=2.5039
Epoch 24/30 | Train Loss: 4.5337 (Fused: 2.2749) | Train C-index: 0.8819 | Val Fused: 0.7174 | Val CT: 0.6773 | Val PA: 0.7134
Feature stats | CT: mean=0.5976, std=0.5728, mean_l2=18.6999, median_l2=18.2645, mean_abs=0.5976, max_abs=3.5153 | PA: mean=0.4392, std=0.3501, mean_l2=12.6674, median_l2=12.6549, mean_abs=0.4392, max_abs=2.5051
Epoch 25/30 | Train Loss: 4.6383 (Fused: 2.3196) | Train C-index: 0.8845 | Val Fused: 0.7207 | Val CT: 0.6799 | Val PA: 0.7087
Feature stats | CT: mean=0.5825, std=0.5539, mean_l2=18.1707, median_l2=17.8274, mean_abs=0.5825, max_abs=3.4004 | PA: mean=0.4418, std=0.3504, mean_l2=12.7205, median_l2=12.7082, mean_abs=0.4418, max_abs=2.4853
Epoch 26/30 | Train Loss: 4.4867 (Fused: 2.2272) | Train C-index: 0.8893 | Val Fused: 0.7157 | Val CT: 0.6879 | Val PA: 0.7068
Feature stats | CT: mean=0.5912, std=0.5709, mean_l2=18.5618, median_l2=18.0690, mean_abs=0.5912, max_abs=3.3979 | PA: mean=0.4452, std=0.3565, mean_l2=12.8612, median_l2=12.8466, mean_abs=0.4452, max_abs=2.5382
Epoch 27/30 | Train Loss: 4.4010 (Fused: 2.1649) | Train C-index: 0.9000 | Val Fused: 0.7104 | Val CT: 0.6822 | Val PA: 0.7021
Feature stats | CT: mean=0.5753, std=0.5620, mean_l2=18.1793, median_l2=17.8317, mean_abs=0.5753, max_abs=3.4611 | PA: mean=0.4475, std=0.3638, mean_l2=13.0039, median_l2=12.9851, mean_abs=0.4475, max_abs=2.7218
Epoch 28/30 | Train Loss: 4.2498 (Fused: 2.0426) | Train C-index: 0.9150 | Val Fused: 0.7034 | Val CT: 0.6832 | Val PA: 0.6985
Feature stats | CT: mean=0.5853, std=0.5747, mean_l2=18.5189, median_l2=18.0351, mean_abs=0.5853, max_abs=3.5597 | PA: mean=0.4478, std=0.3640, mean_l2=13.0162, median_l2=12.9564, mean_abs=0.4478, max_abs=2.7130
Epoch 29/30 | Train Loss: 4.1238 (Fused: 1.9206) | Train C-index: 0.9238 | Val Fused: 0.6882 | Val CT: 0.6789 | Val PA: 0.6882
Feature stats | CT: mean=0.5613, std=0.5460, mean_l2=17.6978, median_l2=17.3652, mean_abs=0.5613, max_abs=3.4572 | PA: mean=0.4490, std=0.3654, mean_l2=13.0506, median_l2=13.0086, mean_abs=0.4490, max_abs=2.7738
Early stopping at epoch 29
Fold 3 best C-index: 0.7362

Extra survival metrics:
cutoff_from_train_median: -0.781364
n_test: 112
n_high_risk: 49
n_low_risk: 63
n_event_test: 38
logrank_stat: 9.101273
logrank_p: 0.002554
auc_36m: 0.795908
auc_60m: 0.708423
HR_high_vs_low: 2.672293
HR_95CI_lower: 1.376340
HR_95CI_upper: 5.188508
cox_p: 0.003690

==================================================
Fold 5/5
==================================================
[ResNetCox] Loaded pretrained from /home/gly001/cqj/pa_ct_surv/model/ct_pretrain/resnet_18_23dataset.pth
  Missing keys (ok): ['fc.weight', 'fc.bias']
Epoch 1/30 | Train Loss: 6.0213 (Fused: 3.3932) | Train C-index: 0.5151 | Val Fused: 0.6518 | Val CT: 0.4255 | Val PA: 0.6309
Feature stats | CT: mean=0.8480, std=0.8675, mean_l2=27.4461, median_l2=27.4404, mean_abs=0.8480, max_abs=6.5544 | PA: mean=0.2767, std=0.2204, mean_l2=7.9974, median_l2=7.9598, mean_abs=0.2767, max_abs=1.8321
Epoch 2/30 | Train Loss: 5.8287 (Fused: 3.2211) | Train C-index: 0.6524 | Val Fused: 0.6440 | Val CT: 0.5032 | Val PA: 0.6400
Feature stats | CT: mean=0.8050, std=0.8299, mean_l2=26.1613, median_l2=26.1430, mean_abs=0.8050, max_abs=5.7226 | PA: mean=0.2847, std=0.2304, mean_l2=8.2781, median_l2=8.2320, mean_abs=0.2847, max_abs=1.8302
Epoch 3/30 | Train Loss: 5.8790 (Fused: 3.2456) | Train C-index: 0.6922 | Val Fused: 0.6528 | Val CT: 0.5375 | Val PA: 0.6487
Feature stats | CT: mean=0.7772, std=0.7987, mean_l2=25.2143, median_l2=25.2435, mean_abs=0.7772, max_abs=5.5116 | PA: mean=0.2958, std=0.2445, mean_l2=8.6702, median_l2=8.6108, mean_abs=0.2958, max_abs=1.9956
Epoch 4/30 | Train Loss: 5.5143 (Fused: 2.9964) | Train C-index: 0.7376 | Val Fused: 0.6561 | Val CT: 0.5449 | Val PA: 0.6477
Feature stats | CT: mean=0.7497, std=0.7608, mean_l2=24.1671, median_l2=24.1545, mean_abs=0.7497, max_abs=5.0269 | PA: mean=0.3058, std=0.2564, mean_l2=9.0131, median_l2=8.9161, mean_abs=0.3058, max_abs=2.0708
Epoch 5/30 | Train Loss: 5.5986 (Fused: 3.0420) | Train C-index: 0.7372 | Val Fused: 0.6558 | Val CT: 0.5492 | Val PA: 0.6494
Feature stats | CT: mean=0.7273, std=0.7318, mean_l2=23.3424, median_l2=23.3149, mean_abs=0.7273, max_abs=4.6957 | PA: mean=0.3160, std=0.2674, mean_l2=9.3455, median_l2=9.2478, mean_abs=0.3160, max_abs=2.0990
Epoch 6/30 | Train Loss: 5.4406 (Fused: 2.9442) | Train C-index: 0.7535 | Val Fused: 0.6575 | Val CT: 0.5486 | Val PA: 0.6484
Feature stats | CT: mean=0.7021, std=0.7045, mean_l2=22.5043, median_l2=22.4423, mean_abs=0.7021, max_abs=4.3375 | PA: mean=0.3286, std=0.2787, mean_l2=9.7246, median_l2=9.6140, mean_abs=0.3286, max_abs=2.1798
Epoch 7/30 | Train Loss: 5.4706 (Fused: 2.9370) | Train C-index: 0.7729 | Val Fused: 0.6578 | Val CT: 0.5560 | Val PA: 0.6497
Feature stats | CT: mean=0.7026, std=0.7025, mean_l2=22.4785, median_l2=22.3663, mean_abs=0.7026, max_abs=4.2023 | PA: mean=0.3383, std=0.2850, mean_l2=9.9852, median_l2=9.8902, mean_abs=0.3383, max_abs=2.2380
Epoch 8/30 | Train Loss: 5.3538 (Fused: 2.8966) | Train C-index: 0.7644 | Val Fused: 0.6538 | Val CT: 0.5570 | Val PA: 0.6528
Feature stats | CT: mean=0.6877, std=0.6885, mean_l2=22.0104, median_l2=21.9457, mean_abs=0.6877, max_abs=4.0918 | PA: mean=0.3503, std=0.2926, mean_l2=10.3050, median_l2=10.1890, mean_abs=0.3503, max_abs=2.2789
Epoch 9/30 | Train Loss: 5.2745 (Fused: 2.8296) | Train C-index: 0.7776 | Val Fused: 0.6514 | Val CT: 0.5624 | Val PA: 0.6508
Feature stats | CT: mean=0.6674, std=0.6645, mean_l2=21.3015, median_l2=21.1348, mean_abs=0.6674, max_abs=4.0782 | PA: mean=0.3630, std=0.2995, mean_l2=10.6268, median_l2=10.5556, mean_abs=0.3630, max_abs=2.3524
Epoch 10/30 | Train Loss: 5.2888 (Fused: 2.8343) | Train C-index: 0.7814 | Val Fused: 0.6538 | Val CT: 0.5681 | Val PA: 0.6541
Feature stats | CT: mean=0.6587, std=0.6546, mean_l2=20.9971, median_l2=20.7307, mean_abs=0.6587, max_abs=4.3508 | PA: mean=0.3735, std=0.3070, mean_l2=10.9175, median_l2=10.8561, mean_abs=0.3735, max_abs=2.3772
Epoch 11/30 | Train Loss: 5.2912 (Fused: 2.8371) | Train C-index: 0.7933 | Val Fused: 0.6571 | Val CT: 0.5677 | Val PA: 0.6548
Feature stats | CT: mean=0.6650, std=0.6609, mean_l2=21.1808, median_l2=20.7096, mean_abs=0.6650, max_abs=4.3893 | PA: mean=0.3799, std=0.3121, mean_l2=11.0997, median_l2=11.0391, mean_abs=0.3799, max_abs=2.3563
Epoch 12/30 | Train Loss: 5.1582 (Fused: 2.7395) | Train C-index: 0.8091 | Val Fused: 0.6625 | Val CT: 0.5728 | Val PA: 0.6578
Feature stats | CT: mean=0.6937, std=0.6885, mean_l2=22.0306, median_l2=21.3693, mean_abs=0.6937, max_abs=4.9811 | PA: mean=0.3839, std=0.3161, mean_l2=11.2256, median_l2=11.1403, mean_abs=0.3839, max_abs=2.3370
Epoch 13/30 | Train Loss: 5.1474 (Fused: 2.7055) | Train C-index: 0.8177 | Val Fused: 0.6669 | Val CT: 0.5842 | Val PA: 0.6588
Feature stats | CT: mean=0.6712, std=0.6586, mean_l2=21.2042, median_l2=20.4796, mean_abs=0.6712, max_abs=4.7434 | PA: mean=0.3914, std=0.3226, mean_l2=11.4462, median_l2=11.3720, mean_abs=0.3914, max_abs=2.3384
Epoch 14/30 | Train Loss: 5.1308 (Fused: 2.7089) | Train C-index: 0.8259 | Val Fused: 0.6766 | Val CT: 0.5926 | Val PA: 0.6618
Feature stats | CT: mean=0.6441, std=0.6175, mean_l2=20.1380, median_l2=19.4855, mean_abs=0.6441, max_abs=4.3987 | PA: mean=0.4012, std=0.3284, mean_l2=11.7004, median_l2=11.6527, mean_abs=0.4012, max_abs=2.3459
Epoch 15/30 | Train Loss: 5.0187 (Fused: 2.6314) | Train C-index: 0.8254 | Val Fused: 0.6639 | Val CT: 0.5980 | Val PA: 0.6615
Feature stats | CT: mean=0.6424, std=0.6126, mean_l2=20.0256, median_l2=19.3014, mean_abs=0.6424, max_abs=4.0155 | PA: mean=0.4081, std=0.3350, mean_l2=11.9135, median_l2=11.8600, mean_abs=0.4081, max_abs=2.3800
Epoch 16/30 | Train Loss: 4.9065 (Fused: 2.5671) | Train C-index: 0.8418 | Val Fused: 0.6689 | Val CT: 0.6118 | Val PA: 0.6652
Feature stats | CT: mean=0.6515, std=0.6241, mean_l2=20.3526, median_l2=19.8148, mean_abs=0.6515, max_abs=4.0112 | PA: mean=0.4164, std=0.3427, mean_l2=12.1639, median_l2=12.0899, mean_abs=0.4164, max_abs=2.4526
Epoch 17/30 | Train Loss: 4.8410 (Fused: 2.5005) | Train C-index: 0.8546 | Val Fused: 0.6719 | Val CT: 0.6104 | Val PA: 0.6639
Feature stats | CT: mean=0.6292, std=0.6004, mean_l2=19.6390, median_l2=19.2258, mean_abs=0.6292, max_abs=3.9244 | PA: mean=0.4248, std=0.3448, mean_l2=12.3419, median_l2=12.2677, mean_abs=0.4248, max_abs=2.5578
Epoch 18/30 | Train Loss: 4.7916 (Fused: 2.4608) | Train C-index: 0.8604 | Val Fused: 0.6780 | Val CT: 0.6175 | Val PA: 0.6709
Feature stats | CT: mean=0.6132, std=0.5840, mean_l2=19.1307, median_l2=18.6150, mean_abs=0.6132, max_abs=3.6951 | PA: mean=0.4324, std=0.3483, mean_l2=12.5241, median_l2=12.4441, mean_abs=0.4324, max_abs=2.5968
Epoch 19/30 | Train Loss: 4.7043 (Fused: 2.4087) | Train C-index: 0.8646 | Val Fused: 0.6790 | Val CT: 0.6198 | Val PA: 0.6746
Feature stats | CT: mean=0.6198, std=0.5939, mean_l2=19.3930, median_l2=19.0872, mean_abs=0.6198, max_abs=3.7396 | PA: mean=0.4389, std=0.3524, mean_l2=12.6986, median_l2=12.6649, mean_abs=0.4389, max_abs=2.7156
Epoch 20/30 | Train Loss: 4.7197 (Fused: 2.4176) | Train C-index: 0.8664 | Val Fused: 0.6813 | Val CT: 0.6188 | Val PA: 0.6901
Feature stats | CT: mean=0.6104, std=0.5871, mean_l2=19.1353, median_l2=18.6376, mean_abs=0.6104, max_abs=4.0589 | PA: mean=0.4431, std=0.3525, mean_l2=12.7721, median_l2=12.7688, mean_abs=0.4431, max_abs=2.6909
Epoch 21/30 | Train Loss: 4.5140 (Fused: 2.2633) | Train C-index: 0.8776 | Val Fused: 0.6790 | Val CT: 0.6218 | Val PA: 0.6867
Feature stats | CT: mean=0.5941, std=0.5666, mean_l2=18.5608, median_l2=18.2568, mean_abs=0.5941, max_abs=3.7725 | PA: mean=0.4472, std=0.3496, mean_l2=12.8050, median_l2=12.7869, mean_abs=0.4472, max_abs=2.6710
Epoch 22/30 | Train Loss: 4.4833 (Fused: 2.2297) | Train C-index: 0.8928 | Val Fused: 0.6743 | Val CT: 0.6202 | Val PA: 0.6840
Feature stats | CT: mean=0.5920, std=0.5609, mean_l2=18.4293, median_l2=18.0604, mean_abs=0.5920, max_abs=3.6921 | PA: mean=0.4497, std=0.3525, mean_l2=12.8926, median_l2=12.8690, mean_abs=0.4497, max_abs=2.6129
Epoch 23/30 | Train Loss: 4.4324 (Fused: 2.1813) | Train C-index: 0.9000 | Val Fused: 0.6790 | Val CT: 0.6202 | Val PA: 0.6884
Feature stats | CT: mean=0.5855, std=0.5606, mean_l2=18.3128, median_l2=17.7954, mean_abs=0.5855, max_abs=3.6753 | PA: mean=0.4518, std=0.3543, mean_l2=12.9540, median_l2=12.9602, mean_abs=0.4518, max_abs=2.5460
Epoch 24/30 | Train Loss: 4.3402 (Fused: 2.1221) | Train C-index: 0.9039 | Val Fused: 0.6713 | Val CT: 0.6259 | Val PA: 0.6834
Feature stats | CT: mean=0.5806, std=0.5573, mean_l2=18.1829, median_l2=17.7433, mean_abs=0.5806, max_abs=3.6601 | PA: mean=0.4516, std=0.3586, mean_l2=13.0119, median_l2=13.0170, mean_abs=0.4516, max_abs=2.5540
Epoch 25/30 | Train Loss: 4.2570 (Fused: 2.0551) | Train C-index: 0.9116 | Val Fused: 0.6551 | Val CT: 0.6323 | Val PA: 0.6803
Feature stats | CT: mean=0.5792, std=0.5539, mean_l2=18.1014, median_l2=17.5844, mean_abs=0.5792, max_abs=3.6087 | PA: mean=0.4517, std=0.3626, mean_l2=13.0655, median_l2=13.0262, mean_abs=0.4517, max_abs=2.6155
Epoch 26/30 | Train Loss: 4.2960 (Fused: 2.0423) | Train C-index: 0.9107 | Val Fused: 0.6632 | Val CT: 0.6303 | Val PA: 0.6834
Feature stats | CT: mean=0.5682, std=0.5389, mean_l2=17.6961, median_l2=17.2790, mean_abs=0.5682, max_abs=3.4140 | PA: mean=0.4518, std=0.3594, mean_l2=13.0256, median_l2=13.0312, mean_abs=0.4518, max_abs=2.5803
Epoch 27/30 | Train Loss: 4.1425 (Fused: 1.9187) | Train C-index: 0.9238 | Val Fused: 0.6602 | Val CT: 0.6339 | Val PA: 0.6797
Feature stats | CT: mean=0.5471, std=0.5271, mean_l2=17.1822, median_l2=17.0364, mean_abs=0.5471, max_abs=3.7385 | PA: mean=0.4496, std=0.3586, mean_l2=12.9752, median_l2=12.9744, mean_abs=0.4496, max_abs=2.4978
Epoch 28/30 | Train Loss: 4.1114 (Fused: 1.8669) | Train C-index: 0.9304 | Val Fused: 0.6763 | Val CT: 0.6279 | Val PA: 0.6864
Feature stats | CT: mean=0.5544, std=0.5288, mean_l2=17.3233, median_l2=17.1023, mean_abs=0.5544, max_abs=3.1771 | PA: mean=0.4451, std=0.3558, mean_l2=12.8599, median_l2=12.8496, mean_abs=0.4451, max_abs=2.5557
Epoch 29/30 | Train Loss: 4.0510 (Fused: 1.8378) | Train C-index: 0.9387 | Val Fused: 0.6686 | Val CT: 0.6346 | Val PA: 0.6719
Feature stats | CT: mean=0.5785, std=0.5557, mean_l2=18.1109, median_l2=17.8132, mean_abs=0.5785, max_abs=3.6112 | PA: mean=0.4425, std=0.3606, mean_l2=12.8793, median_l2=12.8542, mean_abs=0.4425, max_abs=2.5828
Epoch 30/30 | Train Loss: 3.9494 (Fused: 1.7851) | Train C-index: 0.9361 | Val Fused: 0.6649 | Val CT: 0.6333 | Val PA: 0.6857
Feature stats | CT: mean=0.5601, std=0.5367, mean_l2=17.5295, median_l2=17.1600, mean_abs=0.5601, max_abs=3.3108 | PA: mean=0.4419, std=0.3592, mean_l2=12.8537, median_l2=12.8081, mean_abs=0.4419, max_abs=2.6236
Early stopping at epoch 30
Fold 4 best C-index: 0.6813

Extra survival metrics:
cutoff_from_train_median: -1.624761
n_test: 112
n_high_risk: 68
n_low_risk: 44
n_event_test: 38
logrank_stat: 8.471293
logrank_p: 0.003608
auc_36m: 0.763918
auc_60m: 0.680181
HR_high_vs_low: 3.020359
HR_95CI_lower: 1.381560
HR_95CI_upper: 6.603092
cox_p: 0.005608

==================================================
5-Fold CV Summary
==================================================
  C-index: 0.7419 +/- 0.0393
