Using Device: cuda | ROI: 64
PA: abmil | CT: resnet18 | Fusion: hrca-single | Fusion dropout: 0.0 | Norm: none | CT/PA dropout: 0.0 | CT augmentation: disabled
LR: 0.0001 | CT Backbone LR: 1e-05
Loss: Fused Cox + 0.3*CT + 0.5*PA
CT pretrained: /home/gly001/cqj/pa_ct_surv/model/ct_pretrain/resnet_18_23dataset.pth
Checkpoints: /home/gly001/cqj/pa_ct_surv/checkpoints/pact_v4/pact/roi64_abmil_resnet18_hrca-single_normnone_fusion_dropout0.0_epochs30_coxbs64_lr1e-4_blr1e-5_wd5e-4_lct0.3_lpa0.5_seed42
Results: /home/gly001/cqj/pa_ct_surv/results/pact_v4/pact/roi64_abmil_resnet18_hrca-single_normnone_fusion_dropout0.0_epochs30_coxbs64_lr1e-4_blr1e-5_wd5e-4_lct0.3_lpa0.5_seed42
Loaded 703 paired samples
Locked split: train=562, test=141
Test set is not accessed during CV

==================================================
Fold 1/5
==================================================
[ResNetCox] Loaded pretrained from /home/gly001/cqj/pa_ct_surv/model/ct_pretrain/resnet_18_23dataset.pth
  Missing keys (ok): ['fc.weight', 'fc.bias']
Epoch 1/30 | Train Loss: 5.7681 (Fused: 3.2140) | Train C-index: 0.5686 | Val Fused: 0.7413 | Val CT: 0.4473 | Val PA: 0.7420
Feature stats | CT: mean=0.8682, std=0.8882, mean_l2=28.1011, median_l2=28.0324, mean_abs=0.8682, max_abs=7.0303 | PA: mean=0.2790, std=0.2221, mean_l2=8.0622, median_l2=8.0378, mean_abs=0.2790, max_abs=1.7966
Epoch 2/30 | Train Loss: 5.5846 (Fused: 3.0906) | Train C-index: 0.6657 | Val Fused: 0.7420 | Val CT: 0.5601 | Val PA: 0.7451
Feature stats | CT: mean=0.8637, std=0.8911, mean_l2=28.0773, median_l2=28.0417, mean_abs=0.8637, max_abs=7.2230 | PA: mean=0.2942, std=0.2407, mean_l2=8.5855, median_l2=8.5264, mean_abs=0.2942, max_abs=2.0657
Epoch 3/30 | Train Loss: 5.4514 (Fused: 2.9956) | Train C-index: 0.7216 | Val Fused: 0.7423 | Val CT: 0.5945 | Val PA: 0.7439
Feature stats | CT: mean=0.8300, std=0.8624, mean_l2=27.0789, median_l2=27.0026, mean_abs=0.8300, max_abs=6.8854 | PA: mean=0.3181, std=0.2624, mean_l2=9.3049, median_l2=9.1870, mean_abs=0.3181, max_abs=2.1249
Epoch 4/30 | Train Loss: 5.3420 (Fused: 2.9285) | Train C-index: 0.7295 | Val Fused: 0.7448 | Val CT: 0.6069 | Val PA: 0.7439
Feature stats | CT: mean=0.8263, std=0.8607, mean_l2=26.9932, median_l2=26.8923, mean_abs=0.8263, max_abs=6.8718 | PA: mean=0.3373, std=0.2756, mean_l2=9.8286, median_l2=9.7179, mean_abs=0.3373, max_abs=2.2388
Epoch 5/30 | Train Loss: 5.3173 (Fused: 2.9116) | Train C-index: 0.7509 | Val Fused: 0.7442 | Val CT: 0.6142 | Val PA: 0.7471
Feature stats | CT: mean=0.8291, std=0.8687, mean_l2=27.1677, median_l2=27.0882, mean_abs=0.8291, max_abs=6.8221 | PA: mean=0.3509, std=0.2816, mean_l2=10.1555, median_l2=10.0643, mean_abs=0.3509, max_abs=2.2549
Epoch 6/30 | Train Loss: 5.2361 (Fused: 2.8428) | Train C-index: 0.7766 | Val Fused: 0.7461 | Val CT: 0.6206 | Val PA: 0.7477
Feature stats | CT: mean=0.8370, std=0.8790, mean_l2=27.4572, median_l2=27.3736, mean_abs=0.8370, max_abs=6.7744 | PA: mean=0.3656, std=0.2888, mean_l2=10.5200, median_l2=10.4867, mean_abs=0.3656, max_abs=2.2603
Epoch 7/30 | Train Loss: 5.1639 (Fused: 2.8042) | Train C-index: 0.7777 | Val Fused: 0.7502 | Val CT: 0.6215 | Val PA: 0.7518
Feature stats | CT: mean=0.8601, std=0.9001, mean_l2=28.1568, median_l2=28.0498, mean_abs=0.8601, max_abs=7.0083 | PA: mean=0.3864, std=0.3001, mean_l2=11.0457, median_l2=11.0605, mean_abs=0.3864, max_abs=2.3472
Epoch 8/30 | Train Loss: 5.0368 (Fused: 2.7071) | Train C-index: 0.8011 | Val Fused: 0.7592 | Val CT: 0.6285 | Val PA: 0.7604
Feature stats | CT: mean=0.8685, std=0.9106, mean_l2=28.4538, median_l2=28.3272, mean_abs=0.8685, max_abs=7.0153 | PA: mean=0.4114, std=0.3147, mean_l2=11.6937, median_l2=11.7060, mean_abs=0.4114, max_abs=2.4249
Epoch 9/30 | Train Loss: 4.9545 (Fused: 2.6420) | Train C-index: 0.8212 | Val Fused: 0.7569 | Val CT: 0.6362 | Val PA: 0.7630
Feature stats | CT: mean=0.8653, std=0.9128, mean_l2=28.4272, median_l2=28.2969, mean_abs=0.8653, max_abs=7.3033 | PA: mean=0.4359, std=0.3271, mean_l2=12.3026, median_l2=12.3045, mean_abs=0.4359, max_abs=2.4365
Epoch 10/30 | Train Loss: 4.8679 (Fused: 2.5777) | Train C-index: 0.8403 | Val Fused: 0.7445 | Val CT: 0.6375 | Val PA: 0.7649
Feature stats | CT: mean=0.8737, std=0.9257, mean_l2=28.7663, median_l2=28.6667, mean_abs=0.8737, max_abs=7.3988 | PA: mean=0.4580, std=0.3344, mean_l2=12.8026, median_l2=12.7795, mean_abs=0.4580, max_abs=2.4506
Epoch 11/30 | Train Loss: 4.7329 (Fused: 2.4675) | Train C-index: 0.8540 | Val Fused: 0.7327 | Val CT: 0.6429 | Val PA: 0.7658
Feature stats | CT: mean=0.8969, std=0.9474, mean_l2=29.4697, median_l2=29.3377, mean_abs=0.8969, max_abs=7.8464 | PA: mean=0.4838, std=0.3444, mean_l2=13.4052, median_l2=13.4219, mean_abs=0.4838, max_abs=2.5096
Epoch 12/30 | Train Loss: 4.6079 (Fused: 2.3817) | Train C-index: 0.8745 | Val Fused: 0.7015 | Val CT: 0.6483 | Val PA: 0.7703
Feature stats | CT: mean=0.8887, std=0.9334, mean_l2=29.1007, median_l2=28.9135, mean_abs=0.8887, max_abs=7.6268 | PA: mean=0.5124, std=0.3575, mean_l2=14.1011, median_l2=14.1511, mean_abs=0.5124, max_abs=2.5367
Epoch 13/30 | Train Loss: 4.4368 (Fused: 2.2402) | Train C-index: 0.8863 | Val Fused: 0.7512 | Val CT: 0.6547 | Val PA: 0.7706
Feature stats | CT: mean=0.8727, std=0.9190, mean_l2=28.6147, median_l2=28.4289, mean_abs=0.8727, max_abs=7.5209 | PA: mean=0.5390, std=0.3686, mean_l2=14.7384, median_l2=14.7858, mean_abs=0.5390, max_abs=2.5889
Epoch 14/30 | Train Loss: 4.3854 (Fused: 2.2176) | Train C-index: 0.8875 | Val Fused: 0.6872 | Val CT: 0.6582 | Val PA: 0.7643
Feature stats | CT: mean=0.8767, std=0.9241, mean_l2=28.7600, median_l2=28.6288, mean_abs=0.8767, max_abs=7.6000 | PA: mean=0.5652, std=0.3791, mean_l2=15.3588, median_l2=15.4689, mean_abs=0.5652, max_abs=2.6572
Epoch 15/30 | Train Loss: 4.3240 (Fused: 2.1579) | Train C-index: 0.8965 | Val Fused: 0.7397 | Val CT: 0.6642 | Val PA: 0.7732
Feature stats | CT: mean=0.8508, std=0.9122, mean_l2=28.1487, median_l2=27.5973, mean_abs=0.8508, max_abs=7.8036 | PA: mean=0.5906, std=0.3895, mean_l2=15.9655, median_l2=16.0326, mean_abs=0.5906, max_abs=2.6752
Epoch 16/30 | Train Loss: 4.1369 (Fused: 1.9921) | Train C-index: 0.9132 | Val Fused: 0.7260 | Val CT: 0.6397 | Val PA: 0.7741
Feature stats | CT: mean=0.8651, std=0.9254, mean_l2=28.6204, median_l2=28.6096, mean_abs=0.8651, max_abs=7.7867 | PA: mean=0.6108, std=0.3958, mean_l2=16.4252, median_l2=16.4881, mean_abs=0.6108, max_abs=2.7428
Epoch 17/30 | Train Loss: 3.9943 (Fused: 1.8943) | Train C-index: 0.9194 | Val Fused: 0.7111 | Val CT: 0.6712 | Val PA: 0.7735
Feature stats | CT: mean=0.8988, std=0.9572, mean_l2=29.6695, median_l2=29.6436, mean_abs=0.8988, max_abs=7.6388 | PA: mean=0.6273, std=0.4043, mean_l2=16.8411, median_l2=16.9692, mean_abs=0.6273, max_abs=2.7719
Epoch 18/30 | Train Loss: 3.9824 (Fused: 1.9083) | Train C-index: 0.9103 | Val Fused: 0.7040 | Val CT: 0.6744 | Val PA: 0.7658
Feature stats | CT: mean=0.8940, std=0.9622, mean_l2=29.6353, median_l2=29.2069, mean_abs=0.8940, max_abs=7.8178 | PA: mean=0.6460, std=0.4112, mean_l2=17.2777, median_l2=17.3887, mean_abs=0.6460, max_abs=2.8171
Early stopping at epoch 18
Fold 0 best C-index: 0.7592

Extra survival metrics:
cutoff_from_train_median: -1.139763
n_test: 113
n_high_risk: 57
n_low_risk: 56
n_event_test: 38
logrank_stat: 24.582197
logrank_p: 0.000001
auc_36m: 0.786576
auc_60m: 0.797972
HR_high_vs_low: 6.223843
HR_95CI_lower: 2.729817
HR_95CI_upper: 14.190043
cox_p: 0.000014

==================================================
Fold 2/5
==================================================
[ResNetCox] Loaded pretrained from /home/gly001/cqj/pa_ct_surv/model/ct_pretrain/resnet_18_23dataset.pth
  Missing keys (ok): ['fc.weight', 'fc.bias']
Epoch 1/30 | Train Loss: 5.7911 (Fused: 3.2215) | Train C-index: 0.5842 | Val Fused: 0.7609 | Val CT: 0.3974 | Val PA: 0.7501
Feature stats | CT: mean=0.8613, std=0.8769, mean_l2=27.8111, median_l2=27.7773, mean_abs=0.8613, max_abs=6.6239 | PA: mean=0.2788, std=0.2224, mean_l2=8.0616, median_l2=8.0023, mean_abs=0.2788, max_abs=1.8475
Epoch 2/30 | Train Loss: 5.6188 (Fused: 3.1049) | Train C-index: 0.6757 | Val Fused: 0.7613 | Val CT: 0.5565 | Val PA: 0.7504
Feature stats | CT: mean=0.8450, std=0.8751, mean_l2=27.5243, median_l2=27.4640, mean_abs=0.8450, max_abs=6.7398 | PA: mean=0.2955, std=0.2436, mean_l2=8.6471, median_l2=8.5579, mean_abs=0.2955, max_abs=2.0040
Epoch 3/30 | Train Loss: 5.5079 (Fused: 3.0299) | Train C-index: 0.7228 | Val Fused: 0.7577 | Val CT: 0.6200 | Val PA: 0.7498
Feature stats | CT: mean=0.8429, std=0.8914, mean_l2=27.7572, median_l2=27.6816, mean_abs=0.8429, max_abs=6.7957 | PA: mean=0.3146, std=0.2621, mean_l2=9.2399, median_l2=9.1467, mean_abs=0.3146, max_abs=2.1697
Epoch 4/30 | Train Loss: 5.5152 (Fused: 3.0522) | Train C-index: 0.7068 | Val Fused: 0.7494 | Val CT: 0.6381 | Val PA: 0.7484
Feature stats | CT: mean=0.8460, std=0.8999, mean_l2=27.9465, median_l2=27.8612, mean_abs=0.8460, max_abs=6.8619 | PA: mean=0.3337, std=0.2756, mean_l2=9.7644, median_l2=9.6268, mean_abs=0.3337, max_abs=2.2675
Epoch 5/30 | Train Loss: 5.3695 (Fused: 2.9355) | Train C-index: 0.7490 | Val Fused: 0.7425 | Val CT: 0.6457 | Val PA: 0.7451
Feature stats | CT: mean=0.8647, std=0.9182, mean_l2=28.5376, median_l2=28.4908, mean_abs=0.8647, max_abs=7.0677 | PA: mean=0.3526, std=0.2860, mean_l2=10.2441, median_l2=10.1630, mean_abs=0.3526, max_abs=2.2764
Epoch 6/30 | Train Loss: 5.3330 (Fused: 2.9133) | Train C-index: 0.7644 | Val Fused: 0.7511 | Val CT: 0.6487 | Val PA: 0.7471
Feature stats | CT: mean=0.8597, std=0.9153, mean_l2=28.4116, median_l2=28.3400, mean_abs=0.8597, max_abs=7.0410 | PA: mean=0.3704, std=0.2951, mean_l2=10.6875, median_l2=10.5994, mean_abs=0.3704, max_abs=2.2854
Epoch 7/30 | Train Loss: 5.1971 (Fused: 2.8218) | Train C-index: 0.7764 | Val Fused: 0.7530 | Val CT: 0.6506 | Val PA: 0.7507
Feature stats | CT: mean=0.8505, std=0.9092, mean_l2=28.1685, median_l2=28.0764, mean_abs=0.8505, max_abs=6.8913 | PA: mean=0.3900, std=0.3055, mean_l2=11.1811, median_l2=11.1165, mean_abs=0.3900, max_abs=2.3436
Epoch 8/30 | Train Loss: 5.1360 (Fused: 2.7625) | Train C-index: 0.7997 | Val Fused: 0.7633 | Val CT: 0.6536 | Val PA: 0.7567
Feature stats | CT: mean=0.8427, std=0.8985, mean_l2=27.8681, median_l2=27.7299, mean_abs=0.8427, max_abs=6.8989 | PA: mean=0.4148, std=0.3199, mean_l2=11.8213, median_l2=11.7542, mean_abs=0.4148, max_abs=2.4578
Epoch 9/30 | Train Loss: 5.0213 (Fused: 2.6863) | Train C-index: 0.8113 | Val Fused: 0.7590 | Val CT: 0.6582 | Val PA: 0.7560
Feature stats | CT: mean=0.8529, std=0.9025, mean_l2=28.0836, median_l2=27.8342, mean_abs=0.8529, max_abs=7.1098 | PA: mean=0.4398, std=0.3337, mean_l2=12.4570, median_l2=12.4380, mean_abs=0.4398, max_abs=2.5436
Epoch 10/30 | Train Loss: 4.8497 (Fused: 2.5466) | Train C-index: 0.8334 | Val Fused: 0.7560 | Val CT: 0.6612 | Val PA: 0.7554
Feature stats | CT: mean=0.8866, std=0.9334, mean_l2=29.1005, median_l2=28.8162, mean_abs=0.8866, max_abs=7.4698 | PA: mean=0.4607, std=0.3425, mean_l2=12.9528, median_l2=12.9675, mean_abs=0.4607, max_abs=2.5319
Epoch 11/30 | Train Loss: 4.7639 (Fused: 2.4844) | Train C-index: 0.8538 | Val Fused: 0.7412 | Val CT: 0.6638 | Val PA: 0.7521
Feature stats | CT: mean=0.8972, std=0.9463, mean_l2=29.4683, median_l2=29.2975, mean_abs=0.8972, max_abs=7.6747 | PA: mean=0.4822, std=0.3503, mean_l2=13.4537, median_l2=13.4801, mean_abs=0.4822, max_abs=2.5805
Epoch 12/30 | Train Loss: 4.6230 (Fused: 2.3702) | Train C-index: 0.8638 | Val Fused: 0.7491 | Val CT: 0.6658 | Val PA: 0.7498
Feature stats | CT: mean=0.8811, std=0.9286, mean_l2=28.9199, median_l2=28.6722, mean_abs=0.8811, max_abs=7.6399 | PA: mean=0.5070, std=0.3625, mean_l2=14.0667, median_l2=14.1414, mean_abs=0.5070, max_abs=2.6375
Epoch 13/30 | Train Loss: 4.4173 (Fused: 2.2171) | Train C-index: 0.8822 | Val Fused: 0.7442 | Val CT: 0.6671 | Val PA: 0.7395
Feature stats | CT: mean=0.8734, std=0.9205, mean_l2=28.6561, median_l2=28.3749, mean_abs=0.8734, max_abs=7.5403 | PA: mean=0.5297, std=0.3717, mean_l2=14.6054, median_l2=14.6576, mean_abs=0.5297, max_abs=2.6172
Epoch 14/30 | Train Loss: 4.3719 (Fused: 2.1873) | Train C-index: 0.8838 | Val Fused: 0.6694 | Val CT: 0.6819 | Val PA: 0.7395
Feature stats | CT: mean=0.8571, std=0.9084, mean_l2=28.2141, median_l2=28.0125, mean_abs=0.8571, max_abs=7.2412 | PA: mean=0.5525, std=0.3825, mean_l2=15.1641, median_l2=15.2584, mean_abs=0.5525, max_abs=2.6281
Epoch 15/30 | Train Loss: 4.3010 (Fused: 2.1368) | Train C-index: 0.9044 | Val Fused: 0.7580 | Val CT: 0.6734 | Val PA: 0.7330
Feature stats | CT: mean=0.8830, std=0.9406, mean_l2=29.1435, median_l2=28.9793, mean_abs=0.8830, max_abs=7.4752 | PA: mean=0.5754, std=0.3931, mean_l2=15.7257, median_l2=15.8157, mean_abs=0.5754, max_abs=2.6735
Epoch 16/30 | Train Loss: 4.1231 (Fused: 1.9932) | Train C-index: 0.9173 | Val Fused: 0.7145 | Val CT: 0.6767 | Val PA: 0.7244
Feature stats | CT: mean=0.8530, std=0.9230, mean_l2=28.4047, median_l2=28.0569, mean_abs=0.8530, max_abs=7.3419 | PA: mean=0.5923, std=0.3976, mean_l2=16.0987, median_l2=16.2453, mean_abs=0.5923, max_abs=2.7151
Epoch 17/30 | Train Loss: 3.9104 (Fused: 1.8249) | Train C-index: 0.9230 | Val Fused: 0.7040 | Val CT: 0.6862 | Val PA: 0.7211
Feature stats | CT: mean=0.8418, std=0.9152, mean_l2=28.1031, median_l2=27.8356, mean_abs=0.8418, max_abs=7.6395 | PA: mean=0.6075, std=0.4018, mean_l2=16.4339, median_l2=16.5911, mean_abs=0.6075, max_abs=2.7186
Epoch 18/30 | Train Loss: 3.8035 (Fused: 1.7313) | Train C-index: 0.9394 | Val Fused: 0.7060 | Val CT: 0.6925 | Val PA: 0.7119
Feature stats | CT: mean=0.8983, std=0.9672, mean_l2=29.8077, median_l2=29.6839, mean_abs=0.8983, max_abs=8.0670 | PA: mean=0.6242, std=0.4087, mean_l2=16.8335, median_l2=16.9851, mean_abs=0.6242, max_abs=2.8446
Early stopping at epoch 18
Fold 1 best C-index: 0.7633

Extra survival metrics:
cutoff_from_train_median: -1.614309
n_test: 113
n_high_risk: 55
n_low_risk: 58
n_event_test: 39
logrank_stat: 25.832833
logrank_p: 0.000000
auc_36m: 0.768348
auc_60m: 0.798905
HR_high_vs_low: 7.890966
HR_95CI_lower: 3.073724
HR_95CI_upper: 20.257945
cox_p: 0.000018

==================================================
Fold 3/5
==================================================
[ResNetCox] Loaded pretrained from /home/gly001/cqj/pa_ct_surv/model/ct_pretrain/resnet_18_23dataset.pth
  Missing keys (ok): ['fc.weight', 'fc.bias']
Epoch 1/30 | Train Loss: 6.0692 (Fused: 3.4296) | Train C-index: 0.5152 | Val Fused: 0.7105 | Val CT: 0.5003 | Val PA: 0.6881
Feature stats | CT: mean=0.8761, std=0.8918, mean_l2=28.2845, median_l2=28.2520, mean_abs=0.8761, max_abs=6.8890 | PA: mean=0.2792, std=0.2234, mean_l2=8.0831, median_l2=8.0503, mean_abs=0.2792, max_abs=1.9357
Epoch 2/30 | Train Loss: 5.6154 (Fused: 3.1228) | Train C-index: 0.6672 | Val Fused: 0.7037 | Val CT: 0.6085 | Val PA: 0.6854
Feature stats | CT: mean=0.8659, std=0.8798, mean_l2=27.9297, median_l2=27.8708, mean_abs=0.8659, max_abs=6.7595 | PA: mean=0.2957, std=0.2439, mean_l2=8.6581, median_l2=8.5954, mean_abs=0.2957, max_abs=2.0508
Epoch 3/30 | Train Loss: 5.5319 (Fused: 3.0406) | Train C-index: 0.7252 | Val Fused: 0.7034 | Val CT: 0.6492 | Val PA: 0.6912
Feature stats | CT: mean=0.8445, std=0.8651, mean_l2=27.3542, median_l2=27.3053, mean_abs=0.8445, max_abs=6.6677 | PA: mean=0.3194, std=0.2667, mean_l2=9.3902, median_l2=9.2964, mean_abs=0.3194, max_abs=2.1733
Epoch 4/30 | Train Loss: 5.4391 (Fused: 2.9618) | Train C-index: 0.7488 | Val Fused: 0.6973 | Val CT: 0.6607 | Val PA: 0.6963
Feature stats | CT: mean=0.8358, std=0.8587, mean_l2=27.1120, median_l2=27.0640, mean_abs=0.8358, max_abs=6.4501 | PA: mean=0.3389, std=0.2822, mean_l2=9.9501, median_l2=9.8232, mean_abs=0.3389, max_abs=2.2419
Epoch 5/30 | Train Loss: 5.4013 (Fused: 2.9572) | Train C-index: 0.7569 | Val Fused: 0.7122 | Val CT: 0.6736 | Val PA: 0.6997
Feature stats | CT: mean=0.8290, std=0.8552, mean_l2=26.9475, median_l2=26.8965, mean_abs=0.8290, max_abs=6.4675 | PA: mean=0.3555, std=0.2929, mean_l2=10.3944, median_l2=10.2689, mean_abs=0.3555, max_abs=2.2513
Epoch 6/30 | Train Loss: 5.3556 (Fused: 2.9192) | Train C-index: 0.7582 | Val Fused: 0.7149 | Val CT: 0.6783 | Val PA: 0.7064
Feature stats | CT: mean=0.8204, std=0.8483, mean_l2=26.6984, median_l2=26.6347, mean_abs=0.8204, max_abs=6.3741 | PA: mean=0.3671, std=0.2985, mean_l2=10.6820, median_l2=10.5735, mean_abs=0.3671, max_abs=2.2552
Epoch 7/30 | Train Loss: 5.2387 (Fused: 2.8256) | Train C-index: 0.7844 | Val Fused: 0.7220 | Val CT: 0.6881 | Val PA: 0.7088
Feature stats | CT: mean=0.8184, std=0.8495, mean_l2=26.6848, median_l2=26.6014, mean_abs=0.8184, max_abs=6.3738 | PA: mean=0.3869, std=0.3095, mean_l2=11.1860, median_l2=11.1105, mean_abs=0.3869, max_abs=2.3580
Epoch 8/30 | Train Loss: 5.2278 (Fused: 2.8398) | Train C-index: 0.7971 | Val Fused: 0.7271 | Val CT: 0.6878 | Val PA: 0.7186
Feature stats | CT: mean=0.8355, std=0.8641, mean_l2=27.1865, median_l2=27.0687, mean_abs=0.8355, max_abs=6.5807 | PA: mean=0.4117, std=0.3225, mean_l2=11.8081, median_l2=11.7642, mean_abs=0.4117, max_abs=2.4100
Epoch 9/30 | Train Loss: 5.0084 (Fused: 2.6685) | Train C-index: 0.8194 | Val Fused: 0.7302 | Val CT: 0.6827 | Val PA: 0.7258
Feature stats | CT: mean=0.8110, std=0.8442, mean_l2=26.4760, median_l2=26.3483, mean_abs=0.8110, max_abs=6.6205 | PA: mean=0.4333, std=0.3332, mean_l2=12.3436, median_l2=12.3119, mean_abs=0.4333, max_abs=2.5002
Epoch 10/30 | Train Loss: 4.8958 (Fused: 2.5883) | Train C-index: 0.8306 | Val Fused: 0.7336 | Val CT: 0.6892 | Val PA: 0.7271
Feature stats | CT: mean=0.7966, std=0.8311, mean_l2=26.0375, median_l2=25.8509, mean_abs=0.7966, max_abs=6.6349 | PA: mean=0.4524, std=0.3408, mean_l2=12.7920, median_l2=12.7591, mean_abs=0.4524, max_abs=2.5449
Epoch 11/30 | Train Loss: 4.8295 (Fused: 2.5524) | Train C-index: 0.8393 | Val Fused: 0.7288 | Val CT: 0.6912 | Val PA: 0.7244
Feature stats | CT: mean=0.8055, std=0.8393, mean_l2=26.3043, median_l2=26.0755, mean_abs=0.8055, max_abs=6.8333 | PA: mean=0.4703, std=0.3448, mean_l2=13.1697, median_l2=13.1067, mean_abs=0.4703, max_abs=2.5031
Epoch 12/30 | Train Loss: 4.8268 (Fused: 2.5177) | Train C-index: 0.8486 | Val Fused: 0.7085 | Val CT: 0.6946 | Val PA: 0.7149
Feature stats | CT: mean=0.8173, std=0.8502, mean_l2=26.6560, median_l2=26.3097, mean_abs=0.8173, max_abs=6.8286 | PA: mean=0.4928, std=0.3514, mean_l2=13.6674, median_l2=13.5942, mean_abs=0.4928, max_abs=2.4821
Epoch 13/30 | Train Loss: 4.8589 (Fused: 2.5695) | Train C-index: 0.8577 | Val Fused: 0.6902 | Val CT: 0.6922 | Val PA: 0.7047
Feature stats | CT: mean=0.8314, std=0.8560, mean_l2=26.9659, median_l2=26.6198, mean_abs=0.8314, max_abs=6.3674 | PA: mean=0.5122, std=0.3581, mean_l2=14.1096, median_l2=14.0634, mean_abs=0.5122, max_abs=2.4009
Epoch 14/30 | Train Loss: 4.6614 (Fused: 2.4017) | Train C-index: 0.8692 | Val Fused: 0.7200 | Val CT: 0.6905 | Val PA: 0.7254
Feature stats | CT: mean=0.8343, std=0.8618, mean_l2=27.0914, median_l2=26.5788, mean_abs=0.8343, max_abs=6.8920 | PA: mean=0.5307, std=0.3651, mean_l2=14.5423, median_l2=14.4954, mean_abs=0.5307, max_abs=2.4127
Epoch 15/30 | Train Loss: 4.5123 (Fused: 2.3185) | Train C-index: 0.8777 | Val Fused: 0.7203 | Val CT: 0.6851 | Val PA: 0.7292
Feature stats | CT: mean=0.8462, std=0.8767, mean_l2=27.5127, median_l2=26.9496, mean_abs=0.8462, max_abs=7.1016 | PA: mean=0.5488, std=0.3717, mean_l2=14.9692, median_l2=14.9433, mean_abs=0.5488, max_abs=2.5639
Epoch 16/30 | Train Loss: 4.3777 (Fused: 2.1852) | Train C-index: 0.8893 | Val Fused: 0.7092 | Val CT: 0.6800 | Val PA: 0.7244
Feature stats | CT: mean=0.8510, std=0.8881, mean_l2=27.7749, median_l2=27.2409, mean_abs=0.8510, max_abs=7.3220 | PA: mean=0.5619, std=0.3732, mean_l2=15.2318, median_l2=15.2120, mean_abs=0.5619, max_abs=2.5322
Epoch 17/30 | Train Loss: 4.3191 (Fused: 2.1486) | Train C-index: 0.8970 | Val Fused: 0.7163 | Val CT: 0.6668 | Val PA: 0.7220
Feature stats | CT: mean=0.8547, std=0.8915, mean_l2=27.9002, median_l2=27.5756, mean_abs=0.8547, max_abs=7.0941 | PA: mean=0.5701, std=0.3703, mean_l2=15.3496, median_l2=15.3251, mean_abs=0.5701, max_abs=2.4582
Epoch 18/30 | Train Loss: 4.3023 (Fused: 2.1661) | Train C-index: 0.8520 | Val Fused: 0.7047 | Val CT: 0.6695 | Val PA: 0.7312
Feature stats | CT: mean=0.8601, std=0.9024, mean_l2=28.1559, median_l2=27.8859, mean_abs=0.8601, max_abs=7.6130 | PA: mean=0.5825, std=0.3735, mean_l2=15.6241, median_l2=15.5949, mean_abs=0.5825, max_abs=2.5023
Epoch 19/30 | Train Loss: 4.1278 (Fused: 2.0146) | Train C-index: 0.8844 | Val Fused: 0.7166 | Val CT: 0.6736 | Val PA: 0.7292
Feature stats | CT: mean=0.8418, std=0.8856, mean_l2=27.5898, median_l2=27.1459, mean_abs=0.8418, max_abs=7.4112 | PA: mean=0.5987, std=0.3807, mean_l2=16.0214, median_l2=16.0012, mean_abs=0.5987, max_abs=2.5304
Epoch 20/30 | Train Loss: 4.0310 (Fused: 1.9422) | Train C-index: 0.9072 | Val Fused: 0.7047 | Val CT: 0.6631 | Val PA: 0.7200
Feature stats | CT: mean=0.8350, std=0.8756, mean_l2=27.3221, median_l2=26.9149, mean_abs=0.8350, max_abs=7.1829 | PA: mean=0.6119, std=0.3831, mean_l2=16.3008, median_l2=16.2676, mean_abs=0.6119, max_abs=2.5735
Early stopping at epoch 20
Fold 2 best C-index: 0.7336

Extra survival metrics:
cutoff_from_train_median: -1.578328
n_test: 112
n_high_risk: 64
n_low_risk: 48
n_event_test: 38
logrank_stat: 21.770705
logrank_p: 0.000003
auc_36m: 0.775906
auc_60m: 0.764331
HR_high_vs_low: 8.006752
HR_95CI_lower: 2.836652
HR_95CI_upper: 22.599904
cox_p: 0.000085

==================================================
Fold 4/5
==================================================
[ResNetCox] Loaded pretrained from /home/gly001/cqj/pa_ct_surv/model/ct_pretrain/resnet_18_23dataset.pth
  Missing keys (ok): ['fc.weight', 'fc.bias']
Epoch 1/30 | Train Loss: 5.7741 (Fused: 3.2078) | Train C-index: 0.5817 | Val Fused: 0.7084 | Val CT: 0.4476 | Val PA: 0.7101
Feature stats | CT: mean=0.8522, std=0.8721, mean_l2=27.5890, median_l2=27.5484, mean_abs=0.8522, max_abs=6.6696 | PA: mean=0.2779, std=0.2216, mean_l2=8.0356, median_l2=8.0168, mean_abs=0.2779, max_abs=1.7703
Epoch 2/30 | Train Loss: 5.7364 (Fused: 3.1918) | Train C-index: 0.6788 | Val Fused: 0.7111 | Val CT: 0.6223 | Val PA: 0.7127
Feature stats | CT: mean=0.8298, std=0.8464, mean_l2=26.8178, median_l2=26.8057, mean_abs=0.8298, max_abs=6.2382 | PA: mean=0.2936, std=0.2393, mean_l2=8.5563, median_l2=8.4988, mean_abs=0.2936, max_abs=1.8723
Epoch 3/30 | Train Loss: 5.6467 (Fused: 3.1196) | Train C-index: 0.7274 | Val Fused: 0.7071 | Val CT: 0.6435 | Val PA: 0.7107
Feature stats | CT: mean=0.8245, std=0.8381, mean_l2=26.6001, median_l2=26.5525, mean_abs=0.8245, max_abs=6.0037 | PA: mean=0.3154, std=0.2582, mean_l2=9.2022, median_l2=9.1387, mean_abs=0.3154, max_abs=1.9808
Epoch 4/30 | Train Loss: 5.5495 (Fused: 3.0492) | Train C-index: 0.7416 | Val Fused: 0.7074 | Val CT: 0.6574 | Val PA: 0.7094
Feature stats | CT: mean=0.8290, std=0.8421, mean_l2=26.7344, median_l2=26.6702, mean_abs=0.8290, max_abs=6.1113 | PA: mean=0.3354, std=0.2727, mean_l2=9.7586, median_l2=9.6489, mean_abs=0.3354, max_abs=2.0225
Epoch 5/30 | Train Loss: 5.3980 (Fused: 2.9338) | Train C-index: 0.7593 | Val Fused: 0.7084 | Val CT: 0.6590 | Val PA: 0.7124
Feature stats | CT: mean=0.8319, std=0.8474, mean_l2=26.8655, median_l2=26.8049, mean_abs=0.8319, max_abs=6.1824 | PA: mean=0.3510, std=0.2820, mean_l2=10.1639, median_l2=10.0782, mean_abs=0.3510, max_abs=2.1834
Epoch 6/30 | Train Loss: 5.3814 (Fused: 2.9407) | Train C-index: 0.7692 | Val Fused: 0.7127 | Val CT: 0.6581 | Val PA: 0.7144
Feature stats | CT: mean=0.8158, std=0.8390, mean_l2=26.4750, median_l2=26.4107, mean_abs=0.8158, max_abs=6.3036 | PA: mean=0.3658, std=0.2894, mean_l2=10.5314, median_l2=10.4856, mean_abs=0.3658, max_abs=2.2690
Epoch 7/30 | Train Loss: 5.2351 (Fused: 2.8498) | Train C-index: 0.7744 | Val Fused: 0.7233 | Val CT: 0.6581 | Val PA: 0.7187
Feature stats | CT: mean=0.8015, std=0.8315, mean_l2=26.1295, median_l2=26.0061, mean_abs=0.8015, max_abs=6.3044 | PA: mean=0.3834, std=0.2981, mean_l2=10.9676, median_l2=10.9348, mean_abs=0.3834, max_abs=2.3756
Epoch 8/30 | Train Loss: 5.1472 (Fused: 2.7926) | Train C-index: 0.7835 | Val Fused: 0.7270 | Val CT: 0.6627 | Val PA: 0.7207
Feature stats | CT: mean=0.8006, std=0.8309, mean_l2=26.1041, median_l2=25.9390, mean_abs=0.8006, max_abs=6.1613 | PA: mean=0.4038, std=0.3083, mean_l2=11.4713, median_l2=11.4866, mean_abs=0.4038, max_abs=2.4556
Epoch 9/30 | Train Loss: 5.0565 (Fused: 2.7179) | Train C-index: 0.8075 | Val Fused: 0.7280 | Val CT: 0.6660 | Val PA: 0.7247
Feature stats | CT: mean=0.8202, std=0.8444, mean_l2=26.6259, median_l2=26.4725, mean_abs=0.8202, max_abs=6.2469 | PA: mean=0.4232, std=0.3173, mean_l2=11.9430, median_l2=11.9811, mean_abs=0.4232, max_abs=2.5055
Epoch 10/30 | Train Loss: 4.9865 (Fused: 2.6715) | Train C-index: 0.8125 | Val Fused: 0.7147 | Val CT: 0.6667 | Val PA: 0.7230
Feature stats | CT: mean=0.8481, std=0.8697, mean_l2=27.4669, median_l2=27.2575, mean_abs=0.8481, max_abs=6.6400 | PA: mean=0.4423, std=0.3256, mean_l2=12.3988, median_l2=12.4518, mean_abs=0.4423, max_abs=2.5152
Epoch 11/30 | Train Loss: 4.8618 (Fused: 2.5702) | Train C-index: 0.8305 | Val Fused: 0.7227 | Val CT: 0.6667 | Val PA: 0.7240
Feature stats | CT: mean=0.8468, std=0.8704, mean_l2=27.4446, median_l2=27.1114, mean_abs=0.8468, max_abs=6.7434 | PA: mean=0.4623, std=0.3329, mean_l2=12.8585, median_l2=12.8967, mean_abs=0.4623, max_abs=2.5260
Epoch 12/30 | Train Loss: 4.8979 (Fused: 2.5764) | Train C-index: 0.8418 | Val Fused: 0.7256 | Val CT: 0.6680 | Val PA: 0.7207
Feature stats | CT: mean=0.8636, std=0.8842, mean_l2=27.9192, median_l2=27.5679, mean_abs=0.8636, max_abs=7.0996 | PA: mean=0.4852, std=0.3420, mean_l2=13.3975, median_l2=13.4797, mean_abs=0.4852, max_abs=2.5556
Epoch 13/30 | Train Loss: 4.6797 (Fused: 2.4385) | Train C-index: 0.8518 | Val Fused: 0.7237 | Val CT: 0.6706 | Val PA: 0.7217
Feature stats | CT: mean=0.8808, std=0.9027, mean_l2=28.4876, median_l2=28.1407, mean_abs=0.8808, max_abs=7.2104 | PA: mean=0.5086, std=0.3516, mean_l2=13.9536, median_l2=14.0396, mean_abs=0.5086, max_abs=2.6442
Epoch 14/30 | Train Loss: 4.6743 (Fused: 2.4172) | Train C-index: 0.8664 | Val Fused: 0.7243 | Val CT: 0.6720 | Val PA: 0.7203
Feature stats | CT: mean=0.8660, std=0.8882, mean_l2=28.0295, median_l2=27.7829, mean_abs=0.8660, max_abs=7.0186 | PA: mean=0.5332, std=0.3627, mean_l2=14.5503, median_l2=14.6438, mean_abs=0.5332, max_abs=2.7111
Epoch 15/30 | Train Loss: 4.4737 (Fused: 2.2787) | Train C-index: 0.8755 | Val Fused: 0.7243 | Val CT: 0.6740 | Val PA: 0.7184
Feature stats | CT: mean=0.8457, std=0.8732, mean_l2=27.4651, median_l2=27.1104, mean_abs=0.8457, max_abs=6.6848 | PA: mean=0.5528, std=0.3712, mean_l2=15.0195, median_l2=15.0662, mean_abs=0.5528, max_abs=2.7193
Epoch 16/30 | Train Loss: 4.3722 (Fused: 2.1922) | Train C-index: 0.8927 | Val Fused: 0.7124 | Val CT: 0.6763 | Val PA: 0.7157
Feature stats | CT: mean=0.8225, std=0.8556, mean_l2=26.8133, median_l2=26.2886, mean_abs=0.8225, max_abs=6.2165 | PA: mean=0.5662, std=0.3743, mean_l2=15.3086, median_l2=15.4019, mean_abs=0.5662, max_abs=2.7433
Epoch 17/30 | Train Loss: 4.2995 (Fused: 2.1307) | Train C-index: 0.8841 | Val Fused: 0.7084 | Val CT: 0.6779 | Val PA: 0.7144
Feature stats | CT: mean=0.8627, std=0.8889, mean_l2=27.9708, median_l2=27.6506, mean_abs=0.8627, max_abs=6.4068 | PA: mean=0.5783, std=0.3744, mean_l2=15.5403, median_l2=15.6732, mean_abs=0.5783, max_abs=2.8022
Epoch 18/30 | Train Loss: 4.2270 (Fused: 2.0206) | Train C-index: 0.9090 | Val Fused: 0.7094 | Val CT: 0.6766 | Val PA: 0.7107
Feature stats | CT: mean=0.8531, std=0.8859, mean_l2=27.7668, median_l2=27.2317, mean_abs=0.8531, max_abs=6.9384 | PA: mean=0.5961, std=0.3845, mean_l2=15.9972, median_l2=16.1156, mean_abs=0.5961, max_abs=2.8455
Epoch 19/30 | Train Loss: 4.1605 (Fused: 1.9845) | Train C-index: 0.9199 | Val Fused: 0.6975 | Val CT: 0.6657 | Val PA: 0.7034
Feature stats | CT: mean=0.8432, std=0.8823, mean_l2=27.5679, median_l2=27.2557, mean_abs=0.8432, max_abs=7.2074 | PA: mean=0.6068, std=0.3889, mean_l2=16.2469, median_l2=16.2614, mean_abs=0.6068, max_abs=2.8549
Early stopping at epoch 19
Fold 3 best C-index: 0.7280

Extra survival metrics:
cutoff_from_train_median: -1.145036
n_test: 112
n_high_risk: 46
n_low_risk: 66
n_event_test: 38
logrank_stat: 8.789055
logrank_p: 0.003030
auc_36m: 0.782742
auc_60m: 0.697401
HR_high_vs_low: 2.600132
HR_95CI_lower: 1.350642
HR_95CI_upper: 5.005535
cox_p: 0.004244

==================================================
Fold 5/5
==================================================
[ResNetCox] Loaded pretrained from /home/gly001/cqj/pa_ct_surv/model/ct_pretrain/resnet_18_23dataset.pth
  Missing keys (ok): ['fc.weight', 'fc.bias']
Epoch 1/30 | Train Loss: 5.7964 (Fused: 3.2328) | Train C-index: 0.5664 | Val Fused: 0.6245 | Val CT: 0.4874 | Val PA: 0.6353
Feature stats | CT: mean=0.9004, std=0.9059, mean_l2=28.8906, median_l2=29.0111, mean_abs=0.9004, max_abs=6.8949 | PA: mean=0.2790, std=0.2234, mean_l2=8.0803, median_l2=8.0758, mean_abs=0.2790, max_abs=1.8790
Epoch 2/30 | Train Loss: 5.7233 (Fused: 3.1812) | Train C-index: 0.6858 | Val Fused: 0.6158 | Val CT: 0.5365 | Val PA: 0.6360
Feature stats | CT: mean=0.9356, std=0.9348, mean_l2=29.9236, median_l2=29.8696, mean_abs=0.9356, max_abs=6.9579 | PA: mean=0.2974, std=0.2466, mean_l2=8.7255, median_l2=8.6737, mean_abs=0.2974, max_abs=2.1025
Epoch 3/30 | Train Loss: 5.4332 (Fused: 2.9595) | Train C-index: 0.7536 | Val Fused: 0.6218 | Val CT: 0.5482 | Val PA: 0.6360
Feature stats | CT: mean=0.9175, std=0.9246, mean_l2=29.4707, median_l2=29.4274, mean_abs=0.9175, max_abs=6.9679 | PA: mean=0.3226, std=0.2711, mean_l2=9.5068, median_l2=9.4218, mean_abs=0.3226, max_abs=2.1548
Epoch 4/30 | Train Loss: 5.3788 (Fused: 2.9528) | Train C-index: 0.7449 | Val Fused: 0.6326 | Val CT: 0.5583 | Val PA: 0.6316
Feature stats | CT: mean=0.9296, std=0.9466, mean_l2=30.0158, median_l2=29.9672, mean_abs=0.9296, max_abs=7.3236 | PA: mean=0.3464, std=0.2893, mean_l2=10.1774, median_l2=10.0757, mean_abs=0.3464, max_abs=2.2586
Epoch 5/30 | Train Loss: 5.2551 (Fused: 2.8569) | Train C-index: 0.7759 | Val Fused: 0.6461 | Val CT: 0.5603 | Val PA: 0.6420
Feature stats | CT: mean=0.9384, std=0.9613, mean_l2=30.3900, median_l2=30.3095, mean_abs=0.9384, max_abs=7.4965 | PA: mean=0.3628, std=0.2990, mean_l2=10.6041, median_l2=10.5243, mean_abs=0.3628, max_abs=2.2686
Epoch 6/30 | Train Loss: 5.2514 (Fused: 2.8556) | Train C-index: 0.7835 | Val Fused: 0.6534 | Val CT: 0.5617 | Val PA: 0.6444
Feature stats | CT: mean=0.9406, std=0.9618, mean_l2=30.4290, median_l2=30.3404, mean_abs=0.9406, max_abs=7.4308 | PA: mean=0.3754, std=0.3044, mean_l2=10.9049, median_l2=10.8627, mean_abs=0.3754, max_abs=2.2677
Epoch 7/30 | Train Loss: 5.1076 (Fused: 2.7588) | Train C-index: 0.8031 | Val Fused: 0.6602 | Val CT: 0.5657 | Val PA: 0.6454
Feature stats | CT: mean=0.9353, std=0.9507, mean_l2=30.1608, median_l2=30.0500, mean_abs=0.9353, max_abs=7.2923 | PA: mean=0.3926, std=0.3130, mean_l2=11.3283, median_l2=11.3018, mean_abs=0.3926, max_abs=2.2689
Epoch 8/30 | Train Loss: 4.9991 (Fused: 2.6832) | Train C-index: 0.8106 | Val Fused: 0.6618 | Val CT: 0.5661 | Val PA: 0.6454
Feature stats | CT: mean=0.9236, std=0.9371, mean_l2=29.7448, median_l2=29.6051, mean_abs=0.9236, max_abs=7.0829 | PA: mean=0.4146, std=0.3259, mean_l2=11.8956, median_l2=11.9048, mean_abs=0.4146, max_abs=2.2999
Epoch 9/30 | Train Loss: 4.8950 (Fused: 2.5905) | Train C-index: 0.8366 | Val Fused: 0.6642 | Val CT: 0.5701 | Val PA: 0.6467
Feature stats | CT: mean=0.9195, std=0.9358, mean_l2=29.6328, median_l2=29.2766, mean_abs=0.9195, max_abs=7.1972 | PA: mean=0.4410, std=0.3415, mean_l2=12.5790, median_l2=12.6370, mean_abs=0.4410, max_abs=2.3803
Epoch 10/30 | Train Loss: 5.0113 (Fused: 2.6742) | Train C-index: 0.8469 | Val Fused: 0.6676 | Val CT: 0.5728 | Val PA: 0.6565
Feature stats | CT: mean=0.9331, std=0.9556, mean_l2=30.1394, median_l2=29.6979, mean_abs=0.9331, max_abs=7.5586 | PA: mean=0.4622, std=0.3496, mean_l2=13.0701, median_l2=13.1195, mean_abs=0.4622, max_abs=2.3955
Epoch 11/30 | Train Loss: 4.9056 (Fused: 2.5967) | Train C-index: 0.8546 | Val Fused: 0.6787 | Val CT: 0.5775 | Val PA: 0.6713
Feature stats | CT: mean=0.8843, std=0.9164, mean_l2=28.7275, median_l2=28.2178, mean_abs=0.8843, max_abs=7.5140 | PA: mean=0.4812, std=0.3565, mean_l2=13.5080, median_l2=13.5735, mean_abs=0.4812, max_abs=2.4335
Epoch 12/30 | Train Loss: 4.6586 (Fused: 2.4203) | Train C-index: 0.8660 | Val Fused: 0.6817 | Val CT: 0.5852 | Val PA: 0.6854
Feature stats | CT: mean=0.9102, std=0.9391, mean_l2=29.5013, median_l2=28.9140, mean_abs=0.9102, max_abs=7.4511 | PA: mean=0.5001, std=0.3633, mean_l2=13.9432, median_l2=14.0456, mean_abs=0.5001, max_abs=2.4717
Epoch 13/30 | Train Loss: 4.8071 (Fused: 2.5359) | Train C-index: 0.8750 | Val Fused: 0.6682 | Val CT: 0.5906 | Val PA: 0.6813
Feature stats | CT: mean=0.9660, std=1.0039, mean_l2=31.3763, median_l2=30.9249, mean_abs=0.9660, max_abs=8.2292 | PA: mean=0.5160, std=0.3679, mean_l2=14.2949, median_l2=14.4131, mean_abs=0.5160, max_abs=2.5206
Epoch 14/30 | Train Loss: 4.5106 (Fused: 2.3251) | Train C-index: 0.8754 | Val Fused: 0.6407 | Val CT: 0.5946 | Val PA: 0.6729
Feature stats | CT: mean=1.0731, std=1.1339, mean_l2=35.1899, median_l2=35.0076, mean_abs=1.0731, max_abs=8.8577 | PA: mean=0.5311, std=0.3741, mean_l2=14.6528, median_l2=14.7994, mean_abs=0.5311, max_abs=2.5340
Epoch 15/30 | Train Loss: 4.6616 (Fused: 2.3587) | Train C-index: 0.8876 | Val Fused: 0.6645 | Val CT: 0.6017 | Val PA: 0.6692
Feature stats | CT: mean=1.0338, std=1.0927, mean_l2=33.9159, median_l2=33.4633, mean_abs=1.0338, max_abs=9.0110 | PA: mean=0.5458, std=0.3801, mean_l2=14.9940, median_l2=15.1115, mean_abs=0.5458, max_abs=2.5309
Epoch 16/30 | Train Loss: 4.3934 (Fused: 2.2496) | Train C-index: 0.8860 | Val Fused: 0.6659 | Val CT: 0.5983 | Val PA: 0.6676
Feature stats | CT: mean=0.9407, std=0.9970, mean_l2=30.9094, median_l2=30.5667, mean_abs=0.9407, max_abs=9.0551 | PA: mean=0.5569, std=0.3807, mean_l2=15.2038, median_l2=15.3471, mean_abs=0.5569, max_abs=2.5349
Epoch 17/30 | Train Loss: 4.2780 (Fused: 2.1371) | Train C-index: 0.8960 | Val Fused: 0.6676 | Val CT: 0.6067 | Val PA: 0.6696
Feature stats | CT: mean=0.8787, std=0.9378, mean_l2=28.9772, median_l2=28.3158, mean_abs=0.8787, max_abs=8.8546 | PA: mean=0.5682, std=0.3838, mean_l2=15.4544, median_l2=15.6179, mean_abs=0.5682, max_abs=2.5966
Epoch 18/30 | Train Loss: 4.1359 (Fused: 2.0303) | Train C-index: 0.9060 | Val Fused: 0.6676 | Val CT: 0.6128 | Val PA: 0.6682
Feature stats | CT: mean=0.9143, std=0.9618, mean_l2=29.9489, median_l2=29.7571, mean_abs=0.9143, max_abs=8.7877 | PA: mean=0.5871, std=0.3972, mean_l2=15.9778, median_l2=16.1248, mean_abs=0.5871, max_abs=2.6708
Epoch 19/30 | Train Loss: 3.9584 (Fused: 1.8763) | Train C-index: 0.9244 | Val Fused: 0.6494 | Val CT: 0.6084 | Val PA: 0.6682
Feature stats | CT: mean=0.9765, std=1.0262, mean_l2=31.9161, median_l2=31.3817, mean_abs=0.9765, max_abs=9.2377 | PA: mean=0.6048, std=0.4104, mean_l2=16.4742, median_l2=16.6147, mean_abs=0.6048, max_abs=2.7331
Epoch 20/30 | Train Loss: 3.8586 (Fused: 1.8036) | Train C-index: 0.9157 | Val Fused: 0.6629 | Val CT: 0.6124 | Val PA: 0.6770
Feature stats | CT: mean=0.9809, std=1.0331, mean_l2=32.0986, median_l2=31.6945, mean_abs=0.9809, max_abs=9.2512 | PA: mean=0.6172, std=0.4147, mean_l2=16.7606, median_l2=16.9594, mean_abs=0.6172, max_abs=2.7404
Epoch 21/30 | Train Loss: 3.7390 (Fused: 1.6992) | Train C-index: 0.9454 | Val Fused: 0.6514 | Val CT: 0.6131 | Val PA: 0.6703
Feature stats | CT: mean=0.9230, std=0.9752, mean_l2=30.2670, median_l2=29.8257, mean_abs=0.9230, max_abs=8.8826 | PA: mean=0.6330, std=0.4197, mean_l2=17.1188, median_l2=17.3368, mean_abs=0.6330, max_abs=2.7794
Epoch 22/30 | Train Loss: 3.8339 (Fused: 1.8061) | Train C-index: 0.9417 | Val Fused: 0.6508 | Val CT: 0.6087 | Val PA: 0.6733
Feature stats | CT: mean=0.9549, std=1.0184, mean_l2=31.3973, median_l2=30.5369, mean_abs=0.9549, max_abs=9.2857 | PA: mean=0.6491, std=0.4271, mean_l2=17.5081, median_l2=17.7401, mean_abs=0.6491, max_abs=2.8124
Early stopping at epoch 22
Fold 4 best C-index: 0.6817

Extra survival metrics:
cutoff_from_train_median: -1.768870
n_test: 112
n_high_risk: 65
n_low_risk: 47
n_event_test: 38
logrank_stat: 7.654313
logrank_p: 0.005664
auc_36m: 0.760132
auc_60m: 0.679392
HR_high_vs_low: 2.669510
HR_95CI_lower: 1.294109
HR_95CI_upper: 5.506712
cox_p: 0.007864

==================================================
5-Fold CV Summary
==================================================
  C-index: 0.7331 +/- 0.0326
