Using Device: cuda | ROI: 64
PA: abmil | CT: resnet18 | Fusion: weighted | Fusion dropout: 0.5 | Norm: none | CT/PA dropout: 0.0 | CT augmentation: disabled
LR: 0.0001 | CT Backbone LR: 1e-05
Loss: Fused Cox + 0.5*CT + 0.3*PA
CT pretrained: /home/gly001/cqj/pa_ct_surv/model/ct_pretrain/resnet_18_23dataset.pth
Checkpoints: /home/gly001/cqj/pa_ct_surv/checkpoints/pact_v4/pact/roi64_abmil_resnet18_weighted_normnone_fusion_dropout0.5_epochs30_coxbs64_lr1e-4_blr1e-5_wd5e-4_lct0.5_lpa0.3_seed123
Results: /home/gly001/cqj/pa_ct_surv/results/pact_v4/pact/roi64_abmil_resnet18_weighted_normnone_fusion_dropout0.5_epochs30_coxbs64_lr1e-4_blr1e-5_wd5e-4_lct0.5_lpa0.3_seed123
Loaded 703 paired samples
Locked split: train=562, test=141
Test set is not accessed during CV

==================================================
Fold 1/5
==================================================
[ResNetCox] Loaded pretrained from /home/gly001/cqj/pa_ct_surv/model/ct_pretrain/resnet_18_23dataset.pth
  Missing keys (ok): ['fc.weight', 'fc.bias']
Epoch 1/30 | Train Loss: 5.8356 (Fused: 3.2385) | Train C-index: 0.5935 | Val Fused: 0.7405 | Val CT: 0.6081 | Val PA: 0.7319 | Alpha CT: 0.4998 | Alpha PA: 0.5002
Feature stats | CT: mean=0.8686, std=0.8888, mean_l2=28.1178, median_l2=28.1035, mean_abs=0.8686, max_abs=6.8134 | PA: mean=0.2807, std=0.2165, mean_l2=8.0152, median_l2=7.9922, mean_abs=0.2807, max_abs=1.7875
Epoch 2/30 | Train Loss: 5.7141 (Fused: 3.1574) | Train C-index: 0.6997 | Val Fused: 0.7386 | Val CT: 0.6259 | Val PA: 0.7316 | Alpha CT: 0.4996 | Alpha PA: 0.5004
Feature stats | CT: mean=0.8859, std=0.9075, mean_l2=28.6913, median_l2=28.6344, mean_abs=0.8859, max_abs=6.9010 | PA: mean=0.2950, std=0.2331, mean_l2=8.4936, median_l2=8.4430, mean_abs=0.2950, max_abs=1.8203
Epoch 3/30 | Train Loss: 5.6520 (Fused: 3.1075) | Train C-index: 0.7119 | Val Fused: 0.7386 | Val CT: 0.6367 | Val PA: 0.7275 | Alpha CT: 0.4994 | Alpha PA: 0.5006
Feature stats | CT: mean=0.9053, std=0.9261, mean_l2=29.2880, median_l2=29.1596, mean_abs=0.9053, max_abs=6.9523 | PA: mean=0.3218, std=0.2588, mean_l2=9.3228, median_l2=9.2518, mean_abs=0.3218, max_abs=1.9295
Epoch 4/30 | Train Loss: 5.5597 (Fused: 3.0426) | Train C-index: 0.7211 | Val Fused: 0.7402 | Val CT: 0.6367 | Val PA: 0.7259 | Alpha CT: 0.4992 | Alpha PA: 0.5008
Feature stats | CT: mean=0.9190, std=0.9440, mean_l2=29.7592, median_l2=29.5052, mean_abs=0.9190, max_abs=7.0546 | PA: mean=0.3524, std=0.2848, mean_l2=10.2207, median_l2=10.1403, mean_abs=0.3524, max_abs=2.1407
Epoch 5/30 | Train Loss: 5.5103 (Fused: 3.0080) | Train C-index: 0.7374 | Val Fused: 0.7408 | Val CT: 0.6463 | Val PA: 0.7252 | Alpha CT: 0.4991 | Alpha PA: 0.5009
Feature stats | CT: mean=0.9260, std=0.9582, mean_l2=30.0548, median_l2=29.6838, mean_abs=0.9260, max_abs=6.9994 | PA: mean=0.3785, std=0.3028, mean_l2=10.9330, median_l2=10.8623, mean_abs=0.3785, max_abs=2.2789
Epoch 6/30 | Train Loss: 5.4316 (Fused: 2.9570) | Train C-index: 0.7488 | Val Fused: 0.7466 | Val CT: 0.6571 | Val PA: 0.7281 | Alpha CT: 0.4989 | Alpha PA: 0.5011
Feature stats | CT: mean=0.9503, std=0.9901, mean_l2=30.8998, median_l2=30.5438, mean_abs=0.9503, max_abs=6.8820 | PA: mean=0.4060, std=0.3194, mean_l2=11.6504, median_l2=11.6269, mean_abs=0.4060, max_abs=2.3438
Epoch 7/30 | Train Loss: 5.3899 (Fused: 2.9256) | Train C-index: 0.7672 | Val Fused: 0.7466 | Val CT: 0.6578 | Val PA: 0.7256 | Alpha CT: 0.4986 | Alpha PA: 0.5014
Feature stats | CT: mean=1.0096, std=1.0527, mean_l2=32.8901, median_l2=32.7605, mean_abs=1.0096, max_abs=6.9735 | PA: mean=0.4363, std=0.3367, mean_l2=12.4293, median_l2=12.4275, mean_abs=0.4363, max_abs=2.4033
Epoch 8/30 | Train Loss: 5.2851 (Fused: 2.8581) | Train C-index: 0.7795 | Val Fused: 0.7453 | Val CT: 0.6628 | Val PA: 0.7262 | Alpha CT: 0.4984 | Alpha PA: 0.5016
Feature stats | CT: mean=0.9624, std=1.0034, mean_l2=31.3014, median_l2=31.2193, mean_abs=0.9624, max_abs=6.5860 | PA: mean=0.4694, std=0.3548, mean_l2=13.2673, median_l2=13.2950, mean_abs=0.4694, max_abs=2.4621
Epoch 9/30 | Train Loss: 5.2175 (Fused: 2.8121) | Train C-index: 0.7926 | Val Fused: 0.7428 | Val CT: 0.6648 | Val PA: 0.7275 | Alpha CT: 0.4982 | Alpha PA: 0.5018
Feature stats | CT: mean=0.9583, std=0.9973, mean_l2=31.1059, median_l2=30.9656, mean_abs=0.9583, max_abs=6.4578 | PA: mean=0.5000, std=0.3689, mean_l2=14.0107, median_l2=14.0920, mean_abs=0.5000, max_abs=2.5694
Epoch 10/30 | Train Loss: 5.1728 (Fused: 2.7750) | Train C-index: 0.8047 | Val Fused: 0.7421 | Val CT: 0.6676 | Val PA: 0.7278 | Alpha CT: 0.4980 | Alpha PA: 0.5020
Feature stats | CT: mean=1.0109, std=1.0491, mean_l2=32.8117, median_l2=32.9863, mean_abs=1.0109, max_abs=6.5899 | PA: mean=0.5283, std=0.3808, mean_l2=14.6817, median_l2=14.7499, mean_abs=0.5283, max_abs=2.6365
Epoch 11/30 | Train Loss: 5.0927 (Fused: 2.7235) | Train C-index: 0.8157 | Val Fused: 0.7434 | Val CT: 0.6753 | Val PA: 0.7281 | Alpha CT: 0.4978 | Alpha PA: 0.5022
Feature stats | CT: mean=1.0088, std=1.0492, mean_l2=32.7285, median_l2=32.8956, mean_abs=1.0088, max_abs=6.6151 | PA: mean=0.5582, std=0.3936, mean_l2=15.3951, median_l2=15.5187, mean_abs=0.5582, max_abs=2.6912
Epoch 12/30 | Train Loss: 5.0127 (Fused: 2.6685) | Train C-index: 0.8281 | Val Fused: 0.7370 | Val CT: 0.6762 | Val PA: 0.7249 | Alpha CT: 0.4975 | Alpha PA: 0.5025
Feature stats | CT: mean=0.9764, std=1.0098, mean_l2=31.5782, median_l2=31.7156, mean_abs=0.9764, max_abs=6.6970 | PA: mean=0.5869, std=0.4029, mean_l2=16.0419, median_l2=16.1802, mean_abs=0.5869, max_abs=2.7968
Epoch 13/30 | Train Loss: 4.9138 (Fused: 2.5993) | Train C-index: 0.8397 | Val Fused: 0.7402 | Val CT: 0.6813 | Val PA: 0.7189 | Alpha CT: 0.4973 | Alpha PA: 0.5027
Feature stats | CT: mean=1.0272, std=1.0691, mean_l2=33.3521, median_l2=33.4463, mean_abs=1.0272, max_abs=6.9585 | PA: mean=0.6141, std=0.4138, mean_l2=16.6832, median_l2=16.8949, mean_abs=0.6141, max_abs=2.8690
Epoch 14/30 | Train Loss: 4.8829 (Fused: 2.5724) | Train C-index: 0.8454 | Val Fused: 0.7351 | Val CT: 0.6835 | Val PA: 0.7147 | Alpha CT: 0.4970 | Alpha PA: 0.5030
Feature stats | CT: mean=1.0153, std=1.0639, mean_l2=32.9946, median_l2=33.0392, mean_abs=1.0153, max_abs=7.2790 | PA: mean=0.6394, std=0.4260, mean_l2=17.3085, median_l2=17.4578, mean_abs=0.6394, max_abs=2.9601
Epoch 15/30 | Train Loss: 4.7792 (Fused: 2.5097) | Train C-index: 0.8584 | Val Fused: 0.7393 | Val CT: 0.6921 | Val PA: 0.7074 | Alpha CT: 0.4968 | Alpha PA: 0.5032
Feature stats | CT: mean=1.0174, std=1.0623, mean_l2=33.0684, median_l2=33.4496, mean_abs=1.0174, max_abs=6.7616 | PA: mean=0.6566, std=0.4349, mean_l2=17.7319, median_l2=17.8617, mean_abs=0.6566, max_abs=2.9959
Epoch 16/30 | Train Loss: 4.7194 (Fused: 2.4630) | Train C-index: 0.8656 | Val Fused: 0.7275 | Val CT: 0.6415 | Val PA: 0.7147 | Alpha CT: 0.4965 | Alpha PA: 0.5035
Feature stats | CT: mean=0.9611, std=0.9961, mean_l2=31.1018, median_l2=30.9689, mean_abs=0.9611, max_abs=6.5040 | PA: mean=0.6715, std=0.4380, mean_l2=18.0518, median_l2=18.2743, mean_abs=0.6715, max_abs=3.0405
Early stopping at epoch 16
Fold 0 best fusion alpha | CT: 0.4989 | PA: 0.5011
Fold 0 best C-index: 0.7466

Extra survival metrics:
cutoff_from_train_median: 0.281308
n_test: 113
n_high_risk: 63
n_low_risk: 50
n_event_test: 38
logrank_stat: 22.972445
logrank_p: 0.000002
auc_36m: 0.770062
auc_60m: 0.789575
HR_high_vs_low: 6.481404
HR_95CI_lower: 2.698955
HR_95CI_upper: 15.564766
cox_p: 0.000029

==================================================
Fold 2/5
==================================================
[ResNetCox] Loaded pretrained from /home/gly001/cqj/pa_ct_surv/model/ct_pretrain/resnet_18_23dataset.pth
  Missing keys (ok): ['fc.weight', 'fc.bias']
Epoch 1/30 | Train Loss: 5.8844 (Fused: 3.2657) | Train C-index: 0.6156 | Val Fused: 0.7503 | Val CT: 0.6358 | Val PA: 0.7455 | Alpha CT: 0.4999 | Alpha PA: 0.5001
Feature stats | CT: mean=0.8701, std=0.8891, mean_l2=28.1457, median_l2=28.1107, mean_abs=0.8701, max_abs=6.7938 | PA: mean=0.2802, std=0.2170, mean_l2=8.0124, median_l2=7.9697, mean_abs=0.2802, max_abs=1.7641
Epoch 2/30 | Train Loss: 5.7629 (Fused: 3.1850) | Train C-index: 0.7050 | Val Fused: 0.7560 | Val CT: 0.6517 | Val PA: 0.7540 | Alpha CT: 0.4997 | Alpha PA: 0.5003
Feature stats | CT: mean=0.8907, std=0.9105, mean_l2=28.8137, median_l2=28.7277, mean_abs=0.8907, max_abs=6.9449 | PA: mean=0.2938, std=0.2333, mean_l2=8.4777, median_l2=8.4696, mean_abs=0.2938, max_abs=1.8990
Epoch 3/30 | Train Loss: 5.7175 (Fused: 3.1455) | Train C-index: 0.7101 | Val Fused: 0.7634 | Val CT: 0.6598 | Val PA: 0.7617 | Alpha CT: 0.4995 | Alpha PA: 0.5005
Feature stats | CT: mean=0.9063, std=0.9255, mean_l2=29.2803, median_l2=29.0563, mean_abs=0.9063, max_abs=6.9343 | PA: mean=0.3213, std=0.2609, mean_l2=9.3445, median_l2=9.2299, mean_abs=0.3213, max_abs=2.0236
Epoch 4/30 | Train Loss: 5.6326 (Fused: 3.0868) | Train C-index: 0.7197 | Val Fused: 0.7735 | Val CT: 0.6696 | Val PA: 0.7651 | Alpha CT: 0.4993 | Alpha PA: 0.5007
Feature stats | CT: mean=0.9207, std=0.9418, mean_l2=29.7419, median_l2=29.4975, mean_abs=0.9207, max_abs=6.8570 | PA: mean=0.3499, std=0.2853, mean_l2=10.1880, median_l2=10.1145, mean_abs=0.3499, max_abs=2.1571
Epoch 5/30 | Train Loss: 5.5536 (Fused: 3.0340) | Train C-index: 0.7280 | Val Fused: 0.7806 | Val CT: 0.6736 | Val PA: 0.7729 | Alpha CT: 0.4991 | Alpha PA: 0.5009
Feature stats | CT: mean=0.9431, std=0.9700, mean_l2=30.5050, median_l2=30.1954, mean_abs=0.9431, max_abs=6.6653 | PA: mean=0.3761, std=0.3033, mean_l2=10.9029, median_l2=10.8708, mean_abs=0.3761, max_abs=2.2272
Epoch 6/30 | Train Loss: 5.5128 (Fused: 3.0051) | Train C-index: 0.7421 | Val Fused: 0.7850 | Val CT: 0.6770 | Val PA: 0.7803 | Alpha CT: 0.4989 | Alpha PA: 0.5011
Feature stats | CT: mean=0.9387, std=0.9711, mean_l2=30.3833, median_l2=29.8498, mean_abs=0.9387, max_abs=6.5753 | PA: mean=0.4013, std=0.3180, mean_l2=11.5548, median_l2=11.5124, mean_abs=0.4013, max_abs=2.3076
Epoch 7/30 | Train Loss: 5.4361 (Fused: 2.9575) | Train C-index: 0.7558 | Val Fused: 0.7897 | Val CT: 0.6790 | Val PA: 0.7843 | Alpha CT: 0.4987 | Alpha PA: 0.5013
Feature stats | CT: mean=1.0000, std=1.0364, mean_l2=32.4352, median_l2=32.4351, mean_abs=1.0000, max_abs=6.6876 | PA: mean=0.4264, std=0.3308, mean_l2=12.1778, median_l2=12.1723, mean_abs=0.4264, max_abs=2.3249
Epoch 8/30 | Train Loss: 5.3720 (Fused: 2.9154) | Train C-index: 0.7671 | Val Fused: 0.7928 | Val CT: 0.6868 | Val PA: 0.7843 | Alpha CT: 0.4985 | Alpha PA: 0.5015
Feature stats | CT: mean=1.0037, std=1.0480, mean_l2=32.5834, median_l2=32.5137, mean_abs=1.0037, max_abs=6.8905 | PA: mean=0.4529, std=0.3424, mean_l2=12.8148, median_l2=12.8465, mean_abs=0.4529, max_abs=2.3399
Epoch 9/30 | Train Loss: 5.3330 (Fused: 2.8881) | Train C-index: 0.7813 | Val Fused: 0.7935 | Val CT: 0.6855 | Val PA: 0.7810 | Alpha CT: 0.4983 | Alpha PA: 0.5017
Feature stats | CT: mean=1.0234, std=1.0668, mean_l2=33.2269, median_l2=33.4467, mean_abs=1.0234, max_abs=6.9876 | PA: mean=0.4823, std=0.3536, mean_l2=13.4968, median_l2=13.5339, mean_abs=0.4823, max_abs=2.3531
Epoch 10/30 | Train Loss: 5.3128 (Fused: 2.8681) | Train C-index: 0.7948 | Val Fused: 0.7978 | Val CT: 0.6925 | Val PA: 0.7762 | Alpha CT: 0.4980 | Alpha PA: 0.5020
Feature stats | CT: mean=1.0055, std=1.0395, mean_l2=32.5586, median_l2=33.0019, mean_abs=1.0055, max_abs=6.4864 | PA: mean=0.5080, std=0.3628, mean_l2=14.0879, median_l2=14.1045, mean_abs=0.5080, max_abs=2.4117
Epoch 11/30 | Train Loss: 5.1614 (Fused: 2.7787) | Train C-index: 0.8057 | Val Fused: 0.7962 | Val CT: 0.7003 | Val PA: 0.7695 | Alpha CT: 0.4978 | Alpha PA: 0.5022
Feature stats | CT: mean=0.9967, std=1.0337, mean_l2=32.2662, median_l2=32.4681, mean_abs=0.9967, max_abs=6.7732 | PA: mean=0.5322, std=0.3697, mean_l2=14.6241, median_l2=14.6958, mean_abs=0.5322, max_abs=2.4683
Epoch 12/30 | Train Loss: 5.1242 (Fused: 2.7505) | Train C-index: 0.8154 | Val Fused: 0.7948 | Val CT: 0.7047 | Val PA: 0.7661 | Alpha CT: 0.4976 | Alpha PA: 0.5024
Feature stats | CT: mean=1.0596, std=1.1106, mean_l2=34.4750, median_l2=35.2168, mean_abs=1.0596, max_abs=7.2783 | PA: mean=0.5595, std=0.3766, mean_l2=15.2191, median_l2=15.2880, mean_abs=0.5595, max_abs=2.5184
Epoch 13/30 | Train Loss: 5.0299 (Fused: 2.6856) | Train C-index: 0.8245 | Val Fused: 0.7827 | Val CT: 0.7060 | Val PA: 0.7557 | Alpha CT: 0.4973 | Alpha PA: 0.5027
Feature stats | CT: mean=1.0062, std=1.0453, mean_l2=32.5996, median_l2=32.8886, mean_abs=1.0062, max_abs=6.8816 | PA: mean=0.5869, std=0.3872, mean_l2=15.8638, median_l2=15.9915, mean_abs=0.5869, max_abs=2.7062
Epoch 14/30 | Train Loss: 4.9391 (Fused: 2.6208) | Train C-index: 0.8316 | Val Fused: 0.7843 | Val CT: 0.7138 | Val PA: 0.7573 | Alpha CT: 0.4971 | Alpha PA: 0.5029
Feature stats | CT: mean=1.0359, std=1.0867, mean_l2=33.6770, median_l2=33.6223, mean_abs=1.0359, max_abs=7.1520 | PA: mean=0.6157, std=0.4009, mean_l2=16.5715, median_l2=16.7570, mean_abs=0.6157, max_abs=2.9657
Epoch 15/30 | Train Loss: 4.9167 (Fused: 2.5913) | Train C-index: 0.8474 | Val Fused: 0.7864 | Val CT: 0.7145 | Val PA: 0.7489 | Alpha CT: 0.4968 | Alpha PA: 0.5032
Feature stats | CT: mean=1.0710, std=1.1172, mean_l2=34.8444, median_l2=35.2148, mean_abs=1.0710, max_abs=7.0117 | PA: mean=0.6351, std=0.4073, mean_l2=17.0164, median_l2=17.1196, mean_abs=0.6351, max_abs=3.0407
Epoch 16/30 | Train Loss: 4.8122 (Fused: 2.5326) | Train C-index: 0.8576 | Val Fused: 0.7739 | Val CT: 0.7192 | Val PA: 0.7459 | Alpha CT: 0.4965 | Alpha PA: 0.5035
Feature stats | CT: mean=0.9284, std=0.9567, mean_l2=29.9075, median_l2=29.7413, mean_abs=0.9284, max_abs=6.3541 | PA: mean=0.6584, std=0.4146, mean_l2=17.5448, median_l2=17.6952, mean_abs=0.6584, max_abs=3.0557
Epoch 17/30 | Train Loss: 4.7443 (Fused: 2.4799) | Train C-index: 0.8726 | Val Fused: 0.7715 | Val CT: 0.7172 | Val PA: 0.7459 | Alpha CT: 0.4963 | Alpha PA: 0.5037
Feature stats | CT: mean=1.1126, std=1.1666, mean_l2=36.3190, median_l2=36.6234, mean_abs=1.1126, max_abs=7.1705 | PA: mean=0.6766, std=0.4236, mean_l2=17.9941, median_l2=18.1052, mean_abs=0.6766, max_abs=3.1718
Epoch 18/30 | Train Loss: 4.6196 (Fused: 2.4006) | Train C-index: 0.8799 | Val Fused: 0.7681 | Val CT: 0.7219 | Val PA: 0.7405 | Alpha CT: 0.4960 | Alpha PA: 0.5040
Feature stats | CT: mean=0.9996, std=1.0413, mean_l2=32.3960, median_l2=32.4887, mean_abs=0.9996, max_abs=6.7719 | PA: mean=0.7014, std=0.4424, mean_l2=18.6894, median_l2=18.8274, mean_abs=0.7014, max_abs=3.2483
Epoch 19/30 | Train Loss: 4.5087 (Fused: 2.3192) | Train C-index: 0.8947 | Val Fused: 0.7519 | Val CT: 0.7162 | Val PA: 0.7202 | Alpha CT: 0.4957 | Alpha PA: 0.5043
Feature stats | CT: mean=1.0526, std=1.1036, mean_l2=34.2829, median_l2=34.6058, mean_abs=1.0526, max_abs=6.9036 | PA: mean=0.7195, std=0.4461, mean_l2=19.0730, median_l2=19.1920, mean_abs=0.7195, max_abs=3.2712
Epoch 20/30 | Train Loss: 4.3950 (Fused: 2.2419) | Train C-index: 0.9062 | Val Fused: 0.7621 | Val CT: 0.7307 | Val PA: 0.7330 | Alpha CT: 0.4954 | Alpha PA: 0.5046
Feature stats | CT: mean=1.0724, std=1.1302, mean_l2=35.0211, median_l2=35.2952, mean_abs=1.0724, max_abs=7.0408 | PA: mean=0.7443, std=0.4610, mean_l2=19.7164, median_l2=19.8110, mean_abs=0.7443, max_abs=3.2598
Early stopping at epoch 20
Fold 1 best fusion alpha | CT: 0.4980 | PA: 0.5020
Fold 1 best C-index: 0.7978

Extra survival metrics:
cutoff_from_train_median: 0.213254
n_test: 113
n_high_risk: 58
n_low_risk: 55
n_event_test: 39
logrank_stat: 20.347993
logrank_p: 0.000006
auc_36m: 0.851847
auc_60m: 0.826694
HR_high_vs_low: 4.989572
HR_95CI_lower: 2.289106
HR_95CI_upper: 10.875784
cox_p: 0.000053

==================================================
Fold 3/5
==================================================
[ResNetCox] Loaded pretrained from /home/gly001/cqj/pa_ct_surv/model/ct_pretrain/resnet_18_23dataset.pth
  Missing keys (ok): ['fc.weight', 'fc.bias']
Epoch 1/30 | Train Loss: 5.8390 (Fused: 3.2405) | Train C-index: 0.6236 | Val Fused: 0.6654 | Val CT: 0.5472 | Val PA: 0.6654 | Alpha CT: 0.5000 | Alpha PA: 0.5000
Feature stats | CT: mean=0.8725, std=0.8916, mean_l2=28.2236, median_l2=28.1325, mean_abs=0.8725, max_abs=6.8635 | PA: mean=0.2804, std=0.2167, mean_l2=8.0112, median_l2=7.9849, mean_abs=0.2804, max_abs=1.7843
Epoch 2/30 | Train Loss: 5.6960 (Fused: 3.1486) | Train C-index: 0.7145 | Val Fused: 0.6746 | Val CT: 0.5561 | Val PA: 0.6809 | Alpha CT: 0.4998 | Alpha PA: 0.5002
Feature stats | CT: mean=0.8948, std=0.9132, mean_l2=28.9203, median_l2=28.8187, mean_abs=0.8948, max_abs=6.9296 | PA: mean=0.2934, std=0.2319, mean_l2=8.4494, median_l2=8.3828, mean_abs=0.2934, max_abs=1.8720
Epoch 3/30 | Train Loss: 5.6213 (Fused: 3.0943) | Train C-index: 0.7279 | Val Fused: 0.6803 | Val CT: 0.5615 | Val PA: 0.6892 | Alpha CT: 0.4996 | Alpha PA: 0.5004
Feature stats | CT: mean=0.9083, std=0.9259, mean_l2=29.3162, median_l2=29.1384, mean_abs=0.9083, max_abs=6.9826 | PA: mean=0.3195, std=0.2577, mean_l2=9.2657, median_l2=9.1966, mean_abs=0.3195, max_abs=1.9262
Epoch 4/30 | Train Loss: 5.6416 (Fused: 3.0843) | Train C-index: 0.7379 | Val Fused: 0.6885 | Val CT: 0.5707 | Val PA: 0.6961 | Alpha CT: 0.4994 | Alpha PA: 0.5006
Feature stats | CT: mean=0.9249, std=0.9467, mean_l2=29.8683, median_l2=29.4561, mean_abs=0.9249, max_abs=7.0048 | PA: mean=0.3484, std=0.2818, mean_l2=10.1068, median_l2=10.0002, mean_abs=0.3484, max_abs=2.1060
Epoch 5/30 | Train Loss: 5.4921 (Fused: 3.0019) | Train C-index: 0.7479 | Val Fused: 0.6999 | Val CT: 0.5824 | Val PA: 0.7047 | Alpha CT: 0.4992 | Alpha PA: 0.5008
Feature stats | CT: mean=0.9694, std=1.0012, mean_l2=31.3785, median_l2=30.9164, mean_abs=0.9694, max_abs=7.0686 | PA: mean=0.3830, std=0.3041, mean_l2=11.0245, median_l2=10.9123, mean_abs=0.3830, max_abs=2.2756
Epoch 6/30 | Train Loss: 5.5343 (Fused: 3.0122) | Train C-index: 0.7595 | Val Fused: 0.7104 | Val CT: 0.5922 | Val PA: 0.7189 | Alpha CT: 0.4990 | Alpha PA: 0.5010
Feature stats | CT: mean=0.9711, std=1.0080, mean_l2=31.4728, median_l2=31.0097, mean_abs=0.9711, max_abs=7.0445 | PA: mean=0.4160, std=0.3214, mean_l2=11.8516, median_l2=11.8132, mean_abs=0.4160, max_abs=2.3352
Epoch 7/30 | Train Loss: 5.3636 (Fused: 2.9132) | Train C-index: 0.7739 | Val Fused: 0.7158 | Val CT: 0.5998 | Val PA: 0.7269 | Alpha CT: 0.4987 | Alpha PA: 0.5013
Feature stats | CT: mean=0.9849, std=1.0244, mean_l2=31.9749, median_l2=31.8275, mean_abs=0.9849, max_abs=6.9662 | PA: mean=0.4473, std=0.3369, mean_l2=12.6228, median_l2=12.5951, mean_abs=0.4473, max_abs=2.5527
Epoch 8/30 | Train Loss: 5.3916 (Fused: 2.9245) | Train C-index: 0.7886 | Val Fused: 0.7278 | Val CT: 0.6042 | Val PA: 0.7316 | Alpha CT: 0.4985 | Alpha PA: 0.5015
Feature stats | CT: mean=1.0062, std=1.0489, mean_l2=32.7257, median_l2=32.7022, mean_abs=1.0062, max_abs=6.8805 | PA: mean=0.4741, std=0.3476, mean_l2=13.2520, median_l2=13.2743, mean_abs=0.4741, max_abs=2.5649
Epoch 9/30 | Train Loss: 5.3512 (Fused: 2.8949) | Train C-index: 0.8005 | Val Fused: 0.7307 | Val CT: 0.6119 | Val PA: 0.7402 | Alpha CT: 0.4983 | Alpha PA: 0.5017
Feature stats | CT: mean=0.9514, std=0.9899, mean_l2=30.8531, median_l2=30.6294, mean_abs=0.9514, max_abs=6.7221 | PA: mean=0.4964, std=0.3547, mean_l2=13.7552, median_l2=13.7991, mean_abs=0.4964, max_abs=2.5786
Epoch 10/30 | Train Loss: 5.1842 (Fused: 2.7885) | Train C-index: 0.8026 | Val Fused: 0.7345 | Val CT: 0.6115 | Val PA: 0.7411 | Alpha CT: 0.4981 | Alpha PA: 0.5019
Feature stats | CT: mean=0.9644, std=1.0126, mean_l2=31.2635, median_l2=30.6460, mean_abs=0.9644, max_abs=7.0219 | PA: mean=0.5190, std=0.3610, mean_l2=14.2552, median_l2=14.3174, mean_abs=0.5190, max_abs=2.5505
Epoch 11/30 | Train Loss: 5.2578 (Fused: 2.8265) | Train C-index: 0.8120 | Val Fused: 0.7345 | Val CT: 0.5992 | Val PA: 0.7373 | Alpha CT: 0.4979 | Alpha PA: 0.5021
Feature stats | CT: mean=1.0714, std=1.1191, mean_l2=34.8710, median_l2=35.1482, mean_abs=1.0714, max_abs=6.9382 | PA: mean=0.5387, std=0.3652, mean_l2=14.6769, median_l2=14.7260, mean_abs=0.5387, max_abs=2.5635
Epoch 12/30 | Train Loss: 5.0930 (Fused: 2.7238) | Train C-index: 0.8239 | Val Fused: 0.7351 | Val CT: 0.6179 | Val PA: 0.7424 | Alpha CT: 0.4976 | Alpha PA: 0.5024
Feature stats | CT: mean=0.9892, std=1.0211, mean_l2=31.9763, median_l2=32.1699, mean_abs=0.9892, max_abs=6.5758 | PA: mean=0.5614, std=0.3774, mean_l2=15.2481, median_l2=15.3265, mean_abs=0.5614, max_abs=2.7093
Epoch 13/30 | Train Loss: 5.0588 (Fused: 2.7008) | Train C-index: 0.8232 | Val Fused: 0.7332 | Val CT: 0.6176 | Val PA: 0.7329 | Alpha CT: 0.4974 | Alpha PA: 0.5026
Feature stats | CT: mean=0.9583, std=0.9969, mean_l2=30.9643, median_l2=30.5416, mean_abs=0.9583, max_abs=6.9362 | PA: mean=0.5819, std=0.3884, mean_l2=15.7647, median_l2=15.7937, mean_abs=0.5819, max_abs=2.7420
Epoch 14/30 | Train Loss: 4.9137 (Fused: 2.6164) | Train C-index: 0.8408 | Val Fused: 0.7399 | Val CT: 0.5963 | Val PA: 0.7383 | Alpha CT: 0.4971 | Alpha PA: 0.5029
Feature stats | CT: mean=1.0822, std=1.1326, mean_l2=35.2348, median_l2=35.5099, mean_abs=1.0822, max_abs=7.0564 | PA: mean=0.6003, std=0.3917, mean_l2=16.1498, median_l2=16.1945, mean_abs=0.6003, max_abs=2.7289
Epoch 15/30 | Train Loss: 4.8863 (Fused: 2.5891) | Train C-index: 0.8483 | Val Fused: 0.7392 | Val CT: 0.6195 | Val PA: 0.7361 | Alpha CT: 0.4969 | Alpha PA: 0.5031
Feature stats | CT: mean=0.9986, std=1.0354, mean_l2=32.2950, median_l2=32.6220, mean_abs=0.9986, max_abs=6.8519 | PA: mean=0.6200, std=0.3981, mean_l2=16.5994, median_l2=16.6061, mean_abs=0.6200, max_abs=2.9003
Epoch 16/30 | Train Loss: 4.7927 (Fused: 2.5309) | Train C-index: 0.8588 | Val Fused: 0.7446 | Val CT: 0.6004 | Val PA: 0.7430 | Alpha CT: 0.4966 | Alpha PA: 0.5034
Feature stats | CT: mean=0.9571, std=0.9837, mean_l2=30.8324, median_l2=30.8627, mean_abs=0.9571, max_abs=6.6359 | PA: mean=0.6447, std=0.4056, mean_l2=17.1597, median_l2=17.2625, mean_abs=0.6447, max_abs=2.9194
Epoch 17/30 | Train Loss: 4.7415 (Fused: 2.4852) | Train C-index: 0.8688 | Val Fused: 0.7367 | Val CT: 0.6039 | Val PA: 0.7335 | Alpha CT: 0.4964 | Alpha PA: 0.5036
Feature stats | CT: mean=1.0729, std=1.1216, mean_l2=34.8652, median_l2=35.0007, mean_abs=1.0729, max_abs=7.2907 | PA: mean=0.6698, std=0.4204, mean_l2=17.8081, median_l2=17.8628, mean_abs=0.6698, max_abs=3.0008
Epoch 18/30 | Train Loss: 4.6398 (Fused: 2.4223) | Train C-index: 0.8788 | Val Fused: 0.7313 | Val CT: 0.5982 | Val PA: 0.7323 | Alpha CT: 0.4961 | Alpha PA: 0.5039
Feature stats | CT: mean=1.0604, std=1.1039, mean_l2=34.3830, median_l2=34.6216, mean_abs=1.0604, max_abs=7.3206 | PA: mean=0.6811, std=0.4223, mean_l2=18.0422, median_l2=18.1167, mean_abs=0.6811, max_abs=3.1282
Epoch 19/30 | Train Loss: 4.5600 (Fused: 2.3589) | Train C-index: 0.8820 | Val Fused: 0.7383 | Val CT: 0.6023 | Val PA: 0.7357 | Alpha CT: 0.4958 | Alpha PA: 0.5042
Feature stats | CT: mean=0.9247, std=0.9457, mean_l2=29.6551, median_l2=29.4552, mean_abs=0.9247, max_abs=6.9078 | PA: mean=0.7054, std=0.4366, mean_l2=18.6631, median_l2=18.7614, mean_abs=0.7054, max_abs=3.1093
Epoch 20/30 | Train Loss: 4.4627 (Fused: 2.2653) | Train C-index: 0.8980 | Val Fused: 0.7218 | Val CT: 0.6128 | Val PA: 0.7186 | Alpha CT: 0.4955 | Alpha PA: 0.5045
Feature stats | CT: mean=1.0314, std=1.0792, mean_l2=33.3944, median_l2=33.0782, mean_abs=1.0314, max_abs=7.4084 | PA: mean=0.7262, std=0.4543, mean_l2=19.2686, median_l2=19.3348, mean_abs=0.7262, max_abs=3.2129
Epoch 21/30 | Train Loss: 4.5511 (Fused: 2.3134) | Train C-index: 0.9049 | Val Fused: 0.7177 | Val CT: 0.6160 | Val PA: 0.7164 | Alpha CT: 0.4953 | Alpha PA: 0.5047
Feature stats | CT: mean=1.1795, std=1.2635, mean_l2=38.7756, median_l2=39.3428, mean_abs=1.1795, max_abs=7.8589 | PA: mean=0.7351, std=0.4582, mean_l2=19.4745, median_l2=19.5811, mean_abs=0.7351, max_abs=3.2393
Epoch 22/30 | Train Loss: 4.4449 (Fused: 2.2299) | Train C-index: 0.9060 | Val Fused: 0.7189 | Val CT: 0.6084 | Val PA: 0.7136 | Alpha CT: 0.4950 | Alpha PA: 0.5050
Feature stats | CT: mean=1.1182, std=1.1702, mean_l2=36.4158, median_l2=36.4428, mean_abs=1.1182, max_abs=7.5780 | PA: mean=0.7365, std=0.4501, mean_l2=19.3988, median_l2=19.6842, mean_abs=0.7365, max_abs=3.1928
Epoch 23/30 | Train Loss: 4.2650 (Fused: 2.1250) | Train C-index: 0.9115 | Val Fused: 0.7281 | Val CT: 0.6198 | Val PA: 0.7269 | Alpha CT: 0.4947 | Alpha PA: 0.5053
Feature stats | CT: mean=1.1940, std=1.2868, mean_l2=39.3400, median_l2=39.6362, mean_abs=1.1940, max_abs=8.4735 | PA: mean=0.7614, std=0.4860, mean_l2=20.3027, median_l2=20.4822, mean_abs=0.7614, max_abs=3.2686
Epoch 24/30 | Train Loss: 4.1902 (Fused: 2.0626) | Train C-index: 0.9217 | Val Fused: 0.7186 | Val CT: 0.5982 | Val PA: 0.7212 | Alpha CT: 0.4945 | Alpha PA: 0.5055
Feature stats | CT: mean=1.2128, std=1.2971, mean_l2=39.9566, median_l2=40.1769, mean_abs=1.2128, max_abs=8.0656 | PA: mean=0.7744, std=0.5016, mean_l2=20.7284, median_l2=20.8333, mean_abs=0.7744, max_abs=3.4115
Epoch 25/30 | Train Loss: 4.1344 (Fused: 2.0194) | Train C-index: 0.9287 | Val Fused: 0.7186 | Val CT: 0.6185 | Val PA: 0.7120 | Alpha CT: 0.4942 | Alpha PA: 0.5058
Feature stats | CT: mean=1.0687, std=1.1189, mean_l2=34.7231, median_l2=35.1555, mean_abs=1.0687, max_abs=7.2682 | PA: mean=0.7733, std=0.4907, mean_l2=20.5759, median_l2=20.6865, mean_abs=0.7733, max_abs=3.2729
Epoch 26/30 | Train Loss: 4.0093 (Fused: 1.9413) | Train C-index: 0.9292 | Val Fused: 0.7170 | Val CT: 0.6207 | Val PA: 0.7110 | Alpha CT: 0.4939 | Alpha PA: 0.5061
Feature stats | CT: mean=0.8998, std=0.9251, mean_l2=28.9317, median_l2=28.5753, mean_abs=0.8998, max_abs=6.7299 | PA: mean=0.7767, std=0.5034, mean_l2=20.8005, median_l2=20.9662, mean_abs=0.7767, max_abs=3.3943
Early stopping at epoch 26
Fold 2 best fusion alpha | CT: 0.4966 | PA: 0.5034
Fold 2 best C-index: 0.7446

Extra survival metrics:
cutoff_from_train_median: 0.480186
n_test: 112
n_high_risk: 54
n_low_risk: 58
n_event_test: 38
logrank_stat: 20.221744
logrank_p: 0.000007
auc_36m: 0.744713
auc_60m: 0.784013
HR_high_vs_low: 5.029042
HR_95CI_lower: 2.301528
HR_95CI_upper: 10.988900
cox_p: 0.000051

==================================================
Fold 4/5
==================================================
[ResNetCox] Loaded pretrained from /home/gly001/cqj/pa_ct_surv/model/ct_pretrain/resnet_18_23dataset.pth
  Missing keys (ok): ['fc.weight', 'fc.bias']
Epoch 1/30 | Train Loss: 5.8422 (Fused: 3.2418) | Train C-index: 0.6527 | Val Fused: 0.6061 | Val CT: 0.5264 | Val PA: 0.6033 | Alpha CT: 0.4999 | Alpha PA: 0.5001
Feature stats | CT: mean=0.8765, std=0.8952, mean_l2=28.3445, median_l2=28.2463, mean_abs=0.8765, max_abs=6.9259 | PA: mean=0.2806, std=0.2166, mean_l2=8.0142, median_l2=7.9803, mean_abs=0.2806, max_abs=1.7606
Epoch 2/30 | Train Loss: 5.6780 (Fused: 3.1351) | Train C-index: 0.7227 | Val Fused: 0.6108 | Val CT: 0.5302 | Val PA: 0.6115 | Alpha CT: 0.4997 | Alpha PA: 0.5003
Feature stats | CT: mean=0.9079, std=0.9280, mean_l2=29.3624, median_l2=29.3022, mean_abs=0.9079, max_abs=7.0678 | PA: mean=0.2966, std=0.2336, mean_l2=8.5314, median_l2=8.4793, mean_abs=0.2966, max_abs=1.8528
Epoch 3/30 | Train Loss: 5.5953 (Fused: 3.0714) | Train C-index: 0.7383 | Val Fused: 0.6089 | Val CT: 0.5334 | Val PA: 0.6165 | Alpha CT: 0.4995 | Alpha PA: 0.5005
Feature stats | CT: mean=0.9185, std=0.9415, mean_l2=29.7110, median_l2=29.4726, mean_abs=0.9185, max_abs=7.1431 | PA: mean=0.3248, std=0.2590, mean_l2=9.3807, median_l2=9.3238, mean_abs=0.3248, max_abs=1.9332
Epoch 4/30 | Train Loss: 5.5733 (Fused: 3.0441) | Train C-index: 0.7488 | Val Fused: 0.6096 | Val CT: 0.5431 | Val PA: 0.6200 | Alpha CT: 0.4993 | Alpha PA: 0.5007
Feature stats | CT: mean=0.9533, std=0.9878, mean_l2=30.9355, median_l2=30.5832, mean_abs=0.9533, max_abs=7.2224 | PA: mean=0.3533, std=0.2805, mean_l2=10.1847, median_l2=10.1434, mean_abs=0.3533, max_abs=2.1535
Epoch 5/30 | Train Loss: 5.4717 (Fused: 2.9797) | Train C-index: 0.7551 | Val Fused: 0.6196 | Val CT: 0.5469 | Val PA: 0.6244 | Alpha CT: 0.4991 | Alpha PA: 0.5009
Feature stats | CT: mean=1.0153, std=1.0713, mean_l2=33.1604, median_l2=32.5927, mean_abs=1.0153, max_abs=7.7046 | PA: mean=0.3772, std=0.2955, mean_l2=10.8196, median_l2=10.7846, mean_abs=0.3772, max_abs=2.2150
Epoch 6/30 | Train Loss: 5.4017 (Fused: 2.9310) | Train C-index: 0.7689 | Val Fused: 0.6335 | Val CT: 0.5608 | Val PA: 0.6382 | Alpha CT: 0.4989 | Alpha PA: 0.5011
Feature stats | CT: mean=1.0701, std=1.1439, mean_l2=35.1714, median_l2=34.6094, mean_abs=1.0701, max_abs=8.1572 | PA: mean=0.4038, std=0.3105, mean_l2=11.5040, median_l2=11.4829, mean_abs=0.4038, max_abs=2.2885
Epoch 7/30 | Train Loss: 5.4681 (Fused: 2.9568) | Train C-index: 0.7816 | Val Fused: 0.6420 | Val CT: 0.5712 | Val PA: 0.6505 | Alpha CT: 0.4987 | Alpha PA: 0.5013
Feature stats | CT: mean=1.0800, std=1.1532, mean_l2=35.5281, median_l2=35.2172, mean_abs=1.0800, max_abs=7.8916 | PA: mean=0.4306, std=0.3232, mean_l2=12.1569, median_l2=12.1531, mean_abs=0.4306, max_abs=2.3806
Epoch 8/30 | Train Loss: 5.2498 (Fused: 2.8293) | Train C-index: 0.7927 | Val Fused: 0.6502 | Val CT: 0.5838 | Val PA: 0.6565 | Alpha CT: 0.4985 | Alpha PA: 0.5015
Feature stats | CT: mean=1.0392, std=1.1008, mean_l2=34.0673, median_l2=33.7539, mean_abs=1.0392, max_abs=7.4573 | PA: mean=0.4601, std=0.3375, mean_l2=12.8809, median_l2=12.9003, mean_abs=0.4601, max_abs=2.4479
Epoch 9/30 | Train Loss: 5.2986 (Fused: 2.8303) | Train C-index: 0.8010 | Val Fused: 0.6552 | Val CT: 0.5831 | Val PA: 0.6615 | Alpha CT: 0.4983 | Alpha PA: 0.5017
Feature stats | CT: mean=0.9902, std=1.0433, mean_l2=32.3284, median_l2=31.8825, mean_abs=0.9902, max_abs=7.1005 | PA: mean=0.4899, std=0.3509, mean_l2=13.6021, median_l2=13.6708, mean_abs=0.4899, max_abs=2.4967
Epoch 10/30 | Train Loss: 5.2477 (Fused: 2.7994) | Train C-index: 0.8118 | Val Fused: 0.6634 | Val CT: 0.6086 | Val PA: 0.6685 | Alpha CT: 0.4981 | Alpha PA: 0.5019
Feature stats | CT: mean=1.0405, std=1.0962, mean_l2=34.0332, median_l2=33.7449, mean_abs=1.0405, max_abs=7.0126 | PA: mean=0.5154, std=0.3613, mean_l2=14.2044, median_l2=14.3139, mean_abs=0.5154, max_abs=2.4982
Epoch 11/30 | Train Loss: 5.2333 (Fused: 2.7889) | Train C-index: 0.8185 | Val Fused: 0.6622 | Val CT: 0.5793 | Val PA: 0.6744 | Alpha CT: 0.4978 | Alpha PA: 0.5022
Feature stats | CT: mean=1.0376, std=1.0919, mean_l2=33.9131, median_l2=33.8015, mean_abs=1.0376, max_abs=7.0697 | PA: mean=0.5380, std=0.3694, mean_l2=14.7239, median_l2=14.8665, mean_abs=0.5380, max_abs=2.4598
Epoch 12/30 | Train Loss: 5.0843 (Fused: 2.6946) | Train C-index: 0.8248 | Val Fused: 0.6609 | Val CT: 0.5781 | Val PA: 0.6738 | Alpha CT: 0.4976 | Alpha PA: 0.5024
Feature stats | CT: mean=0.9284, std=0.9750, mean_l2=30.1243, median_l2=29.3357, mean_abs=0.9284, max_abs=7.2999 | PA: mean=0.5521, std=0.3682, mean_l2=14.9651, median_l2=15.1501, mean_abs=0.5521, max_abs=2.6390
Epoch 13/30 | Train Loss: 4.9771 (Fused: 2.6363) | Train C-index: 0.8322 | Val Fused: 0.6666 | Val CT: 0.6171 | Val PA: 0.6741 | Alpha CT: 0.4974 | Alpha PA: 0.5026
Feature stats | CT: mean=1.1766, std=1.2911, mean_l2=39.1216, median_l2=39.7833, mean_abs=1.1766, max_abs=8.6374 | PA: mean=0.5670, std=0.3725, mean_l2=15.2971, median_l2=15.4296, mean_abs=0.5670, max_abs=2.8735
Epoch 14/30 | Train Loss: 4.9545 (Fused: 2.6172) | Train C-index: 0.8386 | Val Fused: 0.6656 | Val CT: 0.5926 | Val PA: 0.6713 | Alpha CT: 0.4972 | Alpha PA: 0.5028
Feature stats | CT: mean=1.2398, std=1.3736, mean_l2=41.5796, median_l2=41.8049, mean_abs=1.2398, max_abs=8.8103 | PA: mean=0.5870, std=0.3836, mean_l2=15.8165, median_l2=15.9693, mean_abs=0.5870, max_abs=3.0202
Epoch 15/30 | Train Loss: 4.8167 (Fused: 2.5392) | Train C-index: 0.8520 | Val Fused: 0.6612 | Val CT: 0.6045 | Val PA: 0.6716 | Alpha CT: 0.4970 | Alpha PA: 0.5030
Feature stats | CT: mean=1.2103, std=1.3341, mean_l2=40.5041, median_l2=40.3050, mean_abs=1.2103, max_abs=8.6529 | PA: mean=0.6060, std=0.3943, mean_l2=16.3067, median_l2=16.4637, mean_abs=0.6060, max_abs=3.1137
Epoch 16/30 | Train Loss: 4.7838 (Fused: 2.5057) | Train C-index: 0.8607 | Val Fused: 0.6640 | Val CT: 0.6086 | Val PA: 0.6716 | Alpha CT: 0.4967 | Alpha PA: 0.5033
Feature stats | CT: mean=1.1341, std=1.2369, mean_l2=37.6822, median_l2=37.3841, mean_abs=1.1341, max_abs=8.4160 | PA: mean=0.6263, std=0.4040, mean_l2=16.8090, median_l2=16.9698, mean_abs=0.6263, max_abs=3.3379
Epoch 17/30 | Train Loss: 4.7339 (Fused: 2.4721) | Train C-index: 0.8688 | Val Fused: 0.6653 | Val CT: 0.6064 | Val PA: 0.6707 | Alpha CT: 0.4965 | Alpha PA: 0.5035
Feature stats | CT: mean=1.1019, std=1.1944, mean_l2=36.5101, median_l2=36.1567, mean_abs=1.1019, max_abs=8.1770 | PA: mean=0.6461, std=0.4117, mean_l2=17.2753, median_l2=17.4972, mean_abs=0.6461, max_abs=3.3887
Epoch 18/30 | Train Loss: 4.6887 (Fused: 2.4374) | Train C-index: 0.8753 | Val Fused: 0.6644 | Val CT: 0.6067 | Val PA: 0.6729 | Alpha CT: 0.4962 | Alpha PA: 0.5038
Feature stats | CT: mean=1.1262, std=1.2224, mean_l2=37.3773, median_l2=37.1954, mean_abs=1.1262, max_abs=8.2846 | PA: mean=0.6647, std=0.4174, mean_l2=17.6948, median_l2=17.9008, mean_abs=0.6647, max_abs=3.6573
Epoch 19/30 | Train Loss: 4.5566 (Fused: 2.3583) | Train C-index: 0.8841 | Val Fused: 0.6530 | Val CT: 0.6121 | Val PA: 0.6615 | Alpha CT: 0.4960 | Alpha PA: 0.5040
Feature stats | CT: mean=1.1089, std=1.2039, mean_l2=36.7452, median_l2=36.1995, mean_abs=1.1089, max_abs=8.2090 | PA: mean=0.6814, std=0.4239, mean_l2=18.0926, median_l2=18.2672, mean_abs=0.6814, max_abs=3.7214
Epoch 20/30 | Train Loss: 4.5213 (Fused: 2.3229) | Train C-index: 0.8857 | Val Fused: 0.6537 | Val CT: 0.6118 | Val PA: 0.6581 | Alpha CT: 0.4958 | Alpha PA: 0.5042
Feature stats | CT: mean=1.1496, std=1.2555, mean_l2=38.2454, median_l2=38.0495, mean_abs=1.1496, max_abs=8.3369 | PA: mean=0.6907, std=0.4254, mean_l2=18.2781, median_l2=18.4697, mean_abs=0.6907, max_abs=3.8840
Epoch 21/30 | Train Loss: 4.4282 (Fused: 2.2571) | Train C-index: 0.8940 | Val Fused: 0.6407 | Val CT: 0.5948 | Val PA: 0.6436 | Alpha CT: 0.4955 | Alpha PA: 0.5045
Feature stats | CT: mean=1.1811, std=1.2938, mean_l2=39.3923, median_l2=39.3893, mean_abs=1.1811, max_abs=8.7110 | PA: mean=0.7131, std=0.4426, mean_l2=18.9155, median_l2=19.1020, mean_abs=0.7131, max_abs=4.0741
Epoch 22/30 | Train Loss: 4.3679 (Fused: 2.2057) | Train C-index: 0.9042 | Val Fused: 0.6492 | Val CT: 0.6134 | Val PA: 0.6508 | Alpha CT: 0.4953 | Alpha PA: 0.5047
Feature stats | CT: mean=1.0816, std=1.1719, mean_l2=35.7258, median_l2=35.5344, mean_abs=1.0816, max_abs=8.3643 | PA: mean=0.7211, std=0.4459, mean_l2=19.1030, median_l2=19.3188, mean_abs=0.7211, max_abs=4.1287
Epoch 23/30 | Train Loss: 4.3382 (Fused: 2.1790) | Train C-index: 0.9048 | Val Fused: 0.6373 | Val CT: 0.5869 | Val PA: 0.6395 | Alpha CT: 0.4950 | Alpha PA: 0.5050
Feature stats | CT: mean=1.1610, std=1.2707, mean_l2=38.6313, median_l2=39.1683, mean_abs=1.1610, max_abs=9.0836 | PA: mean=0.7463, std=0.4642, mean_l2=19.8051, median_l2=20.0135, mean_abs=0.7463, max_abs=4.1308
Early stopping at epoch 23
Fold 3 best fusion alpha | CT: 0.4974 | PA: 0.5026
Fold 3 best C-index: 0.6666

Extra survival metrics:
cutoff_from_train_median: 1.401745
n_test: 112
n_high_risk: 57
n_low_risk: 55
n_event_test: 38
logrank_stat: 7.767839
logrank_p: 0.005318
auc_36m: 0.670653
auc_60m: 0.652163
HR_high_vs_low: 2.625375
HR_95CI_lower: 1.296705
HR_95CI_upper: 5.315468
cox_p: 0.007321

==================================================
Fold 5/5
==================================================
[ResNetCox] Loaded pretrained from /home/gly001/cqj/pa_ct_surv/model/ct_pretrain/resnet_18_23dataset.pth
  Missing keys (ok): ['fc.weight', 'fc.bias']
Epoch 1/30 | Train Loss: 6.0399 (Fused: 3.3507) | Train C-index: 0.6120 | Val Fused: 0.6678 | Val CT: 0.6007 | Val PA: 0.6658 | Alpha CT: 0.4999 | Alpha PA: 0.5001
Feature stats | CT: mean=0.8680, std=0.8865, mean_l2=28.0691, median_l2=28.0124, mean_abs=0.8680, max_abs=6.7561 | PA: mean=0.2810, std=0.2159, mean_l2=8.0107, median_l2=7.9808, mean_abs=0.2810, max_abs=1.7426
Epoch 2/30 | Train Loss: 5.7361 (Fused: 3.1708) | Train C-index: 0.7117 | Val Fused: 0.6780 | Val CT: 0.6354 | Val PA: 0.6760 | Alpha CT: 0.4997 | Alpha PA: 0.5003
Feature stats | CT: mean=0.8930, std=0.9106, mean_l2=28.8485, median_l2=28.7541, mean_abs=0.8930, max_abs=6.8750 | PA: mean=0.2954, std=0.2318, mean_l2=8.4828, median_l2=8.4349, mean_abs=0.2954, max_abs=1.7009
Epoch 3/30 | Train Loss: 5.6412 (Fused: 3.1037) | Train C-index: 0.7277 | Val Fused: 0.6807 | Val CT: 0.6423 | Val PA: 0.6787 | Alpha CT: 0.4995 | Alpha PA: 0.5005
Feature stats | CT: mean=0.9102, std=0.9277, mean_l2=29.3771, median_l2=29.2144, mean_abs=0.9102, max_abs=6.9344 | PA: mean=0.3197, std=0.2543, mean_l2=9.2221, median_l2=9.1309, mean_abs=0.3197, max_abs=1.8231
Epoch 4/30 | Train Loss: 5.6834 (Fused: 3.1053) | Train C-index: 0.7332 | Val Fused: 0.6863 | Val CT: 0.6519 | Val PA: 0.6850 | Alpha CT: 0.4994 | Alpha PA: 0.5006
Feature stats | CT: mean=0.9261, std=0.9490, mean_l2=29.9388, median_l2=29.7167, mean_abs=0.9261, max_abs=6.9839 | PA: mean=0.3486, std=0.2770, mean_l2=10.0476, median_l2=9.9492, mean_abs=0.3486, max_abs=1.9552
Epoch 5/30 | Train Loss: 5.5237 (Fused: 3.0154) | Train C-index: 0.7473 | Val Fused: 0.6955 | Val CT: 0.6631 | Val PA: 0.6916 | Alpha CT: 0.4991 | Alpha PA: 0.5009
Feature stats | CT: mean=0.9444, std=0.9780, mean_l2=30.6403, median_l2=30.1114, mean_abs=0.9444, max_abs=6.9202 | PA: mean=0.3782, std=0.2970, mean_l2=10.8461, median_l2=10.7663, mean_abs=0.3782, max_abs=2.0020
Epoch 6/30 | Train Loss: 5.4718 (Fused: 2.9771) | Train C-index: 0.7594 | Val Fused: 0.7002 | Val CT: 0.6592 | Val PA: 0.6902 | Alpha CT: 0.4989 | Alpha PA: 0.5011
Feature stats | CT: mean=0.9626, std=1.0022, mean_l2=31.3349, median_l2=30.9443, mean_abs=0.9626, max_abs=6.9491 | PA: mean=0.4089, std=0.3159, mean_l2=11.6504, median_l2=11.5509, mean_abs=0.4089, max_abs=2.1569
Epoch 7/30 | Train Loss: 5.3912 (Fused: 2.9232) | Train C-index: 0.7745 | Val Fused: 0.7008 | Val CT: 0.6664 | Val PA: 0.6936 | Alpha CT: 0.4988 | Alpha PA: 0.5012
Feature stats | CT: mean=0.9643, std=1.0048, mean_l2=31.4179, median_l2=31.1112, mean_abs=0.9643, max_abs=6.9365 | PA: mean=0.4380, std=0.3328, mean_l2=12.3999, median_l2=12.3328, mean_abs=0.4380, max_abs=2.3056
Epoch 8/30 | Train Loss: 5.4009 (Fused: 2.8965) | Train C-index: 0.7853 | Val Fused: 0.7064 | Val CT: 0.6668 | Val PA: 0.6929 | Alpha CT: 0.4985 | Alpha PA: 0.5015
Feature stats | CT: mean=0.9699, std=1.0110, mean_l2=31.5964, median_l2=31.3246, mean_abs=0.9699, max_abs=6.9742 | PA: mean=0.4666, std=0.3463, mean_l2=13.1002, median_l2=13.0776, mean_abs=0.4666, max_abs=2.3633
Epoch 9/30 | Train Loss: 5.2520 (Fused: 2.8287) | Train C-index: 0.7984 | Val Fused: 0.7074 | Val CT: 0.6565 | Val PA: 0.6959 | Alpha CT: 0.4983 | Alpha PA: 0.5017
Feature stats | CT: mean=0.9705, std=1.0110, mean_l2=31.6102, median_l2=31.3795, mean_abs=0.9705, max_abs=6.9336 | PA: mean=0.4975, std=0.3584, mean_l2=13.8235, median_l2=13.8154, mean_abs=0.4975, max_abs=2.4257
Epoch 10/30 | Train Loss: 5.2713 (Fused: 2.8098) | Train C-index: 0.8070 | Val Fused: 0.7127 | Val CT: 0.6549 | Val PA: 0.7051 | Alpha CT: 0.4981 | Alpha PA: 0.5019
Feature stats | CT: mean=0.9903, std=1.0337, mean_l2=32.2810, median_l2=31.9663, mean_abs=0.9903, max_abs=6.9846 | PA: mean=0.5324, std=0.3728, mean_l2=14.6514, median_l2=14.7466, mean_abs=0.5324, max_abs=2.5565
Epoch 11/30 | Train Loss: 5.2066 (Fused: 2.7643) | Train C-index: 0.8131 | Val Fused: 0.7226 | Val CT: 0.6569 | Val PA: 0.7164 | Alpha CT: 0.4978 | Alpha PA: 0.5022
Feature stats | CT: mean=1.0502, std=1.1079, mean_l2=34.3972, median_l2=34.2870, mean_abs=1.0502, max_abs=7.3163 | PA: mean=0.5646, std=0.3827, mean_l2=15.3745, median_l2=15.4316, mean_abs=0.5646, max_abs=2.5954
Epoch 12/30 | Train Loss: 5.1185 (Fused: 2.7061) | Train C-index: 0.8269 | Val Fused: 0.7286 | Val CT: 0.6466 | Val PA: 0.7226 | Alpha CT: 0.4975 | Alpha PA: 0.5025
Feature stats | CT: mean=1.0777, std=1.1398, mean_l2=35.3651, median_l2=35.5576, mean_abs=1.0777, max_abs=7.3758 | PA: mean=0.5997, std=0.3958, mean_l2=16.1893, median_l2=16.2533, mean_abs=0.5997, max_abs=2.6890
Epoch 13/30 | Train Loss: 5.0229 (Fused: 2.6514) | Train C-index: 0.8375 | Val Fused: 0.7233 | Val CT: 0.6588 | Val PA: 0.7220 | Alpha CT: 0.4973 | Alpha PA: 0.5027
Feature stats | CT: mean=1.0486, std=1.1060, mean_l2=34.3566, median_l2=34.6506, mean_abs=1.0486, max_abs=7.2933 | PA: mean=0.6195, std=0.3990, mean_l2=16.5975, median_l2=16.6769, mean_abs=0.6195, max_abs=2.7457
Epoch 14/30 | Train Loss: 4.9365 (Fused: 2.5989) | Train C-index: 0.8437 | Val Fused: 0.7306 | Val CT: 0.6512 | Val PA: 0.7266 | Alpha CT: 0.4971 | Alpha PA: 0.5029
Feature stats | CT: mean=1.0235, std=1.0843, mean_l2=33.5319, median_l2=33.3155, mean_abs=1.0235, max_abs=7.4184 | PA: mean=0.6355, std=0.4038, mean_l2=16.9582, median_l2=17.0524, mean_abs=0.6355, max_abs=2.8472
Epoch 15/30 | Train Loss: 4.9348 (Fused: 2.5911) | Train C-index: 0.8559 | Val Fused: 0.7339 | Val CT: 0.6420 | Val PA: 0.7296 | Alpha CT: 0.4968 | Alpha PA: 0.5032
Feature stats | CT: mean=1.0262, std=1.0793, mean_l2=33.5491, median_l2=33.9769, mean_abs=1.0262, max_abs=7.1745 | PA: mean=0.6514, std=0.4113, mean_l2=17.3475, median_l2=17.5067, mean_abs=0.6514, max_abs=3.0432
Epoch 16/30 | Train Loss: 4.7750 (Fused: 2.5035) | Train C-index: 0.8610 | Val Fused: 0.7365 | Val CT: 0.6595 | Val PA: 0.7250 | Alpha CT: 0.4966 | Alpha PA: 0.5034
Feature stats | CT: mean=1.1067, std=1.1839, mean_l2=36.4664, median_l2=36.6378, mean_abs=1.1067, max_abs=7.8144 | PA: mean=0.6706, std=0.4190, mean_l2=17.8051, median_l2=17.8933, mean_abs=0.6706, max_abs=3.1111
Epoch 17/30 | Train Loss: 4.7114 (Fused: 2.4469) | Train C-index: 0.8698 | Val Fused: 0.7240 | Val CT: 0.5795 | Val PA: 0.7236 | Alpha CT: 0.4963 | Alpha PA: 0.5037
Feature stats | CT: mean=1.1111, std=1.1867, mean_l2=36.6066, median_l2=36.7421, mean_abs=1.1111, max_abs=7.7024 | PA: mean=0.6987, std=0.4353, mean_l2=18.5296, median_l2=18.6882, mean_abs=0.6987, max_abs=3.2427
Epoch 18/30 | Train Loss: 4.6254 (Fused: 2.3856) | Train C-index: 0.8792 | Val Fused: 0.7415 | Val CT: 0.6681 | Val PA: 0.7326 | Alpha CT: 0.4960 | Alpha PA: 0.5040
Feature stats | CT: mean=1.0660, std=1.1298, mean_l2=34.9578, median_l2=35.1618, mean_abs=1.0660, max_abs=7.5625 | PA: mean=0.7135, std=0.4446, mean_l2=18.9110, median_l2=19.0796, mean_abs=0.7135, max_abs=3.2629
Epoch 19/30 | Train Loss: 4.6394 (Fused: 2.3433) | Train C-index: 0.8820 | Val Fused: 0.7415 | Val CT: 0.6284 | Val PA: 0.7428 | Alpha CT: 0.4958 | Alpha PA: 0.5042
Feature stats | CT: mean=1.1145, std=1.1949, mean_l2=36.7357, median_l2=36.8683, mean_abs=1.1145, max_abs=7.8701 | PA: mean=0.7278, std=0.4511, mean_l2=19.2610, median_l2=19.5247, mean_abs=0.7278, max_abs=3.3603
Epoch 20/30 | Train Loss: 4.7464 (Fused: 2.4278) | Train C-index: 0.8909 | Val Fused: 0.7408 | Val CT: 0.6347 | Val PA: 0.7355 | Alpha CT: 0.4955 | Alpha PA: 0.5045
Feature stats | CT: mean=1.1456, std=1.2303, mean_l2=37.8240, median_l2=37.6425, mean_abs=1.1456, max_abs=8.2919 | PA: mean=0.7466, std=0.4639, mean_l2=19.7694, median_l2=20.0286, mean_abs=0.7466, max_abs=3.4200
Epoch 21/30 | Train Loss: 4.4509 (Fused: 2.2545) | Train C-index: 0.9010 | Val Fused: 0.7355 | Val CT: 0.6145 | Val PA: 0.7345 | Alpha CT: 0.4953 | Alpha PA: 0.5047
Feature stats | CT: mean=1.1914, std=1.2769, mean_l2=39.4058, median_l2=39.7464, mean_abs=1.1914, max_abs=7.8656 | PA: mean=0.7476, std=0.4627, mean_l2=19.7801, median_l2=20.0631, mean_abs=0.7476, max_abs=3.4178
Epoch 22/30 | Train Loss: 4.3203 (Fused: 2.1768) | Train C-index: 0.9077 | Val Fused: 0.7359 | Val CT: 0.6469 | Val PA: 0.7299 | Alpha CT: 0.4950 | Alpha PA: 0.5050
Feature stats | CT: mean=1.1409, std=1.2188, mean_l2=37.5768, median_l2=37.7442, mean_abs=1.1409, max_abs=7.9868 | PA: mean=0.7628, std=0.4770, mean_l2=20.2442, median_l2=20.4851, mean_abs=0.7628, max_abs=3.4419
Epoch 23/30 | Train Loss: 4.2220 (Fused: 2.0956) | Train C-index: 0.9166 | Val Fused: 0.7412 | Val CT: 0.6162 | Val PA: 0.7402 | Alpha CT: 0.4947 | Alpha PA: 0.5053
Feature stats | CT: mean=1.1050, std=1.1732, mean_l2=36.2952, median_l2=36.3587, mean_abs=1.1050, max_abs=7.6650 | PA: mean=0.7680, std=0.4814, mean_l2=20.3881, median_l2=20.6496, mean_abs=0.7680, max_abs=3.4381
Epoch 24/30 | Train Loss: 4.0979 (Fused: 2.0000) | Train C-index: 0.9209 | Val Fused: 0.7246 | Val CT: 0.6390 | Val PA: 0.7164 | Alpha CT: 0.4945 | Alpha PA: 0.5055
Feature stats | CT: mean=1.1024, std=1.1721, mean_l2=36.2209, median_l2=36.4263, mean_abs=1.1024, max_abs=7.5865 | PA: mean=0.7884, std=0.4954, mean_l2=20.9342, median_l2=21.1779, mean_abs=0.7884, max_abs=3.4240
Epoch 25/30 | Train Loss: 3.9646 (Fused: 1.9152) | Train C-index: 0.9300 | Val Fused: 0.7455 | Val CT: 0.6278 | Val PA: 0.7372 | Alpha CT: 0.4942 | Alpha PA: 0.5058
Feature stats | CT: mean=1.0464, std=1.1032, mean_l2=34.1806, median_l2=33.9775, mean_abs=1.0464, max_abs=7.5098 | PA: mean=0.8000, std=0.5142, mean_l2=21.3751, median_l2=21.6634, mean_abs=0.8000, max_abs=3.5818
Epoch 26/30 | Train Loss: 3.9037 (Fused: 1.8567) | Train C-index: 0.9331 | Val Fused: 0.7045 | Val CT: 0.6033 | Val PA: 0.7015 | Alpha CT: 0.4940 | Alpha PA: 0.5060
Feature stats | CT: mean=1.1222, std=1.1973, mean_l2=36.8870, median_l2=36.9855, mean_abs=1.1222, max_abs=7.9912 | PA: mean=0.8004, std=0.5121, mean_l2=21.3644, median_l2=21.6882, mean_abs=0.8004, max_abs=3.5801
Epoch 27/30 | Train Loss: 3.9348 (Fused: 1.8730) | Train C-index: 0.9385 | Val Fused: 0.7428 | Val CT: 0.6433 | Val PA: 0.7299 | Alpha CT: 0.4937 | Alpha PA: 0.5063
Feature stats | CT: mean=1.1176, std=1.1899, mean_l2=36.6948, median_l2=36.8171, mean_abs=1.1176, max_abs=7.9554 | PA: mean=0.8184, std=0.5402, mean_l2=22.0377, median_l2=22.2665, mean_abs=0.8184, max_abs=3.6194
Epoch 28/30 | Train Loss: 3.8596 (Fused: 1.8198) | Train C-index: 0.9427 | Val Fused: 0.6866 | Val CT: 0.5891 | Val PA: 0.6737 | Alpha CT: 0.4935 | Alpha PA: 0.5065
Feature stats | CT: mean=1.1675, std=1.2603, mean_l2=38.5968, median_l2=38.5080, mean_abs=1.1675, max_abs=8.3065 | PA: mean=0.8128, std=0.5244, mean_l2=21.7298, median_l2=22.0195, mean_abs=0.8128, max_abs=3.6474
Epoch 29/30 | Train Loss: 3.7333 (Fused: 1.7455) | Train C-index: 0.9440 | Val Fused: 0.7431 | Val CT: 0.6460 | Val PA: 0.7349 | Alpha CT: 0.4932 | Alpha PA: 0.5068
Feature stats | CT: mean=1.1982, std=1.2986, mean_l2=39.7350, median_l2=40.0852, mean_abs=1.1982, max_abs=8.1575 | PA: mean=0.8142, std=0.5386, mean_l2=21.9289, median_l2=22.1577, mean_abs=0.8142, max_abs=3.6461
Epoch 30/30 | Train Loss: 3.7122 (Fused: 1.7124) | Train C-index: 0.9481 | Val Fused: 0.7061 | Val CT: 0.6112 | Val PA: 0.6952 | Alpha CT: 0.4930 | Alpha PA: 0.5070
Feature stats | CT: mean=1.1481, std=1.2280, mean_l2=37.8046, median_l2=38.0497, mean_abs=1.1481, max_abs=8.0307 | PA: mean=0.8270, std=0.5465, mean_l2=22.2763, median_l2=22.6187, mean_abs=0.8270, max_abs=3.6400
Fold 4 best fusion alpha | CT: 0.4942 | PA: 0.5058
Fold 4 best C-index: 0.7455

Extra survival metrics:
cutoff_from_train_median: 0.563331
n_test: 112
n_high_risk: 63
n_low_risk: 49
n_event_test: 38
logrank_stat: 14.189555
logrank_p: 0.000165
auc_36m: 0.802278
auc_60m: 0.811897
HR_high_vs_low: 4.024482
HR_95CI_lower: 1.839341
HR_95CI_upper: 8.805575
cox_p: 0.000491

==================================================
5-Fold CV Summary
==================================================
  C-index: 0.7402 +/- 0.0470
