Using Device: cuda | ROI: 64
PA: abmil | CT: resnet18 | Fusion: hrca-single | Fusion dropout: 0.0 | Norm: none | CT/PA dropout: 0.0 | CT augmentation: disabled
LR: 0.0001 | CT Backbone LR: 1e-05
Loss: Fused Cox + 0.3*CT + 0.3*PA
CT pretrained: /home/gly001/cqj/pa_ct_surv/model/ct_pretrain/resnet_18_23dataset.pth
Checkpoints: /home/gly001/cqj/pa_ct_surv/checkpoints/pact_v4/pact/roi64_abmil_resnet18_hrca-single_normnone_fusion_dropout0.0_epochs30_coxbs64_lr1e-4_blr1e-5_wd5e-4_lct0.3_lpa0.3_seed42
Results: /home/gly001/cqj/pa_ct_surv/results/pact_v4/pact/roi64_abmil_resnet18_hrca-single_normnone_fusion_dropout0.0_epochs30_coxbs64_lr1e-4_blr1e-5_wd5e-4_lct0.3_lpa0.3_seed42
Loaded 703 paired samples
Locked split: train=562, test=141
Test set is not accessed during CV

==================================================
Fold 1/5
==================================================
[ResNetCox] Loaded pretrained from /home/gly001/cqj/pa_ct_surv/model/ct_pretrain/resnet_18_23dataset.pth
  Missing keys (ok): ['fc.weight', 'fc.bias']
Epoch 1/30 | Train Loss: 5.1337 (Fused: 3.2140) | Train C-index: 0.5686 | Val Fused: 0.7413 | Val CT: 0.4470 | Val PA: 0.7420
Feature stats | CT: mean=0.8682, std=0.8882, mean_l2=28.1010, median_l2=28.0322, mean_abs=0.8682, max_abs=7.0304 | PA: mean=0.2790, std=0.2220, mean_l2=8.0597, median_l2=8.0367, mean_abs=0.2790, max_abs=1.7966
Epoch 2/30 | Train Loss: 4.9761 (Fused: 3.0906) | Train C-index: 0.6659 | Val Fused: 0.7420 | Val CT: 0.5594 | Val PA: 0.7448
Feature stats | CT: mean=0.8638, std=0.8912, mean_l2=28.0789, median_l2=28.0381, mean_abs=0.8638, max_abs=7.2235 | PA: mean=0.2938, std=0.2404, mean_l2=8.5740, median_l2=8.5142, mean_abs=0.2938, max_abs=2.0641
Epoch 3/30 | Train Loss: 4.8566 (Fused: 2.9961) | Train C-index: 0.7214 | Val Fused: 0.7420 | Val CT: 0.5941 | Val PA: 0.7445
Feature stats | CT: mean=0.8287, std=0.8614, mean_l2=27.0425, median_l2=26.9646, mean_abs=0.8287, max_abs=6.8974 | PA: mean=0.3173, std=0.2619, mean_l2=9.2847, median_l2=9.1682, mean_abs=0.3173, max_abs=2.1231
Epoch 4/30 | Train Loss: 4.7603 (Fused: 2.9278) | Train C-index: 0.7293 | Val Fused: 0.7474 | Val CT: 0.6059 | Val PA: 0.7442
Feature stats | CT: mean=0.8226, std=0.8567, mean_l2=26.8706, median_l2=26.7820, mean_abs=0.8226, max_abs=6.8129 | PA: mean=0.3363, std=0.2750, mean_l2=9.8022, median_l2=9.6950, mean_abs=0.3363, max_abs=2.2365
Epoch 5/30 | Train Loss: 4.7400 (Fused: 2.9114) | Train C-index: 0.7521 | Val Fused: 0.7458 | Val CT: 0.6123 | Val PA: 0.7461
Feature stats | CT: mean=0.8162, std=0.8541, mean_l2=26.7266, median_l2=26.6482, mean_abs=0.8162, max_abs=6.7407 | PA: mean=0.3497, std=0.2808, mean_l2=10.1225, median_l2=10.0338, mean_abs=0.3497, max_abs=2.2523
Epoch 6/30 | Train Loss: 4.6609 (Fused: 2.8403) | Train C-index: 0.7769 | Val Fused: 0.7471 | Val CT: 0.6206 | Val PA: 0.7471
Feature stats | CT: mean=0.8219, std=0.8618, mean_l2=26.9400, median_l2=26.8657, mean_abs=0.8219, max_abs=6.7097 | PA: mean=0.3641, std=0.2878, mean_l2=10.4784, median_l2=10.4429, mean_abs=0.3641, max_abs=2.2573
Epoch 7/30 | Train Loss: 4.6003 (Fused: 2.8016) | Train C-index: 0.7788 | Val Fused: 0.7502 | Val CT: 0.6222 | Val PA: 0.7512
Feature stats | CT: mean=0.8456, std=0.8821, mean_l2=27.6388, median_l2=27.5371, mean_abs=0.8456, max_abs=6.9627 | PA: mean=0.3846, std=0.2987, mean_l2=10.9947, median_l2=11.0115, mean_abs=0.3846, max_abs=2.3376
Epoch 8/30 | Train Loss: 4.4881 (Fused: 2.7104) | Train C-index: 0.7987 | Val Fused: 0.7630 | Val CT: 0.6314 | Val PA: 0.7604
Feature stats | CT: mean=0.8592, std=0.8947, mean_l2=28.0498, median_l2=27.9336, mean_abs=0.8592, max_abs=7.1089 | PA: mean=0.4094, std=0.3130, mean_l2=11.6350, median_l2=11.6470, mean_abs=0.4094, max_abs=2.4148
Epoch 9/30 | Train Loss: 4.4066 (Fused: 2.6411) | Train C-index: 0.8229 | Val Fused: 0.7563 | Val CT: 0.6352 | Val PA: 0.7630
Feature stats | CT: mean=0.8787, std=0.9173, mean_l2=28.7042, median_l2=28.5828, mean_abs=0.8787, max_abs=7.6456 | PA: mean=0.4337, std=0.3252, mean_l2=12.2385, median_l2=12.2387, mean_abs=0.4337, max_abs=2.4262
Epoch 10/30 | Train Loss: 4.3358 (Fused: 2.5849) | Train C-index: 0.8361 | Val Fused: 0.7544 | Val CT: 0.6403 | Val PA: 0.7652
Feature stats | CT: mean=0.8941, std=0.9369, mean_l2=29.2593, median_l2=29.1480, mean_abs=0.8941, max_abs=7.7646 | PA: mean=0.4558, std=0.3324, mean_l2=12.7351, median_l2=12.7193, mean_abs=0.4558, max_abs=2.4399
Epoch 11/30 | Train Loss: 4.2117 (Fused: 2.4754) | Train C-index: 0.8531 | Val Fused: 0.7356 | Val CT: 0.6422 | Val PA: 0.7668
Feature stats | CT: mean=0.8937, std=0.9356, mean_l2=29.2174, median_l2=29.1084, mean_abs=0.8937, max_abs=7.8466 | PA: mean=0.4814, std=0.3422, mean_l2=13.3333, median_l2=13.3553, mean_abs=0.4814, max_abs=2.4963
Epoch 12/30 | Train Loss: 4.0922 (Fused: 2.3838) | Train C-index: 0.8737 | Val Fused: 0.7025 | Val CT: 0.6473 | Val PA: 0.7697
Feature stats | CT: mean=0.8823, std=0.9207, mean_l2=28.7925, median_l2=28.6521, mean_abs=0.8823, max_abs=7.5125 | PA: mean=0.5100, std=0.3549, mean_l2=14.0235, median_l2=14.0739, mean_abs=0.5100, max_abs=2.5229
Epoch 13/30 | Train Loss: 3.9332 (Fused: 2.2430) | Train C-index: 0.8842 | Val Fused: 0.7595 | Val CT: 0.6579 | Val PA: 0.7725
Feature stats | CT: mean=0.8638, std=0.9064, mean_l2=28.2741, median_l2=28.0052, mean_abs=0.8638, max_abs=7.4762 | PA: mean=0.5365, std=0.3658, mean_l2=14.6576, median_l2=14.7033, mean_abs=0.5365, max_abs=2.5740
Epoch 14/30 | Train Loss: 3.8910 (Fused: 2.2181) | Train C-index: 0.8904 | Val Fused: 0.7018 | Val CT: 0.6604 | Val PA: 0.7643
Feature stats | CT: mean=0.8744, std=0.9246, mean_l2=28.7334, median_l2=28.5215, mean_abs=0.8744, max_abs=7.7851 | PA: mean=0.5628, std=0.3760, mean_l2=15.2758, median_l2=15.3752, mean_abs=0.5628, max_abs=2.6408
Epoch 15/30 | Train Loss: 3.7742 (Fused: 2.1009) | Train C-index: 0.9098 | Val Fused: 0.7263 | Val CT: 0.6674 | Val PA: 0.7719
Feature stats | CT: mean=0.8479, std=0.9078, mean_l2=28.0304, median_l2=27.6202, mean_abs=0.8479, max_abs=7.8049 | PA: mean=0.5882, std=0.3862, mean_l2=15.8800, median_l2=15.9446, mean_abs=0.5882, max_abs=2.6584
Epoch 16/30 | Train Loss: 3.6688 (Fused: 2.0066) | Train C-index: 0.8989 | Val Fused: 0.7248 | Val CT: 0.6346 | Val PA: 0.7748
Feature stats | CT: mean=0.8942, std=0.9467, mean_l2=29.4164, median_l2=29.4757, mean_abs=0.8942, max_abs=7.7547 | PA: mean=0.6084, std=0.3925, mean_l2=16.3384, median_l2=16.4039, mean_abs=0.6084, max_abs=2.7243
Epoch 17/30 | Train Loss: 3.5346 (Fused: 1.9029) | Train C-index: 0.9226 | Val Fused: 0.7114 | Val CT: 0.6731 | Val PA: 0.7738
Feature stats | CT: mean=0.9191, std=0.9704, mean_l2=30.1962, median_l2=30.2438, mean_abs=0.9191, max_abs=7.7434 | PA: mean=0.6248, std=0.4010, mean_l2=16.7546, median_l2=16.8816, mean_abs=0.6248, max_abs=2.7533
Epoch 18/30 | Train Loss: 3.4453 (Fused: 1.8275) | Train C-index: 0.9218 | Val Fused: 0.7009 | Val CT: 0.6782 | Val PA: 0.7658
Feature stats | CT: mean=0.8540, std=0.9181, mean_l2=28.3015, median_l2=27.9388, mean_abs=0.8540, max_abs=7.7481 | PA: mean=0.6434, std=0.4079, mean_l2=17.1887, median_l2=17.2966, mean_abs=0.6434, max_abs=2.7983
Early stopping at epoch 18
Fold 0 best C-index: 0.7630

Extra survival metrics:
cutoff_from_train_median: -1.207537
n_test: 113
n_high_risk: 57
n_low_risk: 56
n_event_test: 38
logrank_stat: 24.582197
logrank_p: 0.000001
auc_36m: 0.787118
auc_60m: 0.800775
HR_high_vs_low: 6.223843
HR_95CI_lower: 2.729817
HR_95CI_upper: 14.190043
cox_p: 0.000014

==================================================
Fold 2/5
==================================================
[ResNetCox] Loaded pretrained from /home/gly001/cqj/pa_ct_surv/model/ct_pretrain/resnet_18_23dataset.pth
  Missing keys (ok): ['fc.weight', 'fc.bias']
Epoch 1/30 | Train Loss: 5.1532 (Fused: 3.2215) | Train C-index: 0.5842 | Val Fused: 0.7609 | Val CT: 0.3974 | Val PA: 0.7501
Feature stats | CT: mean=0.8613, std=0.8769, mean_l2=27.8113, median_l2=27.7773, mean_abs=0.8613, max_abs=6.6240 | PA: mean=0.2787, std=0.2223, mean_l2=8.0587, median_l2=8.0016, mean_abs=0.2787, max_abs=1.8469
Epoch 2/30 | Train Loss: 5.0031 (Fused: 3.1049) | Train C-index: 0.6757 | Val Fused: 0.7613 | Val CT: 0.5561 | Val PA: 0.7504
Feature stats | CT: mean=0.8450, std=0.8751, mean_l2=27.5247, median_l2=27.4644, mean_abs=0.8450, max_abs=6.7403 | PA: mean=0.2951, std=0.2433, mean_l2=8.6349, median_l2=8.5491, mean_abs=0.2951, max_abs=2.0027
Epoch 3/30 | Train Loss: 4.9069 (Fused: 3.0299) | Train C-index: 0.7228 | Val Fused: 0.7577 | Val CT: 0.6200 | Val PA: 0.7498
Feature stats | CT: mean=0.8429, std=0.8914, mean_l2=27.7577, median_l2=27.6823, mean_abs=0.8429, max_abs=6.7961 | PA: mean=0.3138, std=0.2616, mean_l2=9.2193, median_l2=9.1289, mean_abs=0.3138, max_abs=2.1678
Epoch 4/30 | Train Loss: 4.9213 (Fused: 3.0522) | Train C-index: 0.7069 | Val Fused: 0.7494 | Val CT: 0.6378 | Val PA: 0.7484
Feature stats | CT: mean=0.8461, std=0.9000, mean_l2=27.9474, median_l2=27.8616, mean_abs=0.8461, max_abs=6.8617 | PA: mean=0.3327, std=0.2749, mean_l2=9.7363, median_l2=9.5981, mean_abs=0.3327, max_abs=2.2651
Epoch 5/30 | Train Loss: 4.7841 (Fused: 2.9346) | Train C-index: 0.7488 | Val Fused: 0.7442 | Val CT: 0.6454 | Val PA: 0.7448
Feature stats | CT: mean=0.8643, std=0.9178, mean_l2=28.5235, median_l2=28.4805, mean_abs=0.8643, max_abs=7.0484 | PA: mean=0.3513, std=0.2851, mean_l2=10.2085, median_l2=10.1260, mean_abs=0.3513, max_abs=2.2739
Epoch 6/30 | Train Loss: 4.7551 (Fused: 2.9143) | Train C-index: 0.7639 | Val Fused: 0.7514 | Val CT: 0.6487 | Val PA: 0.7471
Feature stats | CT: mean=0.8573, std=0.9127, mean_l2=28.3307, median_l2=28.2646, mean_abs=0.8573, max_abs=7.0057 | PA: mean=0.3688, std=0.2940, mean_l2=10.6439, median_l2=10.5492, mean_abs=0.3688, max_abs=2.2821
Epoch 7/30 | Train Loss: 4.6346 (Fused: 2.8228) | Train C-index: 0.7765 | Val Fused: 0.7524 | Val CT: 0.6510 | Val PA: 0.7511
Feature stats | CT: mean=0.8484, std=0.9062, mean_l2=28.0857, median_l2=27.9967, mean_abs=0.8484, max_abs=6.8368 | PA: mean=0.3882, std=0.3041, mean_l2=11.1305, median_l2=11.0618, mean_abs=0.3882, max_abs=2.3343
Epoch 8/30 | Train Loss: 4.5758 (Fused: 2.7634) | Train C-index: 0.8000 | Val Fused: 0.7646 | Val CT: 0.6539 | Val PA: 0.7577
Feature stats | CT: mean=0.8450, std=0.8977, mean_l2=27.8890, median_l2=27.7535, mean_abs=0.8450, max_abs=6.8617 | PA: mean=0.4129, std=0.3183, mean_l2=11.7655, median_l2=11.6982, mean_abs=0.4129, max_abs=2.4493
Epoch 9/30 | Train Loss: 4.4692 (Fused: 2.6849) | Train C-index: 0.8119 | Val Fused: 0.7567 | Val CT: 0.6592 | Val PA: 0.7567
Feature stats | CT: mean=0.8537, std=0.9012, mean_l2=28.0739, median_l2=27.8526, mean_abs=0.8537, max_abs=7.0414 | PA: mean=0.4379, std=0.3319, mean_l2=12.3977, median_l2=12.3746, mean_abs=0.4379, max_abs=2.5364
Epoch 10/30 | Train Loss: 4.3083 (Fused: 2.5451) | Train C-index: 0.8316 | Val Fused: 0.7517 | Val CT: 0.6615 | Val PA: 0.7547
Feature stats | CT: mean=0.8771, std=0.9239, mean_l2=28.7948, median_l2=28.4613, mean_abs=0.8771, max_abs=7.3423 | PA: mean=0.4587, std=0.3406, mean_l2=12.8907, median_l2=12.9077, mean_abs=0.4587, max_abs=2.5249
Epoch 11/30 | Train Loss: 4.2328 (Fused: 2.4835) | Train C-index: 0.8540 | Val Fused: 0.7389 | Val CT: 0.6622 | Val PA: 0.7511
Feature stats | CT: mean=0.8979, std=0.9445, mean_l2=29.4489, median_l2=29.3289, mean_abs=0.8979, max_abs=7.5276 | PA: mean=0.4802, std=0.3483, mean_l2=13.3885, median_l2=13.4213, mean_abs=0.4802, max_abs=2.5727
Epoch 12/30 | Train Loss: 4.1177 (Fused: 2.3851) | Train C-index: 0.8649 | Val Fused: 0.7422 | Val CT: 0.6671 | Val PA: 0.7501
Feature stats | CT: mean=0.8754, std=0.9222, mean_l2=28.7267, median_l2=28.4792, mean_abs=0.8754, max_abs=7.3474 | PA: mean=0.5049, std=0.3602, mean_l2=13.9984, median_l2=14.0625, mean_abs=0.5049, max_abs=2.6294
Epoch 13/30 | Train Loss: 3.9098 (Fused: 2.2128) | Train C-index: 0.8892 | Val Fused: 0.7412 | Val CT: 0.6701 | Val PA: 0.7392
Feature stats | CT: mean=0.8711, std=0.9191, mean_l2=28.5925, median_l2=28.2267, mean_abs=0.8711, max_abs=7.5071 | PA: mean=0.5276, std=0.3692, mean_l2=14.5345, median_l2=14.5814, mean_abs=0.5276, max_abs=2.6095
Epoch 14/30 | Train Loss: 3.8964 (Fused: 2.2054) | Train C-index: 0.8828 | Val Fused: 0.6645 | Val CT: 0.6734 | Val PA: 0.7399
Feature stats | CT: mean=0.8634, std=0.9122, mean_l2=28.3661, median_l2=28.1126, mean_abs=0.8634, max_abs=7.3312 | PA: mean=0.5504, std=0.3799, mean_l2=15.0925, median_l2=15.1794, mean_abs=0.5504, max_abs=2.6199
Epoch 15/30 | Train Loss: 3.8117 (Fused: 2.1367) | Train C-index: 0.9002 | Val Fused: 0.7438 | Val CT: 0.6737 | Val PA: 0.7336
Feature stats | CT: mean=0.8624, std=0.9196, mean_l2=28.4820, median_l2=28.2127, mean_abs=0.8624, max_abs=7.2405 | PA: mean=0.5734, std=0.3904, mean_l2=15.6541, median_l2=15.7522, mean_abs=0.5734, max_abs=2.6530
Epoch 16/30 | Train Loss: 3.6712 (Fused: 2.0151) | Train C-index: 0.9091 | Val Fused: 0.7122 | Val CT: 0.6793 | Val PA: 0.7264
Feature stats | CT: mean=0.8772, std=0.9372, mean_l2=29.0044, median_l2=28.7641, mean_abs=0.8772, max_abs=7.3505 | PA: mean=0.5903, std=0.3948, mean_l2=16.0259, median_l2=16.1727, mean_abs=0.5903, max_abs=2.6941
Epoch 17/30 | Train Loss: 3.4357 (Fused: 1.8092) | Train C-index: 0.9266 | Val Fused: 0.6987 | Val CT: 0.6852 | Val PA: 0.7218
Feature stats | CT: mean=0.8595, std=0.9244, mean_l2=28.5221, median_l2=28.3580, mean_abs=0.8595, max_abs=7.5041 | PA: mean=0.6053, std=0.3989, mean_l2=16.3574, median_l2=16.5133, mean_abs=0.6053, max_abs=2.6969
Epoch 18/30 | Train Loss: 3.3605 (Fused: 1.7398) | Train C-index: 0.9407 | Val Fused: 0.6783 | Val CT: 0.6954 | Val PA: 0.7125
Feature stats | CT: mean=0.8995, std=0.9645, mean_l2=29.7829, median_l2=29.5857, mean_abs=0.8995, max_abs=7.8730 | PA: mean=0.6219, std=0.4057, mean_l2=16.7530, median_l2=16.8900, mean_abs=0.6219, max_abs=2.8194
Early stopping at epoch 18
Fold 1 best C-index: 0.7646

Extra survival metrics:
cutoff_from_train_median: -1.555794
n_test: 113
n_high_risk: 54
n_low_risk: 59
n_event_test: 39
logrank_stat: 27.200040
logrank_p: 0.000000
auc_36m: 0.770475
auc_60m: 0.800761
HR_high_vs_low: 8.226171
HR_95CI_lower: 3.203405
HR_95CI_upper: 21.124366
cox_p: 0.000012

==================================================
Fold 3/5
==================================================
[ResNetCox] Loaded pretrained from /home/gly001/cqj/pa_ct_surv/model/ct_pretrain/resnet_18_23dataset.pth
  Missing keys (ok): ['fc.weight', 'fc.bias']
Epoch 1/30 | Train Loss: 5.4153 (Fused: 3.4296) | Train C-index: 0.5152 | Val Fused: 0.7105 | Val CT: 0.5003 | Val PA: 0.6881
Feature stats | CT: mean=0.8761, std=0.8918, mean_l2=28.2847, median_l2=28.2523, mean_abs=0.8761, max_abs=6.8891 | PA: mean=0.2791, std=0.2233, mean_l2=8.0802, median_l2=8.0463, mean_abs=0.2791, max_abs=1.9348
Epoch 2/30 | Train Loss: 5.0081 (Fused: 3.1229) | Train C-index: 0.6672 | Val Fused: 0.7044 | Val CT: 0.6085 | Val PA: 0.6858
Feature stats | CT: mean=0.8658, std=0.8798, mean_l2=27.9284, median_l2=27.8713, mean_abs=0.8658, max_abs=6.7591 | PA: mean=0.2953, std=0.2436, mean_l2=8.6474, median_l2=8.5870, mean_abs=0.2953, max_abs=2.0495
Epoch 3/30 | Train Loss: 4.9317 (Fused: 3.0414) | Train C-index: 0.7249 | Val Fused: 0.7024 | Val CT: 0.6475 | Val PA: 0.6912
Feature stats | CT: mean=0.8436, std=0.8641, mean_l2=27.3217, median_l2=27.2694, mean_abs=0.8436, max_abs=6.6660 | PA: mean=0.3187, std=0.2662, mean_l2=9.3721, median_l2=9.2803, mean_abs=0.3187, max_abs=2.1716
Epoch 4/30 | Train Loss: 4.8487 (Fused: 2.9621) | Train C-index: 0.7484 | Val Fused: 0.6993 | Val CT: 0.6631 | Val PA: 0.6963
Feature stats | CT: mean=0.8318, std=0.8547, mean_l2=26.9844, median_l2=26.9282, mean_abs=0.8318, max_abs=6.3920 | PA: mean=0.3380, std=0.2816, mean_l2=9.9257, median_l2=9.7948, mean_abs=0.3380, max_abs=2.2397
Epoch 5/30 | Train Loss: 4.8115 (Fused: 2.9545) | Train C-index: 0.7574 | Val Fused: 0.7129 | Val CT: 0.6793 | Val PA: 0.7000
Feature stats | CT: mean=0.8278, std=0.8544, mean_l2=26.9163, median_l2=26.8626, mean_abs=0.8278, max_abs=6.4745 | PA: mean=0.3544, std=0.2921, mean_l2=10.3634, median_l2=10.2326, mean_abs=0.3544, max_abs=2.2489
Epoch 6/30 | Train Loss: 4.7794 (Fused: 2.9182) | Train C-index: 0.7600 | Val Fused: 0.7159 | Val CT: 0.6837 | Val PA: 0.7058
Feature stats | CT: mean=0.8241, std=0.8537, mean_l2=26.8455, median_l2=26.7800, mean_abs=0.8241, max_abs=6.5144 | PA: mean=0.3658, std=0.2976, mean_l2=10.6443, median_l2=10.5397, mean_abs=0.3658, max_abs=2.2523
Epoch 7/30 | Train Loss: 4.6803 (Fused: 2.8329) | Train C-index: 0.7834 | Val Fused: 0.7214 | Val CT: 0.6881 | Val PA: 0.7092
Feature stats | CT: mean=0.8202, std=0.8535, mean_l2=26.7780, median_l2=26.6890, mean_abs=0.8202, max_abs=6.5010 | PA: mean=0.3853, std=0.3084, mean_l2=11.1426, median_l2=11.0719, mean_abs=0.3853, max_abs=2.3525
Epoch 8/30 | Train Loss: 4.6667 (Fused: 2.8429) | Train C-index: 0.7954 | Val Fused: 0.7244 | Val CT: 0.6895 | Val PA: 0.7197
Feature stats | CT: mean=0.8323, std=0.8641, mean_l2=27.1384, median_l2=27.0377, mean_abs=0.8323, max_abs=6.5317 | PA: mean=0.4100, std=0.3211, mean_l2=11.7604, median_l2=11.7145, mean_abs=0.4100, max_abs=2.4052
Epoch 9/30 | Train Loss: 4.4662 (Fused: 2.6740) | Train C-index: 0.8182 | Val Fused: 0.7292 | Val CT: 0.6858 | Val PA: 0.7254
Feature stats | CT: mean=0.8038, std=0.8444, mean_l2=26.3666, median_l2=26.2397, mean_abs=0.8038, max_abs=6.5948 | PA: mean=0.4315, std=0.3318, mean_l2=12.2930, median_l2=12.2614, mean_abs=0.4315, max_abs=2.4962
Epoch 10/30 | Train Loss: 4.3613 (Fused: 2.5913) | Train C-index: 0.8317 | Val Fused: 0.7285 | Val CT: 0.6885 | Val PA: 0.7268
Feature stats | CT: mean=0.7846, std=0.8277, mean_l2=25.7977, median_l2=25.6216, mean_abs=0.7846, max_abs=6.5053 | PA: mean=0.4506, std=0.3393, mean_l2=12.7398, median_l2=12.7059, mean_abs=0.4506, max_abs=2.5419
Epoch 11/30 | Train Loss: 4.2907 (Fused: 2.5417) | Train C-index: 0.8419 | Val Fused: 0.7281 | Val CT: 0.6892 | Val PA: 0.7241
Feature stats | CT: mean=0.7927, std=0.8314, mean_l2=25.9797, median_l2=25.7530, mean_abs=0.7927, max_abs=6.5492 | PA: mean=0.4685, std=0.3433, mean_l2=13.1150, median_l2=13.0567, mean_abs=0.4685, max_abs=2.5009
Epoch 12/30 | Train Loss: 4.2929 (Fused: 2.5191) | Train C-index: 0.8481 | Val Fused: 0.7051 | Val CT: 0.6841 | Val PA: 0.7153
Feature stats | CT: mean=0.8158, std=0.8485, mean_l2=26.6064, median_l2=26.3004, mean_abs=0.8158, max_abs=6.5797 | PA: mean=0.4908, std=0.3498, mean_l2=13.6087, median_l2=13.5446, mean_abs=0.4908, max_abs=2.4789
Epoch 13/30 | Train Loss: 4.3434 (Fused: 2.5794) | Train C-index: 0.8565 | Val Fused: 0.6888 | Val CT: 0.6915 | Val PA: 0.7041
Feature stats | CT: mean=0.8331, std=0.8581, mean_l2=27.0278, median_l2=26.7137, mean_abs=0.8331, max_abs=6.2272 | PA: mean=0.5102, std=0.3562, mean_l2=14.0463, median_l2=14.0005, mean_abs=0.5102, max_abs=2.3955
Epoch 14/30 | Train Loss: 4.1672 (Fused: 2.4242) | Train C-index: 0.8638 | Val Fused: 0.7183 | Val CT: 0.6922 | Val PA: 0.7231
Feature stats | CT: mean=0.8781, std=0.9035, mean_l2=28.4359, median_l2=27.9614, mean_abs=0.8781, max_abs=7.0844 | PA: mean=0.5286, std=0.3630, mean_l2=14.4787, median_l2=14.4409, mean_abs=0.5286, max_abs=2.4064
Epoch 15/30 | Train Loss: 4.0149 (Fused: 2.3209) | Train C-index: 0.8772 | Val Fused: 0.7190 | Val CT: 0.6858 | Val PA: 0.7288
Feature stats | CT: mean=0.8974, std=0.9241, mean_l2=29.0624, median_l2=28.5076, mean_abs=0.8974, max_abs=7.2378 | PA: mean=0.5469, std=0.3696, mean_l2=14.9068, median_l2=14.8847, mean_abs=0.5469, max_abs=2.5557
Epoch 16/30 | Train Loss: 3.9229 (Fused: 2.2293) | Train C-index: 0.8830 | Val Fused: 0.7132 | Val CT: 0.6793 | Val PA: 0.7247
Feature stats | CT: mean=0.8602, std=0.8920, mean_l2=27.9757, median_l2=27.4531, mean_abs=0.8602, max_abs=7.0625 | PA: mean=0.5599, std=0.3712, mean_l2=15.1689, median_l2=15.1557, mean_abs=0.5599, max_abs=2.5245
Epoch 17/30 | Train Loss: 3.8636 (Fused: 2.1841) | Train C-index: 0.8889 | Val Fused: 0.7088 | Val CT: 0.6617 | Val PA: 0.7224
Feature stats | CT: mean=0.8400, std=0.8744, mean_l2=27.3931, median_l2=27.0686, mean_abs=0.8400, max_abs=6.7634 | PA: mean=0.5680, std=0.3681, mean_l2=15.2830, median_l2=15.2556, mean_abs=0.5680, max_abs=2.4561
Epoch 18/30 | Train Loss: 3.7931 (Fused: 2.1348) | Train C-index: 0.8739 | Val Fused: 0.7051 | Val CT: 0.6668 | Val PA: 0.7315
Feature stats | CT: mean=0.8273, std=0.8677, mean_l2=27.0881, median_l2=26.7949, mean_abs=0.8273, max_abs=7.0302 | PA: mean=0.5803, std=0.3711, mean_l2=15.5535, median_l2=15.5322, mean_abs=0.5803, max_abs=2.4855
Epoch 19/30 | Train Loss: 3.5973 (Fused: 1.9541) | Train C-index: 0.9046 | Val Fused: 0.7264 | Val CT: 0.6759 | Val PA: 0.7292
Feature stats | CT: mean=0.8263, std=0.8667, mean_l2=27.0397, median_l2=26.6556, mean_abs=0.8263, max_abs=6.8502 | PA: mean=0.5965, std=0.3782, mean_l2=15.9487, median_l2=15.9422, mean_abs=0.5965, max_abs=2.5198
Early stopping at epoch 19
Fold 2 best C-index: 0.7292

Extra survival metrics:
cutoff_from_train_median: -1.011417
n_test: 112
n_high_risk: 63
n_low_risk: 49
n_event_test: 38
logrank_stat: 19.551807
logrank_p: 0.000010
auc_36m: 0.763267
auc_60m: 0.759398
HR_high_vs_low: 6.381330
HR_95CI_lower: 2.487002
HR_95CI_upper: 16.373677
cox_p: 0.000116

==================================================
Fold 4/5
==================================================
[ResNetCox] Loaded pretrained from /home/gly001/cqj/pa_ct_surv/model/ct_pretrain/resnet_18_23dataset.pth
  Missing keys (ok): ['fc.weight', 'fc.bias']
Epoch 1/30 | Train Loss: 5.1371 (Fused: 3.2078) | Train C-index: 0.5817 | Val Fused: 0.7084 | Val CT: 0.4476 | Val PA: 0.7104
Feature stats | CT: mean=0.8522, std=0.8721, mean_l2=27.5888, median_l2=27.5484, mean_abs=0.8522, max_abs=6.6696 | PA: mean=0.2778, std=0.2215, mean_l2=8.0334, median_l2=8.0161, mean_abs=0.2778, max_abs=1.7700
Epoch 2/30 | Train Loss: 5.1169 (Fused: 3.1917) | Train C-index: 0.6789 | Val Fused: 0.7111 | Val CT: 0.6223 | Val PA: 0.7121
Feature stats | CT: mean=0.8298, std=0.8463, mean_l2=26.8166, median_l2=26.8046, mean_abs=0.8298, max_abs=6.2379 | PA: mean=0.2933, std=0.2390, mean_l2=8.5453, median_l2=8.4898, mean_abs=0.2933, max_abs=1.8691
Epoch 3/30 | Train Loss: 5.0376 (Fused: 3.1203) | Train C-index: 0.7275 | Val Fused: 0.7068 | Val CT: 0.6441 | Val PA: 0.7107
Feature stats | CT: mean=0.8246, std=0.8382, mean_l2=26.6040, median_l2=26.5653, mean_abs=0.8246, max_abs=6.0120 | PA: mean=0.3147, std=0.2577, mean_l2=9.1821, median_l2=9.1164, mean_abs=0.3147, max_abs=1.9766
Epoch 4/30 | Train Loss: 4.9504 (Fused: 3.0507) | Train C-index: 0.7416 | Val Fused: 0.7071 | Val CT: 0.6574 | Val PA: 0.7084
Feature stats | CT: mean=0.8317, std=0.8448, mean_l2=26.8213, median_l2=26.7555, mean_abs=0.8317, max_abs=6.1424 | PA: mean=0.3344, std=0.2721, mean_l2=9.7309, median_l2=9.6263, mean_abs=0.3344, max_abs=2.0177
Epoch 5/30 | Train Loss: 4.8145 (Fused: 2.9379) | Train C-index: 0.7587 | Val Fused: 0.7097 | Val CT: 0.6584 | Val PA: 0.7131
Feature stats | CT: mean=0.8389, std=0.8539, mean_l2=27.0815, median_l2=27.0195, mean_abs=0.8389, max_abs=6.2805 | PA: mean=0.3497, std=0.2812, mean_l2=10.1303, median_l2=10.0453, mean_abs=0.3497, max_abs=2.1746
Epoch 6/30 | Train Loss: 4.8010 (Fused: 2.9430) | Train C-index: 0.7685 | Val Fused: 0.7131 | Val CT: 0.6571 | Val PA: 0.7140
Feature stats | CT: mean=0.8229, std=0.8458, mean_l2=26.6964, median_l2=26.6386, mean_abs=0.8229, max_abs=6.3680 | PA: mean=0.3643, std=0.2885, mean_l2=10.4925, median_l2=10.4466, mean_abs=0.3643, max_abs=2.2596
Epoch 7/30 | Train Loss: 4.6690 (Fused: 2.8517) | Train C-index: 0.7734 | Val Fused: 0.7233 | Val CT: 0.6574 | Val PA: 0.7197
Feature stats | CT: mean=0.8039, std=0.8342, mean_l2=26.2092, median_l2=26.0636, mean_abs=0.8039, max_abs=6.3289 | PA: mean=0.3818, std=0.2970, mean_l2=10.9229, median_l2=10.8914, mean_abs=0.3818, max_abs=2.3662
Epoch 8/30 | Train Loss: 4.5936 (Fused: 2.7963) | Train C-index: 0.7822 | Val Fused: 0.7286 | Val CT: 0.6630 | Val PA: 0.7207
Feature stats | CT: mean=0.8020, std=0.8321, mean_l2=26.1445, median_l2=25.9802, mean_abs=0.8020, max_abs=6.0789 | PA: mean=0.4020, std=0.3070, mean_l2=11.4216, median_l2=11.4362, mean_abs=0.4020, max_abs=2.4462
Epoch 9/30 | Train Loss: 4.5086 (Fused: 2.7214) | Train C-index: 0.8061 | Val Fused: 0.7276 | Val CT: 0.6650 | Val PA: 0.7250
Feature stats | CT: mean=0.8229, std=0.8465, mean_l2=26.7007, median_l2=26.5468, mean_abs=0.8229, max_abs=6.2161 | PA: mean=0.4213, std=0.3160, mean_l2=11.8899, median_l2=11.9265, mean_abs=0.4213, max_abs=2.4959
Epoch 10/30 | Train Loss: 4.4400 (Fused: 2.6692) | Train C-index: 0.8132 | Val Fused: 0.7180 | Val CT: 0.6663 | Val PA: 0.7230
Feature stats | CT: mean=0.8511, std=0.8722, mean_l2=27.5532, median_l2=27.3402, mean_abs=0.8511, max_abs=6.6379 | PA: mean=0.4404, std=0.3241, mean_l2=12.3434, median_l2=12.3898, mean_abs=0.4404, max_abs=2.5056
Epoch 11/30 | Train Loss: 4.3277 (Fused: 2.5715) | Train C-index: 0.8305 | Val Fused: 0.7213 | Val CT: 0.6667 | Val PA: 0.7240
Feature stats | CT: mean=0.8459, std=0.8706, mean_l2=27.4351, median_l2=27.1080, mean_abs=0.8459, max_abs=6.7360 | PA: mean=0.4603, std=0.3313, mean_l2=12.8009, median_l2=12.8372, mean_abs=0.4603, max_abs=2.5203
Epoch 12/30 | Train Loss: 4.3569 (Fused: 2.5710) | Train C-index: 0.8435 | Val Fused: 0.7280 | Val CT: 0.6690 | Val PA: 0.7207
Feature stats | CT: mean=0.8608, std=0.8836, mean_l2=27.8681, median_l2=27.5095, mean_abs=0.8608, max_abs=7.1772 | PA: mean=0.4831, std=0.3403, mean_l2=13.3367, median_l2=13.4157, mean_abs=0.4831, max_abs=2.5491
Epoch 13/30 | Train Loss: 4.1589 (Fused: 2.4341) | Train C-index: 0.8501 | Val Fused: 0.7270 | Val CT: 0.6713 | Val PA: 0.7227
Feature stats | CT: mean=0.8883, std=0.9113, mean_l2=28.7493, median_l2=28.4320, mean_abs=0.8883, max_abs=7.4533 | PA: mean=0.5065, std=0.3497, mean_l2=13.8892, median_l2=13.9752, mean_abs=0.5065, max_abs=2.6316
Epoch 14/30 | Train Loss: 4.1482 (Fused: 2.4074) | Train C-index: 0.8674 | Val Fused: 0.7250 | Val CT: 0.6730 | Val PA: 0.7217
Feature stats | CT: mean=0.8626, std=0.8857, mean_l2=27.9398, median_l2=27.7026, mean_abs=0.8626, max_abs=7.1092 | PA: mean=0.5310, std=0.3606, mean_l2=14.4816, median_l2=14.5680, mean_abs=0.5310, max_abs=2.6977
Epoch 15/30 | Train Loss: 3.9476 (Fused: 2.2548) | Train C-index: 0.8816 | Val Fused: 0.7263 | Val CT: 0.6746 | Val PA: 0.7187
Feature stats | CT: mean=0.8462, std=0.8729, mean_l2=27.4700, median_l2=27.1234, mean_abs=0.8462, max_abs=6.7336 | PA: mean=0.5504, std=0.3689, mean_l2=14.9459, median_l2=14.9858, mean_abs=0.5504, max_abs=2.7056
Epoch 16/30 | Train Loss: 3.8703 (Fused: 2.1871) | Train C-index: 0.8939 | Val Fused: 0.7137 | Val CT: 0.6759 | Val PA: 0.7157
Feature stats | CT: mean=0.8372, std=0.8675, mean_l2=27.2290, median_l2=26.6748, mean_abs=0.8372, max_abs=6.4519 | PA: mean=0.5638, std=0.3717, mean_l2=15.2301, median_l2=15.3089, mean_abs=0.5638, max_abs=2.7282
Epoch 17/30 | Train Loss: 3.8010 (Fused: 2.1238) | Train C-index: 0.8781 | Val Fused: 0.7044 | Val CT: 0.6796 | Val PA: 0.7154
Feature stats | CT: mean=0.8766, std=0.9030, mean_l2=28.4144, median_l2=28.1375, mean_abs=0.8766, max_abs=6.8187 | PA: mean=0.5758, std=0.3715, mean_l2=15.4572, median_l2=15.5785, mean_abs=0.5758, max_abs=2.7857
Epoch 18/30 | Train Loss: 3.7074 (Fused: 1.9955) | Train C-index: 0.9078 | Val Fused: 0.7064 | Val CT: 0.6769 | Val PA: 0.7114
Feature stats | CT: mean=0.8350, std=0.8740, mean_l2=27.3080, median_l2=26.8096, mean_abs=0.8350, max_abs=6.8987 | PA: mean=0.5934, std=0.3812, mean_l2=15.9059, median_l2=16.0244, mean_abs=0.5934, max_abs=2.8284
Early stopping at epoch 18
Fold 3 best C-index: 0.7286

Extra survival metrics:
cutoff_from_train_median: -0.990270
n_test: 112
n_high_risk: 45
n_low_risk: 67
n_event_test: 38
logrank_stat: 5.361772
logrank_p: 0.020583
auc_36m: 0.785540
auc_60m: 0.705082
HR_high_vs_low: 2.105062
HR_95CI_lower: 1.105461
HR_95CI_upper: 4.008541
cox_p: 0.023509

==================================================
Fold 5/5
==================================================
[ResNetCox] Loaded pretrained from /home/gly001/cqj/pa_ct_surv/model/ct_pretrain/resnet_18_23dataset.pth
  Missing keys (ok): ['fc.weight', 'fc.bias']
Epoch 1/30 | Train Loss: 5.1612 (Fused: 3.2328) | Train C-index: 0.5664 | Val Fused: 0.6245 | Val CT: 0.4874 | Val PA: 0.6356
Feature stats | CT: mean=0.9004, std=0.9059, mean_l2=28.8906, median_l2=29.0110, mean_abs=0.9004, max_abs=6.8949 | PA: mean=0.2789, std=0.2233, mean_l2=8.0779, median_l2=8.0730, mean_abs=0.2789, max_abs=1.8787
Epoch 2/30 | Train Loss: 5.1054 (Fused: 3.1812) | Train C-index: 0.6858 | Val Fused: 0.6158 | Val CT: 0.5365 | Val PA: 0.6363
Feature stats | CT: mean=0.9357, std=0.9348, mean_l2=29.9237, median_l2=29.8697, mean_abs=0.9357, max_abs=6.9580 | PA: mean=0.2970, std=0.2462, mean_l2=8.7138, median_l2=8.6637, mean_abs=0.2970, max_abs=2.1014
Epoch 3/30 | Train Loss: 4.8415 (Fused: 2.9595) | Train C-index: 0.7536 | Val Fused: 0.6218 | Val CT: 0.5486 | Val PA: 0.6363
Feature stats | CT: mean=0.9176, std=0.9246, mean_l2=29.4718, median_l2=29.4285, mean_abs=0.9176, max_abs=6.9684 | PA: mean=0.3218, std=0.2706, mean_l2=9.4861, median_l2=9.4033, mean_abs=0.3218, max_abs=2.1535
Epoch 4/30 | Train Loss: 4.7976 (Fused: 2.9531) | Train C-index: 0.7448 | Val Fused: 0.6323 | Val CT: 0.5580 | Val PA: 0.6316
Feature stats | CT: mean=0.9297, std=0.9466, mean_l2=30.0167, median_l2=29.9707, mean_abs=0.9297, max_abs=7.3248 | PA: mean=0.3455, std=0.2885, mean_l2=10.1502, median_l2=10.0373, mean_abs=0.3455, max_abs=2.2570
Epoch 5/30 | Train Loss: 4.6825 (Fused: 2.8560) | Train C-index: 0.7760 | Val Fused: 0.6471 | Val CT: 0.5603 | Val PA: 0.6424
Feature stats | CT: mean=0.9383, std=0.9612, mean_l2=30.3869, median_l2=30.3049, mean_abs=0.9383, max_abs=7.4973 | PA: mean=0.3617, std=0.2981, mean_l2=10.5722, median_l2=10.4970, mean_abs=0.3617, max_abs=2.2669
Epoch 6/30 | Train Loss: 4.6826 (Fused: 2.8561) | Train C-index: 0.7835 | Val Fused: 0.6521 | Val CT: 0.5620 | Val PA: 0.6440
Feature stats | CT: mean=0.9403, std=0.9613, mean_l2=30.4180, median_l2=30.3297, mean_abs=0.9403, max_abs=7.4384 | PA: mean=0.3742, std=0.3033, mean_l2=10.8676, median_l2=10.8306, mean_abs=0.3742, max_abs=2.2656
Epoch 7/30 | Train Loss: 4.5528 (Fused: 2.7586) | Train C-index: 0.8020 | Val Fused: 0.6585 | Val CT: 0.5661 | Val PA: 0.6461
Feature stats | CT: mean=0.9381, std=0.9527, mean_l2=30.2373, median_l2=30.1358, mean_abs=0.9381, max_abs=7.2733 | PA: mean=0.3912, std=0.3117, mean_l2=11.2852, median_l2=11.2539, mean_abs=0.3912, max_abs=2.2667
Epoch 8/30 | Train Loss: 4.4554 (Fused: 2.6833) | Train C-index: 0.8125 | Val Fused: 0.6632 | Val CT: 0.5647 | Val PA: 0.6450
Feature stats | CT: mean=0.9271, std=0.9403, mean_l2=29.8492, median_l2=29.7114, mean_abs=0.9271, max_abs=7.0492 | PA: mean=0.4130, std=0.3244, mean_l2=11.8475, median_l2=11.8556, mean_abs=0.4130, max_abs=2.2919
Epoch 9/30 | Train Loss: 4.3510 (Fused: 2.5864) | Train C-index: 0.8384 | Val Fused: 0.6652 | Val CT: 0.5711 | Val PA: 0.6454
Feature stats | CT: mean=0.9142, std=0.9316, mean_l2=29.4835, median_l2=29.1491, mean_abs=0.9142, max_abs=7.0344 | PA: mean=0.4393, std=0.3399, mean_l2=12.5273, median_l2=12.5764, mean_abs=0.4393, max_abs=2.3722
Epoch 10/30 | Train Loss: 4.4746 (Fused: 2.6892) | Train C-index: 0.8444 | Val Fused: 0.6682 | Val CT: 0.5731 | Val PA: 0.6568
Feature stats | CT: mean=0.9388, std=0.9631, mean_l2=30.3533, median_l2=29.9455, mean_abs=0.9388, max_abs=7.4458 | PA: mean=0.4605, std=0.3480, mean_l2=13.0172, median_l2=13.0752, mean_abs=0.4605, max_abs=2.3872
Epoch 11/30 | Train Loss: 4.3694 (Fused: 2.6001) | Train C-index: 0.8498 | Val Fused: 0.6800 | Val CT: 0.5782 | Val PA: 0.6713
Feature stats | CT: mean=0.8862, std=0.9220, mean_l2=28.8526, median_l2=28.3564, mean_abs=0.8862, max_abs=7.4252 | PA: mean=0.4794, std=0.3549, mean_l2=13.4540, median_l2=13.5216, mean_abs=0.4794, max_abs=2.4249
Epoch 12/30 | Train Loss: 4.1475 (Fused: 2.4260) | Train C-index: 0.8658 | Val Fused: 0.6830 | Val CT: 0.5829 | Val PA: 0.6861
Feature stats | CT: mean=0.9000, std=0.9330, mean_l2=29.2510, median_l2=28.6990, mean_abs=0.9000, max_abs=7.4167 | PA: mean=0.4981, std=0.3616, mean_l2=13.8861, median_l2=13.9922, mean_abs=0.4981, max_abs=2.4628
Epoch 13/30 | Train Loss: 4.2727 (Fused: 2.5241) | Train C-index: 0.8729 | Val Fused: 0.6706 | Val CT: 0.5872 | Val PA: 0.6807
Feature stats | CT: mean=0.9748, std=1.0160, mean_l2=31.7211, median_l2=31.3433, mean_abs=0.9748, max_abs=8.1133 | PA: mean=0.5139, std=0.3661, mean_l2=14.2324, median_l2=14.3491, mean_abs=0.5139, max_abs=2.5105
Epoch 14/30 | Train Loss: 3.9981 (Fused: 2.3138) | Train C-index: 0.8763 | Val Fused: 0.6454 | Val CT: 0.5923 | Val PA: 0.6726
Feature stats | CT: mean=1.0621, std=1.1237, mean_l2=34.8413, median_l2=34.5700, mean_abs=1.0621, max_abs=8.4993 | PA: mean=0.5288, std=0.3721, mean_l2=14.5837, median_l2=14.7359, mean_abs=0.5288, max_abs=2.5231
Epoch 15/30 | Train Loss: 4.1229 (Fused: 2.3506) | Train C-index: 0.8905 | Val Fused: 0.6659 | Val CT: 0.6003 | Val PA: 0.6679
Feature stats | CT: mean=1.0120, std=1.0697, mean_l2=33.1962, median_l2=32.7507, mean_abs=1.0120, max_abs=8.5036 | PA: mean=0.5434, std=0.3777, mean_l2=14.9194, median_l2=15.0376, mean_abs=0.5434, max_abs=2.5197
Epoch 16/30 | Train Loss: 3.8901 (Fused: 2.2332) | Train C-index: 0.8916 | Val Fused: 0.6605 | Val CT: 0.5960 | Val PA: 0.6672
Feature stats | CT: mean=0.9262, std=0.9819, mean_l2=30.4403, median_l2=30.1107, mean_abs=0.9262, max_abs=8.5639 | PA: mean=0.5543, std=0.3780, mean_l2=15.1238, median_l2=15.2700, mean_abs=0.5543, max_abs=2.5201
Epoch 17/30 | Train Loss: 3.7960 (Fused: 2.1379) | Train C-index: 0.8975 | Val Fused: 0.6669 | Val CT: 0.6050 | Val PA: 0.6696
Feature stats | CT: mean=0.8737, std=0.9320, mean_l2=28.8014, median_l2=28.1321, mean_abs=0.8737, max_abs=8.6169 | PA: mean=0.5656, std=0.3811, mean_l2=15.3722, median_l2=15.5385, mean_abs=0.5656, max_abs=2.5802
Epoch 18/30 | Train Loss: 3.6474 (Fused: 2.0147) | Train C-index: 0.9119 | Val Fused: 0.6625 | Val CT: 0.6094 | Val PA: 0.6682
Feature stats | CT: mean=0.9152, std=0.9626, mean_l2=29.9670, median_l2=29.7029, mean_abs=0.9152, max_abs=8.5713 | PA: mean=0.5846, std=0.3945, mean_l2=15.8970, median_l2=16.0591, mean_abs=0.5846, max_abs=2.6540
Epoch 19/30 | Train Loss: 3.4847 (Fused: 1.8654) | Train C-index: 0.9186 | Val Fused: 0.6450 | Val CT: 0.6084 | Val PA: 0.6672
Feature stats | CT: mean=0.9676, std=1.0190, mean_l2=31.6437, median_l2=31.1343, mean_abs=0.9676, max_abs=9.0686 | PA: mean=0.6025, std=0.4077, mean_l2=16.3957, median_l2=16.5338, mean_abs=0.6025, max_abs=2.7174
Epoch 20/30 | Train Loss: 3.4391 (Fused: 1.8300) | Train C-index: 0.9086 | Val Fused: 0.6592 | Val CT: 0.6111 | Val PA: 0.6780
Feature stats | CT: mean=0.9840, std=1.0396, mean_l2=32.2441, median_l2=31.9116, mean_abs=0.9840, max_abs=9.2665 | PA: mean=0.6147, std=0.4118, mean_l2=16.6773, median_l2=16.8881, mean_abs=0.6147, max_abs=2.7246
Epoch 21/30 | Train Loss: 3.3054 (Fused: 1.7147) | Train C-index: 0.9424 | Val Fused: 0.6501 | Val CT: 0.6138 | Val PA: 0.6699
Feature stats | CT: mean=0.9394, std=0.9951, mean_l2=30.8419, median_l2=30.4194, mean_abs=0.9394, max_abs=8.9047 | PA: mean=0.6303, std=0.4165, mean_l2=17.0295, median_l2=17.2454, mean_abs=0.6303, max_abs=2.7621
Epoch 22/30 | Train Loss: 3.4826 (Fused: 1.8899) | Train C-index: 0.9332 | Val Fused: 0.6545 | Val CT: 0.6077 | Val PA: 0.6743
Feature stats | CT: mean=0.9609, std=1.0314, mean_l2=31.6839, median_l2=30.7913, mean_abs=0.9609, max_abs=9.4452 | PA: mean=0.6464, std=0.4237, mean_l2=17.4159, median_l2=17.6440, mean_abs=0.6464, max_abs=2.7940
Early stopping at epoch 22
Fold 4 best C-index: 0.6830

Extra survival metrics:
cutoff_from_train_median: -1.734603
n_test: 112
n_high_risk: 65
n_low_risk: 47
n_event_test: 38
logrank_stat: 7.654313
logrank_p: 0.005664
auc_36m: 0.764115
auc_60m: 0.678361
HR_high_vs_low: 2.669510
HR_95CI_lower: 1.294109
HR_95CI_upper: 5.506712
cox_p: 0.007864

==================================================
5-Fold CV Summary
==================================================
  C-index: 0.7337 +/- 0.0333
