Using Device: cuda | ROI: 64
PA: abmil | CT: resnet18 | Fusion: gated | Fusion dropout: 0.5 | Norm: none | CT/PA dropout: 0.0 | CT augmentation: disabled
LR: 0.0001 | CT Backbone LR: 1e-05
Loss: Fused Cox + 0.3*CT + 0.3*PA
CT pretrained: /home/gly001/cqj/pa_ct_surv/model/ct_pretrain/resnet_18_23dataset.pth
Checkpoints: /home/gly001/cqj/pa_ct_surv/checkpoints/pact_v4/pact/roi64_abmil_resnet18_gated_normnone_fusion_dropout0.5_epochs30_coxbs64_lr1e-4_blr1e-5_wd5e-4_lct0.3_lpa0.3_seed42
Results: /home/gly001/cqj/pa_ct_surv/results/pact_v4/pact/roi64_abmil_resnet18_gated_normnone_fusion_dropout0.5_epochs30_coxbs64_lr1e-4_blr1e-5_wd5e-4_lct0.3_lpa0.3_seed42
Loaded 703 paired samples
Locked split: train=562, test=141
Test set is not accessed during CV

==================================================
Fold 1/5
==================================================
[ResNetCox] Loaded pretrained from /home/gly001/cqj/pa_ct_surv/model/ct_pretrain/resnet_18_23dataset.pth
  Missing keys (ok): ['fc.weight', 'fc.bias']
Epoch 1/30 | Train Loss: 5.1963 (Fused: 3.2572) | Train C-index: 0.5322 | Val Fused: 0.6805 | Val CT: 0.4263 | Val PA: 0.7139
Feature stats | CT: mean=0.8612, std=0.8888, mean_l2=28.0002, median_l2=27.9723, mean_abs=0.8612, max_abs=6.8280 | PA: mean=0.2786, std=0.2211, mean_l2=8.0418, median_l2=8.0215, mean_abs=0.2786, max_abs=1.7691
Epoch 2/30 | Train Loss: 5.1326 (Fused: 3.2270) | Train C-index: 0.5451 | Val Fused: 0.7034 | Val CT: 0.5890 | Val PA: 0.7289
Feature stats | CT: mean=0.8323, std=0.8701, mean_l2=27.2393, median_l2=27.2195, mean_abs=0.8323, max_abs=6.5284 | PA: mean=0.2876, std=0.2339, mean_l2=8.3782, median_l2=8.3635, mean_abs=0.2876, max_abs=1.7650
Epoch 3/30 | Train Loss: 5.0227 (Fused: 3.1380) | Train C-index: 0.6359 | Val Fused: 0.7152 | Val CT: 0.6231 | Val PA: 0.7356
Feature stats | CT: mean=0.8014, std=0.8380, mean_l2=26.2308, median_l2=26.2505, mean_abs=0.8014, max_abs=6.0027 | PA: mean=0.3006, std=0.2487, mean_l2=8.8117, median_l2=8.7408, mean_abs=0.3006, max_abs=1.7454
Epoch 4/30 | Train Loss: 4.9503 (Fused: 3.0854) | Train C-index: 0.6764 | Val Fused: 0.7232 | Val CT: 0.6298 | Val PA: 0.7407
Feature stats | CT: mean=0.7606, std=0.7932, mean_l2=24.8592, median_l2=24.8212, mean_abs=0.7606, max_abs=5.5828 | PA: mean=0.3174, std=0.2654, mean_l2=9.3331, median_l2=9.2055, mean_abs=0.3174, max_abs=1.9213
Epoch 5/30 | Train Loss: 4.8615 (Fused: 3.0041) | Train C-index: 0.7182 | Val Fused: 0.7321 | Val CT: 0.6384 | Val PA: 0.7477
Feature stats | CT: mean=0.7292, std=0.7544, mean_l2=23.7294, median_l2=23.5298, mean_abs=0.7292, max_abs=5.1558 | PA: mean=0.3347, std=0.2804, mean_l2=9.8439, median_l2=9.6634, mean_abs=0.3347, max_abs=2.0151
Epoch 6/30 | Train Loss: 4.8071 (Fused: 2.9735) | Train C-index: 0.7289 | Val Fused: 0.7378 | Val CT: 0.6454 | Val PA: 0.7515
Feature stats | CT: mean=0.7275, std=0.7448, mean_l2=23.5279, median_l2=23.1867, mean_abs=0.7275, max_abs=4.9477 | PA: mean=0.3484, std=0.2916, mean_l2=10.2407, median_l2=10.0486, mean_abs=0.3484, max_abs=2.1028
Epoch 7/30 | Train Loss: 4.7606 (Fused: 2.9345) | Train C-index: 0.7450 | Val Fused: 0.7474 | Val CT: 0.6521 | Val PA: 0.7525
Feature stats | CT: mean=0.7669, std=0.7799, mean_l2=24.7024, median_l2=24.4874, mean_abs=0.7669, max_abs=4.8632 | PA: mean=0.3567, std=0.2980, mean_l2=10.4814, median_l2=10.3170, mean_abs=0.3567, max_abs=2.1520
Epoch 8/30 | Train Loss: 4.7484 (Fused: 2.9281) | Train C-index: 0.7429 | Val Fused: 0.7480 | Val CT: 0.6553 | Val PA: 0.7528
Feature stats | CT: mean=0.7566, std=0.7653, mean_l2=24.2902, median_l2=24.0711, mean_abs=0.7566, max_abs=4.8437 | PA: mean=0.3625, std=0.3024, mean_l2=10.6481, median_l2=10.5158, mean_abs=0.3625, max_abs=2.2651
Epoch 9/30 | Train Loss: 4.7052 (Fused: 2.9054) | Train C-index: 0.7583 | Val Fused: 0.7496 | Val CT: 0.6614 | Val PA: 0.7537
Feature stats | CT: mean=0.7155, std=0.7171, mean_l2=22.8594, median_l2=22.3633, mean_abs=0.7155, max_abs=4.7513 | PA: mean=0.3700, std=0.3105, mean_l2=10.8952, median_l2=10.7470, mean_abs=0.3700, max_abs=2.3210
Epoch 10/30 | Train Loss: 4.6720 (Fused: 2.8784) | Train C-index: 0.7678 | Val Fused: 0.7490 | Val CT: 0.6639 | Val PA: 0.7528
Feature stats | CT: mean=0.7111, std=0.7076, mean_l2=22.6451, median_l2=22.3113, mean_abs=0.7111, max_abs=4.6575 | PA: mean=0.3763, std=0.3157, mean_l2=11.0790, median_l2=10.9457, mean_abs=0.3763, max_abs=2.3163
Epoch 11/30 | Train Loss: 4.6259 (Fused: 2.8404) | Train C-index: 0.7739 | Val Fused: 0.7509 | Val CT: 0.6563 | Val PA: 0.7557
Feature stats | CT: mean=0.6758, std=0.6686, mean_l2=21.4765, median_l2=21.1704, mean_abs=0.6758, max_abs=4.3173 | PA: mean=0.3834, std=0.3215, mean_l2=11.2843, median_l2=11.1731, mean_abs=0.3834, max_abs=2.4137
Epoch 12/30 | Train Loss: 4.5622 (Fused: 2.7911) | Train C-index: 0.7834 | Val Fused: 0.7576 | Val CT: 0.6684 | Val PA: 0.7588
Feature stats | CT: mean=0.6664, std=0.6610, mean_l2=21.2087, median_l2=20.9668, mean_abs=0.6664, max_abs=4.0067 | PA: mean=0.3914, std=0.3268, mean_l2=11.5013, median_l2=11.4174, mean_abs=0.3914, max_abs=2.4734
Epoch 13/30 | Train Loss: 4.5093 (Fused: 2.7385) | Train C-index: 0.8015 | Val Fused: 0.7668 | Val CT: 0.6610 | Val PA: 0.7633
Feature stats | CT: mean=0.6508, std=0.6441, mean_l2=20.6869, median_l2=20.2479, mean_abs=0.6508, max_abs=3.8885 | PA: mean=0.4004, std=0.3337, mean_l2=11.7540, median_l2=11.6484, mean_abs=0.4004, max_abs=2.5921
Epoch 14/30 | Train Loss: 4.4839 (Fused: 2.7240) | Train C-index: 0.8101 | Val Fused: 0.7703 | Val CT: 0.6563 | Val PA: 0.7658
Feature stats | CT: mean=0.6518, std=0.6417, mean_l2=20.6686, median_l2=20.5754, mean_abs=0.6518, max_abs=4.0064 | PA: mean=0.4088, std=0.3393, mean_l2=11.9771, median_l2=11.8648, mean_abs=0.4088, max_abs=2.7093
Epoch 15/30 | Train Loss: 4.3016 (Fused: 2.5878) | Train C-index: 0.8220 | Val Fused: 0.7719 | Val CT: 0.6700 | Val PA: 0.7703
Feature stats | CT: mean=0.6542, std=0.6417, mean_l2=20.6818, median_l2=20.3302, mean_abs=0.6542, max_abs=3.9805 | PA: mean=0.4159, std=0.3438, mean_l2=12.1654, median_l2=12.0288, mean_abs=0.4159, max_abs=2.8137
Epoch 16/30 | Train Loss: 4.3803 (Fused: 2.6482) | Train C-index: 0.8241 | Val Fused: 0.7716 | Val CT: 0.6579 | Val PA: 0.7700
Feature stats | CT: mean=0.6596, std=0.6462, mean_l2=20.8142, median_l2=20.3533, mean_abs=0.6596, max_abs=4.3160 | PA: mean=0.4244, std=0.3517, mean_l2=12.4254, median_l2=12.2945, mean_abs=0.4244, max_abs=2.9281
Epoch 17/30 | Train Loss: 4.3232 (Fused: 2.6046) | Train C-index: 0.8301 | Val Fused: 0.7525 | Val CT: 0.6107 | Val PA: 0.7665
Feature stats | CT: mean=0.6274, std=0.6091, mean_l2=19.7597, median_l2=19.5311, mean_abs=0.6274, max_abs=3.8206 | PA: mean=0.4336, std=0.3612, mean_l2=12.7206, median_l2=12.5980, mean_abs=0.4336, max_abs=3.0177
Epoch 18/30 | Train Loss: 4.1876 (Fused: 2.4901) | Train C-index: 0.8453 | Val Fused: 0.7827 | Val CT: 0.6719 | Val PA: 0.7789
Feature stats | CT: mean=0.6119, std=0.5891, mean_l2=19.2051, median_l2=19.0615, mean_abs=0.6119, max_abs=3.7632 | PA: mean=0.4393, std=0.3609, mean_l2=12.8220, median_l2=12.7257, mean_abs=0.4393, max_abs=2.9755
Epoch 19/30 | Train Loss: 4.2098 (Fused: 2.5188) | Train C-index: 0.8491 | Val Fused: 0.7805 | Val CT: 0.6652 | Val PA: 0.7780
Feature stats | CT: mean=0.6218, std=0.6013, mean_l2=19.5289, median_l2=19.0039, mean_abs=0.6218, max_abs=3.7274 | PA: mean=0.4432, std=0.3574, mean_l2=12.8409, median_l2=12.7357, mean_abs=0.4432, max_abs=2.8169
Epoch 20/30 | Train Loss: 4.0303 (Fused: 2.3617) | Train C-index: 0.8746 | Val Fused: 0.7735 | Val CT: 0.6442 | Val PA: 0.7703
Feature stats | CT: mean=0.6369, std=0.6262, mean_l2=20.1632, median_l2=20.0035, mean_abs=0.6369, max_abs=3.9198 | PA: mean=0.4468, std=0.3590, mean_l2=12.9185, median_l2=12.7280, mean_abs=0.4468, max_abs=2.7060
Epoch 21/30 | Train Loss: 4.0783 (Fused: 2.3989) | Train C-index: 0.8740 | Val Fused: 0.7773 | Val CT: 0.6754 | Val PA: 0.7760
Feature stats | CT: mean=0.6245, std=0.6163, mean_l2=19.8113, median_l2=19.7575, mean_abs=0.6245, max_abs=3.6287 | PA: mean=0.4446, std=0.3554, mean_l2=12.8367, median_l2=12.7063, mean_abs=0.4446, max_abs=2.6496
Epoch 22/30 | Train Loss: 3.9516 (Fused: 2.3044) | Train C-index: 0.8793 | Val Fused: 0.7789 | Val CT: 0.6766 | Val PA: 0.7808
Feature stats | CT: mean=0.5827, std=0.5708, mean_l2=18.4392, median_l2=18.1262, mean_abs=0.5827, max_abs=3.8188 | PA: mean=0.4465, std=0.3537, mean_l2=12.8466, median_l2=12.7199, mean_abs=0.4465, max_abs=2.6249
Epoch 23/30 | Train Loss: 3.8318 (Fused: 2.1952) | Train C-index: 0.8919 | Val Fused: 0.7579 | Val CT: 0.6693 | Val PA: 0.7639
Feature stats | CT: mean=0.5719, std=0.5548, mean_l2=18.0178, median_l2=17.8057, mean_abs=0.5719, max_abs=3.7082 | PA: mean=0.4478, std=0.3512, mean_l2=12.8356, median_l2=12.6990, mean_abs=0.4478, max_abs=2.6716
Epoch 24/30 | Train Loss: 3.8130 (Fused: 2.1820) | Train C-index: 0.8988 | Val Fused: 0.7617 | Val CT: 0.6598 | Val PA: 0.7764
Feature stats | CT: mean=0.5672, std=0.5407, mean_l2=17.7192, median_l2=17.5341, mean_abs=0.5672, max_abs=3.5956 | PA: mean=0.4502, std=0.3527, mean_l2=12.8929, median_l2=12.7272, mean_abs=0.4502, max_abs=2.7284
Epoch 25/30 | Train Loss: 3.6714 (Fused: 2.0756) | Train C-index: 0.8972 | Val Fused: 0.7515 | Val CT: 0.6805 | Val PA: 0.7703
Feature stats | CT: mean=0.5653, std=0.5349, mean_l2=17.5924, median_l2=17.3120, mean_abs=0.5653, max_abs=3.5697 | PA: mean=0.4504, std=0.3564, mean_l2=12.9529, median_l2=12.8408, mean_abs=0.4504, max_abs=2.7213
Epoch 26/30 | Train Loss: 3.6339 (Fused: 2.0431) | Train C-index: 0.9110 | Val Fused: 0.7617 | Val CT: 0.6518 | Val PA: 0.7706
Feature stats | CT: mean=0.5574, std=0.5281, mean_l2=17.3613, median_l2=17.1985, mean_abs=0.5574, max_abs=3.4367 | PA: mean=0.4556, std=0.3625, mean_l2=13.1180, median_l2=12.9293, mean_abs=0.4556, max_abs=2.8135
Epoch 27/30 | Train Loss: 3.5349 (Fused: 1.9776) | Train C-index: 0.9126 | Val Fused: 0.7385 | Val CT: 0.6706 | Val PA: 0.7576
Feature stats | CT: mean=0.5582, std=0.5341, mean_l2=17.4592, median_l2=17.2863, mean_abs=0.5582, max_abs=3.5327 | PA: mean=0.4580, std=0.3699, mean_l2=13.2554, median_l2=12.9880, mean_abs=0.4580, max_abs=2.9673
Epoch 28/30 | Train Loss: 3.5473 (Fused: 1.9843) | Train C-index: 0.9232 | Val Fused: 0.7451 | Val CT: 0.6547 | Val PA: 0.7630
Feature stats | CT: mean=0.5429, std=0.5138, mean_l2=16.9032, median_l2=16.7212, mean_abs=0.5429, max_abs=3.3133 | PA: mean=0.4563, std=0.3689, mean_l2=13.2240, median_l2=13.0884, mean_abs=0.4563, max_abs=2.7373
Early stopping at epoch 28
Fold 0 best C-index: 0.7827

Extra survival metrics:
cutoff_from_train_median: -1.619164
n_test: 113
n_high_risk: 55
n_low_risk: 58
n_event_test: 38
logrank_stat: 35.691745
logrank_p: 0.000000
auc_36m: 0.810143
auc_60m: 0.821891
HR_high_vs_low: 10.295775
HR_95CI_lower: 4.005623
HR_95CI_upper: 26.463546
cox_p: 0.000001

==================================================
Fold 2/5
==================================================
[ResNetCox] Loaded pretrained from /home/gly001/cqj/pa_ct_surv/model/ct_pretrain/resnet_18_23dataset.pth
  Missing keys (ok): ['fc.weight', 'fc.bias']
Epoch 1/30 | Train Loss: 5.2491 (Fused: 3.3151) | Train C-index: 0.4730 | Val Fused: 0.6882 | Val CT: 0.4122 | Val PA: 0.7135
Feature stats | CT: mean=0.8484, std=0.8704, mean_l2=27.4997, median_l2=27.4628, mean_abs=0.8484, max_abs=6.5770 | PA: mean=0.2774, std=0.2214, mean_l2=8.0248, median_l2=7.9873, mean_abs=0.2774, max_abs=1.8231
Epoch 2/30 | Train Loss: 5.1363 (Fused: 3.2208) | Train C-index: 0.5500 | Val Fused: 0.7366 | Val CT: 0.5555 | Val PA: 0.7428
Feature stats | CT: mean=0.8111, std=0.8367, mean_l2=26.3649, median_l2=26.3495, mean_abs=0.8111, max_abs=6.0787 | PA: mean=0.2852, std=0.2356, mean_l2=8.3596, median_l2=8.3088, mean_abs=0.2852, max_abs=1.9589
Epoch 3/30 | Train Loss: 5.0921 (Fused: 3.1876) | Train C-index: 0.6203 | Val Fused: 0.7527 | Val CT: 0.6157 | Val PA: 0.7570
Feature stats | CT: mean=0.7753, std=0.7983, mean_l2=25.1771, median_l2=25.1873, mean_abs=0.7753, max_abs=5.2232 | PA: mean=0.2964, std=0.2512, mean_l2=8.7743, median_l2=8.7356, mean_abs=0.2964, max_abs=2.0075
Epoch 4/30 | Train Loss: 5.0645 (Fused: 3.1753) | Train C-index: 0.6448 | Val Fused: 0.7609 | Val CT: 0.6368 | Val PA: 0.7550
Feature stats | CT: mean=0.7455, std=0.7692, mean_l2=24.2350, median_l2=24.2143, mean_abs=0.7455, max_abs=4.6171 | PA: mean=0.3098, std=0.2657, mean_l2=9.2104, median_l2=9.1025, mean_abs=0.3098, max_abs=2.0717
Epoch 5/30 | Train Loss: 4.8970 (Fused: 3.0249) | Train C-index: 0.7218 | Val Fused: 0.7633 | Val CT: 0.6441 | Val PA: 0.7606
Feature stats | CT: mean=0.7161, std=0.7318, mean_l2=23.1606, median_l2=23.1281, mean_abs=0.7161, max_abs=4.2402 | PA: mean=0.3250, std=0.2803, mean_l2=9.6777, median_l2=9.5599, mean_abs=0.3250, max_abs=2.1788
Epoch 6/30 | Train Loss: 4.8840 (Fused: 3.0182) | Train C-index: 0.7321 | Val Fused: 0.7649 | Val CT: 0.6579 | Val PA: 0.7557
Feature stats | CT: mean=0.6983, std=0.7053, mean_l2=22.4494, median_l2=22.2257, mean_abs=0.6983, max_abs=4.1267 | PA: mean=0.3382, std=0.2907, mean_l2=10.0526, median_l2=9.8979, mean_abs=0.3382, max_abs=2.4160
Epoch 7/30 | Train Loss: 4.8300 (Fused: 2.9913) | Train C-index: 0.7227 | Val Fused: 0.7623 | Val CT: 0.6651 | Val PA: 0.7524
Feature stats | CT: mean=0.7031, std=0.7043, mean_l2=22.4991, median_l2=22.1779, mean_abs=0.7031, max_abs=4.2136 | PA: mean=0.3472, std=0.2941, mean_l2=10.2589, median_l2=10.0696, mean_abs=0.3472, max_abs=2.4464
Epoch 8/30 | Train Loss: 4.8436 (Fused: 3.0047) | Train C-index: 0.7260 | Val Fused: 0.7586 | Val CT: 0.6671 | Val PA: 0.7537
Feature stats | CT: mean=0.6967, std=0.6934, mean_l2=22.2146, median_l2=21.9239, mean_abs=0.6967, max_abs=4.1499 | PA: mean=0.3564, std=0.2970, mean_l2=10.4625, median_l2=10.2917, mean_abs=0.3564, max_abs=2.4389
Epoch 9/30 | Train Loss: 4.7523 (Fused: 2.9236) | Train C-index: 0.7599 | Val Fused: 0.7603 | Val CT: 0.6691 | Val PA: 0.7537
Feature stats | CT: mean=0.6731, std=0.6611, mean_l2=21.3303, median_l2=21.0084, mean_abs=0.6731, max_abs=3.8146 | PA: mean=0.3669, std=0.3043, mean_l2=10.7488, median_l2=10.5921, mean_abs=0.3669, max_abs=2.4310
Epoch 10/30 | Train Loss: 4.6992 (Fused: 2.8882) | Train C-index: 0.7634 | Val Fused: 0.7619 | Val CT: 0.6740 | Val PA: 0.7560
Feature stats | CT: mean=0.6632, std=0.6431, mean_l2=20.8884, median_l2=20.5549, mean_abs=0.6632, max_abs=3.7331 | PA: mean=0.3775, std=0.3143, mean_l2=11.0756, median_l2=10.9005, mean_abs=0.3775, max_abs=2.4868
Epoch 11/30 | Train Loss: 4.6924 (Fused: 2.8879) | Train C-index: 0.7653 | Val Fused: 0.7629 | Val CT: 0.6836 | Val PA: 0.7544
Feature stats | CT: mean=0.6668, std=0.6449, mean_l2=20.9698, median_l2=20.7762, mean_abs=0.6668, max_abs=4.0189 | PA: mean=0.3877, std=0.3247, mean_l2=11.4006, median_l2=11.2031, mean_abs=0.3877, max_abs=2.5452
Epoch 12/30 | Train Loss: 4.5930 (Fused: 2.8078) | Train C-index: 0.7857 | Val Fused: 0.7596 | Val CT: 0.6849 | Val PA: 0.7540
Feature stats | CT: mean=0.6669, std=0.6456, mean_l2=20.9743, median_l2=20.8533, mean_abs=0.6669, max_abs=4.2035 | PA: mean=0.3960, std=0.3310, mean_l2=11.6376, median_l2=11.4858, mean_abs=0.3960, max_abs=2.6930
Epoch 13/30 | Train Loss: 4.5550 (Fused: 2.7855) | Train C-index: 0.7907 | Val Fused: 0.7524 | Val CT: 0.6855 | Val PA: 0.7511
Feature stats | CT: mean=0.6595, std=0.6342, mean_l2=20.6709, median_l2=20.4168, mean_abs=0.6595, max_abs=4.2784 | PA: mean=0.4047, std=0.3352, mean_l2=11.8522, median_l2=11.7078, mean_abs=0.4047, max_abs=2.7396
Epoch 14/30 | Train Loss: 4.4395 (Fused: 2.6896) | Train C-index: 0.8068 | Val Fused: 0.7567 | Val CT: 0.6872 | Val PA: 0.7580
Feature stats | CT: mean=0.6403, std=0.6142, mean_l2=20.0468, median_l2=19.5722, mean_abs=0.6403, max_abs=4.2887 | PA: mean=0.4127, std=0.3397, mean_l2=12.0537, median_l2=11.9284, mean_abs=0.4127, max_abs=2.7280
Epoch 15/30 | Train Loss: 4.4739 (Fused: 2.7284) | Train C-index: 0.8138 | Val Fused: 0.7537 | Val CT: 0.6898 | Val PA: 0.7577
Feature stats | CT: mean=0.6341, std=0.6025, mean_l2=19.7665, median_l2=19.4024, mean_abs=0.6341, max_abs=3.7463 | PA: mean=0.4237, std=0.3479, mean_l2=12.3586, median_l2=12.2160, mean_abs=0.4237, max_abs=2.6587
Epoch 16/30 | Train Loss: 4.3296 (Fused: 2.6003) | Train C-index: 0.8277 | Val Fused: 0.7458 | Val CT: 0.6934 | Val PA: 0.7511
Feature stats | CT: mean=0.6328, std=0.6028, mean_l2=19.7412, median_l2=19.4941, mean_abs=0.6328, max_abs=3.5981 | PA: mean=0.4333, std=0.3529, mean_l2=12.6013, median_l2=12.4993, mean_abs=0.4333, max_abs=2.6745
Early stopping at epoch 16
Fold 1 best C-index: 0.7649

Extra survival metrics:
cutoff_from_train_median: -0.556746
n_test: 113
n_high_risk: 56
n_low_risk: 57
n_event_test: 39
logrank_stat: 32.987751
logrank_p: 0.000000
auc_36m: 0.782450
auc_60m: 0.799739
HR_high_vs_low: 11.212599
HR_95CI_lower: 3.977105
HR_95CI_upper: 31.611533
cox_p: 0.000005

==================================================
Fold 3/5
==================================================
[ResNetCox] Loaded pretrained from /home/gly001/cqj/pa_ct_surv/model/ct_pretrain/resnet_18_23dataset.pth
  Missing keys (ok): ['fc.weight', 'fc.bias']
Epoch 1/30 | Train Loss: 5.2704 (Fused: 3.3175) | Train C-index: 0.5104 | Val Fused: 0.7024 | Val CT: 0.5115 | Val PA: 0.6715
Feature stats | CT: mean=0.8367, std=0.8585, mean_l2=27.1173, median_l2=27.0903, mean_abs=0.8367, max_abs=6.5760 | PA: mean=0.2775, std=0.2206, mean_l2=8.0158, median_l2=7.9847, mean_abs=0.2775, max_abs=1.8175
Epoch 2/30 | Train Loss: 5.3236 (Fused: 3.3574) | Train C-index: 0.5709 | Val Fused: 0.7041 | Val CT: 0.6685 | Val PA: 0.6786
Feature stats | CT: mean=0.7897, std=0.8133, mean_l2=25.6494, median_l2=25.6063, mean_abs=0.7897, max_abs=5.4885 | PA: mean=0.2845, std=0.2307, mean_l2=8.2771, median_l2=8.2225, mean_abs=0.2845, max_abs=1.8691
Epoch 3/30 | Train Loss: 5.0974 (Fused: 3.1761) | Train C-index: 0.6744 | Val Fused: 0.6959 | Val CT: 0.6925 | Val PA: 0.6824
Feature stats | CT: mean=0.7997, std=0.8176, mean_l2=25.8766, median_l2=25.8116, mean_abs=0.7997, max_abs=5.1271 | PA: mean=0.2965, std=0.2446, mean_l2=8.6791, median_l2=8.5975, mean_abs=0.2965, max_abs=1.9629
Epoch 4/30 | Train Loss: 4.9313 (Fused: 3.0615) | Train C-index: 0.7027 | Val Fused: 0.6990 | Val CT: 0.6919 | Val PA: 0.6851
Feature stats | CT: mean=0.7973, std=0.8088, mean_l2=25.6939, median_l2=25.6942, mean_abs=0.7973, max_abs=4.9940 | PA: mean=0.3129, std=0.2634, mean_l2=9.2221, median_l2=9.0510, mean_abs=0.3129, max_abs=2.0893
Epoch 5/30 | Train Loss: 4.9148 (Fused: 3.0157) | Train C-index: 0.7283 | Val Fused: 0.7031 | Val CT: 0.6976 | Val PA: 0.6892
Feature stats | CT: mean=0.7608, std=0.7678, mean_l2=24.4512, median_l2=24.4369, mean_abs=0.7608, max_abs=4.5314 | PA: mean=0.3319, std=0.2830, mean_l2=9.8244, median_l2=9.5751, mean_abs=0.3319, max_abs=2.2859
Epoch 6/30 | Train Loss: 4.8436 (Fused: 2.9904) | Train C-index: 0.7369 | Val Fused: 0.7044 | Val CT: 0.6986 | Val PA: 0.6929
Feature stats | CT: mean=0.7323, std=0.7323, mean_l2=23.4262, median_l2=23.3065, mean_abs=0.7323, max_abs=4.3638 | PA: mean=0.3486, std=0.2986, mean_l2=10.3306, median_l2=10.0232, mean_abs=0.3486, max_abs=2.3845
Epoch 7/30 | Train Loss: 4.8150 (Fused: 2.9725) | Train C-index: 0.7443 | Val Fused: 0.7081 | Val CT: 0.6966 | Val PA: 0.6966
Feature stats | CT: mean=0.7295, std=0.7270, mean_l2=23.2974, median_l2=23.1806, mean_abs=0.7295, max_abs=4.2378 | PA: mean=0.3584, std=0.3065, mean_l2=10.6173, median_l2=10.2705, mean_abs=0.3584, max_abs=2.4345
Epoch 8/30 | Train Loss: 4.8231 (Fused: 2.9714) | Train C-index: 0.7455 | Val Fused: 0.7169 | Val CT: 0.6980 | Val PA: 0.6976
Feature stats | CT: mean=0.7188, std=0.7184, mean_l2=22.9843, median_l2=22.8830, mean_abs=0.7188, max_abs=4.3841 | PA: mean=0.3640, std=0.3109, mean_l2=10.7862, median_l2=10.5151, mean_abs=0.3640, max_abs=2.4134
Epoch 9/30 | Train Loss: 4.7719 (Fused: 2.9365) | Train C-index: 0.7554 | Val Fused: 0.7200 | Val CT: 0.6956 | Val PA: 0.7058
Feature stats | CT: mean=0.7028, std=0.7018, mean_l2=22.4584, median_l2=22.1681, mean_abs=0.7028, max_abs=4.5432 | PA: mean=0.3712, std=0.3170, mean_l2=11.0001, median_l2=10.7329, mean_abs=0.3712, max_abs=2.4161
Epoch 10/30 | Train Loss: 4.6926 (Fused: 2.8942) | Train C-index: 0.7622 | Val Fused: 0.7261 | Val CT: 0.6912 | Val PA: 0.7119
Feature stats | CT: mean=0.7266, std=0.7239, mean_l2=23.1716, median_l2=22.8647, mean_abs=0.7266, max_abs=5.0536 | PA: mean=0.3784, std=0.3226, mean_l2=11.2084, median_l2=10.9653, mean_abs=0.3784, max_abs=2.4092
Epoch 11/30 | Train Loss: 4.6543 (Fused: 2.8485) | Train C-index: 0.7782 | Val Fused: 0.7281 | Val CT: 0.6827 | Val PA: 0.7139
Feature stats | CT: mean=0.7276, std=0.7164, mean_l2=23.0522, median_l2=22.6936, mean_abs=0.7276, max_abs=5.0266 | PA: mean=0.3868, std=0.3295, mean_l2=11.4509, median_l2=11.1676, mean_abs=0.3868, max_abs=2.4847
Epoch 12/30 | Train Loss: 4.5776 (Fused: 2.8013) | Train C-index: 0.7921 | Val Fused: 0.7193 | Val CT: 0.6627 | Val PA: 0.7176
Feature stats | CT: mean=0.6912, std=0.6703, mean_l2=21.7400, median_l2=21.3010, mean_abs=0.6912, max_abs=4.5263 | PA: mean=0.3966, std=0.3382, mean_l2=11.7351, median_l2=11.3834, mean_abs=0.3966, max_abs=2.6711
Epoch 13/30 | Train Loss: 4.5497 (Fused: 2.7660) | Train C-index: 0.8053 | Val Fused: 0.7190 | Val CT: 0.6254 | Val PA: 0.7190
Feature stats | CT: mean=0.6883, std=0.6618, mean_l2=21.5682, median_l2=21.4349, mean_abs=0.6883, max_abs=4.1478 | PA: mean=0.4038, std=0.3405, mean_l2=11.8951, median_l2=11.5705, mean_abs=0.4038, max_abs=2.7051
Epoch 14/30 | Train Loss: 4.4808 (Fused: 2.7109) | Train C-index: 0.8129 | Val Fused: 0.7132 | Val CT: 0.6678 | Val PA: 0.7173
Feature stats | CT: mean=0.6891, std=0.6612, mean_l2=21.5492, median_l2=21.3153, mean_abs=0.6891, max_abs=4.1023 | PA: mean=0.4093, std=0.3417, mean_l2=12.0079, median_l2=11.6959, mean_abs=0.4093, max_abs=2.7954
Epoch 15/30 | Train Loss: 4.5240 (Fused: 2.7499) | Train C-index: 0.8159 | Val Fused: 0.7153 | Val CT: 0.6522 | Val PA: 0.7197
Feature stats | CT: mean=0.6440, std=0.6124, mean_l2=20.0711, median_l2=19.6514, mean_abs=0.6440, max_abs=3.9702 | PA: mean=0.4160, std=0.3420, mean_l2=12.1305, median_l2=11.8317, mean_abs=0.4160, max_abs=2.8488
Epoch 16/30 | Train Loss: 4.3191 (Fused: 2.5956) | Train C-index: 0.8312 | Val Fused: 0.7169 | Val CT: 0.6695 | Val PA: 0.7227
Feature stats | CT: mean=0.6415, std=0.6079, mean_l2=19.9620, median_l2=19.6663, mean_abs=0.6415, max_abs=3.8170 | PA: mean=0.4237, std=0.3411, mean_l2=12.2579, median_l2=11.9727, mean_abs=0.4237, max_abs=2.7328
Epoch 17/30 | Train Loss: 4.2856 (Fused: 2.5678) | Train C-index: 0.8367 | Val Fused: 0.7136 | Val CT: 0.6610 | Val PA: 0.7234
Feature stats | CT: mean=0.6335, std=0.5971, mean_l2=19.6561, median_l2=19.1243, mean_abs=0.6335, max_abs=3.7993 | PA: mean=0.4317, std=0.3464, mean_l2=12.4677, median_l2=12.1697, mean_abs=0.4317, max_abs=2.8166
Epoch 18/30 | Train Loss: 4.3287 (Fused: 2.5973) | Train C-index: 0.8433 | Val Fused: 0.7125 | Val CT: 0.6498 | Val PA: 0.7231
Feature stats | CT: mean=0.6181, std=0.5799, mean_l2=19.1558, median_l2=18.7842, mean_abs=0.6181, max_abs=3.7665 | PA: mean=0.4371, std=0.3470, mean_l2=12.5750, median_l2=12.3115, mean_abs=0.4371, max_abs=2.8287
Epoch 19/30 | Train Loss: 4.1631 (Fused: 2.4691) | Train C-index: 0.8614 | Val Fused: 0.7214 | Val CT: 0.6573 | Val PA: 0.7258
Feature stats | CT: mean=0.6354, std=0.6014, mean_l2=19.7491, median_l2=19.4517, mean_abs=0.6354, max_abs=4.0381 | PA: mean=0.4419, std=0.3475, mean_l2=12.6746, median_l2=12.4485, mean_abs=0.4419, max_abs=2.8309
Epoch 20/30 | Train Loss: 4.0652 (Fused: 2.3877) | Train C-index: 0.8689 | Val Fused: 0.7207 | Val CT: 0.6512 | Val PA: 0.7302
Feature stats | CT: mean=0.6249, std=0.5914, mean_l2=19.4251, median_l2=19.0644, mean_abs=0.6249, max_abs=4.0548 | PA: mean=0.4491, std=0.3554, mean_l2=12.9067, median_l2=12.6258, mean_abs=0.4491, max_abs=2.9364
Epoch 21/30 | Train Loss: 4.0140 (Fused: 2.3344) | Train C-index: 0.8767 | Val Fused: 0.7197 | Val CT: 0.6580 | Val PA: 0.7254
Feature stats | CT: mean=0.6019, std=0.5668, mean_l2=18.6865, median_l2=18.5171, mean_abs=0.6019, max_abs=3.8322 | PA: mean=0.4521, std=0.3571, mean_l2=12.9829, median_l2=12.7140, mean_abs=0.4521, max_abs=2.9272
Early stopping at epoch 21
Fold 2 best C-index: 0.7281

Extra survival metrics:
cutoff_from_train_median: -1.091418
n_test: 112
n_high_risk: 62
n_low_risk: 50
n_event_test: 38
logrank_stat: 19.788620
logrank_p: 0.000009
auc_36m: 0.747863
auc_60m: 0.750245
HR_high_vs_low: 6.451347
HR_95CI_lower: 2.512691
HR_95CI_upper: 16.563864
cox_p: 0.000107

==================================================
Fold 4/5
==================================================
[ResNetCox] Loaded pretrained from /home/gly001/cqj/pa_ct_surv/model/ct_pretrain/resnet_18_23dataset.pth
  Missing keys (ok): ['fc.weight', 'fc.bias']
Epoch 1/30 | Train Loss: 5.3584 (Fused: 3.3575) | Train C-index: 0.5327 | Val Fused: 0.7230 | Val CT: 0.4828 | Val PA: 0.6968
Feature stats | CT: mean=0.8714, std=0.8922, mean_l2=28.2173, median_l2=28.1866, mean_abs=0.8714, max_abs=6.7152 | PA: mean=0.2769, std=0.2202, mean_l2=7.9983, median_l2=7.9696, mean_abs=0.2769, max_abs=1.7749
Epoch 2/30 | Train Loss: 5.2376 (Fused: 3.2707) | Train C-index: 0.5801 | Val Fused: 0.7233 | Val CT: 0.6203 | Val PA: 0.7137
Feature stats | CT: mean=0.8690, std=0.8934, mean_l2=28.1973, median_l2=28.1768, mean_abs=0.8690, max_abs=6.5954 | PA: mean=0.2825, std=0.2285, mean_l2=8.2129, median_l2=8.1713, mean_abs=0.2825, max_abs=1.8976
Epoch 3/30 | Train Loss: 5.2507 (Fused: 3.3004) | Train C-index: 0.6136 | Val Fused: 0.7200 | Val CT: 0.6488 | Val PA: 0.7127
Feature stats | CT: mean=0.8481, std=0.8659, mean_l2=27.4215, median_l2=27.3751, mean_abs=0.8481, max_abs=6.1843 | PA: mean=0.2937, std=0.2407, mean_l2=8.5782, median_l2=8.5166, mean_abs=0.2937, max_abs=1.9752
Epoch 4/30 | Train Loss: 5.0815 (Fused: 3.1622) | Train C-index: 0.6711 | Val Fused: 0.7194 | Val CT: 0.6574 | Val PA: 0.7134
Feature stats | CT: mean=0.8484, std=0.8525, mean_l2=27.2014, median_l2=27.1348, mean_abs=0.8484, max_abs=6.0603 | PA: mean=0.3058, std=0.2536, mean_l2=8.9667, median_l2=8.8774, mean_abs=0.3058, max_abs=2.1193
Epoch 5/30 | Train Loss: 5.0331 (Fused: 3.1113) | Train C-index: 0.7050 | Val Fused: 0.7190 | Val CT: 0.6643 | Val PA: 0.7144
Feature stats | CT: mean=0.7951, std=0.7955, mean_l2=25.4235, median_l2=25.3497, mean_abs=0.7951, max_abs=5.5910 | PA: mean=0.3204, std=0.2677, mean_l2=9.4189, median_l2=9.3173, mean_abs=0.3204, max_abs=2.1936
Epoch 6/30 | Train Loss: 4.9503 (Fused: 3.0696) | Train C-index: 0.7262 | Val Fused: 0.7213 | Val CT: 0.6670 | Val PA: 0.7184
Feature stats | CT: mean=0.7361, std=0.7344, mean_l2=23.5058, median_l2=23.2463, mean_abs=0.7361, max_abs=5.0408 | PA: mean=0.3347, std=0.2820, mean_l2=9.8717, median_l2=9.7050, mean_abs=0.3347, max_abs=2.2074
Epoch 7/30 | Train Loss: 4.7919 (Fused: 2.9606) | Train C-index: 0.7376 | Val Fused: 0.7293 | Val CT: 0.6663 | Val PA: 0.7174
Feature stats | CT: mean=0.7158, std=0.7139, mean_l2=22.8515, median_l2=22.5393, mean_abs=0.7158, max_abs=4.6879 | PA: mean=0.3466, std=0.2923, mean_l2=10.2300, median_l2=10.1012, mean_abs=0.3466, max_abs=2.2515
Epoch 8/30 | Train Loss: 4.7618 (Fused: 2.9379) | Train C-index: 0.7491 | Val Fused: 0.7303 | Val CT: 0.6673 | Val PA: 0.7187
Feature stats | CT: mean=0.7110, std=0.7071, mean_l2=22.6639, median_l2=22.4419, mean_abs=0.7110, max_abs=4.3451 | PA: mean=0.3575, std=0.3021, mean_l2=10.5612, median_l2=10.4638, mean_abs=0.3575, max_abs=2.3968
Epoch 9/30 | Train Loss: 4.7871 (Fused: 2.9472) | Train C-index: 0.7586 | Val Fused: 0.7319 | Val CT: 0.6667 | Val PA: 0.7213
Feature stats | CT: mean=0.6934, std=0.6878, mean_l2=22.0654, median_l2=21.6584, mean_abs=0.6934, max_abs=4.3769 | PA: mean=0.3666, std=0.3105, mean_l2=10.8432, median_l2=10.7751, mean_abs=0.3666, max_abs=2.4854
Epoch 10/30 | Train Loss: 4.8570 (Fused: 3.0189) | Train C-index: 0.7597 | Val Fused: 0.7382 | Val CT: 0.6683 | Val PA: 0.7240
Feature stats | CT: mean=0.6917, std=0.6863, mean_l2=22.0012, median_l2=21.4220, mean_abs=0.6917, max_abs=4.6371 | PA: mean=0.3731, std=0.3164, mean_l2=11.0413, median_l2=10.9560, mean_abs=0.3731, max_abs=2.5231
Epoch 11/30 | Train Loss: 4.6204 (Fused: 2.8409) | Train C-index: 0.7701 | Val Fused: 0.7449 | Val CT: 0.6700 | Val PA: 0.7247
Feature stats | CT: mean=0.7045, std=0.6954, mean_l2=22.3197, median_l2=21.6051, mean_abs=0.7045, max_abs=4.5430 | PA: mean=0.3812, std=0.3254, mean_l2=11.3084, median_l2=11.2269, mean_abs=0.3812, max_abs=2.5229
Epoch 12/30 | Train Loss: 4.6216 (Fused: 2.8420) | Train C-index: 0.7847 | Val Fused: 0.7376 | Val CT: 0.6743 | Val PA: 0.7230
Feature stats | CT: mean=0.6970, std=0.6799, mean_l2=21.9490, median_l2=21.1794, mean_abs=0.6970, max_abs=4.2840 | PA: mean=0.3895, std=0.3333, mean_l2=11.5671, median_l2=11.4731, mean_abs=0.3895, max_abs=2.5056
Epoch 13/30 | Train Loss: 4.5833 (Fused: 2.7796) | Train C-index: 0.8005 | Val Fused: 0.7419 | Val CT: 0.6763 | Val PA: 0.7250
Feature stats | CT: mean=0.6998, std=0.6790, mean_l2=21.9966, median_l2=21.5138, mean_abs=0.6998, max_abs=4.1389 | PA: mean=0.3946, std=0.3363, mean_l2=11.6981, median_l2=11.6080, mean_abs=0.3946, max_abs=2.4964
Epoch 14/30 | Train Loss: 4.5105 (Fused: 2.7504) | Train C-index: 0.8006 | Val Fused: 0.7425 | Val CT: 0.6683 | Val PA: 0.7256
Feature stats | CT: mean=0.6590, std=0.6336, mean_l2=20.6543, median_l2=20.3362, mean_abs=0.6590, max_abs=3.8070 | PA: mean=0.4007, std=0.3421, mean_l2=11.8837, median_l2=11.8083, mean_abs=0.4007, max_abs=2.5759
Epoch 15/30 | Train Loss: 4.4774 (Fused: 2.7283) | Train C-index: 0.8044 | Val Fused: 0.7416 | Val CT: 0.6740 | Val PA: 0.7240
Feature stats | CT: mean=0.6930, std=0.6712, mean_l2=21.7739, median_l2=21.5595, mean_abs=0.6930, max_abs=3.9934 | PA: mean=0.4076, std=0.3464, mean_l2=12.0643, median_l2=11.9591, mean_abs=0.4076, max_abs=2.7218
Epoch 16/30 | Train Loss: 4.4551 (Fused: 2.7102) | Train C-index: 0.8088 | Val Fused: 0.7379 | Val CT: 0.6759 | Val PA: 0.7237
Feature stats | CT: mean=0.6680, std=0.6465, mean_l2=20.9810, median_l2=20.4990, mean_abs=0.6680, max_abs=3.9509 | PA: mean=0.4146, std=0.3491, mean_l2=12.2225, median_l2=12.1045, mean_abs=0.4146, max_abs=2.8514
Epoch 17/30 | Train Loss: 4.4914 (Fused: 2.7317) | Train C-index: 0.8174 | Val Fused: 0.7349 | Val CT: 0.6683 | Val PA: 0.7223
Feature stats | CT: mean=0.6724, std=0.6543, mean_l2=21.1568, median_l2=20.5763, mean_abs=0.6724, max_abs=4.2195 | PA: mean=0.4194, std=0.3513, mean_l2=12.3380, median_l2=12.2418, mean_abs=0.4194, max_abs=2.9330
Epoch 18/30 | Train Loss: 4.3414 (Fused: 2.6294) | Train C-index: 0.8211 | Val Fused: 0.7329 | Val CT: 0.6723 | Val PA: 0.7233
Feature stats | CT: mean=0.6894, std=0.6728, mean_l2=21.7202, median_l2=21.5287, mean_abs=0.6894, max_abs=4.4179 | PA: mean=0.4265, std=0.3534, mean_l2=12.4925, median_l2=12.4104, mean_abs=0.4265, max_abs=2.9399
Epoch 19/30 | Train Loss: 4.2920 (Fused: 2.5847) | Train C-index: 0.8338 | Val Fused: 0.7329 | Val CT: 0.6759 | Val PA: 0.7203
Feature stats | CT: mean=0.6191, std=0.5926, mean_l2=19.3663, median_l2=18.9678, mean_abs=0.6191, max_abs=3.8248 | PA: mean=0.4350, std=0.3618, mean_l2=12.7548, median_l2=12.6326, mean_abs=0.4350, max_abs=2.8788
Epoch 20/30 | Train Loss: 4.3324 (Fused: 2.6062) | Train C-index: 0.8509 | Val Fused: 0.7349 | Val CT: 0.6750 | Val PA: 0.7253
Feature stats | CT: mean=0.6702, std=0.6491, mean_l2=21.0292, median_l2=20.6723, mean_abs=0.6702, max_abs=4.2162 | PA: mean=0.4411, std=0.3621, mean_l2=12.8708, median_l2=12.8045, mean_abs=0.4411, max_abs=2.8245
Epoch 21/30 | Train Loss: 4.2156 (Fused: 2.5105) | Train C-index: 0.8553 | Val Fused: 0.7379 | Val CT: 0.6763 | Val PA: 0.7237
Feature stats | CT: mean=0.6815, std=0.6621, mean_l2=21.4084, median_l2=21.2147, mean_abs=0.6815, max_abs=4.3223 | PA: mean=0.4469, std=0.3654, mean_l2=13.0212, median_l2=12.9486, mean_abs=0.4469, max_abs=2.7791
Early stopping at epoch 21
Fold 3 best C-index: 0.7449

Extra survival metrics:
cutoff_from_train_median: -0.704411
n_test: 112
n_high_risk: 49
n_low_risk: 63
n_event_test: 38
logrank_stat: 13.343041
logrank_p: 0.000259
auc_36m: 0.781313
auc_60m: 0.718080
HR_high_vs_low: 3.344201
HR_95CI_lower: 1.682858
HR_95CI_upper: 6.645649
cox_p: 0.000570

==================================================
Fold 5/5
==================================================
[ResNetCox] Loaded pretrained from /home/gly001/cqj/pa_ct_surv/model/ct_pretrain/resnet_18_23dataset.pth
  Missing keys (ok): ['fc.weight', 'fc.bias']
Epoch 1/30 | Train Loss: 5.3920 (Fused: 3.4044) | Train C-index: 0.4993 | Val Fused: 0.6477 | Val CT: 0.4924 | Val PA: 0.6232
Feature stats | CT: mean=0.8656, std=0.8885, mean_l2=28.0657, median_l2=28.0200, mean_abs=0.8656, max_abs=6.7280 | PA: mean=0.2761, std=0.2197, mean_l2=7.9769, median_l2=7.9439, mean_abs=0.2761, max_abs=1.7933
Epoch 2/30 | Train Loss: 5.2099 (Fused: 3.2489) | Train C-index: 0.6086 | Val Fused: 0.6545 | Val CT: 0.5294 | Val PA: 0.6397
Feature stats | CT: mean=0.8489, std=0.8773, mean_l2=27.6192, median_l2=27.5848, mean_abs=0.8489, max_abs=6.6050 | PA: mean=0.2823, std=0.2298, mean_l2=8.2270, median_l2=8.1910, mean_abs=0.2823, max_abs=1.8688
Epoch 3/30 | Train Loss: 5.0330 (Fused: 3.1468) | Train C-index: 0.6390 | Val Fused: 0.6461 | Val CT: 0.5445 | Val PA: 0.6393
Feature stats | CT: mean=0.8345, std=0.8624, mean_l2=27.1501, median_l2=27.1266, mean_abs=0.8345, max_abs=6.4972 | PA: mean=0.2946, std=0.2463, mean_l2=8.6719, median_l2=8.6130, mean_abs=0.2946, max_abs=1.9571
Epoch 4/30 | Train Loss: 4.9330 (Fused: 3.0631) | Train C-index: 0.6963 | Val Fused: 0.6471 | Val CT: 0.5509 | Val PA: 0.6437
Feature stats | CT: mean=0.7965, std=0.8164, mean_l2=25.7967, median_l2=25.7703, mean_abs=0.7965, max_abs=6.1537 | PA: mean=0.3110, std=0.2637, mean_l2=9.2005, median_l2=9.1125, mean_abs=0.3110, max_abs=2.0577
Epoch 5/30 | Train Loss: 4.9326 (Fused: 3.0637) | Train C-index: 0.7333 | Val Fused: 0.6450 | Val CT: 0.5583 | Val PA: 0.6413
Feature stats | CT: mean=0.7454, std=0.7573, mean_l2=24.0297, median_l2=23.9165, mean_abs=0.7454, max_abs=5.5007 | PA: mean=0.3283, std=0.2805, mean_l2=9.7363, median_l2=9.6335, mean_abs=0.3283, max_abs=2.2003
Epoch 6/30 | Train Loss: 5.0954 (Fused: 3.1800) | Train C-index: 0.7415 | Val Fused: 0.6565 | Val CT: 0.5738 | Val PA: 0.6376
Feature stats | CT: mean=0.7299, std=0.7339, mean_l2=23.4014, median_l2=23.1693, mean_abs=0.7299, max_abs=4.9993 | PA: mean=0.3429, std=0.2953, mean_l2=10.2002, median_l2=10.0180, mean_abs=0.3429, max_abs=2.3478
Epoch 7/30 | Train Loss: 4.7762 (Fused: 2.9406) | Train C-index: 0.7691 | Val Fused: 0.6561 | Val CT: 0.5718 | Val PA: 0.6410
Feature stats | CT: mean=0.7670, std=0.7766, mean_l2=24.6726, median_l2=24.6016, mean_abs=0.7670, max_abs=4.7280 | PA: mean=0.3509, std=0.3039, mean_l2=10.4653, median_l2=10.3303, mean_abs=0.3509, max_abs=2.4076
Epoch 8/30 | Train Loss: 4.7299 (Fused: 2.9171) | Train C-index: 0.7596 | Val Fused: 0.6545 | Val CT: 0.5734 | Val PA: 0.6413
Feature stats | CT: mean=0.7675, std=0.7775, mean_l2=24.6874, median_l2=24.6431, mean_abs=0.7675, max_abs=4.6898 | PA: mean=0.3597, std=0.3143, mean_l2=10.7667, median_l2=10.6344, mean_abs=0.3597, max_abs=2.5319
Epoch 9/30 | Train Loss: 4.6433 (Fused: 2.8549) | Train C-index: 0.7789 | Val Fused: 0.6514 | Val CT: 0.5731 | Val PA: 0.6440
Feature stats | CT: mean=0.7311, std=0.7371, mean_l2=23.4347, median_l2=23.0895, mean_abs=0.7311, max_abs=4.7684 | PA: mean=0.3684, std=0.3242, mean_l2=11.0615, median_l2=10.9554, mean_abs=0.3684, max_abs=2.5506
Epoch 10/30 | Train Loss: 4.7042 (Fused: 2.8986) | Train C-index: 0.7787 | Val Fused: 0.6548 | Val CT: 0.5731 | Val PA: 0.6504
Feature stats | CT: mean=0.7050, std=0.7047, mean_l2=22.4865, median_l2=21.7084, mean_abs=0.7050, max_abs=4.7743 | PA: mean=0.3760, std=0.3334, mean_l2=11.3231, median_l2=11.1998, mean_abs=0.3760, max_abs=2.5423
Epoch 11/30 | Train Loss: 4.6163 (Fused: 2.8335) | Train C-index: 0.7865 | Val Fused: 0.6602 | Val CT: 0.5785 | Val PA: 0.6484
Feature stats | CT: mean=0.6837, std=0.6792, mean_l2=21.7510, median_l2=20.9502, mean_abs=0.6837, max_abs=4.6943 | PA: mean=0.3840, std=0.3407, mean_l2=11.5667, median_l2=11.4331, mean_abs=0.3840, max_abs=2.5078
Epoch 12/30 | Train Loss: 4.5696 (Fused: 2.7974) | Train C-index: 0.7932 | Val Fused: 0.6592 | Val CT: 0.5866 | Val PA: 0.6534
Feature stats | CT: mean=0.6608, std=0.6559, mean_l2=21.0473, median_l2=20.5885, mean_abs=0.6608, max_abs=4.1556 | PA: mean=0.3908, std=0.3442, mean_l2=11.7403, median_l2=11.6574, mean_abs=0.3908, max_abs=2.4885
Epoch 13/30 | Train Loss: 4.5115 (Fused: 2.7578) | Train C-index: 0.7969 | Val Fused: 0.6615 | Val CT: 0.5929 | Val PA: 0.6558
Feature stats | CT: mean=0.6582, std=0.6540, mean_l2=20.9712, median_l2=20.4694, mean_abs=0.6582, max_abs=4.1195 | PA: mean=0.3967, std=0.3483, mean_l2=11.8976, median_l2=11.8121, mean_abs=0.3967, max_abs=2.5144
Epoch 14/30 | Train Loss: 4.4921 (Fused: 2.7225) | Train C-index: 0.8115 | Val Fused: 0.6676 | Val CT: 0.5950 | Val PA: 0.6592
Feature stats | CT: mean=0.6677, std=0.6628, mean_l2=21.2476, median_l2=20.6906, mean_abs=0.6677, max_abs=4.2389 | PA: mean=0.4035, std=0.3543, mean_l2=12.0957, median_l2=11.9635, mean_abs=0.4035, max_abs=2.5488
Epoch 15/30 | Train Loss: 4.4501 (Fused: 2.6881) | Train C-index: 0.8198 | Val Fused: 0.6713 | Val CT: 0.5976 | Val PA: 0.6666
Feature stats | CT: mean=0.6634, std=0.6569, mean_l2=21.0796, median_l2=20.5023, mean_abs=0.6634, max_abs=4.1300 | PA: mean=0.4106, std=0.3582, mean_l2=12.2693, median_l2=12.1360, mean_abs=0.4106, max_abs=2.5826
Epoch 16/30 | Train Loss: 4.3888 (Fused: 2.6500) | Train C-index: 0.8235 | Val Fused: 0.6766 | Val CT: 0.6050 | Val PA: 0.6713
Feature stats | CT: mean=0.6512, std=0.6430, mean_l2=20.6649, median_l2=20.0991, mean_abs=0.6512, max_abs=4.0350 | PA: mean=0.4171, std=0.3567, mean_l2=12.3623, median_l2=12.2566, mean_abs=0.4171, max_abs=2.5657
Epoch 17/30 | Train Loss: 4.3306 (Fused: 2.6247) | Train C-index: 0.8341 | Val Fused: 0.6739 | Val CT: 0.6091 | Val PA: 0.6706
Feature stats | CT: mean=0.6548, std=0.6441, mean_l2=20.7276, median_l2=19.9598, mean_abs=0.6548, max_abs=3.9303 | PA: mean=0.4240, std=0.3594, mean_l2=12.5188, median_l2=12.4023, mean_abs=0.4240, max_abs=2.5835
Epoch 18/30 | Train Loss: 4.2437 (Fused: 2.5292) | Train C-index: 0.8499 | Val Fused: 0.6800 | Val CT: 0.6168 | Val PA: 0.6743
Feature stats | CT: mean=0.6494, std=0.6326, mean_l2=20.4790, median_l2=20.1255, mean_abs=0.6494, max_abs=3.7379 | PA: mean=0.4326, std=0.3626, mean_l2=12.7116, median_l2=12.6180, mean_abs=0.4326, max_abs=2.7119
Epoch 19/30 | Train Loss: 4.1651 (Fused: 2.4906) | Train C-index: 0.8600 | Val Fused: 0.6813 | Val CT: 0.6128 | Val PA: 0.6756
Feature stats | CT: mean=0.6359, std=0.6153, mean_l2=19.9919, median_l2=19.5824, mean_abs=0.6359, max_abs=3.6012 | PA: mean=0.4402, std=0.3690, mean_l2=12.9307, median_l2=12.7937, mean_abs=0.4402, max_abs=2.7579
Epoch 20/30 | Train Loss: 4.3676 (Fused: 2.6192) | Train C-index: 0.8640 | Val Fused: 0.6911 | Val CT: 0.6188 | Val PA: 0.6813
Feature stats | CT: mean=0.6458, std=0.6342, mean_l2=20.4121, median_l2=19.6394, mean_abs=0.6458, max_abs=3.8678 | PA: mean=0.4459, std=0.3731, mean_l2=13.0946, median_l2=13.0153, mean_abs=0.4459, max_abs=2.7874
Epoch 21/30 | Train Loss: 4.1209 (Fused: 2.4345) | Train C-index: 0.8711 | Val Fused: 0.6830 | Val CT: 0.6185 | Val PA: 0.6729
Feature stats | CT: mean=0.6239, std=0.6144, mean_l2=19.7895, median_l2=19.5059, mean_abs=0.6239, max_abs=3.7508 | PA: mean=0.4488, std=0.3737, mean_l2=13.1568, median_l2=13.1153, mean_abs=0.4488, max_abs=2.8930
Epoch 22/30 | Train Loss: 3.9759 (Fused: 2.3290) | Train C-index: 0.8785 | Val Fused: 0.6756 | Val CT: 0.6188 | Val PA: 0.6699
Feature stats | CT: mean=0.6097, std=0.5986, mean_l2=19.3195, median_l2=19.0580, mean_abs=0.6097, max_abs=3.6264 | PA: mean=0.4520, std=0.3791, mean_l2=13.2859, median_l2=13.1890, mean_abs=0.4520, max_abs=2.9726
Epoch 23/30 | Train Loss: 3.8239 (Fused: 2.2088) | Train C-index: 0.8904 | Val Fused: 0.6716 | Val CT: 0.6212 | Val PA: 0.6689
Feature stats | CT: mean=0.6030, std=0.5874, mean_l2=19.0280, median_l2=18.6845, mean_abs=0.6030, max_abs=3.7438 | PA: mean=0.4580, std=0.3893, mean_l2=13.5334, median_l2=13.4471, mean_abs=0.4580, max_abs=2.7892
Epoch 24/30 | Train Loss: 3.8776 (Fused: 2.2601) | Train C-index: 0.8881 | Val Fused: 0.6820 | Val CT: 0.6195 | Val PA: 0.6773
Feature stats | CT: mean=0.5963, std=0.5793, mean_l2=18.7884, median_l2=18.4142, mean_abs=0.5963, max_abs=3.9117 | PA: mean=0.4614, std=0.3906, mean_l2=13.6139, median_l2=13.5543, mean_abs=0.4614, max_abs=2.7140
Epoch 25/30 | Train Loss: 3.8694 (Fused: 2.2251) | Train C-index: 0.8962 | Val Fused: 0.6840 | Val CT: 0.6235 | Val PA: 0.6824
Feature stats | CT: mean=0.5928, std=0.5755, mean_l2=18.6709, median_l2=18.2490, mean_abs=0.5928, max_abs=3.8340 | PA: mean=0.4628, std=0.3893, mean_l2=13.6206, median_l2=13.5438, mean_abs=0.4628, max_abs=2.8118
Epoch 26/30 | Train Loss: 3.6939 (Fused: 2.1021) | Train C-index: 0.9012 | Val Fused: 0.6921 | Val CT: 0.6178 | Val PA: 0.6884
Feature stats | CT: mean=0.5808, std=0.5632, mean_l2=18.2943, median_l2=18.0673, mean_abs=0.5808, max_abs=3.5238 | PA: mean=0.4649, std=0.3926, mean_l2=13.7027, median_l2=13.5582, mean_abs=0.4649, max_abs=2.8771
Epoch 27/30 | Train Loss: 3.5783 (Fused: 1.9883) | Train C-index: 0.9222 | Val Fused: 0.6817 | Val CT: 0.6212 | Val PA: 0.6850
Feature stats | CT: mean=0.5777, std=0.5554, mean_l2=18.1154, median_l2=17.7753, mean_abs=0.5777, max_abs=3.6209 | PA: mean=0.4660, std=0.3881, mean_l2=13.6676, median_l2=13.6335, mean_abs=0.4660, max_abs=2.8045
Epoch 28/30 | Train Loss: 3.5672 (Fused: 1.9858) | Train C-index: 0.9231 | Val Fused: 0.6797 | Val CT: 0.6158 | Val PA: 0.6803
Feature stats | CT: mean=0.5697, std=0.5444, mean_l2=17.8165, median_l2=17.5319, mean_abs=0.5697, max_abs=3.4761 | PA: mean=0.4689, std=0.3969, mean_l2=13.8354, median_l2=13.7218, mean_abs=0.4689, max_abs=2.8734
Epoch 29/30 | Train Loss: 3.4661 (Fused: 1.8824) | Train C-index: 0.9291 | Val Fused: 0.6760 | Val CT: 0.6292 | Val PA: 0.6891
Feature stats | CT: mean=0.5598, std=0.5376, mean_l2=17.5534, median_l2=17.3880, mean_abs=0.5598, max_abs=3.3959 | PA: mean=0.4686, std=0.3918, mean_l2=13.7546, median_l2=13.6529, mean_abs=0.4686, max_abs=2.9654
Epoch 30/30 | Train Loss: 3.3745 (Fused: 1.8250) | Train C-index: 0.9357 | Val Fused: 0.6655 | Val CT: 0.6202 | Val PA: 0.6817
Feature stats | CT: mean=0.5524, std=0.5304, mean_l2=17.3218, median_l2=17.1592, mean_abs=0.5524, max_abs=3.4548 | PA: mean=0.4681, std=0.3884, mean_l2=13.7041, median_l2=13.5939, mean_abs=0.4681, max_abs=2.8332
Fold 4 best C-index: 0.6921

Extra survival metrics:
cutoff_from_train_median: -1.849087
n_test: 112
n_high_risk: 70
n_low_risk: 42
n_event_test: 38
logrank_stat: 9.216000
logrank_p: 0.002399
auc_36m: 0.774563
auc_60m: 0.688401
HR_high_vs_low: 3.333232
HR_95CI_lower: 1.463110
HR_95CI_upper: 7.593716
cox_p: 0.004159

==================================================
5-Fold CV Summary
==================================================
  C-index: 0.7425 +/- 0.0349
