Using Device: cuda | ROI: 64
PA: abmil | CT: resnet18 | Fusion: hrca-single | Fusion dropout: 0.5 | Norm: none | CT/PA dropout: 0.0 | CT augmentation: disabled
LR: 0.0001 | CT Backbone LR: 1e-05
Loss: Fused Cox + 0.3*CT + 0.3*PA
CT pretrained: /home/gly001/cqj/pa_ct_surv/model/ct_pretrain/resnet_18_23dataset.pth
Checkpoints: /home/gly001/cqj/pa_ct_surv/checkpoints/pact_v4/pact/roi64_abmil_resnet18_hrca-single_normnone_fusion_dropout0.5_epochs30_coxbs64_lr1e-4_blr1e-5_wd5e-4_lct0.3_lpa0.3_seed42
Results: /home/gly001/cqj/pa_ct_surv/results/pact_v4/pact/roi64_abmil_resnet18_hrca-single_normnone_fusion_dropout0.5_epochs30_coxbs64_lr1e-4_blr1e-5_wd5e-4_lct0.3_lpa0.3_seed42
Loaded 703 paired samples
Locked split: train=562, test=141
Test set is not accessed during CV

==================================================
Fold 1/5
==================================================
[ResNetCox] Loaded pretrained from /home/gly001/cqj/pa_ct_surv/model/ct_pretrain/resnet_18_23dataset.pth
  Missing keys (ok): ['fc.weight', 'fc.bias']
Epoch 1/30 | Train Loss: 5.1247 (Fused: 3.2050) | Train C-index: 0.5715 | Val Fused: 0.7439 | Val CT: 0.4887 | Val PA: 0.7420
Feature stats | CT: mean=0.8976, std=0.9107, mean_l2=28.9241, median_l2=28.9832, mean_abs=0.8976, max_abs=7.2674 | PA: mean=0.2790, std=0.2220, mean_l2=8.0597, median_l2=8.0367, mean_abs=0.2790, max_abs=1.7966
Epoch 2/30 | Train Loss: 4.9755 (Fused: 3.0902) | Train C-index: 0.6820 | Val Fused: 0.7499 | Val CT: 0.5779 | Val PA: 0.7448
Feature stats | CT: mean=0.9430, std=0.9566, mean_l2=30.3913, median_l2=30.3385, mean_abs=0.9430, max_abs=7.4081 | PA: mean=0.2938, std=0.2404, mean_l2=8.5740, median_l2=8.5142, mean_abs=0.2938, max_abs=2.0641
Epoch 3/30 | Train Loss: 4.8687 (Fused: 3.0085) | Train C-index: 0.7220 | Val Fused: 0.7474 | Val CT: 0.6002 | Val PA: 0.7445
Feature stats | CT: mean=0.9361, std=0.9486, mean_l2=30.1518, median_l2=30.0841, mean_abs=0.9361, max_abs=7.1717 | PA: mean=0.3173, std=0.2619, mean_l2=9.2847, median_l2=9.1682, mean_abs=0.3173, max_abs=2.1231
Epoch 4/30 | Train Loss: 4.7876 (Fused: 2.9550) | Train C-index: 0.7269 | Val Fused: 0.7496 | Val CT: 0.6097 | Val PA: 0.7442
Feature stats | CT: mean=0.8882, std=0.9064, mean_l2=28.7061, median_l2=28.6735, mean_abs=0.8882, max_abs=6.8950 | PA: mean=0.3363, std=0.2750, mean_l2=9.8022, median_l2=9.6950, mean_abs=0.3363, max_abs=2.2365
Epoch 5/30 | Train Loss: 4.7412 (Fused: 2.9127) | Train C-index: 0.7445 | Val Fused: 0.7471 | Val CT: 0.6123 | Val PA: 0.7461
Feature stats | CT: mean=0.8595, std=0.8847, mean_l2=27.9040, median_l2=27.8298, mean_abs=0.8595, max_abs=6.6646 | PA: mean=0.3497, std=0.2808, mean_l2=10.1225, median_l2=10.0338, mean_abs=0.3497, max_abs=2.2523
Epoch 6/30 | Train Loss: 4.6680 (Fused: 2.8472) | Train C-index: 0.7760 | Val Fused: 0.7512 | Val CT: 0.6199 | Val PA: 0.7471
Feature stats | CT: mean=0.8417, std=0.8688, mean_l2=27.3641, median_l2=27.2827, mean_abs=0.8417, max_abs=6.3943 | PA: mean=0.3641, std=0.2878, mean_l2=10.4784, median_l2=10.4429, mean_abs=0.3641, max_abs=2.2573
Epoch 7/30 | Train Loss: 4.5875 (Fused: 2.7878) | Train C-index: 0.7832 | Val Fused: 0.7572 | Val CT: 0.6183 | Val PA: 0.7512
Feature stats | CT: mean=0.8215, std=0.8538, mean_l2=26.8025, median_l2=26.7093, mean_abs=0.8215, max_abs=6.5706 | PA: mean=0.3846, std=0.2987, mean_l2=10.9947, median_l2=11.0115, mean_abs=0.3846, max_abs=2.3376
Epoch 8/30 | Train Loss: 4.4710 (Fused: 2.6918) | Train C-index: 0.8038 | Val Fused: 0.7633 | Val CT: 0.6254 | Val PA: 0.7604
Feature stats | CT: mean=0.8448, std=0.8729, mean_l2=27.4709, median_l2=27.3828, mean_abs=0.8448, max_abs=6.8285 | PA: mean=0.4094, std=0.3130, mean_l2=11.6350, median_l2=11.6470, mean_abs=0.4094, max_abs=2.4148
Epoch 9/30 | Train Loss: 4.4053 (Fused: 2.6391) | Train C-index: 0.8211 | Val Fused: 0.7623 | Val CT: 0.6292 | Val PA: 0.7630
Feature stats | CT: mean=0.8776, std=0.8979, mean_l2=28.3780, median_l2=28.2477, mean_abs=0.8776, max_abs=6.9137 | PA: mean=0.4337, std=0.3252, mean_l2=12.2385, median_l2=12.2387, mean_abs=0.4337, max_abs=2.4262
Epoch 10/30 | Train Loss: 4.2735 (Fused: 2.5234) | Train C-index: 0.8470 | Val Fused: 0.7643 | Val CT: 0.6317 | Val PA: 0.7652
Feature stats | CT: mean=0.8687, std=0.8889, mean_l2=28.0690, median_l2=27.8781, mean_abs=0.8687, max_abs=6.7768 | PA: mean=0.4558, std=0.3324, mean_l2=12.7351, median_l2=12.7193, mean_abs=0.4558, max_abs=2.4399
Epoch 11/30 | Train Loss: 4.2209 (Fused: 2.4841) | Train C-index: 0.8463 | Val Fused: 0.7308 | Val CT: 0.6378 | Val PA: 0.7668
Feature stats | CT: mean=0.9446, std=0.9700, mean_l2=30.5574, median_l2=30.3571, mean_abs=0.9446, max_abs=7.4461 | PA: mean=0.4814, std=0.3422, mean_l2=13.3333, median_l2=13.3553, mean_abs=0.4814, max_abs=2.4963
Epoch 12/30 | Train Loss: 4.1063 (Fused: 2.3973) | Train C-index: 0.8646 | Val Fused: 0.7346 | Val CT: 0.6464 | Val PA: 0.7697
Feature stats | CT: mean=0.9277, std=0.9585, mean_l2=30.1106, median_l2=29.9489, mean_abs=0.9277, max_abs=7.6837 | PA: mean=0.5100, std=0.3549, mean_l2=14.0235, median_l2=14.0739, mean_abs=0.5100, max_abs=2.5229
Epoch 13/30 | Train Loss: 3.9564 (Fused: 2.2661) | Train C-index: 0.8763 | Val Fused: 0.7429 | Val CT: 0.6505 | Val PA: 0.7725
Feature stats | CT: mean=0.8829, std=0.9197, mean_l2=28.7774, median_l2=28.5132, mean_abs=0.8829, max_abs=7.7394 | PA: mean=0.5365, std=0.3658, mean_l2=14.6576, median_l2=14.7033, mean_abs=0.5365, max_abs=2.5740
Epoch 14/30 | Train Loss: 3.9224 (Fused: 2.2471) | Train C-index: 0.8655 | Val Fused: 0.7248 | Val CT: 0.6524 | Val PA: 0.7643
Feature stats | CT: mean=0.8898, std=0.9230, mean_l2=28.9539, median_l2=28.9832, mean_abs=0.8898, max_abs=7.2573 | PA: mean=0.5628, std=0.3760, mean_l2=15.2758, median_l2=15.3752, mean_abs=0.5628, max_abs=2.6408
Epoch 15/30 | Train Loss: 3.8065 (Fused: 2.1338) | Train C-index: 0.8710 | Val Fused: 0.7130 | Val CT: 0.6645 | Val PA: 0.7719
Feature stats | CT: mean=0.8481, std=0.8871, mean_l2=27.6999, median_l2=27.3859, mean_abs=0.8481, max_abs=7.1303 | PA: mean=0.5882, std=0.3862, mean_l2=15.8800, median_l2=15.9446, mean_abs=0.5882, max_abs=2.6584
Epoch 16/30 | Train Loss: 3.6611 (Fused: 2.0003) | Train C-index: 0.9131 | Val Fused: 0.7168 | Val CT: 0.6556 | Val PA: 0.7748
Feature stats | CT: mean=0.8217, std=0.8606, mean_l2=26.8753, median_l2=26.6078, mean_abs=0.8217, max_abs=6.6362 | PA: mean=0.6084, std=0.3925, mean_l2=16.3384, median_l2=16.4039, mean_abs=0.6084, max_abs=2.7243
Epoch 17/30 | Train Loss: 3.5724 (Fused: 1.9414) | Train C-index: 0.9206 | Val Fused: 0.7146 | Val CT: 0.6629 | Val PA: 0.7738
Feature stats | CT: mean=0.8582, std=0.8891, mean_l2=27.9129, median_l2=27.8981, mean_abs=0.8582, max_abs=6.6494 | PA: mean=0.6248, std=0.4010, mean_l2=16.7546, median_l2=16.8816, mean_abs=0.6248, max_abs=2.7533
Epoch 18/30 | Train Loss: 3.4866 (Fused: 1.8715) | Train C-index: 0.9250 | Val Fused: 0.7327 | Val CT: 0.6747 | Val PA: 0.7658
Feature stats | CT: mean=0.8596, std=0.8913, mean_l2=27.9431, median_l2=27.6108, mean_abs=0.8596, max_abs=6.4704 | PA: mean=0.6434, std=0.4079, mean_l2=17.1887, median_l2=17.2966, mean_abs=0.6434, max_abs=2.7983
Epoch 19/30 | Train Loss: 3.4821 (Fused: 1.8849) | Train C-index: 0.9303 | Val Fused: 0.6977 | Val CT: 0.6725 | Val PA: 0.7522
Feature stats | CT: mean=0.8703, std=0.9020, mean_l2=28.2592, median_l2=27.8735, mean_abs=0.8703, max_abs=6.6664 | PA: mean=0.6591, std=0.4108, mean_l2=17.5234, median_l2=17.6412, mean_abs=0.6591, max_abs=2.8800
Epoch 20/30 | Train Loss: 3.3850 (Fused: 1.8137) | Train C-index: 0.9291 | Val Fused: 0.7251 | Val CT: 0.6773 | Val PA: 0.7713
Feature stats | CT: mean=0.9146, std=0.9483, mean_l2=29.7223, median_l2=29.6432, mean_abs=0.9146, max_abs=6.9554 | PA: mean=0.6734, std=0.4177, mean_l2=17.8773, median_l2=17.9732, mean_abs=0.6734, max_abs=2.8856
Early stopping at epoch 20
Fold 0 best C-index: 0.7643

Extra survival metrics:
cutoff_from_train_median: -0.481120
n_test: 113
n_high_risk: 62
n_low_risk: 51
n_event_test: 38
logrank_stat: 25.966595
logrank_p: 0.000000
auc_36m: 0.791496
auc_60m: 0.804591
HR_high_vs_low: 7.962663
HR_95CI_lower: 3.098134
HR_95CI_upper: 20.465223
cox_p: 0.000016

==================================================
Fold 2/5
==================================================
[ResNetCox] Loaded pretrained from /home/gly001/cqj/pa_ct_surv/model/ct_pretrain/resnet_18_23dataset.pth
  Missing keys (ok): ['fc.weight', 'fc.bias']
Epoch 1/30 | Train Loss: 5.1065 (Fused: 3.1748) | Train C-index: 0.6330 | Val Fused: 0.7593 | Val CT: 0.4643 | Val PA: 0.7501
Feature stats | CT: mean=0.8600, std=0.8816, mean_l2=27.8651, median_l2=27.8116, mean_abs=0.8600, max_abs=6.8081 | PA: mean=0.2787, std=0.2223, mean_l2=8.0587, median_l2=8.0016, mean_abs=0.2787, max_abs=1.8469
Epoch 2/30 | Train Loss: 4.9937 (Fused: 3.0960) | Train C-index: 0.6989 | Val Fused: 0.7639 | Val CT: 0.6111 | Val PA: 0.7504
Feature stats | CT: mean=0.8632, std=0.8921, mean_l2=28.0858, median_l2=28.0334, mean_abs=0.8632, max_abs=6.9644 | PA: mean=0.2951, std=0.2433, mean_l2=8.6349, median_l2=8.5491, mean_abs=0.2951, max_abs=2.0027
Epoch 3/30 | Train Loss: 4.9015 (Fused: 3.0258) | Train C-index: 0.7050 | Val Fused: 0.7619 | Val CT: 0.6358 | Val PA: 0.7498
Feature stats | CT: mean=0.8589, std=0.8872, mean_l2=27.9373, median_l2=27.9043, mean_abs=0.8589, max_abs=6.9859 | PA: mean=0.3138, std=0.2616, mean_l2=9.2193, median_l2=9.1289, mean_abs=0.3138, max_abs=2.1678
Epoch 4/30 | Train Loss: 4.8785 (Fused: 3.0112) | Train C-index: 0.7275 | Val Fused: 0.7540 | Val CT: 0.6480 | Val PA: 0.7484
Feature stats | CT: mean=0.8443, std=0.8731, mean_l2=27.4765, median_l2=27.3928, mean_abs=0.8443, max_abs=6.9680 | PA: mean=0.3327, std=0.2749, mean_l2=9.7363, median_l2=9.5981, mean_abs=0.3327, max_abs=2.2651
Epoch 5/30 | Train Loss: 4.8432 (Fused: 2.9961) | Train C-index: 0.7406 | Val Fused: 0.7448 | Val CT: 0.6503 | Val PA: 0.7448
Feature stats | CT: mean=0.8286, std=0.8604, mean_l2=27.0218, median_l2=26.9379, mean_abs=0.8286, max_abs=6.6695 | PA: mean=0.3513, std=0.2851, mean_l2=10.2085, median_l2=10.1260, mean_abs=0.3513, max_abs=2.2739
Epoch 6/30 | Train Loss: 4.7278 (Fused: 2.8904) | Train C-index: 0.7750 | Val Fused: 0.7659 | Val CT: 0.6553 | Val PA: 0.7471
Feature stats | CT: mean=0.8119, std=0.8449, mean_l2=26.5055, median_l2=26.4050, mean_abs=0.8119, max_abs=6.3933 | PA: mean=0.3688, std=0.2940, mean_l2=10.6439, median_l2=10.5492, mean_abs=0.3688, max_abs=2.2821
Epoch 7/30 | Train Loss: 4.6048 (Fused: 2.7983) | Train C-index: 0.7816 | Val Fused: 0.7728 | Val CT: 0.6536 | Val PA: 0.7511
Feature stats | CT: mean=0.8032, std=0.8390, mean_l2=26.2717, median_l2=26.1035, mean_abs=0.8032, max_abs=6.1970 | PA: mean=0.3882, std=0.3041, mean_l2=11.1305, median_l2=11.0618, mean_abs=0.3882, max_abs=2.3343
Epoch 8/30 | Train Loss: 4.5936 (Fused: 2.7884) | Train C-index: 0.7913 | Val Fused: 0.7629 | Val CT: 0.6605 | Val PA: 0.7577
Feature stats | CT: mean=0.8317, std=0.8654, mean_l2=27.1339, median_l2=26.9395, mean_abs=0.8317, max_abs=6.5803 | PA: mean=0.4129, std=0.3183, mean_l2=11.7655, median_l2=11.6982, mean_abs=0.4129, max_abs=2.4493
Epoch 9/30 | Train Loss: 4.4364 (Fused: 2.6570) | Train C-index: 0.8207 | Val Fused: 0.7474 | Val CT: 0.6632 | Val PA: 0.7567
Feature stats | CT: mean=0.8528, std=0.8902, mean_l2=27.8624, median_l2=27.6436, mean_abs=0.8528, max_abs=7.0049 | PA: mean=0.4379, std=0.3319, mean_l2=12.3977, median_l2=12.3746, mean_abs=0.4379, max_abs=2.5364
Epoch 10/30 | Train Loss: 4.3379 (Fused: 2.5788) | Train C-index: 0.8392 | Val Fused: 0.7600 | Val CT: 0.6678 | Val PA: 0.7547
Feature stats | CT: mean=0.8764, std=0.9202, mean_l2=28.7055, median_l2=28.4873, mean_abs=0.8764, max_abs=7.2985 | PA: mean=0.4587, std=0.3406, mean_l2=12.8907, median_l2=12.9077, mean_abs=0.4587, max_abs=2.5249
Epoch 11/30 | Train Loss: 4.2449 (Fused: 2.4994) | Train C-index: 0.8554 | Val Fused: 0.7293 | Val CT: 0.6671 | Val PA: 0.7511
Feature stats | CT: mean=0.9131, std=0.9522, mean_l2=29.7955, median_l2=29.6741, mean_abs=0.9131, max_abs=7.4632 | PA: mean=0.4802, std=0.3483, mean_l2=13.3885, median_l2=13.4213, mean_abs=0.4802, max_abs=2.5727
Epoch 12/30 | Train Loss: 4.1301 (Fused: 2.4012) | Train C-index: 0.8652 | Val Fused: 0.7468 | Val CT: 0.6714 | Val PA: 0.7501
Feature stats | CT: mean=0.8726, std=0.9125, mean_l2=28.5070, median_l2=28.3481, mean_abs=0.8726, max_abs=7.2125 | PA: mean=0.5049, std=0.3602, mean_l2=13.9984, median_l2=14.0625, mean_abs=0.5049, max_abs=2.6294
Epoch 13/30 | Train Loss: 3.9584 (Fused: 2.2636) | Train C-index: 0.8780 | Val Fused: 0.7135 | Val CT: 0.6743 | Val PA: 0.7392
Feature stats | CT: mean=0.8234, std=0.8683, mean_l2=27.0344, median_l2=26.6318, mean_abs=0.8234, max_abs=6.7524 | PA: mean=0.5276, std=0.3692, mean_l2=14.5345, median_l2=14.5814, mean_abs=0.5276, max_abs=2.6095
Epoch 14/30 | Train Loss: 3.8359 (Fused: 2.1484) | Train C-index: 0.8908 | Val Fused: 0.6813 | Val CT: 0.6813 | Val PA: 0.7399
Feature stats | CT: mean=0.8757, std=0.9206, mean_l2=28.6765, median_l2=28.5408, mean_abs=0.8757, max_abs=7.2903 | PA: mean=0.5504, std=0.3799, mean_l2=15.0925, median_l2=15.1794, mean_abs=0.5504, max_abs=2.6199
Epoch 15/30 | Train Loss: 3.8423 (Fused: 2.1712) | Train C-index: 0.8953 | Val Fused: 0.7389 | Val CT: 0.6832 | Val PA: 0.7336
Feature stats | CT: mean=0.8673, std=0.9189, mean_l2=28.5143, median_l2=28.3005, mean_abs=0.8673, max_abs=7.2421 | PA: mean=0.5734, std=0.3904, mean_l2=15.6541, median_l2=15.7522, mean_abs=0.5734, max_abs=2.6530
Epoch 16/30 | Train Loss: 3.7222 (Fused: 2.0691) | Train C-index: 0.9051 | Val Fused: 0.6944 | Val CT: 0.6908 | Val PA: 0.7264
Feature stats | CT: mean=0.8482, std=0.9018, mean_l2=27.9652, median_l2=27.8424, mean_abs=0.8482, max_abs=7.0891 | PA: mean=0.5903, std=0.3948, mean_l2=16.0259, median_l2=16.1727, mean_abs=0.5903, max_abs=2.6941
Epoch 17/30 | Train Loss: 3.5794 (Fused: 1.9561) | Train C-index: 0.8988 | Val Fused: 0.7267 | Val CT: 0.6892 | Val PA: 0.7218
Feature stats | CT: mean=0.8594, std=0.9139, mean_l2=28.3314, median_l2=28.2844, mean_abs=0.8594, max_abs=7.1945 | PA: mean=0.6053, std=0.3989, mean_l2=16.3574, median_l2=16.5133, mean_abs=0.6053, max_abs=2.6969
Early stopping at epoch 17
Fold 1 best C-index: 0.7728

Extra survival metrics:
cutoff_from_train_median: -1.600700
n_test: 113
n_high_risk: 55
n_low_risk: 58
n_event_test: 39
logrank_stat: 28.413062
logrank_p: 0.000000
auc_36m: 0.783537
auc_60m: 0.810181
HR_high_vs_low: 8.503164
HR_95CI_lower: 3.314542
HR_95CI_upper: 21.814109
cox_p: 0.000008

==================================================
Fold 3/5
==================================================
[ResNetCox] Loaded pretrained from /home/gly001/cqj/pa_ct_surv/model/ct_pretrain/resnet_18_23dataset.pth
  Missing keys (ok): ['fc.weight', 'fc.bias']
Epoch 1/30 | Train Loss: 5.3087 (Fused: 3.3229) | Train C-index: 0.5744 | Val Fused: 0.7014 | Val CT: 0.4939 | Val PA: 0.6881
Feature stats | CT: mean=0.8778, std=0.8971, mean_l2=28.3952, median_l2=28.3775, mean_abs=0.8778, max_abs=7.1742 | PA: mean=0.2791, std=0.2233, mean_l2=8.0802, median_l2=8.0463, mean_abs=0.2791, max_abs=1.9348
Epoch 2/30 | Train Loss: 4.9653 (Fused: 3.0799) | Train C-index: 0.6964 | Val Fused: 0.6983 | Val CT: 0.6054 | Val PA: 0.6858
Feature stats | CT: mean=0.9077, std=0.9253, mean_l2=29.3246, median_l2=29.2854, mean_abs=0.9077, max_abs=7.4952 | PA: mean=0.2953, std=0.2436, mean_l2=8.6474, median_l2=8.5870, mean_abs=0.2953, max_abs=2.0495
Epoch 3/30 | Train Loss: 4.9230 (Fused: 3.0325) | Train C-index: 0.7262 | Val Fused: 0.7007 | Val CT: 0.6559 | Val PA: 0.6912
Feature stats | CT: mean=0.9122, std=0.9326, mean_l2=29.5157, median_l2=29.4411, mean_abs=0.9122, max_abs=7.8432 | PA: mean=0.3187, std=0.2662, mean_l2=9.3721, median_l2=9.2803, mean_abs=0.3187, max_abs=2.1716
Epoch 4/30 | Train Loss: 4.8472 (Fused: 2.9608) | Train C-index: 0.7453 | Val Fused: 0.6959 | Val CT: 0.6702 | Val PA: 0.6963
Feature stats | CT: mean=0.9080, std=0.9336, mean_l2=29.4645, median_l2=29.3863, mean_abs=0.9080, max_abs=7.9355 | PA: mean=0.3380, std=0.2816, mean_l2=9.9257, median_l2=9.7948, mean_abs=0.3380, max_abs=2.2397
Epoch 5/30 | Train Loss: 4.7950 (Fused: 2.9384) | Train C-index: 0.7619 | Val Fused: 0.7064 | Val CT: 0.6773 | Val PA: 0.7000
Feature stats | CT: mean=0.9214, std=0.9480, mean_l2=29.9100, median_l2=29.8348, mean_abs=0.9214, max_abs=7.9889 | PA: mean=0.3544, std=0.2921, mean_l2=10.3634, median_l2=10.2326, mean_abs=0.3544, max_abs=2.2489
Epoch 6/30 | Train Loss: 4.7649 (Fused: 2.9042) | Train C-index: 0.7756 | Val Fused: 0.7092 | Val CT: 0.6868 | Val PA: 0.7058
Feature stats | CT: mean=0.9159, std=0.9429, mean_l2=29.7381, median_l2=29.6883, mean_abs=0.9159, max_abs=7.7879 | PA: mean=0.3658, std=0.2976, mean_l2=10.6443, median_l2=10.5397, mean_abs=0.3658, max_abs=2.2523
Epoch 7/30 | Train Loss: 4.6950 (Fused: 2.8481) | Train C-index: 0.7826 | Val Fused: 0.7210 | Val CT: 0.6847 | Val PA: 0.7092
Feature stats | CT: mean=0.8900, std=0.9171, mean_l2=28.9094, median_l2=28.8568, mean_abs=0.8900, max_abs=7.4574 | PA: mean=0.3853, std=0.3084, mean_l2=11.1426, median_l2=11.0719, mean_abs=0.3853, max_abs=2.3525
Epoch 8/30 | Train Loss: 4.6409 (Fused: 2.8179) | Train C-index: 0.8026 | Val Fused: 0.7237 | Val CT: 0.6817 | Val PA: 0.7197
Feature stats | CT: mean=0.8665, std=0.8969, mean_l2=28.2084, median_l2=28.0793, mean_abs=0.8665, max_abs=7.0542 | PA: mean=0.4100, std=0.3211, mean_l2=11.7604, median_l2=11.7145, mean_abs=0.4100, max_abs=2.4052
Epoch 9/30 | Train Loss: 4.4914 (Fused: 2.7007) | Train C-index: 0.8111 | Val Fused: 0.7349 | Val CT: 0.6878 | Val PA: 0.7254
Feature stats | CT: mean=0.8592, std=0.8904, mean_l2=27.9838, median_l2=27.7969, mean_abs=0.8592, max_abs=7.1074 | PA: mean=0.4315, std=0.3318, mean_l2=12.2930, median_l2=12.2614, mean_abs=0.4315, max_abs=2.4962
Epoch 10/30 | Train Loss: 4.4103 (Fused: 2.6439) | Train C-index: 0.8230 | Val Fused: 0.7363 | Val CT: 0.6895 | Val PA: 0.7268
Feature stats | CT: mean=0.8611, std=0.8885, mean_l2=27.9710, median_l2=27.7023, mean_abs=0.8611, max_abs=7.2217 | PA: mean=0.4506, std=0.3393, mean_l2=12.7398, median_l2=12.7059, mean_abs=0.4506, max_abs=2.5419
Epoch 11/30 | Train Loss: 4.3123 (Fused: 2.5672) | Train C-index: 0.8345 | Val Fused: 0.7254 | Val CT: 0.6888 | Val PA: 0.7241
Feature stats | CT: mean=0.8679, std=0.8945, mean_l2=28.1574, median_l2=27.8116, mean_abs=0.8679, max_abs=7.3840 | PA: mean=0.4685, std=0.3433, mean_l2=13.1150, median_l2=13.0567, mean_abs=0.4685, max_abs=2.5009
Epoch 12/30 | Train Loss: 4.3276 (Fused: 2.5553) | Train C-index: 0.8546 | Val Fused: 0.7156 | Val CT: 0.6895 | Val PA: 0.7153
Feature stats | CT: mean=0.8516, std=0.8835, mean_l2=27.7130, median_l2=27.2250, mean_abs=0.8516, max_abs=7.4149 | PA: mean=0.4908, std=0.3498, mean_l2=13.6087, median_l2=13.5446, mean_abs=0.4908, max_abs=2.4789
Epoch 13/30 | Train Loss: 4.3116 (Fused: 2.5523) | Train C-index: 0.8535 | Val Fused: 0.6892 | Val CT: 0.6922 | Val PA: 0.7041
Feature stats | CT: mean=0.8705, std=0.9036, mean_l2=28.3402, median_l2=28.0700, mean_abs=0.8705, max_abs=7.1083 | PA: mean=0.5102, std=0.3562, mean_l2=14.0463, median_l2=14.0005, mean_abs=0.5102, max_abs=2.3955
Epoch 14/30 | Train Loss: 4.1761 (Fused: 2.4353) | Train C-index: 0.8591 | Val Fused: 0.7156 | Val CT: 0.6953 | Val PA: 0.7231
Feature stats | CT: mean=0.8606, std=0.9019, mean_l2=28.1481, median_l2=27.6193, mean_abs=0.8606, max_abs=7.2738 | PA: mean=0.5286, std=0.3630, mean_l2=14.4787, median_l2=14.4409, mean_abs=0.5286, max_abs=2.4064
Epoch 15/30 | Train Loss: 4.0743 (Fused: 2.3783) | Train C-index: 0.8691 | Val Fused: 0.7186 | Val CT: 0.6946 | Val PA: 0.7288
Feature stats | CT: mean=0.8379, std=0.8819, mean_l2=27.4797, median_l2=26.8655, mean_abs=0.8379, max_abs=7.0065 | PA: mean=0.5469, std=0.3696, mean_l2=14.9068, median_l2=14.8847, mean_abs=0.5469, max_abs=2.5557
Epoch 16/30 | Train Loss: 4.0052 (Fused: 2.3105) | Train C-index: 0.8803 | Val Fused: 0.7163 | Val CT: 0.6807 | Val PA: 0.7247
Feature stats | CT: mean=0.8644, std=0.9041, mean_l2=28.2514, median_l2=27.7364, mean_abs=0.8644, max_abs=7.1942 | PA: mean=0.5599, std=0.3712, mean_l2=15.1689, median_l2=15.1557, mean_abs=0.5599, max_abs=2.5245
Epoch 17/30 | Train Loss: 3.8793 (Fused: 2.2003) | Train C-index: 0.8912 | Val Fused: 0.7153 | Val CT: 0.6654 | Val PA: 0.7224
Feature stats | CT: mean=0.8728, std=0.9066, mean_l2=28.4320, median_l2=28.1081, mean_abs=0.8728, max_abs=7.0848 | PA: mean=0.5680, std=0.3681, mean_l2=15.2830, median_l2=15.2556, mean_abs=0.5680, max_abs=2.4561
Epoch 18/30 | Train Loss: 3.8371 (Fused: 2.1790) | Train C-index: 0.8627 | Val Fused: 0.7108 | Val CT: 0.6600 | Val PA: 0.7315
Feature stats | CT: mean=0.8381, std=0.8741, mean_l2=27.3575, median_l2=27.1448, mean_abs=0.8381, max_abs=7.2756 | PA: mean=0.5803, std=0.3711, mean_l2=15.5535, median_l2=15.5322, mean_abs=0.5803, max_abs=2.4855
Epoch 19/30 | Train Loss: 3.6659 (Fused: 2.0225) | Train C-index: 0.8954 | Val Fused: 0.7136 | Val CT: 0.6783 | Val PA: 0.7292
Feature stats | CT: mean=0.8539, std=0.8903, mean_l2=27.8348, median_l2=27.4761, mean_abs=0.8539, max_abs=7.7549 | PA: mean=0.5965, std=0.3782, mean_l2=15.9487, median_l2=15.9422, mean_abs=0.5965, max_abs=2.5198
Epoch 20/30 | Train Loss: 3.5765 (Fused: 1.9492) | Train C-index: 0.9138 | Val Fused: 0.7112 | Val CT: 0.6651 | Val PA: 0.7200
Feature stats | CT: mean=0.9073, std=0.9437, mean_l2=29.5230, median_l2=29.0931, mean_abs=0.9073, max_abs=7.8200 | PA: mean=0.6096, std=0.3804, mean_l2=16.2251, median_l2=16.1981, mean_abs=0.6096, max_abs=2.5412
Early stopping at epoch 20
Fold 2 best C-index: 0.7363

Extra survival metrics:
cutoff_from_train_median: -1.286671
n_test: 112
n_high_risk: 64
n_low_risk: 48
n_event_test: 38
logrank_stat: 21.634721
logrank_p: 0.000003
auc_36m: 0.773735
auc_60m: 0.764149
HR_high_vs_low: 7.963536
HR_95CI_lower: 2.821732
HR_95CI_upper: 22.474815
cox_p: 0.000089

==================================================
Fold 4/5
==================================================
[ResNetCox] Loaded pretrained from /home/gly001/cqj/pa_ct_surv/model/ct_pretrain/resnet_18_23dataset.pth
  Missing keys (ok): ['fc.weight', 'fc.bias']
Epoch 1/30 | Train Loss: 5.1586 (Fused: 3.2292) | Train C-index: 0.5540 | Val Fused: 0.7144 | Val CT: 0.3880 | Val PA: 0.7104
Feature stats | CT: mean=0.8772, std=0.8959, mean_l2=28.3668, median_l2=28.3794, mean_abs=0.8772, max_abs=6.7382 | PA: mean=0.2778, std=0.2215, mean_l2=8.0334, median_l2=8.0161, mean_abs=0.2778, max_abs=1.7700
Epoch 2/30 | Train Loss: 5.1039 (Fused: 3.1786) | Train C-index: 0.6669 | Val Fused: 0.7064 | Val CT: 0.6143 | Val PA: 0.7121
Feature stats | CT: mean=0.8842, std=0.9128, mean_l2=28.7545, median_l2=28.7214, mean_abs=0.8842, max_abs=6.6757 | PA: mean=0.2933, std=0.2390, mean_l2=8.5453, median_l2=8.4898, mean_abs=0.2933, max_abs=1.8691
Epoch 3/30 | Train Loss: 5.0327 (Fused: 3.1152) | Train C-index: 0.7249 | Val Fused: 0.6991 | Val CT: 0.6501 | Val PA: 0.7107
Feature stats | CT: mean=0.8680, std=0.9003, mean_l2=28.2948, median_l2=28.2744, mean_abs=0.8680, max_abs=6.5193 | PA: mean=0.3147, std=0.2577, mean_l2=9.1821, median_l2=9.1164, mean_abs=0.3147, max_abs=1.9766
Epoch 4/30 | Train Loss: 4.9506 (Fused: 3.0507) | Train C-index: 0.7405 | Val Fused: 0.7074 | Val CT: 0.6620 | Val PA: 0.7084
Feature stats | CT: mean=0.8739, std=0.9063, mean_l2=28.4844, median_l2=28.4331, mean_abs=0.8739, max_abs=6.3318 | PA: mean=0.3344, std=0.2721, mean_l2=9.7309, median_l2=9.6263, mean_abs=0.3344, max_abs=2.0177
Epoch 5/30 | Train Loss: 4.8240 (Fused: 2.9472) | Train C-index: 0.7519 | Val Fused: 0.7107 | Val CT: 0.6634 | Val PA: 0.7131
Feature stats | CT: mean=0.8760, std=0.9080, mean_l2=28.5459, median_l2=28.5027, mean_abs=0.8760, max_abs=6.3986 | PA: mean=0.3497, std=0.2812, mean_l2=10.1303, median_l2=10.0453, mean_abs=0.3497, max_abs=2.1746
Epoch 6/30 | Train Loss: 4.8139 (Fused: 2.9561) | Train C-index: 0.7602 | Val Fused: 0.7164 | Val CT: 0.6640 | Val PA: 0.7140
Feature stats | CT: mean=0.8625, std=0.8994, mean_l2=28.1915, median_l2=28.1099, mean_abs=0.8625, max_abs=6.1951 | PA: mean=0.3643, std=0.2885, mean_l2=10.4925, median_l2=10.4466, mean_abs=0.3643, max_abs=2.2596
Epoch 7/30 | Train Loss: 4.6547 (Fused: 2.8382) | Train C-index: 0.7736 | Val Fused: 0.7223 | Val CT: 0.6673 | Val PA: 0.7197
Feature stats | CT: mean=0.8711, std=0.9100, mean_l2=28.4991, median_l2=28.3759, mean_abs=0.8711, max_abs=6.2781 | PA: mean=0.3818, std=0.2970, mean_l2=10.9229, median_l2=10.8914, mean_abs=0.3818, max_abs=2.3662
Epoch 8/30 | Train Loss: 4.5548 (Fused: 2.7590) | Train C-index: 0.7928 | Val Fused: 0.7213 | Val CT: 0.6683 | Val PA: 0.7207
Feature stats | CT: mean=0.8686, std=0.9082, mean_l2=28.4267, median_l2=28.2753, mean_abs=0.8686, max_abs=6.3576 | PA: mean=0.4020, std=0.3070, mean_l2=11.4216, median_l2=11.4362, mean_abs=0.4020, max_abs=2.4462
Epoch 9/30 | Train Loss: 4.4858 (Fused: 2.7008) | Train C-index: 0.8129 | Val Fused: 0.7223 | Val CT: 0.6643 | Val PA: 0.7250
Feature stats | CT: mean=0.8704, std=0.9101, mean_l2=28.4846, median_l2=28.2525, mean_abs=0.8704, max_abs=6.5448 | PA: mean=0.4213, std=0.3160, mean_l2=11.8899, median_l2=11.9265, mean_abs=0.4213, max_abs=2.4959
Epoch 10/30 | Train Loss: 4.3919 (Fused: 2.6239) | Train C-index: 0.8284 | Val Fused: 0.7140 | Val CT: 0.6663 | Val PA: 0.7230
Feature stats | CT: mean=0.8742, std=0.9175, mean_l2=28.6566, median_l2=28.3502, mean_abs=0.8742, max_abs=6.9025 | PA: mean=0.4404, std=0.3241, mean_l2=12.3434, median_l2=12.3898, mean_abs=0.4404, max_abs=2.5056
Epoch 11/30 | Train Loss: 4.2823 (Fused: 2.5298) | Train C-index: 0.8380 | Val Fused: 0.7233 | Val CT: 0.6667 | Val PA: 0.7240
Feature stats | CT: mean=0.8937, std=0.9326, mean_l2=29.1898, median_l2=28.7776, mean_abs=0.8937, max_abs=7.0605 | PA: mean=0.4603, std=0.3313, mean_l2=12.8009, median_l2=12.8372, mean_abs=0.4603, max_abs=2.5203
Epoch 12/30 | Train Loss: 4.2746 (Fused: 2.4951) | Train C-index: 0.8471 | Val Fused: 0.7263 | Val CT: 0.6723 | Val PA: 0.7207
Feature stats | CT: mean=0.8882, std=0.9224, mean_l2=28.9304, median_l2=28.4966, mean_abs=0.8882, max_abs=6.9541 | PA: mean=0.4831, std=0.3403, mean_l2=13.3367, median_l2=13.4157, mean_abs=0.4831, max_abs=2.5491
Epoch 13/30 | Train Loss: 4.0737 (Fused: 2.3533) | Train C-index: 0.8621 | Val Fused: 0.7260 | Val CT: 0.6716 | Val PA: 0.7227
Feature stats | CT: mean=0.8781, std=0.9162, mean_l2=28.6796, median_l2=28.3746, mean_abs=0.8781, max_abs=6.9649 | PA: mean=0.5065, std=0.3497, mean_l2=13.8892, median_l2=13.9752, mean_abs=0.5065, max_abs=2.6316
Epoch 14/30 | Train Loss: 4.1263 (Fused: 2.3883) | Train C-index: 0.8657 | Val Fused: 0.7223 | Val CT: 0.6723 | Val PA: 0.7217
Feature stats | CT: mean=0.9573, std=0.9921, mean_l2=31.1552, median_l2=31.1144, mean_abs=0.9573, max_abs=7.3648 | PA: mean=0.5310, std=0.3606, mean_l2=14.4816, median_l2=14.5680, mean_abs=0.5310, max_abs=2.6977
Epoch 15/30 | Train Loss: 3.9569 (Fused: 2.2667) | Train C-index: 0.8705 | Val Fused: 0.7230 | Val CT: 0.6743 | Val PA: 0.7187
Feature stats | CT: mean=0.8761, std=0.9284, mean_l2=28.8235, median_l2=28.4243, mean_abs=0.8761, max_abs=7.0833 | PA: mean=0.5504, std=0.3689, mean_l2=14.9459, median_l2=14.9858, mean_abs=0.5504, max_abs=2.7056
Epoch 16/30 | Train Loss: 3.8032 (Fused: 2.1214) | Train C-index: 0.8931 | Val Fused: 0.7064 | Val CT: 0.6763 | Val PA: 0.7157
Feature stats | CT: mean=0.8222, std=0.8793, mean_l2=27.2133, median_l2=26.8120, mean_abs=0.8222, max_abs=6.1881 | PA: mean=0.5638, std=0.3717, mean_l2=15.2301, median_l2=15.3089, mean_abs=0.5638, max_abs=2.7282
Epoch 17/30 | Train Loss: 3.7643 (Fused: 2.0877) | Train C-index: 0.9051 | Val Fused: 0.6958 | Val CT: 0.6740 | Val PA: 0.7154
Feature stats | CT: mean=0.8462, std=0.8930, mean_l2=27.8002, median_l2=27.5288, mean_abs=0.8462, max_abs=6.4245 | PA: mean=0.5758, std=0.3715, mean_l2=15.4572, median_l2=15.5785, mean_abs=0.5758, max_abs=2.7857
Epoch 18/30 | Train Loss: 3.6939 (Fused: 1.9835) | Train C-index: 0.9172 | Val Fused: 0.7038 | Val CT: 0.6766 | Val PA: 0.7114
Feature stats | CT: mean=0.8862, std=0.9308, mean_l2=29.0291, median_l2=28.6974, mean_abs=0.8862, max_abs=6.7725 | PA: mean=0.5934, std=0.3812, mean_l2=15.9059, median_l2=16.0244, mean_abs=0.5934, max_abs=2.8284
Epoch 19/30 | Train Loss: 3.5365 (Fused: 1.8487) | Train C-index: 0.9344 | Val Fused: 0.7061 | Val CT: 0.6769 | Val PA: 0.7034
Feature stats | CT: mean=0.8806, std=0.9342, mean_l2=28.9873, median_l2=28.5057, mean_abs=0.8806, max_abs=6.8969 | PA: mean=0.6040, std=0.3854, mean_l2=16.1506, median_l2=16.1795, mean_abs=0.6040, max_abs=2.8361
Epoch 20/30 | Train Loss: 3.3958 (Fused: 1.7706) | Train C-index: 0.9376 | Val Fused: 0.6852 | Val CT: 0.6723 | Val PA: 0.7048
Feature stats | CT: mean=0.8850, std=0.9452, mean_l2=29.2444, median_l2=28.8780, mean_abs=0.8850, max_abs=7.2590 | PA: mean=0.6151, std=0.3911, mean_l2=16.4231, median_l2=16.4850, mean_abs=0.6151, max_abs=2.8743
Epoch 21/30 | Train Loss: 3.3759 (Fused: 1.7423) | Train C-index: 0.9321 | Val Fused: 0.6882 | Val CT: 0.6740 | Val PA: 0.7084
Feature stats | CT: mean=0.8897, std=0.9546, mean_l2=29.4803, median_l2=29.2386, mean_abs=0.8897, max_abs=7.3002 | PA: mean=0.6309, std=0.4042, mean_l2=16.8823, median_l2=16.9951, mean_abs=0.6309, max_abs=2.9133
Epoch 22/30 | Train Loss: 3.2327 (Fused: 1.6510) | Train C-index: 0.9476 | Val Fused: 0.6783 | Val CT: 0.6716 | Val PA: 0.6948
Feature stats | CT: mean=0.8958, std=0.9635, mean_l2=29.7140, median_l2=29.3413, mean_abs=0.8958, max_abs=7.2404 | PA: mean=0.6361, std=0.4020, mean_l2=16.9606, median_l2=17.0641, mean_abs=0.6361, max_abs=2.9356
Early stopping at epoch 22
Fold 3 best C-index: 0.7263

Extra survival metrics:
cutoff_from_train_median: -0.508751
n_test: 112
n_high_risk: 52
n_low_risk: 60
n_event_test: 38
logrank_stat: 8.021031
logrank_p: 0.004624
auc_36m: 0.786476
auc_60m: 0.706877
HR_high_vs_low: 2.515129
HR_95CI_lower: 1.298921
HR_95CI_upper: 4.870097
cox_p: 0.006225

==================================================
Fold 5/5
==================================================
[ResNetCox] Loaded pretrained from /home/gly001/cqj/pa_ct_surv/model/ct_pretrain/resnet_18_23dataset.pth
  Missing keys (ok): ['fc.weight', 'fc.bias']
Epoch 1/30 | Train Loss: 5.1309 (Fused: 3.2023) | Train C-index: 0.5797 | Val Fused: 0.6255 | Val CT: 0.4739 | Val PA: 0.6356
Feature stats | CT: mean=0.8637, std=0.8838, mean_l2=27.9614, median_l2=27.9149, mean_abs=0.8637, max_abs=6.9465 | PA: mean=0.2789, std=0.2233, mean_l2=8.0779, median_l2=8.0730, mean_abs=0.2789, max_abs=1.8787
Epoch 2/30 | Train Loss: 5.1230 (Fused: 3.1988) | Train C-index: 0.6813 | Val Fused: 0.6161 | Val CT: 0.5412 | Val PA: 0.6363
Feature stats | CT: mean=0.9031, std=0.9239, mean_l2=29.2291, median_l2=29.1992, mean_abs=0.9031, max_abs=7.2396 | PA: mean=0.2970, std=0.2462, mean_l2=8.7138, median_l2=8.6637, mean_abs=0.2970, max_abs=2.1014
Epoch 3/30 | Train Loss: 4.8586 (Fused: 2.9766) | Train C-index: 0.7391 | Val Fused: 0.6218 | Val CT: 0.5472 | Val PA: 0.6363
Feature stats | CT: mean=0.9137, std=0.9301, mean_l2=29.4984, median_l2=29.4394, mean_abs=0.9137, max_abs=7.0911 | PA: mean=0.3218, std=0.2706, mean_l2=9.4861, median_l2=9.4033, mean_abs=0.3218, max_abs=2.1535
Epoch 4/30 | Train Loss: 4.8184 (Fused: 2.9739) | Train C-index: 0.7505 | Val Fused: 0.6336 | Val CT: 0.5539 | Val PA: 0.6316
Feature stats | CT: mean=0.8897, std=0.9102, mean_l2=28.7958, median_l2=28.7274, mean_abs=0.8897, max_abs=6.9793 | PA: mean=0.3455, std=0.2885, mean_l2=10.1502, median_l2=10.0373, mean_abs=0.3455, max_abs=2.2570
Epoch 5/30 | Train Loss: 4.6748 (Fused: 2.8482) | Train C-index: 0.7770 | Val Fused: 0.6471 | Val CT: 0.5580 | Val PA: 0.6424
Feature stats | CT: mean=0.8694, std=0.8965, mean_l2=28.2519, median_l2=28.1593, mean_abs=0.8694, max_abs=6.8797 | PA: mean=0.3617, std=0.2981, mean_l2=10.5722, median_l2=10.4970, mean_abs=0.3617, max_abs=2.2669
Epoch 6/30 | Train Loss: 4.6807 (Fused: 2.8538) | Train C-index: 0.7865 | Val Fused: 0.6521 | Val CT: 0.5630 | Val PA: 0.6440
Feature stats | CT: mean=0.8496, std=0.8806, mean_l2=27.6799, median_l2=27.5862, mean_abs=0.8496, max_abs=6.8080 | PA: mean=0.3742, std=0.3033, mean_l2=10.8676, median_l2=10.8306, mean_abs=0.3742, max_abs=2.2656
Epoch 7/30 | Train Loss: 4.5649 (Fused: 2.7697) | Train C-index: 0.7954 | Val Fused: 0.6588 | Val CT: 0.5664 | Val PA: 0.6461
Feature stats | CT: mean=0.8436, std=0.8730, mean_l2=27.4594, median_l2=27.3353, mean_abs=0.8436, max_abs=6.7510 | PA: mean=0.3912, std=0.3117, mean_l2=11.2852, median_l2=11.2539, mean_abs=0.3912, max_abs=2.2667
Epoch 8/30 | Train Loss: 4.4495 (Fused: 2.6768) | Train C-index: 0.8173 | Val Fused: 0.6632 | Val CT: 0.5627 | Val PA: 0.6450
Feature stats | CT: mean=0.8625, std=0.8880, mean_l2=27.9859, median_l2=27.7340, mean_abs=0.8625, max_abs=6.9497 | PA: mean=0.4130, std=0.3244, mean_l2=11.8475, median_l2=11.8556, mean_abs=0.4130, max_abs=2.2919
Epoch 9/30 | Train Loss: 4.3867 (Fused: 2.6216) | Train C-index: 0.8323 | Val Fused: 0.6659 | Val CT: 0.5687 | Val PA: 0.6454
Feature stats | CT: mean=0.8781, std=0.9041, mean_l2=28.4697, median_l2=28.1243, mean_abs=0.8781, max_abs=7.2245 | PA: mean=0.4393, std=0.3399, mean_l2=12.5273, median_l2=12.5764, mean_abs=0.4393, max_abs=2.3722
Epoch 10/30 | Train Loss: 4.4568 (Fused: 2.6699) | Train C-index: 0.8365 | Val Fused: 0.6676 | Val CT: 0.5724 | Val PA: 0.6568
Feature stats | CT: mean=0.8916, std=0.9191, mean_l2=28.9088, median_l2=28.5646, mean_abs=0.8916, max_abs=7.3029 | PA: mean=0.4605, std=0.3480, mean_l2=13.0172, median_l2=13.0752, mean_abs=0.4605, max_abs=2.3872
Epoch 11/30 | Train Loss: 4.3256 (Fused: 2.5562) | Train C-index: 0.8531 | Val Fused: 0.6824 | Val CT: 0.5751 | Val PA: 0.6713
Feature stats | CT: mean=0.8677, std=0.8958, mean_l2=28.1449, median_l2=27.6508, mean_abs=0.8677, max_abs=7.1588 | PA: mean=0.4794, std=0.3549, mean_l2=13.4540, median_l2=13.5216, mean_abs=0.4794, max_abs=2.4249
Epoch 12/30 | Train Loss: 4.1459 (Fused: 2.4237) | Train C-index: 0.8639 | Val Fused: 0.6810 | Val CT: 0.5852 | Val PA: 0.6861
Feature stats | CT: mean=0.8648, std=0.8894, mean_l2=27.9977, median_l2=27.4485, mean_abs=0.8648, max_abs=6.9085 | PA: mean=0.4981, std=0.3616, mean_l2=13.8861, median_l2=13.9922, mean_abs=0.4981, max_abs=2.4628
Epoch 13/30 | Train Loss: 4.3178 (Fused: 2.5713) | Train C-index: 0.8693 | Val Fused: 0.6649 | Val CT: 0.5909 | Val PA: 0.6807
Feature stats | CT: mean=0.8931, std=0.9251, mean_l2=28.9796, median_l2=28.5165, mean_abs=0.8931, max_abs=7.2541 | PA: mean=0.5139, std=0.3661, mean_l2=14.2324, median_l2=14.3491, mean_abs=0.5139, max_abs=2.5105
Epoch 14/30 | Train Loss: 3.9830 (Fused: 2.2975) | Train C-index: 0.8824 | Val Fused: 0.6363 | Val CT: 0.5923 | Val PA: 0.6726
Feature stats | CT: mean=0.9598, std=1.0013, mean_l2=31.2584, median_l2=31.1036, mean_abs=0.9598, max_abs=7.5848 | PA: mean=0.5288, std=0.3721, mean_l2=14.5837, median_l2=14.7359, mean_abs=0.5288, max_abs=2.5231
Epoch 15/30 | Train Loss: 4.1649 (Fused: 2.3864) | Train C-index: 0.8849 | Val Fused: 0.6719 | Val CT: 0.5919 | Val PA: 0.6679
Feature stats | CT: mean=0.9013, std=0.9466, mean_l2=29.4319, median_l2=28.7638, mean_abs=0.9013, max_abs=7.3461 | PA: mean=0.5434, std=0.3777, mean_l2=14.9194, median_l2=15.0376, mean_abs=0.5434, max_abs=2.5197
Epoch 16/30 | Train Loss: 3.8963 (Fused: 2.2370) | Train C-index: 0.8893 | Val Fused: 0.6531 | Val CT: 0.5943 | Val PA: 0.6672
Feature stats | CT: mean=0.8474, std=0.8978, mean_l2=27.8370, median_l2=27.2479, mean_abs=0.8474, max_abs=7.4396 | PA: mean=0.5543, std=0.3780, mean_l2=15.1238, median_l2=15.2700, mean_abs=0.5543, max_abs=2.5201
Epoch 17/30 | Train Loss: 3.7740 (Fused: 2.1150) | Train C-index: 0.9056 | Val Fused: 0.6615 | Val CT: 0.5956 | Val PA: 0.6696
Feature stats | CT: mean=0.8341, std=0.8896, mean_l2=27.4942, median_l2=26.8580, mean_abs=0.8341, max_abs=7.7726 | PA: mean=0.5656, std=0.3811, mean_l2=15.3722, median_l2=15.5385, mean_abs=0.5656, max_abs=2.5802
Epoch 18/30 | Train Loss: 3.6291 (Fused: 1.9941) | Train C-index: 0.9134 | Val Fused: 0.6618 | Val CT: 0.6000 | Val PA: 0.6682
Feature stats | CT: mean=0.8585, std=0.9114, mean_l2=28.2302, median_l2=27.7285, mean_abs=0.8585, max_abs=7.9431 | PA: mean=0.5846, std=0.3945, mean_l2=15.8970, median_l2=16.0591, mean_abs=0.5846, max_abs=2.6540
Epoch 19/30 | Train Loss: 3.4901 (Fused: 1.8663) | Train C-index: 0.9263 | Val Fused: 0.6373 | Val CT: 0.6037 | Val PA: 0.6672
Feature stats | CT: mean=0.8640, std=0.9169, mean_l2=28.3776, median_l2=27.6140, mean_abs=0.8640, max_abs=8.2061 | PA: mean=0.6025, std=0.4077, mean_l2=16.3957, median_l2=16.5338, mean_abs=0.6025, max_abs=2.7174
Epoch 20/30 | Train Loss: 3.4329 (Fused: 1.8230) | Train C-index: 0.9211 | Val Fused: 0.6598 | Val CT: 0.6064 | Val PA: 0.6780
Feature stats | CT: mean=0.8888, std=0.9433, mean_l2=29.1980, median_l2=28.7282, mean_abs=0.8888, max_abs=8.3416 | PA: mean=0.6147, std=0.4118, mean_l2=16.6773, median_l2=16.8881, mean_abs=0.6147, max_abs=2.7246
Epoch 21/30 | Train Loss: 3.4247 (Fused: 1.8284) | Train C-index: 0.9446 | Val Fused: 0.6424 | Val CT: 0.6104 | Val PA: 0.6699
Feature stats | CT: mean=0.8341, std=0.8887, mean_l2=27.4791, median_l2=26.7659, mean_abs=0.8341, max_abs=7.9160 | PA: mean=0.6303, std=0.4165, mean_l2=17.0295, median_l2=17.2454, mean_abs=0.6303, max_abs=2.7621
Early stopping at epoch 21
Fold 4 best C-index: 0.6824

Extra survival metrics:
cutoff_from_train_median: -1.713032
n_test: 112
n_high_risk: 64
n_low_risk: 48
n_event_test: 38
logrank_stat: 10.545709
logrank_p: 0.001165
auc_36m: 0.759243
auc_60m: 0.685401
HR_high_vs_low: 3.240893
HR_95CI_lower: 1.530040
HR_95CI_upper: 6.864778
cox_p: 0.002137

==================================================
5-Fold CV Summary
==================================================
  C-index: 0.7364 +/- 0.0358
