Using Device: cuda | ROI: 64
PA: abmil | CT: resnet18 | Fusion: weighted | Fusion dropout: 0.0 | Norm: none | CT/PA dropout: 0.0 | CT augmentation: disabled
LR: 0.0001 | CT Backbone LR: 1e-05
Loss: Fused Cox + 0.3*CT + 0.5*PA
CT pretrained: /home/gly001/cqj/pa_ct_surv/model/ct_pretrain/resnet_18_23dataset.pth
Checkpoints: /home/gly001/cqj/pa_ct_surv/checkpoints/pact_v4/pact/roi64_abmil_resnet18_weighted_normnone_fusion_dropout0.0_epochs30_coxbs64_lr1e-4_blr1e-5_wd5e-4_lct0.3_lpa0.5_seed2024
Results: /home/gly001/cqj/pa_ct_surv/results/pact_v4/pact/roi64_abmil_resnet18_weighted_normnone_fusion_dropout0.0_epochs30_coxbs64_lr1e-4_blr1e-5_wd5e-4_lct0.3_lpa0.5_seed2024
Loaded 703 paired samples
Locked split: train=562, test=141
Test set is not accessed during CV

==================================================
Fold 1/5
==================================================
[ResNetCox] Loaded pretrained from /home/gly001/cqj/pa_ct_surv/model/ct_pretrain/resnet_18_23dataset.pth
  Missing keys (ok): ['fc.weight', 'fc.bias']
Epoch 1/30 | Train Loss: 5.7982 (Fused: 3.2230) | Train C-index: 0.6569 | Val Fused: 0.6649 | Val CT: 0.6092 | Val PA: 0.6604 | Alpha CT: 0.4998 | Alpha PA: 0.5002
Feature stats | CT: mean=0.8497, std=0.8714, mean_l2=27.5373, median_l2=27.5121, mean_abs=0.8497, max_abs=6.5609 | PA: mean=0.2890, std=0.2183, mean_l2=8.1892, median_l2=8.1700, mean_abs=0.2890, max_abs=1.7641
Epoch 2/30 | Train Loss: 5.5616 (Fused: 3.0912) | Train C-index: 0.7374 | Val Fused: 0.6743 | Val CT: 0.5988 | Val PA: 0.6727 | Alpha CT: 0.4996 | Alpha PA: 0.5004
Feature stats | CT: mean=0.8385, std=0.8636, mean_l2=27.2342, median_l2=27.2332, mean_abs=0.8385, max_abs=6.8643 | PA: mean=0.3027, std=0.2356, mean_l2=8.6701, median_l2=8.6468, mean_abs=0.3027, max_abs=1.8585
Epoch 3/30 | Train Loss: 5.5084 (Fused: 3.0462) | Train C-index: 0.7503 | Val Fused: 0.6847 | Val CT: 0.6014 | Val PA: 0.6776 | Alpha CT: 0.4994 | Alpha PA: 0.5006
Feature stats | CT: mean=0.8583, std=0.8811, mean_l2=27.8181, median_l2=27.7694, mean_abs=0.8583, max_abs=7.3144 | PA: mean=0.3327, std=0.2635, mean_l2=9.5842, median_l2=9.5435, mean_abs=0.3327, max_abs=1.9804
Epoch 4/30 | Train Loss: 5.3997 (Fused: 2.9730) | Train C-index: 0.7640 | Val Fused: 0.6899 | Val CT: 0.6024 | Val PA: 0.6795 | Alpha CT: 0.4993 | Alpha PA: 0.5007
Feature stats | CT: mean=0.8737, std=0.8943, mean_l2=28.2528, median_l2=28.1693, mean_abs=0.8737, max_abs=7.9140 | PA: mean=0.3603, std=0.2857, mean_l2=10.3811, median_l2=10.3450, mean_abs=0.3603, max_abs=2.1735
Epoch 5/30 | Train Loss: 5.3479 (Fused: 2.9424) | Train C-index: 0.7731 | Val Fused: 0.6909 | Val CT: 0.6128 | Val PA: 0.6850 | Alpha CT: 0.4991 | Alpha PA: 0.5009
Feature stats | CT: mean=0.9560, std=0.9835, mean_l2=30.9204, median_l2=30.9329, mean_abs=0.9560, max_abs=8.6890 | PA: mean=0.3809, std=0.2993, mean_l2=10.9348, median_l2=10.8820, mean_abs=0.3809, max_abs=2.1921
Epoch 6/30 | Train Loss: 5.2555 (Fused: 2.8937) | Train C-index: 0.7876 | Val Fused: 0.6951 | Val CT: 0.6257 | Val PA: 0.6896 | Alpha CT: 0.4989 | Alpha PA: 0.5011
Feature stats | CT: mean=0.9192, std=0.9477, mean_l2=29.7236, median_l2=29.3589, mean_abs=0.9192, max_abs=8.6532 | PA: mean=0.3985, std=0.3096, mean_l2=11.3917, median_l2=11.3693, mean_abs=0.3985, max_abs=2.2460
Epoch 7/30 | Train Loss: 5.1688 (Fused: 2.8469) | Train C-index: 0.7973 | Val Fused: 0.6983 | Val CT: 0.6355 | Val PA: 0.6892 | Alpha CT: 0.4987 | Alpha PA: 0.5013
Feature stats | CT: mean=0.9785, std=1.0120, mean_l2=31.6471, median_l2=31.4398, mean_abs=0.9785, max_abs=8.7275 | PA: mean=0.4172, std=0.3192, mean_l2=11.8565, median_l2=11.8599, mean_abs=0.4172, max_abs=2.2581
Epoch 8/30 | Train Loss: 5.1152 (Fused: 2.8127) | Train C-index: 0.8064 | Val Fused: 0.7006 | Val CT: 0.6316 | Val PA: 0.6873 | Alpha CT: 0.4985 | Alpha PA: 0.5015
Feature stats | CT: mean=1.0156, std=1.0501, mean_l2=32.8460, median_l2=32.4628, mean_abs=1.0156, max_abs=8.8350 | PA: mean=0.4433, std=0.3327, mean_l2=12.5072, median_l2=12.5472, mean_abs=0.4433, max_abs=2.3449
Epoch 9/30 | Train Loss: 5.0775 (Fused: 2.7920) | Train C-index: 0.8122 | Val Fused: 0.7032 | Val CT: 0.6416 | Val PA: 0.6886 | Alpha CT: 0.4983 | Alpha PA: 0.5017
Feature stats | CT: mean=0.9688, std=0.9973, mean_l2=31.2609, median_l2=31.0432, mean_abs=0.9688, max_abs=8.5350 | PA: mean=0.4665, std=0.3422, mean_l2=13.0555, median_l2=13.0705, mean_abs=0.4665, max_abs=2.3601
Epoch 10/30 | Train Loss: 5.0041 (Fused: 2.7531) | Train C-index: 0.8200 | Val Fused: 0.7038 | Val CT: 0.6397 | Val PA: 0.6860 | Alpha CT: 0.4980 | Alpha PA: 0.5020
Feature stats | CT: mean=0.9518, std=0.9784, mean_l2=30.6912, median_l2=30.4452, mean_abs=0.9518, max_abs=8.1841 | PA: mean=0.4865, std=0.3499, mean_l2=13.5235, median_l2=13.5812, mean_abs=0.4865, max_abs=2.3656
Epoch 11/30 | Train Loss: 4.9505 (Fused: 2.7176) | Train C-index: 0.8234 | Val Fused: 0.7048 | Val CT: 0.6400 | Val PA: 0.6795 | Alpha CT: 0.4978 | Alpha PA: 0.5022
Feature stats | CT: mean=0.9568, std=0.9843, mean_l2=30.8360, median_l2=30.6471, mean_abs=0.9568, max_abs=8.4934 | PA: mean=0.5127, std=0.3599, mean_l2=14.1350, median_l2=14.1680, mean_abs=0.5127, max_abs=2.4351
Epoch 12/30 | Train Loss: 4.9002 (Fused: 2.6856) | Train C-index: 0.8321 | Val Fused: 0.7106 | Val CT: 0.6393 | Val PA: 0.6795 | Alpha CT: 0.4976 | Alpha PA: 0.5024
Feature stats | CT: mean=1.0176, std=1.0540, mean_l2=32.8856, median_l2=32.6778, mean_abs=1.0176, max_abs=8.4620 | PA: mean=0.5372, std=0.3669, mean_l2=14.6761, median_l2=14.7433, mean_abs=0.5372, max_abs=2.4865
Epoch 13/30 | Train Loss: 4.8324 (Fused: 2.6499) | Train C-index: 0.8417 | Val Fused: 0.7119 | Val CT: 0.6393 | Val PA: 0.6808 | Alpha CT: 0.4973 | Alpha PA: 0.5027
Feature stats | CT: mean=0.9425, std=0.9568, mean_l2=30.2284, median_l2=29.6552, mean_abs=0.9425, max_abs=7.7043 | PA: mean=0.5567, std=0.3703, mean_l2=15.0857, median_l2=15.1485, mean_abs=0.5567, max_abs=2.5687
Epoch 14/30 | Train Loss: 4.7678 (Fused: 2.6081) | Train C-index: 0.8466 | Val Fused: 0.7152 | Val CT: 0.6393 | Val PA: 0.6785 | Alpha CT: 0.4971 | Alpha PA: 0.5029
Feature stats | CT: mean=1.0041, std=1.0319, mean_l2=32.3720, median_l2=32.6160, mean_abs=1.0041, max_abs=8.3295 | PA: mean=0.5801, std=0.3781, mean_l2=15.6227, median_l2=15.6897, mean_abs=0.5801, max_abs=2.6282
Epoch 15/30 | Train Loss: 4.7093 (Fused: 2.5676) | Train C-index: 0.8576 | Val Fused: 0.7058 | Val CT: 0.6406 | Val PA: 0.6688 | Alpha CT: 0.4968 | Alpha PA: 0.5032
Feature stats | CT: mean=0.9517, std=0.9673, mean_l2=30.5444, median_l2=30.4378, mean_abs=0.9517, max_abs=7.9884 | PA: mean=0.6028, std=0.3834, mean_l2=16.1186, median_l2=16.1745, mean_abs=0.6028, max_abs=2.6557
Epoch 16/30 | Train Loss: 4.6855 (Fused: 2.5495) | Train C-index: 0.8595 | Val Fused: 0.7041 | Val CT: 0.6484 | Val PA: 0.6662 | Alpha CT: 0.4966 | Alpha PA: 0.5034
Feature stats | CT: mean=1.0083, std=1.0340, mean_l2=32.4651, median_l2=32.5417, mean_abs=1.0083, max_abs=8.4692 | PA: mean=0.6212, std=0.3871, mean_l2=16.5135, median_l2=16.5762, mean_abs=0.6212, max_abs=2.6478
Epoch 17/30 | Train Loss: 4.5917 (Fused: 2.4932) | Train C-index: 0.8671 | Val Fused: 0.7077 | Val CT: 0.6510 | Val PA: 0.6669 | Alpha CT: 0.4963 | Alpha PA: 0.5037
Feature stats | CT: mean=0.9940, std=1.0171, mean_l2=31.9425, median_l2=31.4779, mean_abs=0.9940, max_abs=8.3656 | PA: mean=0.6390, std=0.3930, mean_l2=16.9238, median_l2=16.9757, mean_abs=0.6390, max_abs=2.6468
Epoch 18/30 | Train Loss: 4.5289 (Fused: 2.4511) | Train C-index: 0.8757 | Val Fused: 0.6999 | Val CT: 0.6575 | Val PA: 0.6610 | Alpha CT: 0.4961 | Alpha PA: 0.5039
Feature stats | CT: mean=1.0423, std=1.0735, mean_l2=33.6172, median_l2=33.5123, mean_abs=1.0423, max_abs=8.6706 | PA: mean=0.6559, std=0.3985, mean_l2=17.3136, median_l2=17.3645, mean_abs=0.6559, max_abs=2.6853
Epoch 19/30 | Train Loss: 4.4251 (Fused: 2.3998) | Train C-index: 0.8839 | Val Fused: 0.7145 | Val CT: 0.6598 | Val PA: 0.6701 | Alpha CT: 0.4958 | Alpha PA: 0.5042
Feature stats | CT: mean=1.0003, std=1.0156, mean_l2=32.0766, median_l2=31.8332, mean_abs=1.0003, max_abs=8.4971 | PA: mean=0.6710, std=0.4040, mean_l2=17.6689, median_l2=17.6975, mean_abs=0.6710, max_abs=2.7579
Epoch 20/30 | Train Loss: 4.3156 (Fused: 2.3307) | Train C-index: 0.8886 | Val Fused: 0.6996 | Val CT: 0.6640 | Val PA: 0.6432 | Alpha CT: 0.4955 | Alpha PA: 0.5045
Feature stats | CT: mean=0.9646, std=0.9770, mean_l2=30.8795, median_l2=30.5170, mean_abs=0.9646, max_abs=8.3901 | PA: mean=0.6907, std=0.4112, mean_l2=18.1284, median_l2=18.1509, mean_abs=0.6907, max_abs=2.8101
Epoch 21/30 | Train Loss: 4.2335 (Fused: 2.2702) | Train C-index: 0.8922 | Val Fused: 0.7035 | Val CT: 0.6601 | Val PA: 0.6552 | Alpha CT: 0.4953 | Alpha PA: 0.5047
Feature stats | CT: mean=1.1086, std=1.1643, mean_l2=36.0359, median_l2=36.2607, mean_abs=1.1086, max_abs=9.1209 | PA: mean=0.7065, std=0.4178, mean_l2=18.5123, median_l2=18.5164, mean_abs=0.7065, max_abs=2.8631
Epoch 22/30 | Train Loss: 4.1906 (Fused: 2.2383) | Train C-index: 0.9030 | Val Fused: 0.6892 | Val CT: 0.6617 | Val PA: 0.6507 | Alpha CT: 0.4950 | Alpha PA: 0.5050
Feature stats | CT: mean=1.0451, std=1.0727, mean_l2=33.6634, median_l2=33.1086, mean_abs=1.0451, max_abs=8.6807 | PA: mean=0.7250, std=0.4285, mean_l2=18.9929, median_l2=19.0681, mean_abs=0.7250, max_abs=2.8915
Epoch 23/30 | Train Loss: 4.0779 (Fused: 2.1727) | Train C-index: 0.9100 | Val Fused: 0.6892 | Val CT: 0.6591 | Val PA: 0.6517 | Alpha CT: 0.4947 | Alpha PA: 0.5053
Feature stats | CT: mean=1.0222, std=1.0436, mean_l2=32.8706, median_l2=32.7579, mean_abs=1.0222, max_abs=8.6033 | PA: mean=0.7402, std=0.4362, mean_l2=19.3728, median_l2=19.4085, mean_abs=0.7402, max_abs=2.9761
Epoch 24/30 | Train Loss: 3.9721 (Fused: 2.1064) | Train C-index: 0.9183 | Val Fused: 0.6795 | Val CT: 0.6630 | Val PA: 0.6416 | Alpha CT: 0.4944 | Alpha PA: 0.5056
Feature stats | CT: mean=1.0406, std=1.0626, mean_l2=33.4711, median_l2=33.1603, mean_abs=1.0406, max_abs=8.4685 | PA: mean=0.7534, std=0.4422, mean_l2=19.6965, median_l2=19.7099, mean_abs=0.7534, max_abs=3.0160
Early stopping at epoch 24
Fold 0 best fusion alpha | CT: 0.4971 | PA: 0.5029
Fold 0 best C-index: 0.7152

Extra survival metrics:
cutoff_from_train_median: -0.919237
n_test: 113
n_high_risk: 51
n_low_risk: 62
n_event_test: 38
logrank_stat: 10.031495
logrank_p: 0.001539
auc_36m: 0.795108
auc_60m: 0.721317
HR_high_vs_low: 2.821641
HR_95CI_lower: 1.441123
HR_95CI_upper: 5.524619
cox_p: 0.002479

==================================================
Fold 2/5
==================================================
[ResNetCox] Loaded pretrained from /home/gly001/cqj/pa_ct_surv/model/ct_pretrain/resnet_18_23dataset.pth
  Missing keys (ok): ['fc.weight', 'fc.bias']
Epoch 1/30 | Train Loss: 5.8518 (Fused: 3.2525) | Train C-index: 0.6282 | Val Fused: 0.7786 | Val CT: 0.7216 | Val PA: 0.7776 | Alpha CT: 0.5000 | Alpha PA: 0.5000
Feature stats | CT: mean=0.8549, std=0.8747, mean_l2=27.6736, median_l2=27.6203, mean_abs=0.8549, max_abs=6.6295 | PA: mean=0.2890, std=0.2186, mean_l2=8.1933, median_l2=8.1620, mean_abs=0.2890, max_abs=1.7496
Epoch 2/30 | Train Loss: 5.7054 (Fused: 3.1716) | Train C-index: 0.7172 | Val Fused: 0.7816 | Val CT: 0.7243 | Val PA: 0.7820 | Alpha CT: 0.4998 | Alpha PA: 0.5002
Feature stats | CT: mean=0.8418, std=0.8643, mean_l2=27.2972, median_l2=27.3277, mean_abs=0.8418, max_abs=6.6065 | PA: mean=0.2980, std=0.2298, mean_l2=8.5050, median_l2=8.4602, mean_abs=0.2980, max_abs=1.8481
Epoch 3/30 | Train Loss: 5.5790 (Fused: 3.0910) | Train C-index: 0.7309 | Val Fused: 0.7928 | Val CT: 0.7209 | Val PA: 0.7850 | Alpha CT: 0.4996 | Alpha PA: 0.5004
Feature stats | CT: mean=0.8569, std=0.8751, mean_l2=27.7050, median_l2=27.6704, mean_abs=0.8569, max_abs=6.9385 | PA: mean=0.3218, std=0.2541, mean_l2=9.2624, median_l2=9.1900, mean_abs=0.3218, max_abs=2.0006
Epoch 4/30 | Train Loss: 5.5272 (Fused: 3.0500) | Train C-index: 0.7398 | Val Fused: 0.7901 | Val CT: 0.7226 | Val PA: 0.7870 | Alpha CT: 0.4994 | Alpha PA: 0.5006
Feature stats | CT: mean=0.9109, std=0.9279, mean_l2=29.3796, median_l2=29.4038, mean_abs=0.9109, max_abs=7.8304 | PA: mean=0.3478, std=0.2776, mean_l2=10.0472, median_l2=9.9950, mean_abs=0.3478, max_abs=2.0606
Epoch 5/30 | Train Loss: 5.4527 (Fused: 3.0018) | Train C-index: 0.7492 | Val Fused: 0.7976 | Val CT: 0.7202 | Val PA: 0.7955 | Alpha CT: 0.4992 | Alpha PA: 0.5008
Feature stats | CT: mean=0.9523, std=0.9780, mean_l2=30.7548, median_l2=30.3684, mean_abs=0.9523, max_abs=8.7252 | PA: mean=0.3694, std=0.2928, mean_l2=10.6414, median_l2=10.5841, mean_abs=0.3694, max_abs=2.0673
Epoch 6/30 | Train Loss: 5.3348 (Fused: 2.9396) | Train C-index: 0.7668 | Val Fused: 0.7965 | Val CT: 0.7046 | Val PA: 0.8040 | Alpha CT: 0.4990 | Alpha PA: 0.5010
Feature stats | CT: mean=0.9258, std=0.9499, mean_l2=29.8791, median_l2=29.6336, mean_abs=0.9258, max_abs=8.6035 | PA: mean=0.3838, std=0.3008, mean_l2=11.0094, median_l2=10.9418, mean_abs=0.3838, max_abs=2.1026
Epoch 7/30 | Train Loss: 5.2986 (Fused: 2.9190) | Train C-index: 0.7701 | Val Fused: 0.7925 | Val CT: 0.6975 | Val PA: 0.8138 | Alpha CT: 0.4989 | Alpha PA: 0.5011
Feature stats | CT: mean=1.1178, std=1.1800, mean_l2=36.5128, median_l2=36.2686, mean_abs=1.1178, max_abs=9.6723 | PA: mean=0.4007, std=0.3097, mean_l2=11.4336, median_l2=11.4087, mean_abs=0.4007, max_abs=2.2219
Epoch 8/30 | Train Loss: 5.2532 (Fused: 2.8942) | Train C-index: 0.7825 | Val Fused: 0.7982 | Val CT: 0.7060 | Val PA: 0.8193 | Alpha CT: 0.4987 | Alpha PA: 0.5013
Feature stats | CT: mean=1.2059, std=1.2929, mean_l2=39.7156, median_l2=39.4184, mean_abs=1.2059, max_abs=9.9845 | PA: mean=0.4201, std=0.3186, mean_l2=11.9049, median_l2=11.8750, mean_abs=0.4201, max_abs=2.2834
Epoch 9/30 | Train Loss: 5.1737 (Fused: 2.8488) | Train C-index: 0.7888 | Val Fused: 0.8026 | Val CT: 0.7101 | Val PA: 0.8260 | Alpha CT: 0.4985 | Alpha PA: 0.5015
Feature stats | CT: mean=1.2289, std=1.3255, mean_l2=40.5789, median_l2=40.4239, mean_abs=1.2289, max_abs=10.2864 | PA: mean=0.4432, std=0.3287, mean_l2=12.4571, median_l2=12.4236, mean_abs=0.4432, max_abs=2.3348
Epoch 10/30 | Train Loss: 5.1602 (Fused: 2.8381) | Train C-index: 0.7934 | Val Fused: 0.8043 | Val CT: 0.7141 | Val PA: 0.8247 | Alpha CT: 0.4983 | Alpha PA: 0.5017
Feature stats | CT: mean=1.2703, std=1.3836, mean_l2=42.1389, median_l2=42.1258, mean_abs=1.2703, max_abs=10.5609 | PA: mean=0.4654, std=0.3382, mean_l2=12.9883, median_l2=12.9446, mean_abs=0.4654, max_abs=2.3372
Epoch 11/30 | Train Loss: 5.0744 (Fused: 2.7934) | Train C-index: 0.8063 | Val Fused: 0.7996 | Val CT: 0.6826 | Val PA: 0.8216 | Alpha CT: 0.4981 | Alpha PA: 0.5019
Feature stats | CT: mean=1.2215, std=1.3193, mean_l2=40.4272, median_l2=40.2778, mean_abs=1.2215, max_abs=10.0638 | PA: mean=0.4860, std=0.3465, mean_l2=13.4748, median_l2=13.4795, mean_abs=0.4860, max_abs=2.3711
Epoch 12/30 | Train Loss: 5.0358 (Fused: 2.7679) | Train C-index: 0.8148 | Val Fused: 0.8023 | Val CT: 0.7131 | Val PA: 0.8162 | Alpha CT: 0.4978 | Alpha PA: 0.5022
Feature stats | CT: mean=1.1465, std=1.2167, mean_l2=37.6124, median_l2=37.1554, mean_abs=1.1465, max_abs=9.5190 | PA: mean=0.5106, std=0.3559, mean_l2=14.0514, median_l2=14.0299, mean_abs=0.5106, max_abs=2.3991
Epoch 13/30 | Train Loss: 4.9527 (Fused: 2.7199) | Train C-index: 0.8197 | Val Fused: 0.8009 | Val CT: 0.7216 | Val PA: 0.8165 | Alpha CT: 0.4976 | Alpha PA: 0.5024
Feature stats | CT: mean=1.2545, std=1.3631, mean_l2=41.6630, median_l2=41.9918, mean_abs=1.2545, max_abs=10.0906 | PA: mean=0.5312, std=0.3620, mean_l2=14.5123, median_l2=14.5074, mean_abs=0.5312, max_abs=2.4319
Epoch 14/30 | Train Loss: 4.9172 (Fused: 2.6974) | Train C-index: 0.8292 | Val Fused: 0.7982 | Val CT: 0.6816 | Val PA: 0.8149 | Alpha CT: 0.4974 | Alpha PA: 0.5026
Feature stats | CT: mean=1.2892, std=1.4030, mean_l2=42.8493, median_l2=42.9706, mean_abs=1.2892, max_abs=10.2157 | PA: mean=0.5505, std=0.3677, mean_l2=14.9457, median_l2=14.9468, mean_abs=0.5505, max_abs=2.4387
Epoch 15/30 | Train Loss: 4.8564 (Fused: 2.6606) | Train C-index: 0.8325 | Val Fused: 0.8023 | Val CT: 0.7128 | Val PA: 0.8138 | Alpha CT: 0.4972 | Alpha PA: 0.5028
Feature stats | CT: mean=1.3369, std=1.4559, mean_l2=44.3720, median_l2=44.0473, mean_abs=1.3369, max_abs=10.7316 | PA: mean=0.5734, std=0.3756, mean_l2=15.4731, median_l2=15.4556, mean_abs=0.5734, max_abs=2.4795
Epoch 16/30 | Train Loss: 4.8272 (Fused: 2.6456) | Train C-index: 0.8443 | Val Fused: 0.8060 | Val CT: 0.6907 | Val PA: 0.8111 | Alpha CT: 0.4969 | Alpha PA: 0.5031
Feature stats | CT: mean=1.4244, std=1.5656, mean_l2=47.6097, median_l2=47.8834, mean_abs=1.4244, max_abs=10.7488 | PA: mean=0.5920, std=0.3793, mean_l2=15.8705, median_l2=15.8320, mean_abs=0.5920, max_abs=2.4988
Epoch 17/30 | Train Loss: 4.6867 (Fused: 2.5623) | Train C-index: 0.8572 | Val Fused: 0.8077 | Val CT: 0.7138 | Val PA: 0.8081 | Alpha CT: 0.4967 | Alpha PA: 0.5033
Feature stats | CT: mean=1.3982, std=1.5335, mean_l2=46.6742, median_l2=46.1739, mean_abs=1.3982, max_abs=10.7340 | PA: mean=0.6107, std=0.3835, mean_l2=16.2765, median_l2=16.2771, mean_abs=0.6107, max_abs=2.5893
Epoch 18/30 | Train Loss: 4.5856 (Fused: 2.4912) | Train C-index: 0.8603 | Val Fused: 0.7884 | Val CT: 0.6192 | Val PA: 0.8043 | Alpha CT: 0.4964 | Alpha PA: 0.5036
Feature stats | CT: mean=1.4592, std=1.6021, mean_l2=48.6470, median_l2=48.7403, mean_abs=1.4592, max_abs=10.9825 | PA: mean=0.6348, std=0.3958, mean_l2=16.8793, median_l2=16.9226, mean_abs=0.6348, max_abs=2.6120
Epoch 19/30 | Train Loss: 4.5795 (Fused: 2.4844) | Train C-index: 0.8667 | Val Fused: 0.7976 | Val CT: 0.7128 | Val PA: 0.7982 | Alpha CT: 0.4962 | Alpha PA: 0.5038
Feature stats | CT: mean=1.4072, std=1.5385, mean_l2=46.8620, median_l2=46.5499, mean_abs=1.4072, max_abs=10.7952 | PA: mean=0.6529, std=0.4037, mean_l2=17.3211, median_l2=17.3682, mean_abs=0.6529, max_abs=2.7390
Epoch 20/30 | Train Loss: 4.5362 (Fused: 2.4541) | Train C-index: 0.8715 | Val Fused: 0.7901 | Val CT: 0.6687 | Val PA: 0.7864 | Alpha CT: 0.4959 | Alpha PA: 0.5041
Feature stats | CT: mean=1.4833, std=1.6351, mean_l2=49.5822, median_l2=49.8036, mean_abs=1.4833, max_abs=11.0842 | PA: mean=0.6695, std=0.4095, mean_l2=17.7064, median_l2=17.7140, mean_abs=0.6695, max_abs=2.8928
Epoch 21/30 | Train Loss: 4.3864 (Fused: 2.3726) | Train C-index: 0.8888 | Val Fused: 0.8006 | Val CT: 0.7124 | Val PA: 0.7982 | Alpha CT: 0.4957 | Alpha PA: 0.5043
Feature stats | CT: mean=1.4098, std=1.5473, mean_l2=47.1040, median_l2=46.7932, mean_abs=1.4098, max_abs=10.7724 | PA: mean=0.6828, std=0.4147, mean_l2=18.0217, median_l2=18.0040, mean_abs=0.6828, max_abs=2.9155
Epoch 22/30 | Train Loss: 4.3480 (Fused: 2.3311) | Train C-index: 0.8884 | Val Fused: 0.7782 | Val CT: 0.6053 | Val PA: 0.7752 | Alpha CT: 0.4954 | Alpha PA: 0.5046
Feature stats | CT: mean=1.5697, std=1.7349, mean_l2=52.5286, median_l2=52.6558, mean_abs=1.5697, max_abs=11.3908 | PA: mean=0.6936, std=0.4191, mean_l2=18.2797, median_l2=18.2912, mean_abs=0.6936, max_abs=3.0157
Epoch 23/30 | Train Loss: 4.2591 (Fused: 2.2866) | Train C-index: 0.8995 | Val Fused: 0.7874 | Val CT: 0.7121 | Val PA: 0.7738 | Alpha CT: 0.4951 | Alpha PA: 0.5049
Feature stats | CT: mean=1.4001, std=1.5349, mean_l2=46.7430, median_l2=46.1819, mean_abs=1.4001, max_abs=10.5967 | PA: mean=0.7183, std=0.4262, mean_l2=18.8349, median_l2=18.8739, mean_abs=0.7183, max_abs=3.0021
Epoch 24/30 | Train Loss: 4.1796 (Fused: 2.2270) | Train C-index: 0.8931 | Val Fused: 0.7854 | Val CT: 0.7121 | Val PA: 0.7742 | Alpha CT: 0.4948 | Alpha PA: 0.5052
Feature stats | CT: mean=1.3220, std=1.4521, mean_l2=44.0311, median_l2=43.9323, mean_abs=1.3220, max_abs=10.9841 | PA: mean=0.7287, std=0.4383, mean_l2=19.1794, median_l2=19.1421, mean_abs=0.7287, max_abs=3.0890
Epoch 25/30 | Train Loss: 4.0085 (Fused: 2.1321) | Train C-index: 0.9203 | Val Fused: 0.7735 | Val CT: 0.6833 | Val PA: 0.7528 | Alpha CT: 0.4945 | Alpha PA: 0.5055
Feature stats | CT: mean=1.1872, std=1.2707, mean_l2=39.2060, median_l2=39.0691, mean_abs=1.1872, max_abs=9.8109 | PA: mean=0.7461, std=0.4444, mean_l2=19.5831, median_l2=19.5851, mean_abs=0.7461, max_abs=3.1768
Epoch 26/30 | Train Loss: 3.9101 (Fused: 2.0638) | Train C-index: 0.9286 | Val Fused: 0.7779 | Val CT: 0.6992 | Val PA: 0.7687 | Alpha CT: 0.4942 | Alpha PA: 0.5058
Feature stats | CT: mean=1.2774, std=1.3937, mean_l2=42.5604, median_l2=42.2719, mean_abs=1.2774, max_abs=10.4788 | PA: mean=0.7582, std=0.4524, mean_l2=19.9063, median_l2=19.9084, mean_abs=0.7582, max_abs=3.2535
Epoch 27/30 | Train Loss: 3.8735 (Fused: 2.0297) | Train C-index: 0.9200 | Val Fused: 0.7423 | Val CT: 0.6582 | Val PA: 0.7308 | Alpha CT: 0.4939 | Alpha PA: 0.5061
Feature stats | CT: mean=1.4341, std=1.5906, mean_l2=48.1755, median_l2=48.1730, mean_abs=1.4341, max_abs=11.0298 | PA: mean=0.7722, std=0.4660, mean_l2=20.3240, median_l2=20.2709, mean_abs=0.7722, max_abs=3.2565
Early stopping at epoch 27
Fold 1 best fusion alpha | CT: 0.4967 | PA: 0.5033
Fold 1 best C-index: 0.8077

Extra survival metrics:
cutoff_from_train_median: -2.689281
n_test: 113
n_high_risk: 55
n_low_risk: 58
n_event_test: 39
logrank_stat: 28.629601
logrank_p: 0.000000
auc_36m: 0.844324
auc_60m: 0.858067
HR_high_vs_low: 7.557630
HR_95CI_lower: 3.154161
HR_95CI_upper: 18.108707
cox_p: 0.000006

==================================================
Fold 3/5
==================================================
[ResNetCox] Loaded pretrained from /home/gly001/cqj/pa_ct_surv/model/ct_pretrain/resnet_18_23dataset.pth
  Missing keys (ok): ['fc.weight', 'fc.bias']
Epoch 1/30 | Train Loss: 5.8954 (Fused: 3.2786) | Train C-index: 0.6635 | Val Fused: 0.6834 | Val CT: 0.7003 | Val PA: 0.6693 | Alpha CT: 0.4998 | Alpha PA: 0.5002
Feature stats | CT: mean=0.8481, std=0.8702, mean_l2=27.4932, median_l2=27.4471, mean_abs=0.8481, max_abs=6.6271 | PA: mean=0.2893, std=0.2190, mean_l2=8.2036, median_l2=8.1883, mean_abs=0.2893, max_abs=1.7709
Epoch 2/30 | Train Loss: 5.6653 (Fused: 3.1479) | Train C-index: 0.7385 | Val Fused: 0.6916 | Val CT: 0.6987 | Val PA: 0.6802 | Alpha CT: 0.4996 | Alpha PA: 0.5004
Feature stats | CT: mean=0.8380, std=0.8624, mean_l2=27.2058, median_l2=27.2155, mean_abs=0.8380, max_abs=6.6421 | PA: mean=0.3021, std=0.2335, mean_l2=8.6286, median_l2=8.6092, mean_abs=0.3021, max_abs=1.8785
Epoch 3/30 | Train Loss: 5.4773 (Fused: 3.0307) | Train C-index: 0.7459 | Val Fused: 0.6945 | Val CT: 0.7050 | Val PA: 0.6783 | Alpha CT: 0.4994 | Alpha PA: 0.5006
Feature stats | CT: mean=0.8508, std=0.8727, mean_l2=27.5696, median_l2=27.5563, mean_abs=0.8508, max_abs=6.9981 | PA: mean=0.3297, std=0.2594, mean_l2=9.4759, median_l2=9.4179, mean_abs=0.3297, max_abs=2.0311
Epoch 4/30 | Train Loss: 5.3973 (Fused: 2.9694) | Train C-index: 0.7551 | Val Fused: 0.7031 | Val CT: 0.7047 | Val PA: 0.6830 | Alpha CT: 0.4993 | Alpha PA: 0.5007
Feature stats | CT: mean=0.8792, std=0.8995, mean_l2=28.4351, median_l2=28.4049, mean_abs=0.8792, max_abs=7.7172 | PA: mean=0.3601, std=0.2839, mean_l2=10.3535, median_l2=10.2910, mean_abs=0.3601, max_abs=2.1075
Epoch 5/30 | Train Loss: 5.3348 (Fused: 2.9315) | Train C-index: 0.7655 | Val Fused: 0.7133 | Val CT: 0.7044 | Val PA: 0.6814 | Alpha CT: 0.4991 | Alpha PA: 0.5009
Feature stats | CT: mean=0.9159, std=0.9379, mean_l2=29.5907, median_l2=29.6918, mean_abs=0.9159, max_abs=8.2043 | PA: mean=0.3820, std=0.2994, mean_l2=10.9561, median_l2=10.9436, mean_abs=0.3820, max_abs=2.1374
Epoch 6/30 | Train Loss: 5.2852 (Fused: 2.9053) | Train C-index: 0.7743 | Val Fused: 0.7267 | Val CT: 0.7121 | Val PA: 0.6872 | Alpha CT: 0.4989 | Alpha PA: 0.5011
Feature stats | CT: mean=0.8938, std=0.9142, mean_l2=28.8118, median_l2=28.4231, mean_abs=0.8938, max_abs=8.2344 | PA: mean=0.3983, std=0.3096, mean_l2=11.3883, median_l2=11.3852, mean_abs=0.3983, max_abs=2.2331
Epoch 7/30 | Train Loss: 5.1822 (Fused: 2.8489) | Train C-index: 0.7801 | Val Fused: 0.7232 | Val CT: 0.7121 | Val PA: 0.6926 | Alpha CT: 0.4987 | Alpha PA: 0.5013
Feature stats | CT: mean=1.1082, std=1.1674, mean_l2=36.0715, median_l2=35.3569, mean_abs=1.1082, max_abs=9.9679 | PA: mean=0.4161, std=0.3202, mean_l2=11.8508, median_l2=11.8478, mean_abs=0.4161, max_abs=2.2798
Epoch 8/30 | Train Loss: 5.1665 (Fused: 2.8405) | Train C-index: 0.7941 | Val Fused: 0.7210 | Val CT: 0.7127 | Val PA: 0.6939 | Alpha CT: 0.4986 | Alpha PA: 0.5014
Feature stats | CT: mean=1.2775, std=1.3729, mean_l2=42.1216, median_l2=41.8578, mean_abs=1.2775, max_abs=10.4086 | PA: mean=0.4333, std=0.3280, mean_l2=12.2680, median_l2=12.2736, mean_abs=0.4333, max_abs=2.3735
Epoch 9/30 | Train Loss: 5.1354 (Fused: 2.8276) | Train C-index: 0.8056 | Val Fused: 0.7245 | Val CT: 0.7165 | Val PA: 0.6939 | Alpha CT: 0.4984 | Alpha PA: 0.5016
Feature stats | CT: mean=1.1598, std=1.2220, mean_l2=37.9384, median_l2=37.4489, mean_abs=1.1598, max_abs=9.7105 | PA: mean=0.4481, std=0.3317, mean_l2=12.5854, median_l2=12.5993, mean_abs=0.4481, max_abs=2.3895
Epoch 10/30 | Train Loss: 5.1049 (Fused: 2.8086) | Train C-index: 0.7986 | Val Fused: 0.7376 | Val CT: 0.7162 | Val PA: 0.6999 | Alpha CT: 0.4981 | Alpha PA: 0.5019
Feature stats | CT: mean=1.2985, std=1.4089, mean_l2=43.0411, median_l2=42.7960, mean_abs=1.2985, max_abs=10.6186 | PA: mean=0.4692, std=0.3386, mean_l2=13.0616, median_l2=13.0723, mean_abs=0.4692, max_abs=2.4249
Epoch 11/30 | Train Loss: 4.9777 (Fused: 2.7245) | Train C-index: 0.8094 | Val Fused: 0.7210 | Val CT: 0.7172 | Val PA: 0.6952 | Alpha CT: 0.4979 | Alpha PA: 0.5021
Feature stats | CT: mean=1.3130, std=1.4306, mean_l2=43.6611, median_l2=43.8664, mean_abs=1.3130, max_abs=10.6720 | PA: mean=0.4985, std=0.3506, mean_l2=13.7539, median_l2=13.7567, mean_abs=0.4985, max_abs=2.5096
Epoch 12/30 | Train Loss: 4.9792 (Fused: 2.7208) | Train C-index: 0.8233 | Val Fused: 0.7203 | Val CT: 0.7235 | Val PA: 0.6967 | Alpha CT: 0.4977 | Alpha PA: 0.5023
Feature stats | CT: mean=1.1813, std=1.2584, mean_l2=38.8749, median_l2=38.6656, mean_abs=1.1813, max_abs=9.8758 | PA: mean=0.5207, std=0.3583, mean_l2=14.2654, median_l2=14.2724, mean_abs=0.5207, max_abs=2.5481
Epoch 13/30 | Train Loss: 4.8485 (Fused: 2.6479) | Train C-index: 0.8310 | Val Fused: 0.7299 | Val CT: 0.7254 | Val PA: 0.7012 | Alpha CT: 0.4975 | Alpha PA: 0.5025
Feature stats | CT: mean=1.1932, std=1.2751, mean_l2=39.2969, median_l2=39.0051, mean_abs=1.1932, max_abs=9.9560 | PA: mean=0.5369, std=0.3634, mean_l2=14.6320, median_l2=14.6580, mean_abs=0.5369, max_abs=2.5705
Epoch 14/30 | Train Loss: 4.8531 (Fused: 2.6456) | Train C-index: 0.8338 | Val Fused: 0.7341 | Val CT: 0.7242 | Val PA: 0.7006 | Alpha CT: 0.4972 | Alpha PA: 0.5028
Feature stats | CT: mean=1.2872, std=1.3961, mean_l2=42.6523, median_l2=42.7360, mean_abs=1.2872, max_abs=10.4213 | PA: mean=0.5549, std=0.3700, mean_l2=15.0514, median_l2=15.1164, mean_abs=0.5549, max_abs=2.6566
Epoch 15/30 | Train Loss: 4.7552 (Fused: 2.5993) | Train C-index: 0.8434 | Val Fused: 0.7226 | Val CT: 0.7286 | Val PA: 0.6916 | Alpha CT: 0.4970 | Alpha PA: 0.5030
Feature stats | CT: mean=1.2754, std=1.3820, mean_l2=42.2742, median_l2=42.3523, mean_abs=1.2754, max_abs=10.3077 | PA: mean=0.5733, std=0.3758, mean_l2=15.4679, median_l2=15.5448, mean_abs=0.5733, max_abs=2.8346
Epoch 16/30 | Train Loss: 4.7415 (Fused: 2.5786) | Train C-index: 0.8512 | Val Fused: 0.7207 | Val CT: 0.7325 | Val PA: 0.6821 | Alpha CT: 0.4967 | Alpha PA: 0.5033
Feature stats | CT: mean=1.1974, std=1.2781, mean_l2=39.4329, median_l2=39.2505, mean_abs=1.1974, max_abs=9.7627 | PA: mean=0.5944, std=0.3821, mean_l2=15.9438, median_l2=16.0167, mean_abs=0.5944, max_abs=2.8966
Epoch 17/30 | Train Loss: 4.7245 (Fused: 2.5603) | Train C-index: 0.8570 | Val Fused: 0.7127 | Val CT: 0.7232 | Val PA: 0.6859 | Alpha CT: 0.4965 | Alpha PA: 0.5035
Feature stats | CT: mean=1.2579, std=1.3581, mean_l2=41.6492, median_l2=41.7279, mean_abs=1.2579, max_abs=10.1039 | PA: mean=0.6119, std=0.3891, mean_l2=16.3616, median_l2=16.4580, mean_abs=0.6119, max_abs=2.9422
Epoch 18/30 | Train Loss: 4.6394 (Fused: 2.5123) | Train C-index: 0.8549 | Val Fused: 0.7264 | Val CT: 0.7366 | Val PA: 0.6926 | Alpha CT: 0.4962 | Alpha PA: 0.5038
Feature stats | CT: mean=1.2369, std=1.3223, mean_l2=40.7716, median_l2=40.2843, mean_abs=1.2369, max_abs=9.9961 | PA: mean=0.6354, std=0.4025, mean_l2=16.9644, median_l2=17.1149, mean_abs=0.6354, max_abs=3.0274
Epoch 19/30 | Train Loss: 4.5864 (Fused: 2.4854) | Train C-index: 0.8660 | Val Fused: 0.7226 | Val CT: 0.7372 | Val PA: 0.6846 | Alpha CT: 0.4960 | Alpha PA: 0.5040
Feature stats | CT: mean=1.3593, std=1.4865, mean_l2=45.2881, median_l2=45.5434, mean_abs=1.3593, max_abs=10.5552 | PA: mean=0.6476, std=0.4091, mean_l2=17.2789, median_l2=17.4028, mean_abs=0.6476, max_abs=3.0552
Epoch 20/30 | Train Loss: 4.4900 (Fused: 2.4324) | Train C-index: 0.8748 | Val Fused: 0.7229 | Val CT: 0.7350 | Val PA: 0.6849 | Alpha CT: 0.4957 | Alpha PA: 0.5043
Feature stats | CT: mean=1.2989, std=1.4090, mean_l2=43.0934, median_l2=43.0442, mean_abs=1.2989, max_abs=10.2744 | PA: mean=0.6580, std=0.4112, mean_l2=17.5059, median_l2=17.6454, mean_abs=0.6580, max_abs=2.9774
Early stopping at epoch 20
Fold 2 best fusion alpha | CT: 0.4981 | PA: 0.5019
Fold 2 best C-index: 0.7376

Extra survival metrics:
cutoff_from_train_median: -1.957466
n_test: 112
n_high_risk: 61
n_low_risk: 51
n_event_test: 38
logrank_stat: 14.979826
logrank_p: 0.000109
auc_36m: 0.782496
auc_60m: 0.775506
HR_high_vs_low: 4.441216
HR_95CI_lower: 1.948445
HR_95CI_upper: 10.123152
cox_p: 0.000390

==================================================
Fold 4/5
==================================================
[ResNetCox] Loaded pretrained from /home/gly001/cqj/pa_ct_surv/model/ct_pretrain/resnet_18_23dataset.pth
  Missing keys (ok): ['fc.weight', 'fc.bias']
Epoch 1/30 | Train Loss: 5.9183 (Fused: 3.2909) | Train C-index: 0.6493 | Val Fused: 0.6521 | Val CT: 0.5373 | Val PA: 0.6528 | Alpha CT: 0.4999 | Alpha PA: 0.5001
Feature stats | CT: mean=0.8506, std=0.8730, mean_l2=27.5774, median_l2=27.5365, mean_abs=0.8506, max_abs=6.6401 | PA: mean=0.2893, std=0.2182, mean_l2=8.1934, median_l2=8.1684, mean_abs=0.2893, max_abs=1.7813
Epoch 2/30 | Train Loss: 5.7025 (Fused: 3.1696) | Train C-index: 0.7431 | Val Fused: 0.6548 | Val CT: 0.5343 | Val PA: 0.6559 | Alpha CT: 0.4997 | Alpha PA: 0.5003
Feature stats | CT: mean=0.8468, std=0.8721, mean_l2=27.4993, median_l2=27.4416, mean_abs=0.8468, max_abs=7.0777 | PA: mean=0.3030, std=0.2347, mean_l2=8.6605, median_l2=8.6120, mean_abs=0.3030, max_abs=1.9719
Epoch 3/30 | Train Loss: 5.4431 (Fused: 3.0120) | Train C-index: 0.7530 | Val Fused: 0.6619 | Val CT: 0.5383 | Val PA: 0.6663 | Alpha CT: 0.4995 | Alpha PA: 0.5005
Feature stats | CT: mean=0.8726, std=0.8960, mean_l2=28.2812, median_l2=28.2457, mean_abs=0.8726, max_abs=7.5437 | PA: mean=0.3283, std=0.2602, mean_l2=9.4597, median_l2=9.3878, mean_abs=0.3283, max_abs=2.0553
Epoch 4/30 | Train Loss: 5.4163 (Fused: 2.9809) | Train C-index: 0.7590 | Val Fused: 0.6619 | Val CT: 0.5434 | Val PA: 0.6785 | Alpha CT: 0.4993 | Alpha PA: 0.5007
Feature stats | CT: mean=0.9303, std=0.9565, mean_l2=30.1138, median_l2=29.9537, mean_abs=0.9303, max_abs=8.5504 | PA: mean=0.3545, std=0.2822, mean_l2=10.2266, median_l2=10.1787, mean_abs=0.3545, max_abs=2.1565
Epoch 5/30 | Train Loss: 5.3622 (Fused: 2.9477) | Train C-index: 0.7693 | Val Fused: 0.6670 | Val CT: 0.5566 | Val PA: 0.6910 | Alpha CT: 0.4992 | Alpha PA: 0.5008
Feature stats | CT: mean=0.9221, std=0.9516, mean_l2=29.8545, median_l2=29.5632, mean_abs=0.9221, max_abs=8.5047 | PA: mean=0.3686, std=0.2921, mean_l2=10.6156, median_l2=10.5666, mean_abs=0.3686, max_abs=2.1709
Epoch 6/30 | Train Loss: 5.4617 (Fused: 3.0098) | Train C-index: 0.7738 | Val Fused: 0.6758 | Val CT: 0.5623 | Val PA: 0.7042 | Alpha CT: 0.4990 | Alpha PA: 0.5010
Feature stats | CT: mean=1.0511, std=1.1029, mean_l2=34.2031, median_l2=34.1485, mean_abs=1.0511, max_abs=9.6710 | PA: mean=0.3783, std=0.2971, mean_l2=10.8591, median_l2=10.8216, mean_abs=0.3783, max_abs=2.1617
Epoch 7/30 | Train Loss: 5.3111 (Fused: 2.9298) | Train C-index: 0.7913 | Val Fused: 0.6977 | Val CT: 0.5900 | Val PA: 0.7065 | Alpha CT: 0.4988 | Alpha PA: 0.5012
Feature stats | CT: mean=1.0742, std=1.1227, mean_l2=34.9573, median_l2=35.0098, mean_abs=1.0742, max_abs=9.5109 | PA: mean=0.3904, std=0.3010, mean_l2=11.1311, median_l2=11.0848, mean_abs=0.3904, max_abs=2.1854
Epoch 8/30 | Train Loss: 5.3507 (Fused: 2.9536) | Train C-index: 0.7974 | Val Fused: 0.6991 | Val CT: 0.5924 | Val PA: 0.7133 | Alpha CT: 0.4986 | Alpha PA: 0.5014
Feature stats | CT: mean=1.0274, std=1.0651, mean_l2=33.3192, median_l2=33.5176, mean_abs=1.0274, max_abs=8.9537 | PA: mean=0.4093, std=0.3090, mean_l2=11.5778, median_l2=11.5675, mean_abs=0.4093, max_abs=2.2706
Epoch 9/30 | Train Loss: 5.1122 (Fused: 2.8187) | Train C-index: 0.8049 | Val Fused: 0.7106 | Val CT: 0.6120 | Val PA: 0.7150 | Alpha CT: 0.4984 | Alpha PA: 0.5016
Feature stats | CT: mean=1.0325, std=1.0711, mean_l2=33.4846, median_l2=33.7223, mean_abs=1.0325, max_abs=8.8293 | PA: mean=0.4301, std=0.3183, mean_l2=12.0797, median_l2=12.0851, mean_abs=0.4301, max_abs=2.4013
Epoch 10/30 | Train Loss: 5.0296 (Fused: 2.7671) | Train C-index: 0.8105 | Val Fused: 0.7038 | Val CT: 0.6130 | Val PA: 0.7153 | Alpha CT: 0.4982 | Alpha PA: 0.5018
Feature stats | CT: mean=0.9975, std=1.0294, mean_l2=32.2465, median_l2=32.1793, mean_abs=0.9975, max_abs=8.5514 | PA: mean=0.4532, std=0.3297, mean_l2=12.6511, median_l2=12.6438, mean_abs=0.4532, max_abs=2.4822
Epoch 11/30 | Train Loss: 5.2394 (Fused: 2.8683) | Train C-index: 0.8154 | Val Fused: 0.7004 | Val CT: 0.6001 | Val PA: 0.7217 | Alpha CT: 0.4980 | Alpha PA: 0.5020
Feature stats | CT: mean=1.0281, std=1.0707, mean_l2=33.3127, median_l2=33.3822, mean_abs=1.0281, max_abs=9.0380 | PA: mean=0.4764, std=0.3427, mean_l2=13.2488, median_l2=13.2250, mean_abs=0.4764, max_abs=2.5271
Epoch 12/30 | Train Loss: 4.9788 (Fused: 2.7349) | Train C-index: 0.8179 | Val Fused: 0.6977 | Val CT: 0.5873 | Val PA: 0.7204 | Alpha CT: 0.4978 | Alpha PA: 0.5022
Feature stats | CT: mean=1.0508, std=1.1059, mean_l2=34.1633, median_l2=34.1183, mean_abs=1.0508, max_abs=9.1832 | PA: mean=0.4932, std=0.3504, mean_l2=13.6567, median_l2=13.6738, mean_abs=0.4932, max_abs=2.5858
Epoch 13/30 | Train Loss: 4.9734 (Fused: 2.7257) | Train C-index: 0.8223 | Val Fused: 0.7119 | Val CT: 0.6147 | Val PA: 0.7194 | Alpha CT: 0.4976 | Alpha PA: 0.5024
Feature stats | CT: mean=1.0836, std=1.1400, mean_l2=35.2951, median_l2=35.6252, mean_abs=1.0836, max_abs=9.3904 | PA: mean=0.5056, std=0.3543, mean_l2=13.9352, median_l2=13.9373, mean_abs=0.5056, max_abs=2.5935
Epoch 14/30 | Train Loss: 4.9721 (Fused: 2.7186) | Train C-index: 0.8299 | Val Fused: 0.7008 | Val CT: 0.6072 | Val PA: 0.7183 | Alpha CT: 0.4973 | Alpha PA: 0.5027
Feature stats | CT: mean=0.9722, std=0.9968, mean_l2=31.2829, median_l2=31.2328, mean_abs=0.9722, max_abs=8.2478 | PA: mean=0.5176, std=0.3572, mean_l2=14.1945, median_l2=14.1818, mean_abs=0.5176, max_abs=2.6407
Epoch 15/30 | Train Loss: 4.8758 (Fused: 2.6657) | Train C-index: 0.8355 | Val Fused: 0.7065 | Val CT: 0.6153 | Val PA: 0.7129 | Alpha CT: 0.4971 | Alpha PA: 0.5029
Feature stats | CT: mean=1.1426, std=1.2146, mean_l2=37.4415, median_l2=37.7159, mean_abs=1.1426, max_abs=9.3546 | PA: mean=0.5356, std=0.3637, mean_l2=14.6103, median_l2=14.6238, mean_abs=0.5356, max_abs=2.6556
Epoch 16/30 | Train Loss: 4.7695 (Fused: 2.6058) | Train C-index: 0.8292 | Val Fused: 0.7129 | Val CT: 0.6167 | Val PA: 0.7139 | Alpha CT: 0.4969 | Alpha PA: 0.5031
Feature stats | CT: mean=1.0285, std=1.0701, mean_l2=33.2904, median_l2=33.0776, mean_abs=1.0285, max_abs=8.9541 | PA: mean=0.5552, std=0.3741, mean_l2=15.1079, median_l2=15.1337, mean_abs=0.5552, max_abs=2.6471
Epoch 17/30 | Train Loss: 4.7073 (Fused: 2.5684) | Train C-index: 0.8488 | Val Fused: 0.7069 | Val CT: 0.6160 | Val PA: 0.7126 | Alpha CT: 0.4966 | Alpha PA: 0.5034
Feature stats | CT: mean=1.0766, std=1.1308, mean_l2=35.0163, median_l2=34.9609, mean_abs=1.0766, max_abs=9.1199 | PA: mean=0.5734, std=0.3850, mean_l2=15.5854, median_l2=15.6387, mean_abs=0.5734, max_abs=2.6251
Epoch 18/30 | Train Loss: 4.8484 (Fused: 2.6444) | Train C-index: 0.8555 | Val Fused: 0.7139 | Val CT: 0.6079 | Val PA: 0.7123 | Alpha CT: 0.4964 | Alpha PA: 0.5036
Feature stats | CT: mean=1.0887, std=1.1444, mean_l2=35.4556, median_l2=35.7995, mean_abs=1.0887, max_abs=8.9559 | PA: mean=0.5916, std=0.3931, mean_l2=16.0259, median_l2=16.0854, mean_abs=0.5916, max_abs=2.6489
Epoch 19/30 | Train Loss: 4.7378 (Fused: 2.5842) | Train C-index: 0.8675 | Val Fused: 0.7085 | Val CT: 0.6228 | Val PA: 0.7106 | Alpha CT: 0.4961 | Alpha PA: 0.5039
Feature stats | CT: mean=0.9119, std=0.9246, mean_l2=29.2521, median_l2=28.7761, mean_abs=0.9119, max_abs=7.7035 | PA: mean=0.6013, std=0.3943, mean_l2=16.2231, median_l2=16.3033, mean_abs=0.6013, max_abs=2.6949
Epoch 20/30 | Train Loss: 4.5492 (Fused: 2.4784) | Train C-index: 0.8756 | Val Fused: 0.7096 | Val CT: 0.6022 | Val PA: 0.7204 | Alpha CT: 0.4959 | Alpha PA: 0.5041
Feature stats | CT: mean=1.0662, std=1.1156, mean_l2=34.6800, median_l2=34.4633, mean_abs=1.0662, max_abs=8.9016 | PA: mean=0.6179, std=0.4028, mean_l2=16.6433, median_l2=16.6789, mean_abs=0.6179, max_abs=2.7259
Epoch 21/30 | Train Loss: 4.6170 (Fused: 2.5034) | Train C-index: 0.8696 | Val Fused: 0.7241 | Val CT: 0.6396 | Val PA: 0.7204 | Alpha CT: 0.4956 | Alpha PA: 0.5044
Feature stats | CT: mean=1.1249, std=1.1935, mean_l2=36.8070, median_l2=37.0794, mean_abs=1.1249, max_abs=9.2364 | PA: mean=0.6433, std=0.4210, mean_l2=17.3446, median_l2=17.3989, mean_abs=0.6433, max_abs=2.9219
Epoch 22/30 | Train Loss: 4.4326 (Fused: 2.4058) | Train C-index: 0.8842 | Val Fused: 0.7089 | Val CT: 0.6167 | Val PA: 0.7116 | Alpha CT: 0.4954 | Alpha PA: 0.5046
Feature stats | CT: mean=1.0331, std=1.0631, mean_l2=33.3245, median_l2=32.9597, mean_abs=1.0331, max_abs=8.7410 | PA: mean=0.6565, std=0.4206, mean_l2=17.5920, median_l2=17.6864, mean_abs=0.6565, max_abs=3.1188
Epoch 23/30 | Train Loss: 4.3583 (Fused: 2.3532) | Train C-index: 0.8884 | Val Fused: 0.7085 | Val CT: 0.6180 | Val PA: 0.7096 | Alpha CT: 0.4951 | Alpha PA: 0.5049
Feature stats | CT: mean=1.1555, std=1.2264, mean_l2=37.8587, median_l2=38.2597, mean_abs=1.1555, max_abs=9.2502 | PA: mean=0.6719, std=0.4248, mean_l2=17.9318, median_l2=18.0071, mean_abs=0.6719, max_abs=3.4278
Epoch 24/30 | Train Loss: 4.3398 (Fused: 2.3325) | Train C-index: 0.8974 | Val Fused: 0.7092 | Val CT: 0.6130 | Val PA: 0.7085 | Alpha CT: 0.4948 | Alpha PA: 0.5052
Feature stats | CT: mean=1.1357, std=1.1944, mean_l2=37.0629, median_l2=37.2893, mean_abs=1.1357, max_abs=9.0654 | PA: mean=0.6867, std=0.4296, mean_l2=18.2724, median_l2=18.3853, mean_abs=0.6867, max_abs=3.4802
Epoch 25/30 | Train Loss: 4.2452 (Fused: 2.2773) | Train C-index: 0.8963 | Val Fused: 0.7156 | Val CT: 0.6299 | Val PA: 0.7069 | Alpha CT: 0.4946 | Alpha PA: 0.5054
Feature stats | CT: mean=1.1156, std=1.1750, mean_l2=36.3382, median_l2=36.4637, mean_abs=1.1156, max_abs=9.2388 | PA: mean=0.7016, std=0.4420, mean_l2=18.7072, median_l2=18.8010, mean_abs=0.7016, max_abs=3.5757
Epoch 26/30 | Train Loss: 4.2443 (Fused: 2.2712) | Train C-index: 0.9084 | Val Fused: 0.7116 | Val CT: 0.6150 | Val PA: 0.7062 | Alpha CT: 0.4943 | Alpha PA: 0.5057
Feature stats | CT: mean=1.0070, std=1.0292, mean_l2=32.3756, median_l2=31.9577, mean_abs=1.0070, max_abs=8.7095 | PA: mean=0.7130, std=0.4507, mean_l2=19.0296, median_l2=19.1234, mean_abs=0.7130, max_abs=3.6385
Epoch 27/30 | Train Loss: 4.0998 (Fused: 2.1798) | Train C-index: 0.9079 | Val Fused: 0.7112 | Val CT: 0.6160 | Val PA: 0.7096 | Alpha CT: 0.4941 | Alpha PA: 0.5059
Feature stats | CT: mean=1.2955, std=1.4222, mean_l2=43.1540, median_l2=43.3313, mean_abs=1.2955, max_abs=9.9741 | PA: mean=0.7266, std=0.4565, mean_l2=19.3569, median_l2=19.4230, mean_abs=0.7266, max_abs=3.6601
Epoch 28/30 | Train Loss: 3.9882 (Fused: 2.1171) | Train C-index: 0.9176 | Val Fused: 0.7038 | Val CT: 0.6082 | Val PA: 0.6981 | Alpha CT: 0.4938 | Alpha PA: 0.5062
Feature stats | CT: mean=1.4587, std=1.6331, mean_l2=49.2872, median_l2=49.5323, mean_abs=1.4587, max_abs=10.4752 | PA: mean=0.7372, std=0.4641, mean_l2=19.6461, median_l2=19.7377, mean_abs=0.7372, max_abs=3.7279
Epoch 29/30 | Train Loss: 3.9153 (Fused: 2.0649) | Train C-index: 0.9252 | Val Fused: 0.7153 | Val CT: 0.6211 | Val PA: 0.7048 | Alpha CT: 0.4935 | Alpha PA: 0.5065
Feature stats | CT: mean=1.4252, std=1.5893, mean_l2=47.9229, median_l2=48.0599, mean_abs=1.4252, max_abs=10.4113 | PA: mean=0.7464, std=0.4703, mean_l2=19.8993, median_l2=20.0072, mean_abs=0.7464, max_abs=3.7809
Epoch 30/30 | Train Loss: 3.8656 (Fused: 2.0339) | Train C-index: 0.9327 | Val Fused: 0.7058 | Val CT: 0.5897 | Val PA: 0.7069 | Alpha CT: 0.4932 | Alpha PA: 0.5068
Feature stats | CT: mean=1.3030, std=1.4181, mean_l2=43.3001, median_l2=43.1589, mean_abs=1.3030, max_abs=9.9065 | PA: mean=0.7614, std=0.4802, mean_l2=20.3048, median_l2=20.3483, mean_abs=0.7614, max_abs=3.7957
Fold 3 best fusion alpha | CT: 0.4956 | PA: 0.5044
Fold 3 best C-index: 0.7241

Extra survival metrics:
cutoff_from_train_median: -0.955078
n_test: 112
n_high_risk: 59
n_low_risk: 53
n_event_test: 38
logrank_stat: 20.625248
logrank_p: 0.000006
auc_36m: 0.717569
auc_60m: 0.775012
HR_high_vs_low: 5.167101
HR_95CI_lower: 2.352967
HR_95CI_upper: 11.346920
cox_p: 0.000043

==================================================
Fold 5/5
==================================================
[ResNetCox] Loaded pretrained from /home/gly001/cqj/pa_ct_surv/model/ct_pretrain/resnet_18_23dataset.pth
  Missing keys (ok): ['fc.weight', 'fc.bias']
Epoch 1/30 | Train Loss: 5.7986 (Fused: 3.2233) | Train C-index: 0.6300 | Val Fused: 0.7449 | Val CT: 0.7525 | Val PA: 0.7390 | Alpha CT: 0.4998 | Alpha PA: 0.5002
Feature stats | CT: mean=0.8511, std=0.8720, mean_l2=27.5695, median_l2=27.5119, mean_abs=0.8511, max_abs=6.6401 | PA: mean=0.2890, std=0.2185, mean_l2=8.1929, median_l2=8.1652, mean_abs=0.2890, max_abs=1.7667
Epoch 2/30 | Train Loss: 5.7633 (Fused: 3.2022) | Train C-index: 0.7120 | Val Fused: 0.7544 | Val CT: 0.7348 | Val PA: 0.7481 | Alpha CT: 0.4996 | Alpha PA: 0.5004
Feature stats | CT: mean=0.8268, std=0.8532, mean_l2=26.8811, median_l2=26.8983, mean_abs=0.8268, max_abs=6.4927 | PA: mean=0.2999, std=0.2338, mean_l2=8.5954, median_l2=8.5471, mean_abs=0.2999, max_abs=1.8630
Epoch 3/30 | Train Loss: 5.5343 (Fused: 3.0656) | Train C-index: 0.7404 | Val Fused: 0.7645 | Val CT: 0.7270 | Val PA: 0.7528 | Alpha CT: 0.4995 | Alpha PA: 0.5005
Feature stats | CT: mean=0.8522, std=0.8790, mean_l2=27.6898, median_l2=27.5984, mean_abs=0.8522, max_abs=7.2272 | PA: mean=0.3208, std=0.2577, mean_l2=9.2963, median_l2=9.2215, mean_abs=0.3208, max_abs=2.0699
Epoch 4/30 | Train Loss: 5.5413 (Fused: 3.0595) | Train C-index: 0.7447 | Val Fused: 0.7740 | Val CT: 0.7260 | Val PA: 0.7528 | Alpha CT: 0.4993 | Alpha PA: 0.5007
Feature stats | CT: mean=0.8729, std=0.8990, mean_l2=28.3182, median_l2=28.2895, mean_abs=0.8729, max_abs=7.5679 | PA: mean=0.3447, std=0.2810, mean_l2=10.0395, median_l2=9.9343, mean_abs=0.3447, max_abs=2.2297
Epoch 5/30 | Train Loss: 5.3798 (Fused: 2.9682) | Train C-index: 0.7539 | Val Fused: 0.7800 | Val CT: 0.7304 | Val PA: 0.7557 | Alpha CT: 0.4991 | Alpha PA: 0.5009
Feature stats | CT: mean=0.9367, std=0.9711, mean_l2=30.4485, median_l2=30.4014, mean_abs=0.9367, max_abs=8.4327 | PA: mean=0.3668, std=0.2989, mean_l2=10.6779, median_l2=10.5876, mean_abs=0.3668, max_abs=2.4516
Epoch 6/30 | Train Loss: 5.4986 (Fused: 3.0320) | Train C-index: 0.7635 | Val Fused: 0.7781 | Val CT: 0.7333 | Val PA: 0.7532 | Alpha CT: 0.4989 | Alpha PA: 0.5011
Feature stats | CT: mean=0.9232, std=0.9565, mean_l2=29.9701, median_l2=29.7678, mean_abs=0.9232, max_abs=8.2110 | PA: mean=0.3880, std=0.3123, mean_l2=11.2405, median_l2=11.1721, mean_abs=0.3880, max_abs=2.6140
Epoch 7/30 | Train Loss: 5.3174 (Fused: 2.9349) | Train C-index: 0.7795 | Val Fused: 0.7730 | Val CT: 0.7307 | Val PA: 0.7472 | Alpha CT: 0.4987 | Alpha PA: 0.5013
Feature stats | CT: mean=0.8561, std=0.8823, mean_l2=27.7586, median_l2=27.3278, mean_abs=0.8561, max_abs=7.5926 | PA: mean=0.4049, std=0.3188, mean_l2=11.6325, median_l2=11.5803, mean_abs=0.4049, max_abs=2.6978
Epoch 8/30 | Train Loss: 5.2281 (Fused: 2.8853) | Train C-index: 0.7896 | Val Fused: 0.7730 | Val CT: 0.7453 | Val PA: 0.7399 | Alpha CT: 0.4985 | Alpha PA: 0.5015
Feature stats | CT: mean=0.9544, std=0.9899, mean_l2=30.9989, median_l2=30.5779, mean_abs=0.9544, max_abs=8.4478 | PA: mean=0.4266, std=0.3281, mean_l2=12.1460, median_l2=12.1659, mean_abs=0.4266, max_abs=2.7302
Epoch 9/30 | Train Loss: 5.1846 (Fused: 2.8539) | Train C-index: 0.7920 | Val Fused: 0.7734 | Val CT: 0.7475 | Val PA: 0.7358 | Alpha CT: 0.4982 | Alpha PA: 0.5018
Feature stats | CT: mean=1.0952, std=1.1659, mean_l2=35.9950, median_l2=36.3103, mean_abs=1.0952, max_abs=9.6037 | PA: mean=0.4554, std=0.3450, mean_l2=12.8902, median_l2=12.8599, mean_abs=0.4554, max_abs=2.8866
Epoch 10/30 | Train Loss: 5.1342 (Fused: 2.8251) | Train C-index: 0.8036 | Val Fused: 0.7648 | Val CT: 0.7459 | Val PA: 0.7364 | Alpha CT: 0.4980 | Alpha PA: 0.5020
Feature stats | CT: mean=1.1028, std=1.1748, mean_l2=36.2557, median_l2=36.3584, mean_abs=1.1028, max_abs=9.5779 | PA: mean=0.4802, std=0.3586, mean_l2=13.5215, median_l2=13.5914, mean_abs=0.4802, max_abs=2.9146
Epoch 11/30 | Train Loss: 5.3261 (Fused: 2.9199) | Train C-index: 0.8088 | Val Fused: 0.7652 | Val CT: 0.7491 | Val PA: 0.7355 | Alpha CT: 0.4978 | Alpha PA: 0.5022
Feature stats | CT: mean=1.0594, std=1.1163, mean_l2=34.6572, median_l2=34.5198, mean_abs=1.0594, max_abs=9.0366 | PA: mean=0.4988, std=0.3658, mean_l2=13.9559, median_l2=13.9967, mean_abs=0.4988, max_abs=2.9164
Epoch 12/30 | Train Loss: 5.0511 (Fused: 2.7805) | Train C-index: 0.8168 | Val Fused: 0.7629 | Val CT: 0.7513 | Val PA: 0.7390 | Alpha CT: 0.4977 | Alpha PA: 0.5023
Feature stats | CT: mean=1.0187, std=1.0685, mean_l2=33.2565, median_l2=33.1812, mean_abs=1.0187, max_abs=8.7981 | PA: mean=0.5115, std=0.3666, mean_l2=14.2025, median_l2=14.2323, mean_abs=0.5115, max_abs=2.7848
Epoch 13/30 | Train Loss: 5.0210 (Fused: 2.7659) | Train C-index: 0.8281 | Val Fused: 0.7639 | Val CT: 0.7585 | Val PA: 0.7402 | Alpha CT: 0.4975 | Alpha PA: 0.5025
Feature stats | CT: mean=1.0432, std=1.0999, mean_l2=34.1507, median_l2=33.9955, mean_abs=1.0432, max_abs=8.9048 | PA: mean=0.5258, std=0.3695, mean_l2=14.5060, median_l2=14.5277, mean_abs=0.5258, max_abs=2.7696
Epoch 14/30 | Train Loss: 4.9966 (Fused: 2.7503) | Train C-index: 0.8318 | Val Fused: 0.7642 | Val CT: 0.7532 | Val PA: 0.7383 | Alpha CT: 0.4972 | Alpha PA: 0.5028
Feature stats | CT: mean=1.0788, std=1.1415, mean_l2=35.3826, median_l2=35.3421, mean_abs=1.0788, max_abs=9.1471 | PA: mean=0.5468, std=0.3778, mean_l2=14.9999, median_l2=15.0514, mean_abs=0.5468, max_abs=2.8259
Epoch 15/30 | Train Loss: 4.9181 (Fused: 2.6995) | Train C-index: 0.8328 | Val Fused: 0.7693 | Val CT: 0.7595 | Val PA: 0.7434 | Alpha CT: 0.4970 | Alpha PA: 0.5030
Feature stats | CT: mean=1.1195, std=1.1940, mean_l2=36.8292, median_l2=36.5467, mean_abs=1.1195, max_abs=9.4007 | PA: mean=0.5726, std=0.3916, mean_l2=15.6525, median_l2=15.6729, mean_abs=0.5726, max_abs=2.8959
Early stopping at epoch 15
Fold 4 best fusion alpha | CT: 0.4991 | PA: 0.5009
Fold 4 best C-index: 0.7800

Extra survival metrics:
cutoff_from_train_median: -0.945367
n_test: 112
n_high_risk: 64
n_low_risk: 48
n_event_test: 38
logrank_stat: 23.009390
logrank_p: 0.000002
auc_36m: 0.820501
auc_60m: 0.781680
HR_high_vs_low: 8.358710
HR_95CI_lower: 2.961870
HR_95CI_upper: 23.589162
cox_p: 0.000060

==================================================
5-Fold CV Summary
==================================================
  C-index: 0.7529 +/- 0.0395
