Teacher:   /home/gly001/cqj/pa_ct_surv/checkpoints/pact_v4/pact/roi64_abmil_resnet18_weighted_normnone_fusion_dropout0.0_epochs30_coxbs64_lr1e-4_blr1e-5_wd5e-4_lct0.5_lpa0.3_seed42
Teacher config: /home/gly001/cqj/pa_ct_surv/results/pact_v4/pact/roi64_abmil_resnet18_weighted_normnone_fusion_dropout0.0_epochs30_coxbs64_lr1e-4_blr1e-5_wd5e-4_lct0.5_lpa0.3_seed42/run_config.yaml
Data:      /home/gly001/cqj/pa_ct_surv/data/seed_42 | ROI: 64
Teacher model: PA=abmil | CT=resnet18 | Fusion=weighted | k=None
Distill:   Cox + alpha_kd*listwise_kd(student_risk, teacher_fused_risk) | alpha_kd=0.3 | KD starts at epoch 1
Student dropout: 0.5
CT augmentation: disabled | cox_batch_size=64
LR:        head=0.0001 | CT backbone=1e-05
Checkpoints: /home/gly001/cqj/pa_ct_surv/checkpoints/pact_v4/ct_student/roi64_abmil_resnet18_weighted_normnone_fusion_dropout0.0_epochs30_coxbs64_lr1e-4_blr1e-5_wd5e-4_lct0.5_lpa0.3_seed42_resnet18_dropout0.5_listwise_kd_akd0.3_t10.0
Results:     /home/gly001/cqj/pa_ct_surv/results/pact_v4/ct_student/roi64_abmil_resnet18_weighted_normnone_fusion_dropout0.0_epochs30_coxbs64_lr1e-4_blr1e-5_wd5e-4_lct0.5_lpa0.3_seed42_resnet18_dropout0.5_listwise_kd_akd0.3_t10.0
Loaded 703 paired samples
Locked split from dataset CSV: train=562, test=141
Test set is not accessed during CV

==================================================
Fold 1/5
==================================================
Loaded teacher from: /home/gly001/cqj/pa_ct_surv/checkpoints/pact_v4/pact/roi64_abmil_resnet18_weighted_normnone_fusion_dropout0.0_epochs30_coxbs64_lr1e-4_blr1e-5_wd5e-4_lct0.5_lpa0.3_seed42/fold_0/best_model.pth
[ResNetCox] Loaded pretrained from /home/gly001/cqj/pa_ct_surv/model/ct_pretrain/resnet_18_23dataset.pth
  Missing keys (ok): ['fc.weight', 'fc.bias']
Epoch 1/30 | Train Loss: 3.4688 (Cox Loss: 3.2935, KD Loss: 0.5844) | Val C-index: 0.6148 | Teacher risk std: 1.2598 | Teacher risk-set entropy: 3.6786
Epoch 2/30 | Train Loss: 3.4288 (Cox Loss: 3.2651, KD Loss: 0.5459) | Val C-index: 0.6416 | Teacher risk std: 1.2598 | Teacher risk-set entropy: 3.6879
Epoch 3/30 | Train Loss: 3.4007 (Cox Loss: 3.2390, KD Loss: 0.5388) | Val C-index: 0.6384 | Teacher risk std: 1.2598 | Teacher risk-set entropy: 3.6739
Epoch 4/30 | Train Loss: 3.4113 (Cox Loss: 3.2502, KD Loss: 0.5371) | Val C-index: 0.6368 | Teacher risk std: 1.2598 | Teacher risk-set entropy: 3.6337
Epoch 5/30 | Train Loss: 3.3675 (Cox Loss: 3.2127, KD Loss: 0.5161) | Val C-index: 0.6378 | Teacher risk std: 1.2598 | Teacher risk-set entropy: 3.6459
Epoch 6/30 | Train Loss: 3.3223 (Cox Loss: 3.1750, KD Loss: 0.4911) | Val C-index: 0.6457 | Teacher risk std: 1.2598 | Teacher risk-set entropy: 3.6746
Epoch 7/30 | Train Loss: 3.2623 (Cox Loss: 3.1229, KD Loss: 0.4647) | Val C-index: 0.6473 | Teacher risk std: 1.2598 | Teacher risk-set entropy: 3.6426
Epoch 8/30 | Train Loss: 3.2761 (Cox Loss: 3.1468, KD Loss: 0.4309) | Val C-index: 0.6585 | Teacher risk std: 1.2598 | Teacher risk-set entropy: 3.6842
Epoch 9/30 | Train Loss: 3.2579 (Cox Loss: 3.1323, KD Loss: 0.4187) | Val C-index: 0.6665 | Teacher risk std: 1.2598 | Teacher risk-set entropy: 3.6389
Epoch 10/30 | Train Loss: 3.2561 (Cox Loss: 3.1398, KD Loss: 0.3875) | Val C-index: 0.6735 | Teacher risk std: 1.2598 | Teacher risk-set entropy: 3.6559
Epoch 11/30 | Train Loss: 3.2356 (Cox Loss: 3.1163, KD Loss: 0.3976) | Val C-index: 0.6849 | Teacher risk std: 1.2598 | Teacher risk-set entropy: 3.6766
Epoch 12/30 | Train Loss: 3.2216 (Cox Loss: 3.1054, KD Loss: 0.3873) | Val C-index: 0.6888 | Teacher risk std: 1.2598 | Teacher risk-set entropy: 3.6550
Epoch 13/30 | Train Loss: 3.2522 (Cox Loss: 3.1440, KD Loss: 0.3609) | Val C-index: 0.6907 | Teacher risk std: 1.2598 | Teacher risk-set entropy: 3.6734
Epoch 14/30 | Train Loss: 3.1913 (Cox Loss: 3.0838, KD Loss: 0.3584) | Val C-index: 0.6964 | Teacher risk std: 1.2598 | Teacher risk-set entropy: 3.6646
Epoch 15/30 | Train Loss: 3.1768 (Cox Loss: 3.0737, KD Loss: 0.3437) | Val C-index: 0.7005 | Teacher risk std: 1.2598 | Teacher risk-set entropy: 3.6708
Epoch 16/30 | Train Loss: 3.2053 (Cox Loss: 3.1045, KD Loss: 0.3361) | Val C-index: 0.6919 | Teacher risk std: 1.2598 | Teacher risk-set entropy: 3.6603
Epoch 17/30 | Train Loss: 3.1809 (Cox Loss: 3.0759, KD Loss: 0.3499) | Val C-index: 0.7028 | Teacher risk std: 1.2598 | Teacher risk-set entropy: 3.6645
Epoch 18/30 | Train Loss: 3.1696 (Cox Loss: 3.0677, KD Loss: 0.3396) | Val C-index: 0.7012 | Teacher risk std: 1.2598 | Teacher risk-set entropy: 3.6752
Epoch 19/30 | Train Loss: 3.1453 (Cox Loss: 3.0493, KD Loss: 0.3202) | Val C-index: 0.7056 | Teacher risk std: 1.2598 | Teacher risk-set entropy: 3.6770
Epoch 20/30 | Train Loss: 3.1463 (Cox Loss: 3.0538, KD Loss: 0.3083) | Val C-index: 0.6878 | Teacher risk std: 1.2598 | Teacher risk-set entropy: 3.6680
Epoch 21/30 | Train Loss: 3.1258 (Cox Loss: 3.0341, KD Loss: 0.3057) | Val C-index: 0.7130 | Teacher risk std: 1.2598 | Teacher risk-set entropy: 3.6492
Epoch 22/30 | Train Loss: 3.1388 (Cox Loss: 3.0433, KD Loss: 0.3184) | Val C-index: 0.6939 | Teacher risk std: 1.2598 | Teacher risk-set entropy: 3.6521
Epoch 23/30 | Train Loss: 3.1372 (Cox Loss: 3.0450, KD Loss: 0.3074) | Val C-index: 0.7104 | Teacher risk std: 1.2598 | Teacher risk-set entropy: 3.6945
Epoch 24/30 | Train Loss: 3.1357 (Cox Loss: 3.0436, KD Loss: 0.3071) | Val C-index: 0.6951 | Teacher risk std: 1.2598 | Teacher risk-set entropy: 3.6738
Epoch 25/30 | Train Loss: 3.1186 (Cox Loss: 3.0320, KD Loss: 0.2885) | Val C-index: 0.7009 | Teacher risk std: 1.2598 | Teacher risk-set entropy: 3.6819
Epoch 26/30 | Train Loss: 3.1107 (Cox Loss: 3.0277, KD Loss: 0.2770) | Val C-index: 0.6875 | Teacher risk std: 1.2598 | Teacher risk-set entropy: 3.6513
Epoch 27/30 | Train Loss: 3.0795 (Cox Loss: 2.9929, KD Loss: 0.2888) | Val C-index: 0.7174 | Teacher risk std: 1.2598 | Teacher risk-set entropy: 3.6804
Epoch 28/30 | Train Loss: 3.1021 (Cox Loss: 3.0200, KD Loss: 0.2737) | Val C-index: 0.6853 | Teacher risk std: 1.2598 | Teacher risk-set entropy: 3.6652
Epoch 29/30 | Train Loss: 3.1213 (Cox Loss: 3.0298, KD Loss: 0.3048) | Val C-index: 0.7168 | Teacher risk std: 1.2598 | Teacher risk-set entropy: 3.6622
Epoch 30/30 | Train Loss: 3.1316 (Cox Loss: 3.0453, KD Loss: 0.2877) | Val C-index: 0.6910 | Teacher risk std: 1.2598 | Teacher risk-set entropy: 3.6815

Extra survival metrics:
cutoff_from_train_median: -0.458307
n_test: 113
n_high_risk: 52
n_low_risk: 61
n_event_test: 38
logrank_stat: 14.567634
logrank_p: 0.000135
auc_36m: 0.741276
auc_60m: 0.743584
HR_high_vs_low: 3.508569
HR_95CI_lower: 1.764939
HR_95CI_upper: 6.974778
cox_p: 0.000343
Fold 0 eval C-index: 0.7174

==================================================
Fold 2/5
==================================================
Loaded teacher from: /home/gly001/cqj/pa_ct_surv/checkpoints/pact_v4/pact/roi64_abmil_resnet18_weighted_normnone_fusion_dropout0.0_epochs30_coxbs64_lr1e-4_blr1e-5_wd5e-4_lct0.5_lpa0.3_seed42/fold_1/best_model.pth
[ResNetCox] Loaded pretrained from /home/gly001/cqj/pa_ct_surv/model/ct_pretrain/resnet_18_23dataset.pth
  Missing keys (ok): ['fc.weight', 'fc.bias']
Epoch 1/30 | Train Loss: 3.4051 (Cox Loss: 3.3212, KD Loss: 0.2796) | Val C-index: 0.6187 | Teacher risk std: 0.8366 | Teacher risk-set entropy: 3.7136
Epoch 2/30 | Train Loss: 3.3469 (Cox Loss: 3.2643, KD Loss: 0.2753) | Val C-index: 0.6592 | Teacher risk std: 0.8366 | Teacher risk-set entropy: 3.7136
Epoch 3/30 | Train Loss: 3.3364 (Cox Loss: 3.2568, KD Loss: 0.2654) | Val C-index: 0.6480 | Teacher risk std: 0.8366 | Teacher risk-set entropy: 3.7237
Epoch 4/30 | Train Loss: 3.3287 (Cox Loss: 3.2506, KD Loss: 0.2605) | Val C-index: 0.6477 | Teacher risk std: 0.8366 | Teacher risk-set entropy: 3.6758
Epoch 5/30 | Train Loss: 3.3266 (Cox Loss: 3.2553, KD Loss: 0.2375) | Val C-index: 0.6497 | Teacher risk std: 0.8366 | Teacher risk-set entropy: 3.7297
Epoch 6/30 | Train Loss: 3.2827 (Cox Loss: 3.2184, KD Loss: 0.2144) | Val C-index: 0.6546 | Teacher risk std: 0.8366 | Teacher risk-set entropy: 3.6760
Epoch 7/30 | Train Loss: 3.2221 (Cox Loss: 3.1662, KD Loss: 0.1865) | Val C-index: 0.6589 | Teacher risk std: 0.8366 | Teacher risk-set entropy: 3.7049
Epoch 8/30 | Train Loss: 3.2228 (Cox Loss: 3.1704, KD Loss: 0.1749) | Val C-index: 0.6638 | Teacher risk std: 0.8366 | Teacher risk-set entropy: 3.6941
Epoch 9/30 | Train Loss: 3.2035 (Cox Loss: 3.1541, KD Loss: 0.1647) | Val C-index: 0.6678 | Teacher risk std: 0.8366 | Teacher risk-set entropy: 3.6963
Epoch 10/30 | Train Loss: 3.2494 (Cox Loss: 3.2011, KD Loss: 0.1611) | Val C-index: 0.6793 | Teacher risk std: 0.8366 | Teacher risk-set entropy: 3.7233
Epoch 11/30 | Train Loss: 3.1764 (Cox Loss: 3.1323, KD Loss: 0.1470) | Val C-index: 0.6855 | Teacher risk std: 0.8366 | Teacher risk-set entropy: 3.6887
Epoch 12/30 | Train Loss: 3.1816 (Cox Loss: 3.1386, KD Loss: 0.1433) | Val C-index: 0.6915 | Teacher risk std: 0.8366 | Teacher risk-set entropy: 3.7003
Epoch 13/30 | Train Loss: 3.1614 (Cox Loss: 3.1206, KD Loss: 0.1358) | Val C-index: 0.6997 | Teacher risk std: 0.8366 | Teacher risk-set entropy: 3.6940
Epoch 14/30 | Train Loss: 3.1843 (Cox Loss: 3.1466, KD Loss: 0.1256) | Val C-index: 0.7132 | Teacher risk std: 0.8366 | Teacher risk-set entropy: 3.7091
Epoch 15/30 | Train Loss: 3.1738 (Cox Loss: 3.1325, KD Loss: 0.1376) | Val C-index: 0.7112 | Teacher risk std: 0.8366 | Teacher risk-set entropy: 3.7076
Epoch 16/30 | Train Loss: 3.1223 (Cox Loss: 3.0839, KD Loss: 0.1281) | Val C-index: 0.7175 | Teacher risk std: 0.8366 | Teacher risk-set entropy: 3.7033
Epoch 17/30 | Train Loss: 3.1594 (Cox Loss: 3.1195, KD Loss: 0.1329) | Val C-index: 0.7254 | Teacher risk std: 0.8366 | Teacher risk-set entropy: 3.7034
Epoch 18/30 | Train Loss: 3.1596 (Cox Loss: 3.1227, KD Loss: 0.1232) | Val C-index: 0.7284 | Teacher risk std: 0.8366 | Teacher risk-set entropy: 3.7124
Epoch 19/30 | Train Loss: 3.1142 (Cox Loss: 3.0784, KD Loss: 0.1193) | Val C-index: 0.7293 | Teacher risk std: 0.8366 | Teacher risk-set entropy: 3.7140
Epoch 20/30 | Train Loss: 3.1170 (Cox Loss: 3.0828, KD Loss: 0.1139) | Val C-index: 0.7326 | Teacher risk std: 0.8366 | Teacher risk-set entropy: 3.7123
Epoch 21/30 | Train Loss: 3.1200 (Cox Loss: 3.0833, KD Loss: 0.1226) | Val C-index: 0.7353 | Teacher risk std: 0.8366 | Teacher risk-set entropy: 3.7198
Epoch 22/30 | Train Loss: 3.1109 (Cox Loss: 3.0781, KD Loss: 0.1091) | Val C-index: 0.7451 | Teacher risk std: 0.8366 | Teacher risk-set entropy: 3.7277
Epoch 23/30 | Train Loss: 3.1190 (Cox Loss: 3.0821, KD Loss: 0.1227) | Val C-index: 0.7376 | Teacher risk std: 0.8366 | Teacher risk-set entropy: 3.7111
Epoch 24/30 | Train Loss: 3.1158 (Cox Loss: 3.0787, KD Loss: 0.1238) | Val C-index: 0.7445 | Teacher risk std: 0.8366 | Teacher risk-set entropy: 3.7082
Epoch 25/30 | Train Loss: 3.1388 (Cox Loss: 3.1055, KD Loss: 0.1112) | Val C-index: 0.7353 | Teacher risk std: 0.8366 | Teacher risk-set entropy: 3.6792
Epoch 26/30 | Train Loss: 3.1576 (Cox Loss: 3.1196, KD Loss: 0.1266) | Val C-index: 0.7465 | Teacher risk std: 0.8366 | Teacher risk-set entropy: 3.6895
Epoch 27/30 | Train Loss: 3.1059 (Cox Loss: 3.0707, KD Loss: 0.1174) | Val C-index: 0.7343 | Teacher risk std: 0.8366 | Teacher risk-set entropy: 3.6950
Epoch 28/30 | Train Loss: 3.0890 (Cox Loss: 3.0505, KD Loss: 0.1285) | Val C-index: 0.7336 | Teacher risk std: 0.8366 | Teacher risk-set entropy: 3.7053
Epoch 29/30 | Train Loss: 3.0981 (Cox Loss: 3.0649, KD Loss: 0.1107) | Val C-index: 0.7646 | Teacher risk std: 0.8366 | Teacher risk-set entropy: 3.7108
Epoch 30/30 | Train Loss: 3.1076 (Cox Loss: 3.0677, KD Loss: 0.1330) | Val C-index: 0.7428 | Teacher risk std: 0.8366 | Teacher risk-set entropy: 3.7042

Extra survival metrics:
cutoff_from_train_median: -0.028032
n_test: 113
n_high_risk: 49
n_low_risk: 64
n_event_test: 39
logrank_stat: 21.228665
logrank_p: 0.000004
auc_36m: 0.802074
auc_60m: 0.792666
HR_high_vs_low: 4.493623
HR_95CI_lower: 2.232555
HR_95CI_upper: 9.044636
cox_p: 0.000026
Fold 1 eval C-index: 0.7646

==================================================
Fold 3/5
==================================================
Loaded teacher from: /home/gly001/cqj/pa_ct_surv/checkpoints/pact_v4/pact/roi64_abmil_resnet18_weighted_normnone_fusion_dropout0.0_epochs30_coxbs64_lr1e-4_blr1e-5_wd5e-4_lct0.5_lpa0.3_seed42/fold_2/best_model.pth
[ResNetCox] Loaded pretrained from /home/gly001/cqj/pa_ct_surv/model/ct_pretrain/resnet_18_23dataset.pth
  Missing keys (ok): ['fc.weight', 'fc.bias']
Epoch 1/30 | Train Loss: 3.4661 (Cox Loss: 3.2787, KD Loss: 0.6247) | Val C-index: 0.7092 | Teacher risk std: 1.3518 | Teacher risk-set entropy: 3.7035
Epoch 2/30 | Train Loss: 3.5591 (Cox Loss: 3.3387, KD Loss: 0.7347) | Val C-index: 0.6956 | Teacher risk std: 1.3518 | Teacher risk-set entropy: 3.6675
Epoch 3/30 | Train Loss: 3.5332 (Cox Loss: 3.3411, KD Loss: 0.6401) | Val C-index: 0.6932 | Teacher risk std: 1.3518 | Teacher risk-set entropy: 3.6836
Epoch 4/30 | Train Loss: 3.4396 (Cox Loss: 3.2579, KD Loss: 0.6057) | Val C-index: 0.6892 | Teacher risk std: 1.3518 | Teacher risk-set entropy: 3.6547
Epoch 5/30 | Train Loss: 3.4263 (Cox Loss: 3.2482, KD Loss: 0.5936) | Val C-index: 0.6932 | Teacher risk std: 1.3518 | Teacher risk-set entropy: 3.7025
Epoch 6/30 | Train Loss: 3.4922 (Cox Loss: 3.3086, KD Loss: 0.6120) | Val C-index: 0.6892 | Teacher risk std: 1.3518 | Teacher risk-set entropy: 3.6810
Epoch 7/30 | Train Loss: 3.4911 (Cox Loss: 3.2794, KD Loss: 0.7056) | Val C-index: 0.6871 | Teacher risk std: 1.3518 | Teacher risk-set entropy: 3.6858
Epoch 8/30 | Train Loss: 3.4655 (Cox Loss: 3.2790, KD Loss: 0.6216) | Val C-index: 0.6976 | Teacher risk std: 1.3518 | Teacher risk-set entropy: 3.6901
Epoch 9/30 | Train Loss: 3.3564 (Cox Loss: 3.2024, KD Loss: 0.5132) | Val C-index: 0.7085 | Teacher risk std: 1.3518 | Teacher risk-set entropy: 3.6897
Epoch 10/30 | Train Loss: 3.3115 (Cox Loss: 3.1663, KD Loss: 0.4841) | Val C-index: 0.7081 | Teacher risk std: 1.3518 | Teacher risk-set entropy: 3.7055
Epoch 11/30 | Train Loss: 3.3227 (Cox Loss: 3.1838, KD Loss: 0.4632) | Val C-index: 0.7139 | Teacher risk std: 1.3518 | Teacher risk-set entropy: 3.7113
Epoch 12/30 | Train Loss: 3.3072 (Cox Loss: 3.1697, KD Loss: 0.4581) | Val C-index: 0.7142 | Teacher risk std: 1.3518 | Teacher risk-set entropy: 3.7023
Epoch 13/30 | Train Loss: 3.3605 (Cox Loss: 3.2234, KD Loss: 0.4569) | Val C-index: 0.6959 | Teacher risk std: 1.3518 | Teacher risk-set entropy: 3.6841
Epoch 14/30 | Train Loss: 3.2555 (Cox Loss: 3.1319, KD Loss: 0.4123) | Val C-index: 0.7020 | Teacher risk std: 1.3518 | Teacher risk-set entropy: 3.7181
Epoch 15/30 | Train Loss: 3.4257 (Cox Loss: 3.3068, KD Loss: 0.3963) | Val C-index: 0.6769 | Teacher risk std: 1.3518 | Teacher risk-set entropy: 3.6878
Epoch 16/30 | Train Loss: 3.2592 (Cox Loss: 3.1261, KD Loss: 0.4438) | Val C-index: 0.6576 | Teacher risk std: 1.3518 | Teacher risk-set entropy: 3.7093
Epoch 17/30 | Train Loss: 3.2298 (Cox Loss: 3.1141, KD Loss: 0.3856) | Val C-index: 0.7061 | Teacher risk std: 1.3518 | Teacher risk-set entropy: 3.7133
Epoch 18/30 | Train Loss: 3.2370 (Cox Loss: 3.1227, KD Loss: 0.3810) | Val C-index: 0.6949 | Teacher risk std: 1.3518 | Teacher risk-set entropy: 3.7228
Epoch 19/30 | Train Loss: 3.2854 (Cox Loss: 3.1672, KD Loss: 0.3941) | Val C-index: 0.6864 | Teacher risk std: 1.3518 | Teacher risk-set entropy: 3.6727
Epoch 20/30 | Train Loss: 3.2747 (Cox Loss: 3.1389, KD Loss: 0.4527) | Val C-index: 0.7014 | Teacher risk std: 1.3518 | Teacher risk-set entropy: 3.6979
Epoch 21/30 | Train Loss: 3.1655 (Cox Loss: 3.0621, KD Loss: 0.3448) | Val C-index: 0.6959 | Teacher risk std: 1.3518 | Teacher risk-set entropy: 3.6858
Epoch 22/30 | Train Loss: 3.1807 (Cox Loss: 3.0771, KD Loss: 0.3453) | Val C-index: 0.7027 | Teacher risk std: 1.3518 | Teacher risk-set entropy: 3.6984
Early stopping at epoch 22

Extra survival metrics:
cutoff_from_train_median: -0.199589
n_test: 112
n_high_risk: 55
n_low_risk: 57
n_event_test: 38
logrank_stat: 18.959810
logrank_p: 0.000013
auc_36m: 0.734846
auc_60m: 0.736649
HR_high_vs_low: 4.580450
HR_95CI_lower: 2.161446
HR_95CI_upper: 9.706708
cox_p: 0.000071
Fold 2 eval C-index: 0.7142

==================================================
Fold 4/5
==================================================
Loaded teacher from: /home/gly001/cqj/pa_ct_surv/checkpoints/pact_v4/pact/roi64_abmil_resnet18_weighted_normnone_fusion_dropout0.0_epochs30_coxbs64_lr1e-4_blr1e-5_wd5e-4_lct0.5_lpa0.3_seed42/fold_3/best_model.pth
[ResNetCox] Loaded pretrained from /home/gly001/cqj/pa_ct_surv/model/ct_pretrain/resnet_18_23dataset.pth
  Missing keys (ok): ['fc.weight', 'fc.bias']
Epoch 1/30 | Train Loss: 3.5924 (Cox Loss: 3.3825, KD Loss: 0.6996) | Val C-index: 0.5368 | Teacher risk std: 1.3204 | Teacher risk-set entropy: 3.6907
Epoch 2/30 | Train Loss: 3.4892 (Cox Loss: 3.2907, KD Loss: 0.6618) | Val C-index: 0.6451 | Teacher risk std: 1.3204 | Teacher risk-set entropy: 3.6846
Epoch 3/30 | Train Loss: 3.4737 (Cox Loss: 3.2799, KD Loss: 0.6462) | Val C-index: 0.6683 | Teacher risk std: 1.3204 | Teacher risk-set entropy: 3.6983
Epoch 4/30 | Train Loss: 3.4483 (Cox Loss: 3.2583, KD Loss: 0.6331) | Val C-index: 0.6693 | Teacher risk std: 1.3204 | Teacher risk-set entropy: 3.6955
Epoch 5/30 | Train Loss: 3.4837 (Cox Loss: 3.3012, KD Loss: 0.6083) | Val C-index: 0.6693 | Teacher risk std: 1.3204 | Teacher risk-set entropy: 3.6805
Epoch 6/30 | Train Loss: 3.4989 (Cox Loss: 3.3117, KD Loss: 0.6241) | Val C-index: 0.6706 | Teacher risk std: 1.3204 | Teacher risk-set entropy: 3.6907
Epoch 7/30 | Train Loss: 3.4704 (Cox Loss: 3.2923, KD Loss: 0.5936) | Val C-index: 0.6706 | Teacher risk std: 1.3204 | Teacher risk-set entropy: 3.6845
Epoch 8/30 | Train Loss: 3.3639 (Cox Loss: 3.1983, KD Loss: 0.5520) | Val C-index: 0.6690 | Teacher risk std: 1.3204 | Teacher risk-set entropy: 3.7194
Epoch 9/30 | Train Loss: 3.5392 (Cox Loss: 3.3052, KD Loss: 0.7799) | Val C-index: 0.6706 | Teacher risk std: 1.3204 | Teacher risk-set entropy: 3.6864
Epoch 10/30 | Train Loss: 3.3394 (Cox Loss: 3.1897, KD Loss: 0.4991) | Val C-index: 0.6736 | Teacher risk std: 1.3204 | Teacher risk-set entropy: 3.7123
Epoch 11/30 | Train Loss: 3.3898 (Cox Loss: 3.2009, KD Loss: 0.6297) | Val C-index: 0.6750 | Teacher risk std: 1.3204 | Teacher risk-set entropy: 3.6840
Epoch 12/30 | Train Loss: 3.2756 (Cox Loss: 3.1434, KD Loss: 0.4408) | Val C-index: 0.6789 | Teacher risk std: 1.3204 | Teacher risk-set entropy: 3.7146
Epoch 13/30 | Train Loss: 3.4054 (Cox Loss: 3.2725, KD Loss: 0.4432) | Val C-index: 0.6806 | Teacher risk std: 1.3204 | Teacher risk-set entropy: 3.6811
Epoch 14/30 | Train Loss: 3.2578 (Cox Loss: 3.1271, KD Loss: 0.4359) | Val C-index: 0.6816 | Teacher risk std: 1.3204 | Teacher risk-set entropy: 3.7054
Epoch 15/30 | Train Loss: 3.3164 (Cox Loss: 3.1767, KD Loss: 0.4658) | Val C-index: 0.6829 | Teacher risk std: 1.3204 | Teacher risk-set entropy: 3.6898
Epoch 16/30 | Train Loss: 3.2086 (Cox Loss: 3.0906, KD Loss: 0.3933) | Val C-index: 0.6859 | Teacher risk std: 1.3204 | Teacher risk-set entropy: 3.7110
Epoch 17/30 | Train Loss: 3.2416 (Cox Loss: 3.1267, KD Loss: 0.3830) | Val C-index: 0.6812 | Teacher risk std: 1.3204 | Teacher risk-set entropy: 3.6804
Epoch 18/30 | Train Loss: 3.2667 (Cox Loss: 3.1537, KD Loss: 0.3765) | Val C-index: 0.6706 | Teacher risk std: 1.3204 | Teacher risk-set entropy: 3.6859
Epoch 19/30 | Train Loss: 3.1813 (Cox Loss: 3.0767, KD Loss: 0.3484) | Val C-index: 0.6849 | Teacher risk std: 1.3204 | Teacher risk-set entropy: 3.7056
Epoch 20/30 | Train Loss: 3.3197 (Cox Loss: 3.2198, KD Loss: 0.3329) | Val C-index: 0.6895 | Teacher risk std: 1.3204 | Teacher risk-set entropy: 3.6769
Epoch 21/30 | Train Loss: 3.1559 (Cox Loss: 3.0523, KD Loss: 0.3453) | Val C-index: 0.6859 | Teacher risk std: 1.3204 | Teacher risk-set entropy: 3.7102
Epoch 22/30 | Train Loss: 3.1528 (Cox Loss: 3.0493, KD Loss: 0.3450) | Val C-index: 0.6812 | Teacher risk std: 1.3204 | Teacher risk-set entropy: 3.6834
Epoch 23/30 | Train Loss: 3.1284 (Cox Loss: 3.0281, KD Loss: 0.3344) | Val C-index: 0.6836 | Teacher risk std: 1.3204 | Teacher risk-set entropy: 3.6698
Epoch 24/30 | Train Loss: 3.1429 (Cox Loss: 3.0462, KD Loss: 0.3226) | Val C-index: 0.6839 | Teacher risk std: 1.3204 | Teacher risk-set entropy: 3.6832
Epoch 25/30 | Train Loss: 3.1907 (Cox Loss: 3.0995, KD Loss: 0.3042) | Val C-index: 0.6720 | Teacher risk std: 1.3204 | Teacher risk-set entropy: 3.6951
Epoch 26/30 | Train Loss: 3.1721 (Cox Loss: 3.0716, KD Loss: 0.3352) | Val C-index: 0.6912 | Teacher risk std: 1.3204 | Teacher risk-set entropy: 3.7019
Epoch 27/30 | Train Loss: 3.1922 (Cox Loss: 3.0773, KD Loss: 0.3831) | Val C-index: 0.6885 | Teacher risk std: 1.3204 | Teacher risk-set entropy: 3.6770
Epoch 28/30 | Train Loss: 3.2005 (Cox Loss: 3.1074, KD Loss: 0.3104) | Val C-index: 0.6918 | Teacher risk std: 1.3204 | Teacher risk-set entropy: 3.6766
Epoch 29/30 | Train Loss: 3.0535 (Cox Loss: 2.9720, KD Loss: 0.2719) | Val C-index: 0.6743 | Teacher risk std: 1.3204 | Teacher risk-set entropy: 3.6815
Epoch 30/30 | Train Loss: 3.1252 (Cox Loss: 3.0365, KD Loss: 0.2957) | Val C-index: 0.6922 | Teacher risk std: 1.3204 | Teacher risk-set entropy: 3.7081

Extra survival metrics:
cutoff_from_train_median: 0.032391
n_test: 112
n_high_risk: 54
n_low_risk: 58
n_event_test: 38
logrank_stat: 8.382710
logrank_p: 0.003788
auc_36m: 0.697702
auc_60m: 0.678946
HR_high_vs_low: 2.651589
HR_95CI_lower: 1.335195
HR_95CI_upper: 5.265842
cox_p: 0.005340
Fold 3 eval C-index: 0.6922

==================================================
Fold 5/5
==================================================
Loaded teacher from: /home/gly001/cqj/pa_ct_surv/checkpoints/pact_v4/pact/roi64_abmil_resnet18_weighted_normnone_fusion_dropout0.0_epochs30_coxbs64_lr1e-4_blr1e-5_wd5e-4_lct0.5_lpa0.3_seed42/fold_4/best_model.pth
[ResNetCox] Loaded pretrained from /home/gly001/cqj/pa_ct_surv/model/ct_pretrain/resnet_18_23dataset.pth
  Missing keys (ok): ['fc.weight', 'fc.bias']
Epoch 1/30 | Train Loss: 3.7795 (Cox Loss: 3.3487, KD Loss: 1.4362) | Val C-index: 0.5513 | Teacher risk std: 1.7727 | Teacher risk-set entropy: 3.6672
Epoch 2/30 | Train Loss: 3.5544 (Cox Loss: 3.2601, KD Loss: 0.9809) | Val C-index: 0.5445 | Teacher risk std: 1.7727 | Teacher risk-set entropy: 3.6665
Epoch 3/30 | Train Loss: 3.5412 (Cox Loss: 3.2490, KD Loss: 0.9742) | Val C-index: 0.5388 | Teacher risk std: 1.7727 | Teacher risk-set entropy: 3.6836
Epoch 4/30 | Train Loss: 3.5973 (Cox Loss: 3.3101, KD Loss: 0.9571) | Val C-index: 0.5476 | Teacher risk std: 1.7727 | Teacher risk-set entropy: 3.6835
Epoch 5/30 | Train Loss: 3.5479 (Cox Loss: 3.2516, KD Loss: 0.9877) | Val C-index: 0.5489 | Teacher risk std: 1.7727 | Teacher risk-set entropy: 3.7025
Epoch 6/30 | Train Loss: 3.5166 (Cox Loss: 3.2380, KD Loss: 0.9288) | Val C-index: 0.5499 | Teacher risk std: 1.7727 | Teacher risk-set entropy: 3.6829
Epoch 7/30 | Train Loss: 3.4556 (Cox Loss: 3.1827, KD Loss: 0.9095) | Val C-index: 0.5506 | Teacher risk std: 1.7727 | Teacher risk-set entropy: 3.6890
Epoch 8/30 | Train Loss: 3.4476 (Cox Loss: 3.1793, KD Loss: 0.8943) | Val C-index: 0.5539 | Teacher risk std: 1.7727 | Teacher risk-set entropy: 3.6578
Epoch 9/30 | Train Loss: 3.4341 (Cox Loss: 3.1709, KD Loss: 0.8773) | Val C-index: 0.5684 | Teacher risk std: 1.7727 | Teacher risk-set entropy: 3.6493
Epoch 10/30 | Train Loss: 3.4489 (Cox Loss: 3.1969, KD Loss: 0.8397) | Val C-index: 0.5765 | Teacher risk std: 1.7727 | Teacher risk-set entropy: 3.6519
Epoch 11/30 | Train Loss: 3.3578 (Cox Loss: 3.1170, KD Loss: 0.8028) | Val C-index: 0.5889 | Teacher risk std: 1.7727 | Teacher risk-set entropy: 3.6883
Epoch 12/30 | Train Loss: 3.3670 (Cox Loss: 3.1282, KD Loss: 0.7960) | Val C-index: 0.5997 | Teacher risk std: 1.7727 | Teacher risk-set entropy: 3.7137
Epoch 13/30 | Train Loss: 3.3176 (Cox Loss: 3.0864, KD Loss: 0.7708) | Val C-index: 0.6037 | Teacher risk std: 1.7727 | Teacher risk-set entropy: 3.6877
Epoch 14/30 | Train Loss: 3.3347 (Cox Loss: 3.1000, KD Loss: 0.7823) | Val C-index: 0.6185 | Teacher risk std: 1.7727 | Teacher risk-set entropy: 3.6875
Epoch 15/30 | Train Loss: 3.3002 (Cox Loss: 3.0837, KD Loss: 0.7219) | Val C-index: 0.6165 | Teacher risk std: 1.7727 | Teacher risk-set entropy: 3.7083
Epoch 16/30 | Train Loss: 3.2793 (Cox Loss: 3.0695, KD Loss: 0.6995) | Val C-index: 0.6313 | Teacher risk std: 1.7727 | Teacher risk-set entropy: 3.6960
Epoch 17/30 | Train Loss: 3.2858 (Cox Loss: 3.0747, KD Loss: 0.7036) | Val C-index: 0.6353 | Teacher risk std: 1.7727 | Teacher risk-set entropy: 3.6779
Epoch 18/30 | Train Loss: 3.2944 (Cox Loss: 3.0916, KD Loss: 0.6758) | Val C-index: 0.6387 | Teacher risk std: 1.7727 | Teacher risk-set entropy: 3.6817
Epoch 19/30 | Train Loss: 3.2521 (Cox Loss: 3.0353, KD Loss: 0.7227) | Val C-index: 0.6474 | Teacher risk std: 1.7727 | Teacher risk-set entropy: 3.6723
Epoch 20/30 | Train Loss: 3.4309 (Cox Loss: 3.1136, KD Loss: 1.0576) | Val C-index: 0.6316 | Teacher risk std: 1.7727 | Teacher risk-set entropy: 3.6730
Epoch 21/30 | Train Loss: 3.3089 (Cox Loss: 3.1026, KD Loss: 0.6878) | Val C-index: 0.6393 | Teacher risk std: 1.7727 | Teacher risk-set entropy: 3.6931
Epoch 22/30 | Train Loss: 3.2117 (Cox Loss: 3.0106, KD Loss: 0.6704) | Val C-index: 0.6514 | Teacher risk std: 1.7727 | Teacher risk-set entropy: 3.6977
Epoch 23/30 | Train Loss: 3.2991 (Cox Loss: 3.0965, KD Loss: 0.6752) | Val C-index: 0.6437 | Teacher risk std: 1.7727 | Teacher risk-set entropy: 3.6753
Epoch 24/30 | Train Loss: 3.2242 (Cox Loss: 3.0343, KD Loss: 0.6328) | Val C-index: 0.6565 | Teacher risk std: 1.7727 | Teacher risk-set entropy: 3.6690
Epoch 25/30 | Train Loss: 3.2328 (Cox Loss: 3.0399, KD Loss: 0.6430) | Val C-index: 0.6655 | Teacher risk std: 1.7727 | Teacher risk-set entropy: 3.6530
Epoch 26/30 | Train Loss: 3.1971 (Cox Loss: 3.0075, KD Loss: 0.6318) | Val C-index: 0.6474 | Teacher risk std: 1.7727 | Teacher risk-set entropy: 3.6565
Epoch 27/30 | Train Loss: 3.3643 (Cox Loss: 3.1702, KD Loss: 0.6471) | Val C-index: 0.6649 | Teacher risk std: 1.7727 | Teacher risk-set entropy: 3.6625
Epoch 28/30 | Train Loss: 3.1460 (Cox Loss: 2.9610, KD Loss: 0.6165) | Val C-index: 0.6471 | Teacher risk std: 1.7727 | Teacher risk-set entropy: 3.6993
Epoch 29/30 | Train Loss: 3.3241 (Cox Loss: 3.0364, KD Loss: 0.9592) | Val C-index: 0.6491 | Teacher risk std: 1.7727 | Teacher risk-set entropy: 3.6670
Epoch 30/30 | Train Loss: 3.1992 (Cox Loss: 3.0153, KD Loss: 0.6129) | Val C-index: 0.6514 | Teacher risk std: 1.7727 | Teacher risk-set entropy: 3.6917

Extra survival metrics:
cutoff_from_train_median: 0.031879
n_test: 112
n_high_risk: 74
n_low_risk: 38
n_event_test: 38
logrank_stat: 8.490264
logrank_p: 0.003571
auc_36m: 0.706886
auc_60m: 0.628984
HR_high_vs_low: 3.392497
HR_95CI_lower: 1.416018
HR_95CI_upper: 8.127747
cox_p: 0.006139
Fold 4 eval C-index: 0.6655

==================================================
5-Fold CV Summary
==================================================
  C-index: 0.7108 +/- 0.0365
