Teacher:   /home/gly001/cqj/pa_ct_surv/checkpoints/pact_v4/pact/roi64_abmil_resnet18_weighted_normnone_fusion_dropout0.0_epochs30_coxbs64_lr1e-4_blr1e-5_wd5e-4_lct0.5_lpa0.3_seed42
Teacher config: /home/gly001/cqj/pa_ct_surv/results/pact_v4/pact/roi64_abmil_resnet18_weighted_normnone_fusion_dropout0.0_epochs30_coxbs64_lr1e-4_blr1e-5_wd5e-4_lct0.5_lpa0.3_seed42/run_config.yaml
Data:      /home/gly001/cqj/pa_ct_surv/data/seed_42 | ROI: 64
Teacher model: PA=abmil | CT=resnet18 | Fusion=weighted | k=None
Distill:   Cox + alpha_kd*listwise_kd(student_risk, teacher_fused_risk) | alpha_kd=0.3 | KD starts at epoch 1
Student dropout: 0.5
CT augmentation: disabled | cox_batch_size=64
LR:        head=0.0001 | CT backbone=1e-05
Checkpoints: /home/gly001/cqj/pa_ct_surv/checkpoints/pact_v4/ct_student/roi64_abmil_resnet18_weighted_normnone_fusion_dropout0.0_epochs30_coxbs64_lr1e-4_blr1e-5_wd5e-4_lct0.5_lpa0.3_seed42_resnet18_dropout0.5_listwise_kd_akd0.3_t5.0
Results:     /home/gly001/cqj/pa_ct_surv/results/pact_v4/ct_student/roi64_abmil_resnet18_weighted_normnone_fusion_dropout0.0_epochs30_coxbs64_lr1e-4_blr1e-5_wd5e-4_lct0.5_lpa0.3_seed42_resnet18_dropout0.5_listwise_kd_akd0.3_t5.0
Loaded 703 paired samples
Locked split from dataset CSV: train=562, test=141
Test set is not accessed during CV

==================================================
Fold 1/5
==================================================
Loaded teacher from: /home/gly001/cqj/pa_ct_surv/checkpoints/pact_v4/pact/roi64_abmil_resnet18_weighted_normnone_fusion_dropout0.0_epochs30_coxbs64_lr1e-4_blr1e-5_wd5e-4_lct0.5_lpa0.3_seed42/fold_0/best_model.pth
[ResNetCox] Loaded pretrained from /home/gly001/cqj/pa_ct_surv/model/ct_pretrain/resnet_18_23dataset.pth
  Missing keys (ok): ['fc.weight', 'fc.bias']
Epoch 1/30 | Train Loss: 3.4674 (Cox Loss: 3.2934, KD Loss: 0.5797) | Val C-index: 0.6148 | Teacher risk std: 1.2598 | Teacher risk-set entropy: 3.6604
Epoch 2/30 | Train Loss: 3.4271 (Cox Loss: 3.2651, KD Loss: 0.5398) | Val C-index: 0.6413 | Teacher risk std: 1.2598 | Teacher risk-set entropy: 3.6699
Epoch 3/30 | Train Loss: 3.3985 (Cox Loss: 3.2391, KD Loss: 0.5311) | Val C-index: 0.6384 | Teacher risk std: 1.2598 | Teacher risk-set entropy: 3.6561
Epoch 4/30 | Train Loss: 3.4096 (Cox Loss: 3.2502, KD Loss: 0.5311) | Val C-index: 0.6368 | Teacher risk std: 1.2598 | Teacher risk-set entropy: 3.6159
Epoch 5/30 | Train Loss: 3.3663 (Cox Loss: 3.2129, KD Loss: 0.5112) | Val C-index: 0.6371 | Teacher risk std: 1.2598 | Teacher risk-set entropy: 3.6279
Epoch 6/30 | Train Loss: 3.3213 (Cox Loss: 3.1752, KD Loss: 0.4870) | Val C-index: 0.6454 | Teacher risk std: 1.2598 | Teacher risk-set entropy: 3.6563
Epoch 7/30 | Train Loss: 3.2612 (Cox Loss: 3.1231, KD Loss: 0.4602) | Val C-index: 0.6467 | Teacher risk std: 1.2598 | Teacher risk-set entropy: 3.6238
Epoch 8/30 | Train Loss: 3.2744 (Cox Loss: 3.1467, KD Loss: 0.4257) | Val C-index: 0.6585 | Teacher risk std: 1.2598 | Teacher risk-set entropy: 3.6661
Epoch 9/30 | Train Loss: 3.2569 (Cox Loss: 3.1326, KD Loss: 0.4143) | Val C-index: 0.6652 | Teacher risk std: 1.2598 | Teacher risk-set entropy: 3.6203
Epoch 10/30 | Train Loss: 3.2559 (Cox Loss: 3.1401, KD Loss: 0.3858) | Val C-index: 0.6725 | Teacher risk std: 1.2598 | Teacher risk-set entropy: 3.6379
Epoch 11/30 | Train Loss: 3.2351 (Cox Loss: 3.1172, KD Loss: 0.3931) | Val C-index: 0.6849 | Teacher risk std: 1.2598 | Teacher risk-set entropy: 3.6585
Epoch 12/30 | Train Loss: 3.2212 (Cox Loss: 3.1060, KD Loss: 0.3842) | Val C-index: 0.6878 | Teacher risk std: 1.2598 | Teacher risk-set entropy: 3.6367
Epoch 13/30 | Train Loss: 3.2514 (Cox Loss: 3.1441, KD Loss: 0.3578) | Val C-index: 0.6910 | Teacher risk std: 1.2598 | Teacher risk-set entropy: 3.6552
Epoch 14/30 | Train Loss: 3.1910 (Cox Loss: 3.0843, KD Loss: 0.3556) | Val C-index: 0.6958 | Teacher risk std: 1.2598 | Teacher risk-set entropy: 3.6469
Epoch 15/30 | Train Loss: 3.1758 (Cox Loss: 3.0738, KD Loss: 0.3401) | Val C-index: 0.7009 | Teacher risk std: 1.2598 | Teacher risk-set entropy: 3.6523
Epoch 16/30 | Train Loss: 3.2044 (Cox Loss: 3.1049, KD Loss: 0.3314) | Val C-index: 0.6929 | Teacher risk std: 1.2598 | Teacher risk-set entropy: 3.6424
Epoch 17/30 | Train Loss: 3.1802 (Cox Loss: 3.0762, KD Loss: 0.3467) | Val C-index: 0.7031 | Teacher risk std: 1.2598 | Teacher risk-set entropy: 3.6462
Epoch 18/30 | Train Loss: 3.1693 (Cox Loss: 3.0679, KD Loss: 0.3381) | Val C-index: 0.7015 | Teacher risk std: 1.2598 | Teacher risk-set entropy: 3.6570
Epoch 19/30 | Train Loss: 3.1447 (Cox Loss: 3.0495, KD Loss: 0.3172) | Val C-index: 0.7056 | Teacher risk std: 1.2598 | Teacher risk-set entropy: 3.6584
Epoch 20/30 | Train Loss: 3.1460 (Cox Loss: 3.0542, KD Loss: 0.3060) | Val C-index: 0.6878 | Teacher risk std: 1.2598 | Teacher risk-set entropy: 3.6494
Epoch 21/30 | Train Loss: 3.1249 (Cox Loss: 3.0344, KD Loss: 0.3017) | Val C-index: 0.7126 | Teacher risk std: 1.2598 | Teacher risk-set entropy: 3.6311
Epoch 22/30 | Train Loss: 3.1385 (Cox Loss: 3.0436, KD Loss: 0.3165) | Val C-index: 0.6942 | Teacher risk std: 1.2598 | Teacher risk-set entropy: 3.6344
Epoch 23/30 | Train Loss: 3.1371 (Cox Loss: 3.0454, KD Loss: 0.3059) | Val C-index: 0.7104 | Teacher risk std: 1.2598 | Teacher risk-set entropy: 3.6768
Epoch 24/30 | Train Loss: 3.1347 (Cox Loss: 3.0440, KD Loss: 0.3023) | Val C-index: 0.6948 | Teacher risk std: 1.2598 | Teacher risk-set entropy: 3.6559
Epoch 25/30 | Train Loss: 3.1177 (Cox Loss: 3.0323, KD Loss: 0.2845) | Val C-index: 0.7002 | Teacher risk std: 1.2598 | Teacher risk-set entropy: 3.6639
Epoch 26/30 | Train Loss: 3.1097 (Cox Loss: 3.0279, KD Loss: 0.2726) | Val C-index: 0.6878 | Teacher risk std: 1.2598 | Teacher risk-set entropy: 3.6330
Epoch 27/30 | Train Loss: 3.0786 (Cox Loss: 2.9930, KD Loss: 0.2853) | Val C-index: 0.7174 | Teacher risk std: 1.2598 | Teacher risk-set entropy: 3.6623
Epoch 28/30 | Train Loss: 3.1011 (Cox Loss: 3.0200, KD Loss: 0.2702) | Val C-index: 0.6859 | Teacher risk std: 1.2598 | Teacher risk-set entropy: 3.6478
Epoch 29/30 | Train Loss: 3.1198 (Cox Loss: 3.0296, KD Loss: 0.3007) | Val C-index: 0.7174 | Teacher risk std: 1.2598 | Teacher risk-set entropy: 3.6441
Epoch 30/30 | Train Loss: 3.1295 (Cox Loss: 3.0446, KD Loss: 0.2830) | Val C-index: 0.6913 | Teacher risk std: 1.2598 | Teacher risk-set entropy: 3.6629

Extra survival metrics:
cutoff_from_train_median: -0.447922
n_test: 113
n_high_risk: 52
n_low_risk: 61
n_event_test: 38
logrank_stat: 14.567634
logrank_p: 0.000135
auc_36m: 0.741276
auc_60m: 0.743584
HR_high_vs_low: 3.508569
HR_95CI_lower: 1.764939
HR_95CI_upper: 6.974778
cox_p: 0.000343
Fold 0 eval C-index: 0.7174

==================================================
Fold 2/5
==================================================
Loaded teacher from: /home/gly001/cqj/pa_ct_surv/checkpoints/pact_v4/pact/roi64_abmil_resnet18_weighted_normnone_fusion_dropout0.0_epochs30_coxbs64_lr1e-4_blr1e-5_wd5e-4_lct0.5_lpa0.3_seed42/fold_1/best_model.pth
[ResNetCox] Loaded pretrained from /home/gly001/cqj/pa_ct_surv/model/ct_pretrain/resnet_18_23dataset.pth
  Missing keys (ok): ['fc.weight', 'fc.bias']
Epoch 1/30 | Train Loss: 3.4048 (Cox Loss: 3.3212, KD Loss: 0.2786) | Val C-index: 0.6187 | Teacher risk std: 0.8366 | Teacher risk-set entropy: 3.7051
Epoch 2/30 | Train Loss: 3.3467 (Cox Loss: 3.2643, KD Loss: 0.2745) | Val C-index: 0.6599 | Teacher risk std: 0.8366 | Teacher risk-set entropy: 3.7046
Epoch 3/30 | Train Loss: 3.3362 (Cox Loss: 3.2567, KD Loss: 0.2650) | Val C-index: 0.6480 | Teacher risk std: 0.8366 | Teacher risk-set entropy: 3.7149
Epoch 4/30 | Train Loss: 3.3286 (Cox Loss: 3.2506, KD Loss: 0.2601) | Val C-index: 0.6477 | Teacher risk std: 0.8366 | Teacher risk-set entropy: 3.6671
Epoch 5/30 | Train Loss: 3.3265 (Cox Loss: 3.2553, KD Loss: 0.2376) | Val C-index: 0.6497 | Teacher risk std: 0.8366 | Teacher risk-set entropy: 3.7209
Epoch 6/30 | Train Loss: 3.2824 (Cox Loss: 3.2183, KD Loss: 0.2136) | Val C-index: 0.6546 | Teacher risk std: 0.8366 | Teacher risk-set entropy: 3.6673
Epoch 7/30 | Train Loss: 3.2217 (Cox Loss: 3.1661, KD Loss: 0.1855) | Val C-index: 0.6589 | Teacher risk std: 0.8366 | Teacher risk-set entropy: 3.6961
Epoch 8/30 | Train Loss: 3.2227 (Cox Loss: 3.1704, KD Loss: 0.1742) | Val C-index: 0.6638 | Teacher risk std: 0.8366 | Teacher risk-set entropy: 3.6853
Epoch 9/30 | Train Loss: 3.2034 (Cox Loss: 3.1541, KD Loss: 0.1644) | Val C-index: 0.6678 | Teacher risk std: 0.8366 | Teacher risk-set entropy: 3.6871
Epoch 10/30 | Train Loss: 3.2495 (Cox Loss: 3.2011, KD Loss: 0.1612) | Val C-index: 0.6796 | Teacher risk std: 0.8366 | Teacher risk-set entropy: 3.7145
Epoch 11/30 | Train Loss: 3.1766 (Cox Loss: 3.1324, KD Loss: 0.1474) | Val C-index: 0.6859 | Teacher risk std: 0.8366 | Teacher risk-set entropy: 3.6800
Epoch 12/30 | Train Loss: 3.1816 (Cox Loss: 3.1387, KD Loss: 0.1431) | Val C-index: 0.6925 | Teacher risk std: 0.8366 | Teacher risk-set entropy: 3.6917
Epoch 13/30 | Train Loss: 3.1617 (Cox Loss: 3.1208, KD Loss: 0.1360) | Val C-index: 0.7007 | Teacher risk std: 0.8366 | Teacher risk-set entropy: 3.6852
Epoch 14/30 | Train Loss: 3.1845 (Cox Loss: 3.1467, KD Loss: 0.1258) | Val C-index: 0.7139 | Teacher risk std: 0.8366 | Teacher risk-set entropy: 3.7002
Epoch 15/30 | Train Loss: 3.1739 (Cox Loss: 3.1325, KD Loss: 0.1380) | Val C-index: 0.7119 | Teacher risk std: 0.8366 | Teacher risk-set entropy: 3.6989
Epoch 16/30 | Train Loss: 3.1223 (Cox Loss: 3.0839, KD Loss: 0.1279) | Val C-index: 0.7175 | Teacher risk std: 0.8366 | Teacher risk-set entropy: 3.6946
Epoch 17/30 | Train Loss: 3.1595 (Cox Loss: 3.1196, KD Loss: 0.1330) | Val C-index: 0.7260 | Teacher risk std: 0.8366 | Teacher risk-set entropy: 3.6945
Epoch 18/30 | Train Loss: 3.1597 (Cox Loss: 3.1226, KD Loss: 0.1235) | Val C-index: 0.7287 | Teacher risk std: 0.8366 | Teacher risk-set entropy: 3.7036
Epoch 19/30 | Train Loss: 3.1142 (Cox Loss: 3.0786, KD Loss: 0.1186) | Val C-index: 0.7297 | Teacher risk std: 0.8366 | Teacher risk-set entropy: 3.7054
Epoch 20/30 | Train Loss: 3.1170 (Cox Loss: 3.0828, KD Loss: 0.1141) | Val C-index: 0.7323 | Teacher risk std: 0.8366 | Teacher risk-set entropy: 3.7034
Epoch 21/30 | Train Loss: 3.1199 (Cox Loss: 3.0833, KD Loss: 0.1221) | Val C-index: 0.7353 | Teacher risk std: 0.8366 | Teacher risk-set entropy: 3.7110
Epoch 22/30 | Train Loss: 3.1110 (Cox Loss: 3.0781, KD Loss: 0.1096) | Val C-index: 0.7448 | Teacher risk std: 0.8366 | Teacher risk-set entropy: 3.7192
Epoch 23/30 | Train Loss: 3.1192 (Cox Loss: 3.0823, KD Loss: 0.1231) | Val C-index: 0.7376 | Teacher risk std: 0.8366 | Teacher risk-set entropy: 3.7021
Epoch 24/30 | Train Loss: 3.1159 (Cox Loss: 3.0789, KD Loss: 0.1236) | Val C-index: 0.7451 | Teacher risk std: 0.8366 | Teacher risk-set entropy: 3.6995
Epoch 25/30 | Train Loss: 3.1392 (Cox Loss: 3.1059, KD Loss: 0.1109) | Val C-index: 0.7356 | Teacher risk std: 0.8366 | Teacher risk-set entropy: 3.6705
Epoch 26/30 | Train Loss: 3.1569 (Cox Loss: 3.1192, KD Loss: 0.1257) | Val C-index: 0.7461 | Teacher risk std: 0.8366 | Teacher risk-set entropy: 3.6808
Epoch 27/30 | Train Loss: 3.1060 (Cox Loss: 3.0708, KD Loss: 0.1171) | Val C-index: 0.7343 | Teacher risk std: 0.8366 | Teacher risk-set entropy: 3.6862
Epoch 28/30 | Train Loss: 3.0892 (Cox Loss: 3.0508, KD Loss: 0.1280) | Val C-index: 0.7343 | Teacher risk std: 0.8366 | Teacher risk-set entropy: 3.6964
Epoch 29/30 | Train Loss: 3.0984 (Cox Loss: 3.0652, KD Loss: 0.1107) | Val C-index: 0.7642 | Teacher risk std: 0.8366 | Teacher risk-set entropy: 3.7021
Epoch 30/30 | Train Loss: 3.1080 (Cox Loss: 3.0680, KD Loss: 0.1335) | Val C-index: 0.7428 | Teacher risk std: 0.8366 | Teacher risk-set entropy: 3.6953

Extra survival metrics:
cutoff_from_train_median: -0.009197
n_test: 113
n_high_risk: 49
n_low_risk: 64
n_event_test: 39
logrank_stat: 21.228665
logrank_p: 0.000004
auc_36m: 0.802074
auc_60m: 0.792666
HR_high_vs_low: 4.493623
HR_95CI_lower: 2.232555
HR_95CI_upper: 9.044636
cox_p: 0.000026
Fold 1 eval C-index: 0.7642

==================================================
Fold 3/5
==================================================
Loaded teacher from: /home/gly001/cqj/pa_ct_surv/checkpoints/pact_v4/pact/roi64_abmil_resnet18_weighted_normnone_fusion_dropout0.0_epochs30_coxbs64_lr1e-4_blr1e-5_wd5e-4_lct0.5_lpa0.3_seed42/fold_2/best_model.pth
[ResNetCox] Loaded pretrained from /home/gly001/cqj/pa_ct_surv/model/ct_pretrain/resnet_18_23dataset.pth
  Missing keys (ok): ['fc.weight', 'fc.bias']
Epoch 1/30 | Train Loss: 3.4658 (Cox Loss: 3.2787, KD Loss: 0.6238) | Val C-index: 0.7095 | Teacher risk std: 1.3518 | Teacher risk-set entropy: 3.6830
Epoch 2/30 | Train Loss: 3.5573 (Cox Loss: 3.3386, KD Loss: 0.7288) | Val C-index: 0.6959 | Teacher risk std: 1.3518 | Teacher risk-set entropy: 3.6471
Epoch 3/30 | Train Loss: 3.5330 (Cox Loss: 3.3411, KD Loss: 0.6397) | Val C-index: 0.6932 | Teacher risk std: 1.3518 | Teacher risk-set entropy: 3.6632
Epoch 4/30 | Train Loss: 3.4388 (Cox Loss: 3.2578, KD Loss: 0.6031) | Val C-index: 0.6892 | Teacher risk std: 1.3518 | Teacher risk-set entropy: 3.6341
Epoch 5/30 | Train Loss: 3.4264 (Cox Loss: 3.2482, KD Loss: 0.5938) | Val C-index: 0.6925 | Teacher risk std: 1.3518 | Teacher risk-set entropy: 3.6816
Epoch 6/30 | Train Loss: 3.4914 (Cox Loss: 3.3084, KD Loss: 0.6100) | Val C-index: 0.6885 | Teacher risk std: 1.3518 | Teacher risk-set entropy: 3.6605
Epoch 7/30 | Train Loss: 3.4869 (Cox Loss: 3.2794, KD Loss: 0.6918) | Val C-index: 0.6871 | Teacher risk std: 1.3518 | Teacher risk-set entropy: 3.6649
Epoch 8/30 | Train Loss: 3.4629 (Cox Loss: 3.2790, KD Loss: 0.6132) | Val C-index: 0.6980 | Teacher risk std: 1.3518 | Teacher risk-set entropy: 3.6693
Epoch 9/30 | Train Loss: 3.3558 (Cox Loss: 3.2021, KD Loss: 0.5123) | Val C-index: 0.7081 | Teacher risk std: 1.3518 | Teacher risk-set entropy: 3.6687
Epoch 10/30 | Train Loss: 3.3104 (Cox Loss: 3.1663, KD Loss: 0.4806) | Val C-index: 0.7075 | Teacher risk std: 1.3518 | Teacher risk-set entropy: 3.6849
Epoch 11/30 | Train Loss: 3.3216 (Cox Loss: 3.1838, KD Loss: 0.4594) | Val C-index: 0.7139 | Teacher risk std: 1.3518 | Teacher risk-set entropy: 3.6902
Epoch 12/30 | Train Loss: 3.3066 (Cox Loss: 3.1696, KD Loss: 0.4567) | Val C-index: 0.7139 | Teacher risk std: 1.3518 | Teacher risk-set entropy: 3.6813
Epoch 13/30 | Train Loss: 3.3607 (Cox Loss: 3.2237, KD Loss: 0.4565) | Val C-index: 0.6966 | Teacher risk std: 1.3518 | Teacher risk-set entropy: 3.6640
Epoch 14/30 | Train Loss: 3.2546 (Cox Loss: 3.1318, KD Loss: 0.4093) | Val C-index: 0.7027 | Teacher risk std: 1.3518 | Teacher risk-set entropy: 3.6971
Epoch 15/30 | Train Loss: 3.4251 (Cox Loss: 3.3068, KD Loss: 0.3940) | Val C-index: 0.6763 | Teacher risk std: 1.3518 | Teacher risk-set entropy: 3.6666
Epoch 16/30 | Train Loss: 3.2586 (Cox Loss: 3.1253, KD Loss: 0.4446) | Val C-index: 0.6586 | Teacher risk std: 1.3518 | Teacher risk-set entropy: 3.6883
Epoch 17/30 | Train Loss: 3.2291 (Cox Loss: 3.1141, KD Loss: 0.3834) | Val C-index: 0.7064 | Teacher risk std: 1.3518 | Teacher risk-set entropy: 3.6931
Epoch 18/30 | Train Loss: 3.2362 (Cox Loss: 3.1228, KD Loss: 0.3779) | Val C-index: 0.6949 | Teacher risk std: 1.3518 | Teacher risk-set entropy: 3.7020
Epoch 19/30 | Train Loss: 3.2844 (Cox Loss: 3.1668, KD Loss: 0.3921) | Val C-index: 0.6868 | Teacher risk std: 1.3518 | Teacher risk-set entropy: 3.6525
Epoch 20/30 | Train Loss: 3.2734 (Cox Loss: 3.1394, KD Loss: 0.4467) | Val C-index: 0.7024 | Teacher risk std: 1.3518 | Teacher risk-set entropy: 3.6769
Epoch 21/30 | Train Loss: 3.1647 (Cox Loss: 3.0619, KD Loss: 0.3425) | Val C-index: 0.6959 | Teacher risk std: 1.3518 | Teacher risk-set entropy: 3.6649
Early stopping at epoch 21

Extra survival metrics:
cutoff_from_train_median: -0.014534
n_test: 112
n_high_risk: 58
n_low_risk: 54
n_event_test: 38
logrank_stat: 19.876850
logrank_p: 0.000008
auc_36m: 0.735962
auc_60m: 0.731533
HR_high_vs_low: 5.003998
HR_95CI_lower: 2.284792
HR_95CI_upper: 10.959416
cox_p: 0.000057
Fold 2 eval C-index: 0.7139

==================================================
Fold 4/5
==================================================
Loaded teacher from: /home/gly001/cqj/pa_ct_surv/checkpoints/pact_v4/pact/roi64_abmil_resnet18_weighted_normnone_fusion_dropout0.0_epochs30_coxbs64_lr1e-4_blr1e-5_wd5e-4_lct0.5_lpa0.3_seed42/fold_3/best_model.pth
[ResNetCox] Loaded pretrained from /home/gly001/cqj/pa_ct_surv/model/ct_pretrain/resnet_18_23dataset.pth
  Missing keys (ok): ['fc.weight', 'fc.bias']
Epoch 1/30 | Train Loss: 3.5898 (Cox Loss: 3.3825, KD Loss: 0.6911) | Val C-index: 0.5364 | Teacher risk std: 1.3204 | Teacher risk-set entropy: 3.6702
Epoch 2/30 | Train Loss: 3.4867 (Cox Loss: 3.2907, KD Loss: 0.6532) | Val C-index: 0.6445 | Teacher risk std: 1.3204 | Teacher risk-set entropy: 3.6636
Epoch 3/30 | Train Loss: 3.4711 (Cox Loss: 3.2799, KD Loss: 0.6372) | Val C-index: 0.6667 | Teacher risk std: 1.3204 | Teacher risk-set entropy: 3.6774
Epoch 4/30 | Train Loss: 3.4459 (Cox Loss: 3.2584, KD Loss: 0.6251) | Val C-index: 0.6690 | Teacher risk std: 1.3204 | Teacher risk-set entropy: 3.6747
Epoch 5/30 | Train Loss: 3.4808 (Cox Loss: 3.3012, KD Loss: 0.5986) | Val C-index: 0.6693 | Teacher risk std: 1.3204 | Teacher risk-set entropy: 3.6602
Epoch 6/30 | Train Loss: 3.4969 (Cox Loss: 3.3120, KD Loss: 0.6163) | Val C-index: 0.6706 | Teacher risk std: 1.3204 | Teacher risk-set entropy: 3.6698
Epoch 7/30 | Train Loss: 3.4681 (Cox Loss: 3.2925, KD Loss: 0.5853) | Val C-index: 0.6706 | Teacher risk std: 1.3204 | Teacher risk-set entropy: 3.6637
Epoch 8/30 | Train Loss: 3.3619 (Cox Loss: 3.1988, KD Loss: 0.5438) | Val C-index: 0.6690 | Teacher risk std: 1.3204 | Teacher risk-set entropy: 3.6986
Epoch 9/30 | Train Loss: 3.5340 (Cox Loss: 3.3055, KD Loss: 0.7617) | Val C-index: 0.6703 | Teacher risk std: 1.3204 | Teacher risk-set entropy: 3.6654
Epoch 10/30 | Train Loss: 3.3381 (Cox Loss: 3.1900, KD Loss: 0.4937) | Val C-index: 0.6733 | Teacher risk std: 1.3204 | Teacher risk-set entropy: 3.6913
Epoch 11/30 | Train Loss: 3.3865 (Cox Loss: 3.2015, KD Loss: 0.6165) | Val C-index: 0.6753 | Teacher risk std: 1.3204 | Teacher risk-set entropy: 3.6629
Epoch 12/30 | Train Loss: 3.2740 (Cox Loss: 3.1433, KD Loss: 0.4358) | Val C-index: 0.6786 | Teacher risk std: 1.3204 | Teacher risk-set entropy: 3.6942
Epoch 13/30 | Train Loss: 3.4036 (Cox Loss: 3.2721, KD Loss: 0.4381) | Val C-index: 0.6803 | Teacher risk std: 1.3204 | Teacher risk-set entropy: 3.6604
Epoch 14/30 | Train Loss: 3.2567 (Cox Loss: 3.1275, KD Loss: 0.4308) | Val C-index: 0.6812 | Teacher risk std: 1.3204 | Teacher risk-set entropy: 3.6844
Epoch 15/30 | Train Loss: 3.3145 (Cox Loss: 3.1765, KD Loss: 0.4600) | Val C-index: 0.6819 | Teacher risk std: 1.3204 | Teacher risk-set entropy: 3.6686
Epoch 16/30 | Train Loss: 3.2075 (Cox Loss: 3.0907, KD Loss: 0.3895) | Val C-index: 0.6852 | Teacher risk std: 1.3204 | Teacher risk-set entropy: 3.6899
Epoch 17/30 | Train Loss: 3.2401 (Cox Loss: 3.1267, KD Loss: 0.3780) | Val C-index: 0.6816 | Teacher risk std: 1.3204 | Teacher risk-set entropy: 3.6590
Epoch 18/30 | Train Loss: 3.2659 (Cox Loss: 3.1538, KD Loss: 0.3738) | Val C-index: 0.6703 | Teacher risk std: 1.3204 | Teacher risk-set entropy: 3.6651
Epoch 19/30 | Train Loss: 3.1799 (Cox Loss: 3.0767, KD Loss: 0.3440) | Val C-index: 0.6839 | Teacher risk std: 1.3204 | Teacher risk-set entropy: 3.6845
Epoch 20/30 | Train Loss: 3.3185 (Cox Loss: 3.2194, KD Loss: 0.3304) | Val C-index: 0.6899 | Teacher risk std: 1.3204 | Teacher risk-set entropy: 3.6560
Epoch 21/30 | Train Loss: 3.1543 (Cox Loss: 3.0521, KD Loss: 0.3407) | Val C-index: 0.6859 | Teacher risk std: 1.3204 | Teacher risk-set entropy: 3.6891
Epoch 22/30 | Train Loss: 3.1520 (Cox Loss: 3.0493, KD Loss: 0.3424) | Val C-index: 0.6816 | Teacher risk std: 1.3204 | Teacher risk-set entropy: 3.6629
Epoch 23/30 | Train Loss: 3.1274 (Cox Loss: 3.0283, KD Loss: 0.3303) | Val C-index: 0.6839 | Teacher risk std: 1.3204 | Teacher risk-set entropy: 3.6488
Epoch 24/30 | Train Loss: 3.1422 (Cox Loss: 3.0461, KD Loss: 0.3204) | Val C-index: 0.6846 | Teacher risk std: 1.3204 | Teacher risk-set entropy: 3.6625
Epoch 25/30 | Train Loss: 3.1899 (Cox Loss: 3.0995, KD Loss: 0.3014) | Val C-index: 0.6726 | Teacher risk std: 1.3204 | Teacher risk-set entropy: 3.6742
Epoch 26/30 | Train Loss: 3.1711 (Cox Loss: 3.0718, KD Loss: 0.3310) | Val C-index: 0.6909 | Teacher risk std: 1.3204 | Teacher risk-set entropy: 3.6814
Epoch 27/30 | Train Loss: 3.1908 (Cox Loss: 3.0773, KD Loss: 0.3784) | Val C-index: 0.6892 | Teacher risk std: 1.3204 | Teacher risk-set entropy: 3.6562
Epoch 28/30 | Train Loss: 3.2003 (Cox Loss: 3.1078, KD Loss: 0.3082) | Val C-index: 0.6918 | Teacher risk std: 1.3204 | Teacher risk-set entropy: 3.6554
Epoch 29/30 | Train Loss: 3.0525 (Cox Loss: 2.9720, KD Loss: 0.2683) | Val C-index: 0.6753 | Teacher risk std: 1.3204 | Teacher risk-set entropy: 3.6603
Epoch 30/30 | Train Loss: 3.1245 (Cox Loss: 3.0366, KD Loss: 0.2930) | Val C-index: 0.6915 | Teacher risk std: 1.3204 | Teacher risk-set entropy: 3.6871

Extra survival metrics:
cutoff_from_train_median: -0.290454
n_test: 112
n_high_risk: 56
n_low_risk: 56
n_event_test: 38
logrank_stat: 4.913690
logrank_p: 0.026645
auc_36m: 0.697800
auc_60m: 0.677920
HR_high_vs_low: 2.106328
HR_95CI_lower: 1.074009
HR_95CI_upper: 4.130895
cox_p: 0.030180
Fold 3 eval C-index: 0.6918

==================================================
Fold 5/5
==================================================
Loaded teacher from: /home/gly001/cqj/pa_ct_surv/checkpoints/pact_v4/pact/roi64_abmil_resnet18_weighted_normnone_fusion_dropout0.0_epochs30_coxbs64_lr1e-4_blr1e-5_wd5e-4_lct0.5_lpa0.3_seed42/fold_4/best_model.pth
[ResNetCox] Loaded pretrained from /home/gly001/cqj/pa_ct_surv/model/ct_pretrain/resnet_18_23dataset.pth
  Missing keys (ok): ['fc.weight', 'fc.bias']
Epoch 1/30 | Train Loss: 3.7673 (Cox Loss: 3.3489, KD Loss: 1.3948) | Val C-index: 0.5506 | Teacher risk std: 1.7727 | Teacher risk-set entropy: 3.6333
Epoch 2/30 | Train Loss: 3.5548 (Cox Loss: 3.2602, KD Loss: 0.9821) | Val C-index: 0.5445 | Teacher risk std: 1.7727 | Teacher risk-set entropy: 3.6332
Epoch 3/30 | Train Loss: 3.5411 (Cox Loss: 3.2491, KD Loss: 0.9734) | Val C-index: 0.5392 | Teacher risk std: 1.7727 | Teacher risk-set entropy: 3.6500
Epoch 4/30 | Train Loss: 3.5983 (Cox Loss: 3.3101, KD Loss: 0.9607) | Val C-index: 0.5479 | Teacher risk std: 1.7727 | Teacher risk-set entropy: 3.6506
Epoch 5/30 | Train Loss: 3.5479 (Cox Loss: 3.2515, KD Loss: 0.9881) | Val C-index: 0.5486 | Teacher risk std: 1.7727 | Teacher risk-set entropy: 3.6687
Epoch 6/30 | Train Loss: 3.5180 (Cox Loss: 3.2379, KD Loss: 0.9337) | Val C-index: 0.5506 | Teacher risk std: 1.7727 | Teacher risk-set entropy: 3.6500
Epoch 7/30 | Train Loss: 3.4546 (Cox Loss: 3.1826, KD Loss: 0.9067) | Val C-index: 0.5503 | Teacher risk std: 1.7727 | Teacher risk-set entropy: 3.6558
Epoch 8/30 | Train Loss: 3.4464 (Cox Loss: 3.1791, KD Loss: 0.8911) | Val C-index: 0.5529 | Teacher risk std: 1.7727 | Teacher risk-set entropy: 3.6246
Epoch 9/30 | Train Loss: 3.4336 (Cox Loss: 3.1709, KD Loss: 0.8757) | Val C-index: 0.5677 | Teacher risk std: 1.7727 | Teacher risk-set entropy: 3.6159
Epoch 10/30 | Train Loss: 3.4494 (Cox Loss: 3.1970, KD Loss: 0.8414) | Val C-index: 0.5761 | Teacher risk std: 1.7727 | Teacher risk-set entropy: 3.6189
Epoch 11/30 | Train Loss: 3.3582 (Cox Loss: 3.1174, KD Loss: 0.8025) | Val C-index: 0.5889 | Teacher risk std: 1.7727 | Teacher risk-set entropy: 3.6551
Epoch 12/30 | Train Loss: 3.3678 (Cox Loss: 3.1282, KD Loss: 0.7985) | Val C-index: 0.5993 | Teacher risk std: 1.7727 | Teacher risk-set entropy: 3.6801
Epoch 13/30 | Train Loss: 3.3177 (Cox Loss: 3.0865, KD Loss: 0.7708) | Val C-index: 0.6027 | Teacher risk std: 1.7727 | Teacher risk-set entropy: 3.6543
Epoch 14/30 | Train Loss: 3.3340 (Cox Loss: 3.1002, KD Loss: 0.7794) | Val C-index: 0.6188 | Teacher risk std: 1.7727 | Teacher risk-set entropy: 3.6541
Epoch 15/30 | Train Loss: 3.3006 (Cox Loss: 3.0839, KD Loss: 0.7225) | Val C-index: 0.6145 | Teacher risk std: 1.7727 | Teacher risk-set entropy: 3.6748
Epoch 16/30 | Train Loss: 3.2802 (Cox Loss: 3.0699, KD Loss: 0.7010) | Val C-index: 0.6306 | Teacher risk std: 1.7727 | Teacher risk-set entropy: 3.6627
Epoch 17/30 | Train Loss: 3.2854 (Cox Loss: 3.0747, KD Loss: 0.7024) | Val C-index: 0.6356 | Teacher risk std: 1.7727 | Teacher risk-set entropy: 3.6442
Epoch 18/30 | Train Loss: 3.2955 (Cox Loss: 3.0916, KD Loss: 0.6799) | Val C-index: 0.6373 | Teacher risk std: 1.7727 | Teacher risk-set entropy: 3.6487
Epoch 19/30 | Train Loss: 3.2526 (Cox Loss: 3.0360, KD Loss: 0.7219) | Val C-index: 0.6467 | Teacher risk std: 1.7727 | Teacher risk-set entropy: 3.6395
Epoch 20/30 | Train Loss: 3.4182 (Cox Loss: 3.1119, KD Loss: 1.0210) | Val C-index: 0.6316 | Teacher risk std: 1.7727 | Teacher risk-set entropy: 3.6388
Epoch 21/30 | Train Loss: 3.3096 (Cox Loss: 3.1024, KD Loss: 0.6907) | Val C-index: 0.6393 | Teacher risk std: 1.7727 | Teacher risk-set entropy: 3.6596
Epoch 22/30 | Train Loss: 3.2135 (Cox Loss: 3.0119, KD Loss: 0.6720) | Val C-index: 0.6514 | Teacher risk std: 1.7727 | Teacher risk-set entropy: 3.6640
Epoch 23/30 | Train Loss: 3.3014 (Cox Loss: 3.0978, KD Loss: 0.6788) | Val C-index: 0.6430 | Teacher risk std: 1.7727 | Teacher risk-set entropy: 3.6422
Epoch 24/30 | Train Loss: 3.2254 (Cox Loss: 3.0353, KD Loss: 0.6336) | Val C-index: 0.6561 | Teacher risk std: 1.7727 | Teacher risk-set entropy: 3.6354
Epoch 25/30 | Train Loss: 3.2348 (Cox Loss: 3.0404, KD Loss: 0.6480) | Val C-index: 0.6649 | Teacher risk std: 1.7727 | Teacher risk-set entropy: 3.6202
Epoch 26/30 | Train Loss: 3.1984 (Cox Loss: 3.0084, KD Loss: 0.6333) | Val C-index: 0.6481 | Teacher risk std: 1.7727 | Teacher risk-set entropy: 3.6236
Epoch 27/30 | Train Loss: 3.3648 (Cox Loss: 3.1692, KD Loss: 0.6518) | Val C-index: 0.6649 | Teacher risk std: 1.7727 | Teacher risk-set entropy: 3.6298
Epoch 28/30 | Train Loss: 3.1470 (Cox Loss: 2.9607, KD Loss: 0.6207) | Val C-index: 0.6467 | Teacher risk std: 1.7727 | Teacher risk-set entropy: 3.6659
Epoch 29/30 | Train Loss: 3.3115 (Cox Loss: 3.0366, KD Loss: 0.9163) | Val C-index: 0.6497 | Teacher risk std: 1.7727 | Teacher risk-set entropy: 3.6337
Epoch 30/30 | Train Loss: 3.1981 (Cox Loss: 3.0135, KD Loss: 0.6153) | Val C-index: 0.6548 | Teacher risk std: 1.7727 | Teacher risk-set entropy: 3.6589

Extra survival metrics:
cutoff_from_train_median: 0.021456
n_test: 112
n_high_risk: 74
n_low_risk: 38
n_event_test: 38
logrank_stat: 8.490264
logrank_p: 0.003571
auc_36m: 0.706866
auc_60m: 0.628303
HR_high_vs_low: 3.392497
HR_95CI_lower: 1.416018
HR_95CI_upper: 8.127747
cox_p: 0.006139
Fold 4 eval C-index: 0.6649

==================================================
5-Fold CV Summary
==================================================
  C-index: 0.7105 +/- 0.0367
