Teacher:   /home/gly001/cqj/pa_ct_surv/checkpoints/pact_v4/pact/roi64_abmil_resnet18_weighted_normnone_fusion_dropout0.0_epochs30_coxbs64_lr1e-4_blr1e-5_wd5e-4_lct0.5_lpa0.3_seed42
Teacher config: /home/gly001/cqj/pa_ct_surv/results/pact_v4/pact/roi64_abmil_resnet18_weighted_normnone_fusion_dropout0.0_epochs30_coxbs64_lr1e-4_blr1e-5_wd5e-4_lct0.5_lpa0.3_seed42/run_config.yaml
Data:      /home/gly001/cqj/pa_ct_surv/data/seed_42 | ROI: 64
Teacher model: PA=abmil | CT=resnet18 | Fusion=weighted | k=None
Distill:   Cox + alpha_kd*listwise_kd(student_risk, teacher_fused_risk) | alpha_kd=0.5 | KD starts at epoch 1
Student dropout: 0.5
CT augmentation: disabled | cox_batch_size=64
LR:        head=0.0001 | CT backbone=1e-05
Checkpoints: /home/gly001/cqj/pa_ct_surv/checkpoints/pact_v4/ct_student/roi64_abmil_resnet18_weighted_normnone_fusion_dropout0.0_epochs30_coxbs64_lr1e-4_blr1e-5_wd5e-4_lct0.5_lpa0.3_seed42_resnet18_dropout0.5_listwise_kd_akd0.5_t10.0
Results:     /home/gly001/cqj/pa_ct_surv/results/pact_v4/ct_student/roi64_abmil_resnet18_weighted_normnone_fusion_dropout0.0_epochs30_coxbs64_lr1e-4_blr1e-5_wd5e-4_lct0.5_lpa0.3_seed42_resnet18_dropout0.5_listwise_kd_akd0.5_t10.0
Loaded 703 paired samples
Locked split from dataset CSV: train=562, test=141
Test set is not accessed during CV

==================================================
Fold 1/5
==================================================
Loaded teacher from: /home/gly001/cqj/pa_ct_surv/checkpoints/pact_v4/pact/roi64_abmil_resnet18_weighted_normnone_fusion_dropout0.0_epochs30_coxbs64_lr1e-4_blr1e-5_wd5e-4_lct0.5_lpa0.3_seed42/fold_0/best_model.pth
[ResNetCox] Loaded pretrained from /home/gly001/cqj/pa_ct_surv/model/ct_pretrain/resnet_18_23dataset.pth
  Missing keys (ok): ['fc.weight', 'fc.bias']
Epoch 1/30 | Train Loss: 3.5852 (Cox Loss: 3.2931, KD Loss: 0.5842) | Val C-index: 0.6244 | Teacher risk std: 1.2598 | Teacher risk-set entropy: 3.6786
Epoch 2/30 | Train Loss: 3.5371 (Cox Loss: 3.2644, KD Loss: 0.5454) | Val C-index: 0.6438 | Teacher risk std: 1.2598 | Teacher risk-set entropy: 3.6879
Epoch 3/30 | Train Loss: 3.5063 (Cox Loss: 3.2376, KD Loss: 0.5374) | Val C-index: 0.6384 | Teacher risk std: 1.2598 | Teacher risk-set entropy: 3.6739
Epoch 4/30 | Train Loss: 3.5146 (Cox Loss: 3.2477, KD Loss: 0.5337) | Val C-index: 0.6356 | Teacher risk std: 1.2598 | Teacher risk-set entropy: 3.6337
Epoch 5/30 | Train Loss: 3.4625 (Cox Loss: 3.2078, KD Loss: 0.5093) | Val C-index: 0.6403 | Teacher risk std: 1.2598 | Teacher risk-set entropy: 3.6459
Epoch 6/30 | Train Loss: 3.4075 (Cox Loss: 3.1670, KD Loss: 0.4811) | Val C-index: 0.6470 | Teacher risk std: 1.2598 | Teacher risk-set entropy: 3.6746
Epoch 7/30 | Train Loss: 3.3436 (Cox Loss: 3.1162, KD Loss: 0.4549) | Val C-index: 0.6486 | Teacher risk std: 1.2598 | Teacher risk-set entropy: 3.6426
Epoch 8/30 | Train Loss: 3.3581 (Cox Loss: 3.1453, KD Loss: 0.4255) | Val C-index: 0.6629 | Teacher risk std: 1.2598 | Teacher risk-set entropy: 3.6842
Epoch 9/30 | Train Loss: 3.3293 (Cox Loss: 3.1240, KD Loss: 0.4105) | Val C-index: 0.6735 | Teacher risk std: 1.2598 | Teacher risk-set entropy: 3.6389
Epoch 10/30 | Train Loss: 3.3223 (Cox Loss: 3.1331, KD Loss: 0.3784) | Val C-index: 0.6849 | Teacher risk std: 1.2598 | Teacher risk-set entropy: 3.6559
Epoch 11/30 | Train Loss: 3.2993 (Cox Loss: 3.1060, KD Loss: 0.3866) | Val C-index: 0.6872 | Teacher risk std: 1.2598 | Teacher risk-set entropy: 3.6766
Epoch 12/30 | Train Loss: 3.2838 (Cox Loss: 3.0963, KD Loss: 0.3750) | Val C-index: 0.6942 | Teacher risk std: 1.2598 | Teacher risk-set entropy: 3.6550
Epoch 13/30 | Train Loss: 3.3193 (Cox Loss: 3.1431, KD Loss: 0.3523) | Val C-index: 0.6884 | Teacher risk std: 1.2598 | Teacher risk-set entropy: 3.6734
Epoch 14/30 | Train Loss: 3.2533 (Cox Loss: 3.0776, KD Loss: 0.3513) | Val C-index: 0.7025 | Teacher risk std: 1.2598 | Teacher risk-set entropy: 3.6646
Epoch 15/30 | Train Loss: 3.2377 (Cox Loss: 3.0709, KD Loss: 0.3336) | Val C-index: 0.7034 | Teacher risk std: 1.2598 | Teacher risk-set entropy: 3.6708
Epoch 16/30 | Train Loss: 3.2548 (Cox Loss: 3.0915, KD Loss: 0.3265) | Val C-index: 0.6967 | Teacher risk std: 1.2598 | Teacher risk-set entropy: 3.6603
Epoch 17/30 | Train Loss: 3.2387 (Cox Loss: 3.0686, KD Loss: 0.3402) | Val C-index: 0.7028 | Teacher risk std: 1.2598 | Teacher risk-set entropy: 3.6645
Epoch 18/30 | Train Loss: 3.2282 (Cox Loss: 3.0618, KD Loss: 0.3330) | Val C-index: 0.7040 | Teacher risk std: 1.2598 | Teacher risk-set entropy: 3.6752
Epoch 19/30 | Train Loss: 3.2023 (Cox Loss: 3.0465, KD Loss: 0.3117) | Val C-index: 0.7076 | Teacher risk std: 1.2598 | Teacher risk-set entropy: 3.6770
Epoch 20/30 | Train Loss: 3.2010 (Cox Loss: 3.0499, KD Loss: 0.3023) | Val C-index: 0.6926 | Teacher risk std: 1.2598 | Teacher risk-set entropy: 3.6680
Epoch 21/30 | Train Loss: 3.1750 (Cox Loss: 3.0267, KD Loss: 0.2967) | Val C-index: 0.7171 | Teacher risk std: 1.2598 | Teacher risk-set entropy: 3.6492
Epoch 22/30 | Train Loss: 3.1938 (Cox Loss: 3.0375, KD Loss: 0.3126) | Val C-index: 0.6970 | Teacher risk std: 1.2598 | Teacher risk-set entropy: 3.6521
Epoch 23/30 | Train Loss: 3.1917 (Cox Loss: 3.0417, KD Loss: 0.3000) | Val C-index: 0.7069 | Teacher risk std: 1.2598 | Teacher risk-set entropy: 3.6945
Epoch 24/30 | Train Loss: 3.1953 (Cox Loss: 3.0438, KD Loss: 0.3029) | Val C-index: 0.6996 | Teacher risk std: 1.2598 | Teacher risk-set entropy: 3.6738
Epoch 25/30 | Train Loss: 3.1672 (Cox Loss: 3.0269, KD Loss: 0.2808) | Val C-index: 0.7002 | Teacher risk std: 1.2598 | Teacher risk-set entropy: 3.6819
Epoch 26/30 | Train Loss: 3.1534 (Cox Loss: 3.0186, KD Loss: 0.2696) | Val C-index: 0.6977 | Teacher risk std: 1.2598 | Teacher risk-set entropy: 3.6513
Epoch 27/30 | Train Loss: 3.1288 (Cox Loss: 2.9885, KD Loss: 0.2805) | Val C-index: 0.7174 | Teacher risk std: 1.2598 | Teacher risk-set entropy: 3.6804
Epoch 28/30 | Train Loss: 3.1463 (Cox Loss: 3.0139, KD Loss: 0.2648) | Val C-index: 0.6907 | Teacher risk std: 1.2598 | Teacher risk-set entropy: 3.6652
Epoch 29/30 | Train Loss: 3.1715 (Cox Loss: 3.0235, KD Loss: 0.2960) | Val C-index: 0.7152 | Teacher risk std: 1.2598 | Teacher risk-set entropy: 3.6622
Epoch 30/30 | Train Loss: 3.1784 (Cox Loss: 3.0382, KD Loss: 0.2804) | Val C-index: 0.6983 | Teacher risk std: 1.2598 | Teacher risk-set entropy: 3.6815

Extra survival metrics:
cutoff_from_train_median: -0.331723
n_test: 113
n_high_risk: 52
n_low_risk: 61
n_event_test: 38
logrank_stat: 14.567634
logrank_p: 0.000135
auc_36m: 0.741363
auc_60m: 0.746597
HR_high_vs_low: 3.508569
HR_95CI_lower: 1.764939
HR_95CI_upper: 6.974778
cox_p: 0.000343
Fold 0 eval C-index: 0.7174

==================================================
Fold 2/5
==================================================
Loaded teacher from: /home/gly001/cqj/pa_ct_surv/checkpoints/pact_v4/pact/roi64_abmil_resnet18_weighted_normnone_fusion_dropout0.0_epochs30_coxbs64_lr1e-4_blr1e-5_wd5e-4_lct0.5_lpa0.3_seed42/fold_1/best_model.pth
[ResNetCox] Loaded pretrained from /home/gly001/cqj/pa_ct_surv/model/ct_pretrain/resnet_18_23dataset.pth
  Missing keys (ok): ['fc.weight', 'fc.bias']
Epoch 1/30 | Train Loss: 3.4595 (Cox Loss: 3.3201, KD Loss: 0.2789) | Val C-index: 0.6319 | Teacher risk std: 0.8366 | Teacher risk-set entropy: 3.7136
Epoch 2/30 | Train Loss: 3.4005 (Cox Loss: 3.2633, KD Loss: 0.2743) | Val C-index: 0.6569 | Teacher risk std: 0.8366 | Teacher risk-set entropy: 3.7136
Epoch 3/30 | Train Loss: 3.3874 (Cox Loss: 3.2556, KD Loss: 0.2636) | Val C-index: 0.6480 | Teacher risk std: 0.8366 | Teacher risk-set entropy: 3.7237
Epoch 4/30 | Train Loss: 3.3759 (Cox Loss: 3.2475, KD Loss: 0.2567) | Val C-index: 0.6477 | Teacher risk std: 0.8366 | Teacher risk-set entropy: 3.6758
Epoch 5/30 | Train Loss: 3.3633 (Cox Loss: 3.2481, KD Loss: 0.2305) | Val C-index: 0.6526 | Teacher risk std: 0.8366 | Teacher risk-set entropy: 3.7297
Epoch 6/30 | Train Loss: 3.3156 (Cox Loss: 3.2126, KD Loss: 0.2060) | Val C-index: 0.6562 | Teacher risk std: 0.8366 | Teacher risk-set entropy: 3.6760
Epoch 7/30 | Train Loss: 3.2500 (Cox Loss: 3.1606, KD Loss: 0.1788) | Val C-index: 0.6592 | Teacher risk std: 0.8366 | Teacher risk-set entropy: 3.7049
Epoch 8/30 | Train Loss: 3.2506 (Cox Loss: 3.1655, KD Loss: 0.1702) | Val C-index: 0.6668 | Teacher risk std: 0.8366 | Teacher risk-set entropy: 3.6941
Epoch 9/30 | Train Loss: 3.2294 (Cox Loss: 3.1495, KD Loss: 0.1600) | Val C-index: 0.6720 | Teacher risk std: 0.8366 | Teacher risk-set entropy: 3.6963
Epoch 10/30 | Train Loss: 3.2727 (Cox Loss: 3.1943, KD Loss: 0.1568) | Val C-index: 0.6832 | Teacher risk std: 0.8366 | Teacher risk-set entropy: 3.7233
Epoch 11/30 | Train Loss: 3.1980 (Cox Loss: 3.1266, KD Loss: 0.1427) | Val C-index: 0.6898 | Teacher risk std: 0.8366 | Teacher risk-set entropy: 3.6887
Epoch 12/30 | Train Loss: 3.2035 (Cox Loss: 3.1340, KD Loss: 0.1391) | Val C-index: 0.6958 | Teacher risk std: 0.8366 | Teacher risk-set entropy: 3.7003
Epoch 13/30 | Train Loss: 3.1776 (Cox Loss: 3.1116, KD Loss: 0.1321) | Val C-index: 0.7056 | Teacher risk std: 0.8366 | Teacher risk-set entropy: 3.6940
Epoch 14/30 | Train Loss: 3.2039 (Cox Loss: 3.1429, KD Loss: 0.1220) | Val C-index: 0.7172 | Teacher risk std: 0.8366 | Teacher risk-set entropy: 3.7091
Epoch 15/30 | Train Loss: 3.1946 (Cox Loss: 3.1273, KD Loss: 0.1346) | Val C-index: 0.7142 | Teacher risk std: 0.8366 | Teacher risk-set entropy: 3.7076
Epoch 16/30 | Train Loss: 3.1457 (Cox Loss: 3.0834, KD Loss: 0.1245) | Val C-index: 0.7214 | Teacher risk std: 0.8366 | Teacher risk-set entropy: 3.7033
Epoch 17/30 | Train Loss: 3.1764 (Cox Loss: 3.1132, KD Loss: 0.1264) | Val C-index: 0.7257 | Teacher risk std: 0.8366 | Teacher risk-set entropy: 3.7034
Epoch 18/30 | Train Loss: 3.1759 (Cox Loss: 3.1166, KD Loss: 0.1188) | Val C-index: 0.7313 | Teacher risk std: 0.8366 | Teacher risk-set entropy: 3.7124
Epoch 19/30 | Train Loss: 3.1314 (Cox Loss: 3.0736, KD Loss: 0.1156) | Val C-index: 0.7330 | Teacher risk std: 0.8366 | Teacher risk-set entropy: 3.7140
Epoch 20/30 | Train Loss: 3.1344 (Cox Loss: 3.0790, KD Loss: 0.1108) | Val C-index: 0.7366 | Teacher risk std: 0.8366 | Teacher risk-set entropy: 3.7123
Epoch 21/30 | Train Loss: 3.1385 (Cox Loss: 3.0798, KD Loss: 0.1175) | Val C-index: 0.7399 | Teacher risk std: 0.8366 | Teacher risk-set entropy: 3.7198
Epoch 22/30 | Train Loss: 3.1289 (Cox Loss: 3.0762, KD Loss: 0.1053) | Val C-index: 0.7484 | Teacher risk std: 0.8366 | Teacher risk-set entropy: 3.7277
Epoch 23/30 | Train Loss: 3.1355 (Cox Loss: 3.0766, KD Loss: 0.1178) | Val C-index: 0.7376 | Teacher risk std: 0.8366 | Teacher risk-set entropy: 3.7111
Epoch 24/30 | Train Loss: 3.1310 (Cox Loss: 3.0726, KD Loss: 0.1169) | Val C-index: 0.7517 | Teacher risk std: 0.8366 | Teacher risk-set entropy: 3.7082
Epoch 25/30 | Train Loss: 3.1472 (Cox Loss: 3.0937, KD Loss: 0.1070) | Val C-index: 0.7356 | Teacher risk std: 0.8366 | Teacher risk-set entropy: 3.6792
Epoch 26/30 | Train Loss: 3.1779 (Cox Loss: 3.1163, KD Loss: 0.1232) | Val C-index: 0.7471 | Teacher risk std: 0.8366 | Teacher risk-set entropy: 3.6895
Epoch 27/30 | Train Loss: 3.1239 (Cox Loss: 3.0664, KD Loss: 0.1149) | Val C-index: 0.7369 | Teacher risk std: 0.8366 | Teacher risk-set entropy: 3.6950
Epoch 28/30 | Train Loss: 3.1062 (Cox Loss: 3.0448, KD Loss: 0.1228) | Val C-index: 0.7376 | Teacher risk std: 0.8366 | Teacher risk-set entropy: 3.7053
Epoch 29/30 | Train Loss: 3.1123 (Cox Loss: 3.0608, KD Loss: 0.1029) | Val C-index: 0.7692 | Teacher risk std: 0.8366 | Teacher risk-set entropy: 3.7108
Epoch 30/30 | Train Loss: 3.1203 (Cox Loss: 3.0583, KD Loss: 0.1240) | Val C-index: 0.7395 | Teacher risk std: 0.8366 | Teacher risk-set entropy: 3.7042

Extra survival metrics:
cutoff_from_train_median: -0.266793
n_test: 113
n_high_risk: 50
n_low_risk: 63
n_event_test: 39
logrank_stat: 19.902589
logrank_p: 0.000008
auc_36m: 0.806487
auc_60m: 0.797225
HR_high_vs_low: 4.311223
HR_95CI_lower: 2.142438
HR_95CI_upper: 8.675465
cox_p: 0.000042
Fold 1 eval C-index: 0.7692

==================================================
Fold 3/5
==================================================
Loaded teacher from: /home/gly001/cqj/pa_ct_surv/checkpoints/pact_v4/pact/roi64_abmil_resnet18_weighted_normnone_fusion_dropout0.0_epochs30_coxbs64_lr1e-4_blr1e-5_wd5e-4_lct0.5_lpa0.3_seed42/fold_2/best_model.pth
[ResNetCox] Loaded pretrained from /home/gly001/cqj/pa_ct_surv/model/ct_pretrain/resnet_18_23dataset.pth
  Missing keys (ok): ['fc.weight', 'fc.bias']
Epoch 1/30 | Train Loss: 3.5904 (Cox Loss: 3.2782, KD Loss: 0.6244) | Val C-index: 0.7068 | Teacher risk std: 1.3518 | Teacher risk-set entropy: 3.7035
Epoch 2/30 | Train Loss: 3.7050 (Cox Loss: 3.3381, KD Loss: 0.7339) | Val C-index: 0.6942 | Teacher risk std: 1.3518 | Teacher risk-set entropy: 3.6675
Epoch 3/30 | Train Loss: 3.6588 (Cox Loss: 3.3397, KD Loss: 0.6382) | Val C-index: 0.6919 | Teacher risk std: 1.3518 | Teacher risk-set entropy: 3.6836
Epoch 4/30 | Train Loss: 3.5576 (Cox Loss: 3.2565, KD Loss: 0.6021) | Val C-index: 0.6881 | Teacher risk std: 1.3518 | Teacher risk-set entropy: 3.6547
Epoch 5/30 | Train Loss: 3.5377 (Cox Loss: 3.2439, KD Loss: 0.5876) | Val C-index: 0.6929 | Teacher risk std: 1.3518 | Teacher risk-set entropy: 3.7025
Epoch 6/30 | Train Loss: 3.6028 (Cox Loss: 3.3021, KD Loss: 0.6015) | Val C-index: 0.6895 | Teacher risk std: 1.3518 | Teacher risk-set entropy: 3.6810
Epoch 7/30 | Train Loss: 3.6100 (Cox Loss: 3.2689, KD Loss: 0.6822) | Val C-index: 0.6875 | Teacher risk std: 1.3518 | Teacher risk-set entropy: 3.6858
Epoch 8/30 | Train Loss: 3.5763 (Cox Loss: 3.2741, KD Loss: 0.6043) | Val C-index: 0.7024 | Teacher risk std: 1.3518 | Teacher risk-set entropy: 3.6901
Epoch 9/30 | Train Loss: 3.4526 (Cox Loss: 3.2004, KD Loss: 0.5043) | Val C-index: 0.7129 | Teacher risk std: 1.3518 | Teacher risk-set entropy: 3.6897
Epoch 10/30 | Train Loss: 3.3979 (Cox Loss: 3.1606, KD Loss: 0.4746) | Val C-index: 0.7108 | Teacher risk std: 1.3518 | Teacher risk-set entropy: 3.7055
Epoch 11/30 | Train Loss: 3.4064 (Cox Loss: 3.1788, KD Loss: 0.4552) | Val C-index: 0.7115 | Teacher risk std: 1.3518 | Teacher risk-set entropy: 3.7113
Epoch 12/30 | Train Loss: 3.3890 (Cox Loss: 3.1643, KD Loss: 0.4495) | Val C-index: 0.7122 | Teacher risk std: 1.3518 | Teacher risk-set entropy: 3.7023
Epoch 13/30 | Train Loss: 3.4346 (Cox Loss: 3.2126, KD Loss: 0.4441) | Val C-index: 0.6949 | Teacher risk std: 1.3518 | Teacher risk-set entropy: 3.6841
Epoch 14/30 | Train Loss: 3.3231 (Cox Loss: 3.1241, KD Loss: 0.3979) | Val C-index: 0.6959 | Teacher risk std: 1.3518 | Teacher risk-set entropy: 3.7181
Epoch 15/30 | Train Loss: 3.5075 (Cox Loss: 3.3132, KD Loss: 0.3887) | Val C-index: 0.6817 | Teacher risk std: 1.3518 | Teacher risk-set entropy: 3.6878
Epoch 16/30 | Train Loss: 3.3289 (Cox Loss: 3.1150, KD Loss: 0.4279) | Val C-index: 0.6702 | Teacher risk std: 1.3518 | Teacher risk-set entropy: 3.7093
Epoch 17/30 | Train Loss: 3.2903 (Cox Loss: 3.1056, KD Loss: 0.3693) | Val C-index: 0.7095 | Teacher risk std: 1.3518 | Teacher risk-set entropy: 3.7133
Epoch 18/30 | Train Loss: 3.2987 (Cox Loss: 3.1144, KD Loss: 0.3685) | Val C-index: 0.6956 | Teacher risk std: 1.3518 | Teacher risk-set entropy: 3.7228
Epoch 19/30 | Train Loss: 3.3524 (Cox Loss: 3.1587, KD Loss: 0.3872) | Val C-index: 0.6908 | Teacher risk std: 1.3518 | Teacher risk-set entropy: 3.6727
Early stopping at epoch 19

Extra survival metrics:
cutoff_from_train_median: 0.236945
n_test: 112
n_high_risk: 56
n_low_risk: 56
n_event_test: 38
logrank_stat: 18.743168
logrank_p: 0.000015
auc_36m: 0.748868
auc_60m: 0.717762
HR_high_vs_low: 4.554342
HR_95CI_lower: 2.147842
HR_95CI_upper: 9.657147
cox_p: 0.000077
Fold 2 eval C-index: 0.7129

==================================================
Fold 4/5
==================================================
Loaded teacher from: /home/gly001/cqj/pa_ct_surv/checkpoints/pact_v4/pact/roi64_abmil_resnet18_weighted_normnone_fusion_dropout0.0_epochs30_coxbs64_lr1e-4_blr1e-5_wd5e-4_lct0.5_lpa0.3_seed42/fold_3/best_model.pth
[ResNetCox] Loaded pretrained from /home/gly001/cqj/pa_ct_surv/model/ct_pretrain/resnet_18_23dataset.pth
  Missing keys (ok): ['fc.weight', 'fc.bias']
Epoch 1/30 | Train Loss: 3.7329 (Cox Loss: 3.3829, KD Loss: 0.6999) | Val C-index: 0.5726 | Teacher risk std: 1.3204 | Teacher risk-set entropy: 3.6907
Epoch 2/30 | Train Loss: 3.6207 (Cox Loss: 3.2901, KD Loss: 0.6611) | Val C-index: 0.6498 | Teacher risk std: 1.3204 | Teacher risk-set entropy: 3.6846
Epoch 3/30 | Train Loss: 3.6009 (Cox Loss: 3.2788, KD Loss: 0.6441) | Val C-index: 0.6680 | Teacher risk std: 1.3204 | Teacher risk-set entropy: 3.6983
Epoch 4/30 | Train Loss: 3.5715 (Cox Loss: 3.2563, KD Loss: 0.6303) | Val C-index: 0.6690 | Teacher risk std: 1.3204 | Teacher risk-set entropy: 3.6955
Epoch 5/30 | Train Loss: 3.6025 (Cox Loss: 3.3005, KD Loss: 0.6041) | Val C-index: 0.6690 | Teacher risk std: 1.3204 | Teacher risk-set entropy: 3.6805
Epoch 6/30 | Train Loss: 3.6108 (Cox Loss: 3.3037, KD Loss: 0.6142) | Val C-index: 0.6700 | Teacher risk std: 1.3204 | Teacher risk-set entropy: 3.6907
Epoch 7/30 | Train Loss: 3.5735 (Cox Loss: 3.2843, KD Loss: 0.5785) | Val C-index: 0.6683 | Teacher risk std: 1.3204 | Teacher risk-set entropy: 3.6845
Epoch 8/30 | Train Loss: 3.4534 (Cox Loss: 3.1861, KD Loss: 0.5345) | Val C-index: 0.6700 | Teacher risk std: 1.3204 | Teacher risk-set entropy: 3.7194
Epoch 9/30 | Train Loss: 3.6800 (Cox Loss: 3.2969, KD Loss: 0.7663) | Val C-index: 0.6696 | Teacher risk std: 1.3204 | Teacher risk-set entropy: 3.6864
Epoch 10/30 | Train Loss: 3.4209 (Cox Loss: 3.1790, KD Loss: 0.4838) | Val C-index: 0.6753 | Teacher risk std: 1.3204 | Teacher risk-set entropy: 3.7123
Epoch 11/30 | Train Loss: 3.4887 (Cox Loss: 3.1876, KD Loss: 0.6022) | Val C-index: 0.6763 | Teacher risk std: 1.3204 | Teacher risk-set entropy: 3.6840
Epoch 12/30 | Train Loss: 3.3548 (Cox Loss: 3.1408, KD Loss: 0.4280) | Val C-index: 0.6822 | Teacher risk std: 1.3204 | Teacher risk-set entropy: 3.7146
Epoch 13/30 | Train Loss: 3.4709 (Cox Loss: 3.2567, KD Loss: 0.4284) | Val C-index: 0.6816 | Teacher risk std: 1.3204 | Teacher risk-set entropy: 3.6811
Epoch 14/30 | Train Loss: 3.3315 (Cox Loss: 3.1193, KD Loss: 0.4245) | Val C-index: 0.6829 | Teacher risk std: 1.3204 | Teacher risk-set entropy: 3.7054
Epoch 15/30 | Train Loss: 3.3995 (Cox Loss: 3.1740, KD Loss: 0.4509) | Val C-index: 0.6839 | Teacher risk std: 1.3204 | Teacher risk-set entropy: 3.6898
Epoch 16/30 | Train Loss: 3.2729 (Cox Loss: 3.0829, KD Loss: 0.3800) | Val C-index: 0.6869 | Teacher risk std: 1.3204 | Teacher risk-set entropy: 3.7110
Epoch 17/30 | Train Loss: 3.2977 (Cox Loss: 3.1125, KD Loss: 0.3704) | Val C-index: 0.6776 | Teacher risk std: 1.3204 | Teacher risk-set entropy: 3.6804
Epoch 18/30 | Train Loss: 3.3259 (Cox Loss: 3.1443, KD Loss: 0.3631) | Val C-index: 0.6733 | Teacher risk std: 1.3204 | Teacher risk-set entropy: 3.6859
Epoch 19/30 | Train Loss: 3.2369 (Cox Loss: 3.0703, KD Loss: 0.3330) | Val C-index: 0.6839 | Teacher risk std: 1.3204 | Teacher risk-set entropy: 3.7056
Epoch 20/30 | Train Loss: 3.3794 (Cox Loss: 3.2182, KD Loss: 0.3225) | Val C-index: 0.6872 | Teacher risk std: 1.3204 | Teacher risk-set entropy: 3.6769
Epoch 21/30 | Train Loss: 3.2124 (Cox Loss: 3.0457, KD Loss: 0.3334) | Val C-index: 0.6849 | Teacher risk std: 1.3204 | Teacher risk-set entropy: 3.7102
Epoch 22/30 | Train Loss: 3.2076 (Cox Loss: 3.0411, KD Loss: 0.3330) | Val C-index: 0.6803 | Teacher risk std: 1.3204 | Teacher risk-set entropy: 3.6834
Epoch 23/30 | Train Loss: 3.1815 (Cox Loss: 3.0209, KD Loss: 0.3211) | Val C-index: 0.6819 | Teacher risk std: 1.3204 | Teacher risk-set entropy: 3.6698
Epoch 24/30 | Train Loss: 3.1948 (Cox Loss: 3.0394, KD Loss: 0.3108) | Val C-index: 0.6862 | Teacher risk std: 1.3204 | Teacher risk-set entropy: 3.6832
Epoch 25/30 | Train Loss: 3.2409 (Cox Loss: 3.0939, KD Loss: 0.2942) | Val C-index: 0.6706 | Teacher risk std: 1.3204 | Teacher risk-set entropy: 3.6951
Epoch 26/30 | Train Loss: 3.2208 (Cox Loss: 3.0602, KD Loss: 0.3212) | Val C-index: 0.6882 | Teacher risk std: 1.3204 | Teacher risk-set entropy: 3.7019
Epoch 27/30 | Train Loss: 3.2646 (Cox Loss: 3.0750, KD Loss: 0.3791) | Val C-index: 0.6882 | Teacher risk std: 1.3204 | Teacher risk-set entropy: 3.6770
Epoch 28/30 | Train Loss: 3.2510 (Cox Loss: 3.1001, KD Loss: 0.3018) | Val C-index: 0.6902 | Teacher risk std: 1.3204 | Teacher risk-set entropy: 3.6766
Epoch 29/30 | Train Loss: 3.0998 (Cox Loss: 2.9678, KD Loss: 0.2641) | Val C-index: 0.6763 | Teacher risk std: 1.3204 | Teacher risk-set entropy: 3.6815
Epoch 30/30 | Train Loss: 3.1709 (Cox Loss: 3.0291, KD Loss: 0.2836) | Val C-index: 0.6915 | Teacher risk std: 1.3204 | Teacher risk-set entropy: 3.7081

Extra survival metrics:
cutoff_from_train_median: 0.116222
n_test: 112
n_high_risk: 56
n_low_risk: 56
n_event_test: 38
logrank_stat: 6.594148
logrank_p: 0.010231
auc_36m: 0.696224
auc_60m: 0.677325
HR_high_vs_low: 2.392625
HR_95CI_lower: 1.204101
HR_95CI_upper: 4.754297
cox_p: 0.012770
Fold 3 eval C-index: 0.6915

==================================================
Fold 5/5
==================================================
Loaded teacher from: /home/gly001/cqj/pa_ct_surv/checkpoints/pact_v4/pact/roi64_abmil_resnet18_weighted_normnone_fusion_dropout0.0_epochs30_coxbs64_lr1e-4_blr1e-5_wd5e-4_lct0.5_lpa0.3_seed42/fold_4/best_model.pth
[ResNetCox] Loaded pretrained from /home/gly001/cqj/pa_ct_surv/model/ct_pretrain/resnet_18_23dataset.pth
  Missing keys (ok): ['fc.weight', 'fc.bias']
Epoch 1/30 | Train Loss: 4.0662 (Cox Loss: 3.3483, KD Loss: 1.4356) | Val C-index: 0.5492 | Teacher risk std: 1.7727 | Teacher risk-set entropy: 3.6672
Epoch 2/30 | Train Loss: 3.7498 (Cox Loss: 3.2595, KD Loss: 0.9805) | Val C-index: 0.5449 | Teacher risk std: 1.7727 | Teacher risk-set entropy: 3.6665
Epoch 3/30 | Train Loss: 3.7349 (Cox Loss: 3.2482, KD Loss: 0.9734) | Val C-index: 0.5412 | Teacher risk std: 1.7727 | Teacher risk-set entropy: 3.6836
Epoch 4/30 | Train Loss: 3.7874 (Cox Loss: 3.3093, KD Loss: 0.9562) | Val C-index: 0.5472 | Teacher risk std: 1.7727 | Teacher risk-set entropy: 3.6835
Epoch 5/30 | Train Loss: 3.7432 (Cox Loss: 3.2502, KD Loss: 0.9859) | Val C-index: 0.5506 | Teacher risk std: 1.7727 | Teacher risk-set entropy: 3.7025
Epoch 6/30 | Train Loss: 3.6993 (Cox Loss: 3.2361, KD Loss: 0.9263) | Val C-index: 0.5516 | Teacher risk std: 1.7727 | Teacher risk-set entropy: 3.6829
Epoch 7/30 | Train Loss: 3.6315 (Cox Loss: 3.1788, KD Loss: 0.9053) | Val C-index: 0.5513 | Teacher risk std: 1.7727 | Teacher risk-set entropy: 3.6890
Epoch 8/30 | Train Loss: 3.6187 (Cox Loss: 3.1748, KD Loss: 0.8878) | Val C-index: 0.5563 | Teacher risk std: 1.7727 | Teacher risk-set entropy: 3.6578
Epoch 9/30 | Train Loss: 3.6038 (Cox Loss: 3.1676, KD Loss: 0.8724) | Val C-index: 0.5708 | Teacher risk std: 1.7727 | Teacher risk-set entropy: 3.6493
Epoch 10/30 | Train Loss: 3.6104 (Cox Loss: 3.1936, KD Loss: 0.8335) | Val C-index: 0.5771 | Teacher risk std: 1.7727 | Teacher risk-set entropy: 3.6519
Epoch 11/30 | Train Loss: 3.5112 (Cox Loss: 3.1127, KD Loss: 0.7969) | Val C-index: 0.5946 | Teacher risk std: 1.7727 | Teacher risk-set entropy: 3.6883
Epoch 12/30 | Train Loss: 3.5184 (Cox Loss: 3.1242, KD Loss: 0.7883) | Val C-index: 0.5993 | Teacher risk std: 1.7727 | Teacher risk-set entropy: 3.7137
Epoch 13/30 | Train Loss: 3.4623 (Cox Loss: 3.0809, KD Loss: 0.7628) | Val C-index: 0.6044 | Teacher risk std: 1.7727 | Teacher risk-set entropy: 3.6877
Epoch 14/30 | Train Loss: 3.4836 (Cox Loss: 3.0968, KD Loss: 0.7736) | Val C-index: 0.6222 | Teacher risk std: 1.7727 | Teacher risk-set entropy: 3.6875
Epoch 15/30 | Train Loss: 3.4318 (Cox Loss: 3.0776, KD Loss: 0.7085) | Val C-index: 0.6255 | Teacher risk std: 1.7727 | Teacher risk-set entropy: 3.7083
Epoch 16/30 | Train Loss: 3.4042 (Cox Loss: 3.0615, KD Loss: 0.6854) | Val C-index: 0.6366 | Teacher risk std: 1.7727 | Teacher risk-set entropy: 3.6960
Epoch 17/30 | Train Loss: 3.4197 (Cox Loss: 3.0728, KD Loss: 0.6937) | Val C-index: 0.6417 | Teacher risk std: 1.7727 | Teacher risk-set entropy: 3.6779
Epoch 18/30 | Train Loss: 3.4222 (Cox Loss: 3.0891, KD Loss: 0.6661) | Val C-index: 0.6417 | Teacher risk std: 1.7727 | Teacher risk-set entropy: 3.6817
Epoch 19/30 | Train Loss: 3.3803 (Cox Loss: 3.0259, KD Loss: 0.7088) | Val C-index: 0.6538 | Teacher risk std: 1.7727 | Teacher risk-set entropy: 3.6723
Epoch 20/30 | Train Loss: 3.6148 (Cox Loss: 3.1018, KD Loss: 1.0261) | Val C-index: 0.6376 | Teacher risk std: 1.7727 | Teacher risk-set entropy: 3.6730
Epoch 21/30 | Train Loss: 3.4771 (Cox Loss: 3.1255, KD Loss: 0.7032) | Val C-index: 0.6407 | Teacher risk std: 1.7727 | Teacher risk-set entropy: 3.6931
Epoch 22/30 | Train Loss: 3.3694 (Cox Loss: 3.0265, KD Loss: 0.6858) | Val C-index: 0.6521 | Teacher risk std: 1.7727 | Teacher risk-set entropy: 3.6977
Epoch 23/30 | Train Loss: 3.4505 (Cox Loss: 3.1097, KD Loss: 0.6816) | Val C-index: 0.6464 | Teacher risk std: 1.7727 | Teacher risk-set entropy: 3.6753
Epoch 24/30 | Train Loss: 3.3439 (Cox Loss: 3.0346, KD Loss: 0.6187) | Val C-index: 0.6551 | Teacher risk std: 1.7727 | Teacher risk-set entropy: 3.6690
Epoch 25/30 | Train Loss: 3.3558 (Cox Loss: 3.0389, KD Loss: 0.6338) | Val C-index: 0.6719 | Teacher risk std: 1.7727 | Teacher risk-set entropy: 3.6530
Epoch 26/30 | Train Loss: 3.3144 (Cox Loss: 3.0026, KD Loss: 0.6235) | Val C-index: 0.6504 | Teacher risk std: 1.7727 | Teacher risk-set entropy: 3.6565
Epoch 27/30 | Train Loss: 3.4851 (Cox Loss: 3.1679, KD Loss: 0.6343) | Val C-index: 0.6666 | Teacher risk std: 1.7727 | Teacher risk-set entropy: 3.6625
Epoch 28/30 | Train Loss: 3.2598 (Cox Loss: 2.9579, KD Loss: 0.6037) | Val C-index: 0.6521 | Teacher risk std: 1.7727 | Teacher risk-set entropy: 3.6993
Epoch 29/30 | Train Loss: 3.5115 (Cox Loss: 3.0356, KD Loss: 0.9518) | Val C-index: 0.6521 | Teacher risk std: 1.7727 | Teacher risk-set entropy: 3.6670
Epoch 30/30 | Train Loss: 3.3328 (Cox Loss: 3.0266, KD Loss: 0.6124) | Val C-index: 0.6578 | Teacher risk std: 1.7727 | Teacher risk-set entropy: 3.6917

Extra survival metrics:
cutoff_from_train_median: 0.003469
n_test: 112
n_high_risk: 74
n_low_risk: 38
n_event_test: 38
logrank_stat: 8.490264
logrank_p: 0.003571
auc_36m: 0.713668
auc_60m: 0.635105
HR_high_vs_low: 3.392497
HR_95CI_lower: 1.416018
HR_95CI_upper: 8.127747
cox_p: 0.006139
Fold 4 eval C-index: 0.6719

==================================================
5-Fold CV Summary
==================================================
  C-index: 0.7126 +/- 0.0365
