Teacher:   /home/gly001/cqj/pa_ct_surv/checkpoints/pact_v4/pact/roi64_abmil_resnet18_weighted_normnone_fusion_dropout0.0_epochs30_coxbs64_lr1e-4_blr1e-5_wd5e-4_lct0.5_lpa0.3_seed42
Teacher config: /home/gly001/cqj/pa_ct_surv/results/pact_v4/pact/roi64_abmil_resnet18_weighted_normnone_fusion_dropout0.0_epochs30_coxbs64_lr1e-4_blr1e-5_wd5e-4_lct0.5_lpa0.3_seed42/run_config.yaml
Data:      /home/gly001/cqj/pa_ct_surv/data/seed_42 | ROI: 64
Teacher model: PA=abmil | CT=resnet18 | Fusion=weighted | k=None
Distill:   Cox + alpha_kd*listwise_kd(student_risk, teacher_fused_risk) | alpha_kd=0.5 | KD starts at epoch 1
Student dropout: 0.5
CT augmentation: disabled | cox_batch_size=64
LR:        head=0.0001 | CT backbone=1e-05
Checkpoints: /home/gly001/cqj/pa_ct_surv/checkpoints/pact_v4/ct_student/roi64_abmil_resnet18_weighted_normnone_fusion_dropout0.0_epochs30_coxbs64_lr1e-4_blr1e-5_wd5e-4_lct0.5_lpa0.3_seed42_resnet18_dropout0.5_listwise_kd_akd0.5_t2.0
Results:     /home/gly001/cqj/pa_ct_surv/results/pact_v4/ct_student/roi64_abmil_resnet18_weighted_normnone_fusion_dropout0.0_epochs30_coxbs64_lr1e-4_blr1e-5_wd5e-4_lct0.5_lpa0.3_seed42_resnet18_dropout0.5_listwise_kd_akd0.5_t2.0
Loaded 703 paired samples
Locked split from dataset CSV: train=562, test=141
Test set is not accessed during CV

==================================================
Fold 1/5
==================================================
Loaded teacher from: /home/gly001/cqj/pa_ct_surv/checkpoints/pact_v4/pact/roi64_abmil_resnet18_weighted_normnone_fusion_dropout0.0_epochs30_coxbs64_lr1e-4_blr1e-5_wd5e-4_lct0.5_lpa0.3_seed42/fold_0/best_model.pth
[ResNetCox] Loaded pretrained from /home/gly001/cqj/pa_ct_surv/model/ct_pretrain/resnet_18_23dataset.pth
  Missing keys (ok): ['fc.weight', 'fc.bias']
Epoch 1/30 | Train Loss: 3.5681 (Cox Loss: 3.2933, KD Loss: 0.5496) | Val C-index: 0.6203 | Teacher risk std: 1.2598 | Teacher risk-set entropy: 3.5416
Epoch 2/30 | Train Loss: 3.5182 (Cox Loss: 3.2644, KD Loss: 0.5076) | Val C-index: 0.6435 | Teacher risk std: 1.2598 | Teacher risk-set entropy: 3.5527
Epoch 3/30 | Train Loss: 3.4854 (Cox Loss: 3.2381, KD Loss: 0.4946) | Val C-index: 0.6387 | Teacher risk std: 1.2598 | Teacher risk-set entropy: 3.5405
Epoch 4/30 | Train Loss: 3.4966 (Cox Loss: 3.2483, KD Loss: 0.4966) | Val C-index: 0.6356 | Teacher risk std: 1.2598 | Teacher risk-set entropy: 3.5005
Epoch 5/30 | Train Loss: 3.4481 (Cox Loss: 3.2094, KD Loss: 0.4773) | Val C-index: 0.6387 | Teacher risk std: 1.2598 | Teacher risk-set entropy: 3.5107
Epoch 6/30 | Train Loss: 3.3952 (Cox Loss: 3.1691, KD Loss: 0.4521) | Val C-index: 0.6470 | Teacher risk std: 1.2598 | Teacher risk-set entropy: 3.5366
Epoch 7/30 | Train Loss: 3.3304 (Cox Loss: 3.1178, KD Loss: 0.4252) | Val C-index: 0.6489 | Teacher risk std: 1.2598 | Teacher risk-set entropy: 3.5014
Epoch 8/30 | Train Loss: 3.3428 (Cox Loss: 3.1451, KD Loss: 0.3954) | Val C-index: 0.6607 | Teacher risk std: 1.2598 | Teacher risk-set entropy: 3.5484
Epoch 9/30 | Train Loss: 3.3181 (Cox Loss: 3.1265, KD Loss: 0.3831) | Val C-index: 0.6706 | Teacher risk std: 1.2598 | Teacher risk-set entropy: 3.4993
Epoch 10/30 | Train Loss: 3.3157 (Cox Loss: 3.1347, KD Loss: 0.3618) | Val C-index: 0.6805 | Teacher risk std: 1.2598 | Teacher risk-set entropy: 3.5196
Epoch 11/30 | Train Loss: 3.2913 (Cox Loss: 3.1107, KD Loss: 0.3611) | Val C-index: 0.6862 | Teacher risk std: 1.2598 | Teacher risk-set entropy: 3.5411
Epoch 12/30 | Train Loss: 3.2760 (Cox Loss: 3.0988, KD Loss: 0.3544) | Val C-index: 0.6932 | Teacher risk std: 1.2598 | Teacher risk-set entropy: 3.5175
Epoch 13/30 | Train Loss: 3.3101 (Cox Loss: 3.1436, KD Loss: 0.3330) | Val C-index: 0.6923 | Teacher risk std: 1.2598 | Teacher risk-set entropy: 3.5368
Epoch 14/30 | Train Loss: 3.2460 (Cox Loss: 3.0798, KD Loss: 0.3323) | Val C-index: 0.7015 | Teacher risk std: 1.2598 | Teacher risk-set entropy: 3.5318
Epoch 15/30 | Train Loss: 3.2266 (Cox Loss: 3.0708, KD Loss: 0.3117) | Val C-index: 0.7021 | Teacher risk std: 1.2598 | Teacher risk-set entropy: 3.5324
Epoch 16/30 | Train Loss: 3.2463 (Cox Loss: 3.0945, KD Loss: 0.3036) | Val C-index: 0.6958 | Teacher risk std: 1.2598 | Teacher risk-set entropy: 3.5265
Epoch 17/30 | Train Loss: 3.2305 (Cox Loss: 3.0700, KD Loss: 0.3210) | Val C-index: 0.7034 | Teacher risk std: 1.2598 | Teacher risk-set entropy: 3.5286
Epoch 18/30 | Train Loss: 3.2239 (Cox Loss: 3.0637, KD Loss: 0.3203) | Val C-index: 0.7031 | Teacher risk std: 1.2598 | Teacher risk-set entropy: 3.5382
Epoch 19/30 | Train Loss: 3.1939 (Cox Loss: 3.0468, KD Loss: 0.2941) | Val C-index: 0.7085 | Teacher risk std: 1.2598 | Teacher risk-set entropy: 3.5385
Epoch 20/30 | Train Loss: 3.1936 (Cox Loss: 3.0501, KD Loss: 0.2871) | Val C-index: 0.6926 | Teacher risk std: 1.2598 | Teacher risk-set entropy: 3.5287
Epoch 21/30 | Train Loss: 3.1661 (Cox Loss: 3.0286, KD Loss: 0.2750) | Val C-index: 0.7168 | Teacher risk std: 1.2598 | Teacher risk-set entropy: 3.5129
Epoch 22/30 | Train Loss: 3.1886 (Cox Loss: 3.0392, KD Loss: 0.2988) | Val C-index: 0.6977 | Teacher risk std: 1.2598 | Teacher risk-set entropy: 3.5177
Epoch 23/30 | Train Loss: 3.1881 (Cox Loss: 3.0437, KD Loss: 0.2889) | Val C-index: 0.7091 | Teacher risk std: 1.2598 | Teacher risk-set entropy: 3.5602
Epoch 24/30 | Train Loss: 3.1845 (Cox Loss: 3.0439, KD Loss: 0.2812) | Val C-index: 0.7002 | Teacher risk std: 1.2598 | Teacher risk-set entropy: 3.5401
Epoch 25/30 | Train Loss: 3.1586 (Cox Loss: 3.0284, KD Loss: 0.2605) | Val C-index: 0.6993 | Teacher risk std: 1.2598 | Teacher risk-set entropy: 3.5473
Epoch 26/30 | Train Loss: 3.1449 (Cox Loss: 3.0204, KD Loss: 0.2491) | Val C-index: 0.6989 | Teacher risk std: 1.2598 | Teacher risk-set entropy: 3.5142
Epoch 27/30 | Train Loss: 3.1201 (Cox Loss: 2.9890, KD Loss: 0.2621) | Val C-index: 0.7187 | Teacher risk std: 1.2598 | Teacher risk-set entropy: 3.5444
Epoch 28/30 | Train Loss: 3.1384 (Cox Loss: 3.0150, KD Loss: 0.2468) | Val C-index: 0.6942 | Teacher risk std: 1.2598 | Teacher risk-set entropy: 3.5345
Epoch 29/30 | Train Loss: 3.1632 (Cox Loss: 3.0247, KD Loss: 0.2771) | Val C-index: 0.7152 | Teacher risk std: 1.2598 | Teacher risk-set entropy: 3.5266
Epoch 30/30 | Train Loss: 3.1665 (Cox Loss: 3.0368, KD Loss: 0.2594) | Val C-index: 0.6986 | Teacher risk std: 1.2598 | Teacher risk-set entropy: 3.5438

Extra survival metrics:
cutoff_from_train_median: -0.293155
n_test: 113
n_high_risk: 52
n_low_risk: 61
n_event_test: 38
logrank_stat: 14.567634
logrank_p: 0.000135
auc_36m: 0.743365
auc_60m: 0.747573
HR_high_vs_low: 3.508569
HR_95CI_lower: 1.764939
HR_95CI_upper: 6.974778
cox_p: 0.000343
Fold 0 eval C-index: 0.7187

==================================================
Fold 2/5
==================================================
Loaded teacher from: /home/gly001/cqj/pa_ct_surv/checkpoints/pact_v4/pact/roi64_abmil_resnet18_weighted_normnone_fusion_dropout0.0_epochs30_coxbs64_lr1e-4_blr1e-5_wd5e-4_lct0.5_lpa0.3_seed42/fold_1/best_model.pth
[ResNetCox] Loaded pretrained from /home/gly001/cqj/pa_ct_surv/model/ct_pretrain/resnet_18_23dataset.pth
  Missing keys (ok): ['fc.weight', 'fc.bias']
Epoch 1/30 | Train Loss: 3.4552 (Cox Loss: 3.3200, KD Loss: 0.2704) | Val C-index: 0.6292 | Teacher risk std: 0.8366 | Teacher risk-set entropy: 3.6478
Epoch 2/30 | Train Loss: 3.3965 (Cox Loss: 3.2632, KD Loss: 0.2667) | Val C-index: 0.6569 | Teacher risk std: 0.8366 | Teacher risk-set entropy: 3.6437
Epoch 3/30 | Train Loss: 3.3842 (Cox Loss: 3.2555, KD Loss: 0.2575) | Val C-index: 0.6487 | Teacher risk std: 0.8366 | Teacher risk-set entropy: 3.6551
Epoch 4/30 | Train Loss: 3.3728 (Cox Loss: 3.2476, KD Loss: 0.2505) | Val C-index: 0.6480 | Teacher risk std: 0.8366 | Teacher risk-set entropy: 3.6073
Epoch 5/30 | Train Loss: 3.3616 (Cox Loss: 3.2483, KD Loss: 0.2266) | Val C-index: 0.6523 | Teacher risk std: 0.8366 | Teacher risk-set entropy: 3.6610
Epoch 6/30 | Train Loss: 3.3121 (Cox Loss: 3.2126, KD Loss: 0.1991) | Val C-index: 0.6559 | Teacher risk std: 0.8366 | Teacher risk-set entropy: 3.6081
Epoch 7/30 | Train Loss: 3.2472 (Cox Loss: 3.1609, KD Loss: 0.1727) | Val C-index: 0.6592 | Teacher risk std: 0.8366 | Teacher risk-set entropy: 3.6369
Epoch 8/30 | Train Loss: 3.2488 (Cox Loss: 3.1662, KD Loss: 0.1652) | Val C-index: 0.6668 | Teacher risk std: 0.8366 | Teacher risk-set entropy: 3.6258
Epoch 9/30 | Train Loss: 3.2282 (Cox Loss: 3.1500, KD Loss: 0.1563) | Val C-index: 0.6704 | Teacher risk std: 0.8366 | Teacher risk-set entropy: 3.6245
Epoch 10/30 | Train Loss: 3.2724 (Cox Loss: 3.1948, KD Loss: 0.1551) | Val C-index: 0.6806 | Teacher risk std: 0.8366 | Teacher risk-set entropy: 3.6544
Epoch 11/30 | Train Loss: 3.1986 (Cox Loss: 3.1274, KD Loss: 0.1424) | Val C-index: 0.6898 | Teacher risk std: 0.8366 | Teacher risk-set entropy: 3.6207
Epoch 12/30 | Train Loss: 3.2032 (Cox Loss: 3.1349, KD Loss: 0.1365) | Val C-index: 0.6971 | Teacher risk std: 0.8366 | Teacher risk-set entropy: 3.6332
Epoch 13/30 | Train Loss: 3.1780 (Cox Loss: 3.1127, KD Loss: 0.1306) | Val C-index: 0.7063 | Teacher risk std: 0.8366 | Teacher risk-set entropy: 3.6247
Epoch 14/30 | Train Loss: 3.2040 (Cox Loss: 3.1435, KD Loss: 0.1209) | Val C-index: 0.7165 | Teacher risk std: 0.8366 | Teacher risk-set entropy: 3.6396
Epoch 15/30 | Train Loss: 3.1938 (Cox Loss: 3.1270, KD Loss: 0.1337) | Val C-index: 0.7135 | Teacher risk std: 0.8366 | Teacher risk-set entropy: 3.6392
Epoch 16/30 | Train Loss: 3.1451 (Cox Loss: 3.0841, KD Loss: 0.1220) | Val C-index: 0.7231 | Teacher risk std: 0.8366 | Teacher risk-set entropy: 3.6347
Epoch 17/30 | Train Loss: 3.1769 (Cox Loss: 3.1142, KD Loss: 0.1254) | Val C-index: 0.7270 | Teacher risk std: 0.8366 | Teacher risk-set entropy: 3.6335
Epoch 18/30 | Train Loss: 3.1753 (Cox Loss: 3.1166, KD Loss: 0.1174) | Val C-index: 0.7323 | Teacher risk std: 0.8366 | Teacher risk-set entropy: 3.6443
Epoch 19/30 | Train Loss: 3.1304 (Cox Loss: 3.0745, KD Loss: 0.1119) | Val C-index: 0.7323 | Teacher risk std: 0.8366 | Teacher risk-set entropy: 3.6469
Epoch 20/30 | Train Loss: 3.1343 (Cox Loss: 3.0793, KD Loss: 0.1100) | Val C-index: 0.7369 | Teacher risk std: 0.8366 | Teacher risk-set entropy: 3.6431
Epoch 21/30 | Train Loss: 3.1381 (Cox Loss: 3.0810, KD Loss: 0.1141) | Val C-index: 0.7386 | Teacher risk std: 0.8366 | Teacher risk-set entropy: 3.6512
Epoch 22/30 | Train Loss: 3.1292 (Cox Loss: 3.0762, KD Loss: 0.1060) | Val C-index: 0.7461 | Teacher risk std: 0.8366 | Teacher risk-set entropy: 3.6602
Epoch 23/30 | Train Loss: 3.1364 (Cox Loss: 3.0779, KD Loss: 0.1170) | Val C-index: 0.7376 | Teacher risk std: 0.8366 | Teacher risk-set entropy: 3.6409
Epoch 24/30 | Train Loss: 3.1314 (Cox Loss: 3.0737, KD Loss: 0.1153) | Val C-index: 0.7498 | Teacher risk std: 0.8366 | Teacher risk-set entropy: 3.6401
Epoch 25/30 | Train Loss: 3.1492 (Cox Loss: 3.0966, KD Loss: 0.1050) | Val C-index: 0.7349 | Teacher risk std: 0.8366 | Teacher risk-set entropy: 3.6112
Epoch 26/30 | Train Loss: 3.1774 (Cox Loss: 3.1178, KD Loss: 0.1192) | Val C-index: 0.7468 | Teacher risk std: 0.8366 | Teacher risk-set entropy: 3.6217
Epoch 27/30 | Train Loss: 3.1238 (Cox Loss: 3.0678, KD Loss: 0.1121) | Val C-index: 0.7353 | Teacher risk std: 0.8366 | Teacher risk-set entropy: 3.6262
Epoch 28/30 | Train Loss: 3.1080 (Cox Loss: 3.0475, KD Loss: 0.1210) | Val C-index: 0.7369 | Teacher risk std: 0.8366 | Teacher risk-set entropy: 3.6359
Epoch 29/30 | Train Loss: 3.1140 (Cox Loss: 3.0628, KD Loss: 0.1023) | Val C-index: 0.7692 | Teacher risk std: 0.8366 | Teacher risk-set entropy: 3.6429
Epoch 30/30 | Train Loss: 3.1244 (Cox Loss: 3.0617, KD Loss: 0.1254) | Val C-index: 0.7399 | Teacher risk std: 0.8366 | Teacher risk-set entropy: 3.6350

Extra survival metrics:
cutoff_from_train_median: -0.199973
n_test: 113
n_high_risk: 52
n_low_risk: 61
n_event_test: 39
logrank_stat: 20.911655
logrank_p: 0.000005
auc_36m: 0.808069
auc_60m: 0.797809
HR_high_vs_low: 4.621301
HR_95CI_lower: 2.248135
HR_95CI_upper: 9.499616
cox_p: 0.000031
Fold 1 eval C-index: 0.7692

==================================================
Fold 3/5
==================================================
Loaded teacher from: /home/gly001/cqj/pa_ct_surv/checkpoints/pact_v4/pact/roi64_abmil_resnet18_weighted_normnone_fusion_dropout0.0_epochs30_coxbs64_lr1e-4_blr1e-5_wd5e-4_lct0.5_lpa0.3_seed42/fold_2/best_model.pth
[ResNetCox] Loaded pretrained from /home/gly001/cqj/pa_ct_surv/model/ct_pretrain/resnet_18_23dataset.pth
  Missing keys (ok): ['fc.weight', 'fc.bias']
Epoch 1/30 | Train Loss: 3.5772 (Cox Loss: 3.2783, KD Loss: 0.5977) | Val C-index: 0.7061 | Teacher risk std: 1.3518 | Teacher risk-set entropy: 3.5463
Epoch 2/30 | Train Loss: 3.6763 (Cox Loss: 3.3379, KD Loss: 0.6767) | Val C-index: 0.6929 | Teacher risk std: 1.3518 | Teacher risk-set entropy: 3.5128
Epoch 3/30 | Train Loss: 3.6465 (Cox Loss: 3.3395, KD Loss: 0.6140) | Val C-index: 0.6888 | Teacher risk std: 1.3518 | Teacher risk-set entropy: 3.5278
Epoch 4/30 | Train Loss: 3.5412 (Cox Loss: 3.2562, KD Loss: 0.5699) | Val C-index: 0.6878 | Teacher risk std: 1.3518 | Teacher risk-set entropy: 3.4980
Epoch 5/30 | Train Loss: 3.5270 (Cox Loss: 3.2439, KD Loss: 0.5663) | Val C-index: 0.6908 | Teacher risk std: 1.3518 | Teacher risk-set entropy: 3.5421
Epoch 6/30 | Train Loss: 3.5871 (Cox Loss: 3.3013, KD Loss: 0.5716) | Val C-index: 0.6878 | Teacher risk std: 1.3518 | Teacher risk-set entropy: 3.5263
Epoch 7/30 | Train Loss: 3.5663 (Cox Loss: 3.2694, KD Loss: 0.5938) | Val C-index: 0.6881 | Teacher risk std: 1.3518 | Teacher risk-set entropy: 3.5283
Epoch 8/30 | Train Loss: 3.5452 (Cox Loss: 3.2733, KD Loss: 0.5437) | Val C-index: 0.7020 | Teacher risk std: 1.3518 | Teacher risk-set entropy: 3.5336
Epoch 9/30 | Train Loss: 3.4385 (Cox Loss: 3.1978, KD Loss: 0.4814) | Val C-index: 0.7122 | Teacher risk std: 1.3518 | Teacher risk-set entropy: 3.5296
Epoch 10/30 | Train Loss: 3.3817 (Cox Loss: 3.1602, KD Loss: 0.4431) | Val C-index: 0.7105 | Teacher risk std: 1.3518 | Teacher risk-set entropy: 3.5488
Epoch 11/30 | Train Loss: 3.3902 (Cox Loss: 3.1778, KD Loss: 0.4249) | Val C-index: 0.7129 | Teacher risk std: 1.3518 | Teacher risk-set entropy: 3.5506
Epoch 12/30 | Train Loss: 3.3769 (Cox Loss: 3.1636, KD Loss: 0.4266) | Val C-index: 0.7169 | Teacher risk std: 1.3518 | Teacher risk-set entropy: 3.5416
Epoch 13/30 | Train Loss: 3.4253 (Cox Loss: 3.2132, KD Loss: 0.4243) | Val C-index: 0.6963 | Teacher risk std: 1.3518 | Teacher risk-set entropy: 3.5303
Epoch 14/30 | Train Loss: 3.3112 (Cox Loss: 3.1246, KD Loss: 0.3733) | Val C-index: 0.6983 | Teacher risk std: 1.3518 | Teacher risk-set entropy: 3.5595
Epoch 15/30 | Train Loss: 3.4921 (Cox Loss: 3.3097, KD Loss: 0.3647) | Val C-index: 0.6817 | Teacher risk std: 1.3518 | Teacher risk-set entropy: 3.5265
Epoch 16/30 | Train Loss: 3.3183 (Cox Loss: 3.1114, KD Loss: 0.4138) | Val C-index: 0.6702 | Teacher risk std: 1.3518 | Teacher risk-set entropy: 3.5501
Epoch 17/30 | Train Loss: 3.2783 (Cox Loss: 3.1043, KD Loss: 0.3479) | Val C-index: 0.7092 | Teacher risk std: 1.3518 | Teacher risk-set entropy: 3.5591
Epoch 18/30 | Train Loss: 3.2863 (Cox Loss: 3.1141, KD Loss: 0.3444) | Val C-index: 0.6949 | Teacher risk std: 1.3518 | Teacher risk-set entropy: 3.5657
Epoch 19/30 | Train Loss: 3.3398 (Cox Loss: 3.1552, KD Loss: 0.3692) | Val C-index: 0.6936 | Teacher risk std: 1.3518 | Teacher risk-set entropy: 3.5196
Epoch 20/30 | Train Loss: 3.3286 (Cox Loss: 3.1360, KD Loss: 0.3852) | Val C-index: 0.7064 | Teacher risk std: 1.3518 | Teacher risk-set entropy: 3.5386
Epoch 21/30 | Train Loss: 3.2181 (Cox Loss: 3.0597, KD Loss: 0.3168) | Val C-index: 0.6953 | Teacher risk std: 1.3518 | Teacher risk-set entropy: 3.5272
Epoch 22/30 | Train Loss: 3.2315 (Cox Loss: 3.0710, KD Loss: 0.3210) | Val C-index: 0.7105 | Teacher risk std: 1.3518 | Teacher risk-set entropy: 3.5369
Early stopping at epoch 22

Extra survival metrics:
cutoff_from_train_median: -0.229314
n_test: 112
n_high_risk: 56
n_low_risk: 56
n_event_test: 38
logrank_stat: 16.682173
logrank_p: 0.000044
auc_36m: 0.735902
auc_60m: 0.739137
HR_high_vs_low: 4.214757
HR_95CI_lower: 1.990806
HR_95CI_upper: 8.923107
cox_p: 0.000170
Fold 2 eval C-index: 0.7169

==================================================
Fold 4/5
==================================================
Loaded teacher from: /home/gly001/cqj/pa_ct_surv/checkpoints/pact_v4/pact/roi64_abmil_resnet18_weighted_normnone_fusion_dropout0.0_epochs30_coxbs64_lr1e-4_blr1e-5_wd5e-4_lct0.5_lpa0.3_seed42/fold_3/best_model.pth
[ResNetCox] Loaded pretrained from /home/gly001/cqj/pa_ct_surv/model/ct_pretrain/resnet_18_23dataset.pth
  Missing keys (ok): ['fc.weight', 'fc.bias']
Epoch 1/30 | Train Loss: 3.7016 (Cox Loss: 3.3824, KD Loss: 0.6385) | Val C-index: 0.5620 | Teacher risk std: 1.3204 | Teacher risk-set entropy: 3.5399
Epoch 2/30 | Train Loss: 3.5905 (Cox Loss: 3.2900, KD Loss: 0.6009) | Val C-index: 0.6455 | Teacher risk std: 1.3204 | Teacher risk-set entropy: 3.5307
Epoch 3/30 | Train Loss: 3.5714 (Cox Loss: 3.2792, KD Loss: 0.5845) | Val C-index: 0.6673 | Teacher risk std: 1.3204 | Teacher risk-set entropy: 3.5447
Epoch 4/30 | Train Loss: 3.5436 (Cox Loss: 3.2569, KD Loss: 0.5735) | Val C-index: 0.6683 | Teacher risk std: 1.3204 | Teacher risk-set entropy: 3.5424
Epoch 5/30 | Train Loss: 3.5730 (Cox Loss: 3.3006, KD Loss: 0.5449) | Val C-index: 0.6687 | Teacher risk std: 1.3204 | Teacher risk-set entropy: 3.5330
Epoch 6/30 | Train Loss: 3.5868 (Cox Loss: 3.3067, KD Loss: 0.5603) | Val C-index: 0.6693 | Teacher risk std: 1.3204 | Teacher risk-set entropy: 3.5380
Epoch 7/30 | Train Loss: 3.5497 (Cox Loss: 3.2866, KD Loss: 0.5261) | Val C-index: 0.6687 | Teacher risk std: 1.3204 | Teacher risk-set entropy: 3.5324
Epoch 8/30 | Train Loss: 3.4314 (Cox Loss: 3.1894, KD Loss: 0.4839) | Val C-index: 0.6700 | Teacher risk std: 1.3204 | Teacher risk-set entropy: 3.5674
Epoch 9/30 | Train Loss: 3.6248 (Cox Loss: 3.2980, KD Loss: 0.6536) | Val C-index: 0.6710 | Teacher risk std: 1.3204 | Teacher risk-set entropy: 3.5333
Epoch 10/30 | Train Loss: 3.4051 (Cox Loss: 3.1817, KD Loss: 0.4468) | Val C-index: 0.6753 | Teacher risk std: 1.3204 | Teacher risk-set entropy: 3.5585
Epoch 11/30 | Train Loss: 3.4544 (Cox Loss: 3.1925, KD Loss: 0.5238) | Val C-index: 0.6766 | Teacher risk std: 1.3204 | Teacher risk-set entropy: 3.5305
Epoch 12/30 | Train Loss: 3.3368 (Cox Loss: 3.1384, KD Loss: 0.3967) | Val C-index: 0.6803 | Teacher risk std: 1.3204 | Teacher risk-set entropy: 3.5661
Epoch 13/30 | Train Loss: 3.4577 (Cox Loss: 3.2590, KD Loss: 0.3974) | Val C-index: 0.6816 | Teacher risk std: 1.3204 | Teacher risk-set entropy: 3.5311
Epoch 14/30 | Train Loss: 3.3192 (Cox Loss: 3.1234, KD Loss: 0.3917) | Val C-index: 0.6849 | Teacher risk std: 1.3204 | Teacher risk-set entropy: 3.5508
Epoch 15/30 | Train Loss: 3.3802 (Cox Loss: 3.1733, KD Loss: 0.4138) | Val C-index: 0.6829 | Teacher risk std: 1.3204 | Teacher risk-set entropy: 3.5348
Epoch 16/30 | Train Loss: 3.2592 (Cox Loss: 3.0826, KD Loss: 0.3532) | Val C-index: 0.6872 | Teacher risk std: 1.3204 | Teacher risk-set entropy: 3.5565
Epoch 17/30 | Train Loss: 3.2842 (Cox Loss: 3.1148, KD Loss: 0.3388) | Val C-index: 0.6789 | Teacher risk std: 1.3204 | Teacher risk-set entropy: 3.5256
Epoch 18/30 | Train Loss: 3.3169 (Cox Loss: 3.1463, KD Loss: 0.3412) | Val C-index: 0.6733 | Teacher risk std: 1.3204 | Teacher risk-set entropy: 3.5335
Epoch 19/30 | Train Loss: 3.2253 (Cox Loss: 3.0711, KD Loss: 0.3084) | Val C-index: 0.6839 | Teacher risk std: 1.3204 | Teacher risk-set entropy: 3.5518
Epoch 20/30 | Train Loss: 3.3657 (Cox Loss: 3.2137, KD Loss: 0.3040) | Val C-index: 0.6882 | Teacher risk std: 1.3204 | Teacher risk-set entropy: 3.5237
Epoch 21/30 | Train Loss: 3.1992 (Cox Loss: 3.0461, KD Loss: 0.3061) | Val C-index: 0.6852 | Teacher risk std: 1.3204 | Teacher risk-set entropy: 3.5564
Epoch 22/30 | Train Loss: 3.1979 (Cox Loss: 3.0418, KD Loss: 0.3123) | Val C-index: 0.6796 | Teacher risk std: 1.3204 | Teacher risk-set entropy: 3.5324
Epoch 23/30 | Train Loss: 3.1718 (Cox Loss: 3.0231, KD Loss: 0.2972) | Val C-index: 0.6832 | Teacher risk std: 1.3204 | Teacher risk-set entropy: 3.5163
Epoch 24/30 | Train Loss: 3.1855 (Cox Loss: 3.0392, KD Loss: 0.2926) | Val C-index: 0.6856 | Teacher risk std: 1.3204 | Teacher risk-set entropy: 3.5326
Epoch 25/30 | Train Loss: 3.2321 (Cox Loss: 3.0943, KD Loss: 0.2758) | Val C-index: 0.6730 | Teacher risk std: 1.3204 | Teacher risk-set entropy: 3.5420
Epoch 26/30 | Train Loss: 3.2096 (Cox Loss: 3.0618, KD Loss: 0.2957) | Val C-index: 0.6879 | Teacher risk std: 1.3204 | Teacher risk-set entropy: 3.5523
Epoch 27/30 | Train Loss: 3.2457 (Cox Loss: 3.0729, KD Loss: 0.3456) | Val C-index: 0.6895 | Teacher risk std: 1.3204 | Teacher risk-set entropy: 3.5265
Epoch 28/30 | Train Loss: 3.2440 (Cox Loss: 3.1020, KD Loss: 0.2841) | Val C-index: 0.6872 | Teacher risk std: 1.3204 | Teacher risk-set entropy: 3.5210
Epoch 29/30 | Train Loss: 3.0892 (Cox Loss: 2.9678, KD Loss: 0.2429) | Val C-index: 0.6776 | Teacher risk std: 1.3204 | Teacher risk-set entropy: 3.5265
Epoch 30/30 | Train Loss: 3.1621 (Cox Loss: 3.0295, KD Loss: 0.2650) | Val C-index: 0.6922 | Teacher risk std: 1.3204 | Teacher risk-set entropy: 3.5536

Extra survival metrics:
cutoff_from_train_median: 0.115942
n_test: 112
n_high_risk: 56
n_low_risk: 56
n_event_test: 38
logrank_stat: 6.594148
logrank_p: 0.010231
auc_36m: 0.696305
auc_60m: 0.675658
HR_high_vs_low: 2.392625
HR_95CI_lower: 1.204101
HR_95CI_upper: 4.754297
cox_p: 0.012770
Fold 3 eval C-index: 0.6922

==================================================
Fold 5/5
==================================================
Loaded teacher from: /home/gly001/cqj/pa_ct_surv/checkpoints/pact_v4/pact/roi64_abmil_resnet18_weighted_normnone_fusion_dropout0.0_epochs30_coxbs64_lr1e-4_blr1e-5_wd5e-4_lct0.5_lpa0.3_seed42/fold_4/best_model.pth
[ResNetCox] Loaded pretrained from /home/gly001/cqj/pa_ct_surv/model/ct_pretrain/resnet_18_23dataset.pth
  Missing keys (ok): ['fc.weight', 'fc.bias']
Epoch 1/30 | Train Loss: 3.9337 (Cox Loss: 3.3489, KD Loss: 1.1696) | Val C-index: 0.5503 | Teacher risk std: 1.7727 | Teacher risk-set entropy: 3.4194
Epoch 2/30 | Train Loss: 3.7231 (Cox Loss: 3.2599, KD Loss: 0.9265) | Val C-index: 0.5442 | Teacher risk std: 1.7727 | Teacher risk-set entropy: 3.4178
Epoch 3/30 | Train Loss: 3.7043 (Cox Loss: 3.2483, KD Loss: 0.9120) | Val C-index: 0.5402 | Teacher risk std: 1.7727 | Teacher risk-set entropy: 3.4347
Epoch 4/30 | Train Loss: 3.7639 (Cox Loss: 3.3088, KD Loss: 0.9103) | Val C-index: 0.5476 | Teacher risk std: 1.7727 | Teacher risk-set entropy: 3.4363
Epoch 5/30 | Train Loss: 3.7114 (Cox Loss: 3.2493, KD Loss: 0.9243) | Val C-index: 0.5503 | Teacher risk std: 1.7727 | Teacher risk-set entropy: 3.4491
Epoch 6/30 | Train Loss: 3.6747 (Cox Loss: 3.2345, KD Loss: 0.8803) | Val C-index: 0.5503 | Teacher risk std: 1.7727 | Teacher risk-set entropy: 3.4346
Epoch 7/30 | Train Loss: 3.5949 (Cox Loss: 3.1772, KD Loss: 0.8354) | Val C-index: 0.5516 | Teacher risk std: 1.7727 | Teacher risk-set entropy: 3.4420
Epoch 8/30 | Train Loss: 3.5836 (Cox Loss: 3.1729, KD Loss: 0.8214) | Val C-index: 0.5560 | Teacher risk std: 1.7727 | Teacher risk-set entropy: 3.4108
Epoch 9/30 | Train Loss: 3.5738 (Cox Loss: 3.1674, KD Loss: 0.8127) | Val C-index: 0.5711 | Teacher risk std: 1.7727 | Teacher risk-set entropy: 3.4001
Epoch 10/30 | Train Loss: 3.5867 (Cox Loss: 3.1931, KD Loss: 0.7872) | Val C-index: 0.5788 | Teacher risk std: 1.7727 | Teacher risk-set entropy: 3.4032
Epoch 11/30 | Train Loss: 3.4874 (Cox Loss: 3.1139, KD Loss: 0.7470) | Val C-index: 0.5913 | Teacher risk std: 1.7727 | Teacher risk-set entropy: 3.4406
Epoch 12/30 | Train Loss: 3.4947 (Cox Loss: 3.1230, KD Loss: 0.7433) | Val C-index: 0.6013 | Teacher risk std: 1.7727 | Teacher risk-set entropy: 3.4603
Epoch 13/30 | Train Loss: 3.4401 (Cox Loss: 3.0804, KD Loss: 0.7193) | Val C-index: 0.6047 | Teacher risk std: 1.7727 | Teacher risk-set entropy: 3.4390
Epoch 14/30 | Train Loss: 3.4545 (Cox Loss: 3.0961, KD Loss: 0.7168) | Val C-index: 0.6222 | Teacher risk std: 1.7727 | Teacher risk-set entropy: 3.4395
Epoch 15/30 | Train Loss: 3.4111 (Cox Loss: 3.0781, KD Loss: 0.6660) | Val C-index: 0.6235 | Teacher risk std: 1.7727 | Teacher risk-set entropy: 3.4561
Epoch 16/30 | Train Loss: 3.3884 (Cox Loss: 3.0629, KD Loss: 0.6509) | Val C-index: 0.6339 | Teacher risk std: 1.7727 | Teacher risk-set entropy: 3.4471
Epoch 17/30 | Train Loss: 3.3950 (Cox Loss: 3.0707, KD Loss: 0.6486) | Val C-index: 0.6407 | Teacher risk std: 1.7727 | Teacher risk-set entropy: 3.4319
Epoch 18/30 | Train Loss: 3.4072 (Cox Loss: 3.0874, KD Loss: 0.6396) | Val C-index: 0.6393 | Teacher risk std: 1.7727 | Teacher risk-set entropy: 3.4333
Epoch 19/30 | Train Loss: 3.3628 (Cox Loss: 3.0309, KD Loss: 0.6638) | Val C-index: 0.6528 | Teacher risk std: 1.7727 | Teacher risk-set entropy: 3.4271
Epoch 20/30 | Train Loss: 3.4951 (Cox Loss: 3.0923, KD Loss: 0.8054) | Val C-index: 0.6373 | Teacher risk std: 1.7727 | Teacher risk-set entropy: 3.4202
Epoch 21/30 | Train Loss: 3.4521 (Cox Loss: 3.1157, KD Loss: 0.6727) | Val C-index: 0.6417 | Teacher risk std: 1.7727 | Teacher risk-set entropy: 3.4409
Epoch 22/30 | Train Loss: 3.3458 (Cox Loss: 3.0261, KD Loss: 0.6395) | Val C-index: 0.6521 | Teacher risk std: 1.7727 | Teacher risk-set entropy: 3.4455
Epoch 23/30 | Train Loss: 3.4370 (Cox Loss: 3.1112, KD Loss: 0.6516) | Val C-index: 0.6444 | Teacher risk std: 1.7727 | Teacher risk-set entropy: 3.4265
Epoch 24/30 | Train Loss: 3.3334 (Cox Loss: 3.0384, KD Loss: 0.5900) | Val C-index: 0.6561 | Teacher risk std: 1.7727 | Teacher risk-set entropy: 3.4186
Epoch 25/30 | Train Loss: 3.3486 (Cox Loss: 3.0409, KD Loss: 0.6154) | Val C-index: 0.6652 | Teacher risk std: 1.7727 | Teacher risk-set entropy: 3.4061
Epoch 26/30 | Train Loss: 3.3084 (Cox Loss: 3.0081, KD Loss: 0.6005) | Val C-index: 0.6491 | Teacher risk std: 1.7727 | Teacher risk-set entropy: 3.4107
Epoch 27/30 | Train Loss: 3.4701 (Cox Loss: 3.1605, KD Loss: 0.6191) | Val C-index: 0.6682 | Teacher risk std: 1.7727 | Teacher risk-set entropy: 3.4159
Epoch 28/30 | Train Loss: 3.2492 (Cox Loss: 2.9575, KD Loss: 0.5833) | Val C-index: 0.6501 | Teacher risk std: 1.7727 | Teacher risk-set entropy: 3.4475
Epoch 29/30 | Train Loss: 3.3966 (Cox Loss: 3.0347, KD Loss: 0.7239) | Val C-index: 0.6514 | Teacher risk std: 1.7727 | Teacher risk-set entropy: 3.4191
Epoch 30/30 | Train Loss: 3.3001 (Cox Loss: 3.0095, KD Loss: 0.5813) | Val C-index: 0.6582 | Teacher risk std: 1.7727 | Teacher risk-set entropy: 3.4471

Extra survival metrics:
cutoff_from_train_median: -0.289805
n_test: 112
n_high_risk: 71
n_low_risk: 41
n_event_test: 38
logrank_stat: 4.851002
logrank_p: 0.027630
auc_36m: 0.704479
auc_60m: 0.664468
HR_high_vs_low: 2.272476
HR_95CI_lower: 1.072292
HR_95CI_upper: 4.815991
cox_p: 0.032185
Fold 4 eval C-index: 0.6682

==================================================
5-Fold CV Summary
==================================================
  C-index: 0.7130 +/- 0.0376
