nohup: ignoring input
Using Device: cuda | ROI: 64
Model: resnet18 | Augment: True
LR: 0.0001 | Backbone LR: 0.0001 | Loss: Cox PH
Pretrained: /home/gly001/cqj/pa_ct_surv/model/ct_pretrain/resnet_18_23dataset.pth
Checkpoints: /home/gly001/cqj/pa_ct_surv/checkpoints/pact_v3/ct/resnet18_roi64_bs32_seed42
Results: /home/gly001/cqj/pa_ct_surv/results/pact_v3/ct/resnet18_roi64_bs32_seed42
Loaded 703 samples
Locked split: train=562, test=141
Test set is not accessed during CV

==================================================
Fold 1/5
==================================================
[ResNetCox] Loaded pretrained from /home/gly001/cqj/pa_ct_surv/model/ct_pretrain/resnet_18_23dataset.pth
  Missing keys (ok): ['fc.weight', 'fc.bias']
Epoch 1/30 | Train Loss: 2.8411 | Train C-index: 0.5073 | Val Loss: 4.3405 | Val C-index: 0.6072
Epoch 2/30 | Train Loss: 2.7619 | Train C-index: 0.5734 | Val Loss: 4.2737 | Val C-index: 0.6305
Epoch 3/30 | Train Loss: 2.8328 | Train C-index: 0.5684 | Val Loss: 4.3242 | Val C-index: 0.6317
Epoch 4/30 | Train Loss: 2.8218 | Train C-index: 0.5377 | Val Loss: 4.2586 | Val C-index: 0.6340
Epoch 5/30 | Train Loss: 2.7344 | Train C-index: 0.6178 | Val Loss: 4.2812 | Val C-index: 0.6451
Epoch 6/30 | Train Loss: 2.8020 | Train C-index: 0.5602 | Val Loss: 4.2371 | Val C-index: 0.6607
Epoch 7/30 | Train Loss: 2.7379 | Train C-index: 0.5863 | Val Loss: 4.2294 | Val C-index: 0.6735
Epoch 8/30 | Train Loss: 2.7312 | Train C-index: 0.5996 | Val Loss: 4.1651 | Val C-index: 0.6849
Epoch 9/30 | Train Loss: 2.7533 | Train C-index: 0.6216 | Val Loss: 4.1716 | Val C-index: 0.6996
Epoch 10/30 | Train Loss: 2.6860 | Train C-index: 0.6536 | Val Loss: 4.1772 | Val C-index: 0.7021
Epoch 11/30 | Train Loss: 2.6770 | Train C-index: 0.6702 | Val Loss: 4.1713 | Val C-index: 0.7012
Epoch 12/30 | Train Loss: 2.6362 | Train C-index: 0.6707 | Val Loss: 4.1151 | Val C-index: 0.7025
Epoch 13/30 | Train Loss: 2.6313 | Train C-index: 0.6278 | Val Loss: 4.2654 | Val C-index: 0.7009
Epoch 14/30 | Train Loss: 2.8049 | Train C-index: 0.5460 | Val Loss: 4.1572 | Val C-index: 0.6951
Epoch 15/30 | Train Loss: 2.7131 | Train C-index: 0.6332 | Val Loss: 4.2452 | Val C-index: 0.6566
Epoch 16/30 | Train Loss: 2.6474 | Train C-index: 0.6599 | Val Loss: 4.1296 | Val C-index: 0.6916
Epoch 17/30 | Train Loss: 2.6469 | Train C-index: 0.6605 | Val Loss: 4.1465 | Val C-index: 0.6916
Epoch 18/30 | Train Loss: 2.6998 | Train C-index: 0.6596 | Val Loss: 4.1302 | Val C-index: 0.6986
Epoch 19/30 | Train Loss: 2.6559 | Train C-index: 0.6918 | Val Loss: 4.1188 | Val C-index: 0.6951
Epoch 20/30 | Train Loss: 2.6436 | Train C-index: 0.7093 | Val Loss: 4.1771 | Val C-index: 0.6932
Epoch 21/30 | Train Loss: 2.6465 | Train C-index: 0.6703 | Val Loss: 4.1571 | Val C-index: 0.6929
Epoch 22/30 | Train Loss: 2.5756 | Train C-index: 0.6865 | Val Loss: 4.1516 | Val C-index: 0.6948
Early stopping at epoch 22
Fold 0 best C-index: 0.7025

Extra survival metrics:
cutoff_from_train_median: -0.089158
n_test: 113
n_high_risk: 50
n_low_risk: 63
n_event_test: 38
logrank_stat: 16.747716
logrank_p: 0.000043
auc_36m: 0.713561
auc_60m: 0.762575
HR_high_vs_low: 3.822102
HR_95CI_lower: 1.918447
HR_95CI_upper: 7.614732
cox_p: 0.000138

==================================================
Fold 2/5
==================================================
[ResNetCox] Loaded pretrained from /home/gly001/cqj/pa_ct_surv/model/ct_pretrain/resnet_18_23dataset.pth
  Missing keys (ok): ['fc.weight', 'fc.bias']
Epoch 1/30 | Train Loss: 2.9087 | Train C-index: 0.5161 | Val Loss: 4.2355 | Val C-index: 0.6220
Epoch 2/30 | Train Loss: 2.8390 | Train C-index: 0.5254 | Val Loss: 4.2282 | Val C-index: 0.6375
Epoch 3/30 | Train Loss: 2.8354 | Train C-index: 0.5411 | Val Loss: 4.1871 | Val C-index: 0.6335
Epoch 4/30 | Train Loss: 2.8301 | Train C-index: 0.4713 | Val Loss: 4.1463 | Val C-index: 0.6523
Epoch 5/30 | Train Loss: 2.8021 | Train C-index: 0.6159 | Val Loss: 4.1543 | Val C-index: 0.6688
Epoch 6/30 | Train Loss: 2.7979 | Train C-index: 0.6008 | Val Loss: 4.1126 | Val C-index: 0.6786
Epoch 7/30 | Train Loss: 2.7760 | Train C-index: 0.6216 | Val Loss: 4.1778 | Val C-index: 0.7046
Epoch 8/30 | Train Loss: 2.8124 | Train C-index: 0.5430 | Val Loss: 4.1167 | Val C-index: 0.7079
Epoch 9/30 | Train Loss: 2.7483 | Train C-index: 0.6498 | Val Loss: 4.0454 | Val C-index: 0.7158
Epoch 10/30 | Train Loss: 2.7195 | Train C-index: 0.6125 | Val Loss: 4.1338 | Val C-index: 0.6928
Epoch 11/30 | Train Loss: 2.7956 | Train C-index: 0.5976 | Val Loss: 4.1209 | Val C-index: 0.7455
Epoch 12/30 | Train Loss: 2.7674 | Train C-index: 0.6412 | Val Loss: 4.0467 | Val C-index: 0.7307
Epoch 13/30 | Train Loss: 2.7116 | Train C-index: 0.6381 | Val Loss: 4.0646 | Val C-index: 0.7659
Epoch 14/30 | Train Loss: 2.7704 | Train C-index: 0.5932 | Val Loss: 4.0584 | Val C-index: 0.7112
Epoch 15/30 | Train Loss: 2.6991 | Train C-index: 0.6481 | Val Loss: 4.0981 | Val C-index: 0.7122
Epoch 16/30 | Train Loss: 2.7423 | Train C-index: 0.6329 | Val Loss: 4.0711 | Val C-index: 0.7303
Epoch 17/30 | Train Loss: 2.7667 | Train C-index: 0.5842 | Val Loss: 4.0120 | Val C-index: 0.7662
Epoch 18/30 | Train Loss: 2.7380 | Train C-index: 0.6788 | Val Loss: 4.0403 | Val C-index: 0.7264
Epoch 19/30 | Train Loss: 2.6658 | Train C-index: 0.6598 | Val Loss: 4.0507 | Val C-index: 0.7247
Epoch 20/30 | Train Loss: 2.7027 | Train C-index: 0.6257 | Val Loss: 3.9591 | Val C-index: 0.7606
Epoch 21/30 | Train Loss: 2.6549 | Train C-index: 0.6503 | Val Loss: 4.0205 | Val C-index: 0.7794
Epoch 22/30 | Train Loss: 2.7785 | Train C-index: 0.5361 | Val Loss: 3.9359 | Val C-index: 0.7656
Epoch 23/30 | Train Loss: 2.6611 | Train C-index: 0.6903 | Val Loss: 4.0146 | Val C-index: 0.7537
Epoch 24/30 | Train Loss: 2.6693 | Train C-index: 0.6620 | Val Loss: 3.9531 | Val C-index: 0.7692
Epoch 25/30 | Train Loss: 2.6069 | Train C-index: 0.7000 | Val Loss: 3.9477 | Val C-index: 0.7590
Epoch 26/30 | Train Loss: 2.6597 | Train C-index: 0.6986 | Val Loss: 4.0265 | Val C-index: 0.7484
Epoch 27/30 | Train Loss: 2.6633 | Train C-index: 0.6800 | Val Loss: 3.9495 | Val C-index: 0.7606
Epoch 28/30 | Train Loss: 2.6732 | Train C-index: 0.6931 | Val Loss: 3.8912 | Val C-index: 0.7794
Epoch 29/30 | Train Loss: 2.6805 | Train C-index: 0.6761 | Val Loss: 4.0058 | Val C-index: 0.7425
Epoch 30/30 | Train Loss: 2.6582 | Train C-index: 0.7008 | Val Loss: 3.9196 | Val C-index: 0.7642
Fold 1 best C-index: 0.7794

Extra survival metrics:
cutoff_from_train_median: 0.829168
n_test: 113
n_high_risk: 53
n_low_risk: 60
n_event_test: 39
logrank_stat: 21.347972
logrank_p: 0.000004
auc_36m: 0.823122
auc_60m: 0.811810
HR_high_vs_low: 4.912982
HR_95CI_lower: 2.327524
HR_95CI_upper: 10.370414
cox_p: 0.000030

==================================================
Fold 3/5
==================================================
[ResNetCox] Loaded pretrained from /home/gly001/cqj/pa_ct_surv/model/ct_pretrain/resnet_18_23dataset.pth
  Missing keys (ok): ['fc.weight', 'fc.bias']
Epoch 1/30 | Train Loss: 2.8265 | Train C-index: 0.5432 | Val Loss: 4.1420 | Val C-index: 0.6746
Epoch 2/30 | Train Loss: 2.8847 | Train C-index: 0.5592 | Val Loss: 4.2109 | Val C-index: 0.6525
Epoch 3/30 | Train Loss: 2.8436 | Train C-index: 0.5139 | Val Loss: 4.1709 | Val C-index: 0.6824
Epoch 4/30 | Train Loss: 2.8352 | Train C-index: 0.6014 | Val Loss: 4.0561 | Val C-index: 0.6983
Epoch 5/30 | Train Loss: 2.8339 | Train C-index: 0.5323 | Val Loss: 4.2249 | Val C-index: 0.5634
Epoch 6/30 | Train Loss: 2.8530 | Train C-index: 0.5413 | Val Loss: 4.1720 | Val C-index: 0.6800
Epoch 7/30 | Train Loss: 2.8114 | Train C-index: 0.5912 | Val Loss: 4.1112 | Val C-index: 0.6929
Epoch 8/30 | Train Loss: 2.8114 | Train C-index: 0.5885 | Val Loss: 4.0932 | Val C-index: 0.6800
Epoch 9/30 | Train Loss: 2.8223 | Train C-index: 0.5702 | Val Loss: 4.1068 | Val C-index: 0.6915
Epoch 10/30 | Train Loss: 2.7385 | Train C-index: 0.5966 | Val Loss: 4.1239 | Val C-index: 0.6973
Epoch 11/30 | Train Loss: 2.7583 | Train C-index: 0.6409 | Val Loss: 4.1584 | Val C-index: 0.6095
Epoch 12/30 | Train Loss: 2.7539 | Train C-index: 0.4995 | Val Loss: 4.1003 | Val C-index: 0.6878
Epoch 13/30 | Train Loss: 2.8248 | Train C-index: 0.5247 | Val Loss: 4.1344 | Val C-index: 0.6424
Epoch 14/30 | Train Loss: 2.7300 | Train C-index: 0.6579 | Val Loss: 4.1856 | Val C-index: 0.5949
Early stopping at epoch 14
Fold 2 best C-index: 0.6983

Extra survival metrics:
cutoff_from_train_median: -1.044523
n_test: 112
n_high_risk: 58
n_low_risk: 54
n_event_test: 38
logrank_stat: 17.116007
logrank_p: 0.000035
auc_36m: 0.737489
auc_60m: 0.697038
HR_high_vs_low: 4.303744
HR_95CI_lower: 2.028821
HR_95CI_upper: 9.129547
cox_p: 0.000143

==================================================
Fold 4/5
==================================================
[ResNetCox] Loaded pretrained from /home/gly001/cqj/pa_ct_surv/model/ct_pretrain/resnet_18_23dataset.pth
  Missing keys (ok): ['fc.weight', 'fc.bias']
Epoch 1/30 | Train Loss: 2.8771 | Train C-index: 0.4839 | Val Loss: 4.2313 | Val C-index: 0.6763
Epoch 2/30 | Train Loss: 2.8733 | Train C-index: 0.5287 | Val Loss: 4.2138 | Val C-index: 0.6607
Epoch 3/30 | Train Loss: 2.8815 | Train C-index: 0.5399 | Val Loss: 4.1562 | Val C-index: 0.6667
Epoch 4/30 | Train Loss: 2.8067 | Train C-index: 0.5858 | Val Loss: 4.1561 | Val C-index: 0.6743
Epoch 5/30 | Train Loss: 2.8219 | Train C-index: 0.5659 | Val Loss: 4.2029 | Val C-index: 0.6713
Epoch 6/30 | Train Loss: 2.8363 | Train C-index: 0.5178 | Val Loss: 4.1665 | Val C-index: 0.6696
Epoch 7/30 | Train Loss: 2.8596 | Train C-index: 0.5529 | Val Loss: 4.2040 | Val C-index: 0.6680
Epoch 8/30 | Train Loss: 2.7549 | Train C-index: 0.6097 | Val Loss: 4.1489 | Val C-index: 0.6803
Epoch 9/30 | Train Loss: 2.7514 | Train C-index: 0.6301 | Val Loss: 4.1299 | Val C-index: 0.6885
Epoch 10/30 | Train Loss: 2.7366 | Train C-index: 0.6380 | Val Loss: 4.1422 | Val C-index: 0.6852
Epoch 11/30 | Train Loss: 2.7421 | Train C-index: 0.6441 | Val Loss: 4.1092 | Val C-index: 0.6832
Epoch 12/30 | Train Loss: 2.7012 | Train C-index: 0.6664 | Val Loss: 4.1298 | Val C-index: 0.6875
Epoch 13/30 | Train Loss: 2.7209 | Train C-index: 0.6283 | Val Loss: 4.1217 | Val C-index: 0.6895
Epoch 14/30 | Train Loss: 2.6518 | Train C-index: 0.6521 | Val Loss: 4.1828 | Val C-index: 0.6955
Epoch 15/30 | Train Loss: 2.7815 | Train C-index: 0.6950 | Val Loss: 4.1261 | Val C-index: 0.6889
Epoch 16/30 | Train Loss: 2.7180 | Train C-index: 0.6749 | Val Loss: 4.1508 | Val C-index: 0.6952
Epoch 17/30 | Train Loss: 2.6839 | Train C-index: 0.6365 | Val Loss: 4.0947 | Val C-index: 0.6998
Epoch 18/30 | Train Loss: 2.6452 | Train C-index: 0.6667 | Val Loss: 4.1750 | Val C-index: 0.6935
Epoch 19/30 | Train Loss: 2.7562 | Train C-index: 0.6238 | Val Loss: 4.0983 | Val C-index: 0.7074
Epoch 20/30 | Train Loss: 2.7023 | Train C-index: 0.6857 | Val Loss: 4.0748 | Val C-index: 0.7114
Epoch 21/30 | Train Loss: 2.6477 | Train C-index: 0.6750 | Val Loss: 4.0834 | Val C-index: 0.6750
Epoch 22/30 | Train Loss: 2.6457 | Train C-index: 0.7037 | Val Loss: 4.1926 | Val C-index: 0.7101
Epoch 23/30 | Train Loss: 2.7348 | Train C-index: 0.6835 | Val Loss: 4.0997 | Val C-index: 0.6991
Epoch 24/30 | Train Loss: 2.6132 | Train C-index: 0.6987 | Val Loss: 4.1336 | Val C-index: 0.6624
Epoch 25/30 | Train Loss: 2.6930 | Train C-index: 0.6757 | Val Loss: 4.0838 | Val C-index: 0.7094
Epoch 26/30 | Train Loss: 2.6251 | Train C-index: 0.6763 | Val Loss: 4.1128 | Val C-index: 0.7071
Epoch 27/30 | Train Loss: 2.6477 | Train C-index: 0.6893 | Val Loss: 4.0707 | Val C-index: 0.7061
Epoch 28/30 | Train Loss: 2.6187 | Train C-index: 0.6887 | Val Loss: 4.0761 | Val C-index: 0.7041
Epoch 29/30 | Train Loss: 2.6501 | Train C-index: 0.6769 | Val Loss: 4.1016 | Val C-index: 0.7025
Epoch 30/30 | Train Loss: 2.6541 | Train C-index: 0.6879 | Val Loss: 4.0985 | Val C-index: 0.6799
Early stopping at epoch 30
Fold 3 best C-index: 0.7114

Extra survival metrics:
cutoff_from_train_median: -0.076498
n_test: 112
n_high_risk: 57
n_low_risk: 55
n_event_test: 38
logrank_stat: 8.121317
logrank_p: 0.004375
auc_36m: 0.711489
auc_60m: 0.696826
HR_high_vs_low: 2.675767
HR_95CI_lower: 1.323618
HR_95CI_upper: 5.409210
cox_p: 0.006131

==================================================
Fold 5/5
==================================================
[ResNetCox] Loaded pretrained from /home/gly001/cqj/pa_ct_surv/model/ct_pretrain/resnet_18_23dataset.pth
  Missing keys (ok): ['fc.weight', 'fc.bias']
Epoch 1/30 | Train Loss: 2.9264 | Train C-index: 0.4688 | Val Loss: 4.2512 | Val C-index: 0.5445
Epoch 2/30 | Train Loss: 2.8098 | Train C-index: 0.5808 | Val Loss: 4.2270 | Val C-index: 0.5832
Epoch 3/30 | Train Loss: 2.7612 | Train C-index: 0.6285 | Val Loss: 4.2124 | Val C-index: 0.5916
Epoch 4/30 | Train Loss: 2.7694 | Train C-index: 0.5870 | Val Loss: 4.2689 | Val C-index: 0.5768
Epoch 5/30 | Train Loss: 2.8932 | Train C-index: 0.6015 | Val Loss: 4.2201 | Val C-index: 0.5926
Epoch 6/30 | Train Loss: 2.7972 | Train C-index: 0.6400 | Val Loss: 4.2015 | Val C-index: 0.6077
Epoch 7/30 | Train Loss: 2.7386 | Train C-index: 0.6000 | Val Loss: 4.1999 | Val C-index: 0.6417
Epoch 8/30 | Train Loss: 2.7430 | Train C-index: 0.6275 | Val Loss: 4.1809 | Val C-index: 0.6484
Epoch 9/30 | Train Loss: 2.7636 | Train C-index: 0.6470 | Val Loss: 4.2128 | Val C-index: 0.6461
Epoch 10/30 | Train Loss: 2.7521 | Train C-index: 0.6232 | Val Loss: 4.2077 | Val C-index: 0.6477
Epoch 11/30 | Train Loss: 2.6917 | Train C-index: 0.6742 | Val Loss: 4.2281 | Val C-index: 0.6259
Epoch 12/30 | Train Loss: 2.6690 | Train C-index: 0.6845 | Val Loss: 4.2012 | Val C-index: 0.6615
Epoch 13/30 | Train Loss: 2.6316 | Train C-index: 0.7208 | Val Loss: 4.1899 | Val C-index: 0.6750
Epoch 14/30 | Train Loss: 2.6553 | Train C-index: 0.6998 | Val Loss: 4.1762 | Val C-index: 0.6588
Epoch 15/30 | Train Loss: 2.6509 | Train C-index: 0.6978 | Val Loss: 4.1671 | Val C-index: 0.6635
Epoch 16/30 | Train Loss: 2.6993 | Train C-index: 0.6690 | Val Loss: 4.2707 | Val C-index: 0.6346
Epoch 17/30 | Train Loss: 2.7145 | Train C-index: 0.6682 | Val Loss: 4.1878 | Val C-index: 0.6289
Epoch 18/30 | Train Loss: 2.6437 | Train C-index: 0.6988 | Val Loss: 4.1798 | Val C-index: 0.6592
Epoch 19/30 | Train Loss: 2.7557 | Train C-index: 0.6511 | Val Loss: 4.2024 | Val C-index: 0.6743
Epoch 20/30 | Train Loss: 2.6243 | Train C-index: 0.7312 | Val Loss: 4.3000 | Val C-index: 0.6477
Epoch 21/30 | Train Loss: 2.6174 | Train C-index: 0.6805 | Val Loss: 4.1717 | Val C-index: 0.6699
Epoch 22/30 | Train Loss: 2.6911 | Train C-index: 0.7103 | Val Loss: 4.2454 | Val C-index: 0.6538
Epoch 23/30 | Train Loss: 2.7026 | Train C-index: 0.6987 | Val Loss: 4.1815 | Val C-index: 0.6592
Early stopping at epoch 23
Fold 4 best C-index: 0.6750

Extra survival metrics:
cutoff_from_train_median: -0.517608
n_test: 112
n_high_risk: 76
n_low_risk: 36
n_event_test: 38
logrank_stat: 9.079227
logrank_p: 0.002585
auc_36m: 0.712991
auc_60m: 0.623596
HR_high_vs_low: 3.837043
HR_95CI_lower: 1.496336
HR_95CI_upper: 9.839305
cox_p: 0.005130

==================================================
5-Fold CV Summary
==================================================
  C-index mean: 0.7133
