nohup: ignoring input
Using Device: cuda
PA model: abmil | k: None | Cox PH loss
Checkpoints: /home/gly001/cqj/pa_ct_surv/checkpoints/pact_v3/pathology/roi128_abmil_all/seed42
Results: /home/gly001/cqj/pa_ct_surv/results/pact_v3/pathology/roi128_abmil_all/seed42
Loaded 797 samples
Locked split: train=637, test=160
Test set is not accessed during CV

==================================================
Fold 1/5
==================================================
Epoch 1/30 | Train Loss: 3.5944 | Train C-index: 0.6906 | Val Loss: 4.1222 | Val C-index: 0.7250
Epoch 2/30 | Train Loss: 3.4648 | Train C-index: 0.7306 | Val Loss: 4.0457 | Val C-index: 0.7276
Epoch 3/30 | Train Loss: 3.3853 | Train C-index: 0.7395 | Val Loss: 4.0156 | Val C-index: 0.7322
Epoch 4/30 | Train Loss: 3.3516 | Train C-index: 0.7496 | Val Loss: 4.0121 | Val C-index: 0.7306
Epoch 5/30 | Train Loss: 3.3200 | Train C-index: 0.7575 | Val Loss: 3.9946 | Val C-index: 0.7359
Epoch 6/30 | Train Loss: 3.2715 | Train C-index: 0.7686 | Val Loss: 3.9837 | Val C-index: 0.7421
Epoch 7/30 | Train Loss: 3.2428 | Train C-index: 0.7779 | Val Loss: 3.9723 | Val C-index: 0.7481
Epoch 8/30 | Train Loss: 3.2016 | Train C-index: 0.7882 | Val Loss: 3.9547 | Val C-index: 0.7581
Epoch 9/30 | Train Loss: 3.1605 | Train C-index: 0.7962 | Val Loss: 3.9424 | Val C-index: 0.7609
Epoch 10/30 | Train Loss: 3.1109 | Train C-index: 0.8041 | Val Loss: 3.9395 | Val C-index: 0.7643
Epoch 11/30 | Train Loss: 3.0556 | Train C-index: 0.8118 | Val Loss: 3.9222 | Val C-index: 0.7727
Epoch 12/30 | Train Loss: 3.0340 | Train C-index: 0.8179 | Val Loss: 3.9267 | Val C-index: 0.7752
Epoch 13/30 | Train Loss: 2.9810 | Train C-index: 0.8268 | Val Loss: 3.9380 | Val C-index: 0.7713
Epoch 14/30 | Train Loss: 2.9179 | Train C-index: 0.8388 | Val Loss: 3.9571 | Val C-index: 0.7678
Epoch 15/30 | Train Loss: 2.8692 | Train C-index: 0.8468 | Val Loss: 3.9812 | Val C-index: 0.7664
Epoch 16/30 | Train Loss: 2.8146 | Train C-index: 0.8544 | Val Loss: 3.9978 | Val C-index: 0.7667
Epoch 17/30 | Train Loss: 2.7845 | Train C-index: 0.8651 | Val Loss: 4.0636 | Val C-index: 0.7579
Epoch 18/30 | Train Loss: 2.7336 | Train C-index: 0.8729 | Val Loss: 4.1312 | Val C-index: 0.7653
Epoch 19/30 | Train Loss: 2.6865 | Train C-index: 0.8765 | Val Loss: 4.1564 | Val C-index: 0.7569
Epoch 20/30 | Train Loss: 2.5953 | Train C-index: 0.8834 | Val Loss: 4.2436 | Val C-index: 0.7535
Epoch 21/30 | Train Loss: 2.5376 | Train C-index: 0.8882 | Val Loss: 4.3170 | Val C-index: 0.7519
Epoch 22/30 | Train Loss: 2.5271 | Train C-index: 0.9011 | Val Loss: 4.4116 | Val C-index: 0.7465
Early stopping at epoch 22
Fold 0 final C-index: 0.7752

Extra survival metrics:
cutoff_from_train_median: -0.729524
n_test: 128
n_high_risk: 60
n_low_risk: 68
n_event_test: 49
logrank_stat: 29.581954
logrank_p: 0.000000
auc_36m: 0.787487
auc_60m: 0.813057
HR_high_vs_low: 5.621099
HR_95CI_lower: 2.794486
HR_95CI_upper: 11.306820
cox_p: 0.000001

==================================================
Fold 2/5
==================================================
Epoch 1/30 | Train Loss: 3.5850 | Train C-index: 0.6689 | Val Loss: 4.2050 | Val C-index: 0.6981
Epoch 2/30 | Train Loss: 3.4324 | Train C-index: 0.7256 | Val Loss: 4.1451 | Val C-index: 0.7204
Epoch 3/30 | Train Loss: 3.3767 | Train C-index: 0.7354 | Val Loss: 4.1249 | Val C-index: 0.7266
Epoch 4/30 | Train Loss: 3.3442 | Train C-index: 0.7479 | Val Loss: 4.1035 | Val C-index: 0.7291
Epoch 5/30 | Train Loss: 3.2981 | Train C-index: 0.7595 | Val Loss: 4.0891 | Val C-index: 0.7282
Epoch 6/30 | Train Loss: 3.2744 | Train C-index: 0.7727 | Val Loss: 4.0732 | Val C-index: 0.7346
Epoch 7/30 | Train Loss: 3.1980 | Train C-index: 0.7825 | Val Loss: 4.0504 | Val C-index: 0.7431
Epoch 8/30 | Train Loss: 3.1607 | Train C-index: 0.7912 | Val Loss: 4.0392 | Val C-index: 0.7462
Epoch 9/30 | Train Loss: 3.1455 | Train C-index: 0.7992 | Val Loss: 4.0359 | Val C-index: 0.7502
Epoch 10/30 | Train Loss: 3.0869 | Train C-index: 0.8085 | Val Loss: 4.0250 | Val C-index: 0.7507
Epoch 11/30 | Train Loss: 3.0328 | Train C-index: 0.8172 | Val Loss: 4.0176 | Val C-index: 0.7536
Epoch 12/30 | Train Loss: 3.0046 | Train C-index: 0.8246 | Val Loss: 4.0244 | Val C-index: 0.7533
Epoch 13/30 | Train Loss: 2.9554 | Train C-index: 0.8323 | Val Loss: 4.0240 | Val C-index: 0.7582
Epoch 14/30 | Train Loss: 2.8860 | Train C-index: 0.8391 | Val Loss: 4.0289 | Val C-index: 0.7594
Epoch 15/30 | Train Loss: 2.8646 | Train C-index: 0.8488 | Val Loss: 4.0221 | Val C-index: 0.7631
Epoch 16/30 | Train Loss: 2.8145 | Train C-index: 0.8530 | Val Loss: 4.0216 | Val C-index: 0.7647
Epoch 17/30 | Train Loss: 2.7773 | Train C-index: 0.8605 | Val Loss: 4.0833 | Val C-index: 0.7652
Epoch 18/30 | Train Loss: 2.7390 | Train C-index: 0.8664 | Val Loss: 4.1106 | Val C-index: 0.7649
Epoch 19/30 | Train Loss: 2.6611 | Train C-index: 0.8761 | Val Loss: 4.1363 | Val C-index: 0.7560
Epoch 20/30 | Train Loss: 2.6192 | Train C-index: 0.8808 | Val Loss: 4.3316 | Val C-index: 0.7618
Epoch 21/30 | Train Loss: 2.5694 | Train C-index: 0.8855 | Val Loss: 4.2795 | Val C-index: 0.7464
Epoch 22/30 | Train Loss: 2.5006 | Train C-index: 0.8966 | Val Loss: 4.3408 | Val C-index: 0.7516
Epoch 23/30 | Train Loss: 2.4189 | Train C-index: 0.9028 | Val Loss: 4.4509 | Val C-index: 0.7469
Epoch 24/30 | Train Loss: 2.3314 | Train C-index: 0.9116 | Val Loss: 4.5338 | Val C-index: 0.7391
Epoch 25/30 | Train Loss: 2.3319 | Train C-index: 0.9179 | Val Loss: 4.6136 | Val C-index: 0.7273
Epoch 26/30 | Train Loss: 2.1981 | Train C-index: 0.9284 | Val Loss: 4.8079 | Val C-index: 0.7377
Epoch 27/30 | Train Loss: 2.1599 | Train C-index: 0.9333 | Val Loss: 4.8544 | Val C-index: 0.7219
Early stopping at epoch 27
Fold 1 final C-index: 0.7652

Extra survival metrics:
cutoff_from_train_median: -0.650815
n_test: 128
n_high_risk: 65
n_low_risk: 63
n_event_test: 49
logrank_stat: 35.133521
logrank_p: 0.000000
auc_36m: 0.801706
auc_60m: 0.805877
HR_high_vs_low: 7.252808
HR_95CI_lower: 3.381953
HR_95CI_upper: 15.554099
cox_p: 0.000000

==================================================
Fold 3/5
==================================================
Epoch 1/30 | Train Loss: 3.5821 | Train C-index: 0.6618 | Val Loss: 4.2890 | Val C-index: 0.6729
Epoch 2/30 | Train Loss: 3.4159 | Train C-index: 0.7375 | Val Loss: 4.2928 | Val C-index: 0.6743
Epoch 3/30 | Train Loss: 3.3591 | Train C-index: 0.7465 | Val Loss: 4.3166 | Val C-index: 0.6763
Epoch 4/30 | Train Loss: 3.3006 | Train C-index: 0.7589 | Val Loss: 4.3004 | Val C-index: 0.6828
Epoch 5/30 | Train Loss: 3.2456 | Train C-index: 0.7730 | Val Loss: 4.2829 | Val C-index: 0.6816
Epoch 6/30 | Train Loss: 3.1629 | Train C-index: 0.7844 | Val Loss: 4.2958 | Val C-index: 0.6833
Epoch 7/30 | Train Loss: 3.1633 | Train C-index: 0.7947 | Val Loss: 4.3035 | Val C-index: 0.6856
Epoch 8/30 | Train Loss: 3.1166 | Train C-index: 0.8025 | Val Loss: 4.3166 | Val C-index: 0.6761
Epoch 9/30 | Train Loss: 3.0466 | Train C-index: 0.8128 | Val Loss: 4.3218 | Val C-index: 0.6862
Epoch 10/30 | Train Loss: 3.0146 | Train C-index: 0.8220 | Val Loss: 4.3403 | Val C-index: 0.6869
Epoch 11/30 | Train Loss: 2.9934 | Train C-index: 0.8294 | Val Loss: 4.3295 | Val C-index: 0.6867
Epoch 12/30 | Train Loss: 2.9313 | Train C-index: 0.8378 | Val Loss: 4.3403 | Val C-index: 0.6915
Epoch 13/30 | Train Loss: 2.8655 | Train C-index: 0.8444 | Val Loss: 4.3700 | Val C-index: 0.6888
Epoch 14/30 | Train Loss: 2.8175 | Train C-index: 0.8528 | Val Loss: 4.4212 | Val C-index: 0.6816
Epoch 15/30 | Train Loss: 2.7565 | Train C-index: 0.8581 | Val Loss: 4.4900 | Val C-index: 0.6835
Epoch 16/30 | Train Loss: 2.7221 | Train C-index: 0.8640 | Val Loss: 4.5276 | Val C-index: 0.6809
Epoch 17/30 | Train Loss: 2.6942 | Train C-index: 0.8696 | Val Loss: 4.5664 | Val C-index: 0.6823
Epoch 18/30 | Train Loss: 2.6200 | Train C-index: 0.8774 | Val Loss: 4.6371 | Val C-index: 0.6752
Epoch 19/30 | Train Loss: 2.5654 | Train C-index: 0.8862 | Val Loss: 4.6964 | Val C-index: 0.6747
Epoch 20/30 | Train Loss: 2.5083 | Train C-index: 0.8905 | Val Loss: 4.8268 | Val C-index: 0.6655
Epoch 21/30 | Train Loss: 2.4440 | Train C-index: 0.8946 | Val Loss: 4.9308 | Val C-index: 0.6676
Epoch 22/30 | Train Loss: 2.4200 | Train C-index: 0.9015 | Val Loss: 5.0397 | Val C-index: 0.6577
Early stopping at epoch 22
Fold 2 final C-index: 0.6915

Extra survival metrics:
cutoff_from_train_median: -1.060489
n_test: 127
n_high_risk: 74
n_low_risk: 53
n_event_test: 48
logrank_stat: 15.546388
logrank_p: 0.000081
auc_36m: 0.725037
auc_60m: 0.707191
HR_high_vs_low: 3.897231
HR_95CI_lower: 1.882456
HR_95CI_upper: 8.068398
cox_p: 0.000249

==================================================
Fold 4/5
==================================================
Epoch 1/30 | Train Loss: 3.5973 | Train C-index: 0.6396 | Val Loss: 4.2268 | Val C-index: 0.7106
Epoch 2/30 | Train Loss: 3.4309 | Train C-index: 0.7285 | Val Loss: 4.1773 | Val C-index: 0.7170
Epoch 3/30 | Train Loss: 3.3865 | Train C-index: 0.7352 | Val Loss: 4.1736 | Val C-index: 0.7238
Epoch 4/30 | Train Loss: 3.3165 | Train C-index: 0.7466 | Val Loss: 4.1824 | Val C-index: 0.7289
Epoch 5/30 | Train Loss: 3.2655 | Train C-index: 0.7601 | Val Loss: 4.1869 | Val C-index: 0.7298
Epoch 6/30 | Train Loss: 3.2320 | Train C-index: 0.7713 | Val Loss: 4.1975 | Val C-index: 0.7305
Epoch 7/30 | Train Loss: 3.1803 | Train C-index: 0.7820 | Val Loss: 4.2022 | Val C-index: 0.7346
Epoch 8/30 | Train Loss: 3.1419 | Train C-index: 0.7881 | Val Loss: 4.2205 | Val C-index: 0.7355
Epoch 9/30 | Train Loss: 3.1105 | Train C-index: 0.7993 | Val Loss: 4.2222 | Val C-index: 0.7318
Epoch 10/30 | Train Loss: 3.0583 | Train C-index: 0.8076 | Val Loss: 4.2336 | Val C-index: 0.7215
Epoch 11/30 | Train Loss: 3.0135 | Train C-index: 0.8204 | Val Loss: 4.2461 | Val C-index: 0.7215
Epoch 12/30 | Train Loss: 2.9623 | Train C-index: 0.8300 | Val Loss: 4.2514 | Val C-index: 0.7211
Epoch 13/30 | Train Loss: 2.9218 | Train C-index: 0.8387 | Val Loss: 4.2734 | Val C-index: 0.7147
Epoch 14/30 | Train Loss: 2.8591 | Train C-index: 0.8490 | Val Loss: 4.3175 | Val C-index: 0.7126
Epoch 15/30 | Train Loss: 2.7978 | Train C-index: 0.8552 | Val Loss: 4.3529 | Val C-index: 0.7133
Epoch 16/30 | Train Loss: 2.7629 | Train C-index: 0.8618 | Val Loss: 4.3867 | Val C-index: 0.7181
Epoch 17/30 | Train Loss: 2.7099 | Train C-index: 0.8681 | Val Loss: 4.4328 | Val C-index: 0.7110
Epoch 18/30 | Train Loss: 2.6577 | Train C-index: 0.8754 | Val Loss: 4.4677 | Val C-index: 0.7117
Early stopping at epoch 18
Fold 3 final C-index: 0.7355

Extra survival metrics:
cutoff_from_train_median: -1.126266
n_test: 127
n_high_risk: 68
n_low_risk: 59
n_event_test: 48
logrank_stat: 8.972556
logrank_p: 0.002741
auc_36m: 0.841423
auc_60m: 0.730430
HR_high_vs_low: 2.473920
HR_95CI_lower: 1.339640
HR_95CI_upper: 4.568600
cox_p: 0.003801

==================================================
Fold 5/5
==================================================
Epoch 1/30 | Train Loss: 3.6299 | Train C-index: 0.6711 | Val Loss: 4.0787 | Val C-index: 0.7468
Epoch 2/30 | Train Loss: 3.4631 | Train C-index: 0.7214 | Val Loss: 4.0361 | Val C-index: 0.7483
Epoch 3/30 | Train Loss: 3.4030 | Train C-index: 0.7341 | Val Loss: 4.0392 | Val C-index: 0.7515
Epoch 4/30 | Train Loss: 3.3538 | Train C-index: 0.7475 | Val Loss: 4.0270 | Val C-index: 0.7488
Epoch 5/30 | Train Loss: 3.3132 | Train C-index: 0.7631 | Val Loss: 4.0083 | Val C-index: 0.7493
Epoch 6/30 | Train Loss: 3.2511 | Train C-index: 0.7764 | Val Loss: 4.0035 | Val C-index: 0.7510
Epoch 7/30 | Train Loss: 3.1949 | Train C-index: 0.7861 | Val Loss: 4.0102 | Val C-index: 0.7522
Epoch 8/30 | Train Loss: 3.1653 | Train C-index: 0.7952 | Val Loss: 4.0075 | Val C-index: 0.7524
Epoch 9/30 | Train Loss: 3.1514 | Train C-index: 0.8014 | Val Loss: 4.0176 | Val C-index: 0.7551
Epoch 10/30 | Train Loss: 3.1177 | Train C-index: 0.8099 | Val Loss: 4.0271 | Val C-index: 0.7541
Epoch 11/30 | Train Loss: 3.0534 | Train C-index: 0.8197 | Val Loss: 4.0188 | Val C-index: 0.7570
Epoch 12/30 | Train Loss: 2.9859 | Train C-index: 0.8279 | Val Loss: 4.0466 | Val C-index: 0.7544
Epoch 13/30 | Train Loss: 2.9431 | Train C-index: 0.8353 | Val Loss: 4.0444 | Val C-index: 0.7578
Epoch 14/30 | Train Loss: 2.8661 | Train C-index: 0.8425 | Val Loss: 4.1023 | Val C-index: 0.7512
Epoch 15/30 | Train Loss: 2.8300 | Train C-index: 0.8499 | Val Loss: 4.1791 | Val C-index: 0.7534
Epoch 16/30 | Train Loss: 2.8204 | Train C-index: 0.8562 | Val Loss: 4.1824 | Val C-index: 0.7515
Epoch 17/30 | Train Loss: 2.7565 | Train C-index: 0.8641 | Val Loss: 4.1936 | Val C-index: 0.7464
Epoch 18/30 | Train Loss: 2.6944 | Train C-index: 0.8722 | Val Loss: 4.3333 | Val C-index: 0.7481
Epoch 19/30 | Train Loss: 2.6142 | Train C-index: 0.8799 | Val Loss: 4.3068 | Val C-index: 0.7495
Epoch 20/30 | Train Loss: 2.5599 | Train C-index: 0.8878 | Val Loss: 4.3979 | Val C-index: 0.7464
Epoch 21/30 | Train Loss: 2.5214 | Train C-index: 0.8972 | Val Loss: 4.5538 | Val C-index: 0.7374
Epoch 22/30 | Train Loss: 2.4612 | Train C-index: 0.9028 | Val Loss: 4.6861 | Val C-index: 0.7345
Epoch 23/30 | Train Loss: 2.3436 | Train C-index: 0.9096 | Val Loss: 4.7179 | Val C-index: 0.7340
Early stopping at epoch 23
Fold 4 final C-index: 0.7578

Extra survival metrics:
cutoff_from_train_median: -1.635002
n_test: 127
n_high_risk: 58
n_low_risk: 69
n_event_test: 49
logrank_stat: 19.884300
logrank_p: 0.000008
auc_36m: 0.804803
auc_60m: 0.784365
HR_high_vs_low: 3.681647
HR_95CI_lower: 1.996097
HR_95CI_upper: 6.790513
cox_p: 0.000030

==================================================
5-Fold CV Summary
==================================================
  C-index mean: 0.7450
