nohup: ignoring input
Using Device: cuda
PA model: abmil | k: None | Cox PH loss
Checkpoints: /home/gly001/cqj/pa_ct_surv/checkpoints/pact_v3/pathology/roi128_abmil_all/seed42
Results: /home/gly001/cqj/pa_ct_surv/results/pact_v3/pathology/roi128_abmil_all/seed42
Loaded 797 samples
Locked split: train=637, test=160
Test set is not accessed during CV

==================================================
Fold 1/5
==================================================
Epoch 1/30 | Train Loss: 2.1504 | Train C-index: 0.6881 | Val Loss: 4.0219 | Val C-index: 0.7273
Epoch 2/30 | Train Loss: 2.1267 | Train C-index: 0.7380 | Val Loss: 4.0301 | Val C-index: 0.7347
Epoch 3/30 | Train Loss: 1.9504 | Train C-index: 0.7547 | Val Loss: 3.9796 | Val C-index: 0.7405
Epoch 4/30 | Train Loss: 1.9340 | Train C-index: 0.7702 | Val Loss: 3.9657 | Val C-index: 0.7493
Epoch 5/30 | Train Loss: 1.8878 | Train C-index: 0.7792 | Val Loss: 3.9241 | Val C-index: 0.7692
Epoch 6/30 | Train Loss: 1.7689 | Train C-index: 0.7995 | Val Loss: 3.9197 | Val C-index: 0.7734
Epoch 7/30 | Train Loss: 1.7687 | Train C-index: 0.8079 | Val Loss: 3.9558 | Val C-index: 0.7611
Epoch 8/30 | Train Loss: 1.6690 | Train C-index: 0.8347 | Val Loss: 3.9693 | Val C-index: 0.7687
Epoch 9/30 | Train Loss: 1.6774 | Train C-index: 0.8417 | Val Loss: 4.0749 | Val C-index: 0.7519
Epoch 10/30 | Train Loss: 1.5323 | Train C-index: 0.8591 | Val Loss: 4.2607 | Val C-index: 0.7634
Epoch 11/30 | Train Loss: 1.4760 | Train C-index: 0.8713 | Val Loss: 4.2912 | Val C-index: 0.7530
Epoch 12/30 | Train Loss: 1.4025 | Train C-index: 0.8783 | Val Loss: 4.3546 | Val C-index: 0.7447
Epoch 13/30 | Train Loss: 1.3610 | Train C-index: 0.8893 | Val Loss: 4.4005 | Val C-index: 0.7414
Epoch 14/30 | Train Loss: 1.2418 | Train C-index: 0.8970 | Val Loss: 4.5133 | Val C-index: 0.7377
Epoch 15/30 | Train Loss: 1.1899 | Train C-index: 0.9102 | Val Loss: 4.5290 | Val C-index: 0.6989
Epoch 16/30 | Train Loss: 1.1136 | Train C-index: 0.9058 | Val Loss: 4.8315 | Val C-index: 0.7144
Early stopping at epoch 16
Fold 0 final C-index: 0.7734

Extra survival metrics:
cutoff_from_train_median: -0.771170
n_test: 128
n_high_risk: 61
n_low_risk: 67
n_event_test: 49
logrank_stat: 31.319238
logrank_p: 0.000000
auc_36m: 0.785987
auc_60m: 0.816364
HR_high_vs_low: 6.155063
HR_95CI_lower: 2.979683
HR_95CI_upper: 12.714374
cox_p: 0.000001

==================================================
Fold 2/5
==================================================
Epoch 1/30 | Train Loss: 2.2065 | Train C-index: 0.6578 | Val Loss: 4.1678 | Val C-index: 0.7184
Epoch 2/30 | Train Loss: 2.0623 | Train C-index: 0.7370 | Val Loss: 4.1116 | Val C-index: 0.7239
Epoch 3/30 | Train Loss: 1.9567 | Train C-index: 0.7571 | Val Loss: 4.0661 | Val C-index: 0.7400
Epoch 4/30 | Train Loss: 1.9083 | Train C-index: 0.7736 | Val Loss: 4.0479 | Val C-index: 0.7402
Epoch 5/30 | Train Loss: 1.8505 | Train C-index: 0.7927 | Val Loss: 4.0412 | Val C-index: 0.7487
Epoch 6/30 | Train Loss: 1.8227 | Train C-index: 0.8092 | Val Loss: 4.0207 | Val C-index: 0.7529
Epoch 7/30 | Train Loss: 1.7077 | Train C-index: 0.8158 | Val Loss: 4.0245 | Val C-index: 0.7683
Epoch 8/30 | Train Loss: 1.5920 | Train C-index: 0.8275 | Val Loss: 4.0405 | Val C-index: 0.7611
Epoch 9/30 | Train Loss: 1.6288 | Train C-index: 0.8403 | Val Loss: 4.0806 | Val C-index: 0.7273
Epoch 10/30 | Train Loss: 1.5517 | Train C-index: 0.8520 | Val Loss: 4.1019 | Val C-index: 0.7705
Epoch 11/30 | Train Loss: 1.4505 | Train C-index: 0.8678 | Val Loss: 4.2543 | Val C-index: 0.7623
Epoch 12/30 | Train Loss: 1.4337 | Train C-index: 0.8740 | Val Loss: 4.3111 | Val C-index: 0.7513
Epoch 13/30 | Train Loss: 1.2946 | Train C-index: 0.8926 | Val Loss: 4.3414 | Val C-index: 0.7422
Epoch 14/30 | Train Loss: 1.2315 | Train C-index: 0.9041 | Val Loss: 4.5317 | Val C-index: 0.7371
Epoch 15/30 | Train Loss: 1.2196 | Train C-index: 0.9061 | Val Loss: 4.7192 | Val C-index: 0.7246
Epoch 16/30 | Train Loss: 1.0955 | Train C-index: 0.9284 | Val Loss: 4.8938 | Val C-index: 0.7250
Epoch 17/30 | Train Loss: 1.0499 | Train C-index: 0.9251 | Val Loss: 4.9652 | Val C-index: 0.7188
Epoch 18/30 | Train Loss: 0.9187 | Train C-index: 0.9424 | Val Loss: 5.1076 | Val C-index: 0.6999
Epoch 19/30 | Train Loss: 0.8674 | Train C-index: 0.9458 | Val Loss: 5.6083 | Val C-index: 0.6936
Epoch 20/30 | Train Loss: 0.9232 | Train C-index: 0.9463 | Val Loss: 5.4519 | Val C-index: 0.7103
Early stopping at epoch 20
Fold 1 final C-index: 0.7705

Extra survival metrics:
cutoff_from_train_median: -0.336260
n_test: 128
n_high_risk: 66
n_low_risk: 62
n_event_test: 49
logrank_stat: 33.888223
logrank_p: 0.000000
auc_36m: 0.811676
auc_60m: 0.815141
HR_high_vs_low: 7.057213
HR_95CI_lower: 3.290562
HR_95CI_upper: 15.135486
cox_p: 0.000001

==================================================
Fold 3/5
==================================================
Epoch 1/30 | Train Loss: 2.1650 | Train C-index: 0.6869 | Val Loss: 4.2872 | Val C-index: 0.6805
Epoch 2/30 | Train Loss: 2.0141 | Train C-index: 0.7533 | Val Loss: 4.3073 | Val C-index: 0.6796
Epoch 3/30 | Train Loss: 1.9330 | Train C-index: 0.7749 | Val Loss: 4.3169 | Val C-index: 0.6780
Epoch 4/30 | Train Loss: 1.8506 | Train C-index: 0.7946 | Val Loss: 4.2972 | Val C-index: 0.6803
Epoch 5/30 | Train Loss: 1.7554 | Train C-index: 0.8096 | Val Loss: 4.3506 | Val C-index: 0.6862
Epoch 6/30 | Train Loss: 1.6719 | Train C-index: 0.8156 | Val Loss: 4.3542 | Val C-index: 0.6929
Epoch 7/30 | Train Loss: 1.6281 | Train C-index: 0.8370 | Val Loss: 4.4340 | Val C-index: 0.6906
Epoch 8/30 | Train Loss: 1.5740 | Train C-index: 0.8464 | Val Loss: 4.4742 | Val C-index: 0.6835
Epoch 9/30 | Train Loss: 1.4882 | Train C-index: 0.8591 | Val Loss: 4.5121 | Val C-index: 0.6722
Epoch 10/30 | Train Loss: 1.4471 | Train C-index: 0.8701 | Val Loss: 4.6066 | Val C-index: 0.6842
Epoch 11/30 | Train Loss: 1.3900 | Train C-index: 0.8780 | Val Loss: 4.8242 | Val C-index: 0.6641
Epoch 12/30 | Train Loss: 1.3197 | Train C-index: 0.8855 | Val Loss: 4.8546 | Val C-index: 0.6699
Epoch 13/30 | Train Loss: 1.2239 | Train C-index: 0.8984 | Val Loss: 5.1494 | Val C-index: 0.6427
Epoch 14/30 | Train Loss: 1.2786 | Train C-index: 0.8962 | Val Loss: 5.1562 | Val C-index: 0.6386
Epoch 15/30 | Train Loss: 1.2215 | Train C-index: 0.9064 | Val Loss: 5.1011 | Val C-index: 0.6482
Epoch 16/30 | Train Loss: 1.1298 | Train C-index: 0.9113 | Val Loss: 5.3211 | Val C-index: 0.6581
Early stopping at epoch 16
Fold 2 final C-index: 0.6929

Extra survival metrics:
cutoff_from_train_median: -1.247077
n_test: 127
n_high_risk: 73
n_low_risk: 54
n_event_test: 48
logrank_stat: 14.148757
logrank_p: 0.000169
auc_36m: 0.726741
auc_60m: 0.703867
HR_high_vs_low: 3.529373
HR_95CI_lower: 1.752996
HR_95CI_upper: 7.105819
cox_p: 0.000412

==================================================
Fold 4/5
==================================================
Epoch 1/30 | Train Loss: 2.1900 | Train C-index: 0.6596 | Val Loss: 4.1551 | Val C-index: 0.7259
Epoch 2/30 | Train Loss: 1.9424 | Train C-index: 0.7400 | Val Loss: 4.1602 | Val C-index: 0.7373
Epoch 3/30 | Train Loss: 1.9693 | Train C-index: 0.7621 | Val Loss: 4.1614 | Val C-index: 0.7389
Epoch 4/30 | Train Loss: 1.8963 | Train C-index: 0.7835 | Val Loss: 4.2042 | Val C-index: 0.7298
Epoch 5/30 | Train Loss: 1.7859 | Train C-index: 0.7998 | Val Loss: 4.2353 | Val C-index: 0.7311
Epoch 6/30 | Train Loss: 1.7407 | Train C-index: 0.8124 | Val Loss: 4.3341 | Val C-index: 0.7195
Epoch 7/30 | Train Loss: 1.6726 | Train C-index: 0.8349 | Val Loss: 4.3271 | Val C-index: 0.7176
Epoch 8/30 | Train Loss: 1.6267 | Train C-index: 0.8414 | Val Loss: 4.3230 | Val C-index: 0.7293
Epoch 9/30 | Train Loss: 1.5932 | Train C-index: 0.8582 | Val Loss: 4.4509 | Val C-index: 0.7115
Epoch 10/30 | Train Loss: 1.4629 | Train C-index: 0.8651 | Val Loss: 4.4687 | Val C-index: 0.7213
Epoch 11/30 | Train Loss: 1.4434 | Train C-index: 0.8723 | Val Loss: 4.7938 | Val C-index: 0.7078
Epoch 12/30 | Train Loss: 1.3794 | Train C-index: 0.8846 | Val Loss: 4.7863 | Val C-index: 0.7110
Epoch 13/30 | Train Loss: 1.2320 | Train C-index: 0.8977 | Val Loss: 5.0432 | Val C-index: 0.6909
Early stopping at epoch 13
Fold 3 final C-index: 0.7389

Extra survival metrics:
cutoff_from_train_median: -1.074203
n_test: 127
n_high_risk: 68
n_low_risk: 59
n_event_test: 48
logrank_stat: 13.241459
logrank_p: 0.000274
auc_36m: 0.840256
auc_60m: 0.737906
HR_high_vs_low: 3.091349
HR_95CI_lower: 1.629582
HR_95CI_upper: 5.864351
cox_p: 0.000551

==================================================
Fold 5/5
==================================================
Epoch 1/30 | Train Loss: 2.2236 | Train C-index: 0.6808 | Val Loss: 4.0376 | Val C-index: 0.7447
Epoch 2/30 | Train Loss: 2.0446 | Train C-index: 0.7395 | Val Loss: 4.0074 | Val C-index: 0.7488
Epoch 3/30 | Train Loss: 2.0145 | Train C-index: 0.7659 | Val Loss: 4.0010 | Val C-index: 0.7546
Epoch 4/30 | Train Loss: 1.9037 | Train C-index: 0.7794 | Val Loss: 4.0052 | Val C-index: 0.7510
Epoch 5/30 | Train Loss: 1.8680 | Train C-index: 0.8000 | Val Loss: 4.1149 | Val C-index: 0.7481
Epoch 6/30 | Train Loss: 1.7671 | Train C-index: 0.8109 | Val Loss: 4.0296 | Val C-index: 0.7510
Epoch 7/30 | Train Loss: 1.6808 | Train C-index: 0.8296 | Val Loss: 4.0247 | Val C-index: 0.7582
Epoch 8/30 | Train Loss: 1.6332 | Train C-index: 0.8386 | Val Loss: 4.0365 | Val C-index: 0.7684
Epoch 9/30 | Train Loss: 1.5438 | Train C-index: 0.8471 | Val Loss: 4.1796 | Val C-index: 0.7595
Epoch 10/30 | Train Loss: 1.4895 | Train C-index: 0.8655 | Val Loss: 4.2158 | Val C-index: 0.7444
Epoch 11/30 | Train Loss: 1.4012 | Train C-index: 0.8762 | Val Loss: 4.2793 | Val C-index: 0.7464
Epoch 12/30 | Train Loss: 1.3926 | Train C-index: 0.8815 | Val Loss: 4.3814 | Val C-index: 0.7432
Epoch 13/30 | Train Loss: 1.2210 | Train C-index: 0.8999 | Val Loss: 4.5834 | Val C-index: 0.7294
Epoch 14/30 | Train Loss: 1.1710 | Train C-index: 0.9060 | Val Loss: 4.7275 | Val C-index: 0.7236
Epoch 15/30 | Train Loss: 1.1538 | Train C-index: 0.9177 | Val Loss: 4.7917 | Val C-index: 0.7435
Epoch 16/30 | Train Loss: 1.1533 | Train C-index: 0.9173 | Val Loss: 4.4501 | Val C-index: 0.7245
Epoch 17/30 | Train Loss: 1.0841 | Train C-index: 0.9184 | Val Loss: 4.8440 | Val C-index: 0.7490
Epoch 18/30 | Train Loss: 1.0208 | Train C-index: 0.9287 | Val Loss: 4.7141 | Val C-index: 0.7536
Early stopping at epoch 18
Fold 4 final C-index: 0.7684

Extra survival metrics:
cutoff_from_train_median: -1.745104
n_test: 127
n_high_risk: 58
n_low_risk: 69
n_event_test: 49
logrank_stat: 16.823832
logrank_p: 0.000041
auc_36m: 0.817326
auc_60m: 0.807662
HR_high_vs_low: 3.287866
HR_95CI_lower: 1.802028
HR_95CI_upper: 5.998829
cox_p: 0.000105

==================================================
5-Fold CV Summary
==================================================
  C-index mean: 0.7488
