nohup: ignoring input
Using Device: cuda
PA model: abmil | k: None | Cox PH loss
Checkpoints: /home/gly001/cqj/pa_ct_surv/checkpoints/pact_v3/pathology/roi64_abmil_all/seed42
Results: /home/gly001/cqj/pa_ct_surv/results/pact_v3/pathology/roi64_abmil_all/seed42
Loaded 703 samples
Locked split: train=562, test=141
Test set is not accessed during CV

==================================================
Fold 1/5
==================================================
Epoch 1/30 | Train Loss: 2.6964 | Train C-index: 0.6715 | Val Loss: 4.0925 | Val C-index: 0.7416
Epoch 2/30 | Train Loss: 2.5204 | Train C-index: 0.7314 | Val Loss: 4.0364 | Val C-index: 0.7486
Epoch 3/30 | Train Loss: 2.5060 | Train C-index: 0.7495 | Val Loss: 4.0257 | Val C-index: 0.7506
Epoch 4/30 | Train Loss: 2.4188 | Train C-index: 0.7679 | Val Loss: 3.9988 | Val C-index: 0.7572
Epoch 5/30 | Train Loss: 2.3653 | Train C-index: 0.7805 | Val Loss: 3.9530 | Val C-index: 0.7601
Epoch 6/30 | Train Loss: 2.3234 | Train C-index: 0.7954 | Val Loss: 3.9189 | Val C-index: 0.7703
Epoch 7/30 | Train Loss: 2.2384 | Train C-index: 0.8053 | Val Loss: 3.9087 | Val C-index: 0.7729
Epoch 8/30 | Train Loss: 2.1980 | Train C-index: 0.8223 | Val Loss: 3.9450 | Val C-index: 0.7646
Epoch 9/30 | Train Loss: 2.1245 | Train C-index: 0.8343 | Val Loss: 3.9479 | Val C-index: 0.7668
Epoch 10/30 | Train Loss: 2.0589 | Train C-index: 0.8465 | Val Loss: 3.9283 | Val C-index: 0.7764
Epoch 11/30 | Train Loss: 1.9745 | Train C-index: 0.8590 | Val Loss: 3.9458 | Val C-index: 0.7745
Epoch 12/30 | Train Loss: 1.9475 | Train C-index: 0.8670 | Val Loss: 3.9981 | Val C-index: 0.7684
Epoch 13/30 | Train Loss: 1.8256 | Train C-index: 0.8781 | Val Loss: 4.0468 | Val C-index: 0.7646
Epoch 14/30 | Train Loss: 1.8573 | Train C-index: 0.8885 | Val Loss: 4.1362 | Val C-index: 0.7531
Epoch 15/30 | Train Loss: 1.7885 | Train C-index: 0.8926 | Val Loss: 4.1280 | Val C-index: 0.7550
Epoch 16/30 | Train Loss: 1.6708 | Train C-index: 0.9091 | Val Loss: 4.4134 | Val C-index: 0.7299
Epoch 17/30 | Train Loss: 1.5852 | Train C-index: 0.9078 | Val Loss: 4.4907 | Val C-index: 0.7286
Epoch 18/30 | Train Loss: 1.5852 | Train C-index: 0.9178 | Val Loss: 4.5137 | Val C-index: 0.7372
Epoch 19/30 | Train Loss: 1.5011 | Train C-index: 0.9242 | Val Loss: 4.7825 | Val C-index: 0.7120
Epoch 20/30 | Train Loss: 1.4526 | Train C-index: 0.9202 | Val Loss: 4.5005 | Val C-index: 0.7537
Early stopping at epoch 20
Fold 0 final C-index: 0.7764

Extra survival metrics:
cutoff_from_train_median: -0.324225
n_test: 113
n_high_risk: 54
n_low_risk: 59
n_event_test: 38
logrank_stat: 33.612321
logrank_p: 0.000000
auc_36m: 0.794470
auc_60m: 0.815094
HR_high_vs_low: 8.685938
HR_95CI_lower: 3.617776
HR_95CI_upper: 20.854119
cox_p: 0.000001

==================================================
Fold 2/5
==================================================
Epoch 1/30 | Train Loss: 2.7562 | Train C-index: 0.6653 | Val Loss: 4.0023 | Val C-index: 0.7237
Epoch 2/30 | Train Loss: 2.6003 | Train C-index: 0.7287 | Val Loss: 3.9216 | Val C-index: 0.7395
Epoch 3/30 | Train Loss: 2.4877 | Train C-index: 0.7494 | Val Loss: 3.9202 | Val C-index: 0.7386
Epoch 4/30 | Train Loss: 2.4174 | Train C-index: 0.7636 | Val Loss: 3.9285 | Val C-index: 0.7356
Epoch 5/30 | Train Loss: 2.4119 | Train C-index: 0.7754 | Val Loss: 3.9235 | Val C-index: 0.7498
Epoch 6/30 | Train Loss: 2.3255 | Train C-index: 0.7900 | Val Loss: 3.9356 | Val C-index: 0.7451
Epoch 7/30 | Train Loss: 2.2800 | Train C-index: 0.8117 | Val Loss: 3.9553 | Val C-index: 0.7484
Epoch 8/30 | Train Loss: 2.2488 | Train C-index: 0.8253 | Val Loss: 3.9820 | Val C-index: 0.7425
Epoch 9/30 | Train Loss: 2.1302 | Train C-index: 0.8435 | Val Loss: 4.0410 | Val C-index: 0.7392
Epoch 10/30 | Train Loss: 2.0247 | Train C-index: 0.8524 | Val Loss: 4.1052 | Val C-index: 0.7330
Epoch 11/30 | Train Loss: 1.9599 | Train C-index: 0.8673 | Val Loss: 4.2533 | Val C-index: 0.7152
Epoch 12/30 | Train Loss: 1.9698 | Train C-index: 0.8708 | Val Loss: 4.3256 | Val C-index: 0.7155
Epoch 13/30 | Train Loss: 1.8116 | Train C-index: 0.8893 | Val Loss: 4.5026 | Val C-index: 0.7152
Epoch 14/30 | Train Loss: 1.7302 | Train C-index: 0.8984 | Val Loss: 4.6278 | Val C-index: 0.6875
Epoch 15/30 | Train Loss: 1.7246 | Train C-index: 0.9025 | Val Loss: 4.6527 | Val C-index: 0.6967
Early stopping at epoch 15
Fold 1 final C-index: 0.7498

Extra survival metrics:
cutoff_from_train_median: -0.293030
n_test: 113
n_high_risk: 55
n_low_risk: 58
n_event_test: 39
logrank_stat: 23.306075
logrank_p: 0.000001
auc_36m: 0.748129
auc_60m: 0.779638
HR_high_vs_low: 6.501065
HR_95CI_lower: 2.715187
HR_95CI_upper: 15.565721
cox_p: 0.000026

==================================================
Fold 3/5
==================================================
Epoch 1/30 | Train Loss: 2.7259 | Train C-index: 0.6533 | Val Loss: 4.0592 | Val C-index: 0.6929
Epoch 2/30 | Train Loss: 2.5935 | Train C-index: 0.7339 | Val Loss: 4.0370 | Val C-index: 0.6990
Epoch 3/30 | Train Loss: 2.4496 | Train C-index: 0.7590 | Val Loss: 3.9994 | Val C-index: 0.7173
Epoch 4/30 | Train Loss: 2.4369 | Train C-index: 0.7738 | Val Loss: 4.0050 | Val C-index: 0.7166
Epoch 5/30 | Train Loss: 2.3549 | Train C-index: 0.7906 | Val Loss: 4.0143 | Val C-index: 0.7247
Epoch 6/30 | Train Loss: 2.2909 | Train C-index: 0.8090 | Val Loss: 4.0436 | Val C-index: 0.7298
Epoch 7/30 | Train Loss: 2.2087 | Train C-index: 0.8218 | Val Loss: 4.0943 | Val C-index: 0.7305
Epoch 8/30 | Train Loss: 2.1478 | Train C-index: 0.8289 | Val Loss: 4.1083 | Val C-index: 0.7349
Epoch 9/30 | Train Loss: 2.1116 | Train C-index: 0.8416 | Val Loss: 4.1046 | Val C-index: 0.7417
Epoch 10/30 | Train Loss: 2.0173 | Train C-index: 0.8526 | Val Loss: 4.1390 | Val C-index: 0.7434
Epoch 11/30 | Train Loss: 1.9768 | Train C-index: 0.8643 | Val Loss: 4.2392 | Val C-index: 0.7339
Epoch 12/30 | Train Loss: 1.8732 | Train C-index: 0.8708 | Val Loss: 4.2858 | Val C-index: 0.7339
Epoch 13/30 | Train Loss: 1.8372 | Train C-index: 0.8804 | Val Loss: 4.4070 | Val C-index: 0.7359
Epoch 14/30 | Train Loss: 1.7530 | Train C-index: 0.8928 | Val Loss: 4.4496 | Val C-index: 0.7176
Epoch 15/30 | Train Loss: 1.7479 | Train C-index: 0.8953 | Val Loss: 4.4356 | Val C-index: 0.7359
Epoch 16/30 | Train Loss: 1.6042 | Train C-index: 0.9067 | Val Loss: 4.5929 | Val C-index: 0.7220
Epoch 17/30 | Train Loss: 1.6510 | Train C-index: 0.9093 | Val Loss: 4.7273 | Val C-index: 0.7237
Epoch 18/30 | Train Loss: 1.5374 | Train C-index: 0.9131 | Val Loss: 4.6460 | Val C-index: 0.7339
Epoch 19/30 | Train Loss: 1.5132 | Train C-index: 0.9194 | Val Loss: 4.8780 | Val C-index: 0.7064
Epoch 20/30 | Train Loss: 1.3880 | Train C-index: 0.9298 | Val Loss: 5.0725 | Val C-index: 0.7197
Early stopping at epoch 20
Fold 2 final C-index: 0.7434

Extra survival metrics:
cutoff_from_train_median: -0.622649
n_test: 112
n_high_risk: 67
n_low_risk: 45
n_event_test: 38
logrank_stat: 13.118269
logrank_p: 0.000292
auc_36m: 0.793257
auc_60m: 0.774945
HR_high_vs_low: 4.389160
HR_95CI_lower: 1.831462
HR_95CI_upper: 10.518768
cox_p: 0.000910

==================================================
Fold 4/5
==================================================
Epoch 1/30 | Train Loss: 2.7154 | Train C-index: 0.6807 | Val Loss: 4.0268 | Val C-index: 0.7068
Epoch 2/30 | Train Loss: 2.5612 | Train C-index: 0.7390 | Val Loss: 4.0024 | Val C-index: 0.7147
Epoch 3/30 | Train Loss: 2.5062 | Train C-index: 0.7516 | Val Loss: 4.0207 | Val C-index: 0.7154
Epoch 4/30 | Train Loss: 2.4563 | Train C-index: 0.7709 | Val Loss: 4.0146 | Val C-index: 0.7200
Epoch 5/30 | Train Loss: 2.4201 | Train C-index: 0.7889 | Val Loss: 4.0236 | Val C-index: 0.7270
Epoch 6/30 | Train Loss: 2.3543 | Train C-index: 0.7987 | Val Loss: 4.0488 | Val C-index: 0.7237
Epoch 7/30 | Train Loss: 2.2853 | Train C-index: 0.8113 | Val Loss: 4.0375 | Val C-index: 0.7270
Epoch 8/30 | Train Loss: 2.2114 | Train C-index: 0.8211 | Val Loss: 4.0445 | Val C-index: 0.7319
Epoch 9/30 | Train Loss: 2.1563 | Train C-index: 0.8338 | Val Loss: 4.0702 | Val C-index: 0.7293
Epoch 10/30 | Train Loss: 2.1063 | Train C-index: 0.8394 | Val Loss: 4.1036 | Val C-index: 0.7333
Epoch 11/30 | Train Loss: 2.0687 | Train C-index: 0.8520 | Val Loss: 4.1609 | Val C-index: 0.7276
Epoch 12/30 | Train Loss: 2.0065 | Train C-index: 0.8603 | Val Loss: 4.1844 | Val C-index: 0.7316
Epoch 13/30 | Train Loss: 1.9713 | Train C-index: 0.8727 | Val Loss: 4.1680 | Val C-index: 0.7313
Epoch 14/30 | Train Loss: 1.8516 | Train C-index: 0.8814 | Val Loss: 4.2904 | Val C-index: 0.7270
Epoch 15/30 | Train Loss: 1.8685 | Train C-index: 0.8889 | Val Loss: 4.4213 | Val C-index: 0.7223
Epoch 16/30 | Train Loss: 1.7316 | Train C-index: 0.9010 | Val Loss: 4.5230 | Val C-index: 0.7114
Epoch 17/30 | Train Loss: 1.7026 | Train C-index: 0.9023 | Val Loss: 4.5374 | Val C-index: 0.7187
Epoch 18/30 | Train Loss: 1.5375 | Train C-index: 0.9231 | Val Loss: 4.6692 | Val C-index: 0.7121
Epoch 19/30 | Train Loss: 1.4781 | Train C-index: 0.9319 | Val Loss: 5.0103 | Val C-index: 0.6991
Epoch 20/30 | Train Loss: 1.4110 | Train C-index: 0.9359 | Val Loss: 5.2809 | Val C-index: 0.6865
Early stopping at epoch 20
Fold 3 final C-index: 0.7333

Extra survival metrics:
cutoff_from_train_median: -0.666901
n_test: 112
n_high_risk: 51
n_low_risk: 61
n_event_test: 38
logrank_stat: 12.887072
logrank_p: 0.000331
auc_36m: 0.796385
auc_60m: 0.711858
HR_high_vs_low: 3.273903
HR_95CI_lower: 1.649433
HR_95CI_upper: 6.498257
cox_p: 0.000697

==================================================
Fold 5/5
==================================================
Epoch 1/30 | Train Loss: 2.7045 | Train C-index: 0.6907 | Val Loss: 4.1955 | Val C-index: 0.6397
Epoch 2/30 | Train Loss: 2.5036 | Train C-index: 0.7571 | Val Loss: 4.2467 | Val C-index: 0.6387
Epoch 3/30 | Train Loss: 2.4418 | Train C-index: 0.7718 | Val Loss: 4.2722 | Val C-index: 0.6370
Epoch 4/30 | Train Loss: 2.4170 | Train C-index: 0.7901 | Val Loss: 4.2902 | Val C-index: 0.6397
Epoch 5/30 | Train Loss: 2.3315 | Train C-index: 0.7985 | Val Loss: 4.2026 | Val C-index: 0.6582
Epoch 6/30 | Train Loss: 2.2989 | Train C-index: 0.8163 | Val Loss: 4.2712 | Val C-index: 0.6565
Epoch 7/30 | Train Loss: 2.1966 | Train C-index: 0.8285 | Val Loss: 4.2985 | Val C-index: 0.6639
Epoch 8/30 | Train Loss: 2.1849 | Train C-index: 0.8389 | Val Loss: 4.3105 | Val C-index: 0.6625
Epoch 9/30 | Train Loss: 2.0905 | Train C-index: 0.8510 | Val Loss: 4.3201 | Val C-index: 0.6592
Epoch 10/30 | Train Loss: 2.0320 | Train C-index: 0.8619 | Val Loss: 4.4015 | Val C-index: 0.6588
Epoch 11/30 | Train Loss: 1.9994 | Train C-index: 0.8696 | Val Loss: 4.3424 | Val C-index: 0.6763
Epoch 12/30 | Train Loss: 1.9482 | Train C-index: 0.8790 | Val Loss: 4.4131 | Val C-index: 0.6733
Epoch 13/30 | Train Loss: 1.8985 | Train C-index: 0.8892 | Val Loss: 4.4026 | Val C-index: 0.6787
Epoch 14/30 | Train Loss: 1.7617 | Train C-index: 0.8983 | Val Loss: 4.5552 | Val C-index: 0.6598
Epoch 15/30 | Train Loss: 1.7102 | Train C-index: 0.9049 | Val Loss: 4.6672 | Val C-index: 0.6632
Epoch 16/30 | Train Loss: 1.6567 | Train C-index: 0.9103 | Val Loss: 4.6974 | Val C-index: 0.6807
Epoch 17/30 | Train Loss: 1.5374 | Train C-index: 0.9165 | Val Loss: 4.7780 | Val C-index: 0.6793
Epoch 18/30 | Train Loss: 1.4981 | Train C-index: 0.9249 | Val Loss: 4.9615 | Val C-index: 0.6652
Epoch 19/30 | Train Loss: 1.5104 | Train C-index: 0.9300 | Val Loss: 5.0827 | Val C-index: 0.6689
Epoch 20/30 | Train Loss: 1.3936 | Train C-index: 0.9359 | Val Loss: 5.2883 | Val C-index: 0.6568
Epoch 21/30 | Train Loss: 1.3044 | Train C-index: 0.9426 | Val Loss: 5.6410 | Val C-index: 0.6538
Epoch 22/30 | Train Loss: 1.2534 | Train C-index: 0.9458 | Val Loss: 5.5626 | Val C-index: 0.6534
Epoch 23/30 | Train Loss: 1.2718 | Train C-index: 0.9527 | Val Loss: 5.7309 | Val C-index: 0.6555
Epoch 24/30 | Train Loss: 1.2066 | Train C-index: 0.9485 | Val Loss: 6.2509 | Val C-index: 0.6353
Epoch 25/30 | Train Loss: 1.2262 | Train C-index: 0.9535 | Val Loss: 5.9429 | Val C-index: 0.6450
Epoch 26/30 | Train Loss: 1.0990 | Train C-index: 0.9579 | Val Loss: 6.6525 | Val C-index: 0.6427
Early stopping at epoch 26
Fold 4 final C-index: 0.6807

Extra survival metrics:
cutoff_from_train_median: -1.591212
n_test: 112
n_high_risk: 68
n_low_risk: 44
n_event_test: 38
logrank_stat: 6.357417
logrank_p: 0.011689
auc_36m: 0.759281
auc_60m: 0.684947
HR_high_vs_low: 2.543639
HR_95CI_lower: 1.199924
HR_95CI_upper: 5.392088
cox_p: 0.014875

==================================================
5-Fold CV Summary
==================================================
  C-index mean: 0.7367
