nohup: ignoring input
Using Device: cuda
PA model: gabmil | k: None | Cox PH loss
Checkpoints: /home/gly001/cqj/pa_ct_surv/checkpoints/pact_v3/pathology/roi64_gabmil_all/seed42
Results: /home/gly001/cqj/pa_ct_surv/results/pact_v3/pathology/roi64_gabmil_all/seed42
Loaded 703 samples
Locked split: train=562, test=141
Test set is not accessed during CV

==================================================
Fold 1/5
==================================================
Epoch 1/30 | Train Loss: 4.1780 | Train C-index: 0.5743 | Val Loss: 4.2365 | Val C-index: 0.7397
Epoch 2/30 | Train Loss: 4.0648 | Train C-index: 0.7169 | Val Loss: 4.1419 | Val C-index: 0.7455
Epoch 3/30 | Train Loss: 3.9911 | Train C-index: 0.7230 | Val Loss: 4.0908 | Val C-index: 0.7426
Epoch 4/30 | Train Loss: 3.9416 | Train C-index: 0.7333 | Val Loss: 4.0622 | Val C-index: 0.7407
Epoch 5/30 | Train Loss: 3.9032 | Train C-index: 0.7365 | Val Loss: 4.0488 | Val C-index: 0.7435
Epoch 6/30 | Train Loss: 3.8819 | Train C-index: 0.7418 | Val Loss: 4.0408 | Val C-index: 0.7442
Epoch 7/30 | Train Loss: 3.8973 | Train C-index: 0.7466 | Val Loss: 4.0334 | Val C-index: 0.7467
Epoch 8/30 | Train Loss: 3.8160 | Train C-index: 0.7550 | Val Loss: 4.0284 | Val C-index: 0.7490
Epoch 9/30 | Train Loss: 3.7774 | Train C-index: 0.7618 | Val Loss: 4.0246 | Val C-index: 0.7467
Epoch 10/30 | Train Loss: 3.7937 | Train C-index: 0.7716 | Val Loss: 4.0166 | Val C-index: 0.7471
Epoch 11/30 | Train Loss: 3.7348 | Train C-index: 0.7780 | Val Loss: 4.0050 | Val C-index: 0.7502
Epoch 12/30 | Train Loss: 3.6929 | Train C-index: 0.7887 | Val Loss: 3.9907 | Val C-index: 0.7525
Epoch 13/30 | Train Loss: 3.6156 | Train C-index: 0.7942 | Val Loss: 3.9719 | Val C-index: 0.7547
Epoch 14/30 | Train Loss: 3.6005 | Train C-index: 0.7992 | Val Loss: 3.9682 | Val C-index: 0.7576
Epoch 15/30 | Train Loss: 3.6317 | Train C-index: 0.8039 | Val Loss: 3.9627 | Val C-index: 0.7595
Epoch 16/30 | Train Loss: 3.5718 | Train C-index: 0.8077 | Val Loss: 3.9629 | Val C-index: 0.7608
Epoch 17/30 | Train Loss: 3.5299 | Train C-index: 0.8126 | Val Loss: 3.9567 | Val C-index: 0.7617
Epoch 18/30 | Train Loss: 3.5258 | Train C-index: 0.8174 | Val Loss: 3.9487 | Val C-index: 0.7643
Epoch 19/30 | Train Loss: 3.4954 | Train C-index: 0.8220 | Val Loss: 3.9352 | Val C-index: 0.7694
Epoch 20/30 | Train Loss: 3.5049 | Train C-index: 0.8289 | Val Loss: 3.9291 | Val C-index: 0.7681
Epoch 21/30 | Train Loss: 3.4855 | Train C-index: 0.8346 | Val Loss: 3.9223 | Val C-index: 0.7713
Epoch 22/30 | Train Loss: 3.4315 | Train C-index: 0.8420 | Val Loss: 3.9217 | Val C-index: 0.7678
Epoch 23/30 | Train Loss: 3.3906 | Train C-index: 0.8492 | Val Loss: 3.9317 | Val C-index: 0.7674
Epoch 24/30 | Train Loss: 3.3360 | Train C-index: 0.8546 | Val Loss: 3.9366 | Val C-index: 0.7719
Epoch 25/30 | Train Loss: 3.3265 | Train C-index: 0.8616 | Val Loss: 3.9518 | Val C-index: 0.7684
Epoch 26/30 | Train Loss: 3.2941 | Train C-index: 0.8652 | Val Loss: 3.9674 | Val C-index: 0.7674
Epoch 27/30 | Train Loss: 3.2183 | Train C-index: 0.8706 | Val Loss: 3.9949 | Val C-index: 0.7646
Epoch 28/30 | Train Loss: 3.1962 | Train C-index: 0.8768 | Val Loss: 4.0052 | Val C-index: 0.7671
Epoch 29/30 | Train Loss: 3.1019 | Train C-index: 0.8801 | Val Loss: 4.0211 | Val C-index: 0.7681
Epoch 30/30 | Train Loss: 3.1582 | Train C-index: 0.8826 | Val Loss: 4.0766 | Val C-index: 0.7611
Fold 0 final C-index: 0.7719

Extra survival metrics:
cutoff_from_train_median: -0.614687
n_test: 113
n_high_risk: 54
n_low_risk: 59
n_event_test: 38
logrank_stat: 26.038813
logrank_p: 0.000000
auc_36m: 0.788147
auc_60m: 0.818436
HR_high_vs_low: 6.479361
HR_95CI_lower: 2.843912
HR_95CI_upper: 14.762101
cox_p: 0.000009

==================================================
Fold 2/5
==================================================
Epoch 1/30 | Train Loss: 4.1976 | Train C-index: 0.6302 | Val Loss: 4.0872 | Val C-index: 0.7435
Epoch 2/30 | Train Loss: 4.0764 | Train C-index: 0.7142 | Val Loss: 3.9950 | Val C-index: 0.7465
Epoch 3/30 | Train Loss: 3.9934 | Train C-index: 0.7225 | Val Loss: 3.9444 | Val C-index: 0.7455
Epoch 4/30 | Train Loss: 3.9388 | Train C-index: 0.7266 | Val Loss: 3.9253 | Val C-index: 0.7435
Epoch 5/30 | Train Loss: 3.9651 | Train C-index: 0.7322 | Val Loss: 3.9184 | Val C-index: 0.7451
Epoch 6/30 | Train Loss: 3.8876 | Train C-index: 0.7393 | Val Loss: 3.9236 | Val C-index: 0.7455
Epoch 7/30 | Train Loss: 3.9001 | Train C-index: 0.7465 | Val Loss: 3.9288 | Val C-index: 0.7448
Epoch 8/30 | Train Loss: 3.8723 | Train C-index: 0.7545 | Val Loss: 3.9313 | Val C-index: 0.7415
Epoch 9/30 | Train Loss: 3.8160 | Train C-index: 0.7644 | Val Loss: 3.9244 | Val C-index: 0.7438
Epoch 10/30 | Train Loss: 3.7638 | Train C-index: 0.7731 | Val Loss: 3.9131 | Val C-index: 0.7507
Epoch 11/30 | Train Loss: 3.7472 | Train C-index: 0.7814 | Val Loss: 3.8966 | Val C-index: 0.7544
Epoch 12/30 | Train Loss: 3.7087 | Train C-index: 0.7884 | Val Loss: 3.8864 | Val C-index: 0.7600
Epoch 13/30 | Train Loss: 3.7007 | Train C-index: 0.7952 | Val Loss: 3.8835 | Val C-index: 0.7613
Epoch 14/30 | Train Loss: 3.6533 | Train C-index: 0.8008 | Val Loss: 3.8925 | Val C-index: 0.7596
Epoch 15/30 | Train Loss: 3.5976 | Train C-index: 0.8071 | Val Loss: 3.9052 | Val C-index: 0.7540
Epoch 16/30 | Train Loss: 3.6325 | Train C-index: 0.8127 | Val Loss: 3.9139 | Val C-index: 0.7554
Epoch 17/30 | Train Loss: 3.4904 | Train C-index: 0.8200 | Val Loss: 3.9428 | Val C-index: 0.7547
Epoch 18/30 | Train Loss: 3.4869 | Train C-index: 0.8263 | Val Loss: 3.9858 | Val C-index: 0.7557
Epoch 19/30 | Train Loss: 3.4777 | Train C-index: 0.8323 | Val Loss: 4.0296 | Val C-index: 0.7554
Epoch 20/30 | Train Loss: 3.4224 | Train C-index: 0.8384 | Val Loss: 4.0836 | Val C-index: 0.7428
Epoch 21/30 | Train Loss: 3.3918 | Train C-index: 0.8469 | Val Loss: 4.1352 | Val C-index: 0.7363
Epoch 22/30 | Train Loss: 3.3505 | Train C-index: 0.8551 | Val Loss: 4.1945 | Val C-index: 0.7386
Epoch 23/30 | Train Loss: 3.2812 | Train C-index: 0.8604 | Val Loss: 4.2418 | Val C-index: 0.7399
Early stopping at epoch 23
Fold 1 final C-index: 0.7613

Extra survival metrics:
cutoff_from_train_median: -0.473770
n_test: 113
n_high_risk: 53
n_low_risk: 60
n_event_test: 39
logrank_stat: 21.428457
logrank_p: 0.000004
auc_36m: 0.770565
auc_60m: 0.797232
HR_high_vs_low: 5.619090
HR_95CI_lower: 2.469714
HR_95CI_upper: 12.784547
cox_p: 0.000039

==================================================
Fold 3/5
==================================================
Epoch 1/30 | Train Loss: 4.2093 | Train C-index: 0.6193 | Val Loss: 4.1031 | Val C-index: 0.7359
Epoch 2/30 | Train Loss: 4.0773 | Train C-index: 0.7189 | Val Loss: 4.0425 | Val C-index: 0.7119
Epoch 3/30 | Train Loss: 3.9959 | Train C-index: 0.7397 | Val Loss: 4.0139 | Val C-index: 0.7085
Epoch 4/30 | Train Loss: 3.9186 | Train C-index: 0.7441 | Val Loss: 4.0066 | Val C-index: 0.7098
Epoch 5/30 | Train Loss: 3.9435 | Train C-index: 0.7490 | Val Loss: 4.0099 | Val C-index: 0.7068
Epoch 6/30 | Train Loss: 3.8259 | Train C-index: 0.7573 | Val Loss: 4.0130 | Val C-index: 0.7088
Epoch 7/30 | Train Loss: 3.8398 | Train C-index: 0.7638 | Val Loss: 4.0113 | Val C-index: 0.7054
Epoch 8/30 | Train Loss: 3.7671 | Train C-index: 0.7714 | Val Loss: 4.0033 | Val C-index: 0.7075
Epoch 9/30 | Train Loss: 3.7630 | Train C-index: 0.7776 | Val Loss: 3.9959 | Val C-index: 0.7146
Epoch 10/30 | Train Loss: 3.7695 | Train C-index: 0.7860 | Val Loss: 3.9923 | Val C-index: 0.7156
Epoch 11/30 | Train Loss: 3.6863 | Train C-index: 0.7937 | Val Loss: 3.9926 | Val C-index: 0.7163
Early stopping at epoch 11
Fold 2 final C-index: 0.7359

Extra survival metrics:
cutoff_from_train_median: -0.614558
n_test: 112
n_high_risk: 64
n_low_risk: 48
n_event_test: 38
logrank_stat: 19.847759
logrank_p: 0.000008
auc_36m: 0.793322
auc_60m: 0.760457
HR_high_vs_low: 7.482137
HR_95CI_lower: 2.647703
HR_95CI_upper: 21.143749
cox_p: 0.000146

==================================================
Fold 4/5
==================================================
Epoch 1/30 | Train Loss: 4.2059 | Train C-index: 0.5849 | Val Loss: 4.1195 | Val C-index: 0.7243
Epoch 2/30 | Train Loss: 4.0921 | Train C-index: 0.7193 | Val Loss: 4.0498 | Val C-index: 0.7207
Epoch 3/30 | Train Loss: 3.9907 | Train C-index: 0.7231 | Val Loss: 4.0032 | Val C-index: 0.7240
Epoch 4/30 | Train Loss: 3.9770 | Train C-index: 0.7314 | Val Loss: 3.9823 | Val C-index: 0.7247
Epoch 5/30 | Train Loss: 3.9735 | Train C-index: 0.7365 | Val Loss: 3.9767 | Val C-index: 0.7217
Epoch 6/30 | Train Loss: 3.8841 | Train C-index: 0.7441 | Val Loss: 3.9800 | Val C-index: 0.7194
Epoch 7/30 | Train Loss: 3.8436 | Train C-index: 0.7511 | Val Loss: 3.9766 | Val C-index: 0.7227
Epoch 8/30 | Train Loss: 3.8493 | Train C-index: 0.7595 | Val Loss: 3.9720 | Val C-index: 0.7247
Epoch 9/30 | Train Loss: 3.7951 | Train C-index: 0.7675 | Val Loss: 3.9634 | Val C-index: 0.7270
Epoch 10/30 | Train Loss: 3.7537 | Train C-index: 0.7770 | Val Loss: 3.9552 | Val C-index: 0.7273
Epoch 11/30 | Train Loss: 3.7334 | Train C-index: 0.7850 | Val Loss: 3.9510 | Val C-index: 0.7349
Epoch 12/30 | Train Loss: 3.7080 | Train C-index: 0.7929 | Val Loss: 3.9539 | Val C-index: 0.7346
Epoch 13/30 | Train Loss: 3.6692 | Train C-index: 0.7972 | Val Loss: 3.9632 | Val C-index: 0.7280
Epoch 14/30 | Train Loss: 3.6573 | Train C-index: 0.8021 | Val Loss: 3.9800 | Val C-index: 0.7276
Epoch 15/30 | Train Loss: 3.6878 | Train C-index: 0.8062 | Val Loss: 3.9997 | Val C-index: 0.7256
Epoch 16/30 | Train Loss: 3.5968 | Train C-index: 0.8121 | Val Loss: 4.0007 | Val C-index: 0.7266
Epoch 17/30 | Train Loss: 3.5654 | Train C-index: 0.8179 | Val Loss: 3.9952 | Val C-index: 0.7296
Epoch 18/30 | Train Loss: 3.5404 | Train C-index: 0.8241 | Val Loss: 3.9972 | Val C-index: 0.7303
Epoch 19/30 | Train Loss: 3.5258 | Train C-index: 0.8281 | Val Loss: 4.0017 | Val C-index: 0.7283
Epoch 20/30 | Train Loss: 3.5160 | Train C-index: 0.8345 | Val Loss: 4.0119 | Val C-index: 0.7329
Epoch 21/30 | Train Loss: 3.4973 | Train C-index: 0.8388 | Val Loss: 4.0297 | Val C-index: 0.7333
Early stopping at epoch 21
Fold 3 final C-index: 0.7349

Extra survival metrics:
cutoff_from_train_median: -0.228926
n_test: 112
n_high_risk: 44
n_low_risk: 68
n_event_test: 38
logrank_stat: 11.926047
logrank_p: 0.000554
auc_36m: 0.789977
auc_60m: 0.704668
HR_high_vs_low: 3.007316
HR_95CI_lower: 1.561471
HR_95CI_upper: 5.791941
cox_p: 0.000993

==================================================
Fold 5/5
==================================================
Epoch 1/30 | Train Loss: 4.1823 | Train C-index: 0.5755 | Val Loss: 4.2247 | Val C-index: 0.6138
Epoch 2/30 | Train Loss: 4.0558 | Train C-index: 0.7388 | Val Loss: 4.1796 | Val C-index: 0.6343
Epoch 3/30 | Train Loss: 3.9705 | Train C-index: 0.7448 | Val Loss: 4.1793 | Val C-index: 0.6383
Epoch 4/30 | Train Loss: 3.9307 | Train C-index: 0.7482 | Val Loss: 4.2056 | Val C-index: 0.6407
Epoch 5/30 | Train Loss: 3.9020 | Train C-index: 0.7554 | Val Loss: 4.2333 | Val C-index: 0.6383
Epoch 6/30 | Train Loss: 3.9111 | Train C-index: 0.7612 | Val Loss: 4.2541 | Val C-index: 0.6350
Epoch 7/30 | Train Loss: 3.8201 | Train C-index: 0.7685 | Val Loss: 4.2655 | Val C-index: 0.6353
Epoch 8/30 | Train Loss: 3.7679 | Train C-index: 0.7743 | Val Loss: 4.2640 | Val C-index: 0.6356
Epoch 9/30 | Train Loss: 3.7595 | Train C-index: 0.7818 | Val Loss: 4.2646 | Val C-index: 0.6370
Epoch 10/30 | Train Loss: 3.7267 | Train C-index: 0.7894 | Val Loss: 4.2646 | Val C-index: 0.6390
Epoch 11/30 | Train Loss: 3.7262 | Train C-index: 0.7957 | Val Loss: 4.2538 | Val C-index: 0.6387
Epoch 12/30 | Train Loss: 3.6567 | Train C-index: 0.8031 | Val Loss: 4.2519 | Val C-index: 0.6393
Epoch 13/30 | Train Loss: 3.6304 | Train C-index: 0.8093 | Val Loss: 4.2524 | Val C-index: 0.6403
Epoch 14/30 | Train Loss: 3.5874 | Train C-index: 0.8156 | Val Loss: 4.2609 | Val C-index: 0.6467
Epoch 15/30 | Train Loss: 3.5814 | Train C-index: 0.8200 | Val Loss: 4.2672 | Val C-index: 0.6521
Epoch 16/30 | Train Loss: 3.5370 | Train C-index: 0.8254 | Val Loss: 4.2790 | Val C-index: 0.6534
Epoch 17/30 | Train Loss: 3.4896 | Train C-index: 0.8312 | Val Loss: 4.2917 | Val C-index: 0.6578
Epoch 18/30 | Train Loss: 3.4606 | Train C-index: 0.8362 | Val Loss: 4.3090 | Val C-index: 0.6642
Epoch 19/30 | Train Loss: 3.4375 | Train C-index: 0.8419 | Val Loss: 4.3198 | Val C-index: 0.6703
Epoch 20/30 | Train Loss: 3.4577 | Train C-index: 0.8480 | Val Loss: 4.3173 | Val C-index: 0.6750
Epoch 21/30 | Train Loss: 3.3842 | Train C-index: 0.8527 | Val Loss: 4.2953 | Val C-index: 0.6766
Epoch 22/30 | Train Loss: 3.3310 | Train C-index: 0.8578 | Val Loss: 4.2936 | Val C-index: 0.6813
Epoch 23/30 | Train Loss: 3.3117 | Train C-index: 0.8628 | Val Loss: 4.3115 | Val C-index: 0.6807
Epoch 24/30 | Train Loss: 3.2875 | Train C-index: 0.8681 | Val Loss: 4.3506 | Val C-index: 0.6770
Epoch 25/30 | Train Loss: 3.2336 | Train C-index: 0.8723 | Val Loss: 4.3809 | Val C-index: 0.6763
Epoch 26/30 | Train Loss: 3.1834 | Train C-index: 0.8768 | Val Loss: 4.3572 | Val C-index: 0.6857
Epoch 27/30 | Train Loss: 3.0924 | Train C-index: 0.8827 | Val Loss: 4.3991 | Val C-index: 0.6847
Epoch 28/30 | Train Loss: 3.0851 | Train C-index: 0.8856 | Val Loss: 4.4864 | Val C-index: 0.6817
Epoch 29/30 | Train Loss: 3.0814 | Train C-index: 0.8872 | Val Loss: 4.5604 | Val C-index: 0.6800
Epoch 30/30 | Train Loss: 3.0400 | Train C-index: 0.8925 | Val Loss: 4.5520 | Val C-index: 0.6817
Fold 4 final C-index: 0.6857

Extra survival metrics:
cutoff_from_train_median: -0.119045
n_test: 112
n_high_risk: 65
n_low_risk: 47
n_event_test: 38
logrank_stat: 8.249078
logrank_p: 0.004077
auc_36m: 0.770775
auc_60m: 0.693062
HR_high_vs_low: 2.769239
HR_95CI_lower: 1.341259
HR_95CI_upper: 5.717526
cox_p: 0.005892

==================================================
5-Fold CV Summary
==================================================
  C-index mean: 0.7379
