nohup: ignoring input
Using Device: cuda
PA model: abmil | k: None | Cox PH loss
Checkpoints: /home/gly001/cqj/pa_ct_surv/checkpoints/pact_v3/pathology/roi64_abmil_all/seed42
Results: /home/gly001/cqj/pa_ct_surv/results/pact_v3/pathology/roi64_abmil_all/seed42
Loaded 703 samples
Locked split: train=562, test=141
Test set is not accessed during CV

==================================================
Fold 1/5
==================================================
Epoch 1/30 | Train Loss: 4.1847 | Train C-index: 0.5352 | Val Loss: 4.2519 | Val C-index: 0.7442
Epoch 2/30 | Train Loss: 4.0958 | Train C-index: 0.6985 | Val Loss: 4.1740 | Val C-index: 0.7515
Epoch 3/30 | Train Loss: 4.0342 | Train C-index: 0.7132 | Val Loss: 4.1213 | Val C-index: 0.7445
Epoch 4/30 | Train Loss: 3.9901 | Train C-index: 0.7256 | Val Loss: 4.0829 | Val C-index: 0.7455
Epoch 5/30 | Train Loss: 3.9466 | Train C-index: 0.7312 | Val Loss: 4.0560 | Val C-index: 0.7467
Epoch 6/30 | Train Loss: 3.9210 | Train C-index: 0.7357 | Val Loss: 4.0385 | Val C-index: 0.7493
Epoch 7/30 | Train Loss: 3.9358 | Train C-index: 0.7376 | Val Loss: 4.0260 | Val C-index: 0.7525
Epoch 8/30 | Train Loss: 3.8571 | Train C-index: 0.7461 | Val Loss: 4.0192 | Val C-index: 0.7518
Epoch 9/30 | Train Loss: 3.8223 | Train C-index: 0.7525 | Val Loss: 4.0140 | Val C-index: 0.7512
Epoch 10/30 | Train Loss: 3.8505 | Train C-index: 0.7597 | Val Loss: 4.0069 | Val C-index: 0.7537
Epoch 11/30 | Train Loss: 3.7925 | Train C-index: 0.7644 | Val Loss: 3.9982 | Val C-index: 0.7534
Epoch 12/30 | Train Loss: 3.7536 | Train C-index: 0.7723 | Val Loss: 3.9887 | Val C-index: 0.7569
Epoch 13/30 | Train Loss: 3.6853 | Train C-index: 0.7780 | Val Loss: 3.9763 | Val C-index: 0.7576
Epoch 14/30 | Train Loss: 3.6736 | Train C-index: 0.7842 | Val Loss: 3.9723 | Val C-index: 0.7576
Epoch 15/30 | Train Loss: 3.7003 | Train C-index: 0.7883 | Val Loss: 3.9643 | Val C-index: 0.7582
Epoch 16/30 | Train Loss: 3.6420 | Train C-index: 0.7931 | Val Loss: 3.9600 | Val C-index: 0.7595
Epoch 17/30 | Train Loss: 3.6114 | Train C-index: 0.7979 | Val Loss: 3.9527 | Val C-index: 0.7604
Epoch 18/30 | Train Loss: 3.6141 | Train C-index: 0.8017 | Val Loss: 3.9436 | Val C-index: 0.7627
Epoch 19/30 | Train Loss: 3.5868 | Train C-index: 0.8064 | Val Loss: 3.9315 | Val C-index: 0.7668
Epoch 20/30 | Train Loss: 3.6043 | Train C-index: 0.8115 | Val Loss: 3.9241 | Val C-index: 0.7668
Epoch 21/30 | Train Loss: 3.5970 | Train C-index: 0.8165 | Val Loss: 3.9175 | Val C-index: 0.7690
Epoch 22/30 | Train Loss: 3.5411 | Train C-index: 0.8218 | Val Loss: 3.9129 | Val C-index: 0.7687
Epoch 23/30 | Train Loss: 3.5153 | Train C-index: 0.8277 | Val Loss: 3.9140 | Val C-index: 0.7700
Epoch 24/30 | Train Loss: 3.4747 | Train C-index: 0.8322 | Val Loss: 3.9122 | Val C-index: 0.7668
Epoch 25/30 | Train Loss: 3.4588 | Train C-index: 0.8369 | Val Loss: 3.9156 | Val C-index: 0.7684
Epoch 26/30 | Train Loss: 3.4509 | Train C-index: 0.8404 | Val Loss: 3.9192 | Val C-index: 0.7678
Epoch 27/30 | Train Loss: 3.4018 | Train C-index: 0.8460 | Val Loss: 3.9335 | Val C-index: 0.7639
Epoch 28/30 | Train Loss: 3.3770 | Train C-index: 0.8511 | Val Loss: 3.9387 | Val C-index: 0.7633
Epoch 29/30 | Train Loss: 3.3034 | Train C-index: 0.8547 | Val Loss: 3.9353 | Val C-index: 0.7694
Epoch 30/30 | Train Loss: 3.3643 | Train C-index: 0.8578 | Val Loss: 3.9459 | Val C-index: 0.7722
Fold 0 final C-index: 0.7722

Extra survival metrics:
cutoff_from_train_median: -0.572657
n_test: 113
n_high_risk: 58
n_low_risk: 55
n_event_test: 38
logrank_stat: 26.250875
logrank_p: 0.000000
auc_36m: 0.791946
auc_60m: 0.818342
HR_high_vs_low: 7.149422
HR_95CI_lower: 2.978791
HR_95CI_upper: 17.159391
cox_p: 0.000011

==================================================
Fold 2/5
==================================================
Epoch 1/30 | Train Loss: 4.2272 | Train C-index: 0.5772 | Val Loss: 4.1580 | Val C-index: 0.7435
Epoch 2/30 | Train Loss: 4.1313 | Train C-index: 0.7061 | Val Loss: 4.0726 | Val C-index: 0.7534
Epoch 3/30 | Train Loss: 4.0478 | Train C-index: 0.7191 | Val Loss: 4.0093 | Val C-index: 0.7484
Epoch 4/30 | Train Loss: 3.9939 | Train C-index: 0.7243 | Val Loss: 3.9653 | Val C-index: 0.7494
Epoch 5/30 | Train Loss: 4.0032 | Train C-index: 0.7264 | Val Loss: 3.9360 | Val C-index: 0.7517
Epoch 6/30 | Train Loss: 3.9346 | Train C-index: 0.7314 | Val Loss: 3.9255 | Val C-index: 0.7517
Epoch 7/30 | Train Loss: 3.9480 | Train C-index: 0.7357 | Val Loss: 3.9236 | Val C-index: 0.7488
Epoch 8/30 | Train Loss: 3.9327 | Train C-index: 0.7412 | Val Loss: 3.9263 | Val C-index: 0.7474
Epoch 9/30 | Train Loss: 3.8821 | Train C-index: 0.7470 | Val Loss: 3.9252 | Val C-index: 0.7491
Epoch 10/30 | Train Loss: 3.8319 | Train C-index: 0.7535 | Val Loss: 3.9223 | Val C-index: 0.7511
Epoch 11/30 | Train Loss: 3.8299 | Train C-index: 0.7607 | Val Loss: 3.9158 | Val C-index: 0.7550
Epoch 12/30 | Train Loss: 3.7943 | Train C-index: 0.7661 | Val Loss: 3.9104 | Val C-index: 0.7563
Epoch 13/30 | Train Loss: 3.7918 | Train C-index: 0.7724 | Val Loss: 3.9074 | Val C-index: 0.7547
Epoch 14/30 | Train Loss: 3.7568 | Train C-index: 0.7784 | Val Loss: 3.9090 | Val C-index: 0.7557
Epoch 15/30 | Train Loss: 3.7135 | Train C-index: 0.7839 | Val Loss: 3.9102 | Val C-index: 0.7557
Epoch 16/30 | Train Loss: 3.7499 | Train C-index: 0.7887 | Val Loss: 3.9084 | Val C-index: 0.7557
Epoch 17/30 | Train Loss: 3.6155 | Train C-index: 0.7944 | Val Loss: 3.9152 | Val C-index: 0.7593
Epoch 18/30 | Train Loss: 3.6348 | Train C-index: 0.7983 | Val Loss: 3.9249 | Val C-index: 0.7619
Epoch 19/30 | Train Loss: 3.6331 | Train C-index: 0.8029 | Val Loss: 3.9338 | Val C-index: 0.7619
Epoch 20/30 | Train Loss: 3.6070 | Train C-index: 0.8072 | Val Loss: 3.9486 | Val C-index: 0.7557
Epoch 21/30 | Train Loss: 3.5854 | Train C-index: 0.8127 | Val Loss: 3.9624 | Val C-index: 0.7557
Epoch 22/30 | Train Loss: 3.5617 | Train C-index: 0.8182 | Val Loss: 3.9797 | Val C-index: 0.7534
Epoch 23/30 | Train Loss: 3.5011 | Train C-index: 0.8244 | Val Loss: 3.9958 | Val C-index: 0.7554
Epoch 24/30 | Train Loss: 3.4905 | Train C-index: 0.8309 | Val Loss: 4.0194 | Val C-index: 0.7530
Epoch 25/30 | Train Loss: 3.4818 | Train C-index: 0.8361 | Val Loss: 4.0382 | Val C-index: 0.7451
Epoch 26/30 | Train Loss: 3.4174 | Train C-index: 0.8425 | Val Loss: 4.0650 | Val C-index: 0.7435
Epoch 27/30 | Train Loss: 3.4147 | Train C-index: 0.8479 | Val Loss: 4.0969 | Val C-index: 0.7425
Epoch 28/30 | Train Loss: 3.3832 | Train C-index: 0.8520 | Val Loss: 4.1236 | Val C-index: 0.7412
Early stopping at epoch 28
Fold 1 final C-index: 0.7619

Extra survival metrics:
cutoff_from_train_median: -0.531532
n_test: 113
n_high_risk: 56
n_low_risk: 57
n_event_test: 39
logrank_stat: 25.245865
logrank_p: 0.000001
auc_36m: 0.765154
auc_60m: 0.800659
HR_high_vs_low: 7.731420
HR_95CI_lower: 3.015704
HR_95CI_upper: 19.821198
cox_p: 0.000021

==================================================
Fold 3/5
==================================================
Epoch 1/30 | Train Loss: 4.2358 | Train C-index: 0.5710 | Val Loss: 4.1648 | Val C-index: 0.6725
Epoch 2/30 | Train Loss: 4.1219 | Train C-index: 0.7102 | Val Loss: 4.1043 | Val C-index: 0.6888
Epoch 3/30 | Train Loss: 4.0504 | Train C-index: 0.7356 | Val Loss: 4.0650 | Val C-index: 0.6949
Epoch 4/30 | Train Loss: 3.9670 | Train C-index: 0.7377 | Val Loss: 4.0423 | Val C-index: 0.6966
Epoch 5/30 | Train Loss: 3.9836 | Train C-index: 0.7434 | Val Loss: 4.0346 | Val C-index: 0.6969
Epoch 6/30 | Train Loss: 3.8680 | Train C-index: 0.7503 | Val Loss: 4.0355 | Val C-index: 0.6949
Epoch 7/30 | Train Loss: 3.8844 | Train C-index: 0.7554 | Val Loss: 4.0385 | Val C-index: 0.6966
Epoch 8/30 | Train Loss: 3.8168 | Train C-index: 0.7617 | Val Loss: 4.0366 | Val C-index: 0.6953
Epoch 9/30 | Train Loss: 3.8243 | Train C-index: 0.7656 | Val Loss: 4.0327 | Val C-index: 0.7017
Epoch 10/30 | Train Loss: 3.8375 | Train C-index: 0.7711 | Val Loss: 4.0276 | Val C-index: 0.7024
Epoch 11/30 | Train Loss: 3.7557 | Train C-index: 0.7779 | Val Loss: 4.0239 | Val C-index: 0.7017
Epoch 12/30 | Train Loss: 3.7682 | Train C-index: 0.7856 | Val Loss: 4.0158 | Val C-index: 0.7064
Epoch 13/30 | Train Loss: 3.7263 | Train C-index: 0.7925 | Val Loss: 4.0194 | Val C-index: 0.7068
Epoch 14/30 | Train Loss: 3.6972 | Train C-index: 0.7988 | Val Loss: 4.0284 | Val C-index: 0.7102
Epoch 15/30 | Train Loss: 3.6792 | Train C-index: 0.8020 | Val Loss: 4.0384 | Val C-index: 0.7132
Epoch 16/30 | Train Loss: 3.6477 | Train C-index: 0.8077 | Val Loss: 4.0494 | Val C-index: 0.7149
Epoch 17/30 | Train Loss: 3.6220 | Train C-index: 0.8120 | Val Loss: 4.0615 | Val C-index: 0.7146
Epoch 18/30 | Train Loss: 3.5770 | Train C-index: 0.8166 | Val Loss: 4.0766 | Val C-index: 0.7176
Epoch 19/30 | Train Loss: 3.5429 | Train C-index: 0.8197 | Val Loss: 4.0979 | Val C-index: 0.7200
Epoch 20/30 | Train Loss: 3.5276 | Train C-index: 0.8239 | Val Loss: 4.1258 | Val C-index: 0.7142
Epoch 21/30 | Train Loss: 3.4898 | Train C-index: 0.8255 | Val Loss: 4.1489 | Val C-index: 0.7125
Epoch 22/30 | Train Loss: 3.5000 | Train C-index: 0.8293 | Val Loss: 4.1723 | Val C-index: 0.7108
Epoch 23/30 | Train Loss: 3.4307 | Train C-index: 0.8318 | Val Loss: 4.1799 | Val C-index: 0.7108
Epoch 24/30 | Train Loss: 3.4712 | Train C-index: 0.8341 | Val Loss: 4.1925 | Val C-index: 0.7136
Epoch 25/30 | Train Loss: 3.4610 | Train C-index: 0.8376 | Val Loss: 4.1965 | Val C-index: 0.7159
Epoch 26/30 | Train Loss: 3.4185 | Train C-index: 0.8437 | Val Loss: 4.2018 | Val C-index: 0.7159
Epoch 27/30 | Train Loss: 3.3641 | Train C-index: 0.8474 | Val Loss: 4.2125 | Val C-index: 0.7153
Epoch 28/30 | Train Loss: 3.4113 | Train C-index: 0.8524 | Val Loss: 4.2436 | Val C-index: 0.7122
Epoch 29/30 | Train Loss: 3.2901 | Train C-index: 0.8548 | Val Loss: 4.2711 | Val C-index: 0.7115
Early stopping at epoch 29
Fold 2 final C-index: 0.7200

Extra survival metrics:
cutoff_from_train_median: -0.205673
n_test: 112
n_high_risk: 61
n_low_risk: 51
n_event_test: 38
logrank_stat: 16.956934
logrank_p: 0.000038
auc_36m: 0.748165
auc_60m: 0.739738
HR_high_vs_low: 5.194219
HR_95CI_lower: 2.167268
HR_95CI_upper: 12.448811
cox_p: 0.000220

==================================================
Fold 4/5
==================================================
Epoch 1/30 | Train Loss: 4.1944 | Train C-index: 0.6259 | Val Loss: 4.1477 | Val C-index: 0.6852
Epoch 2/30 | Train Loss: 4.1072 | Train C-index: 0.7250 | Val Loss: 4.0872 | Val C-index: 0.6995
Epoch 3/30 | Train Loss: 4.0168 | Train C-index: 0.7226 | Val Loss: 4.0399 | Val C-index: 0.7058
Epoch 4/30 | Train Loss: 3.9997 | Train C-index: 0.7311 | Val Loss: 4.0098 | Val C-index: 0.7101
Epoch 5/30 | Train Loss: 3.9919 | Train C-index: 0.7344 | Val Loss: 3.9936 | Val C-index: 0.7124
Epoch 6/30 | Train Loss: 3.9075 | Train C-index: 0.7404 | Val Loss: 3.9893 | Val C-index: 0.7121
Epoch 7/30 | Train Loss: 3.8719 | Train C-index: 0.7445 | Val Loss: 3.9836 | Val C-index: 0.7127
Epoch 8/30 | Train Loss: 3.8833 | Train C-index: 0.7501 | Val Loss: 3.9790 | Val C-index: 0.7147
Epoch 9/30 | Train Loss: 3.8424 | Train C-index: 0.7573 | Val Loss: 3.9714 | Val C-index: 0.7190
Epoch 10/30 | Train Loss: 3.8033 | Train C-index: 0.7650 | Val Loss: 3.9637 | Val C-index: 0.7233
Epoch 11/30 | Train Loss: 3.7840 | Train C-index: 0.7725 | Val Loss: 3.9588 | Val C-index: 0.7286
Epoch 12/30 | Train Loss: 3.7652 | Train C-index: 0.7803 | Val Loss: 3.9588 | Val C-index: 0.7290
Epoch 13/30 | Train Loss: 3.7313 | Train C-index: 0.7849 | Val Loss: 3.9617 | Val C-index: 0.7296
Epoch 14/30 | Train Loss: 3.7212 | Train C-index: 0.7900 | Val Loss: 3.9680 | Val C-index: 0.7266
Epoch 15/30 | Train Loss: 3.7507 | Train C-index: 0.7936 | Val Loss: 3.9776 | Val C-index: 0.7247
Epoch 16/30 | Train Loss: 3.6679 | Train C-index: 0.7978 | Val Loss: 3.9800 | Val C-index: 0.7240
Epoch 17/30 | Train Loss: 3.6471 | Train C-index: 0.8027 | Val Loss: 3.9790 | Val C-index: 0.7266
Epoch 18/30 | Train Loss: 3.6286 | Train C-index: 0.8086 | Val Loss: 3.9810 | Val C-index: 0.7270
Epoch 19/30 | Train Loss: 3.6151 | Train C-index: 0.8115 | Val Loss: 3.9838 | Val C-index: 0.7263
Epoch 20/30 | Train Loss: 3.6206 | Train C-index: 0.8170 | Val Loss: 3.9866 | Val C-index: 0.7293
Epoch 21/30 | Train Loss: 3.5985 | Train C-index: 0.8201 | Val Loss: 3.9932 | Val C-index: 0.7280
Epoch 22/30 | Train Loss: 3.5118 | Train C-index: 0.8248 | Val Loss: 3.9957 | Val C-index: 0.7283
Epoch 23/30 | Train Loss: 3.5341 | Train C-index: 0.8285 | Val Loss: 4.0045 | Val C-index: 0.7276
Early stopping at epoch 23
Fold 3 final C-index: 0.7296

Extra survival metrics:
cutoff_from_train_median: -0.364925
n_test: 112
n_high_risk: 46
n_low_risk: 66
n_event_test: 38
logrank_stat: 12.690452
logrank_p: 0.000368
auc_36m: 0.780366
auc_60m: 0.694177
HR_high_vs_low: 3.144499
HR_95CI_lower: 1.619087
HR_95CI_upper: 6.107069
cox_p: 0.000718

==================================================
Fold 5/5
==================================================
Epoch 1/30 | Train Loss: 4.1970 | Train C-index: 0.5388 | Val Loss: 4.2212 | Val C-index: 0.6524
Epoch 2/30 | Train Loss: 4.1078 | Train C-index: 0.7364 | Val Loss: 4.1783 | Val C-index: 0.6588
Epoch 3/30 | Train Loss: 4.0212 | Train C-index: 0.7443 | Val Loss: 4.1620 | Val C-index: 0.6528
Epoch 4/30 | Train Loss: 3.9766 | Train C-index: 0.7467 | Val Loss: 4.1657 | Val C-index: 0.6508
Epoch 5/30 | Train Loss: 3.9368 | Train C-index: 0.7535 | Val Loss: 4.1819 | Val C-index: 0.6481
Epoch 6/30 | Train Loss: 3.9432 | Train C-index: 0.7572 | Val Loss: 4.2052 | Val C-index: 0.6467
Epoch 7/30 | Train Loss: 3.8553 | Train C-index: 0.7635 | Val Loss: 4.2279 | Val C-index: 0.6444
Epoch 8/30 | Train Loss: 3.8094 | Train C-index: 0.7680 | Val Loss: 4.2404 | Val C-index: 0.6444
Epoch 9/30 | Train Loss: 3.8084 | Train C-index: 0.7735 | Val Loss: 4.2501 | Val C-index: 0.6454
Epoch 10/30 | Train Loss: 3.7758 | Train C-index: 0.7793 | Val Loss: 4.2509 | Val C-index: 0.6504
Epoch 11/30 | Train Loss: 3.7773 | Train C-index: 0.7855 | Val Loss: 4.2401 | Val C-index: 0.6494
Epoch 12/30 | Train Loss: 3.7177 | Train C-index: 0.7914 | Val Loss: 4.2325 | Val C-index: 0.6484
Early stopping at epoch 12
Fold 4 final C-index: 0.6588

Extra survival metrics:
cutoff_from_train_median: -0.367718
n_test: 112
n_high_risk: 68
n_low_risk: 44
n_event_test: 38
logrank_stat: 7.610126
logrank_p: 0.005804
auc_36m: 0.712910
auc_60m: 0.664834
HR_high_vs_low: 2.859583
HR_95CI_lower: 1.308590
HR_95CI_upper: 6.248875
cox_p: 0.008432

==================================================
5-Fold CV Summary
==================================================
  C-index mean: 0.7285
