nohup: ignoring input
Using Device: cuda
PA model: abmil | k: None | Cox PH loss
Checkpoints: /home/gly001/cqj/pa_ct_surv/checkpoints/pact_v3/pathology/roi64_abmil_all/seed42
Results: /home/gly001/cqj/pa_ct_surv/results/pact_v3/pathology/roi64_abmil_all/seed42
Loaded 703 samples
Locked split: train=562, test=141
Test set is not accessed during CV

==================================================
Fold 1/5
==================================================
Epoch 1/30 | Train Loss: 4.1386 | Train C-index: 0.6665 | Val Loss: 4.2038 | Val C-index: 0.7464
Epoch 2/30 | Train Loss: 4.0324 | Train C-index: 0.7259 | Val Loss: 4.1198 | Val C-index: 0.7458
Epoch 3/30 | Train Loss: 3.9697 | Train C-index: 0.7291 | Val Loss: 4.0756 | Val C-index: 0.7451
Epoch 4/30 | Train Loss: 3.9188 | Train C-index: 0.7386 | Val Loss: 4.0498 | Val C-index: 0.7429
Epoch 5/30 | Train Loss: 3.8808 | Train C-index: 0.7438 | Val Loss: 4.0339 | Val C-index: 0.7448
Epoch 6/30 | Train Loss: 3.8559 | Train C-index: 0.7493 | Val Loss: 4.0210 | Val C-index: 0.7506
Epoch 7/30 | Train Loss: 3.8711 | Train C-index: 0.7549 | Val Loss: 4.0082 | Val C-index: 0.7531
Epoch 8/30 | Train Loss: 3.7780 | Train C-index: 0.7642 | Val Loss: 4.0010 | Val C-index: 0.7509
Epoch 9/30 | Train Loss: 3.7379 | Train C-index: 0.7722 | Val Loss: 3.9953 | Val C-index: 0.7528
Epoch 10/30 | Train Loss: 3.7532 | Train C-index: 0.7820 | Val Loss: 3.9806 | Val C-index: 0.7569
Epoch 11/30 | Train Loss: 3.6911 | Train C-index: 0.7892 | Val Loss: 3.9634 | Val C-index: 0.7604
Epoch 12/30 | Train Loss: 3.6491 | Train C-index: 0.7984 | Val Loss: 3.9444 | Val C-index: 0.7646
Epoch 13/30 | Train Loss: 3.5654 | Train C-index: 0.8046 | Val Loss: 3.9241 | Val C-index: 0.7687
Epoch 14/30 | Train Loss: 3.5596 | Train C-index: 0.8093 | Val Loss: 3.9224 | Val C-index: 0.7687
Epoch 15/30 | Train Loss: 3.5769 | Train C-index: 0.8139 | Val Loss: 3.9213 | Val C-index: 0.7668
Epoch 16/30 | Train Loss: 3.5218 | Train C-index: 0.8185 | Val Loss: 3.9270 | Val C-index: 0.7668
Epoch 17/30 | Train Loss: 3.4692 | Train C-index: 0.8230 | Val Loss: 3.9251 | Val C-index: 0.7709
Epoch 18/30 | Train Loss: 3.4633 | Train C-index: 0.8290 | Val Loss: 3.9181 | Val C-index: 0.7741
Epoch 19/30 | Train Loss: 3.4252 | Train C-index: 0.8350 | Val Loss: 3.9051 | Val C-index: 0.7738
Epoch 20/30 | Train Loss: 3.4348 | Train C-index: 0.8424 | Val Loss: 3.9011 | Val C-index: 0.7732
Epoch 21/30 | Train Loss: 3.4137 | Train C-index: 0.8488 | Val Loss: 3.8947 | Val C-index: 0.7773
Epoch 22/30 | Train Loss: 3.3521 | Train C-index: 0.8554 | Val Loss: 3.8982 | Val C-index: 0.7773
Epoch 23/30 | Train Loss: 3.3172 | Train C-index: 0.8612 | Val Loss: 3.9127 | Val C-index: 0.7751
Epoch 24/30 | Train Loss: 3.2578 | Train C-index: 0.8662 | Val Loss: 3.9333 | Val C-index: 0.7709
Epoch 25/30 | Train Loss: 3.2412 | Train C-index: 0.8719 | Val Loss: 3.9615 | Val C-index: 0.7665
Epoch 26/30 | Train Loss: 3.2092 | Train C-index: 0.8769 | Val Loss: 3.9814 | Val C-index: 0.7627
Epoch 27/30 | Train Loss: 3.1299 | Train C-index: 0.8813 | Val Loss: 4.0015 | Val C-index: 0.7601
Epoch 28/30 | Train Loss: 3.1156 | Train C-index: 0.8869 | Val Loss: 4.0029 | Val C-index: 0.7665
Epoch 29/30 | Train Loss: 3.0292 | Train C-index: 0.8903 | Val Loss: 4.0267 | Val C-index: 0.7633
Epoch 30/30 | Train Loss: 3.0765 | Train C-index: 0.8943 | Val Loss: 4.0962 | Val C-index: 0.7553
Fold 0 final C-index: 0.7773

Extra survival metrics:
cutoff_from_train_median: -0.248892
n_test: 113
n_high_risk: 55
n_low_risk: 58
n_event_test: 38
logrank_stat: 27.491341
logrank_p: 0.000000
auc_36m: 0.803586
auc_60m: 0.819287
HR_high_vs_low: 6.769300
HR_95CI_lower: 2.968441
HR_95CI_upper: 15.436865
cox_p: 0.000005

==================================================
Fold 2/5
==================================================
Epoch 1/30 | Train Loss: 4.1795 | Train C-index: 0.6698 | Val Loss: 4.0846 | Val C-index: 0.7323
Epoch 2/30 | Train Loss: 4.0625 | Train C-index: 0.7200 | Val Loss: 3.9945 | Val C-index: 0.7442
Epoch 3/30 | Train Loss: 3.9786 | Train C-index: 0.7259 | Val Loss: 3.9424 | Val C-index: 0.7491
Epoch 4/30 | Train Loss: 3.9272 | Train C-index: 0.7325 | Val Loss: 3.9205 | Val C-index: 0.7471
Epoch 5/30 | Train Loss: 3.9548 | Train C-index: 0.7362 | Val Loss: 3.9107 | Val C-index: 0.7491
Epoch 6/30 | Train Loss: 3.8638 | Train C-index: 0.7452 | Val Loss: 3.9136 | Val C-index: 0.7517
Epoch 7/30 | Train Loss: 3.8830 | Train C-index: 0.7526 | Val Loss: 3.9160 | Val C-index: 0.7478
Epoch 8/30 | Train Loss: 3.8508 | Train C-index: 0.7633 | Val Loss: 3.9174 | Val C-index: 0.7445
Epoch 9/30 | Train Loss: 3.7911 | Train C-index: 0.7717 | Val Loss: 3.9100 | Val C-index: 0.7474
Epoch 10/30 | Train Loss: 3.7363 | Train C-index: 0.7807 | Val Loss: 3.8988 | Val C-index: 0.7481
Epoch 11/30 | Train Loss: 3.7185 | Train C-index: 0.7896 | Val Loss: 3.8857 | Val C-index: 0.7577
Epoch 12/30 | Train Loss: 3.6767 | Train C-index: 0.7961 | Val Loss: 3.8830 | Val C-index: 0.7619
Epoch 13/30 | Train Loss: 3.6671 | Train C-index: 0.8030 | Val Loss: 3.8877 | Val C-index: 0.7593
Epoch 14/30 | Train Loss: 3.6103 | Train C-index: 0.8110 | Val Loss: 3.9048 | Val C-index: 0.7560
Epoch 15/30 | Train Loss: 3.5584 | Train C-index: 0.8174 | Val Loss: 3.9272 | Val C-index: 0.7573
Epoch 16/30 | Train Loss: 3.5829 | Train C-index: 0.8253 | Val Loss: 3.9492 | Val C-index: 0.7577
Epoch 17/30 | Train Loss: 3.4308 | Train C-index: 0.8339 | Val Loss: 3.9970 | Val C-index: 0.7514
Epoch 18/30 | Train Loss: 3.4281 | Train C-index: 0.8389 | Val Loss: 4.0624 | Val C-index: 0.7501
Epoch 19/30 | Train Loss: 3.4085 | Train C-index: 0.8451 | Val Loss: 4.1192 | Val C-index: 0.7465
Epoch 20/30 | Train Loss: 3.3459 | Train C-index: 0.8523 | Val Loss: 4.1771 | Val C-index: 0.7287
Epoch 21/30 | Train Loss: 3.3208 | Train C-index: 0.8595 | Val Loss: 4.2179 | Val C-index: 0.7211
Epoch 22/30 | Train Loss: 3.2683 | Train C-index: 0.8661 | Val Loss: 4.2682 | Val C-index: 0.7254
Early stopping at epoch 22
Fold 1 final C-index: 0.7619

Extra survival metrics:
cutoff_from_train_median: -0.298829
n_test: 113
n_high_risk: 56
n_low_risk: 57
n_event_test: 39
logrank_stat: 25.245865
logrank_p: 0.000001
auc_36m: 0.764178
auc_60m: 0.799925
HR_high_vs_low: 7.731420
HR_95CI_lower: 3.015704
HR_95CI_upper: 19.821198
cox_p: 0.000021

==================================================
Fold 3/5
==================================================
Epoch 1/30 | Train Loss: 4.2263 | Train C-index: 0.5865 | Val Loss: 4.1232 | Val C-index: 0.6963
Epoch 2/30 | Train Loss: 4.0872 | Train C-index: 0.7167 | Val Loss: 4.0634 | Val C-index: 0.6993
Epoch 3/30 | Train Loss: 4.0008 | Train C-index: 0.7380 | Val Loss: 4.0370 | Val C-index: 0.7010
Epoch 4/30 | Train Loss: 3.9169 | Train C-index: 0.7435 | Val Loss: 4.0301 | Val C-index: 0.6990
Epoch 5/30 | Train Loss: 3.9466 | Train C-index: 0.7497 | Val Loss: 4.0312 | Val C-index: 0.7034
Epoch 6/30 | Train Loss: 3.8199 | Train C-index: 0.7574 | Val Loss: 4.0275 | Val C-index: 0.7115
Epoch 7/30 | Train Loss: 3.8262 | Train C-index: 0.7650 | Val Loss: 4.0178 | Val C-index: 0.7105
Epoch 8/30 | Train Loss: 3.7488 | Train C-index: 0.7744 | Val Loss: 4.0033 | Val C-index: 0.7119
Epoch 9/30 | Train Loss: 3.7387 | Train C-index: 0.7812 | Val Loss: 3.9941 | Val C-index: 0.7166
Epoch 10/30 | Train Loss: 3.7469 | Train C-index: 0.7891 | Val Loss: 3.9940 | Val C-index: 0.7186
Epoch 11/30 | Train Loss: 3.6499 | Train C-index: 0.7980 | Val Loss: 4.0007 | Val C-index: 0.7247
Epoch 12/30 | Train Loss: 3.6561 | Train C-index: 0.8065 | Val Loss: 4.0055 | Val C-index: 0.7285
Epoch 13/30 | Train Loss: 3.6176 | Train C-index: 0.8132 | Val Loss: 4.0318 | Val C-index: 0.7275
Epoch 14/30 | Train Loss: 3.5776 | Train C-index: 0.8191 | Val Loss: 4.0648 | Val C-index: 0.7285
Epoch 15/30 | Train Loss: 3.5589 | Train C-index: 0.8238 | Val Loss: 4.0898 | Val C-index: 0.7292
Epoch 16/30 | Train Loss: 3.5054 | Train C-index: 0.8304 | Val Loss: 4.1056 | Val C-index: 0.7292
Epoch 17/30 | Train Loss: 3.4798 | Train C-index: 0.8352 | Val Loss: 4.1202 | Val C-index: 0.7305
Epoch 18/30 | Train Loss: 3.4126 | Train C-index: 0.8398 | Val Loss: 4.1370 | Val C-index: 0.7302
Epoch 19/30 | Train Loss: 3.3668 | Train C-index: 0.8443 | Val Loss: 4.1607 | Val C-index: 0.7319
Epoch 20/30 | Train Loss: 3.3458 | Train C-index: 0.8507 | Val Loss: 4.1949 | Val C-index: 0.7292
Epoch 21/30 | Train Loss: 3.2832 | Train C-index: 0.8543 | Val Loss: 4.2212 | Val C-index: 0.7319
Epoch 22/30 | Train Loss: 3.2847 | Train C-index: 0.8608 | Val Loss: 4.2560 | Val C-index: 0.7285
Epoch 23/30 | Train Loss: 3.1835 | Train C-index: 0.8668 | Val Loss: 4.2766 | Val C-index: 0.7319
Epoch 24/30 | Train Loss: 3.2169 | Train C-index: 0.8711 | Val Loss: 4.3011 | Val C-index: 0.7342
Epoch 25/30 | Train Loss: 3.1672 | Train C-index: 0.8759 | Val Loss: 4.2987 | Val C-index: 0.7356
Epoch 26/30 | Train Loss: 3.1057 | Train C-index: 0.8822 | Val Loss: 4.3352 | Val C-index: 0.7363
Epoch 27/30 | Train Loss: 3.0299 | Train C-index: 0.8876 | Val Loss: 4.3937 | Val C-index: 0.7369
Epoch 28/30 | Train Loss: 3.0850 | Train C-index: 0.8929 | Val Loss: 4.5186 | Val C-index: 0.7342
Epoch 29/30 | Train Loss: 2.9323 | Train C-index: 0.8965 | Val Loss: 4.5777 | Val C-index: 0.7264
Epoch 30/30 | Train Loss: 2.9223 | Train C-index: 0.9006 | Val Loss: 4.5715 | Val C-index: 0.7281
Fold 2 final C-index: 0.7369

Extra survival metrics:
cutoff_from_train_median: -0.727818
n_test: 112
n_high_risk: 69
n_low_risk: 43
n_event_test: 38
logrank_stat: 16.534782
logrank_p: 0.000048
auc_36m: 0.782421
auc_60m: 0.765811
HR_high_vs_low: 6.494803
HR_95CI_lower: 2.301302
HR_95CI_upper: 18.329827
cox_p: 0.000409

==================================================
Fold 4/5
==================================================
Epoch 1/30 | Train Loss: 4.1757 | Train C-index: 0.6616 | Val Loss: 4.1335 | Val C-index: 0.6909
Epoch 2/30 | Train Loss: 4.0570 | Train C-index: 0.7323 | Val Loss: 4.0663 | Val C-index: 0.7018
Epoch 3/30 | Train Loss: 3.9647 | Train C-index: 0.7305 | Val Loss: 4.0237 | Val C-index: 0.7084
Epoch 4/30 | Train Loss: 3.9547 | Train C-index: 0.7388 | Val Loss: 4.0077 | Val C-index: 0.7137
Epoch 5/30 | Train Loss: 3.9461 | Train C-index: 0.7441 | Val Loss: 4.0052 | Val C-index: 0.7137
Epoch 6/30 | Train Loss: 3.8593 | Train C-index: 0.7515 | Val Loss: 4.0084 | Val C-index: 0.7170
Epoch 7/30 | Train Loss: 3.8137 | Train C-index: 0.7592 | Val Loss: 4.0026 | Val C-index: 0.7167
Epoch 8/30 | Train Loss: 3.8150 | Train C-index: 0.7676 | Val Loss: 3.9952 | Val C-index: 0.7170
Epoch 9/30 | Train Loss: 3.7569 | Train C-index: 0.7788 | Val Loss: 3.9845 | Val C-index: 0.7207
Epoch 10/30 | Train Loss: 3.7218 | Train C-index: 0.7880 | Val Loss: 3.9754 | Val C-index: 0.7240
Epoch 11/30 | Train Loss: 3.7014 | Train C-index: 0.7946 | Val Loss: 3.9725 | Val C-index: 0.7266
Epoch 12/30 | Train Loss: 3.6768 | Train C-index: 0.8009 | Val Loss: 3.9782 | Val C-index: 0.7286
Epoch 13/30 | Train Loss: 3.6356 | Train C-index: 0.8051 | Val Loss: 3.9923 | Val C-index: 0.7263
Epoch 14/30 | Train Loss: 3.6286 | Train C-index: 0.8096 | Val Loss: 4.0143 | Val C-index: 0.7237
Epoch 15/30 | Train Loss: 3.6584 | Train C-index: 0.8124 | Val Loss: 4.0369 | Val C-index: 0.7256
Epoch 16/30 | Train Loss: 3.5640 | Train C-index: 0.8181 | Val Loss: 4.0364 | Val C-index: 0.7260
Epoch 17/30 | Train Loss: 3.5350 | Train C-index: 0.8244 | Val Loss: 4.0296 | Val C-index: 0.7256
Epoch 18/30 | Train Loss: 3.5043 | Train C-index: 0.8303 | Val Loss: 4.0308 | Val C-index: 0.7243
Epoch 19/30 | Train Loss: 3.4918 | Train C-index: 0.8355 | Val Loss: 4.0359 | Val C-index: 0.7273
Epoch 20/30 | Train Loss: 3.4807 | Train C-index: 0.8405 | Val Loss: 4.0474 | Val C-index: 0.7293
Epoch 21/30 | Train Loss: 3.4632 | Train C-index: 0.8454 | Val Loss: 4.0685 | Val C-index: 0.7313
Epoch 22/30 | Train Loss: 3.3566 | Train C-index: 0.8513 | Val Loss: 4.0749 | Val C-index: 0.7319
Epoch 23/30 | Train Loss: 3.3629 | Train C-index: 0.8561 | Val Loss: 4.0994 | Val C-index: 0.7316
Epoch 24/30 | Train Loss: 3.3131 | Train C-index: 0.8600 | Val Loss: 4.1165 | Val C-index: 0.7309
Epoch 25/30 | Train Loss: 3.2821 | Train C-index: 0.8647 | Val Loss: 4.1327 | Val C-index: 0.7346
Epoch 26/30 | Train Loss: 3.2501 | Train C-index: 0.8688 | Val Loss: 4.1443 | Val C-index: 0.7356
Epoch 27/30 | Train Loss: 3.1974 | Train C-index: 0.8749 | Val Loss: 4.1581 | Val C-index: 0.7319
Epoch 28/30 | Train Loss: 3.2049 | Train C-index: 0.8786 | Val Loss: 4.1976 | Val C-index: 0.7303
Epoch 29/30 | Train Loss: 3.1180 | Train C-index: 0.8845 | Val Loss: 4.2230 | Val C-index: 0.7326
Epoch 30/30 | Train Loss: 3.0513 | Train C-index: 0.8918 | Val Loss: 4.2695 | Val C-index: 0.7336
Fold 3 final C-index: 0.7356

Extra survival metrics:
cutoff_from_train_median: -0.811062
n_test: 112
n_high_risk: 49
n_low_risk: 63
n_event_test: 38
logrank_stat: 12.550455
logrank_p: 0.000396
auc_36m: 0.805153
auc_60m: 0.715710
HR_high_vs_low: 3.162707
HR_95CI_lower: 1.614955
HR_95CI_upper: 6.193805
cox_p: 0.000786

==================================================
Fold 5/5
==================================================
Epoch 1/30 | Train Loss: 4.1374 | Train C-index: 0.6693 | Val Loss: 4.1998 | Val C-index: 0.6360
Epoch 2/30 | Train Loss: 4.0188 | Train C-index: 0.7489 | Val Loss: 4.1703 | Val C-index: 0.6464
Epoch 3/30 | Train Loss: 3.9436 | Train C-index: 0.7515 | Val Loss: 4.1881 | Val C-index: 0.6454
Epoch 4/30 | Train Loss: 3.9063 | Train C-index: 0.7547 | Val Loss: 4.2300 | Val C-index: 0.6420
Epoch 5/30 | Train Loss: 3.8798 | Train C-index: 0.7622 | Val Loss: 4.2565 | Val C-index: 0.6373
Epoch 6/30 | Train Loss: 3.8795 | Train C-index: 0.7690 | Val Loss: 4.2673 | Val C-index: 0.6373
Epoch 7/30 | Train Loss: 3.7828 | Train C-index: 0.7779 | Val Loss: 4.2676 | Val C-index: 0.6333
Epoch 8/30 | Train Loss: 3.7280 | Train C-index: 0.7852 | Val Loss: 4.2589 | Val C-index: 0.6363
Epoch 9/30 | Train Loss: 3.7131 | Train C-index: 0.7941 | Val Loss: 4.2588 | Val C-index: 0.6420
Epoch 10/30 | Train Loss: 3.6726 | Train C-index: 0.8024 | Val Loss: 4.2653 | Val C-index: 0.6420
Epoch 11/30 | Train Loss: 3.6658 | Train C-index: 0.8095 | Val Loss: 4.2615 | Val C-index: 0.6447
Epoch 12/30 | Train Loss: 3.6025 | Train C-index: 0.8159 | Val Loss: 4.2672 | Val C-index: 0.6481
Epoch 13/30 | Train Loss: 3.5694 | Train C-index: 0.8217 | Val Loss: 4.2722 | Val C-index: 0.6504
Epoch 14/30 | Train Loss: 3.5341 | Train C-index: 0.8273 | Val Loss: 4.2847 | Val C-index: 0.6491
Epoch 15/30 | Train Loss: 3.5244 | Train C-index: 0.8327 | Val Loss: 4.2886 | Val C-index: 0.6561
Epoch 16/30 | Train Loss: 3.4633 | Train C-index: 0.8391 | Val Loss: 4.2968 | Val C-index: 0.6585
Epoch 17/30 | Train Loss: 3.4173 | Train C-index: 0.8435 | Val Loss: 4.3021 | Val C-index: 0.6655
Epoch 18/30 | Train Loss: 3.3915 | Train C-index: 0.8488 | Val Loss: 4.3186 | Val C-index: 0.6692
Epoch 19/30 | Train Loss: 3.3563 | Train C-index: 0.8555 | Val Loss: 4.3377 | Val C-index: 0.6703
Epoch 20/30 | Train Loss: 3.3813 | Train C-index: 0.8601 | Val Loss: 4.3507 | Val C-index: 0.6739
Epoch 21/30 | Train Loss: 3.2915 | Train C-index: 0.8656 | Val Loss: 4.3500 | Val C-index: 0.6746
Epoch 22/30 | Train Loss: 3.2412 | Train C-index: 0.8704 | Val Loss: 4.3771 | Val C-index: 0.6763
Epoch 23/30 | Train Loss: 3.2196 | Train C-index: 0.8741 | Val Loss: 4.4152 | Val C-index: 0.6729
Epoch 24/30 | Train Loss: 3.1972 | Train C-index: 0.8802 | Val Loss: 4.4559 | Val C-index: 0.6703
Epoch 25/30 | Train Loss: 3.1436 | Train C-index: 0.8840 | Val Loss: 4.4759 | Val C-index: 0.6696
Epoch 26/30 | Train Loss: 3.0969 | Train C-index: 0.8901 | Val Loss: 4.4334 | Val C-index: 0.6780
Epoch 27/30 | Train Loss: 3.0058 | Train C-index: 0.8955 | Val Loss: 4.4884 | Val C-index: 0.6776
Epoch 28/30 | Train Loss: 2.9911 | Train C-index: 0.8977 | Val Loss: 4.5992 | Val C-index: 0.6780
Epoch 29/30 | Train Loss: 2.9986 | Train C-index: 0.8987 | Val Loss: 4.6493 | Val C-index: 0.6726
Epoch 30/30 | Train Loss: 2.9507 | Train C-index: 0.9038 | Val Loss: 4.6005 | Val C-index: 0.6780
Fold 4 final C-index: 0.6780

Extra survival metrics:
cutoff_from_train_median: -1.119097
n_test: 112
n_high_risk: 67
n_low_risk: 45
n_event_test: 38
logrank_stat: 8.393760
logrank_p: 0.003765
auc_36m: 0.761551
auc_60m: 0.691778
HR_high_vs_low: 2.890067
HR_95CI_lower: 1.363693
HR_95CI_upper: 6.124904
cox_p: 0.005615

==================================================
5-Fold CV Summary
==================================================
  C-index mean: 0.7380
