nohup: ignoring input
Using Device: cuda
PA model: abmil | k: None | Cox PH loss | AEM lambda0: 0.05
Checkpoints: /home/gly001/cqj/pa_ct_surv/checkpoints/pact_v3/pathology/roi64_abmil_all/seed42
Results: /home/gly001/cqj/pa_ct_surv/results/pact_v3/pathology/roi64_abmil_all/seed42
Loaded 703 samples
Locked split: train=562, test=141
Test set is not accessed during CV

==================================================
Fold 1/5
==================================================
train attention: max=0.0002, entropy=0.9992, effective_patches=11396.1, effective_ratio=0.9857 | val attention: max=0.0002, entropy=0.9992, effective_patches=10711.4, effective_ratio=0.9858
Epoch 1/30 | Cox Loss: 3.1540 | AEM Loss: -9.2710 | Lambda: 0.050000 | Total Loss: 2.6904 | Train C-index: 0.6693 | Val Loss: 4.1408 | Val C-index: 0.7445
train attention: max=0.0002, entropy=0.9984, effective_patches=11202.7, effective_ratio=0.9701 | val attention: max=0.0002, entropy=0.9984, effective_patches=10547.2, effective_ratio=0.9718
Epoch 2/30 | Cox Loss: 3.0038 | AEM Loss: -9.1814 | Lambda: 0.049853 | Total Loss: 2.5461 | Train C-index: 0.7288 | Val Loss: 4.0575 | Val C-index: 0.7490
train attention: max=0.0002, entropy=0.9968, effective_patches=10868.5, effective_ratio=0.9432 | val attention: max=0.0002, entropy=0.9971, effective_patches=10267.6, effective_ratio=0.9477
Epoch 3/30 | Cox Loss: 2.9643 | AEM Loss: -9.1541 | Lambda: 0.049416 | Total Loss: 2.5120 | Train C-index: 0.7381 | Val Loss: 4.0374 | Val C-index: 0.7477
train attention: max=0.0003, entropy=0.9950, effective_patches=10493.5, effective_ratio=0.9124 | val attention: max=0.0003, entropy=0.9954, effective_patches=9950.2, effective_ratio=0.9197
Epoch 4/30 | Cox Loss: 2.9140 | AEM Loss: -9.2643 | Lambda: 0.048691 | Total Loss: 2.4629 | Train C-index: 0.7492 | Val Loss: 4.0206 | Val C-index: 0.7496
train attention: max=0.0003, entropy=0.9928, effective_patches=10076.9, effective_ratio=0.8780 | val attention: max=0.0003, entropy=0.9934, effective_patches=9593.3, effective_ratio=0.8882
Epoch 5/30 | Cox Loss: 2.8665 | AEM Loss: -9.2743 | Lambda: 0.047689 | Total Loss: 2.4242 | Train C-index: 0.7597 | Val Loss: 3.9994 | Val C-index: 0.7528
train attention: max=0.0004, entropy=0.9894, effective_patches=9473.3, effective_ratio=0.8274 | val attention: max=0.0004, entropy=0.9903, effective_patches=9077.1, effective_ratio=0.8416
Epoch 6/30 | Cox Loss: 2.8468 | AEM Loss: -9.1555 | Lambda: 0.046421 | Total Loss: 2.4218 | Train C-index: 0.7731 | Val Loss: 3.9759 | Val C-index: 0.7572
train attention: max=0.0005, entropy=0.9845, effective_patches=8701.8, effective_ratio=0.7631 | val attention: max=0.0005, entropy=0.9859, effective_patches=8403.5, effective_ratio=0.7814
Epoch 7/30 | Cox Loss: 2.7869 | AEM Loss: -9.1733 | Lambda: 0.044902 | Total Loss: 2.3750 | Train C-index: 0.7823 | Val Loss: 3.9456 | Val C-index: 0.7643
train attention: max=0.0006, entropy=0.9807, effective_patches=8163.2, effective_ratio=0.7170 | val attention: max=0.0006, entropy=0.9823, effective_patches=7917.1, effective_ratio=0.7365
Epoch 8/30 | Cox Loss: 2.7601 | AEM Loss: -9.1685 | Lambda: 0.043150 | Total Loss: 2.3644 | Train C-index: 0.7955 | Val Loss: 3.9428 | Val C-index: 0.7630
train attention: max=0.0007, entropy=0.9779, effective_patches=7778.0, effective_ratio=0.6834 | val attention: max=0.0007, entropy=0.9795, effective_patches=7557.9, effective_ratio=0.7031
Epoch 9/30 | Cox Loss: 2.7172 | AEM Loss: -9.1021 | Lambda: 0.041185 | Total Loss: 2.3424 | Train C-index: 0.8034 | Val Loss: 3.9503 | Val C-index: 0.7617
train attention: max=0.0008, entropy=0.9744, effective_patches=7332.5, effective_ratio=0.6458 | val attention: max=0.0009, entropy=0.9763, effective_patches=7127.2, effective_ratio=0.6662
Epoch 10/30 | Cox Loss: 2.6636 | AEM Loss: -9.0689 | Lambda: 0.039030 | Total Loss: 2.3097 | Train C-index: 0.8129 | Val Loss: 3.9171 | Val C-index: 0.7732
train attention: max=0.0010, entropy=0.9697, effective_patches=6801.6, effective_ratio=0.5988 | val attention: max=0.0010, entropy=0.9718, effective_patches=6610.1, effective_ratio=0.6184
Epoch 11/30 | Cox Loss: 2.6247 | AEM Loss: -9.0084 | Lambda: 0.036710 | Total Loss: 2.2940 | Train C-index: 0.8215 | Val Loss: 3.9150 | Val C-index: 0.7719
train attention: max=0.0012, entropy=0.9640, effective_patches=6216.1, effective_ratio=0.5472 | val attention: max=0.0012, entropy=0.9662, effective_patches=6032.3, effective_ratio=0.5653
Epoch 12/30 | Cox Loss: 2.5932 | AEM Loss: -9.0120 | Lambda: 0.034253 | Total Loss: 2.2845 | Train C-index: 0.8313 | Val Loss: 3.9263 | Val C-index: 0.7709
train attention: max=0.0015, entropy=0.9519, effective_patches=5204.3, effective_ratio=0.4587 | val attention: max=0.0016, entropy=0.9543, effective_patches=5063.2, effective_ratio=0.4736
Epoch 13/30 | Cox Loss: 2.5216 | AEM Loss: -8.8200 | Lambda: 0.031688 | Total Loss: 2.2422 | Train C-index: 0.8391 | Val Loss: 3.9219 | Val C-index: 0.7729
train attention: max=0.0018, entropy=0.9479, effective_patches=4881.0, effective_ratio=0.4283 | val attention: max=0.0018, entropy=0.9502, effective_patches=4707.5, effective_ratio=0.4409
Epoch 14/30 | Cox Loss: 2.4981 | AEM Loss: -8.7024 | Lambda: 0.029045 | Total Loss: 2.2453 | Train C-index: 0.8484 | Val Loss: 3.9604 | Val C-index: 0.7662
train attention: max=0.0021, entropy=0.9418, effective_patches=4436.3, effective_ratio=0.3889 | val attention: max=0.0022, entropy=0.9441, effective_patches=4253.6, effective_ratio=0.3998
Epoch 15/30 | Cox Loss: 2.4745 | AEM Loss: -8.7553 | Lambda: 0.026353 | Total Loss: 2.2438 | Train C-index: 0.8578 | Val Loss: 3.9671 | Val C-index: 0.7665
train attention: max=0.0025, entropy=0.9336, effective_patches=3917.7, effective_ratio=0.3440 | val attention: max=0.0026, entropy=0.9360, effective_patches=3748.2, effective_ratio=0.3532
Epoch 16/30 | Cox Loss: 2.4207 | AEM Loss: -8.6764 | Lambda: 0.023647 | Total Loss: 2.2156 | Train C-index: 0.8646 | Val Loss: 3.9836 | Val C-index: 0.7678
train attention: max=0.0030, entropy=0.9254, effective_patches=3459.3, effective_ratio=0.3039 | val attention: max=0.0031, entropy=0.9279, effective_patches=3306.5, effective_ratio=0.3131
Epoch 17/30 | Cox Loss: 2.3784 | AEM Loss: -8.6828 | Lambda: 0.020955 | Total Loss: 2.1965 | Train C-index: 0.8700 | Val Loss: 4.0250 | Val C-index: 0.7608
train attention: max=0.0040, entropy=0.9067, effective_patches=2690.4, effective_ratio=0.2369 | val attention: max=0.0043, entropy=0.9092, effective_patches=2571.9, effective_ratio=0.2435
Epoch 18/30 | Cox Loss: 2.3168 | AEM Loss: -8.5042 | Lambda: 0.018312 | Total Loss: 2.1610 | Train C-index: 0.8774 | Val Loss: 4.0265 | Val C-index: 0.7646
train attention: max=0.0048, entropy=0.9036, effective_patches=2475.5, effective_ratio=0.2188 | val attention: max=0.0050, entropy=0.9061, effective_patches=2368.2, effective_ratio=0.2258
Epoch 19/30 | Cox Loss: 2.2844 | AEM Loss: -8.3267 | Lambda: 0.015747 | Total Loss: 2.1533 | Train C-index: 0.8863 | Val Loss: 4.0505 | Val C-index: 0.7611
train attention: max=0.0057, entropy=0.8908, effective_patches=2090.3, effective_ratio=0.1844 | val attention: max=0.0060, entropy=0.8927, effective_patches=1997.8, effective_ratio=0.1900
Epoch 20/30 | Cox Loss: 2.2300 | AEM Loss: -8.4110 | Lambda: 0.013290 | Total Loss: 2.1182 | Train C-index: 0.8911 | Val Loss: 4.1429 | Val C-index: 0.7541
Early stopping at epoch 20
Fold 0 final C-index: 0.7732

Extra survival metrics:
cutoff_from_train_median: -0.218730
n_test: 113
n_high_risk: 51
n_low_risk: 62
n_event_test: 38
logrank_stat: 29.842583
logrank_p: 0.000000
auc_36m: 0.794331
auc_60m: 0.817904
HR_high_vs_low: 6.691326
HR_95CI_lower: 3.052707
HR_95CI_upper: 14.666932
cox_p: 0.000002

==================================================
Fold 2/5
==================================================
train attention: max=0.0002, entropy=0.9989, effective_patches=11145.1, effective_ratio=0.9802 | val attention: max=0.0002, entropy=0.9989, effective_patches=11423.8, effective_ratio=0.9802
Epoch 1/30 | Cox Loss: 3.1945 | AEM Loss: -9.2370 | Lambda: 0.050000 | Total Loss: 2.7327 | Train C-index: 0.6718 | Val Loss: 4.0312 | Val C-index: 0.7386
train attention: max=0.0002, entropy=0.9988, effective_patches=11126.9, effective_ratio=0.9784 | val attention: max=0.0002, entropy=0.9988, effective_patches=11400.6, effective_ratio=0.9779
Epoch 2/30 | Cox Loss: 3.0751 | AEM Loss: -9.3417 | Lambda: 0.049853 | Total Loss: 2.6094 | Train C-index: 0.7238 | Val Loss: 3.9395 | Val C-index: 0.7491
train attention: max=0.0002, entropy=0.9984, effective_patches=11023.5, effective_ratio=0.9705 | val attention: max=0.0002, entropy=0.9984, effective_patches=11297.4, effective_ratio=0.9703
Epoch 3/30 | Cox Loss: 2.9741 | AEM Loss: -9.2590 | Lambda: 0.049416 | Total Loss: 2.5166 | Train C-index: 0.7369 | Val Loss: 3.9129 | Val C-index: 0.7455
train attention: max=0.0002, entropy=0.9971, effective_patches=10741.1, effective_ratio=0.9474 | val attention: max=0.0002, entropy=0.9971, effective_patches=11021.1, effective_ratio=0.9487
Epoch 4/30 | Cox Loss: 2.9330 | AEM Loss: -9.2112 | Lambda: 0.048691 | Total Loss: 2.4845 | Train C-index: 0.7472 | Val Loss: 3.9105 | Val C-index: 0.7474
train attention: max=0.0003, entropy=0.9940, effective_patches=10139.9, effective_ratio=0.8972 | val attention: max=0.0003, entropy=0.9943, effective_patches=10432.2, effective_ratio=0.9019
Epoch 5/30 | Cox Loss: 2.9257 | AEM Loss: -9.2670 | Lambda: 0.047689 | Total Loss: 2.4838 | Train C-index: 0.7585 | Val Loss: 3.9022 | Val C-index: 0.7474
train attention: max=0.0004, entropy=0.9912, effective_patches=9662.3, effective_ratio=0.8560 | val attention: max=0.0003, entropy=0.9917, effective_patches=9970.3, effective_ratio=0.8635
Epoch 6/30 | Cox Loss: 2.8518 | AEM Loss: -9.1585 | Lambda: 0.046421 | Total Loss: 2.4267 | Train C-index: 0.7709 | Val Loss: 3.9028 | Val C-index: 0.7484
train attention: max=0.0005, entropy=0.9871, effective_patches=8984.4, effective_ratio=0.7978 | val attention: max=0.0004, entropy=0.9879, effective_patches=9303.6, effective_ratio=0.8085
Epoch 7/30 | Cox Loss: 2.8247 | AEM Loss: -9.1088 | Lambda: 0.044902 | Total Loss: 2.4157 | Train C-index: 0.7827 | Val Loss: 3.9085 | Val C-index: 0.7481
train attention: max=0.0006, entropy=0.9834, effective_patches=8440.3, effective_ratio=0.7501 | val attention: max=0.0005, entropy=0.9844, effective_patches=8761.3, effective_ratio=0.7623
Epoch 8/30 | Cox Loss: 2.7991 | AEM Loss: -9.0636 | Lambda: 0.043150 | Total Loss: 2.4080 | Train C-index: 0.7955 | Val Loss: 3.9194 | Val C-index: 0.7474
train attention: max=0.0007, entropy=0.9782, effective_patches=7742.0, effective_ratio=0.6884 | val attention: max=0.0007, entropy=0.9794, effective_patches=8037.3, effective_ratio=0.7003
Epoch 9/30 | Cox Loss: 2.7408 | AEM Loss: -9.1205 | Lambda: 0.041185 | Total Loss: 2.3652 | Train C-index: 0.8063 | Val Loss: 3.9197 | Val C-index: 0.7514
train attention: max=0.0009, entropy=0.9717, effective_patches=6954.9, effective_ratio=0.6193 | val attention: max=0.0009, entropy=0.9729, effective_patches=7209.4, effective_ratio=0.6295
Epoch 10/30 | Cox Loss: 2.6647 | AEM Loss: -8.8209 | Lambda: 0.039030 | Total Loss: 2.3204 | Train C-index: 0.8173 | Val Loss: 3.9275 | Val C-index: 0.7550
train attention: max=0.0012, entropy=0.9645, effective_patches=6202.8, effective_ratio=0.5522 | val attention: max=0.0011, entropy=0.9656, effective_patches=6393.3, effective_ratio=0.5583
Epoch 11/30 | Cox Loss: 2.6292 | AEM Loss: -8.9800 | Lambda: 0.036710 | Total Loss: 2.2995 | Train C-index: 0.8271 | Val Loss: 3.9629 | Val C-index: 0.7534
train attention: max=0.0016, entropy=0.9540, effective_patches=5263.7, effective_ratio=0.4687 | val attention: max=0.0015, entropy=0.9549, effective_patches=5371.7, effective_ratio=0.4704
Epoch 12/30 | Cox Loss: 2.6008 | AEM Loss: -8.8671 | Lambda: 0.034253 | Total Loss: 2.2970 | Train C-index: 0.8363 | Val Loss: 4.0266 | Val C-index: 0.7392
train attention: max=0.0023, entropy=0.9415, effective_patches=4305.4, effective_ratio=0.3843 | val attention: max=0.0021, entropy=0.9421, effective_patches=4336.9, effective_ratio=0.3831
Epoch 13/30 | Cox Loss: 2.5324 | AEM Loss: -8.7991 | Lambda: 0.031688 | Total Loss: 2.2535 | Train C-index: 0.8493 | Val Loss: 4.1074 | Val C-index: 0.7435
train attention: max=0.0030, entropy=0.9307, effective_patches=3617.9, effective_ratio=0.3240 | val attention: max=0.0028, entropy=0.9309, effective_patches=3600.0, effective_ratio=0.3203
Epoch 14/30 | Cox Loss: 2.4393 | AEM Loss: -8.6802 | Lambda: 0.029045 | Total Loss: 2.1872 | Train C-index: 0.8591 | Val Loss: 4.2053 | Val C-index: 0.7419
train attention: max=0.0038, entropy=0.9177, effective_patches=2982.6, effective_ratio=0.2675 | val attention: max=0.0036, entropy=0.9169, effective_patches=2927.3, effective_ratio=0.2609
Epoch 15/30 | Cox Loss: 2.4108 | AEM Loss: -8.5953 | Lambda: 0.026353 | Total Loss: 2.1842 | Train C-index: 0.8656 | Val Loss: 4.2450 | Val C-index: 0.7303
train attention: max=0.0047, entropy=0.9055, effective_patches=2498.2, effective_ratio=0.2245 | val attention: max=0.0044, entropy=0.9039, effective_patches=2443.8, effective_ratio=0.2180
Epoch 16/30 | Cox Loss: 2.3861 | AEM Loss: -8.2072 | Lambda: 0.023647 | Total Loss: 2.1920 | Train C-index: 0.8759 | Val Loss: 4.2580 | Val C-index: 0.7175
train attention: max=0.0063, entropy=0.8958, effective_patches=2082.2, effective_ratio=0.1893 | val attention: max=0.0058, entropy=0.8954, effective_patches=2048.3, effective_ratio=0.1871
Epoch 17/30 | Cox Loss: 2.2781 | AEM Loss: -8.4322 | Lambda: 0.020955 | Total Loss: 2.1014 | Train C-index: 0.8883 | Val Loss: 4.4103 | Val C-index: 0.7214
train attention: max=0.0079, entropy=0.8838, effective_patches=1703.2, effective_ratio=0.1561 | val attention: max=0.0074, entropy=0.8826, effective_patches=1673.5, effective_ratio=0.1543
Epoch 18/30 | Cox Loss: 2.2420 | AEM Loss: -8.2973 | Lambda: 0.018312 | Total Loss: 2.0900 | Train C-index: 0.8893 | Val Loss: 4.6128 | Val C-index: 0.7125
train attention: max=0.0102, entropy=0.8626, effective_patches=1286.3, effective_ratio=0.1181 | val attention: max=0.0096, entropy=0.8595, effective_patches=1237.2, effective_ratio=0.1149
Epoch 19/30 | Cox Loss: 2.1499 | AEM Loss: -8.1436 | Lambda: 0.015747 | Total Loss: 2.0216 | Train C-index: 0.8999 | Val Loss: 4.6463 | Val C-index: 0.6885
train attention: max=0.0127, entropy=0.8496, effective_patches=1042.7, effective_ratio=0.0969 | val attention: max=0.0122, entropy=0.8458, effective_patches=997.7, effective_ratio=0.0938
Epoch 20/30 | Cox Loss: 2.1059 | AEM Loss: -7.9862 | Lambda: 0.013290 | Total Loss: 1.9998 | Train C-index: 0.9072 | Val Loss: 4.8517 | Val C-index: 0.6967
Early stopping at epoch 20
Fold 1 final C-index: 0.7550

Extra survival metrics:
cutoff_from_train_median: -0.301029
n_test: 113
n_high_risk: 51
n_low_risk: 62
n_event_test: 39
logrank_stat: 30.090270
logrank_p: 0.000000
auc_36m: 0.754092
auc_60m: 0.797715
HR_high_vs_low: 7.909797
HR_95CI_lower: 3.301804
HR_95CI_upper: 18.948696
cox_p: 0.000003

==================================================
Fold 3/5
==================================================
train attention: max=0.0002, entropy=0.9993, effective_patches=11299.7, effective_ratio=0.9867 | val attention: max=0.0002, entropy=0.9993, effective_patches=11155.8, effective_ratio=0.9867
Epoch 1/30 | Cox Loss: 3.1788 | AEM Loss: -9.2565 | Lambda: 0.050000 | Total Loss: 2.7160 | Train C-index: 0.6347 | Val Loss: 4.0813 | Val C-index: 0.6986
train attention: max=0.0002, entropy=0.9986, effective_patches=11151.5, effective_ratio=0.9743 | val attention: max=0.0002, entropy=0.9985, effective_patches=11003.6, effective_ratio=0.9737
Epoch 2/30 | Cox Loss: 3.0976 | AEM Loss: -9.2879 | Lambda: 0.049853 | Total Loss: 2.6346 | Train C-index: 0.7258 | Val Loss: 4.0407 | Val C-index: 0.6990
train attention: max=0.0002, entropy=0.9975, effective_patches=10923.9, effective_ratio=0.9553 | val attention: max=0.0002, entropy=0.9974, effective_patches=10763.3, effective_ratio=0.9534
Epoch 3/30 | Cox Loss: 2.9641 | AEM Loss: -9.2948 | Lambda: 0.049416 | Total Loss: 2.5048 | Train C-index: 0.7450 | Val Loss: 4.0298 | Val C-index: 0.7071
train attention: max=0.0003, entropy=0.9962, effective_patches=10642.9, effective_ratio=0.9328 | val attention: max=0.0003, entropy=0.9959, effective_patches=10455.7, effective_ratio=0.9284
Epoch 4/30 | Cox Loss: 2.9276 | AEM Loss: -9.2759 | Lambda: 0.048691 | Total Loss: 2.4760 | Train C-index: 0.7531 | Val Loss: 4.0170 | Val C-index: 0.7125
train attention: max=0.0003, entropy=0.9937, effective_patches=10131.0, effective_ratio=0.8911 | val attention: max=0.0003, entropy=0.9931, effective_patches=9905.3, effective_ratio=0.8830
Epoch 5/30 | Cox Loss: 2.8904 | AEM Loss: -9.1915 | Lambda: 0.047689 | Total Loss: 2.4520 | Train C-index: 0.7660 | Val Loss: 3.9994 | Val C-index: 0.7183
train attention: max=0.0004, entropy=0.9904, effective_patches=9537.6, effective_ratio=0.8415 | val attention: max=0.0005, entropy=0.9895, effective_patches=9275.7, effective_ratio=0.8297
Epoch 6/30 | Cox Loss: 2.8631 | AEM Loss: -9.2063 | Lambda: 0.046421 | Total Loss: 2.4357 | Train C-index: 0.7803 | Val Loss: 3.9945 | Val C-index: 0.7180
train attention: max=0.0005, entropy=0.9865, effective_patches=8885.1, effective_ratio=0.7866 | val attention: max=0.0006, entropy=0.9852, effective_patches=8587.4, effective_ratio=0.7711
Epoch 7/30 | Cox Loss: 2.7961 | AEM Loss: -9.1389 | Lambda: 0.044902 | Total Loss: 2.3857 | Train C-index: 0.7921 | Val Loss: 4.0060 | Val C-index: 0.7190
train attention: max=0.0007, entropy=0.9812, effective_patches=8103.0, effective_ratio=0.7202 | val attention: max=0.0008, entropy=0.9794, effective_patches=7776.8, effective_ratio=0.7013
Epoch 8/30 | Cox Loss: 2.7541 | AEM Loss: -9.1447 | Lambda: 0.043150 | Total Loss: 2.3595 | Train C-index: 0.8032 | Val Loss: 4.0200 | Val C-index: 0.7264
train attention: max=0.0009, entropy=0.9759, effective_patches=7398.0, effective_ratio=0.6600 | val attention: max=0.0010, entropy=0.9736, effective_patches=7063.7, effective_ratio=0.6389
Epoch 9/30 | Cox Loss: 2.7424 | AEM Loss: -9.0474 | Lambda: 0.041185 | Total Loss: 2.3698 | Train C-index: 0.8118 | Val Loss: 4.0381 | Val C-index: 0.7298
train attention: max=0.0011, entropy=0.9707, effective_patches=6763.8, effective_ratio=0.6053 | val attention: max=0.0012, entropy=0.9680, effective_patches=6425.3, effective_ratio=0.5832
Epoch 10/30 | Cox Loss: 2.6716 | AEM Loss: -9.0127 | Lambda: 0.039030 | Total Loss: 2.3199 | Train C-index: 0.8203 | Val Loss: 4.0694 | Val C-index: 0.7288
train attention: max=0.0013, entropy=0.9668, effective_patches=6330.0, effective_ratio=0.5664 | val attention: max=0.0014, entropy=0.9640, effective_patches=5998.8, effective_ratio=0.5441
Epoch 11/30 | Cox Loss: 2.6237 | AEM Loss: -8.9598 | Lambda: 0.036710 | Total Loss: 2.2948 | Train C-index: 0.8296 | Val Loss: 4.1014 | Val C-index: 0.7278
train attention: max=0.0016, entropy=0.9619, effective_patches=5809.3, effective_ratio=0.5207 | val attention: max=0.0018, entropy=0.9589, effective_patches=5503.9, effective_ratio=0.4993
Epoch 12/30 | Cox Loss: 2.5815 | AEM Loss: -8.8946 | Lambda: 0.034253 | Total Loss: 2.2769 | Train C-index: 0.8364 | Val Loss: 4.1143 | Val C-index: 0.7308
train attention: max=0.0019, entropy=0.9564, effective_patches=5273.5, effective_ratio=0.4735 | val attention: max=0.0021, entropy=0.9532, effective_patches=4990.8, effective_ratio=0.4535
Epoch 13/30 | Cox Loss: 2.5475 | AEM Loss: -8.9043 | Lambda: 0.031688 | Total Loss: 2.2653 | Train C-index: 0.8445 | Val Loss: 4.1832 | Val C-index: 0.7254
train attention: max=0.0025, entropy=0.9450, effective_patches=4400.0, effective_ratio=0.3973 | val attention: max=0.0028, entropy=0.9411, effective_patches=4138.8, effective_ratio=0.3780
Epoch 14/30 | Cox Loss: 2.4979 | AEM Loss: -8.8374 | Lambda: 0.029045 | Total Loss: 2.2413 | Train C-index: 0.8509 | Val Loss: 4.2372 | Val C-index: 0.7288
train attention: max=0.0030, entropy=0.9391, effective_patches=3972.3, effective_ratio=0.3592 | val attention: max=0.0033, entropy=0.9353, effective_patches=3745.9, effective_ratio=0.3421
Epoch 15/30 | Cox Loss: 2.4547 | AEM Loss: -8.6586 | Lambda: 0.026353 | Total Loss: 2.2265 | Train C-index: 0.8572 | Val Loss: 4.2469 | Val C-index: 0.7305
train attention: max=0.0035, entropy=0.9329, effective_patches=3576.4, effective_ratio=0.3241 | val attention: max=0.0039, entropy=0.9292, effective_patches=3381.6, effective_ratio=0.3089
Epoch 16/30 | Cox Loss: 2.3915 | AEM Loss: -8.6773 | Lambda: 0.023647 | Total Loss: 2.1863 | Train C-index: 0.8672 | Val Loss: 4.2758 | Val C-index: 0.7356
train attention: max=0.0046, entropy=0.9181, effective_patches=2855.2, effective_ratio=0.2603 | val attention: max=0.0051, entropy=0.9144, effective_patches=2719.0, effective_ratio=0.2486
Epoch 17/30 | Cox Loss: 2.4798 | AEM Loss: -8.5337 | Lambda: 0.020955 | Total Loss: 2.3010 | Train C-index: 0.8732 | Val Loss: 4.3345 | Val C-index: 0.7315
train attention: max=0.0053, entropy=0.9082, effective_patches=2464.8, effective_ratio=0.2234 | val attention: max=0.0057, entropy=0.9057, effective_patches=2428.4, effective_ratio=0.2184
Epoch 18/30 | Cox Loss: 2.3208 | AEM Loss: -8.3970 | Lambda: 0.018312 | Total Loss: 2.1670 | Train C-index: 0.8800 | Val Loss: 4.4210 | Val C-index: 0.7251
train attention: max=0.0077, entropy=0.8867, effective_patches=1819.0, effective_ratio=0.1671 | val attention: max=0.0082, entropy=0.8829, effective_patches=1781.4, effective_ratio=0.1624
Epoch 19/30 | Cox Loss: 2.2716 | AEM Loss: -8.2870 | Lambda: 0.015747 | Total Loss: 2.1411 | Train C-index: 0.8837 | Val Loss: 4.4850 | Val C-index: 0.7288
train attention: max=0.0087, entropy=0.8820, effective_patches=1625.5, effective_ratio=0.1496 | val attention: max=0.0095, entropy=0.8791, effective_patches=1615.2, effective_ratio=0.1469
Epoch 20/30 | Cox Loss: 2.2200 | AEM Loss: -8.2435 | Lambda: 0.013290 | Total Loss: 2.1105 | Train C-index: 0.8935 | Val Loss: 4.5378 | Val C-index: 0.7119
train attention: max=0.0114, entropy=0.8646, effective_patches=1283.0, effective_ratio=0.1194 | val attention: max=0.0123, entropy=0.8605, effective_patches=1259.8, effective_ratio=0.1162
Epoch 21/30 | Cox Loss: 2.1645 | AEM Loss: -8.1204 | Lambda: 0.010970 | Total Loss: 2.0755 | Train C-index: 0.8990 | Val Loss: 4.5751 | Val C-index: 0.7224
train attention: max=0.0130, entropy=0.8523, effective_patches=1081.5, effective_ratio=0.1003 | val attention: max=0.0141, entropy=0.8497, effective_patches=1075.2, effective_ratio=0.0995
Epoch 22/30 | Cox Loss: 2.1300 | AEM Loss: -8.0775 | Lambda: 0.008815 | Total Loss: 2.0588 | Train C-index: 0.9067 | Val Loss: 4.6945 | Val C-index: 0.7176
train attention: max=0.0165, entropy=0.8337, effective_patches=859.3, effective_ratio=0.0805 | val attention: max=0.0177, entropy=0.8302, effective_patches=829.8, effective_ratio=0.0775
Epoch 23/30 | Cox Loss: 2.0132 | AEM Loss: -7.8781 | Lambda: 0.006850 | Total Loss: 1.9592 | Train C-index: 0.9124 | Val Loss: 4.7916 | Val C-index: 0.7224
train attention: max=0.0197, entropy=0.8246, effective_patches=727.8, effective_ratio=0.0688 | val attention: max=0.0209, entropy=0.8234, effective_patches=726.5, effective_ratio=0.0684
Epoch 24/30 | Cox Loss: 1.9646 | AEM Loss: -7.6533 | Lambda: 0.005098 | Total Loss: 1.9256 | Train C-index: 0.9169 | Val Loss: 4.9884 | Val C-index: 0.7153
train attention: max=0.0238, entropy=0.8013, effective_patches=564.6, effective_ratio=0.0534 | val attention: max=0.0261, entropy=0.7971, effective_patches=539.3, effective_ratio=0.0509
Epoch 25/30 | Cox Loss: 1.9555 | AEM Loss: -7.5102 | Lambda: 0.003579 | Total Loss: 1.9286 | Train C-index: 0.9216 | Val Loss: 4.8983 | Val C-index: 0.7180
train attention: max=0.0269, entropy=0.7867, effective_patches=473.9, effective_ratio=0.0445 | val attention: max=0.0286, entropy=0.7890, effective_patches=482.8, effective_ratio=0.0453
Epoch 26/30 | Cox Loss: 1.9020 | AEM Loss: -7.3074 | Lambda: 0.002311 | Total Loss: 1.8851 | Train C-index: 0.9261 | Val Loss: 5.2789 | Val C-index: 0.7098
Early stopping at epoch 26
Fold 2 final C-index: 0.7356

Extra survival metrics:
cutoff_from_train_median: -0.784069
n_test: 112
n_high_risk: 66
n_low_risk: 46
n_event_test: 38
logrank_stat: 15.875775
logrank_p: 0.000068
auc_36m: 0.775168
auc_60m: 0.754087
HR_high_vs_low: 5.506193
HR_95CI_lower: 2.145078
HR_95CI_upper: 14.133828
cox_p: 0.000390

==================================================
Fold 4/5
==================================================
train attention: max=0.0002, entropy=0.9993, effective_patches=11160.7, effective_ratio=0.9869 | val attention: max=0.0002, entropy=0.9993, effective_patches=11733.7, effective_ratio=0.9870
Epoch 1/30 | Cox Loss: 3.1655 | AEM Loss: -9.2225 | Lambda: 0.050000 | Total Loss: 2.7043 | Train C-index: 0.6779 | Val Loss: 4.0812 | Val C-index: 0.7038
train attention: max=0.0002, entropy=0.9987, effective_patches=11033.8, effective_ratio=0.9762 | val attention: max=0.0002, entropy=0.9987, effective_patches=11612.4, effective_ratio=0.9769
Epoch 2/30 | Cox Loss: 3.0431 | AEM Loss: -9.2652 | Lambda: 0.049853 | Total Loss: 2.5812 | Train C-index: 0.7355 | Val Loss: 4.0210 | Val C-index: 0.7104
train attention: max=0.0002, entropy=0.9974, effective_patches=10752.4, effective_ratio=0.9538 | val attention: max=0.0002, entropy=0.9976, effective_patches=11356.8, effective_ratio=0.9564
Epoch 3/30 | Cox Loss: 3.0208 | AEM Loss: -9.1699 | Lambda: 0.049416 | Total Loss: 2.5677 | Train C-index: 0.7380 | Val Loss: 4.0163 | Val C-index: 0.7117
train attention: max=0.0003, entropy=0.9951, effective_patches=10281.1, effective_ratio=0.9158 | val attention: max=0.0002, entropy=0.9954, effective_patches=10906.3, effective_ratio=0.9197
Epoch 4/30 | Cox Loss: 2.9368 | AEM Loss: -9.2223 | Lambda: 0.048691 | Total Loss: 2.4878 | Train C-index: 0.7507 | Val Loss: 4.0152 | Val C-index: 0.7170
train attention: max=0.0003, entropy=0.9918, effective_patches=9684.9, effective_ratio=0.8662 | val attention: max=0.0003, entropy=0.9922, effective_patches=10296.9, effective_ratio=0.8694
Epoch 5/30 | Cox Loss: 2.9973 | AEM Loss: -9.1440 | Lambda: 0.047689 | Total Loss: 2.5612 | Train C-index: 0.7636 | Val Loss: 4.0070 | Val C-index: 0.7217
train attention: max=0.0005, entropy=0.9866, effective_patches=8869.5, effective_ratio=0.7961 | val attention: max=0.0004, entropy=0.9870, effective_patches=9422.9, effective_ratio=0.7959
Epoch 6/30 | Cox Loss: 2.8582 | AEM Loss: -9.1649 | Lambda: 0.046421 | Total Loss: 2.4328 | Train C-index: 0.7736 | Val Loss: 4.0057 | Val C-index: 0.7237
train attention: max=0.0005, entropy=0.9838, effective_patches=8445.1, effective_ratio=0.7598 | val attention: max=0.0005, entropy=0.9841, effective_patches=8988.3, effective_ratio=0.7594
Epoch 7/30 | Cox Loss: 2.8321 | AEM Loss: -9.0981 | Lambda: 0.044902 | Total Loss: 2.4236 | Train C-index: 0.7860 | Val Loss: 3.9968 | Val C-index: 0.7227
train attention: max=0.0006, entropy=0.9803, effective_patches=7954.0, effective_ratio=0.7180 | val attention: max=0.0006, entropy=0.9806, effective_patches=8482.1, effective_ratio=0.7174
Epoch 8/30 | Cox Loss: 2.7683 | AEM Loss: -9.0406 | Lambda: 0.043150 | Total Loss: 2.3782 | Train C-index: 0.7949 | Val Loss: 3.9969 | Val C-index: 0.7233
train attention: max=0.0007, entropy=0.9783, effective_patches=7660.9, effective_ratio=0.6934 | val attention: max=0.0007, entropy=0.9788, effective_patches=8214.1, effective_ratio=0.6952
Epoch 9/30 | Cox Loss: 2.7642 | AEM Loss: -9.0463 | Lambda: 0.041185 | Total Loss: 2.3916 | Train C-index: 0.8035 | Val Loss: 3.9996 | Val C-index: 0.7253
train attention: max=0.0009, entropy=0.9744, effective_patches=7164.1, effective_ratio=0.6516 | val attention: max=0.0008, entropy=0.9749, effective_patches=7721.0, effective_ratio=0.6548
Epoch 10/30 | Cox Loss: 2.7316 | AEM Loss: -9.0672 | Lambda: 0.039030 | Total Loss: 2.3777 | Train C-index: 0.8117 | Val Loss: 4.0031 | Val C-index: 0.7293
train attention: max=0.0010, entropy=0.9700, effective_patches=6679.5, effective_ratio=0.6106 | val attention: max=0.0010, entropy=0.9707, effective_patches=7240.2, effective_ratio=0.6155
Epoch 11/30 | Cox Loss: 2.6760 | AEM Loss: -8.9397 | Lambda: 0.036710 | Total Loss: 2.3479 | Train C-index: 0.8179 | Val Loss: 4.0133 | Val C-index: 0.7319
train attention: max=0.0012, entropy=0.9657, effective_patches=6217.3, effective_ratio=0.5713 | val attention: max=0.0012, entropy=0.9666, effective_patches=6796.0, effective_ratio=0.5792
Epoch 12/30 | Cox Loss: 2.6568 | AEM Loss: -8.9602 | Lambda: 0.034253 | Total Loss: 2.3499 | Train C-index: 0.8229 | Val Loss: 4.0363 | Val C-index: 0.7316
train attention: max=0.0014, entropy=0.9634, effective_patches=5989.9, effective_ratio=0.5514 | val attention: max=0.0013, entropy=0.9646, effective_patches=6587.7, effective_ratio=0.5620
Epoch 13/30 | Cox Loss: 2.6318 | AEM Loss: -8.9327 | Lambda: 0.031688 | Total Loss: 2.3488 | Train C-index: 0.8299 | Val Loss: 4.0556 | Val C-index: 0.7270
train attention: max=0.0016, entropy=0.9599, effective_patches=5643.1, effective_ratio=0.5219 | val attention: max=0.0015, entropy=0.9616, effective_patches=6274.0, effective_ratio=0.5365
Epoch 14/30 | Cox Loss: 2.5731 | AEM Loss: -8.9325 | Lambda: 0.029045 | Total Loss: 2.3137 | Train C-index: 0.8378 | Val Loss: 4.0738 | Val C-index: 0.7293
train attention: max=0.0019, entropy=0.9545, effective_patches=5177.2, effective_ratio=0.4816 | val attention: max=0.0018, entropy=0.9568, effective_patches=5803.7, effective_ratio=0.4984
Epoch 15/30 | Cox Loss: 2.6864 | AEM Loss: -8.8173 | Lambda: 0.026353 | Total Loss: 2.4541 | Train C-index: 0.8424 | Val Loss: 4.0933 | Val C-index: 0.7293
train attention: max=0.0029, entropy=0.9406, effective_patches=4201.9, effective_ratio=0.3962 | val attention: max=0.0028, entropy=0.9444, effective_patches=4752.3, effective_ratio=0.4122
Epoch 16/30 | Cox Loss: 2.4984 | AEM Loss: -8.7390 | Lambda: 0.023647 | Total Loss: 2.2917 | Train C-index: 0.8513 | Val Loss: 4.0996 | Val C-index: 0.7319
train attention: max=0.0033, entropy=0.9379, effective_patches=4004.6, effective_ratio=0.3784 | val attention: max=0.0031, entropy=0.9423, effective_patches=4531.1, effective_ratio=0.3943
Epoch 17/30 | Cox Loss: 2.4884 | AEM Loss: -8.6515 | Lambda: 0.020955 | Total Loss: 2.3071 | Train C-index: 0.8549 | Val Loss: 4.1206 | Val C-index: 0.7290
train attention: max=0.0034, entropy=0.9371, effective_patches=3932.1, effective_ratio=0.3704 | val attention: max=0.0032, entropy=0.9413, effective_patches=4422.1, effective_ratio=0.3849
Epoch 18/30 | Cox Loss: 2.4197 | AEM Loss: -8.6971 | Lambda: 0.018312 | Total Loss: 2.2605 | Train C-index: 0.8637 | Val Loss: 4.1348 | Val C-index: 0.7237
train attention: max=0.0040, entropy=0.9257, effective_patches=3352.3, effective_ratio=0.3162 | val attention: max=0.0039, entropy=0.9302, effective_patches=3748.2, effective_ratio=0.3263
Epoch 19/30 | Cox Loss: 2.4018 | AEM Loss: -8.5752 | Lambda: 0.015747 | Total Loss: 2.2667 | Train C-index: 0.8708 | Val Loss: 4.1839 | Val C-index: 0.7197
train attention: max=0.0052, entropy=0.9078, effective_patches=2650.3, effective_ratio=0.2519 | val attention: max=0.0053, entropy=0.9128, effective_patches=2947.1, effective_ratio=0.2573
Epoch 20/30 | Cox Loss: 2.3503 | AEM Loss: -8.4529 | Lambda: 0.013290 | Total Loss: 2.2379 | Train C-index: 0.8738 | Val Loss: 4.2741 | Val C-index: 0.7253
train attention: max=0.0064, entropy=0.8997, effective_patches=2322.7, effective_ratio=0.2226 | val attention: max=0.0065, entropy=0.9055, effective_patches=2569.8, effective_ratio=0.2258
Epoch 21/30 | Cox Loss: 2.3195 | AEM Loss: -8.3551 | Lambda: 0.010970 | Total Loss: 2.2279 | Train C-index: 0.8785 | Val Loss: 4.3245 | Val C-index: 0.7253
Early stopping at epoch 21
Fold 3 final C-index: 0.7319

Extra survival metrics:
cutoff_from_train_median: -0.641640
n_test: 112
n_high_risk: 47
n_low_risk: 65
n_event_test: 38
logrank_stat: 8.930663
logrank_p: 0.002804
auc_36m: 0.786858
auc_60m: 0.702145
HR_high_vs_low: 2.606999
HR_95CI_lower: 1.357728
HR_95CI_upper: 5.005748
cox_p: 0.003993

==================================================
Fold 5/5
==================================================
train attention: max=0.0002, entropy=0.9990, effective_patches=11214.5, effective_ratio=0.9816 | val attention: max=0.0002, entropy=0.9990, effective_patches=11187.5, effective_ratio=0.9812
Epoch 1/30 | Cox Loss: 3.2030 | AEM Loss: -9.2728 | Lambda: 0.050000 | Total Loss: 2.7394 | Train C-index: 0.6817 | Val Loss: 4.1843 | Val C-index: 0.6329
train attention: max=0.0002, entropy=0.9977, effective_patches=10938.0, effective_ratio=0.9586 | val attention: max=0.0002, entropy=0.9976, effective_patches=10891.1, effective_ratio=0.9569
Epoch 2/30 | Cox Loss: 2.9995 | AEM Loss: -9.2247 | Lambda: 0.049853 | Total Loss: 2.5396 | Train C-index: 0.7523 | Val Loss: 4.2011 | Val C-index: 0.6413
train attention: max=0.0003, entropy=0.9955, effective_patches=10490.5, effective_ratio=0.9209 | val attention: max=0.0002, entropy=0.9953, effective_patches=10417.2, effective_ratio=0.9177
Epoch 3/30 | Cox Loss: 2.9455 | AEM Loss: -9.1944 | Lambda: 0.049416 | Total Loss: 2.4912 | Train C-index: 0.7596 | Val Loss: 4.2605 | Val C-index: 0.6376
train attention: max=0.0003, entropy=0.9927, effective_patches=9971.6, effective_ratio=0.8770 | val attention: max=0.0003, entropy=0.9925, effective_patches=9878.0, effective_ratio=0.8725
Epoch 4/30 | Cox Loss: 3.0300 | AEM Loss: -9.1943 | Lambda: 0.048691 | Total Loss: 2.5823 | Train C-index: 0.7688 | Val Loss: 4.2769 | Val C-index: 0.6353
train attention: max=0.0004, entropy=0.9904, effective_patches=9562.9, effective_ratio=0.8427 | val attention: max=0.0004, entropy=0.9901, effective_patches=9454.4, effective_ratio=0.8373
Epoch 5/30 | Cox Loss: 2.8770 | AEM Loss: -9.1632 | Lambda: 0.047689 | Total Loss: 2.4400 | Train C-index: 0.7757 | Val Loss: 4.1959 | Val C-index: 0.6548
train attention: max=0.0005, entropy=0.9857, effective_patches=8830.8, effective_ratio=0.7802 | val attention: max=0.0005, entropy=0.9854, effective_patches=8700.1, effective_ratio=0.7731
Epoch 6/30 | Cox Loss: 2.8623 | AEM Loss: -9.1151 | Lambda: 0.046421 | Total Loss: 2.4391 | Train C-index: 0.7868 | Val Loss: 4.1858 | Val C-index: 0.6602
train attention: max=0.0006, entropy=0.9809, effective_patches=8169.8, effective_ratio=0.7231 | val attention: max=0.0006, entropy=0.9806, effective_patches=8028.8, effective_ratio=0.7151
Epoch 7/30 | Cox Loss: 2.7607 | AEM Loss: -9.1111 | Lambda: 0.044902 | Total Loss: 2.3516 | Train C-index: 0.8020 | Val Loss: 4.2028 | Val C-index: 0.6629
train attention: max=0.0007, entropy=0.9750, effective_patches=7454.7, effective_ratio=0.6608 | val attention: max=0.0007, entropy=0.9748, effective_patches=7300.5, effective_ratio=0.6515
Epoch 8/30 | Cox Loss: 2.7980 | AEM Loss: -9.0824 | Lambda: 0.043150 | Total Loss: 2.4061 | Train C-index: 0.8106 | Val Loss: 4.2289 | Val C-index: 0.6592
train attention: max=0.0008, entropy=0.9728, effective_patches=7184.6, effective_ratio=0.6375 | val attention: max=0.0008, entropy=0.9726, effective_patches=7027.4, effective_ratio=0.6277
Epoch 9/30 | Cox Loss: 2.6920 | AEM Loss: -8.9976 | Lambda: 0.041185 | Total Loss: 2.3215 | Train C-index: 0.8188 | Val Loss: 4.2469 | Val C-index: 0.6615
train attention: max=0.0010, entropy=0.9680, effective_patches=6691.1, effective_ratio=0.5940 | val attention: max=0.0009, entropy=0.9678, effective_patches=6518.4, effective_ratio=0.5827
Epoch 10/30 | Cox Loss: 2.6606 | AEM Loss: -8.9576 | Lambda: 0.039030 | Total Loss: 2.3110 | Train C-index: 0.8256 | Val Loss: 4.2917 | Val C-index: 0.6578
train attention: max=0.0011, entropy=0.9658, effective_patches=6453.7, effective_ratio=0.5728 | val attention: max=0.0011, entropy=0.9657, effective_patches=6283.6, effective_ratio=0.5618
Epoch 11/30 | Cox Loss: 2.6253 | AEM Loss: -8.9391 | Lambda: 0.036710 | Total Loss: 2.2972 | Train C-index: 0.8328 | Val Loss: 4.2829 | Val C-index: 0.6649
train attention: max=0.0012, entropy=0.9602, effective_patches=5935.7, effective_ratio=0.5257 | val attention: max=0.0012, entropy=0.9606, effective_patches=5801.3, effective_ratio=0.5179
Epoch 12/30 | Cox Loss: 2.5893 | AEM Loss: -8.8224 | Lambda: 0.034253 | Total Loss: 2.2871 | Train C-index: 0.8416 | Val Loss: 4.2881 | Val C-index: 0.6645
train attention: max=0.0015, entropy=0.9554, effective_patches=5501.2, effective_ratio=0.4867 | val attention: max=0.0014, entropy=0.9563, effective_patches=5405.9, effective_ratio=0.4816
Epoch 13/30 | Cox Loss: 2.6041 | AEM Loss: -8.9174 | Lambda: 0.031688 | Total Loss: 2.3215 | Train C-index: 0.8479 | Val Loss: 4.2935 | Val C-index: 0.6635
train attention: max=0.0019, entropy=0.9451, effective_patches=4713.7, effective_ratio=0.4178 | val attention: max=0.0019, entropy=0.9460, effective_patches=4597.9, effective_ratio=0.4099
Epoch 14/30 | Cox Loss: 2.4845 | AEM Loss: -8.8464 | Lambda: 0.029045 | Total Loss: 2.2276 | Train C-index: 0.8553 | Val Loss: 4.3617 | Val C-index: 0.6585
train attention: max=0.0024, entropy=0.9364, effective_patches=4103.8, effective_ratio=0.3654 | val attention: max=0.0024, entropy=0.9369, effective_patches=3961.3, effective_ratio=0.3543
Epoch 15/30 | Cox Loss: 2.4804 | AEM Loss: -8.6936 | Lambda: 0.026353 | Total Loss: 2.2513 | Train C-index: 0.8614 | Val Loss: 4.3823 | Val C-index: 0.6629
train attention: max=0.0029, entropy=0.9265, effective_patches=3572.0, effective_ratio=0.3177 | val attention: max=0.0029, entropy=0.9274, effective_patches=3469.0, effective_ratio=0.3091
Epoch 16/30 | Cox Loss: 2.4517 | AEM Loss: -8.6485 | Lambda: 0.023647 | Total Loss: 2.2472 | Train C-index: 0.8689 | Val Loss: 4.4189 | Val C-index: 0.6605
train attention: max=0.0037, entropy=0.9156, effective_patches=2984.3, effective_ratio=0.2661 | val attention: max=0.0038, entropy=0.9157, effective_patches=2884.9, effective_ratio=0.2561
Epoch 17/30 | Cox Loss: 2.3599 | AEM Loss: -8.5311 | Lambda: 0.020955 | Total Loss: 2.1811 | Train C-index: 0.8749 | Val Loss: 4.4311 | Val C-index: 0.6739
train attention: max=0.0048, entropy=0.9015, effective_patches=2414.8, effective_ratio=0.2162 | val attention: max=0.0050, entropy=0.9017, effective_patches=2334.7, effective_ratio=0.2075
Epoch 18/30 | Cox Loss: 2.2894 | AEM Loss: -8.3894 | Lambda: 0.018312 | Total Loss: 2.1357 | Train C-index: 0.8820 | Val Loss: 4.4791 | Val C-index: 0.6756
train attention: max=0.0060, entropy=0.8906, effective_patches=2047.1, effective_ratio=0.1845 | val attention: max=0.0063, entropy=0.8900, effective_patches=1960.6, effective_ratio=0.1750
Epoch 19/30 | Cox Loss: 2.3433 | AEM Loss: -8.3427 | Lambda: 0.015747 | Total Loss: 2.2119 | Train C-index: 0.8884 | Val Loss: 4.5048 | Val C-index: 0.6753
train attention: max=0.0074, entropy=0.8787, effective_patches=1701.1, effective_ratio=0.1546 | val attention: max=0.0078, entropy=0.8782, effective_patches=1642.6, effective_ratio=0.1470
Epoch 20/30 | Cox Loss: 2.2459 | AEM Loss: -8.2584 | Lambda: 0.013290 | Total Loss: 2.1361 | Train C-index: 0.8942 | Val Loss: 4.5479 | Val C-index: 0.6807
train attention: max=0.0092, entropy=0.8674, effective_patches=1418.9, effective_ratio=0.1302 | val attention: max=0.0099, entropy=0.8655, effective_patches=1344.4, effective_ratio=0.1213
Epoch 21/30 | Cox Loss: 2.1881 | AEM Loss: -7.9705 | Lambda: 0.010970 | Total Loss: 2.1007 | Train C-index: 0.8982 | Val Loss: 4.5441 | Val C-index: 0.6837
train attention: max=0.0112, entropy=0.8539, effective_patches=1166.0, effective_ratio=0.1078 | val attention: max=0.0124, entropy=0.8508, effective_patches=1090.2, effective_ratio=0.0989
Epoch 22/30 | Cox Loss: 2.1441 | AEM Loss: -7.9707 | Lambda: 0.008815 | Total Loss: 2.0739 | Train C-index: 0.9033 | Val Loss: 4.6303 | Val C-index: 0.6827
train attention: max=0.0137, entropy=0.8358, effective_patches=941.0, effective_ratio=0.0873 | val attention: max=0.0153, entropy=0.8343, effective_patches=890.5, effective_ratio=0.0815
Epoch 23/30 | Cox Loss: 2.1160 | AEM Loss: -7.8004 | Lambda: 0.006850 | Total Loss: 2.0625 | Train C-index: 0.9091 | Val Loss: 4.7502 | Val C-index: 0.6713
train attention: max=0.0170, entropy=0.8199, effective_patches=747.3, effective_ratio=0.0699 | val attention: max=0.0190, entropy=0.8188, effective_patches=714.3, effective_ratio=0.0655
Epoch 24/30 | Cox Loss: 2.0187 | AEM Loss: -7.5907 | Lambda: 0.005098 | Total Loss: 1.9800 | Train C-index: 0.9142 | Val Loss: 4.7997 | Val C-index: 0.6776
train attention: max=0.0195, entropy=0.8170, effective_patches=680.3, effective_ratio=0.0650 | val attention: max=0.0228, entropy=0.8125, effective_patches=635.0, effective_ratio=0.0588
Epoch 25/30 | Cox Loss: 2.0341 | AEM Loss: -7.5730 | Lambda: 0.003579 | Total Loss: 2.0070 | Train C-index: 0.9190 | Val Loss: 4.9762 | Val C-index: 0.6723
train attention: max=0.0233, entropy=0.7964, effective_patches=529.1, effective_ratio=0.0503 | val attention: max=0.0267, entropy=0.7920, effective_patches=506.3, effective_ratio=0.0465
Epoch 26/30 | Cox Loss: 1.9131 | AEM Loss: -7.4863 | Lambda: 0.002311 | Total Loss: 1.8958 | Train C-index: 0.9248 | Val Loss: 5.0116 | Val C-index: 0.6686
train attention: max=0.0289, entropy=0.7794, effective_patches=429.6, effective_ratio=0.0416 | val attention: max=0.0340, entropy=0.7719, effective_patches=401.2, effective_ratio=0.0375
Epoch 27/30 | Cox Loss: 1.8744 | AEM Loss: -7.3099 | Lambda: 0.001309 | Total Loss: 1.8648 | Train C-index: 0.9298 | Val Loss: 5.3415 | Val C-index: 0.6662
train attention: max=0.0327, entropy=0.7627, effective_patches=350.4, effective_ratio=0.0344 | val attention: max=0.0379, entropy=0.7601, effective_patches=342.0, effective_ratio=0.0318
Epoch 28/30 | Cox Loss: 1.8289 | AEM Loss: -7.1591 | Lambda: 0.000584 | Total Loss: 1.8247 | Train C-index: 0.9301 | Val Loss: 5.4500 | Val C-index: 0.6598
train attention: max=0.0389, entropy=0.7501, effective_patches=307.3, effective_ratio=0.0310 | val attention: max=0.0445, entropy=0.7441, effective_patches=282.7, effective_ratio=0.0272
Epoch 29/30 | Cox Loss: 1.7821 | AEM Loss: -6.9418 | Lambda: 0.000147 | Total Loss: 1.7811 | Train C-index: 0.9390 | Val Loss: 5.5144 | Val C-index: 0.6629
train attention: max=0.0405, entropy=0.7460, effective_patches=278.4, effective_ratio=0.0277 | val attention: max=0.0472, entropy=0.7399, effective_patches=262.7, effective_ratio=0.0249
Epoch 30/30 | Cox Loss: 1.7350 | AEM Loss: -7.0404 | Lambda: 0.000000 | Total Loss: 1.7350 | Train C-index: 0.9427 | Val Loss: 5.7143 | Val C-index: 0.6575
Fold 4 final C-index: 0.6837

Extra survival metrics:
cutoff_from_train_median: -1.122128
n_test: 112
n_high_risk: 66
n_low_risk: 46
n_event_test: 38
logrank_stat: 6.855485
logrank_p: 0.008837
auc_36m: 0.763346
auc_60m: 0.695447
HR_high_vs_low: 2.546609
HR_95CI_lower: 1.233291
HR_95CI_upper: 5.258463
cox_p: 0.011512

==================================================
5-Fold CV Summary
==================================================
  C-index mean: 0.7359
