nohup: ignoring input
Using Device: cuda
PA model: abmil | k: None | Cox PH loss | AEM lambda0: 0.01
Checkpoints: /home/gly001/cqj/pa_ct_surv/checkpoints/pact_v3/pathology/roi64_abmil_all/seed42
Results: /home/gly001/cqj/pa_ct_surv/results/pact_v3/pathology/roi64_abmil_all/seed42
Loaded 703 samples
Locked split: train=562, test=141
Test set is not accessed during CV

==================================================
Fold 1/5
==================================================
train attention: max=0.0002, entropy=0.9992, effective_patches=11388.9, effective_ratio=0.9850 | val attention: max=0.0002, entropy=0.9992, effective_patches=10704.7, effective_ratio=0.9852
Epoch 1/30 | Cox Loss: 3.1540 | AEM Loss: -9.2709 | Lambda: 0.010000 | Total Loss: 3.0613 | Train C-index: 0.6695 | Val Loss: 4.1406 | Val C-index: 0.7448
train attention: max=0.0002, entropy=0.9982, effective_patches=11173.2, effective_ratio=0.9676 | val attention: max=0.0002, entropy=0.9983, effective_patches=10520.7, effective_ratio=0.9694
Epoch 2/30 | Cox Loss: 3.0036 | AEM Loss: -9.1807 | Lambda: 0.009971 | Total Loss: 2.9121 | Train C-index: 0.7288 | Val Loss: 4.0570 | Val C-index: 0.7493
train attention: max=0.0002, entropy=0.9964, effective_patches=10784.7, effective_ratio=0.9362 | val attention: max=0.0002, entropy=0.9967, effective_patches=10193.9, effective_ratio=0.9409
Epoch 3/30 | Cox Loss: 2.9639 | AEM Loss: -9.1517 | Lambda: 0.009883 | Total Loss: 2.8735 | Train C-index: 0.7384 | Val Loss: 4.0362 | Val C-index: 0.7483
train attention: max=0.0003, entropy=0.9940, effective_patches=10314.6, effective_ratio=0.8973 | val attention: max=0.0003, entropy=0.9945, effective_patches=9793.7, effective_ratio=0.9052
Epoch 4/30 | Cox Loss: 2.9134 | AEM Loss: -9.2585 | Lambda: 0.009738 | Total Loss: 2.8232 | Train C-index: 0.7495 | Val Loss: 4.0185 | Val C-index: 0.7509
train attention: max=0.0003, entropy=0.9910, effective_patches=9756.5, effective_ratio=0.8509 | val attention: max=0.0004, entropy=0.9917, effective_patches=9314.1, effective_ratio=0.8622
Epoch 5/30 | Cox Loss: 2.8649 | AEM Loss: -9.2614 | Lambda: 0.009538 | Total Loss: 2.7766 | Train C-index: 0.7605 | Val Loss: 3.9957 | Val C-index: 0.7541
train attention: max=0.0004, entropy=0.9861, effective_patches=8963.3, effective_ratio=0.7838 | val attention: max=0.0005, entropy=0.9872, effective_patches=8630.5, effective_ratio=0.7996
Epoch 6/30 | Cox Loss: 2.8440 | AEM Loss: -9.1342 | Lambda: 0.009284 | Total Loss: 2.7592 | Train C-index: 0.7736 | Val Loss: 3.9704 | Val C-index: 0.7582
train attention: max=0.0006, entropy=0.9793, effective_patches=8008.4, effective_ratio=0.7033 | val attention: max=0.0006, entropy=0.9809, effective_patches=7788.4, effective_ratio=0.7227
Epoch 7/30 | Cox Loss: 2.7835 | AEM Loss: -9.1342 | Lambda: 0.008980 | Total Loss: 2.7015 | Train C-index: 0.7830 | Val Loss: 3.9382 | Val C-index: 0.7633
train attention: max=0.0007, entropy=0.9734, effective_patches=7298.8, effective_ratio=0.6419 | val attention: max=0.0008, entropy=0.9753, effective_patches=7140.6, effective_ratio=0.6618
Epoch 8/30 | Cox Loss: 2.7562 | AEM Loss: -9.1136 | Lambda: 0.008630 | Total Loss: 2.6775 | Train C-index: 0.7965 | Val Loss: 3.9349 | Val C-index: 0.7649
train attention: max=0.0008, entropy=0.9686, effective_patches=6775.4, effective_ratio=0.5960 | val attention: max=0.0009, entropy=0.9706, effective_patches=6647.3, effective_ratio=0.6155
Epoch 9/30 | Cox Loss: 2.7115 | AEM Loss: -9.0308 | Lambda: 0.008237 | Total Loss: 2.6371 | Train C-index: 0.8047 | Val Loss: 3.9402 | Val C-index: 0.7658
train attention: max=0.0010, entropy=0.9641, effective_patches=6295.4, effective_ratio=0.5554 | val attention: max=0.0011, entropy=0.9663, effective_patches=6173.8, effective_ratio=0.5747
Epoch 10/30 | Cox Loss: 2.6562 | AEM Loss: -8.9750 | Lambda: 0.007806 | Total Loss: 2.5861 | Train C-index: 0.8150 | Val Loss: 3.9017 | Val C-index: 0.7764
train attention: max=0.0012, entropy=0.9575, effective_patches=5707.2, effective_ratio=0.5029 | val attention: max=0.0013, entropy=0.9599, effective_patches=5584.1, effective_ratio=0.5202
Epoch 11/30 | Cox Loss: 2.6165 | AEM Loss: -8.8912 | Lambda: 0.007342 | Total Loss: 2.5512 | Train C-index: 0.8231 | Val Loss: 3.9017 | Val C-index: 0.7725
train attention: max=0.0015, entropy=0.9499, effective_patches=5100.0, effective_ratio=0.4489 | val attention: max=0.0016, entropy=0.9523, effective_patches=4969.3, effective_ratio=0.4639
Epoch 12/30 | Cox Loss: 2.5815 | AEM Loss: -8.8943 | Lambda: 0.006851 | Total Loss: 2.5206 | Train C-index: 0.8338 | Val Loss: 3.9155 | Val C-index: 0.7722
train attention: max=0.0021, entropy=0.9346, effective_patches=4136.6, effective_ratio=0.3643 | val attention: max=0.0022, entropy=0.9371, effective_patches=4019.0, effective_ratio=0.3749
Epoch 13/30 | Cox Loss: 2.5084 | AEM Loss: -8.6691 | Lambda: 0.006338 | Total Loss: 2.4534 | Train C-index: 0.8426 | Val Loss: 3.9137 | Val C-index: 0.7754
train attention: max=0.0025, entropy=0.9275, effective_patches=3716.0, effective_ratio=0.3258 | val attention: max=0.0026, entropy=0.9299, effective_patches=3566.4, effective_ratio=0.3343
Epoch 14/30 | Cox Loss: 2.4865 | AEM Loss: -8.5268 | Lambda: 0.005809 | Total Loss: 2.4369 | Train C-index: 0.8511 | Val Loss: 3.9535 | Val C-index: 0.7700
train attention: max=0.0031, entropy=0.9178, effective_patches=3214.3, effective_ratio=0.2820 | val attention: max=0.0032, entropy=0.9202, effective_patches=3051.4, effective_ratio=0.2882
Epoch 15/30 | Cox Loss: 2.4580 | AEM Loss: -8.5486 | Lambda: 0.005271 | Total Loss: 2.4129 | Train C-index: 0.8603 | Val Loss: 3.9564 | Val C-index: 0.7722
train attention: max=0.0037, entropy=0.9088, effective_patches=2801.1, effective_ratio=0.2465 | val attention: max=0.0040, entropy=0.9112, effective_patches=2645.7, effective_ratio=0.2513
Epoch 16/30 | Cox Loss: 2.4059 | AEM Loss: -8.4349 | Lambda: 0.004729 | Total Loss: 2.3660 | Train C-index: 0.8673 | Val Loss: 3.9747 | Val C-index: 0.7690
train attention: max=0.0044, entropy=0.9006, effective_patches=2479.8, effective_ratio=0.2182 | val attention: max=0.0047, entropy=0.9031, effective_patches=2336.7, effective_ratio=0.2235
Epoch 17/30 | Cox Loss: 2.3625 | AEM Loss: -8.4568 | Lambda: 0.004191 | Total Loss: 2.3271 | Train C-index: 0.8722 | Val Loss: 4.0181 | Val C-index: 0.7630
train attention: max=0.0059, entropy=0.8797, effective_patches=1910.3, effective_ratio=0.1688 | val attention: max=0.0063, entropy=0.8819, effective_patches=1798.7, effective_ratio=0.1721
Epoch 18/30 | Cox Loss: 2.3009 | AEM Loss: -8.2668 | Lambda: 0.003662 | Total Loss: 2.2706 | Train C-index: 0.8801 | Val Loss: 4.0150 | Val C-index: 0.7668
train attention: max=0.0069, entropy=0.8775, effective_patches=1746.3, effective_ratio=0.1552 | val attention: max=0.0074, entropy=0.8799, effective_patches=1647.2, effective_ratio=0.1593
Epoch 19/30 | Cox Loss: 2.2705 | AEM Loss: -8.0767 | Lambda: 0.003149 | Total Loss: 2.2451 | Train C-index: 0.8880 | Val Loss: 4.0522 | Val C-index: 0.7639
train attention: max=0.0084, entropy=0.8637, effective_patches=1463.5, effective_ratio=0.1301 | val attention: max=0.0089, entropy=0.8654, effective_patches=1384.1, effective_ratio=0.1336
Epoch 20/30 | Cox Loss: 2.2130 | AEM Loss: -8.1699 | Lambda: 0.002658 | Total Loss: 2.1912 | Train C-index: 0.8929 | Val Loss: 4.1446 | Val C-index: 0.7528
Early stopping at epoch 20
Fold 0 final C-index: 0.7764

Extra survival metrics:
cutoff_from_train_median: -0.206162
n_test: 113
n_high_risk: 53
n_low_risk: 60
n_event_test: 38
logrank_stat: 30.949433
logrank_p: 0.000000
auc_36m: 0.795852
auc_60m: 0.821357
HR_high_vs_low: 7.419029
HR_95CI_lower: 3.251944
HR_95CI_upper: 16.925872
cox_p: 0.000002

==================================================
Fold 2/5
==================================================
train attention: max=0.0002, entropy=0.9988, effective_patches=11119.6, effective_ratio=0.9779 | val attention: max=0.0002, entropy=0.9988, effective_patches=11396.7, effective_ratio=0.9778
Epoch 1/30 | Cox Loss: 3.1946 | AEM Loss: -9.2366 | Lambda: 0.010000 | Total Loss: 3.1022 | Train C-index: 0.6716 | Val Loss: 4.0314 | Val C-index: 0.7386
train attention: max=0.0002, entropy=0.9986, effective_patches=11087.9, effective_ratio=0.9748 | val attention: max=0.0002, entropy=0.9986, effective_patches=11358.0, effective_ratio=0.9741
Epoch 2/30 | Cox Loss: 3.0755 | AEM Loss: -9.3402 | Lambda: 0.009971 | Total Loss: 2.9824 | Train C-index: 0.7238 | Val Loss: 3.9402 | Val C-index: 0.7484
train attention: max=0.0002, entropy=0.9983, effective_patches=11004.4, effective_ratio=0.9685 | val attention: max=0.0002, entropy=0.9982, effective_patches=11275.0, effective_ratio=0.9680
Epoch 3/30 | Cox Loss: 2.9747 | AEM Loss: -9.2574 | Lambda: 0.009883 | Total Loss: 2.8832 | Train C-index: 0.7363 | Val Loss: 3.9134 | Val C-index: 0.7461
train attention: max=0.0002, entropy=0.9970, effective_patches=10730.0, effective_ratio=0.9463 | val attention: max=0.0002, entropy=0.9970, effective_patches=11006.5, effective_ratio=0.9472
Epoch 4/30 | Cox Loss: 2.9332 | AEM Loss: -9.2106 | Lambda: 0.009738 | Total Loss: 2.8435 | Train C-index: 0.7470 | Val Loss: 3.9104 | Val C-index: 0.7468
train attention: max=0.0003, entropy=0.9937, effective_patches=10084.3, effective_ratio=0.8925 | val attention: max=0.0003, entropy=0.9940, effective_patches=10374.7, effective_ratio=0.8971
Epoch 5/30 | Cox Loss: 2.9260 | AEM Loss: -9.2661 | Lambda: 0.009538 | Total Loss: 2.8376 | Train C-index: 0.7583 | Val Loss: 3.9014 | Val C-index: 0.7465
train attention: max=0.0004, entropy=0.9903, effective_patches=9505.2, effective_ratio=0.8428 | val attention: max=0.0004, entropy=0.9908, effective_patches=9815.7, effective_ratio=0.8510
Epoch 6/30 | Cox Loss: 2.8511 | AEM Loss: -9.1535 | Lambda: 0.009284 | Total Loss: 2.7661 | Train C-index: 0.7711 | Val Loss: 3.9009 | Val C-index: 0.7474
train attention: max=0.0005, entropy=0.9851, effective_patches=8680.0, effective_ratio=0.7717 | val attention: max=0.0005, entropy=0.9860, effective_patches=9005.3, effective_ratio=0.7841
Epoch 7/30 | Cox Loss: 2.8238 | AEM Loss: -9.0953 | Lambda: 0.008980 | Total Loss: 2.7422 | Train C-index: 0.7834 | Val Loss: 3.9056 | Val C-index: 0.7494
train attention: max=0.0007, entropy=0.9799, effective_patches=7971.2, effective_ratio=0.7094 | val attention: max=0.0006, entropy=0.9812, effective_patches=8296.2, effective_ratio=0.7239
Epoch 8/30 | Cox Loss: 2.7971 | AEM Loss: -9.0406 | Lambda: 0.008630 | Total Loss: 2.7191 | Train C-index: 0.7962 | Val Loss: 3.9149 | Val C-index: 0.7481
train attention: max=0.0009, entropy=0.9731, effective_patches=7141.3, effective_ratio=0.6357 | val attention: max=0.0008, entropy=0.9745, effective_patches=7428.1, effective_ratio=0.6489
Epoch 9/30 | Cox Loss: 2.7374 | AEM Loss: -9.0835 | Lambda: 0.008237 | Total Loss: 2.6626 | Train C-index: 0.8071 | Val Loss: 3.9144 | Val C-index: 0.7517
train attention: max=0.0011, entropy=0.9646, effective_patches=6243.9, effective_ratio=0.5563 | val attention: max=0.0010, entropy=0.9661, effective_patches=6472.4, effective_ratio=0.5664
Epoch 10/30 | Cox Loss: 2.6590 | AEM Loss: -8.7562 | Lambda: 0.007806 | Total Loss: 2.5906 | Train C-index: 0.8186 | Val Loss: 3.9228 | Val C-index: 0.7560
train attention: max=0.0015, entropy=0.9548, effective_patches=5367.1, effective_ratio=0.4777 | val attention: max=0.0014, entropy=0.9560, effective_patches=5511.2, effective_ratio=0.4820
Epoch 11/30 | Cox Loss: 2.6226 | AEM Loss: -8.9008 | Lambda: 0.007342 | Total Loss: 2.5573 | Train C-index: 0.8293 | Val Loss: 3.9606 | Val C-index: 0.7517
train attention: max=0.0021, entropy=0.9415, effective_patches=4396.1, effective_ratio=0.3910 | val attention: max=0.0019, entropy=0.9421, effective_patches=4445.7, effective_ratio=0.3898
Epoch 12/30 | Cox Loss: 2.5898 | AEM Loss: -8.7641 | Lambda: 0.006851 | Total Loss: 2.5298 | Train C-index: 0.8391 | Val Loss: 4.0315 | Val C-index: 0.7389
train attention: max=0.0031, entropy=0.9257, effective_patches=3441.3, effective_ratio=0.3069 | val attention: max=0.0029, entropy=0.9258, effective_patches=3422.7, effective_ratio=0.3033
Epoch 13/30 | Cox Loss: 2.5191 | AEM Loss: -8.6702 | Lambda: 0.006338 | Total Loss: 2.4641 | Train C-index: 0.8521 | Val Loss: 4.1134 | Val C-index: 0.7405
train attention: max=0.0041, entropy=0.9124, effective_patches=2789.9, effective_ratio=0.2497 | val attention: max=0.0039, entropy=0.9117, effective_patches=2729.1, effective_ratio=0.2439
Epoch 14/30 | Cox Loss: 2.4240 | AEM Loss: -8.5192 | Lambda: 0.005809 | Total Loss: 2.3745 | Train C-index: 0.8615 | Val Loss: 4.2126 | Val C-index: 0.7412
train attention: max=0.0054, entropy=0.8967, effective_patches=2224.0, effective_ratio=0.1997 | val attention: max=0.0052, entropy=0.8948, effective_patches=2143.7, effective_ratio=0.1919
Epoch 15/30 | Cox Loss: 2.3939 | AEM Loss: -8.4169 | Lambda: 0.005271 | Total Loss: 2.3495 | Train C-index: 0.8684 | Val Loss: 4.2549 | Val C-index: 0.7297
train attention: max=0.0068, entropy=0.8814, effective_patches=1790.4, effective_ratio=0.1613 | val attention: max=0.0065, entropy=0.8786, effective_patches=1720.7, effective_ratio=0.1544
Epoch 16/30 | Cox Loss: 2.3671 | AEM Loss: -7.9929 | Lambda: 0.004729 | Total Loss: 2.3293 | Train C-index: 0.8785 | Val Loss: 4.2692 | Val C-index: 0.7149
train attention: max=0.0090, entropy=0.8698, effective_patches=1445.2, effective_ratio=0.1318 | val attention: max=0.0086, entropy=0.8678, effective_patches=1390.1, effective_ratio=0.1280
Epoch 17/30 | Cox Loss: 2.2563 | AEM Loss: -8.2073 | Lambda: 0.004191 | Total Loss: 2.2219 | Train C-index: 0.8912 | Val Loss: 4.4224 | Val C-index: 0.7181
train attention: max=0.0116, entropy=0.8542, effective_patches=1134.4, effective_ratio=0.1046 | val attention: max=0.0111, entropy=0.8513, effective_patches=1087.5, effective_ratio=0.1012
Epoch 18/30 | Cox Loss: 2.2194 | AEM Loss: -8.0571 | Lambda: 0.003662 | Total Loss: 2.1899 | Train C-index: 0.8929 | Val Loss: 4.6261 | Val C-index: 0.7106
train attention: max=0.0151, entropy=0.8288, effective_patches=831.8, effective_ratio=0.0769 | val attention: max=0.0147, entropy=0.8234, effective_patches=778.7, effective_ratio=0.0729
Epoch 19/30 | Cox Loss: 2.1239 | AEM Loss: -7.8693 | Lambda: 0.003149 | Total Loss: 2.0991 | Train C-index: 0.9032 | Val Loss: 4.6676 | Val C-index: 0.6826
train attention: max=0.0191, entropy=0.8126, effective_patches=653.9, effective_ratio=0.0615 | val attention: max=0.0189, entropy=0.8067, effective_patches=612.0, effective_ratio=0.0580
Epoch 20/30 | Cox Loss: 2.0749 | AEM Loss: -7.6720 | Lambda: 0.002658 | Total Loss: 2.0545 | Train C-index: 0.9113 | Val Loss: 4.8925 | Val C-index: 0.6862
Early stopping at epoch 20
Fold 1 final C-index: 0.7560

Extra survival metrics:
cutoff_from_train_median: -0.278475
n_test: 113
n_high_risk: 53
n_low_risk: 60
n_event_test: 39
logrank_stat: 29.978286
logrank_p: 0.000000
auc_36m: 0.755118
auc_60m: 0.798248
HR_high_vs_low: 8.870155
HR_95CI_lower: 3.458383
HR_95CI_upper: 22.750420
cox_p: 0.000006

==================================================
Fold 3/5
==================================================
train attention: max=0.0002, entropy=0.9993, effective_patches=11295.0, effective_ratio=0.9863 | val attention: max=0.0002, entropy=0.9992, effective_patches=11151.2, effective_ratio=0.9863
Epoch 1/30 | Cox Loss: 3.1788 | AEM Loss: -9.2564 | Lambda: 0.010000 | Total Loss: 3.0862 | Train C-index: 0.6347 | Val Loss: 4.0812 | Val C-index: 0.6986
train attention: max=0.0002, entropy=0.9985, effective_patches=11136.0, effective_ratio=0.9730 | val attention: max=0.0002, entropy=0.9985, effective_patches=10988.1, effective_ratio=0.9723
Epoch 2/30 | Cox Loss: 3.0976 | AEM Loss: -9.2876 | Lambda: 0.009971 | Total Loss: 3.0050 | Train C-index: 0.7259 | Val Loss: 4.0407 | Val C-index: 0.6997
train attention: max=0.0002, entropy=0.9973, effective_patches=10884.3, effective_ratio=0.9520 | val attention: max=0.0002, entropy=0.9972, effective_patches=10723.0, effective_ratio=0.9499
Epoch 3/30 | Cox Loss: 2.9639 | AEM Loss: -9.2937 | Lambda: 0.009883 | Total Loss: 2.8720 | Train C-index: 0.7451 | Val Loss: 4.0299 | Val C-index: 0.7075
train attention: max=0.0003, entropy=0.9958, effective_patches=10560.9, effective_ratio=0.9259 | val attention: max=0.0003, entropy=0.9955, effective_patches=10370.9, effective_ratio=0.9211
Epoch 4/30 | Cox Loss: 2.9272 | AEM Loss: -9.2732 | Lambda: 0.009738 | Total Loss: 2.8369 | Train C-index: 0.7535 | Val Loss: 4.0168 | Val C-index: 0.7132
train attention: max=0.0003, entropy=0.9928, effective_patches=9974.9, effective_ratio=0.8780 | val attention: max=0.0004, entropy=0.9922, effective_patches=9743.4, effective_ratio=0.8693
Epoch 5/30 | Cox Loss: 2.8892 | AEM Loss: -9.1858 | Lambda: 0.009538 | Total Loss: 2.8016 | Train C-index: 0.7661 | Val Loss: 3.9985 | Val C-index: 0.7166
train attention: max=0.0005, entropy=0.9888, effective_patches=9269.1, effective_ratio=0.8190 | val attention: max=0.0005, entropy=0.9878, effective_patches=8998.7, effective_ratio=0.8062
Epoch 6/30 | Cox Loss: 2.8610 | AEM Loss: -9.1954 | Lambda: 0.009284 | Total Loss: 2.7756 | Train C-index: 0.7807 | Val Loss: 3.9927 | Val C-index: 0.7200
train attention: max=0.0006, entropy=0.9837, effective_patches=8475.7, effective_ratio=0.7521 | val attention: max=0.0007, entropy=0.9822, effective_patches=8169.8, effective_ratio=0.7353
Epoch 7/30 | Cox Loss: 2.7933 | AEM Loss: -9.1175 | Lambda: 0.008980 | Total Loss: 2.7114 | Train C-index: 0.7928 | Val Loss: 4.0036 | Val C-index: 0.7210
train attention: max=0.0008, entropy=0.9770, effective_patches=7559.8, effective_ratio=0.6739 | val attention: max=0.0009, entropy=0.9748, effective_patches=7231.2, effective_ratio=0.6539
Epoch 8/30 | Cox Loss: 2.7497 | AEM Loss: -9.1150 | Lambda: 0.008630 | Total Loss: 2.6711 | Train C-index: 0.8039 | Val Loss: 4.0178 | Val C-index: 0.7292
train attention: max=0.0011, entropy=0.9704, effective_patches=6778.3, effective_ratio=0.6067 | val attention: max=0.0012, entropy=0.9677, effective_patches=6449.6, effective_ratio=0.5852
Epoch 9/30 | Cox Loss: 2.7371 | AEM Loss: -9.0041 | Lambda: 0.008237 | Total Loss: 2.6629 | Train C-index: 0.8128 | Val Loss: 4.0360 | Val C-index: 0.7308
train attention: max=0.0014, entropy=0.9640, effective_patches=6074.8, effective_ratio=0.5456 | val attention: max=0.0015, entropy=0.9608, effective_patches=5751.2, effective_ratio=0.5238
Epoch 10/30 | Cox Loss: 2.6672 | AEM Loss: -8.9566 | Lambda: 0.007806 | Total Loss: 2.5973 | Train C-index: 0.8214 | Val Loss: 4.0677 | Val C-index: 0.7319
train attention: max=0.0017, entropy=0.9586, effective_patches=5547.9, effective_ratio=0.4984 | val attention: max=0.0018, entropy=0.9552, effective_patches=5236.1, effective_ratio=0.4767
Epoch 11/30 | Cox Loss: 2.6173 | AEM Loss: -8.8921 | Lambda: 0.007342 | Total Loss: 2.5520 | Train C-index: 0.8311 | Val Loss: 4.0972 | Val C-index: 0.7298
train attention: max=0.0020, entropy=0.9526, effective_patches=4998.1, effective_ratio=0.4496 | val attention: max=0.0023, entropy=0.9489, effective_patches=4719.6, effective_ratio=0.4294
Epoch 12/30 | Cox Loss: 2.5729 | AEM Loss: -8.8165 | Lambda: 0.006851 | Total Loss: 2.5125 | Train C-index: 0.8378 | Val Loss: 4.1080 | Val C-index: 0.7329
train attention: max=0.0026, entropy=0.9446, effective_patches=4358.8, effective_ratio=0.3928 | val attention: max=0.0028, entropy=0.9408, effective_patches=4118.7, effective_ratio=0.3752
Epoch 13/30 | Cox Loss: 2.5379 | AEM Loss: -8.8135 | Lambda: 0.006338 | Total Loss: 2.4821 | Train C-index: 0.8465 | Val Loss: 4.1766 | Val C-index: 0.7295
train attention: max=0.0035, entropy=0.9298, effective_patches=3481.7, effective_ratio=0.3155 | val attention: max=0.0039, entropy=0.9253, effective_patches=3268.0, effective_ratio=0.2992
Epoch 14/30 | Cox Loss: 2.4858 | AEM Loss: -8.7114 | Lambda: 0.005809 | Total Loss: 2.4352 | Train C-index: 0.8525 | Val Loss: 4.2277 | Val C-index: 0.7322
train attention: max=0.0042, entropy=0.9216, effective_patches=3026.5, effective_ratio=0.2751 | val attention: max=0.0047, entropy=0.9171, effective_patches=2850.2, effective_ratio=0.2612
Epoch 15/30 | Cox Loss: 2.4425 | AEM Loss: -8.5187 | Lambda: 0.005271 | Total Loss: 2.3976 | Train C-index: 0.8596 | Val Loss: 4.2347 | Val C-index: 0.7332
train attention: max=0.0051, entropy=0.9130, effective_patches=2624.4, effective_ratio=0.2396 | val attention: max=0.0057, entropy=0.9083, effective_patches=2477.2, effective_ratio=0.2273
Epoch 16/30 | Cox Loss: 2.3752 | AEM Loss: -8.5077 | Lambda: 0.004729 | Total Loss: 2.3349 | Train C-index: 0.8694 | Val Loss: 4.2603 | Val C-index: 0.7383
train attention: max=0.0069, entropy=0.8950, effective_patches=2019.2, effective_ratio=0.1854 | val attention: max=0.0074, entropy=0.8907, effective_patches=1931.4, effective_ratio=0.1771
Epoch 17/30 | Cox Loss: 2.4504 | AEM Loss: -8.3383 | Lambda: 0.004191 | Total Loss: 2.4154 | Train C-index: 0.8758 | Val Loss: 4.3225 | Val C-index: 0.7346
train attention: max=0.0081, entropy=0.8808, effective_patches=1662.9, effective_ratio=0.1518 | val attention: max=0.0086, entropy=0.8777, effective_patches=1646.4, effective_ratio=0.1484
Epoch 18/30 | Cox Loss: 2.2991 | AEM Loss: -8.1559 | Lambda: 0.003662 | Total Loss: 2.2693 | Train C-index: 0.8828 | Val Loss: 4.4100 | Val C-index: 0.7298
train attention: max=0.0114, entropy=0.8575, effective_patches=1222.4, effective_ratio=0.1129 | val attention: max=0.0120, entropy=0.8533, effective_patches=1203.5, effective_ratio=0.1097
Epoch 19/30 | Cox Loss: 2.2518 | AEM Loss: -8.0318 | Lambda: 0.003149 | Total Loss: 2.2265 | Train C-index: 0.8862 | Val Loss: 4.4717 | Val C-index: 0.7305
train attention: max=0.0131, entropy=0.8515, effective_patches=1065.3, effective_ratio=0.0989 | val attention: max=0.0142, entropy=0.8481, effective_patches=1055.7, effective_ratio=0.0963
Epoch 20/30 | Cox Loss: 2.1933 | AEM Loss: -7.9654 | Lambda: 0.002658 | Total Loss: 2.1722 | Train C-index: 0.8968 | Val Loss: 4.5191 | Val C-index: 0.7163
train attention: max=0.0170, entropy=0.8313, effective_patches=825.3, effective_ratio=0.0775 | val attention: max=0.0181, entropy=0.8269, effective_patches=813.5, effective_ratio=0.0753
Epoch 21/30 | Cox Loss: 2.1369 | AEM Loss: -7.8404 | Lambda: 0.002194 | Total Loss: 2.1197 | Train C-index: 0.9025 | Val Loss: 4.5649 | Val C-index: 0.7234
train attention: max=0.0196, entropy=0.8162, effective_patches=682.7, effective_ratio=0.0638 | val attention: max=0.0210, entropy=0.8138, effective_patches=679.5, effective_ratio=0.0631
Epoch 22/30 | Cox Loss: 2.1023 | AEM Loss: -7.7772 | Lambda: 0.001763 | Total Loss: 2.0886 | Train C-index: 0.9097 | Val Loss: 4.6914 | Val C-index: 0.7203
train attention: max=0.0244, entropy=0.7970, effective_patches=542.2, effective_ratio=0.0513 | val attention: max=0.0261, entropy=0.7934, effective_patches=526.1, effective_ratio=0.0493
Epoch 23/30 | Cox Loss: 1.9796 | AEM Loss: -7.5537 | Lambda: 0.001370 | Total Loss: 1.9692 | Train C-index: 0.9158 | Val Loss: 4.7856 | Val C-index: 0.7220
train attention: max=0.0286, entropy=0.7906, effective_patches=471.6, effective_ratio=0.0452 | val attention: max=0.0306, entropy=0.7887, effective_patches=469.6, effective_ratio=0.0445
Epoch 24/30 | Cox Loss: 1.9319 | AEM Loss: -7.3191 | Lambda: 0.001020 | Total Loss: 1.9245 | Train C-index: 0.9209 | Val Loss: 4.9867 | Val C-index: 0.7176
train attention: max=0.0332, entropy=0.7653, effective_patches=371.4, effective_ratio=0.0353 | val attention: max=0.0372, entropy=0.7602, effective_patches=355.8, effective_ratio=0.0336
Epoch 25/30 | Cox Loss: 1.9150 | AEM Loss: -7.1899 | Lambda: 0.000716 | Total Loss: 1.9099 | Train C-index: 0.9253 | Val Loss: 4.9143 | Val C-index: 0.7159
train attention: max=0.0394, entropy=0.7455, effective_patches=298.0, effective_ratio=0.0282 | val attention: max=0.0415, entropy=0.7485, effective_patches=303.5, effective_ratio=0.0286
Epoch 26/30 | Cox Loss: 1.8381 | AEM Loss: -6.9527 | Lambda: 0.000462 | Total Loss: 1.8348 | Train C-index: 0.9317 | Val Loss: 5.3059 | Val C-index: 0.7146
Early stopping at epoch 26
Fold 2 final C-index: 0.7383

Extra survival metrics:
cutoff_from_train_median: -0.856160
n_test: 112
n_high_risk: 67
n_low_risk: 45
n_event_test: 38
logrank_stat: 14.654892
logrank_p: 0.000129
auc_36m: 0.782200
auc_60m: 0.759066
HR_high_vs_low: 5.215479
HR_95CI_lower: 2.031155
HR_95CI_upper: 13.391994
cox_p: 0.000598

==================================================
Fold 4/5
==================================================
train attention: max=0.0002, entropy=0.9993, effective_patches=11155.7, effective_ratio=0.9865 | val attention: max=0.0002, entropy=0.9993, effective_patches=11728.5, effective_ratio=0.9866
Epoch 1/30 | Cox Loss: 3.1654 | AEM Loss: -9.2224 | Lambda: 0.010000 | Total Loss: 3.0732 | Train C-index: 0.6779 | Val Loss: 4.0811 | Val C-index: 0.7041
train attention: max=0.0002, entropy=0.9986, effective_patches=11018.2, effective_ratio=0.9748 | val attention: max=0.0002, entropy=0.9987, effective_patches=11596.3, effective_ratio=0.9756
Epoch 2/30 | Cox Loss: 3.0430 | AEM Loss: -9.2648 | Lambda: 0.009971 | Total Loss: 2.9506 | Train C-index: 0.7353 | Val Loss: 4.0209 | Val C-index: 0.7104
train attention: max=0.0002, entropy=0.9972, effective_patches=10720.7, effective_ratio=0.9511 | val attention: max=0.0002, entropy=0.9974, effective_patches=11325.6, effective_ratio=0.9538
Epoch 3/30 | Cox Loss: 3.0206 | AEM Loss: -9.1689 | Lambda: 0.009883 | Total Loss: 2.9299 | Train C-index: 0.7378 | Val Loss: 4.0164 | Val C-index: 0.7111
train attention: max=0.0003, entropy=0.9947, effective_patches=10212.6, effective_ratio=0.9100 | val attention: max=0.0002, entropy=0.9951, effective_patches=10838.8, effective_ratio=0.9141
Epoch 4/30 | Cox Loss: 2.9364 | AEM Loss: -9.2201 | Lambda: 0.009738 | Total Loss: 2.8466 | Train C-index: 0.7506 | Val Loss: 4.0155 | Val C-index: 0.7177
train attention: max=0.0004, entropy=0.9909, effective_patches=9535.4, effective_ratio=0.8536 | val attention: max=0.0003, entropy=0.9914, effective_patches=10142.1, effective_ratio=0.8566
Epoch 5/30 | Cox Loss: 2.9962 | AEM Loss: -9.1382 | Lambda: 0.009538 | Total Loss: 2.9090 | Train C-index: 0.7638 | Val Loss: 4.0074 | Val C-index: 0.7227
train attention: max=0.0005, entropy=0.9849, effective_patches=8620.6, effective_ratio=0.7748 | val attention: max=0.0005, entropy=0.9852, effective_patches=9155.1, effective_ratio=0.7738
Epoch 6/30 | Cox Loss: 2.8569 | AEM Loss: -9.1535 | Lambda: 0.009284 | Total Loss: 2.7719 | Train C-index: 0.7742 | Val Loss: 4.0060 | Val C-index: 0.7237
train attention: max=0.0006, entropy=0.9810, effective_patches=8079.5, effective_ratio=0.7283 | val attention: max=0.0006, entropy=0.9813, effective_patches=8592.1, effective_ratio=0.7266
Epoch 7/30 | Cox Loss: 2.8303 | AEM Loss: -9.0773 | Lambda: 0.008980 | Total Loss: 2.7488 | Train C-index: 0.7864 | Val Loss: 3.9973 | Val C-index: 0.7233
train attention: max=0.0007, entropy=0.9762, effective_patches=7469.4, effective_ratio=0.6759 | val attention: max=0.0007, entropy=0.9764, effective_patches=7955.6, effective_ratio=0.6739
Epoch 8/30 | Cox Loss: 2.7658 | AEM Loss: -9.0123 | Lambda: 0.008630 | Total Loss: 2.6880 | Train C-index: 0.7957 | Val Loss: 3.9978 | Val C-index: 0.7247
train attention: max=0.0009, entropy=0.9732, effective_patches=7070.9, effective_ratio=0.6422 | val attention: max=0.0008, entropy=0.9735, effective_patches=7575.4, effective_ratio=0.6423
Epoch 9/30 | Cox Loss: 2.7608 | AEM Loss: -9.0070 | Lambda: 0.008237 | Total Loss: 2.6866 | Train C-index: 0.8039 | Val Loss: 4.0012 | Val C-index: 0.7270
train attention: max=0.0011, entropy=0.9681, effective_patches=6506.4, effective_ratio=0.5944 | val attention: max=0.0010, entropy=0.9685, effective_patches=7009.2, effective_ratio=0.5960
Epoch 10/30 | Cox Loss: 2.7271 | AEM Loss: -9.0160 | Lambda: 0.007806 | Total Loss: 2.6567 | Train C-index: 0.8126 | Val Loss: 4.0057 | Val C-index: 0.7293
train attention: max=0.0013, entropy=0.9627, effective_patches=5977.6, effective_ratio=0.5496 | val attention: max=0.0012, entropy=0.9632, effective_patches=6480.3, effective_ratio=0.5529
Epoch 11/30 | Cox Loss: 2.6710 | AEM Loss: -8.8798 | Lambda: 0.007342 | Total Loss: 2.6058 | Train C-index: 0.8194 | Val Loss: 4.0172 | Val C-index: 0.7313
train attention: max=0.0015, entropy=0.9574, effective_patches=5489.5, effective_ratio=0.5080 | val attention: max=0.0015, entropy=0.9583, effective_patches=6007.5, effective_ratio=0.5143
Epoch 12/30 | Cox Loss: 2.6521 | AEM Loss: -8.8943 | Lambda: 0.006851 | Total Loss: 2.5912 | Train C-index: 0.8249 | Val Loss: 4.0413 | Val C-index: 0.7296
train attention: max=0.0017, entropy=0.9545, effective_patches=5232.7, effective_ratio=0.4856 | val attention: max=0.0017, entropy=0.9557, effective_patches=5768.7, effective_ratio=0.4946
Epoch 13/30 | Cox Loss: 2.6254 | AEM Loss: -8.8554 | Lambda: 0.006338 | Total Loss: 2.5692 | Train C-index: 0.8313 | Val Loss: 4.0611 | Val C-index: 0.7286
train attention: max=0.0021, entropy=0.9500, effective_patches=4860.2, effective_ratio=0.4539 | val attention: max=0.0020, entropy=0.9519, effective_patches=5420.1, effective_ratio=0.4663
Epoch 14/30 | Cox Loss: 2.5654 | AEM Loss: -8.8502 | Lambda: 0.005809 | Total Loss: 2.5140 | Train C-index: 0.8397 | Val Loss: 4.0815 | Val C-index: 0.7309
train attention: max=0.0026, entropy=0.9438, effective_patches=4405.8, effective_ratio=0.4143 | val attention: max=0.0025, entropy=0.9466, effective_patches=4951.7, effective_ratio=0.4282
Epoch 15/30 | Cox Loss: 2.6723 | AEM Loss: -8.7157 | Lambda: 0.005271 | Total Loss: 2.6264 | Train C-index: 0.8442 | Val Loss: 4.1026 | Val C-index: 0.7326
train attention: max=0.0038, entropy=0.9276, effective_patches=3487.2, effective_ratio=0.3333 | val attention: max=0.0038, entropy=0.9322, effective_patches=3941.8, effective_ratio=0.3453
Epoch 16/30 | Cox Loss: 2.4888 | AEM Loss: -8.6294 | Lambda: 0.004729 | Total Loss: 2.4480 | Train C-index: 0.8533 | Val Loss: 4.1124 | Val C-index: 0.7336
train attention: max=0.0045, entropy=0.9240, effective_patches=3281.4, effective_ratio=0.3149 | val attention: max=0.0044, entropy=0.9294, effective_patches=3713.4, effective_ratio=0.3268
Epoch 17/30 | Cox Loss: 2.4773 | AEM Loss: -8.5218 | Lambda: 0.004191 | Total Loss: 2.4416 | Train C-index: 0.8568 | Val Loss: 4.1398 | Val C-index: 0.7273
train attention: max=0.0048, entropy=0.9223, effective_patches=3167.9, effective_ratio=0.3036 | val attention: max=0.0046, entropy=0.9276, effective_patches=3567.4, effective_ratio=0.3142
Epoch 18/30 | Cox Loss: 2.4059 | AEM Loss: -8.5695 | Lambda: 0.003662 | Total Loss: 2.3745 | Train C-index: 0.8653 | Val Loss: 4.1565 | Val C-index: 0.7233
train attention: max=0.0056, entropy=0.9100, effective_patches=2673.9, effective_ratio=0.2565 | val attention: max=0.0056, entropy=0.9155, effective_patches=2982.8, effective_ratio=0.2626
Epoch 19/30 | Cox Loss: 2.3879 | AEM Loss: -8.4292 | Lambda: 0.003149 | Total Loss: 2.3613 | Train C-index: 0.8728 | Val Loss: 4.2003 | Val C-index: 0.7213
train attention: max=0.0071, entropy=0.8907, effective_patches=2092.7, effective_ratio=0.2025 | val attention: max=0.0074, entropy=0.8967, effective_patches=2303.5, effective_ratio=0.2037
Epoch 20/30 | Cox Loss: 2.3343 | AEM Loss: -8.2933 | Lambda: 0.002658 | Total Loss: 2.3122 | Train C-index: 0.8768 | Val Loss: 4.2880 | Val C-index: 0.7280
train attention: max=0.0089, entropy=0.8811, effective_patches=1804.7, effective_ratio=0.1764 | val attention: max=0.0092, entropy=0.8881, effective_patches=1965.0, effective_ratio=0.1752
Epoch 21/30 | Cox Loss: 2.3037 | AEM Loss: -8.1955 | Lambda: 0.002194 | Total Loss: 2.2858 | Train C-index: 0.8810 | Val Loss: 4.3429 | Val C-index: 0.7290
train attention: max=0.0101, entropy=0.8705, effective_patches=1552.8, effective_ratio=0.1513 | val attention: max=0.0105, entropy=0.8766, effective_patches=1663.3, effective_ratio=0.1485
Epoch 22/30 | Cox Loss: 2.2554 | AEM Loss: -8.1711 | Lambda: 0.001763 | Total Loss: 2.2410 | Train C-index: 0.8925 | Val Loss: 4.3241 | Val C-index: 0.7276
train attention: max=0.0131, entropy=0.8527, effective_patches=1236.8, effective_ratio=0.1218 | val attention: max=0.0138, entropy=0.8596, effective_patches=1301.1, effective_ratio=0.1175
Epoch 23/30 | Cox Loss: 2.2164 | AEM Loss: -7.9828 | Lambda: 0.001370 | Total Loss: 2.2054 | Train C-index: 0.9025 | Val Loss: 4.4036 | Val C-index: 0.7230
train attention: max=0.0175, entropy=0.8361, effective_patches=977.5, effective_ratio=0.0974 | val attention: max=0.0180, entropy=0.8438, effective_patches=996.7, effective_ratio=0.0907
Epoch 24/30 | Cox Loss: 2.1174 | AEM Loss: -7.8729 | Lambda: 0.001020 | Total Loss: 2.1093 | Train C-index: 0.9090 | Val Loss: 4.5430 | Val C-index: 0.7174
train attention: max=0.0223, entropy=0.8154, effective_patches=761.5, effective_ratio=0.0766 | val attention: max=0.0228, entropy=0.8241, effective_patches=751.0, effective_ratio=0.0685
Epoch 25/30 | Cox Loss: 2.0474 | AEM Loss: -7.5976 | Lambda: 0.000716 | Total Loss: 2.0420 | Train C-index: 0.9176 | Val Loss: 4.6417 | Val C-index: 0.7170
train attention: max=0.0266, entropy=0.7987, effective_patches=613.2, effective_ratio=0.0617 | val attention: max=0.0268, entropy=0.8059, effective_patches=588.5, effective_ratio=0.0536
Epoch 26/30 | Cox Loss: 2.0026 | AEM Loss: -7.4877 | Lambda: 0.000462 | Total Loss: 1.9992 | Train C-index: 0.9237 | Val Loss: 4.7387 | Val C-index: 0.7005
Early stopping at epoch 26
Fold 3 final C-index: 0.7336

Extra survival metrics:
cutoff_from_train_median: -0.513073
n_test: 112
n_high_risk: 49
n_low_risk: 63
n_event_test: 38
logrank_stat: 15.170582
logrank_p: 0.000098
auc_36m: 0.800968
auc_60m: 0.714735
HR_high_vs_low: 3.584756
HR_95CI_lower: 1.805119
HR_95CI_upper: 7.118907
cox_p: 0.000265

==================================================
Fold 5/5
==================================================
train attention: max=0.0002, entropy=0.9990, effective_patches=11207.7, effective_ratio=0.9810 | val attention: max=0.0002, entropy=0.9989, effective_patches=11180.3, effective_ratio=0.9806
Epoch 1/30 | Cox Loss: 3.2030 | AEM Loss: -9.2727 | Lambda: 0.010000 | Total Loss: 3.1103 | Train C-index: 0.6817 | Val Loss: 4.1843 | Val C-index: 0.6329
train attention: max=0.0002, entropy=0.9975, effective_patches=10907.1, effective_ratio=0.9559 | val attention: max=0.0002, entropy=0.9975, effective_patches=10858.6, effective_ratio=0.9542
Epoch 2/30 | Cox Loss: 2.9993 | AEM Loss: -9.2240 | Lambda: 0.009971 | Total Loss: 2.9073 | Train C-index: 0.7523 | Val Loss: 4.2015 | Val C-index: 0.6407
train attention: max=0.0003, entropy=0.9950, effective_patches=10394.3, effective_ratio=0.9126 | val attention: max=0.0002, entropy=0.9948, effective_patches=10317.4, effective_ratio=0.9092
Epoch 3/30 | Cox Loss: 2.9451 | AEM Loss: -9.1920 | Lambda: 0.009883 | Total Loss: 2.8542 | Train C-index: 0.7597 | Val Loss: 4.2621 | Val C-index: 0.6380
train attention: max=0.0003, entropy=0.9915, effective_patches=9767.0, effective_ratio=0.8592 | val attention: max=0.0003, entropy=0.9912, effective_patches=9669.5, effective_ratio=0.8546
Epoch 4/30 | Cox Loss: 3.0300 | AEM Loss: -9.1869 | Lambda: 0.009738 | Total Loss: 2.9405 | Train C-index: 0.7690 | Val Loss: 4.2797 | Val C-index: 0.6350
train attention: max=0.0004, entropy=0.9884, effective_patches=9255.0, effective_ratio=0.8159 | val attention: max=0.0004, entropy=0.9881, effective_patches=9140.4, effective_ratio=0.8103
Epoch 5/30 | Cox Loss: 2.8746 | AEM Loss: -9.1493 | Lambda: 0.009538 | Total Loss: 2.7873 | Train C-index: 0.7758 | Val Loss: 4.1979 | Val C-index: 0.6541
train attention: max=0.0005, entropy=0.9822, effective_patches=8367.7, effective_ratio=0.7395 | val attention: max=0.0005, entropy=0.9819, effective_patches=8235.6, effective_ratio=0.7326
Epoch 6/30 | Cox Loss: 2.8591 | AEM Loss: -9.0902 | Lambda: 0.009284 | Total Loss: 2.7747 | Train C-index: 0.7879 | Val Loss: 4.1902 | Val C-index: 0.6585
train attention: max=0.0007, entropy=0.9754, effective_patches=7534.7, effective_ratio=0.6668 | val attention: max=0.0007, entropy=0.9752, effective_patches=7400.8, effective_ratio=0.6596
Epoch 7/30 | Cox Loss: 2.7565 | AEM Loss: -9.0723 | Lambda: 0.008980 | Total Loss: 2.6750 | Train C-index: 0.8026 | Val Loss: 4.2104 | Val C-index: 0.6571
train attention: max=0.0009, entropy=0.9670, effective_patches=6672.4, effective_ratio=0.5909 | val attention: max=0.0009, entropy=0.9669, effective_patches=6538.1, effective_ratio=0.5833
Epoch 8/30 | Cox Loss: 2.7941 | AEM Loss: -9.0240 | Lambda: 0.008630 | Total Loss: 2.7163 | Train C-index: 0.8120 | Val Loss: 4.2391 | Val C-index: 0.6568
train attention: max=0.0010, entropy=0.9629, effective_patches=6273.0, effective_ratio=0.5561 | val attention: max=0.0010, entropy=0.9629, effective_patches=6135.4, effective_ratio=0.5478
Epoch 9/30 | Cox Loss: 2.6866 | AEM Loss: -8.9151 | Lambda: 0.008237 | Total Loss: 2.6132 | Train C-index: 0.8199 | Val Loss: 4.2572 | Val C-index: 0.6571
train attention: max=0.0012, entropy=0.9560, effective_patches=5700.5, effective_ratio=0.5051 | val attention: max=0.0012, entropy=0.9559, effective_patches=5557.5, effective_ratio=0.4961
Epoch 10/30 | Cox Loss: 2.6539 | AEM Loss: -8.8584 | Lambda: 0.007806 | Total Loss: 2.5848 | Train C-index: 0.8262 | Val Loss: 4.3040 | Val C-index: 0.6511
train attention: max=0.0014, entropy=0.9527, effective_patches=5419.0, effective_ratio=0.4802 | val attention: max=0.0014, entropy=0.9529, effective_patches=5276.1, effective_ratio=0.4712
Epoch 11/30 | Cox Loss: 2.6180 | AEM Loss: -8.8261 | Lambda: 0.007342 | Total Loss: 2.5532 | Train C-index: 0.8357 | Val Loss: 4.2915 | Val C-index: 0.6568
train attention: max=0.0016, entropy=0.9463, effective_patches=4946.7, effective_ratio=0.4374 | val attention: max=0.0016, entropy=0.9472, effective_patches=4834.4, effective_ratio=0.4308
Epoch 12/30 | Cox Loss: 2.5799 | AEM Loss: -8.6983 | Lambda: 0.006851 | Total Loss: 2.5203 | Train C-index: 0.8432 | Val Loss: 4.2925 | Val C-index: 0.6635
train attention: max=0.0019, entropy=0.9408, effective_patches=4536.1, effective_ratio=0.4009 | val attention: max=0.0019, entropy=0.9424, effective_patches=4457.6, effective_ratio=0.3966
Epoch 13/30 | Cox Loss: 2.5953 | AEM Loss: -8.7893 | Lambda: 0.006338 | Total Loss: 2.5396 | Train C-index: 0.8498 | Val Loss: 4.2963 | Val C-index: 0.6632
train attention: max=0.0025, entropy=0.9292, effective_patches=3833.2, effective_ratio=0.3394 | val attention: max=0.0025, entropy=0.9309, effective_patches=3743.6, effective_ratio=0.3331
Epoch 14/30 | Cox Loss: 2.4721 | AEM Loss: -8.7088 | Lambda: 0.005809 | Total Loss: 2.4215 | Train C-index: 0.8573 | Val Loss: 4.3694 | Val C-index: 0.6578
train attention: max=0.0033, entropy=0.9178, effective_patches=3225.2, effective_ratio=0.2869 | val attention: max=0.0032, entropy=0.9189, effective_patches=3116.7, effective_ratio=0.2782
Epoch 15/30 | Cox Loss: 2.4686 | AEM Loss: -8.5361 | Lambda: 0.005271 | Total Loss: 2.4236 | Train C-index: 0.8628 | Val Loss: 4.3896 | Val C-index: 0.6625
train attention: max=0.0040, entropy=0.9046, effective_patches=2711.5, effective_ratio=0.2410 | val attention: max=0.0039, entropy=0.9062, effective_patches=2638.7, effective_ratio=0.2345
Epoch 16/30 | Cox Loss: 2.4360 | AEM Loss: -8.4688 | Lambda: 0.004729 | Total Loss: 2.3959 | Train C-index: 0.8717 | Val Loss: 4.4249 | Val C-index: 0.6585
train attention: max=0.0052, entropy=0.8924, effective_patches=2204.0, effective_ratio=0.1967 | val attention: max=0.0052, entropy=0.8927, effective_patches=2130.3, effective_ratio=0.1889
Epoch 17/30 | Cox Loss: 2.3434 | AEM Loss: -8.3243 | Lambda: 0.004191 | Total Loss: 2.3085 | Train C-index: 0.8770 | Val Loss: 4.4280 | Val C-index: 0.6763
train attention: max=0.0069, entropy=0.8754, effective_patches=1726.5, effective_ratio=0.1552 | val attention: max=0.0071, entropy=0.8754, effective_patches=1664.5, effective_ratio=0.1480
Epoch 18/30 | Cox Loss: 2.2708 | AEM Loss: -8.1720 | Lambda: 0.003662 | Total Loss: 2.2408 | Train C-index: 0.8848 | Val Loss: 4.4844 | Val C-index: 0.6739
train attention: max=0.0085, entropy=0.8636, effective_patches=1448.1, effective_ratio=0.1312 | val attention: max=0.0089, entropy=0.8622, effective_patches=1382.1, effective_ratio=0.1233
Epoch 19/30 | Cox Loss: 2.3277 | AEM Loss: -8.0961 | Lambda: 0.003149 | Total Loss: 2.3022 | Train C-index: 0.8913 | Val Loss: 4.5048 | Val C-index: 0.6750
train attention: max=0.0107, entropy=0.8505, effective_patches=1178.2, effective_ratio=0.1080 | val attention: max=0.0111, entropy=0.8486, effective_patches=1129.0, effective_ratio=0.1012
Epoch 20/30 | Cox Loss: 2.2263 | AEM Loss: -8.0077 | Lambda: 0.002658 | Total Loss: 2.2051 | Train C-index: 0.8962 | Val Loss: 4.5435 | Val C-index: 0.6827
train attention: max=0.0133, entropy=0.8347, effective_patches=948.4, effective_ratio=0.0878 | val attention: max=0.0141, entropy=0.8310, effective_patches=892.7, effective_ratio=0.0806
Epoch 21/30 | Cox Loss: 2.1637 | AEM Loss: -7.7003 | Lambda: 0.002194 | Total Loss: 2.1468 | Train C-index: 0.9020 | Val Loss: 4.5580 | Val C-index: 0.6837
train attention: max=0.0162, entropy=0.8205, effective_patches=771.8, effective_ratio=0.0721 | val attention: max=0.0177, entropy=0.8156, effective_patches=716.4, effective_ratio=0.0650
Epoch 22/30 | Cox Loss: 2.1152 | AEM Loss: -7.6652 | Lambda: 0.001763 | Total Loss: 2.1017 | Train C-index: 0.9070 | Val Loss: 4.6348 | Val C-index: 0.6857
train attention: max=0.0195, entropy=0.8011, effective_patches=626.7, effective_ratio=0.0590 | val attention: max=0.0213, entropy=0.7976, effective_patches=586.1, effective_ratio=0.0536
Epoch 23/30 | Cox Loss: 2.0909 | AEM Loss: -7.4888 | Lambda: 0.001370 | Total Loss: 2.0806 | Train C-index: 0.9120 | Val Loss: 4.7781 | Val C-index: 0.6753
train attention: max=0.0236, entropy=0.7861, effective_patches=504.7, effective_ratio=0.0481 | val attention: max=0.0259, entropy=0.7829, effective_patches=472.2, effective_ratio=0.0433
Epoch 24/30 | Cox Loss: 1.9998 | AEM Loss: -7.2720 | Lambda: 0.001020 | Total Loss: 1.9924 | Train C-index: 0.9165 | Val Loss: 4.8242 | Val C-index: 0.6793
train attention: max=0.0272, entropy=0.7831, effective_patches=456.5, effective_ratio=0.0450 | val attention: max=0.0309, entropy=0.7766, effective_patches=414.4, effective_ratio=0.0386
Epoch 25/30 | Cox Loss: 2.0118 | AEM Loss: -7.2703 | Lambda: 0.000716 | Total Loss: 2.0066 | Train C-index: 0.9212 | Val Loss: 4.9922 | Val C-index: 0.6709
train attention: max=0.0310, entropy=0.7615, effective_patches=362.4, effective_ratio=0.0352 | val attention: max=0.0349, entropy=0.7558, effective_patches=342.5, effective_ratio=0.0314
Epoch 26/30 | Cox Loss: 1.8944 | AEM Loss: -7.1749 | Lambda: 0.000462 | Total Loss: 1.8911 | Train C-index: 0.9280 | Val Loss: 5.0324 | Val C-index: 0.6703
train attention: max=0.0383, entropy=0.7472, effective_patches=302.2, effective_ratio=0.0303 | val attention: max=0.0441, entropy=0.7366, effective_patches=274.0, effective_ratio=0.0257
Epoch 27/30 | Cox Loss: 1.8502 | AEM Loss: -6.9930 | Lambda: 0.000262 | Total Loss: 1.8484 | Train C-index: 0.9319 | Val Loss: 5.3896 | Val C-index: 0.6682
train attention: max=0.0438, entropy=0.7300, effective_patches=246.7, effective_ratio=0.0255 | val attention: max=0.0499, entropy=0.7257, effective_patches=230.8, effective_ratio=0.0216
Epoch 28/30 | Cox Loss: 1.8096 | AEM Loss: -6.8721 | Lambda: 0.000117 | Total Loss: 1.8088 | Train C-index: 0.9333 | Val Loss: 5.4584 | Val C-index: 0.6598
train attention: max=0.0518, entropy=0.7149, effective_patches=216.7, effective_ratio=0.0231 | val attention: max=0.0581, entropy=0.7059, effective_patches=187.8, effective_ratio=0.0182
Epoch 29/30 | Cox Loss: 1.7601 | AEM Loss: -6.5911 | Lambda: 0.000029 | Total Loss: 1.7599 | Train C-index: 0.9414 | Val Loss: 5.5500 | Val C-index: 0.6622
train attention: max=0.0567, entropy=0.7065, effective_patches=191.0, effective_ratio=0.0204 | val attention: max=0.0640, entropy=0.6988, effective_patches=170.5, effective_ratio=0.0163
Epoch 30/30 | Cox Loss: 1.6972 | AEM Loss: -6.7318 | Lambda: 0.000000 | Total Loss: 1.6972 | Train C-index: 0.9464 | Val Loss: 5.7453 | Val C-index: 0.6551
Fold 4 final C-index: 0.6857

Extra survival metrics:
cutoff_from_train_median: -1.319653
n_test: 112
n_high_risk: 70
n_low_risk: 42
n_event_test: 38
logrank_stat: 7.106026
logrank_p: 0.007683
auc_36m: 0.763186
auc_60m: 0.693976
HR_high_vs_low: 2.776712
HR_95CI_lower: 1.269047
HR_95CI_upper: 6.075530
cox_p: 0.010577

==================================================
5-Fold CV Summary
==================================================
  C-index mean: 0.7380
