nohup: ignoring input
Using Device: cuda
PA model: abmil | k: None | Cox PH loss
Checkpoints: /home/gly001/cqj/pa_ct_surv/checkpoints/pact_v3/pathology/roi64_abmil_all/seed42
Results: /home/gly001/cqj/pa_ct_surv/results/pact_v3/pathology/roi64_abmil_all/seed42
Loaded 703 samples
Locked split: train=562, test=141
Test set is not accessed during CV

==================================================
Fold 1/5
==================================================
Epoch 1/30 | Train Loss: 3.1962 | Train C-index: 0.5896 | Val Loss: 4.1925 | Val C-index: 0.7486
Epoch 2/30 | Train Loss: 3.0652 | Train C-index: 0.7146 | Val Loss: 4.0983 | Val C-index: 0.7480
Epoch 3/30 | Train Loss: 3.0150 | Train C-index: 0.7251 | Val Loss: 4.0556 | Val C-index: 0.7474
Epoch 4/30 | Train Loss: 2.9625 | Train C-index: 0.7365 | Val Loss: 4.0331 | Val C-index: 0.7499
Epoch 5/30 | Train Loss: 2.9256 | Train C-index: 0.7440 | Val Loss: 4.0151 | Val C-index: 0.7509
Epoch 6/30 | Train Loss: 2.9159 | Train C-index: 0.7540 | Val Loss: 3.9989 | Val C-index: 0.7512
Epoch 7/30 | Train Loss: 2.8627 | Train C-index: 0.7622 | Val Loss: 3.9780 | Val C-index: 0.7572
Epoch 8/30 | Train Loss: 2.8416 | Train C-index: 0.7727 | Val Loss: 3.9693 | Val C-index: 0.7592
Epoch 9/30 | Train Loss: 2.8076 | Train C-index: 0.7806 | Val Loss: 3.9676 | Val C-index: 0.7582
Epoch 10/30 | Train Loss: 2.7610 | Train C-index: 0.7916 | Val Loss: 3.9424 | Val C-index: 0.7655
Epoch 11/30 | Train Loss: 2.7374 | Train C-index: 0.7980 | Val Loss: 3.9272 | Val C-index: 0.7700
Epoch 12/30 | Train Loss: 2.7069 | Train C-index: 0.8062 | Val Loss: 3.9208 | Val C-index: 0.7690
Epoch 13/30 | Train Loss: 2.6592 | Train C-index: 0.8135 | Val Loss: 3.9106 | Val C-index: 0.7690
Epoch 14/30 | Train Loss: 2.6335 | Train C-index: 0.8203 | Val Loss: 3.9277 | Val C-index: 0.7652
Epoch 15/30 | Train Loss: 2.6293 | Train C-index: 0.8278 | Val Loss: 3.9286 | Val C-index: 0.7674
Epoch 16/30 | Train Loss: 2.5871 | Train C-index: 0.8342 | Val Loss: 3.9349 | Val C-index: 0.7681
Epoch 17/30 | Train Loss: 2.5534 | Train C-index: 0.8401 | Val Loss: 3.9463 | Val C-index: 0.7671
Epoch 18/30 | Train Loss: 2.5092 | Train C-index: 0.8472 | Val Loss: 3.9461 | Val C-index: 0.7700
Epoch 19/30 | Train Loss: 2.4906 | Train C-index: 0.8548 | Val Loss: 3.9340 | Val C-index: 0.7735
Epoch 20/30 | Train Loss: 2.4551 | Train C-index: 0.8598 | Val Loss: 3.9652 | Val C-index: 0.7706
Epoch 21/30 | Train Loss: 2.4279 | Train C-index: 0.8671 | Val Loss: 3.9932 | Val C-index: 0.7681
Epoch 22/30 | Train Loss: 2.3900 | Train C-index: 0.8724 | Val Loss: 4.0054 | Val C-index: 0.7655
Epoch 23/30 | Train Loss: 2.3650 | Train C-index: 0.8776 | Val Loss: 4.0153 | Val C-index: 0.7671
Epoch 24/30 | Train Loss: 2.3071 | Train C-index: 0.8815 | Val Loss: 4.0446 | Val C-index: 0.7655
Epoch 25/30 | Train Loss: 2.3040 | Train C-index: 0.8867 | Val Loss: 4.0746 | Val C-index: 0.7658
Epoch 26/30 | Train Loss: 2.2362 | Train C-index: 0.8943 | Val Loss: 4.1377 | Val C-index: 0.7604
Epoch 27/30 | Train Loss: 2.1900 | Train C-index: 0.8975 | Val Loss: 4.2003 | Val C-index: 0.7566
Epoch 28/30 | Train Loss: 2.1721 | Train C-index: 0.9023 | Val Loss: 4.2438 | Val C-index: 0.7477
Epoch 29/30 | Train Loss: 2.0662 | Train C-index: 0.9065 | Val Loss: 4.2912 | Val C-index: 0.7518
Early stopping at epoch 29
Fold 0 final C-index: 0.7735

Extra survival metrics:
cutoff_from_train_median: -0.559577
n_test: 113
n_high_risk: 56
n_low_risk: 57
n_event_test: 38
logrank_stat: 30.034617
logrank_p: 0.000000
auc_36m: 0.792950
auc_60m: 0.818706
HR_high_vs_low: 7.948179
HR_95CI_lower: 3.310037
HR_95CI_upper: 19.085452
cox_p: 0.000004

==================================================
Fold 2/5
==================================================
Epoch 1/30 | Train Loss: 3.2353 | Train C-index: 0.6161 | Val Loss: 4.1054 | Val C-index: 0.7425
Epoch 2/30 | Train Loss: 3.1246 | Train C-index: 0.7184 | Val Loss: 3.9995 | Val C-index: 0.7494
Epoch 3/30 | Train Loss: 3.0222 | Train C-index: 0.7291 | Val Loss: 3.9452 | Val C-index: 0.7484
Epoch 4/30 | Train Loss: 2.9814 | Train C-index: 0.7343 | Val Loss: 3.9257 | Val C-index: 0.7478
Epoch 5/30 | Train Loss: 2.9871 | Train C-index: 0.7407 | Val Loss: 3.9184 | Val C-index: 0.7481
Epoch 6/30 | Train Loss: 2.9295 | Train C-index: 0.7492 | Val Loss: 3.9223 | Val C-index: 0.7494
Epoch 7/30 | Train Loss: 2.9041 | Train C-index: 0.7578 | Val Loss: 3.9283 | Val C-index: 0.7494
Epoch 8/30 | Train Loss: 2.8921 | Train C-index: 0.7682 | Val Loss: 3.9314 | Val C-index: 0.7494
Epoch 9/30 | Train Loss: 2.8498 | Train C-index: 0.7768 | Val Loss: 3.9201 | Val C-index: 0.7530
Epoch 10/30 | Train Loss: 2.7918 | Train C-index: 0.7864 | Val Loss: 3.9092 | Val C-index: 0.7540
Epoch 11/30 | Train Loss: 2.7703 | Train C-index: 0.7934 | Val Loss: 3.9046 | Val C-index: 0.7593
Epoch 12/30 | Train Loss: 2.7575 | Train C-index: 0.7995 | Val Loss: 3.9118 | Val C-index: 0.7547
Epoch 13/30 | Train Loss: 2.7137 | Train C-index: 0.8087 | Val Loss: 3.9273 | Val C-index: 0.7570
Epoch 14/30 | Train Loss: 2.6539 | Train C-index: 0.8178 | Val Loss: 3.9552 | Val C-index: 0.7547
Epoch 15/30 | Train Loss: 2.6252 | Train C-index: 0.8242 | Val Loss: 3.9803 | Val C-index: 0.7586
Epoch 16/30 | Train Loss: 2.6224 | Train C-index: 0.8329 | Val Loss: 3.9913 | Val C-index: 0.7530
Epoch 17/30 | Train Loss: 2.5368 | Train C-index: 0.8434 | Val Loss: 4.0599 | Val C-index: 0.7448
Epoch 18/30 | Train Loss: 2.5299 | Train C-index: 0.8486 | Val Loss: 4.1244 | Val C-index: 0.7442
Epoch 19/30 | Train Loss: 2.4465 | Train C-index: 0.8555 | Val Loss: 4.1582 | Val C-index: 0.7402
Epoch 20/30 | Train Loss: 2.4283 | Train C-index: 0.8626 | Val Loss: 4.2077 | Val C-index: 0.7316
Epoch 21/30 | Train Loss: 2.3680 | Train C-index: 0.8682 | Val Loss: 4.2916 | Val C-index: 0.7363
Early stopping at epoch 21
Fold 1 final C-index: 0.7593

Extra survival metrics:
cutoff_from_train_median: -0.492813
n_test: 113
n_high_risk: 55
n_low_risk: 58
n_event_test: 39
logrank_stat: 23.844521
logrank_p: 0.000001
auc_36m: 0.763164
auc_60m: 0.799552
HR_high_vs_low: 6.605873
HR_95CI_lower: 2.759620
HR_95CI_upper: 15.812884
cox_p: 0.000022

==================================================
Fold 3/5
==================================================
Epoch 1/30 | Train Loss: 3.1920 | Train C-index: 0.6281 | Val Loss: 4.1235 | Val C-index: 0.6803
Epoch 2/30 | Train Loss: 3.1355 | Train C-index: 0.7232 | Val Loss: 4.0618 | Val C-index: 0.6875
Epoch 3/30 | Train Loss: 3.0005 | Train C-index: 0.7420 | Val Loss: 4.0350 | Val C-index: 0.6980
Epoch 4/30 | Train Loss: 2.9649 | Train C-index: 0.7458 | Val Loss: 4.0312 | Val C-index: 0.6997
Epoch 5/30 | Train Loss: 2.9396 | Train C-index: 0.7544 | Val Loss: 4.0283 | Val C-index: 0.7007
Epoch 6/30 | Train Loss: 2.9177 | Train C-index: 0.7647 | Val Loss: 4.0226 | Val C-index: 0.7037
Epoch 7/30 | Train Loss: 2.8678 | Train C-index: 0.7755 | Val Loss: 4.0213 | Val C-index: 0.7047
Epoch 8/30 | Train Loss: 2.8363 | Train C-index: 0.7852 | Val Loss: 4.0203 | Val C-index: 0.7081
Epoch 9/30 | Train Loss: 2.8395 | Train C-index: 0.7926 | Val Loss: 4.0213 | Val C-index: 0.7112
Epoch 10/30 | Train Loss: 2.7701 | Train C-index: 0.8007 | Val Loss: 4.0340 | Val C-index: 0.7125
Epoch 11/30 | Train Loss: 2.7303 | Train C-index: 0.8074 | Val Loss: 4.0494 | Val C-index: 0.7142
Epoch 12/30 | Train Loss: 2.7139 | Train C-index: 0.8130 | Val Loss: 4.0562 | Val C-index: 0.7200
Epoch 13/30 | Train Loss: 2.6857 | Train C-index: 0.8226 | Val Loss: 4.0953 | Val C-index: 0.7180
Epoch 14/30 | Train Loss: 2.6575 | Train C-index: 0.8265 | Val Loss: 4.1421 | Val C-index: 0.7156
Epoch 15/30 | Train Loss: 2.6132 | Train C-index: 0.8296 | Val Loss: 4.1717 | Val C-index: 0.7115
Epoch 16/30 | Train Loss: 2.6045 | Train C-index: 0.8364 | Val Loss: 4.1875 | Val C-index: 0.7125
Epoch 17/30 | Train Loss: 2.7538 | Train C-index: 0.8396 | Val Loss: 4.2040 | Val C-index: 0.7176
Epoch 18/30 | Train Loss: 2.5792 | Train C-index: 0.8452 | Val Loss: 4.2229 | Val C-index: 0.7139
Epoch 19/30 | Train Loss: 2.5164 | Train C-index: 0.8509 | Val Loss: 4.2687 | Val C-index: 0.7122
Epoch 20/30 | Train Loss: 2.5025 | Train C-index: 0.8558 | Val Loss: 4.2742 | Val C-index: 0.7149
Epoch 21/30 | Train Loss: 2.4608 | Train C-index: 0.8570 | Val Loss: 4.2691 | Val C-index: 0.7163
Epoch 22/30 | Train Loss: 2.4559 | Train C-index: 0.8615 | Val Loss: 4.3035 | Val C-index: 0.7139
Early stopping at epoch 22
Fold 2 final C-index: 0.7200

Extra survival metrics:
cutoff_from_train_median: -0.248204
n_test: 112
n_high_risk: 62
n_low_risk: 50
n_event_test: 38
logrank_stat: 19.403134
logrank_p: 0.000011
auc_36m: 0.746470
auc_60m: 0.739880
HR_high_vs_low: 6.352887
HR_95CI_lower: 2.475075
HR_95CI_upper: 16.306247
cox_p: 0.000121

==================================================
Fold 4/5
==================================================
Epoch 1/30 | Train Loss: 3.1833 | Train C-index: 0.6523 | Val Loss: 4.1033 | Val C-index: 0.7008
Epoch 2/30 | Train Loss: 3.0928 | Train C-index: 0.7298 | Val Loss: 4.0330 | Val C-index: 0.7091
Epoch 3/30 | Train Loss: 3.0677 | Train C-index: 0.7303 | Val Loss: 4.0016 | Val C-index: 0.7127
Epoch 4/30 | Train Loss: 2.9770 | Train C-index: 0.7397 | Val Loss: 3.9907 | Val C-index: 0.7194
Epoch 5/30 | Train Loss: 3.0554 | Train C-index: 0.7477 | Val Loss: 3.9855 | Val C-index: 0.7190
Epoch 6/30 | Train Loss: 2.9134 | Train C-index: 0.7555 | Val Loss: 3.9856 | Val C-index: 0.7217
Epoch 7/30 | Train Loss: 2.8992 | Train C-index: 0.7663 | Val Loss: 3.9770 | Val C-index: 0.7243
Epoch 8/30 | Train Loss: 2.8394 | Train C-index: 0.7759 | Val Loss: 3.9729 | Val C-index: 0.7256
Epoch 9/30 | Train Loss: 2.8360 | Train C-index: 0.7848 | Val Loss: 3.9702 | Val C-index: 0.7280
Epoch 10/30 | Train Loss: 2.8080 | Train C-index: 0.7940 | Val Loss: 3.9686 | Val C-index: 0.7280
Epoch 11/30 | Train Loss: 2.7541 | Train C-index: 0.7998 | Val Loss: 3.9695 | Val C-index: 0.7306
Epoch 12/30 | Train Loss: 2.7429 | Train C-index: 0.8053 | Val Loss: 3.9820 | Val C-index: 0.7303
Epoch 13/30 | Train Loss: 2.7278 | Train C-index: 0.8102 | Val Loss: 3.9985 | Val C-index: 0.7293
Epoch 14/30 | Train Loss: 2.6782 | Train C-index: 0.8159 | Val Loss: 4.0110 | Val C-index: 0.7293
Epoch 15/30 | Train Loss: 2.8214 | Train C-index: 0.8199 | Val Loss: 4.0176 | Val C-index: 0.7290
Epoch 16/30 | Train Loss: 2.6271 | Train C-index: 0.8283 | Val Loss: 3.9990 | Val C-index: 0.7333
Epoch 17/30 | Train Loss: 2.6277 | Train C-index: 0.8296 | Val Loss: 3.9950 | Val C-index: 0.7313
Epoch 18/30 | Train Loss: 2.5877 | Train C-index: 0.8359 | Val Loss: 3.9935 | Val C-index: 0.7346
Epoch 19/30 | Train Loss: 2.5757 | Train C-index: 0.8411 | Val Loss: 4.0021 | Val C-index: 0.7293
Epoch 20/30 | Train Loss: 2.5300 | Train C-index: 0.8457 | Val Loss: 4.0337 | Val C-index: 0.7343
Epoch 21/30 | Train Loss: 2.5130 | Train C-index: 0.8472 | Val Loss: 4.0640 | Val C-index: 0.7339
Epoch 22/30 | Train Loss: 2.4794 | Train C-index: 0.8554 | Val Loss: 4.0581 | Val C-index: 0.7333
Epoch 23/30 | Train Loss: 2.4961 | Train C-index: 0.8611 | Val Loss: 4.0707 | Val C-index: 0.7319
Epoch 24/30 | Train Loss: 2.4132 | Train C-index: 0.8655 | Val Loss: 4.1063 | Val C-index: 0.7280
Epoch 25/30 | Train Loss: 2.3833 | Train C-index: 0.8721 | Val Loss: 4.1311 | Val C-index: 0.7356
Epoch 26/30 | Train Loss: 2.3700 | Train C-index: 0.8742 | Val Loss: 4.1469 | Val C-index: 0.7319
Epoch 27/30 | Train Loss: 2.3269 | Train C-index: 0.8813 | Val Loss: 4.1614 | Val C-index: 0.7300
Epoch 28/30 | Train Loss: 2.3143 | Train C-index: 0.8841 | Val Loss: 4.2006 | Val C-index: 0.7316
Epoch 29/30 | Train Loss: 2.2669 | Train C-index: 0.8912 | Val Loss: 4.2378 | Val C-index: 0.7256
Epoch 30/30 | Train Loss: 2.1882 | Train C-index: 0.8971 | Val Loss: 4.3148 | Val C-index: 0.7230
Fold 3 final C-index: 0.7356

Extra survival metrics:
cutoff_from_train_median: -0.089870
n_test: 112
n_high_risk: 51
n_low_risk: 61
n_event_test: 38
logrank_stat: 15.414623
logrank_p: 0.000086
auc_36m: 0.793876
auc_60m: 0.719734
HR_high_vs_low: 3.722908
HR_95CI_lower: 1.842492
HR_95CI_upper: 7.522443
cox_p: 0.000249

==================================================
Fold 5/5
==================================================
Epoch 1/30 | Train Loss: 3.2803 | Train C-index: 0.6110 | Val Loss: 4.1933 | Val C-index: 0.6497
Epoch 2/30 | Train Loss: 3.0690 | Train C-index: 0.7473 | Val Loss: 4.1633 | Val C-index: 0.6508
Epoch 3/30 | Train Loss: 2.9987 | Train C-index: 0.7505 | Val Loss: 4.1881 | Val C-index: 0.6450
Epoch 4/30 | Train Loss: 3.0730 | Train C-index: 0.7563 | Val Loss: 4.2249 | Val C-index: 0.6410
Epoch 5/30 | Train Loss: 2.9417 | Train C-index: 0.7604 | Val Loss: 4.1980 | Val C-index: 0.6487
Epoch 6/30 | Train Loss: 2.9399 | Train C-index: 0.7678 | Val Loss: 4.1935 | Val C-index: 0.6538
Epoch 7/30 | Train Loss: 2.8449 | Train C-index: 0.7800 | Val Loss: 4.1948 | Val C-index: 0.6595
Epoch 8/30 | Train Loss: 2.8830 | Train C-index: 0.7871 | Val Loss: 4.1952 | Val C-index: 0.6612
Epoch 9/30 | Train Loss: 2.7776 | Train C-index: 0.7942 | Val Loss: 4.2013 | Val C-index: 0.6612
Epoch 10/30 | Train Loss: 2.7623 | Train C-index: 0.8018 | Val Loss: 4.2312 | Val C-index: 0.6534
Epoch 11/30 | Train Loss: 2.7297 | Train C-index: 0.8083 | Val Loss: 4.2357 | Val C-index: 0.6561
Epoch 12/30 | Train Loss: 2.7064 | Train C-index: 0.8143 | Val Loss: 4.2422 | Val C-index: 0.6575
Epoch 13/30 | Train Loss: 2.7292 | Train C-index: 0.8209 | Val Loss: 4.2408 | Val C-index: 0.6585
Epoch 14/30 | Train Loss: 2.6272 | Train C-index: 0.8272 | Val Loss: 4.2688 | Val C-index: 0.6558
Epoch 15/30 | Train Loss: 2.6327 | Train C-index: 0.8329 | Val Loss: 4.2736 | Val C-index: 0.6608
Epoch 16/30 | Train Loss: 2.6288 | Train C-index: 0.8399 | Val Loss: 4.2878 | Val C-index: 0.6595
Epoch 17/30 | Train Loss: 2.5571 | Train C-index: 0.8454 | Val Loss: 4.2922 | Val C-index: 0.6686
Epoch 18/30 | Train Loss: 2.5003 | Train C-index: 0.8505 | Val Loss: 4.3045 | Val C-index: 0.6716
Epoch 19/30 | Train Loss: 2.5677 | Train C-index: 0.8558 | Val Loss: 4.3039 | Val C-index: 0.6746
Epoch 20/30 | Train Loss: 2.4738 | Train C-index: 0.8594 | Val Loss: 4.3255 | Val C-index: 0.6830
Epoch 21/30 | Train Loss: 2.4428 | Train C-index: 0.8639 | Val Loss: 4.3287 | Val C-index: 0.6840
Epoch 22/30 | Train Loss: 2.4282 | Train C-index: 0.8684 | Val Loss: 4.3455 | Val C-index: 0.6871
Epoch 23/30 | Train Loss: 2.4310 | Train C-index: 0.8728 | Val Loss: 4.3622 | Val C-index: 0.6790
Epoch 24/30 | Train Loss: 2.3236 | Train C-index: 0.8783 | Val Loss: 4.3428 | Val C-index: 0.6874
Epoch 25/30 | Train Loss: 2.3434 | Train C-index: 0.8837 | Val Loss: 4.3697 | Val C-index: 0.6897
Epoch 26/30 | Train Loss: 2.2680 | Train C-index: 0.8903 | Val Loss: 4.3603 | Val C-index: 0.6924
Epoch 27/30 | Train Loss: 2.2419 | Train C-index: 0.8918 | Val Loss: 4.4512 | Val C-index: 0.6864
Epoch 28/30 | Train Loss: 2.1929 | Train C-index: 0.8943 | Val Loss: 4.5299 | Val C-index: 0.6861
Epoch 29/30 | Train Loss: 2.1605 | Train C-index: 0.8985 | Val Loss: 4.5738 | Val C-index: 0.6830
Epoch 30/30 | Train Loss: 2.1650 | Train C-index: 0.9040 | Val Loss: 4.5618 | Val C-index: 0.6847
Fold 4 final C-index: 0.6924

Extra survival metrics:
cutoff_from_train_median: -0.605266
n_test: 112
n_high_risk: 67
n_low_risk: 45
n_event_test: 38
logrank_stat: 8.756606
logrank_p: 0.003085
auc_36m: 0.778101
auc_60m: 0.714984
HR_high_vs_low: 2.950563
HR_95CI_lower: 1.392274
HR_95CI_upper: 6.252949
cox_p: 0.004749

==================================================
5-Fold CV Summary
==================================================
  C-index mean: 0.7362
