nohup: ignoring input
Using Device: cuda
PA model: abmil | k: None | Cox PH loss | AEM lambda0: 0.1
Checkpoints: /home/gly001/cqj/pa_ct_surv/checkpoints/pact_v3/pathology/roi64_abmil_all/seed42
Results: /home/gly001/cqj/pa_ct_surv/results/pact_v3/pathology/roi64_abmil_all/seed42
Loaded 703 samples
Locked split: train=562, test=141
Test set is not accessed during CV

==================================================
Fold 1/5
==================================================
train attention: max=0.0002, entropy=0.9993, effective_patches=11404.7, effective_ratio=0.9864 | val attention: max=0.0002, entropy=0.9993, effective_patches=10719.4, effective_ratio=0.9866
Epoch 1/30 | Cox Loss: 3.1540 | AEM Loss: -9.2711 | Lambda: 0.100000 | Total Loss: 2.2269 | Train C-index: 0.6692 | Val Loss: 4.1409 | Val C-index: 0.7442
train attention: max=0.0002, entropy=0.9985, effective_patches=11236.0, effective_ratio=0.9729 | val attention: max=0.0002, entropy=0.9986, effective_patches=10577.0, effective_ratio=0.9745
Epoch 2/30 | Cox Loss: 3.0040 | AEM Loss: -9.1822 | Lambda: 0.099707 | Total Loss: 2.0884 | Train C-index: 0.7288 | Val Loss: 4.0582 | Val C-index: 0.7486
train attention: max=0.0002, entropy=0.9972, effective_patches=10957.1, effective_ratio=0.9506 | val attention: max=0.0002, entropy=0.9975, effective_patches=10345.3, effective_ratio=0.9548
Epoch 3/30 | Cox Loss: 2.9649 | AEM Loss: -9.1565 | Lambda: 0.098831 | Total Loss: 2.0599 | Train C-index: 0.7378 | Val Loss: 4.0389 | Val C-index: 0.7486
train attention: max=0.0002, entropy=0.9959, effective_patches=10671.1, effective_ratio=0.9272 | val attention: max=0.0003, entropy=0.9963, effective_patches=10104.8, effective_ratio=0.9338
Epoch 4/30 | Cox Loss: 2.9147 | AEM Loss: -9.2702 | Lambda: 0.097383 | Total Loss: 2.0120 | Train C-index: 0.7490 | Val Loss: 4.0231 | Val C-index: 0.7509
train attention: max=0.0003, entropy=0.9944, effective_patches=10378.8, effective_ratio=0.9033 | val attention: max=0.0003, entropy=0.9950, effective_patches=9854.9, effective_ratio=0.9121
Epoch 5/30 | Cox Loss: 2.8685 | AEM Loss: -9.2862 | Lambda: 0.095379 | Total Loss: 1.9828 | Train C-index: 0.7590 | Val Loss: 4.0036 | Val C-index: 0.7525
train attention: max=0.0003, entropy=0.9921, effective_patches=9936.1, effective_ratio=0.8664 | val attention: max=0.0004, entropy=0.9929, effective_patches=9478.5, effective_ratio=0.8787
Epoch 6/30 | Cox Loss: 2.8501 | AEM Loss: -9.1734 | Lambda: 0.092843 | Total Loss: 1.9984 | Train C-index: 0.7722 | Val Loss: 3.9821 | Val C-index: 0.7572
train attention: max=0.0004, entropy=0.9886, effective_patches=9325.0, effective_ratio=0.8159 | val attention: max=0.0005, entropy=0.9897, effective_patches=8948.9, effective_ratio=0.8321
Epoch 7/30 | Cox Loss: 2.7910 | AEM Loss: -9.2042 | Lambda: 0.089805 | Total Loss: 1.9645 | Train C-index: 0.7811 | Val Loss: 3.9540 | Val C-index: 0.7598
train attention: max=0.0005, entropy=0.9862, effective_patches=8930.4, effective_ratio=0.7824 | val attention: max=0.0005, entropy=0.9874, effective_patches=8594.2, effective_ratio=0.8000
Epoch 8/30 | Cox Loss: 2.7647 | AEM Loss: -9.2104 | Lambda: 0.086300 | Total Loss: 1.9698 | Train C-index: 0.7938 | Val Loss: 3.9520 | Val C-index: 0.7623
train attention: max=0.0005, entropy=0.9845, effective_patches=8670.0, effective_ratio=0.7597 | val attention: max=0.0006, entropy=0.9858, effective_patches=8351.1, effective_ratio=0.7776
Epoch 9/30 | Cox Loss: 2.7238 | AEM Loss: -9.1543 | Lambda: 0.082369 | Total Loss: 1.9698 | Train C-index: 0.8015 | Val Loss: 3.9616 | Val C-index: 0.7614
train attention: max=0.0006, entropy=0.9817, effective_patches=8250.3, effective_ratio=0.7244 | val attention: max=0.0007, entropy=0.9832, effective_patches=7955.4, effective_ratio=0.7435
Epoch 10/30 | Cox Loss: 2.6722 | AEM Loss: -9.1349 | Lambda: 0.078059 | Total Loss: 1.9592 | Train C-index: 0.8116 | Val Loss: 3.9329 | Val C-index: 0.7703
train attention: max=0.0007, entropy=0.9784, effective_patches=7809.9, effective_ratio=0.6858 | val attention: max=0.0008, entropy=0.9801, effective_patches=7534.5, effective_ratio=0.7051
Epoch 11/30 | Cox Loss: 2.6342 | AEM Loss: -9.0900 | Lambda: 0.073420 | Total Loss: 1.9668 | Train C-index: 0.8203 | Val Loss: 3.9297 | Val C-index: 0.7709
train attention: max=0.0009, entropy=0.9742, effective_patches=7278.2, effective_ratio=0.6395 | val attention: max=0.0009, entropy=0.9760, effective_patches=7019.3, effective_ratio=0.6581
Epoch 12/30 | Cox Loss: 2.6053 | AEM Loss: -9.0963 | Lambda: 0.068507 | Total Loss: 1.9821 | Train C-index: 0.8288 | Val Loss: 3.9391 | Val C-index: 0.7694
train attention: max=0.0011, entropy=0.9651, effective_patches=6311.4, effective_ratio=0.5556 | val attention: max=0.0012, entropy=0.9672, effective_patches=6112.9, effective_ratio=0.5726
Epoch 13/30 | Cox Loss: 2.5356 | AEM Loss: -8.9337 | Lambda: 0.063376 | Total Loss: 1.9694 | Train C-index: 0.8362 | Val Loss: 3.9332 | Val C-index: 0.7694
train attention: max=0.0013, entropy=0.9630, effective_patches=6086.4, effective_ratio=0.5337 | val attention: max=0.0013, entropy=0.9648, effective_patches=5858.9, effective_ratio=0.5486
Epoch 14/30 | Cox Loss: 2.5099 | AEM Loss: -8.8371 | Lambda: 0.058089 | Total Loss: 1.9965 | Train C-index: 0.8451 | Val Loss: 3.9720 | Val C-index: 0.7655
train attention: max=0.0014, entropy=0.9593, effective_patches=5734.4, effective_ratio=0.5024 | val attention: max=0.0015, entropy=0.9612, effective_patches=5504.2, effective_ratio=0.5160
Epoch 15/30 | Cox Loss: 2.4926 | AEM Loss: -8.9092 | Lambda: 0.052707 | Total Loss: 2.0230 | Train C-index: 0.8543 | Val Loss: 3.9825 | Val C-index: 0.7608
train attention: max=0.0017, entropy=0.9524, effective_patches=5145.5, effective_ratio=0.4511 | val attention: max=0.0018, entropy=0.9544, effective_patches=4941.0, effective_ratio=0.4637
Epoch 16/30 | Cox Loss: 2.4389 | AEM Loss: -8.8503 | Lambda: 0.047293 | Total Loss: 2.0204 | Train C-index: 0.8614 | Val Loss: 3.9979 | Val C-index: 0.7598
train attention: max=0.0021, entropy=0.9446, effective_patches=4561.2, effective_ratio=0.4002 | val attention: max=0.0022, entropy=0.9468, effective_patches=4379.7, effective_ratio=0.4125
Epoch 17/30 | Cox Loss: 2.3967 | AEM Loss: -8.8505 | Lambda: 0.041911 | Total Loss: 2.0258 | Train C-index: 0.8667 | Val Loss: 4.0344 | Val C-index: 0.7582
train attention: max=0.0028, entropy=0.9293, effective_patches=3660.9, effective_ratio=0.3216 | val attention: max=0.0029, entropy=0.9316, effective_patches=3522.9, effective_ratio=0.3315
Epoch 18/30 | Cox Loss: 2.3355 | AEM Loss: -8.6997 | Lambda: 0.036624 | Total Loss: 2.0169 | Train C-index: 0.8740 | Val Loss: 4.0406 | Val C-index: 0.7566
train attention: max=0.0033, entropy=0.9253, effective_patches=3373.4, effective_ratio=0.2968 | val attention: max=0.0034, entropy=0.9276, effective_patches=3242.0, effective_ratio=0.3066
Epoch 19/30 | Cox Loss: 2.3028 | AEM Loss: -8.5373 | Lambda: 0.031493 | Total Loss: 2.0340 | Train C-index: 0.8834 | Val Loss: 4.0533 | Val C-index: 0.7608
train attention: max=0.0040, entropy=0.9135, effective_patches=2872.8, effective_ratio=0.2519 | val attention: max=0.0041, entropy=0.9153, effective_patches=2757.4, effective_ratio=0.2598
Epoch 20/30 | Cox Loss: 2.2509 | AEM Loss: -8.6143 | Lambda: 0.026580 | Total Loss: 2.0219 | Train C-index: 0.8878 | Val Loss: 4.1454 | Val C-index: 0.7518
train attention: max=0.0050, entropy=0.9050, effective_patches=2454.8, effective_ratio=0.2170 | val attention: max=0.0052, entropy=0.9073, effective_patches=2366.9, effective_ratio=0.2245
Epoch 21/30 | Cox Loss: 2.2056 | AEM Loss: -8.4322 | Lambda: 0.021941 | Total Loss: 2.0206 | Train C-index: 0.8961 | Val Loss: 4.1931 | Val C-index: 0.7471
Early stopping at epoch 21
Fold 0 final C-index: 0.7709

Extra survival metrics:
cutoff_from_train_median: -0.256048
n_test: 113
n_high_risk: 52
n_low_risk: 61
n_event_test: 38
logrank_stat: 31.670792
logrank_p: 0.000000
auc_36m: 0.787825
auc_60m: 0.810987
HR_high_vs_low: 7.533604
HR_95CI_lower: 3.303658
HR_95CI_upper: 17.179498
cox_p: 0.000002

==================================================
Fold 2/5
==================================================
train attention: max=0.0002, entropy=0.9991, effective_patches=11173.0, effective_ratio=0.9827 | val attention: max=0.0002, entropy=0.9991, effective_patches=11453.4, effective_ratio=0.9827
Epoch 1/30 | Cox Loss: 3.1945 | AEM Loss: -9.2375 | Lambda: 0.100000 | Total Loss: 2.2708 | Train C-index: 0.6720 | Val Loss: 4.0309 | Val C-index: 0.7382
train attention: max=0.0002, entropy=0.9990, effective_patches=11160.7, effective_ratio=0.9816 | val attention: max=0.0002, entropy=0.9990, effective_patches=11437.5, effective_ratio=0.9812
Epoch 2/30 | Cox Loss: 3.0748 | AEM Loss: -9.3431 | Lambda: 0.099707 | Total Loss: 2.1432 | Train C-index: 0.7240 | Val Loss: 3.9388 | Val C-index: 0.7484
train attention: max=0.0002, entropy=0.9985, effective_patches=11035.5, effective_ratio=0.9718 | val attention: max=0.0002, entropy=0.9985, effective_patches=11312.0, effective_ratio=0.9719
Epoch 3/30 | Cox Loss: 2.9736 | AEM Loss: -9.2603 | Lambda: 0.098831 | Total Loss: 2.0584 | Train C-index: 0.7371 | Val Loss: 3.9125 | Val C-index: 0.7458
train attention: max=0.0002, entropy=0.9972, effective_patches=10761.2, effective_ratio=0.9492 | val attention: max=0.0002, entropy=0.9972, effective_patches=11043.4, effective_ratio=0.9507
Epoch 4/30 | Cox Loss: 2.9330 | AEM Loss: -9.2117 | Lambda: 0.097383 | Total Loss: 2.0359 | Train C-index: 0.7471 | Val Loss: 3.9108 | Val C-index: 0.7471
train attention: max=0.0003, entropy=0.9945, effective_patches=10233.5, effective_ratio=0.9050 | val attention: max=0.0003, entropy=0.9947, effective_patches=10525.8, effective_ratio=0.9095
Epoch 5/30 | Cox Loss: 2.9257 | AEM Loss: -9.2688 | Lambda: 0.095379 | Total Loss: 2.0417 | Train C-index: 0.7584 | Val Loss: 3.9035 | Val C-index: 0.7484
train attention: max=0.0003, entropy=0.9924, effective_patches=9871.3, effective_ratio=0.8737 | val attention: max=0.0003, entropy=0.9928, effective_patches=10175.7, effective_ratio=0.8801
Epoch 6/30 | Cox Loss: 2.8532 | AEM Loss: -9.1658 | Lambda: 0.092843 | Total Loss: 2.0022 | Train C-index: 0.7701 | Val Loss: 3.9053 | Val C-index: 0.7484
train attention: max=0.0004, entropy=0.9894, effective_patches=9343.7, effective_ratio=0.8286 | val attention: max=0.0004, entropy=0.9900, effective_patches=9657.2, effective_ratio=0.8374
Epoch 7/30 | Cox Loss: 2.8264 | AEM Loss: -9.1252 | Lambda: 0.089805 | Total Loss: 2.0069 | Train C-index: 0.7823 | Val Loss: 3.9120 | Val C-index: 0.7481
train attention: max=0.0005, entropy=0.9869, effective_patches=8946.8, effective_ratio=0.7939 | val attention: max=0.0005, entropy=0.9876, effective_patches=9264.4, effective_ratio=0.8040
Epoch 8/30 | Cox Loss: 2.8024 | AEM Loss: -9.0881 | Lambda: 0.086300 | Total Loss: 2.0181 | Train C-index: 0.7945 | Val Loss: 3.9245 | Val C-index: 0.7468
train attention: max=0.0006, entropy=0.9830, effective_patches=8368.9, effective_ratio=0.7433 | val attention: max=0.0006, entropy=0.9839, effective_patches=8672.6, effective_ratio=0.7537
Epoch 9/30 | Cox Loss: 2.7458 | AEM Loss: -9.1563 | Lambda: 0.082369 | Total Loss: 1.9916 | Train C-index: 0.8051 | Val Loss: 3.9250 | Val C-index: 0.7517
train attention: max=0.0008, entropy=0.9781, effective_patches=7699.9, effective_ratio=0.6851 | val attention: max=0.0007, entropy=0.9791, effective_patches=7979.2, effective_ratio=0.6951
Epoch 10/30 | Cox Loss: 2.6724 | AEM Loss: -8.8797 | Lambda: 0.078059 | Total Loss: 1.9792 | Train C-index: 0.8153 | Val Loss: 3.9317 | Val C-index: 0.7527
train attention: max=0.0009, entropy=0.9732, effective_patches=7094.8, effective_ratio=0.6315 | val attention: max=0.0008, entropy=0.9742, effective_patches=7332.2, effective_ratio=0.6391
Epoch 11/30 | Cox Loss: 2.6383 | AEM Loss: -9.0505 | Lambda: 0.073420 | Total Loss: 1.9738 | Train C-index: 0.8251 | Val Loss: 3.9639 | Val C-index: 0.7540
train attention: max=0.0012, entropy=0.9652, effective_patches=6235.2, effective_ratio=0.5556 | val attention: max=0.0011, entropy=0.9663, effective_patches=6412.8, effective_ratio=0.5606
Epoch 12/30 | Cox Loss: 2.6142 | AEM Loss: -8.9596 | Lambda: 0.068507 | Total Loss: 2.0004 | Train C-index: 0.8329 | Val Loss: 4.0203 | Val C-index: 0.7415
train attention: max=0.0016, entropy=0.9558, effective_patches=5330.2, effective_ratio=0.4761 | val attention: max=0.0015, entropy=0.9568, effective_patches=5433.7, effective_ratio=0.4783
Epoch 13/30 | Cox Loss: 2.5496 | AEM Loss: -8.9169 | Lambda: 0.063376 | Total Loss: 1.9845 | Train C-index: 0.8461 | Val Loss: 4.0970 | Val C-index: 0.7445
train attention: max=0.0021, entropy=0.9471, effective_patches=4616.5, effective_ratio=0.4135 | val attention: max=0.0020, entropy=0.9479, effective_patches=4668.4, effective_ratio=0.4132
Epoch 14/30 | Cox Loss: 2.4594 | AEM Loss: -8.8243 | Lambda: 0.058089 | Total Loss: 1.9468 | Train C-index: 0.8562 | Val Loss: 4.1909 | Val C-index: 0.7448
train attention: max=0.0027, entropy=0.9367, effective_patches=3941.6, effective_ratio=0.3533 | val attention: max=0.0025, entropy=0.9368, effective_patches=3936.8, effective_ratio=0.3491
Epoch 15/30 | Cox Loss: 2.4320 | AEM Loss: -8.7579 | Lambda: 0.052707 | Total Loss: 1.9704 | Train C-index: 0.8624 | Val Loss: 4.2316 | Val C-index: 0.7336
train attention: max=0.0032, entropy=0.9272, effective_patches=3421.0, effective_ratio=0.3067 | val attention: max=0.0030, entropy=0.9266, effective_patches=3399.8, effective_ratio=0.3013
Epoch 16/30 | Cox Loss: 2.4100 | AEM Loss: -8.4026 | Lambda: 0.047293 | Total Loss: 2.0126 | Train C-index: 0.8717 | Val Loss: 4.2444 | Val C-index: 0.7228
train attention: max=0.0043, entropy=0.9182, effective_patches=2903.1, effective_ratio=0.2631 | val attention: max=0.0039, entropy=0.9188, effective_patches=2907.5, effective_ratio=0.2629
Epoch 17/30 | Cox Loss: 2.3050 | AEM Loss: -8.6298 | Lambda: 0.041911 | Total Loss: 1.9433 | Train C-index: 0.8837 | Val Loss: 4.3931 | Val C-index: 0.7251
train attention: max=0.0053, entropy=0.9091, effective_patches=2475.1, effective_ratio=0.2257 | val attention: max=0.0049, entropy=0.9093, effective_patches=2477.3, effective_ratio=0.2259
Epoch 18/30 | Cox Loss: 2.2694 | AEM Loss: -8.5037 | Lambda: 0.036624 | Total Loss: 1.9580 | Train C-index: 0.8853 | Val Loss: 4.6001 | Val C-index: 0.7178
train attention: max=0.0068, entropy=0.8916, effective_patches=1934.9, effective_ratio=0.1766 | val attention: max=0.0063, entropy=0.8903, effective_patches=1904.3, effective_ratio=0.1748
Epoch 19/30 | Cox Loss: 2.1789 | AEM Loss: -8.3771 | Lambda: 0.031493 | Total Loss: 1.9151 | Train C-index: 0.8963 | Val Loss: 4.6302 | Val C-index: 0.6997
train attention: max=0.0084, entropy=0.8811, effective_patches=1617.4, effective_ratio=0.1490 | val attention: max=0.0079, entropy=0.8791, effective_patches=1580.2, effective_ratio=0.1467
Epoch 20/30 | Cox Loss: 2.1412 | AEM Loss: -8.2604 | Lambda: 0.026580 | Total Loss: 1.9217 | Train C-index: 0.9031 | Val Loss: 4.8164 | Val C-index: 0.7043
train attention: max=0.0108, entropy=0.8692, effective_patches=1316.7, effective_ratio=0.1227 | val attention: max=0.0103, entropy=0.8662, effective_patches=1271.4, effective_ratio=0.1203
Epoch 21/30 | Cox Loss: 2.0489 | AEM Loss: -8.1022 | Lambda: 0.021941 | Total Loss: 1.8712 | Train C-index: 0.9072 | Val Loss: 5.1802 | Val C-index: 0.6911
Early stopping at epoch 21
Fold 1 final C-index: 0.7540

Extra survival metrics:
cutoff_from_train_median: -0.336652
n_test: 113
n_high_risk: 51
n_low_risk: 62
n_event_test: 39
logrank_stat: 30.090270
logrank_p: 0.000000
auc_36m: 0.754726
auc_60m: 0.799778
HR_high_vs_low: 7.909797
HR_95CI_lower: 3.301804
HR_95CI_upper: 18.948696
cox_p: 0.000003

==================================================
Fold 3/5
==================================================
train attention: max=0.0002, entropy=0.9993, effective_patches=11305.0, effective_ratio=0.9872 | val attention: max=0.0002, entropy=0.9993, effective_patches=11161.1, effective_ratio=0.9871
Epoch 1/30 | Cox Loss: 3.1788 | AEM Loss: -9.2566 | Lambda: 0.100000 | Total Loss: 2.2531 | Train C-index: 0.6346 | Val Loss: 4.0814 | Val C-index: 0.6986
train attention: max=0.0002, entropy=0.9987, effective_patches=11169.3, effective_ratio=0.9758 | val attention: max=0.0002, entropy=0.9986, effective_patches=11021.3, effective_ratio=0.9752
Epoch 2/30 | Cox Loss: 3.0977 | AEM Loss: -9.2884 | Lambda: 0.099707 | Total Loss: 2.1716 | Train C-index: 0.7257 | Val Loss: 4.0408 | Val C-index: 0.6990
train attention: max=0.0002, entropy=0.9977, effective_patches=10968.6, effective_ratio=0.9591 | val attention: max=0.0002, entropy=0.9976, effective_patches=10808.6, effective_ratio=0.9573
Epoch 3/30 | Cox Loss: 2.9644 | AEM Loss: -9.2962 | Lambda: 0.098831 | Total Loss: 2.0457 | Train C-index: 0.7450 | Val Loss: 4.0297 | Val C-index: 0.7075
train attention: max=0.0002, entropy=0.9967, effective_patches=10731.9, effective_ratio=0.9403 | val attention: max=0.0003, entropy=0.9964, effective_patches=10547.9, effective_ratio=0.9362
Epoch 4/30 | Cox Loss: 2.9282 | AEM Loss: -9.2787 | Lambda: 0.097383 | Total Loss: 2.0246 | Train C-index: 0.7528 | Val Loss: 4.0172 | Val C-index: 0.7122
train attention: max=0.0003, entropy=0.9946, effective_patches=10297.3, effective_ratio=0.9049 | val attention: max=0.0003, entropy=0.9941, effective_patches=10078.5, effective_ratio=0.8976
Epoch 5/30 | Cox Loss: 2.8917 | AEM Loss: -9.1974 | Lambda: 0.095379 | Total Loss: 2.0145 | Train C-index: 0.7658 | Val Loss: 4.0007 | Val C-index: 0.7153
train attention: max=0.0004, entropy=0.9920, effective_patches=9819.1, effective_ratio=0.8650 | val attention: max=0.0004, entropy=0.9913, effective_patches=9568.3, effective_ratio=0.8545
Epoch 6/30 | Cox Loss: 2.8655 | AEM Loss: -9.2174 | Lambda: 0.092843 | Total Loss: 2.0097 | Train C-index: 0.7796 | Val Loss: 3.9969 | Val C-index: 0.7163
train attention: max=0.0005, entropy=0.9891, effective_patches=9308.9, effective_ratio=0.8222 | val attention: max=0.0005, entropy=0.9881, effective_patches=9024.6, effective_ratio=0.8083
Epoch 7/30 | Cox Loss: 2.7995 | AEM Loss: -9.1596 | Lambda: 0.089805 | Total Loss: 1.9769 | Train C-index: 0.7918 | Val Loss: 4.0090 | Val C-index: 0.7183
train attention: max=0.0006, entropy=0.9852, effective_patches=8662.5, effective_ratio=0.7676 | val attention: max=0.0006, entropy=0.9837, effective_patches=8346.6, effective_ratio=0.7503
Epoch 8/30 | Cox Loss: 2.7594 | AEM Loss: -9.1725 | Lambda: 0.086300 | Total Loss: 1.9679 | Train C-index: 0.8021 | Val Loss: 4.0225 | Val C-index: 0.7237
train attention: max=0.0007, entropy=0.9809, effective_patches=8036.4, effective_ratio=0.7145 | val attention: max=0.0008, entropy=0.9790, effective_patches=7705.5, effective_ratio=0.6947
Epoch 9/30 | Cox Loss: 2.7490 | AEM Loss: -9.0875 | Lambda: 0.082369 | Total Loss: 2.0005 | Train C-index: 0.8100 | Val Loss: 4.0401 | Val C-index: 0.7268
train attention: max=0.0009, entropy=0.9768, effective_patches=7478.4, effective_ratio=0.6667 | val attention: max=0.0010, entropy=0.9745, effective_patches=7135.1, effective_ratio=0.6454
Epoch 10/30 | Cox Loss: 2.6775 | AEM Loss: -9.0641 | Lambda: 0.078059 | Total Loss: 1.9700 | Train C-index: 0.8189 | Val Loss: 4.0708 | Val C-index: 0.7268
train attention: max=0.0010, entropy=0.9740, effective_patches=7130.5, effective_ratio=0.6355 | val attention: max=0.0011, entropy=0.9717, effective_patches=6793.5, effective_ratio=0.6140
Epoch 11/30 | Cox Loss: 2.6317 | AEM Loss: -9.0201 | Lambda: 0.073420 | Total Loss: 1.9694 | Train C-index: 0.8281 | Val Loss: 4.1046 | Val C-index: 0.7241
train attention: max=0.0012, entropy=0.9699, effective_patches=6630.3, effective_ratio=0.5921 | val attention: max=0.0014, entropy=0.9675, effective_patches=6312.2, effective_ratio=0.5711
Epoch 12/30 | Cox Loss: 2.5918 | AEM Loss: -8.9622 | Lambda: 0.068507 | Total Loss: 1.9778 | Train C-index: 0.8355 | Val Loss: 4.1190 | Val C-index: 0.7264
train attention: max=0.0014, entropy=0.9663, effective_patches=6202.0, effective_ratio=0.5548 | val attention: max=0.0016, entropy=0.9638, effective_patches=5893.6, effective_ratio=0.5342
Epoch 13/30 | Cox Loss: 2.5586 | AEM Loss: -8.9808 | Lambda: 0.063376 | Total Loss: 1.9894 | Train C-index: 0.8431 | Val Loss: 4.1871 | Val C-index: 0.7241
train attention: max=0.0019, entropy=0.9574, effective_patches=5364.5, effective_ratio=0.4824 | val attention: max=0.0021, entropy=0.9543, effective_patches=5068.5, effective_ratio=0.4618
Epoch 14/30 | Cox Loss: 2.5117 | AEM Loss: -8.9405 | Lambda: 0.058089 | Total Loss: 1.9924 | Train C-index: 0.8485 | Val Loss: 4.2435 | Val C-index: 0.7268
train attention: max=0.0021, entropy=0.9531, effective_patches=4974.6, effective_ratio=0.4477 | val attention: max=0.0024, entropy=0.9502, effective_patches=4709.8, effective_ratio=0.4291
Epoch 15/30 | Cox Loss: 2.4678 | AEM Loss: -8.7730 | Lambda: 0.052707 | Total Loss: 2.0054 | Train C-index: 0.8545 | Val Loss: 4.2550 | Val C-index: 0.7247
train attention: max=0.0024, entropy=0.9489, effective_patches=4623.2, effective_ratio=0.4163 | val attention: max=0.0027, entropy=0.9462, effective_patches=4393.6, effective_ratio=0.3999
Epoch 16/30 | Cox Loss: 2.4103 | AEM Loss: -8.8133 | Lambda: 0.047293 | Total Loss: 1.9935 | Train C-index: 0.8639 | Val Loss: 4.2852 | Val C-index: 0.7251
train attention: max=0.0032, entropy=0.9370, effective_patches=3835.4, effective_ratio=0.3472 | val attention: max=0.0035, entropy=0.9342, effective_patches=3657.7, effective_ratio=0.3336
Epoch 17/30 | Cox Loss: 2.5090 | AEM Loss: -8.6923 | Lambda: 0.041911 | Total Loss: 2.1447 | Train C-index: 0.8704 | Val Loss: 4.3418 | Val C-index: 0.7295
train attention: max=0.0035, entropy=0.9302, effective_patches=3442.1, effective_ratio=0.3099 | val attention: max=0.0038, entropy=0.9285, effective_patches=3383.9, effective_ratio=0.3040
Epoch 18/30 | Cox Loss: 2.3462 | AEM Loss: -8.5941 | Lambda: 0.036624 | Total Loss: 2.0315 | Train C-index: 0.8773 | Val Loss: 4.4219 | Val C-index: 0.7183
train attention: max=0.0053, entropy=0.9107, effective_patches=2574.9, effective_ratio=0.2351 | val attention: max=0.0057, entropy=0.9075, effective_patches=2507.2, effective_ratio=0.2287
Epoch 19/30 | Cox Loss: 2.2946 | AEM Loss: -8.4962 | Lambda: 0.031493 | Total Loss: 2.0270 | Train C-index: 0.8808 | Val Loss: 4.4940 | Val C-index: 0.7247
train attention: max=0.0058, entropy=0.9068, effective_patches=2352.2, effective_ratio=0.2144 | val attention: max=0.0064, entropy=0.9047, effective_patches=2330.8, effective_ratio=0.2116
Epoch 20/30 | Cox Loss: 2.2501 | AEM Loss: -8.4690 | Lambda: 0.026580 | Total Loss: 2.0250 | Train C-index: 0.8903 | Val Loss: 4.5437 | Val C-index: 0.7095
train attention: max=0.0077, entropy=0.8926, effective_patches=1910.0, effective_ratio=0.1761 | val attention: max=0.0083, entropy=0.8892, effective_patches=1864.7, effective_ratio=0.1717
Epoch 21/30 | Cox Loss: 2.1940 | AEM Loss: -8.3508 | Lambda: 0.021941 | Total Loss: 2.0108 | Train C-index: 0.8952 | Val Loss: 4.5775 | Val C-index: 0.7180
train attention: max=0.0088, entropy=0.8825, effective_patches=1639.8, effective_ratio=0.1509 | val attention: max=0.0095, entropy=0.8802, effective_patches=1622.7, effective_ratio=0.1496
Epoch 22/30 | Cox Loss: 2.1580 | AEM Loss: -8.3310 | Lambda: 0.017631 | Total Loss: 2.0111 | Train C-index: 0.9041 | Val Loss: 4.6888 | Val C-index: 0.7139
train attention: max=0.0113, entropy=0.8649, effective_patches=1303.4, effective_ratio=0.1210 | val attention: max=0.0120, entropy=0.8617, effective_patches=1258.4, effective_ratio=0.1170
Epoch 23/30 | Cox Loss: 2.0483 | AEM Loss: -8.1503 | Lambda: 0.013700 | Total Loss: 1.9366 | Train C-index: 0.9093 | Val Loss: 4.7931 | Val C-index: 0.7220
train attention: max=0.0136, entropy=0.8546, effective_patches=1092.5, effective_ratio=0.1021 | val attention: max=0.0143, entropy=0.8535, effective_patches=1090.5, effective_ratio=0.1019
Epoch 24/30 | Cox Loss: 1.9998 | AEM Loss: -7.9426 | Lambda: 0.010195 | Total Loss: 1.9189 | Train C-index: 0.9132 | Val Loss: 4.9740 | Val C-index: 0.7136
train attention: max=0.0168, entropy=0.8331, effective_patches=845.7, effective_ratio=0.0793 | val attention: max=0.0181, entropy=0.8298, effective_patches=810.7, effective_ratio=0.0760
Epoch 25/30 | Cox Loss: 1.9941 | AEM Loss: -7.7972 | Lambda: 0.007157 | Total Loss: 1.9383 | Train C-index: 0.9177 | Val Loss: 4.8986 | Val C-index: 0.7163
train attention: max=0.0188, entropy=0.8213, effective_patches=726.5, effective_ratio=0.0678 | val attention: max=0.0199, entropy=0.8224, effective_patches=737.3, effective_ratio=0.0688
Epoch 26/30 | Cox Loss: 1.9623 | AEM Loss: -7.6201 | Lambda: 0.004621 | Total Loss: 1.9271 | Train C-index: 0.9221 | Val Loss: 5.2331 | Val C-index: 0.7054
train attention: max=0.0272, entropy=0.8047, effective_patches=557.5, effective_ratio=0.0539 | val attention: max=0.0283, entropy=0.8023, effective_patches=574.2, effective_ratio=0.0556
Epoch 27/30 | Cox Loss: 1.8524 | AEM Loss: -7.5758 | Lambda: 0.002617 | Total Loss: 1.8326 | Train C-index: 0.9264 | Val Loss: 5.3054 | Val C-index: 0.7081
Early stopping at epoch 27
Fold 2 final C-index: 0.7295

Extra survival metrics:
cutoff_from_train_median: -0.670709
n_test: 112
n_high_risk: 66
n_low_risk: 46
n_event_test: 38
logrank_stat: 15.634599
logrank_p: 0.000077
auc_36m: 0.768765
auc_60m: 0.750782
HR_high_vs_low: 5.444569
HR_95CI_lower: 2.121554
HR_95CI_upper: 13.972466
cox_p: 0.000425

==================================================
Fold 4/5
==================================================
train attention: max=0.0002, entropy=0.9993, effective_patches=11166.8, effective_ratio=0.9875 | val attention: max=0.0001, entropy=0.9993, effective_patches=11740.2, effective_ratio=0.9875
Epoch 1/30 | Cox Loss: 3.1655 | AEM Loss: -9.2226 | Lambda: 0.100000 | Total Loss: 2.2432 | Train C-index: 0.6779 | Val Loss: 4.0813 | Val C-index: 0.7031
train attention: max=0.0002, entropy=0.9988, effective_patches=11052.1, effective_ratio=0.9779 | val attention: max=0.0002, entropy=0.9988, effective_patches=11631.2, effective_ratio=0.9785
Epoch 2/30 | Cox Loss: 3.0432 | AEM Loss: -9.2657 | Lambda: 0.099707 | Total Loss: 2.1194 | Train C-index: 0.7355 | Val Loss: 4.0212 | Val C-index: 0.7101
train attention: max=0.0002, entropy=0.9976, effective_patches=10789.5, effective_ratio=0.9570 | val attention: max=0.0002, entropy=0.9977, effective_patches=11393.0, effective_ratio=0.9594
Epoch 3/30 | Cox Loss: 3.0212 | AEM Loss: -9.1711 | Lambda: 0.098831 | Total Loss: 2.1148 | Train C-index: 0.7379 | Val Loss: 4.0162 | Val C-index: 0.7127
train attention: max=0.0003, entropy=0.9955, effective_patches=10362.0, effective_ratio=0.9225 | val attention: max=0.0002, entropy=0.9958, effective_patches=10985.8, effective_ratio=0.9263
Epoch 4/30 | Cox Loss: 2.9374 | AEM Loss: -9.2249 | Lambda: 0.097383 | Total Loss: 2.0390 | Train C-index: 0.7506 | Val Loss: 4.0149 | Val C-index: 0.7167
train attention: max=0.0003, entropy=0.9928, effective_patches=9858.3, effective_ratio=0.8807 | val attention: max=0.0003, entropy=0.9932, effective_patches=10475.1, effective_ratio=0.8841
Epoch 5/30 | Cox Loss: 2.9988 | AEM Loss: -9.1506 | Lambda: 0.095379 | Total Loss: 2.1260 | Train C-index: 0.7630 | Val Loss: 4.0064 | Val C-index: 0.7220
train attention: max=0.0004, entropy=0.9885, effective_patches=9154.7, effective_ratio=0.8203 | val attention: max=0.0004, entropy=0.9889, effective_patches=9726.7, effective_ratio=0.8211
Epoch 6/30 | Cox Loss: 2.8600 | AEM Loss: -9.1775 | Lambda: 0.092843 | Total Loss: 2.0079 | Train C-index: 0.7734 | Val Loss: 4.0052 | Val C-index: 0.7240
train attention: max=0.0005, entropy=0.9867, effective_patches=8850.5, effective_ratio=0.7945 | val attention: max=0.0004, entropy=0.9870, effective_patches=9422.3, effective_ratio=0.7954
Epoch 7/30 | Cox Loss: 2.8346 | AEM Loss: -9.1202 | Lambda: 0.089805 | Total Loss: 2.0156 | Train C-index: 0.7860 | Val Loss: 3.9961 | Val C-index: 0.7223
train attention: max=0.0006, entropy=0.9842, effective_patches=8479.3, effective_ratio=0.7632 | val attention: max=0.0005, entropy=0.9846, effective_patches=9045.3, effective_ratio=0.7641
Epoch 8/30 | Cox Loss: 2.7717 | AEM Loss: -9.0691 | Lambda: 0.086300 | Total Loss: 1.9890 | Train C-index: 0.7935 | Val Loss: 3.9956 | Val C-index: 0.7223
train attention: max=0.0006, entropy=0.9831, effective_patches=8281.1, effective_ratio=0.7467 | val attention: max=0.0006, entropy=0.9836, effective_patches=8874.6, effective_ratio=0.7499
Epoch 9/30 | Cox Loss: 2.7689 | AEM Loss: -9.0837 | Lambda: 0.082369 | Total Loss: 2.0207 | Train C-index: 0.8020 | Val Loss: 3.9976 | Val C-index: 0.7253
train attention: max=0.0007, entropy=0.9800, effective_patches=7845.2, effective_ratio=0.7101 | val attention: max=0.0007, entropy=0.9806, effective_patches=8444.1, effective_ratio=0.7145
Epoch 10/30 | Cox Loss: 2.7376 | AEM Loss: -9.1140 | Lambda: 0.078059 | Total Loss: 2.0262 | Train C-index: 0.8104 | Val Loss: 3.9999 | Val C-index: 0.7309
train attention: max=0.0008, entropy=0.9765, effective_patches=7401.2, effective_ratio=0.6726 | val attention: max=0.0008, entropy=0.9772, effective_patches=8003.7, effective_ratio=0.6784
Epoch 11/30 | Cox Loss: 2.6828 | AEM Loss: -8.9932 | Lambda: 0.073420 | Total Loss: 2.0226 | Train C-index: 0.8159 | Val Loss: 4.0087 | Val C-index: 0.7309
train attention: max=0.0010, entropy=0.9729, effective_patches=6967.6, effective_ratio=0.6358 | val attention: max=0.0009, entropy=0.9738, effective_patches=7588.4, effective_ratio=0.6443
Epoch 12/30 | Cox Loss: 2.6632 | AEM Loss: -9.0184 | Lambda: 0.068507 | Total Loss: 2.0454 | Train C-index: 0.8220 | Val Loss: 4.0303 | Val C-index: 0.7309
train attention: max=0.0011, entropy=0.9711, effective_patches=6758.5, effective_ratio=0.6176 | val attention: max=0.0010, entropy=0.9721, effective_patches=7397.0, effective_ratio=0.6284
Epoch 13/30 | Cox Loss: 2.6399 | AEM Loss: -8.9991 | Lambda: 0.063376 | Total Loss: 2.0696 | Train C-index: 0.8278 | Val Loss: 4.0489 | Val C-index: 0.7266
train attention: max=0.0012, entropy=0.9683, effective_patches=6447.9, effective_ratio=0.5913 | val attention: max=0.0011, entropy=0.9698, effective_patches=7125.1, effective_ratio=0.6063
Epoch 14/30 | Cox Loss: 2.5826 | AEM Loss: -9.0031 | Lambda: 0.058089 | Total Loss: 2.0596 | Train C-index: 0.8356 | Val Loss: 4.0646 | Val C-index: 0.7306
train attention: max=0.0015, entropy=0.9639, effective_patches=5990.0, effective_ratio=0.5519 | val attention: max=0.0014, entropy=0.9658, effective_patches=6675.2, effective_ratio=0.5699
Epoch 15/30 | Cox Loss: 2.7022 | AEM Loss: -8.9052 | Lambda: 0.052707 | Total Loss: 2.2329 | Train C-index: 0.8398 | Val Loss: 4.0822 | Val C-index: 0.7303
train attention: max=0.0021, entropy=0.9521, effective_patches=4990.2, effective_ratio=0.4651 | val attention: max=0.0020, entropy=0.9553, effective_patches=5624.7, effective_ratio=0.4839
Epoch 16/30 | Cox Loss: 2.5097 | AEM Loss: -8.8369 | Lambda: 0.047293 | Total Loss: 2.0918 | Train C-index: 0.8496 | Val Loss: 4.0840 | Val C-index: 0.7339
train attention: max=0.0024, entropy=0.9499, effective_patches=4792.3, effective_ratio=0.4470 | val attention: max=0.0022, entropy=0.9534, effective_patches=5401.8, effective_ratio=0.4657
Epoch 17/30 | Cox Loss: 2.5013 | AEM Loss: -8.7643 | Lambda: 0.041911 | Total Loss: 2.1340 | Train C-index: 0.8527 | Val Loss: 4.0983 | Val C-index: 0.7303
train attention: max=0.0024, entropy=0.9500, effective_patches=4778.9, effective_ratio=0.4438 | val attention: max=0.0023, entropy=0.9532, effective_patches=5347.2, effective_ratio=0.4609
Epoch 18/30 | Cox Loss: 2.4361 | AEM Loss: -8.8062 | Lambda: 0.036624 | Total Loss: 2.1136 | Train C-index: 0.8617 | Val Loss: 4.1085 | Val C-index: 0.7250
train attention: max=0.0029, entropy=0.9397, effective_patches=4123.0, effective_ratio=0.3835 | val attention: max=0.0028, entropy=0.9431, effective_patches=4597.9, effective_ratio=0.3966
Epoch 19/30 | Cox Loss: 2.4182 | AEM Loss: -8.7034 | Lambda: 0.031493 | Total Loss: 2.1441 | Train C-index: 0.8680 | Val Loss: 4.1593 | Val C-index: 0.7194
train attention: max=0.0038, entropy=0.9231, effective_patches=3297.1, effective_ratio=0.3089 | val attention: max=0.0038, entropy=0.9271, effective_patches=3674.0, effective_ratio=0.3176
Epoch 20/30 | Cox Loss: 2.3674 | AEM Loss: -8.5930 | Lambda: 0.026580 | Total Loss: 2.1390 | Train C-index: 0.8708 | Val Loss: 4.2495 | Val C-index: 0.7247
train attention: max=0.0046, entropy=0.9163, effective_patches=2940.8, effective_ratio=0.2773 | val attention: max=0.0046, entropy=0.9210, effective_patches=3272.4, effective_ratio=0.2843
Epoch 21/30 | Cox Loss: 2.3364 | AEM Loss: -8.4970 | Lambda: 0.021941 | Total Loss: 2.1499 | Train C-index: 0.8757 | Val Loss: 4.2921 | Val C-index: 0.7256
train attention: max=0.0050, entropy=0.9108, effective_patches=2698.1, effective_ratio=0.2535 | val attention: max=0.0051, entropy=0.9148, effective_patches=2958.9, effective_ratio=0.2577
Epoch 22/30 | Cox Loss: 2.2940 | AEM Loss: -8.5096 | Lambda: 0.017631 | Total Loss: 2.1439 | Train C-index: 0.8870 | Val Loss: 4.2781 | Val C-index: 0.7197
train attention: max=0.0065, entropy=0.8939, effective_patches=2149.4, effective_ratio=0.2031 | val attention: max=0.0069, entropy=0.8985, effective_patches=2325.1, effective_ratio=0.2040
Epoch 23/30 | Cox Loss: 2.2662 | AEM Loss: -8.3589 | Lambda: 0.013700 | Total Loss: 2.1517 | Train C-index: 0.8963 | Val Loss: 4.3643 | Val C-index: 0.7167
train attention: max=0.0084, entropy=0.8800, effective_patches=1739.9, effective_ratio=0.1655 | val attention: max=0.0089, entropy=0.8854, effective_patches=1852.4, effective_ratio=0.1637
Epoch 24/30 | Cox Loss: 2.1703 | AEM Loss: -8.2449 | Lambda: 0.010195 | Total Loss: 2.0863 | Train C-index: 0.9030 | Val Loss: 4.4957 | Val C-index: 0.7104
train attention: max=0.0109, entropy=0.8627, effective_patches=1373.8, effective_ratio=0.1316 | val attention: max=0.0116, entropy=0.8692, effective_patches=1438.4, effective_ratio=0.1278
Epoch 25/30 | Cox Loss: 2.1100 | AEM Loss: -8.0565 | Lambda: 0.007157 | Total Loss: 2.0524 | Train C-index: 0.9096 | Val Loss: 4.6065 | Val C-index: 0.7107
train attention: max=0.0134, entropy=0.8462, effective_patches=1093.3, effective_ratio=0.1045 | val attention: max=0.0143, entropy=0.8516, effective_patches=1110.4, effective_ratio=0.0991
Epoch 26/30 | Cox Loss: 2.0727 | AEM Loss: -7.9336 | Lambda: 0.004621 | Total Loss: 2.0361 | Train C-index: 0.9139 | Val Loss: 4.6457 | Val C-index: 0.6978
Early stopping at epoch 26
Fold 3 final C-index: 0.7339

Extra survival metrics:
cutoff_from_train_median: -0.439345
n_test: 112
n_high_risk: 48
n_low_risk: 64
n_event_test: 38
logrank_stat: 13.553134
logrank_p: 0.000232
auc_36m: 0.797862
auc_60m: 0.710357
HR_high_vs_low: 3.296145
HR_95CI_lower: 1.682512
HR_95CI_upper: 6.457351
cox_p: 0.000508

==================================================
Fold 5/5
==================================================
train attention: max=0.0002, entropy=0.9990, effective_patches=11222.9, effective_ratio=0.9824 | val attention: max=0.0002, entropy=0.9990, effective_patches=11196.2, effective_ratio=0.9820
Epoch 1/30 | Cox Loss: 3.2031 | AEM Loss: -9.2729 | Lambda: 0.100000 | Total Loss: 2.2758 | Train C-index: 0.6817 | Val Loss: 4.1843 | Val C-index: 0.6329
train attention: max=0.0002, entropy=0.9979, effective_patches=10974.4, effective_ratio=0.9617 | val attention: max=0.0002, entropy=0.9978, effective_patches=10929.3, effective_ratio=0.9601
Epoch 2/30 | Cox Loss: 2.9999 | AEM Loss: -9.2254 | Lambda: 0.099707 | Total Loss: 2.0800 | Train C-index: 0.7522 | Val Loss: 4.2005 | Val C-index: 0.6410
train attention: max=0.0002, entropy=0.9960, effective_patches=10597.9, effective_ratio=0.9301 | val attention: max=0.0002, entropy=0.9959, effective_patches=10529.1, effective_ratio=0.9271
Epoch 3/30 | Cox Loss: 2.9461 | AEM Loss: -9.1971 | Lambda: 0.098831 | Total Loss: 2.0371 | Train C-index: 0.7591 | Val Loss: 4.2587 | Val C-index: 0.6376
train attention: max=0.0003, entropy=0.9939, effective_patches=10187.2, effective_ratio=0.8956 | val attention: max=0.0003, entropy=0.9937, effective_patches=10099.9, effective_ratio=0.8914
Epoch 4/30 | Cox Loss: 3.0303 | AEM Loss: -9.2020 | Lambda: 0.097383 | Total Loss: 2.1341 | Train C-index: 0.7688 | Val Loss: 4.2741 | Val C-index: 0.6380
train attention: max=0.0003, entropy=0.9922, effective_patches=9873.9, effective_ratio=0.8695 | val attention: max=0.0003, entropy=0.9920, effective_patches=9776.2, effective_ratio=0.8647
Epoch 5/30 | Cox Loss: 2.8799 | AEM Loss: -9.1768 | Lambda: 0.095379 | Total Loss: 2.0046 | Train C-index: 0.7752 | Val Loss: 4.1943 | Val C-index: 0.6558
train attention: max=0.0004, entropy=0.9888, effective_patches=9290.7, effective_ratio=0.8201 | val attention: max=0.0004, entropy=0.9885, effective_patches=9171.8, effective_ratio=0.8136
Epoch 6/30 | Cox Loss: 2.8660 | AEM Loss: -9.1383 | Lambda: 0.092843 | Total Loss: 2.0176 | Train C-index: 0.7868 | Val Loss: 4.1824 | Val C-index: 0.6575
train attention: max=0.0005, entropy=0.9856, effective_patches=8790.4, effective_ratio=0.7773 | val attention: max=0.0005, entropy=0.9853, effective_patches=8660.6, effective_ratio=0.7699
Epoch 7/30 | Cox Loss: 2.7656 | AEM Loss: -9.1449 | Lambda: 0.089805 | Total Loss: 1.9444 | Train C-index: 0.8005 | Val Loss: 4.1970 | Val C-index: 0.6618
train attention: max=0.0006, entropy=0.9815, effective_patches=8226.4, effective_ratio=0.7285 | val attention: max=0.0006, entropy=0.9813, effective_patches=8080.6, effective_ratio=0.7198
Epoch 8/30 | Cox Loss: 2.8031 | AEM Loss: -9.1321 | Lambda: 0.086300 | Total Loss: 2.0150 | Train C-index: 0.8089 | Val Loss: 4.2212 | Val C-index: 0.6625
train attention: max=0.0007, entropy=0.9804, effective_patches=8059.6, effective_ratio=0.7143 | val attention: max=0.0007, entropy=0.9802, effective_patches=7919.5, effective_ratio=0.7056
Epoch 9/30 | Cox Loss: 2.6986 | AEM Loss: -9.0641 | Lambda: 0.082369 | Total Loss: 1.9520 | Train C-index: 0.8163 | Val Loss: 4.2397 | Val C-index: 0.6642
train attention: max=0.0008, entropy=0.9771, effective_patches=7648.4, effective_ratio=0.6783 | val attention: max=0.0007, entropy=0.9769, effective_patches=7488.5, effective_ratio=0.6679
Epoch 10/30 | Cox Loss: 2.6692 | AEM Loss: -9.0331 | Lambda: 0.078059 | Total Loss: 1.9641 | Train C-index: 0.8238 | Val Loss: 4.2827 | Val C-index: 0.6605
train attention: max=0.0008, entropy=0.9754, effective_patches=7429.3, effective_ratio=0.6588 | val attention: max=0.0008, entropy=0.9752, effective_patches=7272.6, effective_ratio=0.6487
Epoch 11/30 | Cox Loss: 2.6350 | AEM Loss: -9.0218 | Lambda: 0.073420 | Total Loss: 1.9726 | Train C-index: 0.8307 | Val Loss: 4.2770 | Val C-index: 0.6655
train attention: max=0.0010, entropy=0.9705, effective_patches=6888.3, effective_ratio=0.6099 | val attention: max=0.0010, entropy=0.9707, effective_patches=6758.0, effective_ratio=0.6024
Epoch 12/30 | Cox Loss: 2.6009 | AEM Loss: -8.9143 | Lambda: 0.068507 | Total Loss: 1.9903 | Train C-index: 0.8392 | Val Loss: 4.2849 | Val C-index: 0.6666
train attention: max=0.0011, entropy=0.9665, effective_patches=6460.6, effective_ratio=0.5715 | val attention: max=0.0011, entropy=0.9671, effective_patches=6365.3, effective_ratio=0.5664
Epoch 13/30 | Cox Loss: 2.6154 | AEM Loss: -9.0139 | Lambda: 0.063376 | Total Loss: 2.0441 | Train C-index: 0.8448 | Val Loss: 4.2904 | Val C-index: 0.6662
train attention: max=0.0015, entropy=0.9579, effective_patches=5642.1, effective_ratio=0.5002 | val attention: max=0.0015, entropy=0.9584, effective_patches=5513.4, effective_ratio=0.4914
Epoch 14/30 | Cox Loss: 2.4988 | AEM Loss: -8.9538 | Lambda: 0.058089 | Total Loss: 1.9786 | Train C-index: 0.8533 | Val Loss: 4.3524 | Val C-index: 0.6622
train attention: max=0.0018, entropy=0.9516, effective_patches=5072.5, effective_ratio=0.4516 | val attention: max=0.0018, entropy=0.9517, effective_patches=4908.7, effective_ratio=0.4390
Epoch 15/30 | Cox Loss: 2.4943 | AEM Loss: -8.8220 | Lambda: 0.052707 | Total Loss: 2.0294 | Train C-index: 0.8592 | Val Loss: 4.3714 | Val C-index: 0.6635
train attention: max=0.0021, entropy=0.9447, effective_patches=4574.3, effective_ratio=0.4070 | val attention: max=0.0021, entropy=0.9450, effective_patches=4443.4, effective_ratio=0.3965
Epoch 16/30 | Cox Loss: 2.4701 | AEM Loss: -8.7980 | Lambda: 0.047293 | Total Loss: 2.0540 | Train C-index: 0.8663 | Val Loss: 4.4077 | Val C-index: 0.6608
train attention: max=0.0027, entropy=0.9354, effective_patches=3925.8, effective_ratio=0.3498 | val attention: max=0.0027, entropy=0.9352, effective_patches=3795.3, effective_ratio=0.3373
Epoch 17/30 | Cox Loss: 2.3793 | AEM Loss: -8.7054 | Lambda: 0.041911 | Total Loss: 2.0144 | Train C-index: 0.8720 | Val Loss: 4.4273 | Val C-index: 0.6703
train attention: max=0.0034, entropy=0.9244, effective_patches=3307.4, effective_ratio=0.2953 | val attention: max=0.0035, entropy=0.9246, effective_patches=3206.9, effective_ratio=0.2850
Epoch 18/30 | Cox Loss: 2.3109 | AEM Loss: -8.5791 | Lambda: 0.036624 | Total Loss: 1.9967 | Train C-index: 0.8786 | Val Loss: 4.4676 | Val C-index: 0.6743
train attention: max=0.0041, entropy=0.9148, effective_patches=2844.8, effective_ratio=0.2554 | val attention: max=0.0044, entropy=0.9146, effective_patches=2735.7, effective_ratio=0.2442
Epoch 19/30 | Cox Loss: 2.3621 | AEM Loss: -8.5598 | Lambda: 0.031493 | Total Loss: 2.0925 | Train C-index: 0.8841 | Val Loss: 4.4963 | Val C-index: 0.6736
train attention: max=0.0051, entropy=0.9029, effective_patches=2380.5, effective_ratio=0.2148 | val attention: max=0.0054, entropy=0.9032, effective_patches=2313.8, effective_ratio=0.2068
Epoch 20/30 | Cox Loss: 2.2676 | AEM Loss: -8.4782 | Lambda: 0.026580 | Total Loss: 2.0422 | Train C-index: 0.8904 | Val Loss: 4.5477 | Val C-index: 0.6780
train attention: max=0.0062, entropy=0.8952, effective_patches=2064.9, effective_ratio=0.1880 | val attention: max=0.0068, entropy=0.8946, effective_patches=1974.1, effective_ratio=0.1777
Epoch 21/30 | Cox Loss: 2.2147 | AEM Loss: -8.1974 | Lambda: 0.021941 | Total Loss: 2.0348 | Train C-index: 0.8950 | Val Loss: 4.5332 | Val C-index: 0.6797
train attention: max=0.0077, entropy=0.8819, effective_patches=1705.7, effective_ratio=0.1562 | val attention: max=0.0086, entropy=0.8803, effective_patches=1604.6, effective_ratio=0.1454
Epoch 22/30 | Cox Loss: 2.1758 | AEM Loss: -8.2316 | Lambda: 0.017631 | Total Loss: 2.0306 | Train C-index: 0.8999 | Val Loss: 4.6356 | Val C-index: 0.6783
train attention: max=0.0095, entropy=0.8654, effective_patches=1376.4, effective_ratio=0.1264 | val attention: max=0.0107, entropy=0.8652, effective_patches=1311.7, effective_ratio=0.1198
Epoch 23/30 | Cox Loss: 2.1457 | AEM Loss: -8.0729 | Lambda: 0.013700 | Total Loss: 2.0351 | Train C-index: 0.9050 | Val Loss: 4.7283 | Val C-index: 0.6669
train attention: max=0.0121, entropy=0.8487, effective_patches=1077.6, effective_ratio=0.0994 | val attention: max=0.0135, entropy=0.8489, effective_patches=1041.4, effective_ratio=0.0953
Epoch 24/30 | Cox Loss: 2.0435 | AEM Loss: -7.8679 | Lambda: 0.010195 | Total Loss: 1.9633 | Train C-index: 0.9111 | Val Loss: 4.7753 | Val C-index: 0.6723
train attention: max=0.0139, entropy=0.8450, effective_patches=982.1, effective_ratio=0.0917 | val attention: max=0.0164, entropy=0.8420, effective_patches=927.0, effective_ratio=0.0852
Epoch 25/30 | Cox Loss: 2.0588 | AEM Loss: -7.8304 | Lambda: 0.007157 | Total Loss: 2.0028 | Train C-index: 0.9160 | Val Loss: 4.9560 | Val C-index: 0.6729
train attention: max=0.0176, entropy=0.8255, effective_patches=755.3, effective_ratio=0.0707 | val attention: max=0.0201, entropy=0.8224, effective_patches=726.1, effective_ratio=0.0667
Epoch 26/30 | Cox Loss: 1.9362 | AEM Loss: -7.7450 | Lambda: 0.004621 | Total Loss: 1.9004 | Train C-index: 0.9215 | Val Loss: 4.9719 | Val C-index: 0.6679
train attention: max=0.0214, entropy=0.8095, effective_patches=616.8, effective_ratio=0.0583 | val attention: max=0.0251, entropy=0.8048, effective_patches=587.8, effective_ratio=0.0544
Epoch 27/30 | Cox Loss: 1.9026 | AEM Loss: -7.5866 | Lambda: 0.002617 | Total Loss: 1.8827 | Train C-index: 0.9274 | Val Loss: 5.2875 | Val C-index: 0.6699
train attention: max=0.0245, entropy=0.7917, effective_patches=501.8, effective_ratio=0.0477 | val attention: max=0.0283, entropy=0.7908, effective_patches=497.9, effective_ratio=0.0462
Epoch 28/30 | Cox Loss: 1.8420 | AEM Loss: -7.4251 | Lambda: 0.001169 | Total Loss: 1.8333 | Train C-index: 0.9290 | Val Loss: 5.4479 | Val C-index: 0.6629
train attention: max=0.0292, entropy=0.7824, effective_patches=442.7, effective_ratio=0.0430 | val attention: max=0.0339, entropy=0.7794, effective_patches=422.3, effective_ratio=0.0402
Epoch 29/30 | Cox Loss: 1.7934 | AEM Loss: -7.2521 | Lambda: 0.000293 | Total Loss: 1.7912 | Train C-index: 0.9371 | Val Loss: 5.5470 | Val C-index: 0.6608
train attention: max=0.0302, entropy=0.7771, effective_patches=407.2, effective_ratio=0.0388 | val attention: max=0.0347, entropy=0.7741, effective_patches=400.1, effective_ratio=0.0373
Epoch 30/30 | Cox Loss: 1.7562 | AEM Loss: -7.3065 | Lambda: 0.000000 | Total Loss: 1.7562 | Train C-index: 0.9411 | Val Loss: 5.7526 | Val C-index: 0.6595
Fold 4 final C-index: 0.6797

Extra survival metrics:
cutoff_from_train_median: -1.136950
n_test: 112
n_high_risk: 66
n_low_risk: 46
n_event_test: 38
logrank_stat: 4.873352
logrank_p: 0.027274
auc_36m: 0.758920
auc_60m: 0.689900
HR_high_vs_low: 2.165906
HR_95CI_lower: 1.071580
HR_95CI_upper: 4.377785
cox_p: 0.031357

==================================================
5-Fold CV Summary
==================================================
  C-index mean: 0.7336
