nohup: ignoring input
Using Device: cuda
PA model: abmil | k: None | Cox PH loss
Checkpoints: /home/gly001/cqj/pa_ct_surv/checkpoints/pact_v3/pathology/roi96_abmil_all/seed42
Results: /home/gly001/cqj/pa_ct_surv/results/pact_v3/pathology/roi96_abmil_all/seed42
Loaded 777 samples
Locked split: train=621, test=156
Test set is not accessed during CV

==================================================
Fold 1/5
==================================================
Epoch 1/30 | Train Loss: 3.5924 | Train C-index: 0.6775 | Val Loss: 4.1923 | Val C-index: 0.7207
Epoch 2/30 | Train Loss: 3.4579 | Train C-index: 0.7237 | Val Loss: 4.1428 | Val C-index: 0.7257
Epoch 3/30 | Train Loss: 3.3889 | Train C-index: 0.7384 | Val Loss: 4.1320 | Val C-index: 0.7320
Epoch 4/30 | Train Loss: 3.3705 | Train C-index: 0.7505 | Val Loss: 4.1171 | Val C-index: 0.7356
Epoch 5/30 | Train Loss: 3.3126 | Train C-index: 0.7599 | Val Loss: 4.1066 | Val C-index: 0.7375
Epoch 6/30 | Train Loss: 3.2830 | Train C-index: 0.7728 | Val Loss: 4.1000 | Val C-index: 0.7436
Epoch 7/30 | Train Loss: 3.2395 | Train C-index: 0.7796 | Val Loss: 4.0902 | Val C-index: 0.7457
Epoch 8/30 | Train Loss: 3.1955 | Train C-index: 0.7872 | Val Loss: 4.0800 | Val C-index: 0.7491
Epoch 9/30 | Train Loss: 3.1680 | Train C-index: 0.7940 | Val Loss: 4.0818 | Val C-index: 0.7513
Epoch 10/30 | Train Loss: 3.1127 | Train C-index: 0.8020 | Val Loss: 4.0779 | Val C-index: 0.7563
Epoch 11/30 | Train Loss: 3.0617 | Train C-index: 0.8092 | Val Loss: 4.0682 | Val C-index: 0.7573
Epoch 12/30 | Train Loss: 3.0505 | Train C-index: 0.8167 | Val Loss: 4.0781 | Val C-index: 0.7621
Epoch 13/30 | Train Loss: 2.9901 | Train C-index: 0.8246 | Val Loss: 4.0843 | Val C-index: 0.7631
Epoch 14/30 | Train Loss: 2.9510 | Train C-index: 0.8327 | Val Loss: 4.0905 | Val C-index: 0.7585
Epoch 15/30 | Train Loss: 2.8904 | Train C-index: 0.8402 | Val Loss: 4.1191 | Val C-index: 0.7595
Epoch 16/30 | Train Loss: 2.8424 | Train C-index: 0.8471 | Val Loss: 4.1255 | Val C-index: 0.7609
Epoch 17/30 | Train Loss: 2.8129 | Train C-index: 0.8554 | Val Loss: 4.1408 | Val C-index: 0.7558
Epoch 18/30 | Train Loss: 2.7422 | Train C-index: 0.8630 | Val Loss: 4.2091 | Val C-index: 0.7551
Epoch 19/30 | Train Loss: 2.6627 | Train C-index: 0.8720 | Val Loss: 4.2223 | Val C-index: 0.7554
Epoch 20/30 | Train Loss: 2.6546 | Train C-index: 0.8811 | Val Loss: 4.2643 | Val C-index: 0.7551
Epoch 21/30 | Train Loss: 2.5598 | Train C-index: 0.8882 | Val Loss: 4.3514 | Val C-index: 0.7469
Epoch 22/30 | Train Loss: 2.5017 | Train C-index: 0.8951 | Val Loss: 4.4669 | Val C-index: 0.7496
Epoch 23/30 | Train Loss: 2.4037 | Train C-index: 0.9052 | Val Loss: 4.5107 | Val C-index: 0.7358
Early stopping at epoch 23
Fold 0 final C-index: 0.7631

Extra survival metrics:
cutoff_from_train_median: -0.663829
n_test: 125
n_high_risk: 49
n_low_risk: 76
n_event_test: 46
logrank_stat: 26.161915
logrank_p: 0.000000
auc_36m: 0.777983
auc_60m: 0.773539
HR_high_vs_low: 4.539855
HR_95CI_lower: 2.410247
HR_95CI_upper: 8.551108
cox_p: 0.000003

==================================================
Fold 2/5
==================================================
Epoch 1/30 | Train Loss: 3.5937 | Train C-index: 0.6631 | Val Loss: 4.2869 | Val C-index: 0.6835
Epoch 2/30 | Train Loss: 3.4501 | Train C-index: 0.7296 | Val Loss: 4.2626 | Val C-index: 0.6847
Epoch 3/30 | Train Loss: 3.3943 | Train C-index: 0.7437 | Val Loss: 4.2644 | Val C-index: 0.6811
Epoch 4/30 | Train Loss: 3.3451 | Train C-index: 0.7527 | Val Loss: 4.2460 | Val C-index: 0.6844
Epoch 5/30 | Train Loss: 3.3035 | Train C-index: 0.7628 | Val Loss: 4.2362 | Val C-index: 0.6914
Epoch 6/30 | Train Loss: 3.2776 | Train C-index: 0.7764 | Val Loss: 4.2110 | Val C-index: 0.7014
Epoch 7/30 | Train Loss: 3.1962 | Train C-index: 0.7864 | Val Loss: 4.1985 | Val C-index: 0.7093
Epoch 8/30 | Train Loss: 3.1523 | Train C-index: 0.7959 | Val Loss: 4.2113 | Val C-index: 0.7136
Epoch 9/30 | Train Loss: 3.1121 | Train C-index: 0.8018 | Val Loss: 4.2185 | Val C-index: 0.7124
Epoch 10/30 | Train Loss: 3.0714 | Train C-index: 0.8093 | Val Loss: 4.2441 | Val C-index: 0.7115
Epoch 11/30 | Train Loss: 3.0427 | Train C-index: 0.8149 | Val Loss: 4.2328 | Val C-index: 0.7072
Epoch 12/30 | Train Loss: 2.9767 | Train C-index: 0.8298 | Val Loss: 4.2954 | Val C-index: 0.7045
Epoch 13/30 | Train Loss: 2.9299 | Train C-index: 0.8322 | Val Loss: 4.3487 | Val C-index: 0.7096
Epoch 14/30 | Train Loss: 2.8942 | Train C-index: 0.8388 | Val Loss: 4.2950 | Val C-index: 0.7122
Epoch 15/30 | Train Loss: 2.8811 | Train C-index: 0.8508 | Val Loss: 4.3354 | Val C-index: 0.7038
Epoch 16/30 | Train Loss: 2.8002 | Train C-index: 0.8594 | Val Loss: 4.4104 | Val C-index: 0.7010
Epoch 17/30 | Train Loss: 2.7793 | Train C-index: 0.8633 | Val Loss: 4.4345 | Val C-index: 0.6935
Epoch 18/30 | Train Loss: 2.6947 | Train C-index: 0.8696 | Val Loss: 4.5974 | Val C-index: 0.6852
Early stopping at epoch 18
Fold 1 final C-index: 0.7136

Extra survival metrics:
cutoff_from_train_median: -0.230358
n_test: 124
n_high_risk: 71
n_low_risk: 53
n_event_test: 46
logrank_stat: 19.123245
logrank_p: 0.000012
auc_36m: 0.777988
auc_60m: 0.728998
HR_high_vs_low: 4.698927
HR_95CI_lower: 2.189100
HR_95CI_upper: 10.086297
cox_p: 0.000072

==================================================
Fold 3/5
==================================================
Epoch 1/30 | Train Loss: 3.6521 | Train C-index: 0.6330 | Val Loss: 4.1931 | Val C-index: 0.7237
Epoch 2/30 | Train Loss: 3.4820 | Train C-index: 0.7229 | Val Loss: 4.1468 | Val C-index: 0.7217
Epoch 3/30 | Train Loss: 3.4042 | Train C-index: 0.7364 | Val Loss: 4.1539 | Val C-index: 0.7200
Epoch 4/30 | Train Loss: 3.3634 | Train C-index: 0.7443 | Val Loss: 4.1585 | Val C-index: 0.7162
Epoch 5/30 | Train Loss: 3.3111 | Train C-index: 0.7553 | Val Loss: 4.1734 | Val C-index: 0.7190
Epoch 6/30 | Train Loss: 3.2591 | Train C-index: 0.7675 | Val Loss: 4.1886 | Val C-index: 0.7132
Epoch 7/30 | Train Loss: 3.2354 | Train C-index: 0.7783 | Val Loss: 4.1797 | Val C-index: 0.7137
Epoch 8/30 | Train Loss: 3.1867 | Train C-index: 0.7852 | Val Loss: 4.1558 | Val C-index: 0.7180
Epoch 9/30 | Train Loss: 3.1253 | Train C-index: 0.7944 | Val Loss: 4.1496 | Val C-index: 0.7187
Epoch 10/30 | Train Loss: 3.0958 | Train C-index: 0.8026 | Val Loss: 4.1689 | Val C-index: 0.7130
Epoch 11/30 | Train Loss: 3.0243 | Train C-index: 0.8152 | Val Loss: 4.1904 | Val C-index: 0.7180
Early stopping at epoch 11
Fold 2 final C-index: 0.7237

Extra survival metrics:
cutoff_from_train_median: -0.372311
n_test: 124
n_high_risk: 61
n_low_risk: 63
n_event_test: 46
logrank_stat: 32.092992
logrank_p: 0.000000
auc_36m: 0.732611
auc_60m: 0.767526
HR_high_vs_low: 6.801425
HR_95CI_lower: 3.162511
HR_95CI_upper: 14.627424
cox_p: 0.000001

==================================================
Fold 4/5
==================================================
Epoch 1/30 | Train Loss: 3.6205 | Train C-index: 0.6445 | Val Loss: 4.2618 | Val C-index: 0.6809
Epoch 2/30 | Train Loss: 3.4714 | Train C-index: 0.7273 | Val Loss: 4.2252 | Val C-index: 0.6882
Epoch 3/30 | Train Loss: 3.3934 | Train C-index: 0.7325 | Val Loss: 4.2312 | Val C-index: 0.6843
Epoch 4/30 | Train Loss: 3.3623 | Train C-index: 0.7482 | Val Loss: 4.2335 | Val C-index: 0.6850
Epoch 5/30 | Train Loss: 3.3056 | Train C-index: 0.7625 | Val Loss: 4.2347 | Val C-index: 0.6782
Epoch 6/30 | Train Loss: 3.2491 | Train C-index: 0.7780 | Val Loss: 4.2342 | Val C-index: 0.6787
Epoch 7/30 | Train Loss: 3.2012 | Train C-index: 0.7899 | Val Loss: 4.2625 | Val C-index: 0.6704
Epoch 8/30 | Train Loss: 3.1632 | Train C-index: 0.7985 | Val Loss: 4.2865 | Val C-index: 0.6714
Epoch 9/30 | Train Loss: 3.1310 | Train C-index: 0.8062 | Val Loss: 4.3175 | Val C-index: 0.6621
Epoch 10/30 | Train Loss: 3.0736 | Train C-index: 0.8145 | Val Loss: 4.3573 | Val C-index: 0.6602
Epoch 11/30 | Train Loss: 3.0177 | Train C-index: 0.8222 | Val Loss: 4.3912 | Val C-index: 0.6580
Epoch 12/30 | Train Loss: 2.9584 | Train C-index: 0.8299 | Val Loss: 4.4401 | Val C-index: 0.6573
Early stopping at epoch 12
Fold 3 final C-index: 0.6882

Extra survival metrics:
cutoff_from_train_median: -0.913162
n_test: 124
n_high_risk: 70
n_low_risk: 54
n_event_test: 46
logrank_stat: 15.647945
logrank_p: 0.000076
auc_36m: 0.715444
auc_60m: 0.711587
HR_high_vs_low: 3.913475
HR_95CI_lower: 1.886470
HR_95CI_upper: 8.118489
cox_p: 0.000248

==================================================
Fold 5/5
==================================================
Epoch 1/30 | Train Loss: 3.6417 | Train C-index: 0.6514 | Val Loss: 4.1575 | Val C-index: 0.7537
Epoch 2/30 | Train Loss: 3.4918 | Train C-index: 0.7129 | Val Loss: 4.0740 | Val C-index: 0.7552
Epoch 3/30 | Train Loss: 3.4117 | Train C-index: 0.7242 | Val Loss: 4.0506 | Val C-index: 0.7544
Epoch 4/30 | Train Loss: 3.3848 | Train C-index: 0.7342 | Val Loss: 4.0349 | Val C-index: 0.7576
Epoch 5/30 | Train Loss: 3.3556 | Train C-index: 0.7510 | Val Loss: 4.0219 | Val C-index: 0.7625
Epoch 6/30 | Train Loss: 3.3075 | Train C-index: 0.7647 | Val Loss: 4.0072 | Val C-index: 0.7666
Epoch 7/30 | Train Loss: 3.2401 | Train C-index: 0.7757 | Val Loss: 3.9887 | Val C-index: 0.7747
Epoch 8/30 | Train Loss: 3.2040 | Train C-index: 0.7833 | Val Loss: 3.9768 | Val C-index: 0.7808
Epoch 9/30 | Train Loss: 3.1724 | Train C-index: 0.7948 | Val Loss: 3.9803 | Val C-index: 0.7808
Epoch 10/30 | Train Loss: 3.1027 | Train C-index: 0.7996 | Val Loss: 3.9875 | Val C-index: 0.7795
Epoch 11/30 | Train Loss: 3.0619 | Train C-index: 0.8064 | Val Loss: 3.9990 | Val C-index: 0.7808
Epoch 12/30 | Train Loss: 3.0322 | Train C-index: 0.8150 | Val Loss: 4.0071 | Val C-index: 0.7786
Epoch 13/30 | Train Loss: 2.9864 | Train C-index: 0.8267 | Val Loss: 4.0137 | Val C-index: 0.7764
Epoch 14/30 | Train Loss: 2.9623 | Train C-index: 0.8314 | Val Loss: 4.0527 | Val C-index: 0.7730
Epoch 15/30 | Train Loss: 2.8711 | Train C-index: 0.8380 | Val Loss: 4.0796 | Val C-index: 0.7715
Epoch 16/30 | Train Loss: 2.8566 | Train C-index: 0.8460 | Val Loss: 4.1597 | Val C-index: 0.7664
Epoch 17/30 | Train Loss: 2.7753 | Train C-index: 0.8539 | Val Loss: 4.1678 | Val C-index: 0.7695
Epoch 18/30 | Train Loss: 2.7137 | Train C-index: 0.8617 | Val Loss: 4.2319 | Val C-index: 0.7586
Early stopping at epoch 18
Fold 4 final C-index: 0.7808

Extra survival metrics:
cutoff_from_train_median: -0.868081
n_test: 124
n_high_risk: 63
n_low_risk: 61
n_event_test: 46
logrank_stat: 29.612883
logrank_p: 0.000000
auc_36m: 0.834815
auc_60m: 0.809092
HR_high_vs_low: 6.912091
HR_95CI_lower: 3.084113
HR_95CI_upper: 15.491325
cox_p: 0.000003

==================================================
5-Fold CV Summary
==================================================
  C-index mean: 0.7339
