nohup: ignoring input
Using Device: cuda
PA model: meanpool | k: None | Cox PH loss
Checkpoints: /home/gly001/cqj/pa_ct_surv/checkpoints/pact_v3/pathology/roi96_meanpool/seed42
Results: /home/gly001/cqj/pa_ct_surv/results/pact_v3/pathology/roi96_meanpool/seed42
Loaded 777 samples
Locked split: train=621, test=156
Test set is not accessed during CV

==================================================
Fold 1/5
==================================================
Epoch 1/30 | Train Loss: 2.4514 | Train C-index: 0.5028 | Val Loss: 4.3204 | Val C-index: 0.6267
Epoch 2/30 | Train Loss: 2.3418 | Train C-index: 0.6273 | Val Loss: 4.2484 | Val C-index: 0.6843
Epoch 3/30 | Train Loss: 2.2649 | Train C-index: 0.6835 | Val Loss: 4.2013 | Val C-index: 0.7002
Epoch 4/30 | Train Loss: 2.2607 | Train C-index: 0.6999 | Val Loss: 4.1727 | Val C-index: 0.7055
Epoch 5/30 | Train Loss: 2.2208 | Train C-index: 0.7151 | Val Loss: 4.1505 | Val C-index: 0.7096
Epoch 6/30 | Train Loss: 2.1854 | Train C-index: 0.7203 | Val Loss: 4.1374 | Val C-index: 0.7137
Epoch 7/30 | Train Loss: 2.1266 | Train C-index: 0.7241 | Val Loss: 4.1270 | Val C-index: 0.7154
Epoch 8/30 | Train Loss: 2.1579 | Train C-index: 0.7279 | Val Loss: 4.1218 | Val C-index: 0.7170
Epoch 9/30 | Train Loss: 2.1317 | Train C-index: 0.7310 | Val Loss: 4.1161 | Val C-index: 0.7166
Epoch 10/30 | Train Loss: 2.1691 | Train C-index: 0.7339 | Val Loss: 4.1157 | Val C-index: 0.7185
Epoch 11/30 | Train Loss: 2.0755 | Train C-index: 0.7370 | Val Loss: 4.1123 | Val C-index: 0.7187
Epoch 12/30 | Train Loss: 2.1267 | Train C-index: 0.7390 | Val Loss: 4.1117 | Val C-index: 0.7216
Epoch 13/30 | Train Loss: 2.0422 | Train C-index: 0.7416 | Val Loss: 4.1114 | Val C-index: 0.7209
Epoch 14/30 | Train Loss: 2.0937 | Train C-index: 0.7441 | Val Loss: 4.1136 | Val C-index: 0.7211
Epoch 15/30 | Train Loss: 2.0694 | Train C-index: 0.7460 | Val Loss: 4.1115 | Val C-index: 0.7214
Epoch 16/30 | Train Loss: 1.9724 | Train C-index: 0.7481 | Val Loss: 4.1094 | Val C-index: 0.7255
Epoch 17/30 | Train Loss: 2.0754 | Train C-index: 0.7490 | Val Loss: 4.1095 | Val C-index: 0.7231
Epoch 18/30 | Train Loss: 2.0500 | Train C-index: 0.7518 | Val Loss: 4.1112 | Val C-index: 0.7240
Epoch 19/30 | Train Loss: 2.0599 | Train C-index: 0.7531 | Val Loss: 4.1102 | Val C-index: 0.7199
Epoch 20/30 | Train Loss: 2.0750 | Train C-index: 0.7545 | Val Loss: 4.1080 | Val C-index: 0.7216
Epoch 21/30 | Train Loss: 2.0116 | Train C-index: 0.7566 | Val Loss: 4.1061 | Val C-index: 0.7226
Epoch 22/30 | Train Loss: 2.0347 | Train C-index: 0.7582 | Val Loss: 4.1062 | Val C-index: 0.7228
Epoch 23/30 | Train Loss: 2.0559 | Train C-index: 0.7603 | Val Loss: 4.1057 | Val C-index: 0.7223
Epoch 24/30 | Train Loss: 2.0202 | Train C-index: 0.7609 | Val Loss: 4.1063 | Val C-index: 0.7221
Epoch 25/30 | Train Loss: 1.9899 | Train C-index: 0.7630 | Val Loss: 4.1043 | Val C-index: 0.7243
Epoch 26/30 | Train Loss: 1.9686 | Train C-index: 0.7636 | Val Loss: 4.1070 | Val C-index: 0.7267
Epoch 27/30 | Train Loss: 1.9977 | Train C-index: 0.7644 | Val Loss: 4.1073 | Val C-index: 0.7289
Epoch 28/30 | Train Loss: 2.0159 | Train C-index: 0.7652 | Val Loss: 4.1048 | Val C-index: 0.7313
Epoch 29/30 | Train Loss: 1.9494 | Train C-index: 0.7659 | Val Loss: 4.1065 | Val C-index: 0.7327
Epoch 30/30 | Train Loss: 1.9549 | Train C-index: 0.7676 | Val Loss: 4.1096 | Val C-index: 0.7322
Fold 0 final C-index: 0.7327

Extra survival metrics:
cutoff_from_train_median: -0.808628
n_test: 125
n_high_risk: 59
n_low_risk: 66
n_event_test: 46
logrank_stat: 18.397727
logrank_p: 0.000018
auc_36m: 0.740780
auc_60m: 0.752607
HR_high_vs_low: 3.741815
HR_95CI_lower: 1.961840
HR_95CI_upper: 7.136760
cox_p: 0.000062

==================================================
Fold 2/5
==================================================
Epoch 1/30 | Train Loss: 2.2677 | Train C-index: 0.5868 | Val Loss: 4.3181 | Val C-index: 0.6620
Epoch 2/30 | Train Loss: 2.2183 | Train C-index: 0.6703 | Val Loss: 4.2775 | Val C-index: 0.6797
Epoch 3/30 | Train Loss: 2.1749 | Train C-index: 0.7032 | Val Loss: 4.2499 | Val C-index: 0.6830
Epoch 4/30 | Train Loss: 2.0662 | Train C-index: 0.7142 | Val Loss: 4.2357 | Val C-index: 0.6792
Epoch 5/30 | Train Loss: 2.0632 | Train C-index: 0.7239 | Val Loss: 4.2300 | Val C-index: 0.6816
Epoch 6/30 | Train Loss: 2.1036 | Train C-index: 0.7282 | Val Loss: 4.2271 | Val C-index: 0.6830
Epoch 7/30 | Train Loss: 2.0499 | Train C-index: 0.7320 | Val Loss: 4.2273 | Val C-index: 0.6837
Epoch 8/30 | Train Loss: 2.0501 | Train C-index: 0.7358 | Val Loss: 4.2270 | Val C-index: 0.6847
Epoch 9/30 | Train Loss: 2.0581 | Train C-index: 0.7388 | Val Loss: 4.2235 | Val C-index: 0.6854
Epoch 10/30 | Train Loss: 2.0100 | Train C-index: 0.7405 | Val Loss: 4.2249 | Val C-index: 0.6864
Epoch 11/30 | Train Loss: 2.0067 | Train C-index: 0.7440 | Val Loss: 4.2227 | Val C-index: 0.6866
Epoch 12/30 | Train Loss: 2.0193 | Train C-index: 0.7468 | Val Loss: 4.2232 | Val C-index: 0.6878
Epoch 13/30 | Train Loss: 2.0030 | Train C-index: 0.7486 | Val Loss: 4.2209 | Val C-index: 0.6897
Epoch 14/30 | Train Loss: 2.0130 | Train C-index: 0.7493 | Val Loss: 4.2223 | Val C-index: 0.6871
Epoch 15/30 | Train Loss: 2.0072 | Train C-index: 0.7534 | Val Loss: 4.2218 | Val C-index: 0.6876
Epoch 16/30 | Train Loss: 1.9354 | Train C-index: 0.7559 | Val Loss: 4.2230 | Val C-index: 0.6866
Epoch 17/30 | Train Loss: 1.9610 | Train C-index: 0.7578 | Val Loss: 4.2211 | Val C-index: 0.6866
Epoch 18/30 | Train Loss: 1.9352 | Train C-index: 0.7588 | Val Loss: 4.2189 | Val C-index: 0.6885
Epoch 19/30 | Train Loss: 1.9876 | Train C-index: 0.7599 | Val Loss: 4.2159 | Val C-index: 0.6876
Epoch 20/30 | Train Loss: 1.9106 | Train C-index: 0.7624 | Val Loss: 4.2162 | Val C-index: 0.6868
Epoch 21/30 | Train Loss: 1.9080 | Train C-index: 0.7633 | Val Loss: 4.2165 | Val C-index: 0.6856
Epoch 22/30 | Train Loss: 1.9336 | Train C-index: 0.7643 | Val Loss: 4.2178 | Val C-index: 0.6861
Epoch 23/30 | Train Loss: 1.9612 | Train C-index: 0.7649 | Val Loss: 4.2168 | Val C-index: 0.6878
Early stopping at epoch 23
Fold 1 final C-index: 0.6897

Extra survival metrics:
cutoff_from_train_median: -0.955088
n_test: 124
n_high_risk: 69
n_low_risk: 55
n_event_test: 46
logrank_stat: 14.692720
logrank_p: 0.000127
auc_36m: 0.736395
auc_60m: 0.697629
HR_high_vs_low: 3.606345
HR_95CI_lower: 1.787975
HR_95CI_upper: 7.273994
cox_p: 0.000339

==================================================
Fold 3/5
==================================================
Epoch 1/30 | Train Loss: 2.2719 | Train C-index: 0.5850 | Val Loss: 4.2482 | Val C-index: 0.6848
Epoch 2/30 | Train Loss: 2.2000 | Train C-index: 0.6684 | Val Loss: 4.1871 | Val C-index: 0.7130
Epoch 3/30 | Train Loss: 2.1806 | Train C-index: 0.6982 | Val Loss: 4.1513 | Val C-index: 0.7244
Epoch 4/30 | Train Loss: 2.1447 | Train C-index: 0.7091 | Val Loss: 4.1253 | Val C-index: 0.7334
Epoch 5/30 | Train Loss: 2.0986 | Train C-index: 0.7180 | Val Loss: 4.1118 | Val C-index: 0.7354
Epoch 6/30 | Train Loss: 2.0987 | Train C-index: 0.7221 | Val Loss: 4.1038 | Val C-index: 0.7362
Epoch 7/30 | Train Loss: 2.0948 | Train C-index: 0.7264 | Val Loss: 4.0984 | Val C-index: 0.7354
Epoch 8/30 | Train Loss: 2.0861 | Train C-index: 0.7289 | Val Loss: 4.0928 | Val C-index: 0.7369
Epoch 9/30 | Train Loss: 2.0265 | Train C-index: 0.7310 | Val Loss: 4.0912 | Val C-index: 0.7354
Epoch 10/30 | Train Loss: 2.0361 | Train C-index: 0.7342 | Val Loss: 4.0935 | Val C-index: 0.7352
Epoch 11/30 | Train Loss: 2.0308 | Train C-index: 0.7385 | Val Loss: 4.0961 | Val C-index: 0.7359
Epoch 12/30 | Train Loss: 2.0406 | Train C-index: 0.7400 | Val Loss: 4.0969 | Val C-index: 0.7352
Epoch 13/30 | Train Loss: 1.9910 | Train C-index: 0.7420 | Val Loss: 4.0966 | Val C-index: 0.7342
Epoch 14/30 | Train Loss: 2.0189 | Train C-index: 0.7437 | Val Loss: 4.1005 | Val C-index: 0.7339
Epoch 15/30 | Train Loss: 2.0450 | Train C-index: 0.7465 | Val Loss: 4.1019 | Val C-index: 0.7344
Epoch 16/30 | Train Loss: 2.0280 | Train C-index: 0.7490 | Val Loss: 4.1001 | Val C-index: 0.7329
Epoch 17/30 | Train Loss: 1.9715 | Train C-index: 0.7519 | Val Loss: 4.1038 | Val C-index: 0.7304
Epoch 18/30 | Train Loss: 1.9537 | Train C-index: 0.7532 | Val Loss: 4.1050 | Val C-index: 0.7312
Early stopping at epoch 18
Fold 2 final C-index: 0.7369

Extra survival metrics:
cutoff_from_train_median: -0.521459
n_test: 124
n_high_risk: 60
n_low_risk: 64
n_event_test: 46
logrank_stat: 20.137625
logrank_p: 0.000007
auc_36m: 0.770537
auc_60m: 0.756445
HR_high_vs_low: 4.229917
HR_95CI_lower: 2.136794
HR_95CI_upper: 8.373384
cox_p: 0.000035

==================================================
Fold 4/5
==================================================
Epoch 1/30 | Train Loss: 2.2255 | Train C-index: 0.6407 | Val Loss: 4.2979 | Val C-index: 0.6524
Epoch 2/30 | Train Loss: 2.1917 | Train C-index: 0.6879 | Val Loss: 4.2609 | Val C-index: 0.6709
Epoch 3/30 | Train Loss: 2.1256 | Train C-index: 0.7030 | Val Loss: 4.2420 | Val C-index: 0.6765
Epoch 4/30 | Train Loss: 2.1219 | Train C-index: 0.7125 | Val Loss: 4.2295 | Val C-index: 0.6814
Epoch 5/30 | Train Loss: 2.0787 | Train C-index: 0.7202 | Val Loss: 4.2256 | Val C-index: 0.6840
Epoch 6/30 | Train Loss: 2.0488 | Train C-index: 0.7250 | Val Loss: 4.2195 | Val C-index: 0.6862
Epoch 7/30 | Train Loss: 2.0726 | Train C-index: 0.7283 | Val Loss: 4.2182 | Val C-index: 0.6872
Epoch 8/30 | Train Loss: 2.0636 | Train C-index: 0.7313 | Val Loss: 4.2163 | Val C-index: 0.6884
Epoch 9/30 | Train Loss: 2.0531 | Train C-index: 0.7356 | Val Loss: 4.2139 | Val C-index: 0.6872
Epoch 10/30 | Train Loss: 2.0209 | Train C-index: 0.7377 | Val Loss: 4.2130 | Val C-index: 0.6916
Epoch 11/30 | Train Loss: 2.0152 | Train C-index: 0.7398 | Val Loss: 4.2101 | Val C-index: 0.6918
Epoch 12/30 | Train Loss: 2.0077 | Train C-index: 0.7427 | Val Loss: 4.2086 | Val C-index: 0.6935
Epoch 13/30 | Train Loss: 1.9748 | Train C-index: 0.7450 | Val Loss: 4.2084 | Val C-index: 0.6935
Epoch 14/30 | Train Loss: 2.0135 | Train C-index: 0.7459 | Val Loss: 4.2049 | Val C-index: 0.6952
Epoch 15/30 | Train Loss: 2.0080 | Train C-index: 0.7477 | Val Loss: 4.2023 | Val C-index: 0.6964
Epoch 16/30 | Train Loss: 1.9993 | Train C-index: 0.7503 | Val Loss: 4.2033 | Val C-index: 0.6981
Epoch 17/30 | Train Loss: 1.9974 | Train C-index: 0.7540 | Val Loss: 4.1975 | Val C-index: 0.7003
Epoch 18/30 | Train Loss: 2.0090 | Train C-index: 0.7560 | Val Loss: 4.1996 | Val C-index: 0.6981
Epoch 19/30 | Train Loss: 1.9772 | Train C-index: 0.7579 | Val Loss: 4.1977 | Val C-index: 0.6977
Epoch 20/30 | Train Loss: 1.9395 | Train C-index: 0.7606 | Val Loss: 4.2022 | Val C-index: 0.6986
Epoch 21/30 | Train Loss: 1.9629 | Train C-index: 0.7621 | Val Loss: 4.2009 | Val C-index: 0.6979
Epoch 22/30 | Train Loss: 1.9696 | Train C-index: 0.7633 | Val Loss: 4.2018 | Val C-index: 0.6977
Epoch 23/30 | Train Loss: 1.9128 | Train C-index: 0.7652 | Val Loss: 4.2011 | Val C-index: 0.6972
Epoch 24/30 | Train Loss: 1.9471 | Train C-index: 0.7667 | Val Loss: 4.2053 | Val C-index: 0.6974
Epoch 25/30 | Train Loss: 1.9174 | Train C-index: 0.7678 | Val Loss: 4.2097 | Val C-index: 0.6964
Epoch 26/30 | Train Loss: 1.9285 | Train C-index: 0.7690 | Val Loss: 4.2093 | Val C-index: 0.6969
Epoch 27/30 | Train Loss: 1.9748 | Train C-index: 0.7706 | Val Loss: 4.2082 | Val C-index: 0.6955
Early stopping at epoch 27
Fold 3 final C-index: 0.7003

Extra survival metrics:
cutoff_from_train_median: -1.369388
n_test: 124
n_high_risk: 63
n_low_risk: 61
n_event_test: 46
logrank_stat: 17.618190
logrank_p: 0.000027
auc_36m: 0.729755
auc_60m: 0.739172
HR_high_vs_low: 3.863757
HR_95CI_lower: 1.958272
HR_95CI_upper: 7.623364
cox_p: 0.000097

==================================================
Fold 5/5
==================================================
Epoch 1/30 | Train Loss: 2.3878 | Train C-index: 0.5102 | Val Loss: 4.4033 | Val C-index: 0.5376
Epoch 2/30 | Train Loss: 2.2760 | Train C-index: 0.6200 | Val Loss: 4.3175 | Val C-index: 0.6490
Epoch 3/30 | Train Loss: 2.1957 | Train C-index: 0.6674 | Val Loss: 4.2522 | Val C-index: 0.6984
Epoch 4/30 | Train Loss: 2.1771 | Train C-index: 0.6940 | Val Loss: 4.2038 | Val C-index: 0.7225
Epoch 5/30 | Train Loss: 2.1552 | Train C-index: 0.7012 | Val Loss: 4.1773 | Val C-index: 0.7306
Epoch 6/30 | Train Loss: 2.0668 | Train C-index: 0.7081 | Val Loss: 4.1572 | Val C-index: 0.7354
Epoch 7/30 | Train Loss: 2.0973 | Train C-index: 0.7115 | Val Loss: 4.1352 | Val C-index: 0.7386
Epoch 8/30 | Train Loss: 2.0842 | Train C-index: 0.7169 | Val Loss: 4.1201 | Val C-index: 0.7410
Epoch 9/30 | Train Loss: 2.1085 | Train C-index: 0.7187 | Val Loss: 4.1126 | Val C-index: 0.7428
Epoch 10/30 | Train Loss: 2.0406 | Train C-index: 0.7208 | Val Loss: 4.0999 | Val C-index: 0.7457
Epoch 11/30 | Train Loss: 2.0470 | Train C-index: 0.7237 | Val Loss: 4.0948 | Val C-index: 0.7462
Epoch 12/30 | Train Loss: 2.0147 | Train C-index: 0.7258 | Val Loss: 4.0874 | Val C-index: 0.7476
Epoch 13/30 | Train Loss: 2.0326 | Train C-index: 0.7277 | Val Loss: 4.0795 | Val C-index: 0.7505
Epoch 14/30 | Train Loss: 2.0489 | Train C-index: 0.7312 | Val Loss: 4.0738 | Val C-index: 0.7525
Epoch 15/30 | Train Loss: 2.0360 | Train C-index: 0.7326 | Val Loss: 4.0669 | Val C-index: 0.7557
Epoch 16/30 | Train Loss: 2.0547 | Train C-index: 0.7352 | Val Loss: 4.0637 | Val C-index: 0.7562
Epoch 17/30 | Train Loss: 2.0180 | Train C-index: 0.7375 | Val Loss: 4.0594 | Val C-index: 0.7583
Epoch 18/30 | Train Loss: 2.0138 | Train C-index: 0.7392 | Val Loss: 4.0596 | Val C-index: 0.7559
Epoch 19/30 | Train Loss: 2.0320 | Train C-index: 0.7401 | Val Loss: 4.0602 | Val C-index: 0.7554
Epoch 20/30 | Train Loss: 2.0183 | Train C-index: 0.7421 | Val Loss: 4.0563 | Val C-index: 0.7596
Epoch 21/30 | Train Loss: 2.0179 | Train C-index: 0.7442 | Val Loss: 4.0566 | Val C-index: 0.7605
Epoch 22/30 | Train Loss: 1.9799 | Train C-index: 0.7452 | Val Loss: 4.0505 | Val C-index: 0.7586
Epoch 23/30 | Train Loss: 2.0187 | Train C-index: 0.7459 | Val Loss: 4.0501 | Val C-index: 0.7579
Epoch 24/30 | Train Loss: 1.9832 | Train C-index: 0.7488 | Val Loss: 4.0435 | Val C-index: 0.7608
Epoch 25/30 | Train Loss: 1.9831 | Train C-index: 0.7496 | Val Loss: 4.0412 | Val C-index: 0.7583
Epoch 26/30 | Train Loss: 2.0487 | Train C-index: 0.7520 | Val Loss: 4.0376 | Val C-index: 0.7632
Epoch 27/30 | Train Loss: 1.9579 | Train C-index: 0.7540 | Val Loss: 4.0305 | Val C-index: 0.7622
Epoch 28/30 | Train Loss: 1.9709 | Train C-index: 0.7552 | Val Loss: 4.0305 | Val C-index: 0.7615
Epoch 29/30 | Train Loss: 1.9397 | Train C-index: 0.7565 | Val Loss: 4.0273 | Val C-index: 0.7622
Epoch 30/30 | Train Loss: 1.9580 | Train C-index: 0.7565 | Val Loss: 4.0249 | Val C-index: 0.7632
Fold 4 final C-index: 0.7632

Extra survival metrics:
cutoff_from_train_median: -0.672455
n_test: 124
n_high_risk: 57
n_low_risk: 67
n_event_test: 46
logrank_stat: 30.553112
logrank_p: 0.000000
auc_36m: 0.821440
auc_60m: 0.777605
HR_high_vs_low: 6.177586
HR_95CI_lower: 2.966356
HR_95CI_upper: 12.865136
cox_p: 0.000001

==================================================
5-Fold CV Summary
==================================================
  C-index mean: 0.7246
