nohup: ignoring input
Using Device: cuda
PA model: meanpool | k: None | Cox PH loss
Checkpoints: /home/gly001/cqj/pa_ct_surv/checkpoints/pact_v3/pathology/roi96_meanpool/seed42
Results: /home/gly001/cqj/pa_ct_surv/results/pact_v3/pathology/roi96_meanpool/seed42
Loaded 777 samples
Locked split: train=621, test=156
Test set is not accessed during CV

==================================================
Fold 1/5
==================================================
Epoch 1/30 | Train Loss: 3.7847 | Train C-index: 0.4489 | Val Loss: 4.3859 | Val C-index: 0.5269
Epoch 2/30 | Train Loss: 3.7287 | Train C-index: 0.5164 | Val Loss: 4.3449 | Val C-index: 0.5859
Epoch 3/30 | Train Loss: 3.6766 | Train C-index: 0.5813 | Val Loss: 4.3096 | Val C-index: 0.6389
Epoch 4/30 | Train Loss: 3.6583 | Train C-index: 0.6241 | Val Loss: 4.2794 | Val C-index: 0.6638
Epoch 5/30 | Train Loss: 3.6281 | Train C-index: 0.6561 | Val Loss: 4.2526 | Val C-index: 0.6828
Epoch 6/30 | Train Loss: 3.6001 | Train C-index: 0.6742 | Val Loss: 4.2288 | Val C-index: 0.6893
Epoch 7/30 | Train Loss: 3.5693 | Train C-index: 0.6863 | Val Loss: 4.2090 | Val C-index: 0.6968
Epoch 8/30 | Train Loss: 3.5485 | Train C-index: 0.6957 | Val Loss: 4.1928 | Val C-index: 0.6999
Epoch 9/30 | Train Loss: 3.5426 | Train C-index: 0.7032 | Val Loss: 4.1788 | Val C-index: 0.7026
Epoch 10/30 | Train Loss: 3.5108 | Train C-index: 0.7088 | Val Loss: 4.1675 | Val C-index: 0.7028
Epoch 11/30 | Train Loss: 3.4901 | Train C-index: 0.7130 | Val Loss: 4.1588 | Val C-index: 0.7045
Epoch 12/30 | Train Loss: 3.4988 | Train C-index: 0.7170 | Val Loss: 4.1512 | Val C-index: 0.7079
Epoch 13/30 | Train Loss: 3.4671 | Train C-index: 0.7190 | Val Loss: 4.1445 | Val C-index: 0.7103
Epoch 14/30 | Train Loss: 3.4683 | Train C-index: 0.7223 | Val Loss: 4.1396 | Val C-index: 0.7108
Epoch 15/30 | Train Loss: 3.4634 | Train C-index: 0.7244 | Val Loss: 4.1352 | Val C-index: 0.7101
Epoch 16/30 | Train Loss: 3.4449 | Train C-index: 0.7257 | Val Loss: 4.1312 | Val C-index: 0.7120
Epoch 17/30 | Train Loss: 3.4416 | Train C-index: 0.7280 | Val Loss: 4.1278 | Val C-index: 0.7141
Epoch 18/30 | Train Loss: 3.4406 | Train C-index: 0.7298 | Val Loss: 4.1249 | Val C-index: 0.7156
Epoch 19/30 | Train Loss: 3.4329 | Train C-index: 0.7318 | Val Loss: 4.1236 | Val C-index: 0.7154
Epoch 20/30 | Train Loss: 3.4412 | Train C-index: 0.7331 | Val Loss: 4.1217 | Val C-index: 0.7154
Epoch 21/30 | Train Loss: 3.4171 | Train C-index: 0.7346 | Val Loss: 4.1200 | Val C-index: 0.7158
Epoch 22/30 | Train Loss: 3.4202 | Train C-index: 0.7362 | Val Loss: 4.1186 | Val C-index: 0.7158
Epoch 23/30 | Train Loss: 3.4323 | Train C-index: 0.7377 | Val Loss: 4.1174 | Val C-index: 0.7161
Epoch 24/30 | Train Loss: 3.3928 | Train C-index: 0.7393 | Val Loss: 4.1163 | Val C-index: 0.7163
Epoch 25/30 | Train Loss: 3.3851 | Train C-index: 0.7403 | Val Loss: 4.1152 | Val C-index: 0.7163
Epoch 26/30 | Train Loss: 3.3942 | Train C-index: 0.7414 | Val Loss: 4.1147 | Val C-index: 0.7163
Epoch 27/30 | Train Loss: 3.3896 | Train C-index: 0.7425 | Val Loss: 4.1141 | Val C-index: 0.7161
Epoch 28/30 | Train Loss: 3.3965 | Train C-index: 0.7436 | Val Loss: 4.1131 | Val C-index: 0.7166
Epoch 29/30 | Train Loss: 3.3781 | Train C-index: 0.7446 | Val Loss: 4.1119 | Val C-index: 0.7178
Epoch 30/30 | Train Loss: 3.3802 | Train C-index: 0.7460 | Val Loss: 4.1115 | Val C-index: 0.7173
Fold 0 final C-index: 0.7178

Extra survival metrics:
cutoff_from_train_median: -0.523617
n_test: 125
n_high_risk: 56
n_low_risk: 69
n_event_test: 46
logrank_stat: 25.036878
logrank_p: 0.000001
auc_36m: 0.723492
auc_60m: 0.741712
HR_high_vs_low: 4.656453
HR_95CI_lower: 2.403226
HR_95CI_upper: 9.022268
cox_p: 0.000005

==================================================
Fold 2/5
==================================================
Epoch 1/30 | Train Loss: 3.6950 | Train C-index: 0.5509 | Val Loss: 4.3569 | Val C-index: 0.6234
Epoch 2/30 | Train Loss: 3.6686 | Train C-index: 0.6030 | Val Loss: 4.3304 | Val C-index: 0.6517
Epoch 3/30 | Train Loss: 3.6334 | Train C-index: 0.6393 | Val Loss: 4.3072 | Val C-index: 0.6679
Epoch 4/30 | Train Loss: 3.5926 | Train C-index: 0.6648 | Val Loss: 4.2882 | Val C-index: 0.6727
Epoch 5/30 | Train Loss: 3.5611 | Train C-index: 0.6821 | Val Loss: 4.2724 | Val C-index: 0.6823
Epoch 6/30 | Train Loss: 3.5535 | Train C-index: 0.6942 | Val Loss: 4.2605 | Val C-index: 0.6813
Epoch 7/30 | Train Loss: 3.5158 | Train C-index: 0.7039 | Val Loss: 4.2519 | Val C-index: 0.6823
Epoch 8/30 | Train Loss: 3.5060 | Train C-index: 0.7110 | Val Loss: 4.2455 | Val C-index: 0.6825
Epoch 9/30 | Train Loss: 3.4859 | Train C-index: 0.7146 | Val Loss: 4.2394 | Val C-index: 0.6842
Epoch 10/30 | Train Loss: 3.4819 | Train C-index: 0.7174 | Val Loss: 4.2352 | Val C-index: 0.6833
Epoch 11/30 | Train Loss: 3.4597 | Train C-index: 0.7218 | Val Loss: 4.2320 | Val C-index: 0.6840
Epoch 12/30 | Train Loss: 3.4618 | Train C-index: 0.7254 | Val Loss: 4.2300 | Val C-index: 0.6868
Epoch 13/30 | Train Loss: 3.4535 | Train C-index: 0.7270 | Val Loss: 4.2279 | Val C-index: 0.6883
Epoch 14/30 | Train Loss: 3.4428 | Train C-index: 0.7283 | Val Loss: 4.2264 | Val C-index: 0.6868
Epoch 15/30 | Train Loss: 3.4608 | Train C-index: 0.7315 | Val Loss: 4.2258 | Val C-index: 0.6876
Epoch 16/30 | Train Loss: 3.4327 | Train C-index: 0.7330 | Val Loss: 4.2245 | Val C-index: 0.6873
Epoch 17/30 | Train Loss: 3.4330 | Train C-index: 0.7347 | Val Loss: 4.2237 | Val C-index: 0.6871
Epoch 18/30 | Train Loss: 3.4041 | Train C-index: 0.7362 | Val Loss: 4.2232 | Val C-index: 0.6873
Epoch 19/30 | Train Loss: 3.4190 | Train C-index: 0.7372 | Val Loss: 4.2229 | Val C-index: 0.6868
Epoch 20/30 | Train Loss: 3.4022 | Train C-index: 0.7393 | Val Loss: 4.2222 | Val C-index: 0.6878
Epoch 21/30 | Train Loss: 3.3905 | Train C-index: 0.7407 | Val Loss: 4.2219 | Val C-index: 0.6904
Epoch 22/30 | Train Loss: 3.4018 | Train C-index: 0.7425 | Val Loss: 4.2222 | Val C-index: 0.6900
Epoch 23/30 | Train Loss: 3.3935 | Train C-index: 0.7439 | Val Loss: 4.2223 | Val C-index: 0.6897
Epoch 24/30 | Train Loss: 3.4050 | Train C-index: 0.7451 | Val Loss: 4.2219 | Val C-index: 0.6890
Epoch 25/30 | Train Loss: 3.3895 | Train C-index: 0.7466 | Val Loss: 4.2218 | Val C-index: 0.6900
Epoch 26/30 | Train Loss: 3.3694 | Train C-index: 0.7474 | Val Loss: 4.2216 | Val C-index: 0.6897
Epoch 27/30 | Train Loss: 3.3609 | Train C-index: 0.7488 | Val Loss: 4.2212 | Val C-index: 0.6907
Epoch 28/30 | Train Loss: 3.3761 | Train C-index: 0.7500 | Val Loss: 4.2206 | Val C-index: 0.6916
Epoch 29/30 | Train Loss: 3.3509 | Train C-index: 0.7509 | Val Loss: 4.2202 | Val C-index: 0.6919
Epoch 30/30 | Train Loss: 3.3530 | Train C-index: 0.7517 | Val Loss: 4.2199 | Val C-index: 0.6907
Fold 1 final C-index: 0.6919

Extra survival metrics:
cutoff_from_train_median: -0.858450
n_test: 124
n_high_risk: 70
n_low_risk: 54
n_event_test: 46
logrank_stat: 14.304283
logrank_p: 0.000156
auc_36m: 0.739904
auc_60m: 0.700543
HR_high_vs_low: 3.553650
HR_95CI_lower: 1.761542
HR_95CI_upper: 7.168962
cox_p: 0.000398

==================================================
Fold 3/5
==================================================
Epoch 1/30 | Train Loss: 3.7308 | Train C-index: 0.5482 | Val Loss: 4.3047 | Val C-index: 0.6257
Epoch 2/30 | Train Loss: 3.6808 | Train C-index: 0.6031 | Val Loss: 4.2689 | Val C-index: 0.6676
Epoch 3/30 | Train Loss: 3.6453 | Train C-index: 0.6410 | Val Loss: 4.2377 | Val C-index: 0.6898
Epoch 4/30 | Train Loss: 3.6171 | Train C-index: 0.6644 | Val Loss: 4.2107 | Val C-index: 0.7025
Epoch 5/30 | Train Loss: 3.5895 | Train C-index: 0.6834 | Val Loss: 4.1891 | Val C-index: 0.7120
Epoch 6/30 | Train Loss: 3.5596 | Train C-index: 0.6927 | Val Loss: 4.1716 | Val C-index: 0.7192
Epoch 7/30 | Train Loss: 3.5496 | Train C-index: 0.7007 | Val Loss: 4.1568 | Val C-index: 0.7232
Epoch 8/30 | Train Loss: 3.5314 | Train C-index: 0.7051 | Val Loss: 4.1436 | Val C-index: 0.7277
Epoch 9/30 | Train Loss: 3.4925 | Train C-index: 0.7099 | Val Loss: 4.1344 | Val C-index: 0.7322
Epoch 10/30 | Train Loss: 3.4981 | Train C-index: 0.7150 | Val Loss: 4.1286 | Val C-index: 0.7324
Epoch 11/30 | Train Loss: 3.4893 | Train C-index: 0.7177 | Val Loss: 4.1241 | Val C-index: 0.7324
Epoch 12/30 | Train Loss: 3.4936 | Train C-index: 0.7204 | Val Loss: 4.1198 | Val C-index: 0.7319
Epoch 13/30 | Train Loss: 3.4601 | Train C-index: 0.7226 | Val Loss: 4.1161 | Val C-index: 0.7334
Epoch 14/30 | Train Loss: 3.4630 | Train C-index: 0.7252 | Val Loss: 4.1141 | Val C-index: 0.7354
Epoch 15/30 | Train Loss: 3.4623 | Train C-index: 0.7269 | Val Loss: 4.1124 | Val C-index: 0.7349
Epoch 16/30 | Train Loss: 3.4867 | Train C-index: 0.7285 | Val Loss: 4.1104 | Val C-index: 0.7349
Epoch 17/30 | Train Loss: 3.4387 | Train C-index: 0.7304 | Val Loss: 4.1095 | Val C-index: 0.7362
Epoch 18/30 | Train Loss: 3.4428 | Train C-index: 0.7316 | Val Loss: 4.1087 | Val C-index: 0.7339
Epoch 19/30 | Train Loss: 3.4138 | Train C-index: 0.7320 | Val Loss: 4.1076 | Val C-index: 0.7344
Epoch 20/30 | Train Loss: 3.4194 | Train C-index: 0.7344 | Val Loss: 4.1078 | Val C-index: 0.7327
Epoch 21/30 | Train Loss: 3.3932 | Train C-index: 0.7358 | Val Loss: 4.1077 | Val C-index: 0.7334
Epoch 22/30 | Train Loss: 3.3975 | Train C-index: 0.7365 | Val Loss: 4.1076 | Val C-index: 0.7332
Epoch 23/30 | Train Loss: 3.4056 | Train C-index: 0.7378 | Val Loss: 4.1081 | Val C-index: 0.7324
Epoch 24/30 | Train Loss: 3.3950 | Train C-index: 0.7390 | Val Loss: 4.1087 | Val C-index: 0.7319
Epoch 25/30 | Train Loss: 3.3856 | Train C-index: 0.7396 | Val Loss: 4.1077 | Val C-index: 0.7312
Epoch 26/30 | Train Loss: 3.3972 | Train C-index: 0.7406 | Val Loss: 4.1080 | Val C-index: 0.7307
Epoch 27/30 | Train Loss: 3.3977 | Train C-index: 0.7419 | Val Loss: 4.1084 | Val C-index: 0.7312
Early stopping at epoch 27
Fold 2 final C-index: 0.7362

Extra survival metrics:
cutoff_from_train_median: -0.503004
n_test: 124
n_high_risk: 62
n_low_risk: 62
n_event_test: 46
logrank_stat: 17.213203
logrank_p: 0.000033
auc_36m: 0.771526
auc_60m: 0.757155
HR_high_vs_low: 3.848050
HR_95CI_lower: 1.943114
HR_95CI_upper: 7.620495
cox_p: 0.000111

==================================================
Fold 4/5
==================================================
Epoch 1/30 | Train Loss: 3.6430 | Train C-index: 0.6209 | Val Loss: 4.3324 | Val C-index: 0.6388
Epoch 2/30 | Train Loss: 3.6139 | Train C-index: 0.6545 | Val Loss: 4.3086 | Val C-index: 0.6512
Epoch 3/30 | Train Loss: 3.5685 | Train C-index: 0.6729 | Val Loss: 4.2895 | Val C-index: 0.6590
Epoch 4/30 | Train Loss: 3.5649 | Train C-index: 0.6859 | Val Loss: 4.2739 | Val C-index: 0.6660
Epoch 5/30 | Train Loss: 3.5336 | Train C-index: 0.6960 | Val Loss: 4.2626 | Val C-index: 0.6694
Epoch 6/30 | Train Loss: 3.5180 | Train C-index: 0.7031 | Val Loss: 4.2529 | Val C-index: 0.6731
Epoch 7/30 | Train Loss: 3.5040 | Train C-index: 0.7076 | Val Loss: 4.2455 | Val C-index: 0.6745
Epoch 8/30 | Train Loss: 3.4888 | Train C-index: 0.7102 | Val Loss: 4.2389 | Val C-index: 0.6777
Epoch 9/30 | Train Loss: 3.4810 | Train C-index: 0.7146 | Val Loss: 4.2349 | Val C-index: 0.6789
Epoch 10/30 | Train Loss: 3.4849 | Train C-index: 0.7171 | Val Loss: 4.2305 | Val C-index: 0.6811
Epoch 11/30 | Train Loss: 3.4726 | Train C-index: 0.7192 | Val Loss: 4.2268 | Val C-index: 0.6831
Epoch 12/30 | Train Loss: 3.4480 | Train C-index: 0.7221 | Val Loss: 4.2241 | Val C-index: 0.6833
Epoch 13/30 | Train Loss: 3.4442 | Train C-index: 0.7243 | Val Loss: 4.2217 | Val C-index: 0.6833
Epoch 14/30 | Train Loss: 3.4398 | Train C-index: 0.7259 | Val Loss: 4.2194 | Val C-index: 0.6850
Epoch 15/30 | Train Loss: 3.4389 | Train C-index: 0.7276 | Val Loss: 4.2177 | Val C-index: 0.6845
Epoch 16/30 | Train Loss: 3.4226 | Train C-index: 0.7293 | Val Loss: 4.2169 | Val C-index: 0.6838
Epoch 17/30 | Train Loss: 3.4279 | Train C-index: 0.7311 | Val Loss: 4.2151 | Val C-index: 0.6843
Epoch 18/30 | Train Loss: 3.4053 | Train C-index: 0.7330 | Val Loss: 4.2138 | Val C-index: 0.6850
Epoch 19/30 | Train Loss: 3.4184 | Train C-index: 0.7348 | Val Loss: 4.2120 | Val C-index: 0.6852
Epoch 20/30 | Train Loss: 3.3930 | Train C-index: 0.7365 | Val Loss: 4.2112 | Val C-index: 0.6848
Epoch 21/30 | Train Loss: 3.3913 | Train C-index: 0.7380 | Val Loss: 4.2107 | Val C-index: 0.6850
Epoch 22/30 | Train Loss: 3.3984 | Train C-index: 0.7390 | Val Loss: 4.2102 | Val C-index: 0.6867
Epoch 23/30 | Train Loss: 3.3932 | Train C-index: 0.7397 | Val Loss: 4.2091 | Val C-index: 0.6889
Epoch 24/30 | Train Loss: 3.3850 | Train C-index: 0.7412 | Val Loss: 4.2083 | Val C-index: 0.6884
Epoch 25/30 | Train Loss: 3.3752 | Train C-index: 0.7424 | Val Loss: 4.2078 | Val C-index: 0.6882
Epoch 26/30 | Train Loss: 3.3813 | Train C-index: 0.7434 | Val Loss: 4.2073 | Val C-index: 0.6867
Epoch 27/30 | Train Loss: 3.3658 | Train C-index: 0.7448 | Val Loss: 4.2060 | Val C-index: 0.6894
Epoch 28/30 | Train Loss: 3.3585 | Train C-index: 0.7456 | Val Loss: 4.2059 | Val C-index: 0.6901
Epoch 29/30 | Train Loss: 3.3518 | Train C-index: 0.7467 | Val Loss: 4.2051 | Val C-index: 0.6928
Epoch 30/30 | Train Loss: 3.3480 | Train C-index: 0.7481 | Val Loss: 4.2054 | Val C-index: 0.6930
Fold 3 final C-index: 0.6930

Extra survival metrics:
cutoff_from_train_median: -1.324620
n_test: 124
n_high_risk: 63
n_low_risk: 61
n_event_test: 46
logrank_stat: 17.119065
logrank_p: 0.000035
auc_36m: 0.723708
auc_60m: 0.731451
HR_high_vs_low: 3.794781
HR_95CI_lower: 1.924156
HR_95CI_upper: 7.483988
cox_p: 0.000119

==================================================
Fold 5/5
==================================================
Epoch 1/30 | Train Loss: 3.8056 | Train C-index: 0.4708 | Val Loss: 4.4733 | Val C-index: 0.4597
Epoch 2/30 | Train Loss: 3.7342 | Train C-index: 0.5247 | Val Loss: 4.4274 | Val C-index: 0.5011
Epoch 3/30 | Train Loss: 3.6743 | Train C-index: 0.5711 | Val Loss: 4.3866 | Val C-index: 0.5549
Epoch 4/30 | Train Loss: 3.6553 | Train C-index: 0.6150 | Val Loss: 4.3474 | Val C-index: 0.6136
Epoch 5/30 | Train Loss: 3.6294 | Train C-index: 0.6433 | Val Loss: 4.3156 | Val C-index: 0.6521
Epoch 6/30 | Train Loss: 3.6156 | Train C-index: 0.6658 | Val Loss: 4.2862 | Val C-index: 0.6780
Epoch 7/30 | Train Loss: 3.5662 | Train C-index: 0.6798 | Val Loss: 4.2591 | Val C-index: 0.6957
Epoch 8/30 | Train Loss: 3.5540 | Train C-index: 0.6910 | Val Loss: 4.2364 | Val C-index: 0.7077
Epoch 9/30 | Train Loss: 3.5592 | Train C-index: 0.6971 | Val Loss: 4.2180 | Val C-index: 0.7150
Epoch 10/30 | Train Loss: 3.5361 | Train C-index: 0.7013 | Val Loss: 4.2002 | Val C-index: 0.7233
Epoch 11/30 | Train Loss: 3.5140 | Train C-index: 0.7045 | Val Loss: 4.1844 | Val C-index: 0.7276
Epoch 12/30 | Train Loss: 3.5205 | Train C-index: 0.7071 | Val Loss: 4.1703 | Val C-index: 0.7335
Epoch 13/30 | Train Loss: 3.5004 | Train C-index: 0.7097 | Val Loss: 4.1589 | Val C-index: 0.7354
Epoch 14/30 | Train Loss: 3.4904 | Train C-index: 0.7125 | Val Loss: 4.1488 | Val C-index: 0.7374
Epoch 15/30 | Train Loss: 3.4796 | Train C-index: 0.7147 | Val Loss: 4.1404 | Val C-index: 0.7406
Epoch 16/30 | Train Loss: 3.4951 | Train C-index: 0.7159 | Val Loss: 4.1334 | Val C-index: 0.7408
Epoch 17/30 | Train Loss: 3.4660 | Train C-index: 0.7174 | Val Loss: 4.1256 | Val C-index: 0.7420
Epoch 18/30 | Train Loss: 3.4573 | Train C-index: 0.7192 | Val Loss: 4.1186 | Val C-index: 0.7442
Epoch 19/30 | Train Loss: 3.4697 | Train C-index: 0.7200 | Val Loss: 4.1137 | Val C-index: 0.7430
Epoch 20/30 | Train Loss: 3.4745 | Train C-index: 0.7212 | Val Loss: 4.1088 | Val C-index: 0.7435
Epoch 21/30 | Train Loss: 3.4384 | Train C-index: 0.7225 | Val Loss: 4.1051 | Val C-index: 0.7437
Epoch 22/30 | Train Loss: 3.4564 | Train C-index: 0.7234 | Val Loss: 4.0998 | Val C-index: 0.7449
Epoch 23/30 | Train Loss: 3.4600 | Train C-index: 0.7248 | Val Loss: 4.0966 | Val C-index: 0.7452
Epoch 24/30 | Train Loss: 3.4329 | Train C-index: 0.7266 | Val Loss: 4.0928 | Val C-index: 0.7479
Epoch 25/30 | Train Loss: 3.4433 | Train C-index: 0.7271 | Val Loss: 4.0902 | Val C-index: 0.7491
Epoch 26/30 | Train Loss: 3.4241 | Train C-index: 0.7280 | Val Loss: 4.0872 | Val C-index: 0.7498
Epoch 27/30 | Train Loss: 3.4030 | Train C-index: 0.7293 | Val Loss: 4.0838 | Val C-index: 0.7508
Epoch 28/30 | Train Loss: 3.4376 | Train C-index: 0.7305 | Val Loss: 4.0816 | Val C-index: 0.7520
Epoch 29/30 | Train Loss: 3.4092 | Train C-index: 0.7317 | Val Loss: 4.0794 | Val C-index: 0.7523
Epoch 30/30 | Train Loss: 3.4225 | Train C-index: 0.7327 | Val Loss: 4.0776 | Val C-index: 0.7530
Fold 4 final C-index: 0.7530

Extra survival metrics:
cutoff_from_train_median: -0.596016
n_test: 124
n_high_risk: 59
n_low_risk: 65
n_event_test: 46
logrank_stat: 27.851851
logrank_p: 0.000000
auc_36m: 0.813290
auc_60m: 0.768820
HR_high_vs_low: 5.773274
HR_95CI_lower: 2.772843
HR_95CI_upper: 12.020405
cox_p: 0.000003

==================================================
5-Fold CV Summary
==================================================
  C-index mean: 0.7184
