nohup: ignoring input
Using Device: cuda
PA model: abmil | k: None | Cox PH loss
Checkpoints: /home/gly001/cqj/pa_ct_surv/checkpoints/pact_v3/pathology/roi96_abmil_all/seed42
Results: /home/gly001/cqj/pa_ct_surv/results/pact_v3/pathology/roi96_abmil_all/seed42
Loaded 777 samples
Locked split: train=621, test=156
Test set is not accessed during CV

==================================================
Fold 1/5
==================================================
Epoch 1/30 | Train Loss: 2.2502 | Train C-index: 0.6745 | Val Loss: 4.1329 | Val C-index: 0.7284
Epoch 2/30 | Train Loss: 2.1137 | Train C-index: 0.7436 | Val Loss: 4.1090 | Val C-index: 0.7373
Epoch 3/30 | Train Loss: 2.0037 | Train C-index: 0.7581 | Val Loss: 4.0972 | Val C-index: 0.7472
Epoch 4/30 | Train Loss: 2.0187 | Train C-index: 0.7748 | Val Loss: 4.0746 | Val C-index: 0.7532
Epoch 5/30 | Train Loss: 1.9493 | Train C-index: 0.7906 | Val Loss: 4.0751 | Val C-index: 0.7587
Epoch 6/30 | Train Loss: 1.9125 | Train C-index: 0.7993 | Val Loss: 4.0760 | Val C-index: 0.7578
Epoch 7/30 | Train Loss: 1.7787 | Train C-index: 0.8128 | Val Loss: 4.1308 | Val C-index: 0.7513
Epoch 8/30 | Train Loss: 1.7505 | Train C-index: 0.8255 | Val Loss: 4.0918 | Val C-index: 0.7491
Epoch 9/30 | Train Loss: 1.6856 | Train C-index: 0.8319 | Val Loss: 4.1536 | Val C-index: 0.7549
Epoch 10/30 | Train Loss: 1.6468 | Train C-index: 0.8531 | Val Loss: 4.1963 | Val C-index: 0.7599
Epoch 11/30 | Train Loss: 1.4652 | Train C-index: 0.8619 | Val Loss: 4.2980 | Val C-index: 0.7530
Epoch 12/30 | Train Loss: 1.4937 | Train C-index: 0.8755 | Val Loss: 4.2231 | Val C-index: 0.7522
Epoch 13/30 | Train Loss: 1.3166 | Train C-index: 0.8924 | Val Loss: 4.7058 | Val C-index: 0.7496
Epoch 14/30 | Train Loss: 1.3139 | Train C-index: 0.8915 | Val Loss: 4.5509 | Val C-index: 0.7383
Epoch 15/30 | Train Loss: 1.1887 | Train C-index: 0.9097 | Val Loss: 4.8906 | Val C-index: 0.7303
Epoch 16/30 | Train Loss: 1.0514 | Train C-index: 0.9168 | Val Loss: 5.0742 | Val C-index: 0.7289
Epoch 17/30 | Train Loss: 1.1684 | Train C-index: 0.9242 | Val Loss: 4.9996 | Val C-index: 0.7279
Epoch 18/30 | Train Loss: 1.0213 | Train C-index: 0.9350 | Val Loss: 5.3754 | Val C-index: 0.7185
Epoch 19/30 | Train Loss: 0.8913 | Train C-index: 0.9465 | Val Loss: 5.5007 | Val C-index: 0.7221
Epoch 20/30 | Train Loss: 0.8573 | Train C-index: 0.9503 | Val Loss: 5.9203 | Val C-index: 0.7141
Early stopping at epoch 20
Fold 0 final C-index: 0.7599

Extra survival metrics:
cutoff_from_train_median: -0.851453
n_test: 125
n_high_risk: 53
n_low_risk: 72
n_event_test: 46
logrank_stat: 26.419028
logrank_p: 0.000000
auc_36m: 0.769289
auc_60m: 0.766672
HR_high_vs_low: 4.862473
HR_95CI_lower: 2.502777
HR_95CI_upper: 9.446964
cox_p: 0.000003

==================================================
Fold 2/5
==================================================
Epoch 1/30 | Train Loss: 2.1644 | Train C-index: 0.6748 | Val Loss: 4.2765 | Val C-index: 0.6830
Epoch 2/30 | Train Loss: 2.0112 | Train C-index: 0.7466 | Val Loss: 4.2492 | Val C-index: 0.6919
Epoch 3/30 | Train Loss: 1.9699 | Train C-index: 0.7673 | Val Loss: 4.2223 | Val C-index: 0.6931
Epoch 4/30 | Train Loss: 1.8215 | Train C-index: 0.7856 | Val Loss: 4.2221 | Val C-index: 0.7050
Epoch 5/30 | Train Loss: 1.8042 | Train C-index: 0.7901 | Val Loss: 4.1818 | Val C-index: 0.7156
Epoch 6/30 | Train Loss: 1.7958 | Train C-index: 0.8146 | Val Loss: 4.2425 | Val C-index: 0.7134
Epoch 7/30 | Train Loss: 1.6644 | Train C-index: 0.8229 | Val Loss: 4.3235 | Val C-index: 0.6974
Epoch 8/30 | Train Loss: 1.6198 | Train C-index: 0.8431 | Val Loss: 4.4440 | Val C-index: 0.6947
Epoch 9/30 | Train Loss: 1.6089 | Train C-index: 0.8454 | Val Loss: 4.3877 | Val C-index: 0.6909
Epoch 10/30 | Train Loss: 1.4597 | Train C-index: 0.8599 | Val Loss: 4.5290 | Val C-index: 0.6725
Epoch 11/30 | Train Loss: 1.4283 | Train C-index: 0.8641 | Val Loss: 4.7840 | Val C-index: 0.6780
Epoch 12/30 | Train Loss: 1.4108 | Train C-index: 0.8725 | Val Loss: 4.7364 | Val C-index: 0.6761
Epoch 13/30 | Train Loss: 1.3775 | Train C-index: 0.8875 | Val Loss: 4.6616 | Val C-index: 0.6577
Epoch 14/30 | Train Loss: 1.3095 | Train C-index: 0.8874 | Val Loss: 4.8357 | Val C-index: 0.6431
Epoch 15/30 | Train Loss: 1.2554 | Train C-index: 0.9051 | Val Loss: 4.8282 | Val C-index: 0.6608
Early stopping at epoch 15
Fold 1 final C-index: 0.7156

Extra survival metrics:
cutoff_from_train_median: -0.079663
n_test: 124
n_high_risk: 69
n_low_risk: 55
n_event_test: 46
logrank_stat: 23.927029
logrank_p: 0.000001
auc_36m: 0.788210
auc_60m: 0.744233
HR_high_vs_low: 5.885282
HR_95CI_lower: 2.628970
HR_95CI_upper: 13.174946
cox_p: 0.000016

==================================================
Fold 3/5
==================================================
Epoch 1/30 | Train Loss: 2.1314 | Train C-index: 0.6651 | Val Loss: 4.1451 | Val C-index: 0.7185
Epoch 2/30 | Train Loss: 2.0077 | Train C-index: 0.7306 | Val Loss: 4.1445 | Val C-index: 0.7170
Epoch 3/30 | Train Loss: 1.9347 | Train C-index: 0.7567 | Val Loss: 4.2204 | Val C-index: 0.6950
Epoch 4/30 | Train Loss: 1.8696 | Train C-index: 0.7740 | Val Loss: 4.2113 | Val C-index: 0.7127
Epoch 5/30 | Train Loss: 1.7960 | Train C-index: 0.7917 | Val Loss: 4.2612 | Val C-index: 0.7187
Epoch 6/30 | Train Loss: 1.7553 | Train C-index: 0.7999 | Val Loss: 4.2210 | Val C-index: 0.7140
Epoch 7/30 | Train Loss: 1.6991 | Train C-index: 0.8163 | Val Loss: 4.2769 | Val C-index: 0.7155
Epoch 8/30 | Train Loss: 1.6092 | Train C-index: 0.8308 | Val Loss: 4.3099 | Val C-index: 0.7000
Epoch 9/30 | Train Loss: 1.5219 | Train C-index: 0.8381 | Val Loss: 4.3522 | Val C-index: 0.7070
Epoch 10/30 | Train Loss: 1.4656 | Train C-index: 0.8537 | Val Loss: 4.4049 | Val C-index: 0.6965
Epoch 11/30 | Train Loss: 1.4406 | Train C-index: 0.8537 | Val Loss: 4.7532 | Val C-index: 0.6845
Epoch 12/30 | Train Loss: 1.4159 | Train C-index: 0.8679 | Val Loss: 4.4370 | Val C-index: 0.7000
Epoch 13/30 | Train Loss: 1.3235 | Train C-index: 0.8849 | Val Loss: 4.6039 | Val C-index: 0.6658
Epoch 14/30 | Train Loss: 1.2916 | Train C-index: 0.9055 | Val Loss: 4.5428 | Val C-index: 0.7050
Epoch 15/30 | Train Loss: 1.1601 | Train C-index: 0.9009 | Val Loss: 5.0930 | Val C-index: 0.6671
Early stopping at epoch 15
Fold 2 final C-index: 0.7187

Extra survival metrics:
cutoff_from_train_median: -0.686336
n_test: 124
n_high_risk: 68
n_low_risk: 56
n_event_test: 46
logrank_stat: 11.784352
logrank_p: 0.000597
auc_36m: 0.726572
auc_60m: 0.738124
HR_high_vs_low: 3.109375
HR_95CI_lower: 1.572546
HR_95CI_upper: 6.148124
cox_p: 0.001108

==================================================
Fold 4/5
==================================================
Epoch 1/30 | Train Loss: 2.1735 | Train C-index: 0.6716 | Val Loss: 4.2244 | Val C-index: 0.6833
Epoch 2/30 | Train Loss: 2.0222 | Train C-index: 0.7450 | Val Loss: 4.2136 | Val C-index: 0.6930
Epoch 3/30 | Train Loss: 1.9326 | Train C-index: 0.7537 | Val Loss: 4.2286 | Val C-index: 0.6767
Epoch 4/30 | Train Loss: 1.8899 | Train C-index: 0.7825 | Val Loss: 4.2393 | Val C-index: 0.6682
Epoch 5/30 | Train Loss: 1.7749 | Train C-index: 0.8061 | Val Loss: 4.3793 | Val C-index: 0.6777
Epoch 6/30 | Train Loss: 1.7067 | Train C-index: 0.8028 | Val Loss: 4.3946 | Val C-index: 0.6755
Epoch 7/30 | Train Loss: 1.7078 | Train C-index: 0.8248 | Val Loss: 4.4169 | Val C-index: 0.6638
Epoch 8/30 | Train Loss: 1.6349 | Train C-index: 0.8312 | Val Loss: 4.4664 | Val C-index: 0.6405
Epoch 9/30 | Train Loss: 1.5778 | Train C-index: 0.8413 | Val Loss: 4.6241 | Val C-index: 0.6643
Epoch 10/30 | Train Loss: 1.4755 | Train C-index: 0.8477 | Val Loss: 4.6076 | Val C-index: 0.6495
Epoch 11/30 | Train Loss: 1.3757 | Train C-index: 0.8647 | Val Loss: 4.8389 | Val C-index: 0.6509
Epoch 12/30 | Train Loss: 1.3822 | Train C-index: 0.8704 | Val Loss: 4.8171 | Val C-index: 0.6375
Early stopping at epoch 12
Fold 3 final C-index: 0.6930

Extra survival metrics:
cutoff_from_train_median: -0.751539
n_test: 124
n_high_risk: 64
n_low_risk: 60
n_event_test: 46
logrank_stat: 18.494975
logrank_p: 0.000017
auc_36m: 0.719021
auc_60m: 0.719745
HR_high_vs_low: 4.136859
HR_95CI_lower: 2.049475
HR_95CI_upper: 8.350235
cox_p: 0.000074

==================================================
Fold 5/5
==================================================
Epoch 1/30 | Train Loss: 2.2187 | Train C-index: 0.6629 | Val Loss: 4.0784 | Val C-index: 0.7523
Epoch 2/30 | Train Loss: 2.0803 | Train C-index: 0.7248 | Val Loss: 4.0313 | Val C-index: 0.7691
Epoch 3/30 | Train Loss: 1.9541 | Train C-index: 0.7469 | Val Loss: 3.9799 | Val C-index: 0.7764
Epoch 4/30 | Train Loss: 1.9282 | Train C-index: 0.7621 | Val Loss: 3.9780 | Val C-index: 0.7722
Epoch 5/30 | Train Loss: 1.8548 | Train C-index: 0.7879 | Val Loss: 3.9885 | Val C-index: 0.7744
Epoch 6/30 | Train Loss: 1.7411 | Train C-index: 0.7998 | Val Loss: 4.0435 | Val C-index: 0.7678
Epoch 7/30 | Train Loss: 1.7265 | Train C-index: 0.8142 | Val Loss: 4.0419 | Val C-index: 0.7764
Epoch 8/30 | Train Loss: 1.6436 | Train C-index: 0.8322 | Val Loss: 4.1409 | Val C-index: 0.7659
Epoch 9/30 | Train Loss: 1.5906 | Train C-index: 0.8225 | Val Loss: 4.1654 | Val C-index: 0.7605
Epoch 10/30 | Train Loss: 1.4987 | Train C-index: 0.8452 | Val Loss: 4.1713 | Val C-index: 0.7669
Epoch 11/30 | Train Loss: 1.4724 | Train C-index: 0.8573 | Val Loss: 4.3113 | Val C-index: 0.7564
Epoch 12/30 | Train Loss: 1.3519 | Train C-index: 0.8691 | Val Loss: 4.2615 | Val C-index: 0.7705
Epoch 13/30 | Train Loss: 1.4636 | Train C-index: 0.8593 | Val Loss: 4.3984 | Val C-index: 0.7498
Early stopping at epoch 13
Fold 4 final C-index: 0.7764

Extra survival metrics:
cutoff_from_train_median: -1.110451
n_test: 124
n_high_risk: 61
n_low_risk: 63
n_event_test: 46
logrank_stat: 29.525881
logrank_p: 0.000000
auc_36m: 0.839157
auc_60m: 0.796333
HR_high_vs_low: 6.383870
HR_95CI_lower: 2.969424
HR_95CI_upper: 13.724481
cox_p: 0.000002

==================================================
5-Fold CV Summary
==================================================
  C-index mean: 0.7327
