Using Device: cuda
Model: abmil-cox-topk | k: 512
Checkpoints: /home/gly001/cqj/pa_ct_surv/experiments/single_modal_path/best2/checkpoints
Results:     /home/gly001/cqj/pa_ct_surv/experiments/single_modal_path/best2/results
Loaded 843 samples

==================================================
Fold 1/5
==================================================
Epoch 1/50 | Train Loss: 4.0703 | Train C-index: 0.7581 | Val Loss: 4.3868 | Val C-index: 0.7206
Epoch 2/50 | Train Loss: 3.9736 | Train C-index: 0.7744 | Val Loss: 4.2892 | Val C-index: 0.7463
Epoch 3/50 | Train Loss: 3.8530 | Train C-index: 0.7873 | Val Loss: 4.2307 | Val C-index: 0.7540
Epoch 4/50 | Train Loss: 3.7662 | Train C-index: 0.7951 | Val Loss: 4.3958 | Val C-index: 0.7493
Epoch 5/50 | Train Loss: 3.7191 | Train C-index: 0.8077 | Val Loss: 4.2314 | Val C-index: 0.7669
Epoch 6/50 | Train Loss: 3.6552 | Train C-index: 0.8152 | Val Loss: 4.2504 | Val C-index: 0.7670
Epoch 7/50 | Train Loss: 3.6251 | Train C-index: 0.8274 | Val Loss: 4.5523 | Val C-index: 0.7305
Epoch 8/50 | Train Loss: 3.5393 | Train C-index: 0.8486 | Val Loss: 4.2922 | Val C-index: 0.7528
Epoch 9/50 | Train Loss: 3.4518 | Train C-index: 0.8597 | Val Loss: 4.5877 | Val C-index: 0.7254
Epoch 10/50 | Train Loss: 3.4151 | Train C-index: 0.8727 | Val Loss: 4.3024 | Val C-index: 0.7375
Epoch 11/50 | Train Loss: 3.3681 | Train C-index: 0.8892 | Val Loss: 4.4759 | Val C-index: 0.7176
Epoch 12/50 | Train Loss: 3.2355 | Train C-index: 0.9018 | Val Loss: 4.5326 | Val C-index: 0.7363
Epoch 13/50 | Train Loss: 3.1261 | Train C-index: 0.9182 | Val Loss: 4.7253 | Val C-index: 0.7074
Epoch 14/50 | Train Loss: 3.0988 | Train C-index: 0.9336 | Val Loss: 4.7017 | Val C-index: 0.7185
Epoch 15/50 | Train Loss: 2.9352 | Train C-index: 0.9214 | Val Loss: 4.6448 | Val C-index: 0.7257
Epoch 16/50 | Train Loss: 2.9801 | Train C-index: 0.9288 | Val Loss: 4.8984 | Val C-index: 0.7223
Early stopping at epoch 16
Fold 0 final C-index: 0.7670

Extra survival metrics:
cutoff_from_train_median: 0.091102
n_test: 169
n_high_risk: 91
n_low_risk: 78
n_event_test: 65
logrank_stat: 36.477112
logrank_p: 0.000000
auc_36m: 0.798782
auc_60m: 0.766914
mean_auc: 0.789777
HR_high_vs_low: 7.118130
HR_95CI_lower: 3.390179
HR_95CI_upper: 14.945456
cox_p: 0.000000

==================================================
Fold 2/5
==================================================
Epoch 1/50 | Train Loss: 4.1149 | Train C-index: 0.7525 | Val Loss: 4.5613 | Val C-index: 0.6955
Epoch 2/50 | Train Loss: 3.9102 | Train C-index: 0.7837 | Val Loss: 4.5946 | Val C-index: 0.7082
Epoch 3/50 | Train Loss: 3.8269 | Train C-index: 0.7611 | Val Loss: 4.5580 | Val C-index: 0.6857
Epoch 4/50 | Train Loss: 3.7336 | Train C-index: 0.7956 | Val Loss: 4.4977 | Val C-index: 0.7091
Epoch 5/50 | Train Loss: 3.8154 | Train C-index: 0.8036 | Val Loss: 4.5115 | Val C-index: 0.7233
Epoch 6/50 | Train Loss: 3.6740 | Train C-index: 0.8081 | Val Loss: 4.5452 | Val C-index: 0.7141
Epoch 7/50 | Train Loss: 3.6276 | Train C-index: 0.8279 | Val Loss: 4.4752 | Val C-index: 0.7312
Epoch 8/50 | Train Loss: 3.5117 | Train C-index: 0.8395 | Val Loss: 4.4527 | Val C-index: 0.7283
Epoch 9/50 | Train Loss: 3.4954 | Train C-index: 0.8461 | Val Loss: 4.5718 | Val C-index: 0.7323
Epoch 10/50 | Train Loss: 3.4443 | Train C-index: 0.8433 | Val Loss: 4.5985 | Val C-index: 0.7213
Epoch 11/50 | Train Loss: 3.4445 | Train C-index: 0.8571 | Val Loss: 4.6215 | Val C-index: 0.7264
Epoch 12/50 | Train Loss: 3.3973 | Train C-index: 0.8700 | Val Loss: 4.5871 | Val C-index: 0.7246
Epoch 13/50 | Train Loss: 3.2858 | Train C-index: 0.8788 | Val Loss: 4.7949 | Val C-index: 0.7157
Epoch 14/50 | Train Loss: 3.1630 | Train C-index: 0.8897 | Val Loss: 4.9038 | Val C-index: 0.7110
Epoch 15/50 | Train Loss: 3.1296 | Train C-index: 0.9013 | Val Loss: 4.7857 | Val C-index: 0.7255
Epoch 16/50 | Train Loss: 3.1546 | Train C-index: 0.9051 | Val Loss: 5.0178 | Val C-index: 0.7157
Epoch 17/50 | Train Loss: 3.0347 | Train C-index: 0.9137 | Val Loss: 4.9228 | Val C-index: 0.7123
Epoch 18/50 | Train Loss: 2.9049 | Train C-index: 0.9151 | Val Loss: 5.0132 | Val C-index: 0.7209
Epoch 19/50 | Train Loss: 2.9684 | Train C-index: 0.9190 | Val Loss: 4.9641 | Val C-index: 0.7172
Early stopping at epoch 19
Fold 1 final C-index: 0.7323

Extra survival metrics:
cutoff_from_train_median: -0.267346
n_test: 169
n_high_risk: 88
n_low_risk: 81
n_event_test: 65
logrank_stat: 19.633379
logrank_p: 0.000009
auc_36m: 0.774589
auc_60m: 0.737265
mean_auc: 0.765486
HR_high_vs_low: 3.274940
HR_95CI_lower: 1.878604
HR_95CI_upper: 5.709151
cox_p: 0.000029

==================================================
Fold 3/5
==================================================
Epoch 1/50 | Train Loss: 4.0669 | Train C-index: 0.7453 | Val Loss: 4.5529 | Val C-index: 0.6985
Epoch 2/50 | Train Loss: 3.8796 | Train C-index: 0.7684 | Val Loss: 4.4754 | Val C-index: 0.7276
Epoch 3/50 | Train Loss: 3.7722 | Train C-index: 0.7830 | Val Loss: 4.4370 | Val C-index: 0.7375
Epoch 4/50 | Train Loss: 3.8061 | Train C-index: 0.7921 | Val Loss: 4.4192 | Val C-index: 0.7360
Epoch 5/50 | Train Loss: 3.6394 | Train C-index: 0.8125 | Val Loss: 4.4157 | Val C-index: 0.7364
Epoch 6/50 | Train Loss: 3.6798 | Train C-index: 0.8227 | Val Loss: 4.4520 | Val C-index: 0.7329
Epoch 7/50 | Train Loss: 3.5764 | Train C-index: 0.8380 | Val Loss: 4.4879 | Val C-index: 0.7244
Epoch 8/50 | Train Loss: 3.5025 | Train C-index: 0.8482 | Val Loss: 4.5903 | Val C-index: 0.7127
Epoch 9/50 | Train Loss: 3.4410 | Train C-index: 0.8547 | Val Loss: 4.6043 | Val C-index: 0.7101
Epoch 10/50 | Train Loss: 3.3017 | Train C-index: 0.8465 | Val Loss: 4.8155 | Val C-index: 0.7186
Epoch 11/50 | Train Loss: 3.4379 | Train C-index: 0.8711 | Val Loss: 4.5339 | Val C-index: 0.7198
Epoch 12/50 | Train Loss: 3.4013 | Train C-index: 0.8808 | Val Loss: 4.5235 | Val C-index: 0.7383
Epoch 13/50 | Train Loss: 3.2332 | Train C-index: 0.8936 | Val Loss: 4.5631 | Val C-index: 0.7295
Epoch 14/50 | Train Loss: 3.1058 | Train C-index: 0.9065 | Val Loss: 4.8024 | Val C-index: 0.7101
Epoch 15/50 | Train Loss: 3.0929 | Train C-index: 0.9145 | Val Loss: 4.7601 | Val C-index: 0.7088
Epoch 16/50 | Train Loss: 3.0048 | Train C-index: 0.9214 | Val Loss: 4.9305 | Val C-index: 0.6992
Epoch 17/50 | Train Loss: 2.8304 | Train C-index: 0.9306 | Val Loss: 5.2286 | Val C-index: 0.7053
Epoch 18/50 | Train Loss: 2.7344 | Train C-index: 0.9395 | Val Loss: 5.1345 | Val C-index: 0.7091
Epoch 19/50 | Train Loss: 2.6574 | Train C-index: 0.9391 | Val Loss: 5.2656 | Val C-index: 0.6945
Epoch 20/50 | Train Loss: 2.6587 | Train C-index: 0.9382 | Val Loss: 5.3813 | Val C-index: 0.7030
Epoch 21/50 | Train Loss: 2.7095 | Train C-index: 0.9460 | Val Loss: 5.1522 | Val C-index: 0.7071
Epoch 22/50 | Train Loss: 2.5649 | Train C-index: 0.9491 | Val Loss: 5.2326 | Val C-index: 0.7091
Early stopping at epoch 22
Fold 2 final C-index: 0.7383

Extra survival metrics:
cutoff_from_train_median: -0.554867
n_test: 169
n_high_risk: 84
n_low_risk: 85
n_event_test: 65
logrank_stat: 31.550851
logrank_p: 0.000000
auc_36m: 0.814287
auc_60m: 0.742285
mean_auc: 0.800082
HR_high_vs_low: 4.560097
HR_95CI_lower: 2.553263
HR_95CI_upper: 8.144279
cox_p: 0.000000

==================================================
Fold 4/5
==================================================
Epoch 1/50 | Train Loss: 4.0805 | Train C-index: 0.7536 | Val Loss: 4.5598 | Val C-index: 0.7098
Epoch 2/50 | Train Loss: 3.9239 | Train C-index: 0.7732 | Val Loss: 4.5335 | Val C-index: 0.7165
Epoch 3/50 | Train Loss: 3.8636 | Train C-index: 0.7831 | Val Loss: 4.5902 | Val C-index: 0.6995
Epoch 4/50 | Train Loss: 3.7947 | Train C-index: 0.7941 | Val Loss: 4.6350 | Val C-index: 0.7145
Epoch 5/50 | Train Loss: 3.7206 | Train C-index: 0.8107 | Val Loss: 4.6899 | Val C-index: 0.6804
Epoch 6/50 | Train Loss: 3.6568 | Train C-index: 0.8242 | Val Loss: 4.8019 | Val C-index: 0.6670
Epoch 7/50 | Train Loss: 3.6407 | Train C-index: 0.8185 | Val Loss: 4.8164 | Val C-index: 0.7112
Epoch 8/50 | Train Loss: 3.6082 | Train C-index: 0.8400 | Val Loss: 4.8149 | Val C-index: 0.6861
Epoch 9/50 | Train Loss: 3.5074 | Train C-index: 0.8397 | Val Loss: 4.8658 | Val C-index: 0.6929
Epoch 10/50 | Train Loss: 3.3670 | Train C-index: 0.8579 | Val Loss: 4.9198 | Val C-index: 0.6689
Epoch 11/50 | Train Loss: 3.3145 | Train C-index: 0.8761 | Val Loss: 5.1162 | Val C-index: 0.6801
Epoch 12/50 | Train Loss: 3.2040 | Train C-index: 0.8887 | Val Loss: 5.1935 | Val C-index: 0.6817
Early stopping at epoch 12
Fold 3 final C-index: 0.7165

Extra survival metrics:
cutoff_from_train_median: 0.786880
n_test: 168
n_high_risk: 92
n_low_risk: 76
n_event_test: 65
logrank_stat: 26.529263
logrank_p: 0.000000
auc_36m: 0.740379
auc_60m: 0.799495
mean_auc: 0.756275
HR_high_vs_low: 4.204068
HR_95CI_lower: 2.322096
HR_95CI_upper: 7.611307
cox_p: 0.000002

==================================================
Fold 5/5
==================================================
Epoch 1/50 | Train Loss: 4.1498 | Train C-index: 0.7619 | Val Loss: 4.4249 | Val C-index: 0.7268
Epoch 2/50 | Train Loss: 3.8776 | Train C-index: 0.7750 | Val Loss: 4.3476 | Val C-index: 0.7348
Epoch 3/50 | Train Loss: 3.8024 | Train C-index: 0.7851 | Val Loss: 4.3360 | Val C-index: 0.7441
Epoch 4/50 | Train Loss: 3.7520 | Train C-index: 0.7974 | Val Loss: 4.3163 | Val C-index: 0.7470
Epoch 5/50 | Train Loss: 3.7394 | Train C-index: 0.8158 | Val Loss: 4.3894 | Val C-index: 0.7412
Epoch 6/50 | Train Loss: 3.6532 | Train C-index: 0.8277 | Val Loss: 4.4307 | Val C-index: 0.7237
Epoch 7/50 | Train Loss: 3.5895 | Train C-index: 0.8415 | Val Loss: 4.4497 | Val C-index: 0.7304
Epoch 8/50 | Train Loss: 3.5482 | Train C-index: 0.8501 | Val Loss: 4.5630 | Val C-index: 0.7264
Epoch 9/50 | Train Loss: 3.3974 | Train C-index: 0.8676 | Val Loss: 4.7028 | Val C-index: 0.7077
Epoch 10/50 | Train Loss: 3.2793 | Train C-index: 0.8881 | Val Loss: 4.8704 | Val C-index: 0.7030
Epoch 11/50 | Train Loss: 3.2529 | Train C-index: 0.8932 | Val Loss: 4.9155 | Val C-index: 0.6948
Epoch 12/50 | Train Loss: 3.1801 | Train C-index: 0.9080 | Val Loss: 5.1892 | Val C-index: 0.6997
Epoch 13/50 | Train Loss: 3.1037 | Train C-index: 0.9075 | Val Loss: 4.8895 | Val C-index: 0.6873
Epoch 14/50 | Train Loss: 2.9760 | Train C-index: 0.9050 | Val Loss: 5.3015 | Val C-index: 0.7058
Early stopping at epoch 14
Fold 4 final C-index: 0.7470

Extra survival metrics:
cutoff_from_train_median: -0.067372
n_test: 168
n_high_risk: 68
n_low_risk: 100
n_event_test: 65
logrank_stat: 31.011921
logrank_p: 0.000000
auc_36m: 0.806684
auc_60m: 0.801106
mean_auc: 0.805239
HR_high_vs_low: 3.816805
HR_95CI_lower: 2.301841
HR_95CI_upper: 6.328847
cox_p: 0.000000

==================================================
5-Fold CV Summary
==================================================
  C-index: 0.7402 +/- 0.0187
