Using Device: cuda
Model: abmil-cox-topk | k: 512
Checkpoints: /home/gly001/cqj/pa_ct_surv/experiments/single_modal_path/best3/checkpoints
Results:     /home/gly001/cqj/pa_ct_surv/experiments/single_modal_path/best3/results
Loaded 843 samples

==================================================
Fold 1/5
==================================================
Epoch 1/50 | Train Loss: 4.2002 | Train C-index: 0.6950 | Val Loss: 4.4142 | Val C-index: 0.6910
Epoch 2/50 | Train Loss: 4.0720 | Train C-index: 0.7151 | Val Loss: 4.3769 | Val C-index: 0.7091
Epoch 3/50 | Train Loss: 3.9710 | Train C-index: 0.7378 | Val Loss: 4.3196 | Val C-index: 0.7312
Epoch 4/50 | Train Loss: 4.0035 | Train C-index: 0.7563 | Val Loss: 4.2750 | Val C-index: 0.7458
Epoch 5/50 | Train Loss: 3.9479 | Train C-index: 0.7694 | Val Loss: 4.2566 | Val C-index: 0.7521
Epoch 6/50 | Train Loss: 3.9135 | Train C-index: 0.7769 | Val Loss: 4.2569 | Val C-index: 0.7484
Epoch 7/50 | Train Loss: 3.8152 | Train C-index: 0.7827 | Val Loss: 4.2603 | Val C-index: 0.7473
Epoch 8/50 | Train Loss: 3.8414 | Train C-index: 0.7891 | Val Loss: 4.2290 | Val C-index: 0.7549
Epoch 9/50 | Train Loss: 3.7563 | Train C-index: 0.7955 | Val Loss: 4.2197 | Val C-index: 0.7594
Epoch 10/50 | Train Loss: 3.7650 | Train C-index: 0.8009 | Val Loss: 4.2090 | Val C-index: 0.7625
Epoch 11/50 | Train Loss: 3.6789 | Train C-index: 0.8052 | Val Loss: 4.2266 | Val C-index: 0.7608
Epoch 12/50 | Train Loss: 3.6496 | Train C-index: 0.8130 | Val Loss: 4.2198 | Val C-index: 0.7633
Epoch 13/50 | Train Loss: 3.7019 | Train C-index: 0.8193 | Val Loss: 4.2070 | Val C-index: 0.7658
Epoch 14/50 | Train Loss: 3.7173 | Train C-index: 0.8236 | Val Loss: 4.1953 | Val C-index: 0.7692
Epoch 15/50 | Train Loss: 3.5651 | Train C-index: 0.8284 | Val Loss: 4.1695 | Val C-index: 0.7743
Epoch 16/50 | Train Loss: 3.5819 | Train C-index: 0.8256 | Val Loss: 4.1991 | Val C-index: 0.7705
Epoch 17/50 | Train Loss: 3.5619 | Train C-index: 0.8331 | Val Loss: 4.2670 | Val C-index: 0.7717
Epoch 18/50 | Train Loss: 3.6040 | Train C-index: 0.8413 | Val Loss: 4.1965 | Val C-index: 0.7764
Epoch 19/50 | Train Loss: 3.5614 | Train C-index: 0.8469 | Val Loss: 4.1908 | Val C-index: 0.7732
Epoch 20/50 | Train Loss: 3.4920 | Train C-index: 0.8531 | Val Loss: 4.2399 | Val C-index: 0.7662
Epoch 21/50 | Train Loss: 3.4492 | Train C-index: 0.8552 | Val Loss: 4.2328 | Val C-index: 0.7639
Epoch 22/50 | Train Loss: 3.4703 | Train C-index: 0.8579 | Val Loss: 4.2435 | Val C-index: 0.7641
Epoch 23/50 | Train Loss: 3.4457 | Train C-index: 0.8615 | Val Loss: 4.2167 | Val C-index: 0.7688
Epoch 24/50 | Train Loss: 3.3238 | Train C-index: 0.8684 | Val Loss: 4.2396 | Val C-index: 0.7629
Epoch 25/50 | Train Loss: 3.3446 | Train C-index: 0.8702 | Val Loss: 4.3139 | Val C-index: 0.7548
Epoch 26/50 | Train Loss: 3.3839 | Train C-index: 0.8725 | Val Loss: 4.3339 | Val C-index: 0.7567
Epoch 27/50 | Train Loss: 3.3476 | Train C-index: 0.8764 | Val Loss: 4.3613 | Val C-index: 0.7535
Epoch 28/50 | Train Loss: 3.2787 | Train C-index: 0.8788 | Val Loss: 4.3329 | Val C-index: 0.7559
Early stopping at epoch 28
Fold 0 final C-index: 0.7764

Extra survival metrics:
cutoff_from_train_median: -1.029602
n_test: 169
n_high_risk: 92
n_low_risk: 77
n_event_test: 65
logrank_stat: 46.889000
logrank_p: 0.000000
auc_36m: 0.816600
auc_60m: 0.779514
mean_auc: 0.806120
HR_high_vs_low: 10.629729
HR_95CI_lower: 4.581444
HR_95CI_upper: 24.662780
cox_p: 0.000000

==================================================
Fold 2/5
==================================================
Epoch 1/50 | Train Loss: 4.1459 | Train C-index: 0.6939 | Val Loss: 4.5882 | Val C-index: 0.6815
Epoch 2/50 | Train Loss: 3.9696 | Train C-index: 0.7405 | Val Loss: 4.5620 | Val C-index: 0.7073
Epoch 3/50 | Train Loss: 3.9915 | Train C-index: 0.7531 | Val Loss: 4.6173 | Val C-index: 0.6865
Epoch 4/50 | Train Loss: 3.8474 | Train C-index: 0.7654 | Val Loss: 4.5554 | Val C-index: 0.7013
Epoch 5/50 | Train Loss: 3.8052 | Train C-index: 0.7777 | Val Loss: 4.5354 | Val C-index: 0.7125
Epoch 6/50 | Train Loss: 3.8183 | Train C-index: 0.7857 | Val Loss: 4.5456 | Val C-index: 0.7181
Epoch 7/50 | Train Loss: 3.7592 | Train C-index: 0.7909 | Val Loss: 4.5587 | Val C-index: 0.7214
Epoch 8/50 | Train Loss: 3.7284 | Train C-index: 0.7981 | Val Loss: 4.5361 | Val C-index: 0.7198
Epoch 9/50 | Train Loss: 3.6949 | Train C-index: 0.8034 | Val Loss: 4.5482 | Val C-index: 0.7190
Epoch 10/50 | Train Loss: 3.6674 | Train C-index: 0.8076 | Val Loss: 4.5684 | Val C-index: 0.7207
Epoch 11/50 | Train Loss: 3.7129 | Train C-index: 0.8135 | Val Loss: 4.5674 | Val C-index: 0.7210
Epoch 12/50 | Train Loss: 3.6753 | Train C-index: 0.8184 | Val Loss: 4.5456 | Val C-index: 0.7233
Epoch 13/50 | Train Loss: 3.5857 | Train C-index: 0.8227 | Val Loss: 4.5716 | Val C-index: 0.7212
Epoch 14/50 | Train Loss: 3.5828 | Train C-index: 0.8274 | Val Loss: 4.5816 | Val C-index: 0.7245
Epoch 15/50 | Train Loss: 3.5686 | Train C-index: 0.8318 | Val Loss: 4.5990 | Val C-index: 0.7156
Epoch 16/50 | Train Loss: 3.4538 | Train C-index: 0.8355 | Val Loss: 4.6468 | Val C-index: 0.7129
Epoch 17/50 | Train Loss: 3.4385 | Train C-index: 0.8376 | Val Loss: 4.7169 | Val C-index: 0.7137
Epoch 18/50 | Train Loss: 3.5330 | Train C-index: 0.8439 | Val Loss: 4.6610 | Val C-index: 0.7160
Epoch 19/50 | Train Loss: 3.4808 | Train C-index: 0.8490 | Val Loss: 4.6283 | Val C-index: 0.7180
Epoch 20/50 | Train Loss: 3.4025 | Train C-index: 0.8534 | Val Loss: 4.6857 | Val C-index: 0.7108
Epoch 21/50 | Train Loss: 3.3906 | Train C-index: 0.8564 | Val Loss: 4.7122 | Val C-index: 0.7095
Epoch 22/50 | Train Loss: 3.3343 | Train C-index: 0.8588 | Val Loss: 4.6992 | Val C-index: 0.7127
Epoch 23/50 | Train Loss: 3.3483 | Train C-index: 0.8625 | Val Loss: 4.7301 | Val C-index: 0.7164
Epoch 24/50 | Train Loss: 3.3853 | Train C-index: 0.8652 | Val Loss: 4.7712 | Val C-index: 0.7117
Early stopping at epoch 24
Fold 1 final C-index: 0.7245

Extra survival metrics:
cutoff_from_train_median: -0.154778
n_test: 169
n_high_risk: 83
n_low_risk: 86
n_event_test: 65
logrank_stat: 22.097155
logrank_p: 0.000003
auc_36m: 0.757904
auc_60m: 0.727244
mean_auc: 0.750427
HR_high_vs_low: 3.420584
HR_95CI_lower: 1.982511
HR_95CI_upper: 5.901805
cox_p: 0.000010

==================================================
Fold 3/5
==================================================
Epoch 1/50 | Train Loss: 4.1815 | Train C-index: 0.7078 | Val Loss: 4.5958 | Val C-index: 0.6862
Epoch 2/50 | Train Loss: 4.0445 | Train C-index: 0.7370 | Val Loss: 4.5508 | Val C-index: 0.7152
Epoch 3/50 | Train Loss: 3.9428 | Train C-index: 0.7497 | Val Loss: 4.5231 | Val C-index: 0.7197
Epoch 4/50 | Train Loss: 3.8538 | Train C-index: 0.7651 | Val Loss: 4.4847 | Val C-index: 0.7239
Epoch 5/50 | Train Loss: 3.8789 | Train C-index: 0.7782 | Val Loss: 4.4608 | Val C-index: 0.7300
Epoch 6/50 | Train Loss: 3.8048 | Train C-index: 0.7850 | Val Loss: 4.4564 | Val C-index: 0.7315
Epoch 7/50 | Train Loss: 3.7411 | Train C-index: 0.7945 | Val Loss: 4.4563 | Val C-index: 0.7303
Epoch 8/50 | Train Loss: 3.7450 | Train C-index: 0.8014 | Val Loss: 4.4691 | Val C-index: 0.7293
Epoch 9/50 | Train Loss: 3.6878 | Train C-index: 0.8066 | Val Loss: 4.4905 | Val C-index: 0.7287
Epoch 10/50 | Train Loss: 3.6840 | Train C-index: 0.8122 | Val Loss: 4.4905 | Val C-index: 0.7268
Epoch 11/50 | Train Loss: 3.6083 | Train C-index: 0.8179 | Val Loss: 4.4836 | Val C-index: 0.7288
Epoch 12/50 | Train Loss: 3.5988 | Train C-index: 0.8248 | Val Loss: 4.4880 | Val C-index: 0.7277
Epoch 13/50 | Train Loss: 3.6263 | Train C-index: 0.8261 | Val Loss: 4.4987 | Val C-index: 0.7249
Epoch 14/50 | Train Loss: 3.5458 | Train C-index: 0.8305 | Val Loss: 4.5078 | Val C-index: 0.7337
Epoch 15/50 | Train Loss: 3.5622 | Train C-index: 0.8370 | Val Loss: 4.5215 | Val C-index: 0.7293
Epoch 16/50 | Train Loss: 3.4519 | Train C-index: 0.8410 | Val Loss: 4.5705 | Val C-index: 0.7099
Epoch 17/50 | Train Loss: 3.4460 | Train C-index: 0.8464 | Val Loss: 4.5854 | Val C-index: 0.7137
Epoch 18/50 | Train Loss: 3.5191 | Train C-index: 0.8486 | Val Loss: 4.6091 | Val C-index: 0.7183
Epoch 19/50 | Train Loss: 3.4523 | Train C-index: 0.8520 | Val Loss: 4.5973 | Val C-index: 0.7168
Epoch 20/50 | Train Loss: 3.4120 | Train C-index: 0.8607 | Val Loss: 4.5678 | Val C-index: 0.7196
Epoch 21/50 | Train Loss: 3.3448 | Train C-index: 0.8649 | Val Loss: 4.6334 | Val C-index: 0.7074
Epoch 22/50 | Train Loss: 3.3284 | Train C-index: 0.8681 | Val Loss: 4.6672 | Val C-index: 0.7125
Epoch 23/50 | Train Loss: 3.2587 | Train C-index: 0.8721 | Val Loss: 4.6810 | Val C-index: 0.7154
Epoch 24/50 | Train Loss: 3.3321 | Train C-index: 0.8757 | Val Loss: 4.6763 | Val C-index: 0.7114
Early stopping at epoch 24
Fold 2 final C-index: 0.7337

Extra survival metrics:
cutoff_from_train_median: -0.849898
n_test: 169
n_high_risk: 92
n_low_risk: 77
n_event_test: 65
logrank_stat: 30.864259
logrank_p: 0.000000
auc_36m: 0.790649
auc_60m: 0.725802
mean_auc: 0.777855
HR_high_vs_low: 5.008335
HR_95CI_lower: 2.666815
HR_95CI_upper: 9.405760
cox_p: 0.000001

==================================================
Fold 4/5
==================================================
Epoch 1/50 | Train Loss: 4.2131 | Train C-index: 0.6884 | Val Loss: 4.6841 | Val C-index: 0.6608
Epoch 2/50 | Train Loss: 4.1042 | Train C-index: 0.7248 | Val Loss: 4.5824 | Val C-index: 0.7031
Epoch 3/50 | Train Loss: 3.9468 | Train C-index: 0.7396 | Val Loss: 4.5066 | Val C-index: 0.7174
Epoch 4/50 | Train Loss: 4.0020 | Train C-index: 0.7507 | Val Loss: 4.4935 | Val C-index: 0.7200
Epoch 5/50 | Train Loss: 3.8625 | Train C-index: 0.7620 | Val Loss: 4.4889 | Val C-index: 0.7198
Epoch 6/50 | Train Loss: 3.8534 | Train C-index: 0.7733 | Val Loss: 4.4878 | Val C-index: 0.7221
Epoch 7/50 | Train Loss: 3.8070 | Train C-index: 0.7811 | Val Loss: 4.4858 | Val C-index: 0.7239
Epoch 8/50 | Train Loss: 3.7695 | Train C-index: 0.7865 | Val Loss: 4.4818 | Val C-index: 0.7238
Epoch 9/50 | Train Loss: 3.7256 | Train C-index: 0.7929 | Val Loss: 4.4989 | Val C-index: 0.7224
Epoch 10/50 | Train Loss: 3.7522 | Train C-index: 0.7979 | Val Loss: 4.5268 | Val C-index: 0.7172
Epoch 11/50 | Train Loss: 3.7076 | Train C-index: 0.8040 | Val Loss: 4.5520 | Val C-index: 0.7122
Epoch 12/50 | Train Loss: 3.6353 | Train C-index: 0.8094 | Val Loss: 4.5572 | Val C-index: 0.7138
Epoch 13/50 | Train Loss: 3.6247 | Train C-index: 0.8144 | Val Loss: 4.5820 | Val C-index: 0.7154
Epoch 14/50 | Train Loss: 3.6015 | Train C-index: 0.8187 | Val Loss: 4.5924 | Val C-index: 0.7146
Epoch 15/50 | Train Loss: 3.5903 | Train C-index: 0.8213 | Val Loss: 4.5880 | Val C-index: 0.7170
Epoch 16/50 | Train Loss: 3.6101 | Train C-index: 0.8287 | Val Loss: 4.5993 | Val C-index: 0.7169
Epoch 17/50 | Train Loss: 3.5268 | Train C-index: 0.8347 | Val Loss: 4.6256 | Val C-index: 0.7146
Early stopping at epoch 17
Fold 3 final C-index: 0.7239

Extra survival metrics:
cutoff_from_train_median: 0.224737
n_test: 168
n_high_risk: 90
n_low_risk: 78
n_event_test: 65
logrank_stat: 32.724385
logrank_p: 0.000000
auc_36m: 0.749501
auc_60m: 0.803755
mean_auc: 0.764089
HR_high_vs_low: 4.994596
HR_95CI_lower: 2.712436
HR_95CI_upper: 9.196895
cox_p: 0.000000

==================================================
Fold 5/5
==================================================
Epoch 1/50 | Train Loss: 4.1976 | Train C-index: 0.7290 | Val Loss: 4.4534 | Val C-index: 0.7038
Epoch 2/50 | Train Loss: 4.0039 | Train C-index: 0.7456 | Val Loss: 4.4473 | Val C-index: 0.7108
Epoch 3/50 | Train Loss: 3.9250 | Train C-index: 0.7583 | Val Loss: 4.4385 | Val C-index: 0.7188
Epoch 4/50 | Train Loss: 3.9204 | Train C-index: 0.7687 | Val Loss: 4.4191 | Val C-index: 0.7271
Epoch 5/50 | Train Loss: 3.7666 | Train C-index: 0.7775 | Val Loss: 4.4054 | Val C-index: 0.7303
Epoch 6/50 | Train Loss: 3.8144 | Train C-index: 0.7852 | Val Loss: 4.3979 | Val C-index: 0.7320
Epoch 7/50 | Train Loss: 3.7904 | Train C-index: 0.7905 | Val Loss: 4.3955 | Val C-index: 0.7356
Epoch 8/50 | Train Loss: 3.7394 | Train C-index: 0.7956 | Val Loss: 4.3916 | Val C-index: 0.7366
Epoch 9/50 | Train Loss: 3.7639 | Train C-index: 0.8000 | Val Loss: 4.3994 | Val C-index: 0.7340
Epoch 10/50 | Train Loss: 3.7673 | Train C-index: 0.8049 | Val Loss: 4.4066 | Val C-index: 0.7327
Epoch 11/50 | Train Loss: 3.6865 | Train C-index: 0.8111 | Val Loss: 4.4083 | Val C-index: 0.7346
Epoch 12/50 | Train Loss: 3.6820 | Train C-index: 0.8162 | Val Loss: 4.4225 | Val C-index: 0.7346
Epoch 13/50 | Train Loss: 3.6573 | Train C-index: 0.8195 | Val Loss: 4.4346 | Val C-index: 0.7291
Epoch 14/50 | Train Loss: 3.5991 | Train C-index: 0.8250 | Val Loss: 4.4381 | Val C-index: 0.7283
Epoch 15/50 | Train Loss: 3.5256 | Train C-index: 0.8283 | Val Loss: 4.4530 | Val C-index: 0.7307
Epoch 16/50 | Train Loss: 3.5570 | Train C-index: 0.8295 | Val Loss: 4.4560 | Val C-index: 0.7312
Epoch 17/50 | Train Loss: 3.5088 | Train C-index: 0.8358 | Val Loss: 4.4687 | Val C-index: 0.7309
Epoch 18/50 | Train Loss: 3.5316 | Train C-index: 0.8418 | Val Loss: 4.4845 | Val C-index: 0.7269
Early stopping at epoch 18
Fold 4 final C-index: 0.7366

Extra survival metrics:
cutoff_from_train_median: 0.218371
n_test: 168
n_high_risk: 69
n_low_risk: 99
n_event_test: 65
logrank_stat: 23.162689
logrank_p: 0.000001
auc_36m: 0.800317
auc_60m: 0.786562
mean_auc: 0.796755
HR_high_vs_low: 3.197457
HR_95CI_lower: 1.940621
HR_95CI_upper: 5.268277
cox_p: 0.000005

==================================================
5-Fold CV Summary
==================================================
  C-index: 0.7390 +/- 0.0216
