Using Device: cuda
Model: abmil-cox-topk | k: 128
Checkpoints: /home/gly001/cqj/pa_ct_surv/experiments/single_modal_path/best/checkpoints
Results:     /home/gly001/cqj/pa_ct_surv/experiments/single_modal_path/best/results
Loaded 843 samples

==================================================
Fold 1/5
==================================================
Epoch 1/50 | Train Loss: 4.2303 | Train C-index: 0.7224 | Val Loss: 4.4484 | Val C-index: 0.7065
Epoch 2/50 | Train Loss: 4.0548 | Train C-index: 0.7550 | Val Loss: 4.3039 | Val C-index: 0.7442
Epoch 3/50 | Train Loss: 3.9550 | Train C-index: 0.7686 | Val Loss: 4.2353 | Val C-index: 0.7594
Epoch 4/50 | Train Loss: 3.8160 | Train C-index: 0.7823 | Val Loss: 4.3109 | Val C-index: 0.7394
Epoch 5/50 | Train Loss: 3.8341 | Train C-index: 0.7934 | Val Loss: 4.2368 | Val C-index: 0.7559
Epoch 6/50 | Train Loss: 3.7309 | Train C-index: 0.8011 | Val Loss: 4.2299 | Val C-index: 0.7619
Epoch 7/50 | Train Loss: 3.6667 | Train C-index: 0.8035 | Val Loss: 4.3871 | Val C-index: 0.7415
Epoch 8/50 | Train Loss: 3.6542 | Train C-index: 0.8180 | Val Loss: 4.1894 | Val C-index: 0.7563
Epoch 9/50 | Train Loss: 3.6232 | Train C-index: 0.8194 | Val Loss: 4.1661 | Val C-index: 0.7666
Epoch 10/50 | Train Loss: 3.6483 | Train C-index: 0.8375 | Val Loss: 4.2051 | Val C-index: 0.7614
Epoch 11/50 | Train Loss: 3.5583 | Train C-index: 0.8494 | Val Loss: 4.3330 | Val C-index: 0.7540
Epoch 12/50 | Train Loss: 3.3873 | Train C-index: 0.8562 | Val Loss: 4.3421 | Val C-index: 0.7454
Epoch 13/50 | Train Loss: 3.4738 | Train C-index: 0.8710 | Val Loss: 4.3402 | Val C-index: 0.7543
Epoch 14/50 | Train Loss: 3.2831 | Train C-index: 0.8748 | Val Loss: 4.3457 | Val C-index: 0.7666
Epoch 15/50 | Train Loss: 3.2828 | Train C-index: 0.8914 | Val Loss: 4.5252 | Val C-index: 0.7368
Epoch 16/50 | Train Loss: 3.1633 | Train C-index: 0.9060 | Val Loss: 4.5954 | Val C-index: 0.7442
Epoch 17/50 | Train Loss: 3.0702 | Train C-index: 0.9159 | Val Loss: 4.5886 | Val C-index: 0.7506
Epoch 18/50 | Train Loss: 3.1001 | Train C-index: 0.9191 | Val Loss: 4.7970 | Val C-index: 0.7270
Epoch 19/50 | Train Loss: 2.9102 | Train C-index: 0.9277 | Val Loss: 4.7963 | Val C-index: 0.7361
Early stopping at epoch 19
Fold 0 final C-index: 0.7666

Extra survival metrics:
cutoff_from_train_median: 0.328596
n_test: 169
n_high_risk: 94
n_low_risk: 75
n_event_test: 65
logrank_stat: 32.129988
logrank_p: 0.000000
auc_36m: 0.805518
auc_60m: 0.776916
mean_auc: 0.797435
HR_high_vs_low: 6.026193
HR_95CI_lower: 2.975081
HR_95CI_upper: 12.206390
cox_p: 0.000001

==================================================
Fold 2/5
==================================================
Epoch 1/50 | Train Loss: 4.1259 | Train C-index: 0.6920 | Val Loss: 4.5942 | Val C-index: 0.6698
Epoch 2/50 | Train Loss: 3.9441 | Train C-index: 0.7651 | Val Loss: 4.6741 | Val C-index: 0.6745
Epoch 3/50 | Train Loss: 3.8607 | Train C-index: 0.7893 | Val Loss: 4.5468 | Val C-index: 0.6938
Epoch 4/50 | Train Loss: 3.7493 | Train C-index: 0.7991 | Val Loss: 4.5629 | Val C-index: 0.7068
Epoch 5/50 | Train Loss: 3.6603 | Train C-index: 0.8027 | Val Loss: 4.5651 | Val C-index: 0.7032
Epoch 6/50 | Train Loss: 3.6571 | Train C-index: 0.8219 | Val Loss: 4.6875 | Val C-index: 0.6835
Epoch 7/50 | Train Loss: 3.5122 | Train C-index: 0.8333 | Val Loss: 4.6173 | Val C-index: 0.7009
Epoch 8/50 | Train Loss: 3.5193 | Train C-index: 0.8292 | Val Loss: 4.6610 | Val C-index: 0.7016
Epoch 9/50 | Train Loss: 3.5051 | Train C-index: 0.8441 | Val Loss: 4.8100 | Val C-index: 0.6793
Epoch 10/50 | Train Loss: 3.4100 | Train C-index: 0.8600 | Val Loss: 4.6376 | Val C-index: 0.7073
Epoch 11/50 | Train Loss: 3.4231 | Train C-index: 0.8628 | Val Loss: 4.6893 | Val C-index: 0.7049
Epoch 12/50 | Train Loss: 3.2702 | Train C-index: 0.8827 | Val Loss: 4.7784 | Val C-index: 0.7169
Epoch 13/50 | Train Loss: 3.1326 | Train C-index: 0.8933 | Val Loss: 5.0721 | Val C-index: 0.6782
Epoch 14/50 | Train Loss: 3.0893 | Train C-index: 0.8980 | Val Loss: 4.9208 | Val C-index: 0.6843
Epoch 15/50 | Train Loss: 2.9981 | Train C-index: 0.9140 | Val Loss: 5.1873 | Val C-index: 0.6779
Epoch 16/50 | Train Loss: 3.0432 | Train C-index: 0.9076 | Val Loss: 4.9381 | Val C-index: 0.6591
Epoch 17/50 | Train Loss: 3.0891 | Train C-index: 0.9136 | Val Loss: 5.2240 | Val C-index: 0.6489
Epoch 18/50 | Train Loss: 2.9229 | Train C-index: 0.9255 | Val Loss: 5.2850 | Val C-index: 0.6708
Epoch 19/50 | Train Loss: 2.8674 | Train C-index: 0.9277 | Val Loss: 5.1366 | Val C-index: 0.7004
Epoch 20/50 | Train Loss: 2.8496 | Train C-index: 0.9269 | Val Loss: 5.1990 | Val C-index: 0.6407
Epoch 21/50 | Train Loss: 2.7505 | Train C-index: 0.9333 | Val Loss: 5.5487 | Val C-index: 0.6865
Epoch 22/50 | Train Loss: 2.6422 | Train C-index: 0.9420 | Val Loss: 5.5517 | Val C-index: 0.6695
Early stopping at epoch 22
Fold 1 final C-index: 0.7169

Extra survival metrics:
cutoff_from_train_median: -1.610772
n_test: 169
n_high_risk: 89
n_low_risk: 80
n_event_test: 65
logrank_stat: 26.793989
logrank_p: 0.000000
auc_36m: 0.738512
auc_60m: 0.702607
mean_auc: 0.729755
HR_high_vs_low: 4.225823
HR_95CI_lower: 2.334285
HR_95CI_upper: 7.650128
cox_p: 0.000002

==================================================
Fold 3/5
==================================================
Epoch 1/50 | Train Loss: 4.1697 | Train C-index: 0.7056 | Val Loss: 4.5585 | Val C-index: 0.6983
Epoch 2/50 | Train Loss: 3.9847 | Train C-index: 0.7571 | Val Loss: 4.4792 | Val C-index: 0.7294
Epoch 3/50 | Train Loss: 3.8859 | Train C-index: 0.7814 | Val Loss: 4.4544 | Val C-index: 0.7438
Epoch 4/50 | Train Loss: 3.8029 | Train C-index: 0.7780 | Val Loss: 4.6059 | Val C-index: 0.7277
Epoch 5/50 | Train Loss: 3.7113 | Train C-index: 0.8017 | Val Loss: 4.4162 | Val C-index: 0.7453
Epoch 6/50 | Train Loss: 3.6875 | Train C-index: 0.8194 | Val Loss: 4.5851 | Val C-index: 0.7167
Epoch 7/50 | Train Loss: 3.6504 | Train C-index: 0.8256 | Val Loss: 4.5380 | Val C-index: 0.7304
Epoch 8/50 | Train Loss: 3.5329 | Train C-index: 0.8420 | Val Loss: 4.4987 | Val C-index: 0.7339
Epoch 9/50 | Train Loss: 3.4711 | Train C-index: 0.8497 | Val Loss: 4.7254 | Val C-index: 0.7072
Epoch 10/50 | Train Loss: 3.3957 | Train C-index: 0.8668 | Val Loss: 4.7478 | Val C-index: 0.7206
Epoch 11/50 | Train Loss: 3.3010 | Train C-index: 0.8836 | Val Loss: 4.6075 | Val C-index: 0.7272
Epoch 12/50 | Train Loss: 3.1987 | Train C-index: 0.8971 | Val Loss: 4.8186 | Val C-index: 0.7223
Epoch 13/50 | Train Loss: 3.0845 | Train C-index: 0.9109 | Val Loss: 4.8351 | Val C-index: 0.7123
Epoch 14/50 | Train Loss: 2.9518 | Train C-index: 0.9139 | Val Loss: 5.1301 | Val C-index: 0.7148
Epoch 15/50 | Train Loss: 2.9222 | Train C-index: 0.9256 | Val Loss: 5.0541 | Val C-index: 0.7009
Early stopping at epoch 15
Fold 2 final C-index: 0.7453

Extra survival metrics:
cutoff_from_train_median: 0.513959
n_test: 169
n_high_risk: 91
n_low_risk: 78
n_event_test: 65
logrank_stat: 25.051591
logrank_p: 0.000001
auc_36m: 0.810643
auc_60m: 0.751055
mean_auc: 0.798886
HR_high_vs_low: 4.075667
HR_95CI_lower: 2.247058
HR_95CI_upper: 7.392362
cox_p: 0.000004

==================================================
Fold 4/5
==================================================
Epoch 1/50 | Train Loss: 4.0239 | Train C-index: 0.7538 | Val Loss: 4.4186 | Val C-index: 0.7426
Epoch 2/50 | Train Loss: 3.8934 | Train C-index: 0.7857 | Val Loss: 4.4413 | Val C-index: 0.7311
Epoch 3/50 | Train Loss: 3.7711 | Train C-index: 0.7966 | Val Loss: 4.4666 | Val C-index: 0.7347
Epoch 4/50 | Train Loss: 3.7695 | Train C-index: 0.8080 | Val Loss: 4.4760 | Val C-index: 0.7359
Epoch 5/50 | Train Loss: 3.6691 | Train C-index: 0.8164 | Val Loss: 4.5327 | Val C-index: 0.7061
Epoch 6/50 | Train Loss: 3.5798 | Train C-index: 0.8237 | Val Loss: 4.5147 | Val C-index: 0.7309
Epoch 7/50 | Train Loss: 3.5270 | Train C-index: 0.8273 | Val Loss: 4.8116 | Val C-index: 0.7008
Epoch 8/50 | Train Loss: 3.4834 | Train C-index: 0.8271 | Val Loss: 4.6687 | Val C-index: 0.7083
Epoch 9/50 | Train Loss: 3.4383 | Train C-index: 0.8619 | Val Loss: 4.8383 | Val C-index: 0.6861
Epoch 10/50 | Train Loss: 3.4176 | Train C-index: 0.8707 | Val Loss: 4.7878 | Val C-index: 0.7087
Epoch 11/50 | Train Loss: 3.2591 | Train C-index: 0.8740 | Val Loss: 5.1817 | Val C-index: 0.6628
Early stopping at epoch 11
Fold 3 final C-index: 0.7426

Extra survival metrics:
cutoff_from_train_median: 1.287331
n_test: 168
n_high_risk: 90
n_low_risk: 78
n_event_test: 65
logrank_stat: 39.827795
logrank_p: 0.000000
auc_36m: 0.767256
auc_60m: 0.839670
mean_auc: 0.786727
HR_high_vs_low: 6.002466
HR_95CI_lower: 3.195819
HR_95CI_upper: 11.273980
cox_p: 0.000000

==================================================
Fold 5/5
==================================================
Epoch 1/50 | Train Loss: 4.0515 | Train C-index: 0.7462 | Val Loss: 4.3960 | Val C-index: 0.7251
Epoch 2/50 | Train Loss: 3.9026 | Train C-index: 0.7740 | Val Loss: 4.3880 | Val C-index: 0.7426
Epoch 3/50 | Train Loss: 3.8925 | Train C-index: 0.7852 | Val Loss: 4.3802 | Val C-index: 0.7382
Epoch 4/50 | Train Loss: 3.7489 | Train C-index: 0.8041 | Val Loss: 4.3679 | Val C-index: 0.7442
Epoch 5/50 | Train Loss: 3.6657 | Train C-index: 0.8173 | Val Loss: 4.3671 | Val C-index: 0.7443
Epoch 6/50 | Train Loss: 3.5863 | Train C-index: 0.8239 | Val Loss: 4.3830 | Val C-index: 0.7311
Epoch 7/50 | Train Loss: 3.5981 | Train C-index: 0.8431 | Val Loss: 4.5433 | Val C-index: 0.7330
Epoch 8/50 | Train Loss: 3.5267 | Train C-index: 0.8426 | Val Loss: 4.4350 | Val C-index: 0.7280
Epoch 9/50 | Train Loss: 3.4441 | Train C-index: 0.8626 | Val Loss: 4.5155 | Val C-index: 0.7309
Epoch 10/50 | Train Loss: 3.3619 | Train C-index: 0.8825 | Val Loss: 4.5843 | Val C-index: 0.7297
Epoch 11/50 | Train Loss: 3.2345 | Train C-index: 0.8891 | Val Loss: 4.8233 | Val C-index: 0.7204
Epoch 12/50 | Train Loss: 3.0824 | Train C-index: 0.9014 | Val Loss: 5.0326 | Val C-index: 0.7034
Epoch 13/50 | Train Loss: 3.1432 | Train C-index: 0.9016 | Val Loss: 4.8443 | Val C-index: 0.7212
Epoch 14/50 | Train Loss: 3.0876 | Train C-index: 0.9099 | Val Loss: 5.2236 | Val C-index: 0.7037
Epoch 15/50 | Train Loss: 2.9723 | Train C-index: 0.9210 | Val Loss: 5.1684 | Val C-index: 0.6986
Early stopping at epoch 15
Fold 4 final C-index: 0.7443

Extra survival metrics:
cutoff_from_train_median: -0.128205
n_test: 168
n_high_risk: 72
n_low_risk: 96
n_event_test: 65
logrank_stat: 28.648737
logrank_p: 0.000000
auc_36m: 0.811054
auc_60m: 0.788472
mean_auc: 0.805207
HR_high_vs_low: 3.695387
HR_95CI_lower: 2.216245
HR_95CI_upper: 6.161721
cox_p: 0.000001

==================================================
5-Fold CV Summary
==================================================
  C-index: 0.7431 +/- 0.0177
