Using Device: cuda | ROI size: 64
Model: resnet | Augment: False
Pretrained: /home/gly001/cqj/pa_ct_surv/model/ct_pretrain/resnet_18_23dataset.pth
Checkpoints: /home/gly001/cqj/pa_ct_surv/experiments/single_modal_ct/exp5/checkpoints/bs64
Results:     /home/gly001/cqj/pa_ct_surv/experiments/single_modal_ct/exp5/results/bs64
Loaded 843 samples

==================================================
Fold 1/5
==================================================
[ResNetCox] Loaded pretrained from /home/gly001/cqj/pa_ct_surv/model/ct_pretrain/resnet_18_23dataset.pth
  Missing keys (ok): ['fc.weight', 'fc.bias']
Epoch 1/50 | Train Loss: 3.7566 | Train C-index: 0.6467 | Val Loss: 4.4546 | Val C-index: 0.6625
Epoch 2/50 | Train Loss: 3.6089 | Train C-index: 0.6455 | Val Loss: 4.4612 | Val C-index: 0.6721
Epoch 3/50 | Train Loss: 3.5474 | Train C-index: 0.5830 | Val Loss: 4.5351 | Val C-index: 0.5630
Epoch 4/50 | Train Loss: 3.4548 | Train C-index: 0.7310 | Val Loss: 4.4454 | Val C-index: 0.7210
Epoch 5/50 | Train Loss: 3.4249 | Train C-index: 0.7260 | Val Loss: 4.5389 | Val C-index: 0.7156
Epoch 6/50 | Train Loss: 3.4203 | Train C-index: 0.7740 | Val Loss: 4.3587 | Val C-index: 0.7101
Epoch 7/50 | Train Loss: 3.3078 | Train C-index: 0.7904 | Val Loss: 4.3587 | Val C-index: 0.7053
Epoch 8/50 | Train Loss: 3.4097 | Train C-index: 0.7731 | Val Loss: 4.3885 | Val C-index: 0.7087
Epoch 9/50 | Train Loss: 3.3934 | Train C-index: 0.7596 | Val Loss: 4.4039 | Val C-index: 0.7196
Epoch 10/50 | Train Loss: 3.3400 | Train C-index: 0.7895 | Val Loss: 4.3858 | Val C-index: 0.7086
Epoch 11/50 | Train Loss: 3.2485 | Train C-index: 0.8104 | Val Loss: 4.3533 | Val C-index: 0.7104
Epoch 12/50 | Train Loss: 3.1589 | Train C-index: 0.8250 | Val Loss: 4.4981 | Val C-index: 0.6950
Epoch 13/50 | Train Loss: 3.1239 | Train C-index: 0.8125 | Val Loss: 4.5524 | Val C-index: 0.6484
Epoch 14/50 | Train Loss: 3.0461 | Train C-index: 0.8576 | Val Loss: 4.4418 | Val C-index: 0.7040
Early stopping at epoch 14
Fold 0 final C-index: 0.7210

Extra survival metrics:
cutoff_from_train_median: -0.859084
n_test: 169
n_high_risk: 94
n_low_risk: 75
n_event_test: 65
logrank_stat: 22.576548
logrank_p: 0.000002
auc_36m: 0.752131
auc_60m: 0.703950
mean_auc: 0.738516
HR_high_vs_low: 3.929018
HR_95CI_lower: 2.137147
HR_95CI_upper: 7.223264
cox_p: 0.000011

==================================================
Fold 2/5
==================================================
[ResNetCox] Loaded pretrained from /home/gly001/cqj/pa_ct_surv/model/ct_pretrain/resnet_18_23dataset.pth
  Missing keys (ok): ['fc.weight', 'fc.bias']
Epoch 1/50 | Train Loss: 3.5878 | Train C-index: 0.6747 | Val Loss: 4.5967 | Val C-index: 0.6745
Epoch 2/50 | Train Loss: 3.4867 | Train C-index: 0.6481 | Val Loss: 4.6570 | Val C-index: 0.6627
Epoch 3/50 | Train Loss: 3.4179 | Train C-index: 0.6848 | Val Loss: 4.7313 | Val C-index: 0.6603
Epoch 4/50 | Train Loss: 3.3934 | Train C-index: 0.7208 | Val Loss: 4.5625 | Val C-index: 0.7091
Epoch 5/50 | Train Loss: 3.2945 | Train C-index: 0.7572 | Val Loss: 4.6560 | Val C-index: 0.6784
Epoch 6/50 | Train Loss: 3.4274 | Train C-index: 0.7564 | Val Loss: 4.5904 | Val C-index: 0.7166
Epoch 7/50 | Train Loss: 3.3553 | Train C-index: 0.7611 | Val Loss: 4.9523 | Val C-index: 0.6964
Epoch 8/50 | Train Loss: 3.2791 | Train C-index: 0.7756 | Val Loss: 4.5453 | Val C-index: 0.7151
Epoch 9/50 | Train Loss: 3.2733 | Train C-index: 0.7961 | Val Loss: 4.6370 | Val C-index: 0.6919
Epoch 10/50 | Train Loss: 3.2420 | Train C-index: 0.7982 | Val Loss: 4.6992 | Val C-index: 0.7046
Epoch 11/50 | Train Loss: 3.2136 | Train C-index: 0.8245 | Val Loss: 4.6465 | Val C-index: 0.6868
Epoch 12/50 | Train Loss: 3.1977 | Train C-index: 0.8247 | Val Loss: 4.8095 | Val C-index: 0.6774
Epoch 13/50 | Train Loss: 3.0466 | Train C-index: 0.8131 | Val Loss: 5.1946 | Val C-index: 0.6726
Epoch 14/50 | Train Loss: 3.1644 | Train C-index: 0.8391 | Val Loss: 4.6654 | Val C-index: 0.7068
Epoch 15/50 | Train Loss: 2.9955 | Train C-index: 0.8522 | Val Loss: 4.9207 | Val C-index: 0.6182
Epoch 16/50 | Train Loss: 2.9511 | Train C-index: 0.8197 | Val Loss: 5.0923 | Val C-index: 0.6553
Early stopping at epoch 16
Fold 1 final C-index: 0.7166

Extra survival metrics:
cutoff_from_train_median: 0.136295
n_test: 169
n_high_risk: 85
n_low_risk: 84
n_event_test: 65
logrank_stat: 19.401660
logrank_p: 0.000011
auc_36m: 0.732334
auc_60m: 0.708720
mean_auc: 0.726575
HR_high_vs_low: 3.140480
HR_95CI_lower: 1.835041
HR_95CI_upper: 5.374604
cox_p: 0.000030

==================================================
Fold 3/5
==================================================
[ResNetCox] Loaded pretrained from /home/gly001/cqj/pa_ct_surv/model/ct_pretrain/resnet_18_23dataset.pth
  Missing keys (ok): ['fc.weight', 'fc.bias']
Epoch 1/50 | Train Loss: 3.8272 | Train C-index: 0.6580 | Val Loss: 4.6038 | Val C-index: 0.6619
Epoch 2/50 | Train Loss: 3.5520 | Train C-index: 0.6674 | Val Loss: 5.5227 | Val C-index: 0.6652
Epoch 3/50 | Train Loss: 3.4779 | Train C-index: 0.6759 | Val Loss: 5.0384 | Val C-index: 0.6731
Epoch 4/50 | Train Loss: 3.3722 | Train C-index: 0.7022 | Val Loss: 4.7641 | Val C-index: 0.6790
Epoch 5/50 | Train Loss: 3.3418 | Train C-index: 0.7466 | Val Loss: 4.5847 | Val C-index: 0.6878
Epoch 6/50 | Train Loss: 3.3584 | Train C-index: 0.7745 | Val Loss: 4.6266 | Val C-index: 0.7038
Epoch 7/50 | Train Loss: 3.3564 | Train C-index: 0.7615 | Val Loss: 4.5520 | Val C-index: 0.7031
Epoch 8/50 | Train Loss: 3.3390 | Train C-index: 0.7864 | Val Loss: 4.5038 | Val C-index: 0.7183
Epoch 9/50 | Train Loss: 3.2924 | Train C-index: 0.7976 | Val Loss: 4.6168 | Val C-index: 0.6961
Epoch 10/50 | Train Loss: 3.2336 | Train C-index: 0.8101 | Val Loss: 4.5964 | Val C-index: 0.6928
Epoch 11/50 | Train Loss: 3.2130 | Train C-index: 0.7914 | Val Loss: 4.7560 | Val C-index: 0.6608
Epoch 12/50 | Train Loss: 3.2198 | Train C-index: 0.8016 | Val Loss: 4.6257 | Val C-index: 0.6989
Epoch 13/50 | Train Loss: 3.2254 | Train C-index: 0.8180 | Val Loss: 4.7036 | Val C-index: 0.6567
Epoch 14/50 | Train Loss: 3.0002 | Train C-index: 0.8424 | Val Loss: 4.7638 | Val C-index: 0.6463
Epoch 15/50 | Train Loss: 3.0328 | Train C-index: 0.7815 | Val Loss: 4.9826 | Val C-index: 0.6670
Epoch 16/50 | Train Loss: 3.0854 | Train C-index: 0.8552 | Val Loss: 4.8437 | Val C-index: 0.6381
Epoch 17/50 | Train Loss: 2.9547 | Train C-index: 0.8652 | Val Loss: 5.0769 | Val C-index: 0.6524
Epoch 18/50 | Train Loss: 2.8080 | Train C-index: 0.8913 | Val Loss: 5.1528 | Val C-index: 0.6611
Early stopping at epoch 18
Fold 2 final C-index: 0.7183

Extra survival metrics:
cutoff_from_train_median: 0.368246
n_test: 169
n_high_risk: 93
n_low_risk: 76
n_event_test: 65
logrank_stat: 25.154517
logrank_p: 0.000001
auc_36m: 0.773267
auc_60m: 0.730833
mean_auc: 0.764895
HR_high_vs_low: 4.071101
HR_95CI_lower: 2.248105
HR_95CI_upper: 7.372373
cox_p: 0.000004

==================================================
Fold 4/5
==================================================
[ResNetCox] Loaded pretrained from /home/gly001/cqj/pa_ct_surv/model/ct_pretrain/resnet_18_23dataset.pth
  Missing keys (ok): ['fc.weight', 'fc.bias']
Epoch 1/50 | Train Loss: 3.7435 | Train C-index: 0.6141 | Val Loss: 4.7108 | Val C-index: 0.6196
Epoch 2/50 | Train Loss: 3.6902 | Train C-index: 0.6699 | Val Loss: 4.6434 | Val C-index: 0.6606
Epoch 3/50 | Train Loss: 3.5963 | Train C-index: 0.6771 | Val Loss: 4.5914 | Val C-index: 0.6872
Epoch 4/50 | Train Loss: 3.5006 | Train C-index: 0.7045 | Val Loss: 4.5680 | Val C-index: 0.7119
Epoch 5/50 | Train Loss: 3.3720 | Train C-index: 0.7217 | Val Loss: 4.5966 | Val C-index: 0.7234
Epoch 6/50 | Train Loss: 3.3611 | Train C-index: 0.7573 | Val Loss: 4.5192 | Val C-index: 0.7309
Epoch 7/50 | Train Loss: 3.3073 | Train C-index: 0.7773 | Val Loss: 4.4874 | Val C-index: 0.7109
Epoch 8/50 | Train Loss: 3.2859 | Train C-index: 0.7501 | Val Loss: 4.6992 | Val C-index: 0.6260
Epoch 9/50 | Train Loss: 3.1716 | Train C-index: 0.8113 | Val Loss: 4.5562 | Val C-index: 0.7154
Epoch 10/50 | Train Loss: 3.1138 | Train C-index: 0.8313 | Val Loss: 4.6306 | Val C-index: 0.7062
Epoch 11/50 | Train Loss: 3.0639 | Train C-index: 0.7385 | Val Loss: 5.0389 | Val C-index: 0.5725
Epoch 12/50 | Train Loss: 3.0370 | Train C-index: 0.8117 | Val Loss: 4.8492 | Val C-index: 0.6810
Epoch 13/50 | Train Loss: 2.9772 | Train C-index: 0.8868 | Val Loss: 4.9954 | Val C-index: 0.6321
Epoch 14/50 | Train Loss: 2.7688 | Train C-index: 0.8566 | Val Loss: 5.4170 | Val C-index: 0.6363
Epoch 15/50 | Train Loss: 2.7396 | Train C-index: 0.8721 | Val Loss: 5.2503 | Val C-index: 0.5770
Epoch 16/50 | Train Loss: 2.6740 | Train C-index: 0.9050 | Val Loss: 5.1797 | Val C-index: 0.6163
Early stopping at epoch 16
Fold 3 final C-index: 0.7309

Extra survival metrics:
cutoff_from_train_median: -0.381624
n_test: 168
n_high_risk: 85
n_low_risk: 83
n_event_test: 65
logrank_stat: 41.037491
logrank_p: 0.000000
auc_36m: 0.751983
auc_60m: 0.831146
mean_auc: 0.773269
HR_high_vs_low: 5.676962
HR_95CI_lower: 3.127148
HR_95CI_upper: 10.305841
cox_p: 0.000000

==================================================
Fold 5/5
==================================================
[ResNetCox] Loaded pretrained from /home/gly001/cqj/pa_ct_surv/model/ct_pretrain/resnet_18_23dataset.pth
  Missing keys (ok): ['fc.weight', 'fc.bias']
Epoch 1/50 | Train Loss: 3.6537 | Train C-index: 0.6553 | Val Loss: 4.5219 | Val C-index: 0.6137
Epoch 2/50 | Train Loss: 3.5462 | Train C-index: 0.5315 | Val Loss: 4.5828 | Val C-index: 0.5335
Epoch 3/50 | Train Loss: 3.5727 | Train C-index: 0.6889 | Val Loss: 4.7773 | Val C-index: 0.6367
Epoch 4/50 | Train Loss: 3.4226 | Train C-index: 0.7249 | Val Loss: 4.6365 | Val C-index: 0.6583
Epoch 5/50 | Train Loss: 3.3774 | Train C-index: 0.7522 | Val Loss: 4.5124 | Val C-index: 0.6781
Epoch 6/50 | Train Loss: 3.3903 | Train C-index: 0.7825 | Val Loss: 4.4813 | Val C-index: 0.7031
Epoch 7/50 | Train Loss: 3.2373 | Train C-index: 0.7777 | Val Loss: 4.7089 | Val C-index: 0.6419
Epoch 8/50 | Train Loss: 3.2769 | Train C-index: 0.7827 | Val Loss: 4.7980 | Val C-index: 0.6551
Epoch 9/50 | Train Loss: 3.3174 | Train C-index: 0.7646 | Val Loss: 4.7809 | Val C-index: 0.6252
Epoch 10/50 | Train Loss: 3.2170 | Train C-index: 0.8041 | Val Loss: 4.8784 | Val C-index: 0.6965
Epoch 11/50 | Train Loss: 3.2040 | Train C-index: 0.8231 | Val Loss: 4.8111 | Val C-index: 0.6311
Epoch 12/50 | Train Loss: 3.0949 | Train C-index: 0.8332 | Val Loss: 4.8061 | Val C-index: 0.6849
Epoch 13/50 | Train Loss: 3.0195 | Train C-index: 0.8569 | Val Loss: 4.8576 | Val C-index: 0.6583
Epoch 14/50 | Train Loss: 3.0206 | Train C-index: 0.8597 | Val Loss: 4.9904 | Val C-index: 0.6384
Epoch 15/50 | Train Loss: 2.8467 | Train C-index: 0.8714 | Val Loss: 5.1283 | Val C-index: 0.5953
Epoch 16/50 | Train Loss: 2.9669 | Train C-index: 0.8469 | Val Loss: 5.3257 | Val C-index: 0.6696
Early stopping at epoch 16
Fold 4 final C-index: 0.7031

Extra survival metrics:
cutoff_from_train_median: -0.017703
n_test: 168
n_high_risk: 71
n_low_risk: 97
n_event_test: 65
logrank_stat: 23.404332
logrank_p: 0.000001
auc_36m: 0.742744
auc_60m: 0.740820
mean_auc: 0.742246
HR_high_vs_low: 3.212842
HR_95CI_lower: 1.949372
HR_95CI_upper: 5.295220
cox_p: 0.000005

==================================================
5-Fold CV Summary
==================================================
  C-index: 0.7180 +/- 0.0100
