Using Device: cuda | ROI size: 64
Model: resnet | Augment: False
Pretrained: /home/gly001/cqj/pa_ct_surv/model/ct_pretrain/resnet_18_23dataset.pth
Checkpoints: /home/gly001/cqj/pa_ct_surv/experiments/single_modal_ct/exp5/checkpoints/bs8
Results:     /home/gly001/cqj/pa_ct_surv/experiments/single_modal_ct/exp5/results/bs8
Loaded 843 samples

==================================================
Fold 1/5
==================================================
[ResNetCox] Loaded pretrained from /home/gly001/cqj/pa_ct_surv/model/ct_pretrain/resnet_18_23dataset.pth
  Missing keys (ok): ['fc.weight', 'fc.bias']
Epoch 1/50 | Train Loss: 1.7182 | Train C-index: 0.4725 | Val Loss: 4.7732 | Val C-index: 0.4041
Epoch 2/50 | Train Loss: 1.6411 | Train C-index: 0.7187 | Val Loss: 4.4318 | Val C-index: 0.7003
Epoch 3/50 | Train Loss: 1.5731 | Train C-index: 0.6823 | Val Loss: 4.4929 | Val C-index: 0.6783
Epoch 4/50 | Train Loss: 1.7230 | Train C-index: 0.7377 | Val Loss: 4.4056 | Val C-index: 0.6899
Epoch 5/50 | Train Loss: 1.5651 | Train C-index: 0.5463 | Val Loss: 4.6913 | Val C-index: 0.4932
Epoch 6/50 | Train Loss: 1.4953 | Train C-index: 0.7460 | Val Loss: 4.3660 | Val C-index: 0.6912
Epoch 7/50 | Train Loss: 1.5073 | Train C-index: 0.7508 | Val Loss: 4.4256 | Val C-index: 0.6873
Epoch 8/50 | Train Loss: 1.5041 | Train C-index: 0.7521 | Val Loss: 4.4827 | Val C-index: 0.7113
Epoch 9/50 | Train Loss: 1.5320 | Train C-index: 0.7280 | Val Loss: 4.5240 | Val C-index: 0.6200
Epoch 10/50 | Train Loss: 1.5114 | Train C-index: 0.7487 | Val Loss: 4.4361 | Val C-index: 0.7091
Epoch 11/50 | Train Loss: 1.4138 | Train C-index: 0.7626 | Val Loss: 4.5105 | Val C-index: 0.7110
Epoch 12/50 | Train Loss: 1.4649 | Train C-index: 0.7670 | Val Loss: 4.5078 | Val C-index: 0.6838
Epoch 13/50 | Train Loss: 1.3893 | Train C-index: 0.7801 | Val Loss: 4.4130 | Val C-index: 0.6928
Epoch 14/50 | Train Loss: 1.3625 | Train C-index: 0.7728 | Val Loss: 4.4818 | Val C-index: 0.6572
Epoch 15/50 | Train Loss: 1.3196 | Train C-index: 0.7560 | Val Loss: 4.6469 | Val C-index: 0.6690
Epoch 16/50 | Train Loss: 1.3476 | Train C-index: 0.7826 | Val Loss: 4.5404 | Val C-index: 0.6889
Epoch 17/50 | Train Loss: 1.3913 | Train C-index: 0.8039 | Val Loss: 4.5283 | Val C-index: 0.7020
Epoch 18/50 | Train Loss: 1.4500 | Train C-index: 0.7637 | Val Loss: 4.5748 | Val C-index: 0.6103
Early stopping at epoch 18
Fold 0 final C-index: 0.7113

Extra survival metrics:
cutoff_from_train_median: -0.096912
n_test: 169
n_high_risk: 93
n_low_risk: 76
n_event_test: 65
logrank_stat: 28.348143
logrank_p: 0.000000
auc_36m: 0.740048
auc_60m: 0.697096
mean_auc: 0.727910
HR_high_vs_low: 4.918704
HR_95CI_lower: 2.568948
HR_95CI_upper: 9.417724
cox_p: 0.000002

==================================================
Fold 2/5
==================================================
[ResNetCox] Loaded pretrained from /home/gly001/cqj/pa_ct_surv/model/ct_pretrain/resnet_18_23dataset.pth
  Missing keys (ok): ['fc.weight', 'fc.bias']
Epoch 1/50 | Train Loss: 1.5932 | Train C-index: 0.7024 | Val Loss: 4.5015 | Val C-index: 0.7261
Epoch 2/50 | Train Loss: 1.6124 | Train C-index: 0.7002 | Val Loss: 4.6103 | Val C-index: 0.6832
Epoch 3/50 | Train Loss: 1.5933 | Train C-index: 0.7147 | Val Loss: 5.0984 | Val C-index: 0.6959
Epoch 4/50 | Train Loss: 1.4664 | Train C-index: 0.7235 | Val Loss: 4.5219 | Val C-index: 0.6890
Epoch 5/50 | Train Loss: 1.5486 | Train C-index: 0.7316 | Val Loss: 4.5156 | Val C-index: 0.6962
Epoch 6/50 | Train Loss: 1.4610 | Train C-index: 0.7414 | Val Loss: 4.5710 | Val C-index: 0.7181
Epoch 7/50 | Train Loss: 1.4951 | Train C-index: 0.7123 | Val Loss: 5.0802 | Val C-index: 0.6632
Epoch 8/50 | Train Loss: 1.4373 | Train C-index: 0.7530 | Val Loss: 4.5528 | Val C-index: 0.7035
Epoch 9/50 | Train Loss: 1.4649 | Train C-index: 0.7453 | Val Loss: 5.4717 | Val C-index: 0.7228
Epoch 10/50 | Train Loss: 1.4356 | Train C-index: 0.7539 | Val Loss: 4.5584 | Val C-index: 0.7179
Epoch 11/50 | Train Loss: 1.3618 | Train C-index: 0.7630 | Val Loss: 5.0777 | Val C-index: 0.7209
Early stopping at epoch 11
Fold 1 final C-index: 0.7261

Extra survival metrics:
cutoff_from_train_median: 0.306286
n_test: 169
n_high_risk: 84
n_low_risk: 85
n_event_test: 65
logrank_stat: 23.450835
logrank_p: 0.000001
auc_36m: 0.749032
auc_60m: 0.732617
mean_auc: 0.745028
HR_high_vs_low: 3.537680
HR_95CI_lower: 2.050923
HR_95CI_upper: 6.102216
cox_p: 0.000006

==================================================
Fold 3/5
==================================================
[ResNetCox] Loaded pretrained from /home/gly001/cqj/pa_ct_surv/model/ct_pretrain/resnet_18_23dataset.pth
  Missing keys (ok): ['fc.weight', 'fc.bias']
Epoch 1/50 | Train Loss: 1.7475 | Train C-index: 0.6915 | Val Loss: 5.1999 | Val C-index: 0.6148
Epoch 2/50 | Train Loss: 1.5720 | Train C-index: 0.7418 | Val Loss: 4.5859 | Val C-index: 0.6911
Epoch 3/50 | Train Loss: 1.5510 | Train C-index: 0.7372 | Val Loss: 4.7508 | Val C-index: 0.6690
Epoch 4/50 | Train Loss: 1.6177 | Train C-index: 0.7487 | Val Loss: 4.5828 | Val C-index: 0.6874
Epoch 5/50 | Train Loss: 1.4804 | Train C-index: 0.7573 | Val Loss: 4.5555 | Val C-index: 0.6988
Epoch 6/50 | Train Loss: 1.5249 | Train C-index: 0.7609 | Val Loss: 4.5347 | Val C-index: 0.7093
Epoch 7/50 | Train Loss: 1.4605 | Train C-index: 0.7560 | Val Loss: 4.7866 | Val C-index: 0.7007
Epoch 8/50 | Train Loss: 1.4499 | Train C-index: 0.7657 | Val Loss: 4.4984 | Val C-index: 0.7255
Epoch 9/50 | Train Loss: 1.4446 | Train C-index: 0.7588 | Val Loss: 4.7785 | Val C-index: 0.6819
Epoch 10/50 | Train Loss: 1.4352 | Train C-index: 0.7646 | Val Loss: 4.6416 | Val C-index: 0.7093
Epoch 11/50 | Train Loss: 1.3700 | Train C-index: 0.7641 | Val Loss: 4.6305 | Val C-index: 0.6627
Epoch 12/50 | Train Loss: 1.3824 | Train C-index: 0.7713 | Val Loss: 4.6407 | Val C-index: 0.6666
Epoch 13/50 | Train Loss: 1.3449 | Train C-index: 0.7871 | Val Loss: 4.5420 | Val C-index: 0.7014
Epoch 14/50 | Train Loss: 1.3987 | Train C-index: 0.7956 | Val Loss: 4.6096 | Val C-index: 0.7065
Epoch 15/50 | Train Loss: 1.2957 | Train C-index: 0.7887 | Val Loss: 4.5838 | Val C-index: 0.7005
Epoch 16/50 | Train Loss: 1.2964 | Train C-index: 0.7920 | Val Loss: 4.5885 | Val C-index: 0.6929
Epoch 17/50 | Train Loss: 1.3144 | Train C-index: 0.7967 | Val Loss: 4.6628 | Val C-index: 0.6597
Epoch 18/50 | Train Loss: 1.2460 | Train C-index: 0.8111 | Val Loss: 4.6853 | Val C-index: 0.6979
Early stopping at epoch 18
Fold 2 final C-index: 0.7255

Extra survival metrics:
cutoff_from_train_median: 0.333908
n_test: 169
n_high_risk: 93
n_low_risk: 76
n_event_test: 65
logrank_stat: 23.118750
logrank_p: 0.000002
auc_36m: 0.773042
auc_60m: 0.725535
mean_auc: 0.763669
HR_high_vs_low: 3.873916
HR_95CI_lower: 2.137361
HR_95CI_upper: 7.021380
cox_p: 0.000008

==================================================
Fold 4/5
==================================================
[ResNetCox] Loaded pretrained from /home/gly001/cqj/pa_ct_surv/model/ct_pretrain/resnet_18_23dataset.pth
  Missing keys (ok): ['fc.weight', 'fc.bias']
Epoch 1/50 | Train Loss: 1.6557 | Train C-index: 0.6528 | Val Loss: 4.7688 | Val C-index: 0.6353
Epoch 2/50 | Train Loss: 1.6806 | Train C-index: 0.6884 | Val Loss: 5.0607 | Val C-index: 0.6913
Epoch 3/50 | Train Loss: 1.5351 | Train C-index: 0.5527 | Val Loss: 4.7829 | Val C-index: 0.6004
Epoch 4/50 | Train Loss: 1.5723 | Train C-index: 0.7212 | Val Loss: 4.6102 | Val C-index: 0.7028
Epoch 5/50 | Train Loss: 1.4622 | Train C-index: 0.7359 | Val Loss: 4.4754 | Val C-index: 0.7276
Epoch 6/50 | Train Loss: 1.5534 | Train C-index: 0.7362 | Val Loss: 4.5589 | Val C-index: 0.7312
Epoch 7/50 | Train Loss: 1.5271 | Train C-index: 0.7453 | Val Loss: 4.5273 | Val C-index: 0.7123
Epoch 8/50 | Train Loss: 1.5008 | Train C-index: 0.7513 | Val Loss: 4.5500 | Val C-index: 0.7044
Epoch 9/50 | Train Loss: 1.4779 | Train C-index: 0.7503 | Val Loss: 4.5758 | Val C-index: 0.6785
Epoch 10/50 | Train Loss: 1.3895 | Train C-index: 0.7734 | Val Loss: 4.5697 | Val C-index: 0.7120
Epoch 11/50 | Train Loss: 1.4598 | Train C-index: 0.7650 | Val Loss: 4.5166 | Val C-index: 0.7134
Epoch 12/50 | Train Loss: 1.3988 | Train C-index: 0.7899 | Val Loss: 4.5493 | Val C-index: 0.6981
Epoch 13/50 | Train Loss: 1.3194 | Train C-index: 0.7867 | Val Loss: 4.5703 | Val C-index: 0.7216
Epoch 14/50 | Train Loss: 1.2932 | Train C-index: 0.8046 | Val Loss: 4.6894 | Val C-index: 0.6879
Epoch 15/50 | Train Loss: 1.2973 | Train C-index: 0.7995 | Val Loss: 4.5556 | Val C-index: 0.7024
Epoch 16/50 | Train Loss: 1.3513 | Train C-index: 0.8093 | Val Loss: 4.5822 | Val C-index: 0.7148
Early stopping at epoch 16
Fold 3 final C-index: 0.7312

Extra survival metrics:
cutoff_from_train_median: -0.296162
n_test: 168
n_high_risk: 89
n_low_risk: 79
n_event_test: 65
logrank_stat: 39.538743
logrank_p: 0.000000
auc_36m: 0.763521
auc_60m: 0.843391
mean_auc: 0.784997
HR_high_vs_low: 5.772788
HR_95CI_lower: 3.124537
HR_95CI_upper: 10.665609
cox_p: 0.000000

==================================================
Fold 5/5
==================================================
[ResNetCox] Loaded pretrained from /home/gly001/cqj/pa_ct_surv/model/ct_pretrain/resnet_18_23dataset.pth
  Missing keys (ok): ['fc.weight', 'fc.bias']
Epoch 1/50 | Train Loss: 1.5934 | Train C-index: 0.7206 | Val Loss: 4.7724 | Val C-index: 0.6991
Epoch 2/50 | Train Loss: 1.6256 | Train C-index: 0.7219 | Val Loss: 4.5761 | Val C-index: 0.6869
Epoch 3/50 | Train Loss: 1.6143 | Train C-index: 0.6933 | Val Loss: 4.6109 | Val C-index: 0.6450
Epoch 4/50 | Train Loss: 1.5492 | Train C-index: 0.7282 | Val Loss: 4.4452 | Val C-index: 0.7229
Epoch 5/50 | Train Loss: 1.5499 | Train C-index: 0.7347 | Val Loss: 4.6412 | Val C-index: 0.6956
Epoch 6/50 | Train Loss: 1.5140 | Train C-index: 0.7285 | Val Loss: 4.4528 | Val C-index: 0.6775
Epoch 7/50 | Train Loss: 1.5357 | Train C-index: 0.7463 | Val Loss: 4.5271 | Val C-index: 0.7172
Epoch 8/50 | Train Loss: 1.4999 | Train C-index: 0.7504 | Val Loss: 4.4170 | Val C-index: 0.7224
Epoch 9/50 | Train Loss: 1.4714 | Train C-index: 0.7480 | Val Loss: 4.4062 | Val C-index: 0.7292
Epoch 10/50 | Train Loss: 1.5114 | Train C-index: 0.7617 | Val Loss: 4.5194 | Val C-index: 0.7303
Epoch 11/50 | Train Loss: 1.3450 | Train C-index: 0.7683 | Val Loss: 4.5408 | Val C-index: 0.7279
Epoch 12/50 | Train Loss: 1.4328 | Train C-index: 0.7636 | Val Loss: 4.5675 | Val C-index: 0.7183
Epoch 13/50 | Train Loss: 1.4422 | Train C-index: 0.7662 | Val Loss: 4.4979 | Val C-index: 0.7138
Epoch 14/50 | Train Loss: 1.3930 | Train C-index: 0.7671 | Val Loss: 4.4978 | Val C-index: 0.7138
Epoch 15/50 | Train Loss: 1.4645 | Train C-index: 0.7373 | Val Loss: 4.5604 | Val C-index: 0.6490
Epoch 16/50 | Train Loss: 1.4074 | Train C-index: 0.7814 | Val Loss: 4.6477 | Val C-index: 0.6816
Epoch 17/50 | Train Loss: 1.4012 | Train C-index: 0.7842 | Val Loss: 4.6014 | Val C-index: 0.7115
Epoch 18/50 | Train Loss: 1.3324 | Train C-index: 0.8060 | Val Loss: 4.5992 | Val C-index: 0.6904
Epoch 19/50 | Train Loss: 1.3575 | Train C-index: 0.8047 | Val Loss: 4.6646 | Val C-index: 0.7037
Epoch 20/50 | Train Loss: 1.2872 | Train C-index: 0.8181 | Val Loss: 4.7652 | Val C-index: 0.6740
Early stopping at epoch 20
Fold 4 final C-index: 0.7303

Extra survival metrics:
cutoff_from_train_median: 0.013600
n_test: 168
n_high_risk: 76
n_low_risk: 92
n_event_test: 65
logrank_stat: 30.995729
logrank_p: 0.000000
auc_36m: 0.781895
auc_60m: 0.770752
mean_auc: 0.779009
HR_high_vs_low: 3.969931
HR_95CI_lower: 2.351805
HR_95CI_upper: 6.701385
cox_p: 0.000000

==================================================
5-Fold CV Summary
==================================================
  C-index: 0.7249 +/- 0.0080
