Using Device: cuda | ROI size: 64
Model: resnet | Augment: False
Pretrained: /home/gly001/cqj/pa_ct_surv/model/ct_pretrain/resnet_18_23dataset.pth
Checkpoints: /home/gly001/cqj/pa_ct_surv/experiments/single_modal_ct/exp1/checkpoints/roi64_pretrain
Results:     /home/gly001/cqj/pa_ct_surv/experiments/single_modal_ct/exp1/results/roi64_pretrain
Loaded 843 samples

==================================================
Fold 1/5
==================================================
[ResNetCox] Loaded pretrained from /home/gly001/cqj/pa_ct_surv/model/ct_pretrain/resnet_18_23dataset.pth
  Missing keys (ok): ['fc.weight', 'fc.bias']
Epoch 1/50 | Train Loss: 2.9012 | Train C-index: 0.6658 | Val Loss: 4.7482 | Val C-index: 0.7106
Epoch 2/50 | Train Loss: 2.7349 | Train C-index: 0.6863 | Val Loss: 4.6083 | Val C-index: 0.6078
Epoch 3/50 | Train Loss: 2.7735 | Train C-index: 0.7377 | Val Loss: 4.3790 | Val C-index: 0.7142
Epoch 4/50 | Train Loss: 2.7326 | Train C-index: 0.7579 | Val Loss: 4.4291 | Val C-index: 0.6910
Epoch 5/50 | Train Loss: 2.6736 | Train C-index: 0.7535 | Val Loss: 4.4224 | Val C-index: 0.7136
Epoch 6/50 | Train Loss: 2.7410 | Train C-index: 0.7714 | Val Loss: 4.4611 | Val C-index: 0.6612
Epoch 7/50 | Train Loss: 2.6737 | Train C-index: 0.7872 | Val Loss: 4.3958 | Val C-index: 0.6893
Epoch 8/50 | Train Loss: 2.5332 | Train C-index: 0.7508 | Val Loss: 4.5818 | Val C-index: 0.6262
Epoch 9/50 | Train Loss: 2.5803 | Train C-index: 0.7866 | Val Loss: 4.4367 | Val C-index: 0.6937
Epoch 10/50 | Train Loss: 2.6315 | Train C-index: 0.8230 | Val Loss: 4.4568 | Val C-index: 0.6779
Epoch 11/50 | Train Loss: 2.4204 | Train C-index: 0.7881 | Val Loss: 4.6760 | Val C-index: 0.6032
Epoch 12/50 | Train Loss: 2.4586 | Train C-index: 0.8114 | Val Loss: 4.5000 | Val C-index: 0.6820
Epoch 13/50 | Train Loss: 2.3305 | Train C-index: 0.8461 | Val Loss: 4.9434 | Val C-index: 0.6292
Early stopping at epoch 13
Fold 0 final C-index: 0.7142

Extra survival metrics:
cutoff_from_train_median: -0.646168
n_test: 169
n_high_risk: 92
n_low_risk: 77
n_event_test: 65
logrank_stat: 30.032327
logrank_p: 0.000000
auc_36m: 0.760148
auc_60m: 0.697425
mean_auc: 0.742424
HR_high_vs_low: 5.121458
HR_95CI_lower: 2.673327
HR_95CI_upper: 9.811494
cox_p: 0.000001

==================================================
Fold 2/5
==================================================
[ResNetCox] Loaded pretrained from /home/gly001/cqj/pa_ct_surv/model/ct_pretrain/resnet_18_23dataset.pth
  Missing keys (ok): ['fc.weight', 'fc.bias']
Epoch 1/50 | Train Loss: 2.9496 | Train C-index: 0.6587 | Val Loss: 4.8982 | Val C-index: 0.6626
Epoch 2/50 | Train Loss: 2.7753 | Train C-index: 0.6958 | Val Loss: 5.3064 | Val C-index: 0.6865
Epoch 3/50 | Train Loss: 2.7129 | Train C-index: 0.7345 | Val Loss: 4.7650 | Val C-index: 0.7084
Epoch 4/50 | Train Loss: 2.6865 | Train C-index: 0.7522 | Val Loss: 4.5841 | Val C-index: 0.7081
Epoch 5/50 | Train Loss: 2.6415 | Train C-index: 0.7401 | Val Loss: 4.6785 | Val C-index: 0.6562
Epoch 6/50 | Train Loss: 2.6046 | Train C-index: 0.7621 | Val Loss: 4.7449 | Val C-index: 0.6695
Epoch 7/50 | Train Loss: 2.5971 | Train C-index: 0.7827 | Val Loss: 4.7124 | Val C-index: 0.6579
Epoch 8/50 | Train Loss: 2.5882 | Train C-index: 0.7936 | Val Loss: 4.6567 | Val C-index: 0.6723
Epoch 9/50 | Train Loss: 2.5517 | Train C-index: 0.7494 | Val Loss: 4.5267 | Val C-index: 0.7023
Epoch 10/50 | Train Loss: 2.6936 | Train C-index: 0.7908 | Val Loss: 4.6569 | Val C-index: 0.6846
Epoch 11/50 | Train Loss: 2.5873 | Train C-index: 0.7953 | Val Loss: 4.6351 | Val C-index: 0.6817
Epoch 12/50 | Train Loss: 2.4991 | Train C-index: 0.7957 | Val Loss: 4.8127 | Val C-index: 0.6972
Epoch 13/50 | Train Loss: 2.4662 | Train C-index: 0.8159 | Val Loss: 4.7153 | Val C-index: 0.6714
Early stopping at epoch 13
Fold 1 final C-index: 0.7084

Extra survival metrics:
cutoff_from_train_median: -0.626354
n_test: 169
n_high_risk: 86
n_low_risk: 83
n_event_test: 65
logrank_stat: 18.987864
logrank_p: 0.000013
auc_36m: 0.715187
auc_60m: 0.688120
mean_auc: 0.708586
HR_high_vs_low: 3.157404
HR_95CI_lower: 1.829250
HR_95CI_upper: 5.449882
cox_p: 0.000037

==================================================
Fold 3/5
==================================================
[ResNetCox] Loaded pretrained from /home/gly001/cqj/pa_ct_surv/model/ct_pretrain/resnet_18_23dataset.pth
  Missing keys (ok): ['fc.weight', 'fc.bias']
Epoch 1/50 | Train Loss: 2.9778 | Train C-index: 0.6639 | Val Loss: 4.6037 | Val C-index: 0.6677
Epoch 2/50 | Train Loss: 2.7676 | Train C-index: 0.6868 | Val Loss: 4.7830 | Val C-index: 0.6378
Epoch 3/50 | Train Loss: 2.7415 | Train C-index: 0.7203 | Val Loss: 4.6206 | Val C-index: 0.6818
Epoch 4/50 | Train Loss: 2.7411 | Train C-index: 0.7372 | Val Loss: 4.6118 | Val C-index: 0.6791
Epoch 5/50 | Train Loss: 2.6609 | Train C-index: 0.7514 | Val Loss: 4.5930 | Val C-index: 0.6741
Epoch 6/50 | Train Loss: 2.6326 | Train C-index: 0.7566 | Val Loss: 4.6512 | Val C-index: 0.6818
Epoch 7/50 | Train Loss: 2.6895 | Train C-index: 0.7496 | Val Loss: 4.7248 | Val C-index: 0.6546
Epoch 8/50 | Train Loss: 2.7203 | Train C-index: 0.6982 | Val Loss: 4.8917 | Val C-index: 0.5976
Epoch 9/50 | Train Loss: 2.6482 | Train C-index: 0.7675 | Val Loss: 4.5474 | Val C-index: 0.6913
Epoch 10/50 | Train Loss: 2.6234 | Train C-index: 0.7582 | Val Loss: 4.6519 | Val C-index: 0.6753
Epoch 11/50 | Train Loss: 2.6014 | Train C-index: 0.7684 | Val Loss: 4.7575 | Val C-index: 0.6263
Epoch 12/50 | Train Loss: 2.5816 | Train C-index: 0.7475 | Val Loss: 4.7893 | Val C-index: 0.5861
Epoch 13/50 | Train Loss: 2.5223 | Train C-index: 0.8235 | Val Loss: 4.6103 | Val C-index: 0.6776
Epoch 14/50 | Train Loss: 2.4327 | Train C-index: 0.7888 | Val Loss: 5.1966 | Val C-index: 0.6123
Epoch 15/50 | Train Loss: 2.5208 | Train C-index: 0.8299 | Val Loss: 4.6597 | Val C-index: 0.6592
Epoch 16/50 | Train Loss: 2.3665 | Train C-index: 0.8074 | Val Loss: 4.8979 | Val C-index: 0.6539
Epoch 17/50 | Train Loss: 2.4364 | Train C-index: 0.8243 | Val Loss: 4.7894 | Val C-index: 0.6781
Epoch 18/50 | Train Loss: 2.2833 | Train C-index: 0.8442 | Val Loss: 5.0193 | Val C-index: 0.6490
Epoch 19/50 | Train Loss: 2.2765 | Train C-index: 0.8617 | Val Loss: 4.7333 | Val C-index: 0.6894
Early stopping at epoch 19
Fold 2 final C-index: 0.6913

Extra survival metrics:
cutoff_from_train_median: 0.105946
n_test: 169
n_high_risk: 80
n_low_risk: 89
n_event_test: 65
logrank_stat: 14.512581
logrank_p: 0.000139
auc_36m: 0.717985
auc_60m: 0.673395
mean_auc: 0.709188
HR_high_vs_low: 2.603636
HR_95CI_lower: 1.561906
HR_95CI_upper: 4.340161
cox_p: 0.000242

==================================================
Fold 4/5
==================================================
[ResNetCox] Loaded pretrained from /home/gly001/cqj/pa_ct_surv/model/ct_pretrain/resnet_18_23dataset.pth
  Missing keys (ok): ['fc.weight', 'fc.bias']
Epoch 1/50 | Train Loss: 2.9039 | Train C-index: 0.6669 | Val Loss: 4.6456 | Val C-index: 0.6926
Epoch 2/50 | Train Loss: 2.7958 | Train C-index: 0.5836 | Val Loss: 4.9919 | Val C-index: 0.5696
Epoch 3/50 | Train Loss: 2.7034 | Train C-index: 0.5453 | Val Loss: 5.0640 | Val C-index: 0.5491
Epoch 4/50 | Train Loss: 2.8823 | Train C-index: 0.7267 | Val Loss: 4.9224 | Val C-index: 0.7254
Epoch 5/50 | Train Loss: 2.7384 | Train C-index: 0.7499 | Val Loss: 4.6005 | Val C-index: 0.7295
Epoch 6/50 | Train Loss: 2.8188 | Train C-index: 0.6788 | Val Loss: 4.6024 | Val C-index: 0.6905
Epoch 7/50 | Train Loss: 2.7183 | Train C-index: 0.7533 | Val Loss: 4.4814 | Val C-index: 0.7299
Epoch 8/50 | Train Loss: 2.6554 | Train C-index: 0.7388 | Val Loss: 4.5100 | Val C-index: 0.7255
Epoch 9/50 | Train Loss: 2.6438 | Train C-index: 0.7022 | Val Loss: 4.6771 | Val C-index: 0.6750
Epoch 10/50 | Train Loss: 2.6541 | Train C-index: 0.7787 | Val Loss: 4.5603 | Val C-index: 0.7172
Epoch 11/50 | Train Loss: 2.6969 | Train C-index: 0.7375 | Val Loss: 4.6936 | Val C-index: 0.6999
Epoch 12/50 | Train Loss: 2.7453 | Train C-index: 0.7777 | Val Loss: 4.6677 | Val C-index: 0.7081
Epoch 13/50 | Train Loss: 2.6419 | Train C-index: 0.7614 | Val Loss: 4.5759 | Val C-index: 0.6966
Epoch 14/50 | Train Loss: 2.5282 | Train C-index: 0.7806 | Val Loss: 4.6003 | Val C-index: 0.6838
Epoch 15/50 | Train Loss: 2.4747 | Train C-index: 0.7843 | Val Loss: 4.8766 | Val C-index: 0.6142
Epoch 16/50 | Train Loss: 2.3857 | Train C-index: 0.8137 | Val Loss: 5.0182 | Val C-index: 0.6456
Epoch 17/50 | Train Loss: 2.3481 | Train C-index: 0.8338 | Val Loss: 4.8546 | Val C-index: 0.6724
Early stopping at epoch 17
Fold 3 final C-index: 0.7299

Extra survival metrics:
cutoff_from_train_median: 0.231631
n_test: 168
n_high_risk: 87
n_low_risk: 81
n_event_test: 65
logrank_stat: 39.820521
logrank_p: 0.000000
auc_36m: 0.764334
auc_60m: 0.834144
mean_auc: 0.783105
HR_high_vs_low: 5.753226
HR_95CI_lower: 3.120173
HR_95CI_upper: 10.608260
cox_p: 0.000000

==================================================
Fold 5/5
==================================================
[ResNetCox] Loaded pretrained from /home/gly001/cqj/pa_ct_surv/model/ct_pretrain/resnet_18_23dataset.pth
  Missing keys (ok): ['fc.weight', 'fc.bias']
Epoch 1/50 | Train Loss: 2.9239 | Train C-index: 0.6801 | Val Loss: 5.9494 | Val C-index: 0.6432
Epoch 2/50 | Train Loss: 2.8079 | Train C-index: 0.6983 | Val Loss: 5.9144 | Val C-index: 0.6599
Epoch 3/50 | Train Loss: 2.7298 | Train C-index: 0.7477 | Val Loss: 4.4711 | Val C-index: 0.7135
Epoch 4/50 | Train Loss: 2.7137 | Train C-index: 0.7405 | Val Loss: 4.5519 | Val C-index: 0.7066
Epoch 5/50 | Train Loss: 2.6549 | Train C-index: 0.7678 | Val Loss: 4.4322 | Val C-index: 0.7356
Epoch 6/50 | Train Loss: 2.6922 | Train C-index: 0.7315 | Val Loss: 4.5190 | Val C-index: 0.6957
Epoch 7/50 | Train Loss: 2.6143 | Train C-index: 0.7599 | Val Loss: 4.4668 | Val C-index: 0.7337
Epoch 8/50 | Train Loss: 2.5959 | Train C-index: 0.7518 | Val Loss: 4.4768 | Val C-index: 0.7138
Epoch 9/50 | Train Loss: 2.6029 | Train C-index: 0.7917 | Val Loss: 4.4381 | Val C-index: 0.7283
Epoch 10/50 | Train Loss: 2.4994 | Train C-index: 0.7968 | Val Loss: 4.5790 | Val C-index: 0.7220
Epoch 11/50 | Train Loss: 2.4704 | Train C-index: 0.7765 | Val Loss: 4.7067 | Val C-index: 0.6012
Epoch 12/50 | Train Loss: 2.4887 | Train C-index: 0.7820 | Val Loss: 4.6675 | Val C-index: 0.6908
Epoch 13/50 | Train Loss: 2.5284 | Train C-index: 0.7874 | Val Loss: 4.8143 | Val C-index: 0.7160
Epoch 14/50 | Train Loss: 2.5643 | Train C-index: 0.7961 | Val Loss: 4.6894 | Val C-index: 0.6771
Epoch 15/50 | Train Loss: 2.4409 | Train C-index: 0.8341 | Val Loss: 4.6351 | Val C-index: 0.6894
Early stopping at epoch 15
Fold 4 final C-index: 0.7356

Extra survival metrics:
cutoff_from_train_median: 0.287904
n_test: 168
n_high_risk: 74
n_low_risk: 94
n_event_test: 65
logrank_stat: 26.478994
logrank_p: 0.000000
auc_36m: 0.784263
auc_60m: 0.771429
mean_auc: 0.780939
HR_high_vs_low: 3.523954
HR_95CI_lower: 2.112791
HR_95CI_upper: 5.877652
cox_p: 0.000001

==================================================
5-Fold CV Summary
==================================================
  C-index: 0.7159 +/- 0.0176
