Using Device: cuda | ROI size: 64
Model: resnet | Augment: False
Pretrained: /home/gly001/cqj/pa_ct_surv/model/ct_pretrain/resnet_18_23dataset.pth
Checkpoints: /home/gly001/cqj/pa_ct_surv/experiments/single_modal_ct/exp4/checkpoints/wd1e-3
Results:     /home/gly001/cqj/pa_ct_surv/experiments/single_modal_ct/exp4/results/wd1e-3
Loaded 843 samples

==================================================
Fold 1/5
==================================================
[ResNetCox] Loaded pretrained from /home/gly001/cqj/pa_ct_surv/model/ct_pretrain/resnet_18_23dataset.pth
  Missing keys (ok): ['fc.weight', 'fc.bias']
Epoch 1/50 | Train Loss: 3.0071 | Train C-index: 0.6488 | Val Loss: 4.4058 | Val C-index: 0.6941
Epoch 2/50 | Train Loss: 2.8978 | Train C-index: 0.6862 | Val Loss: 4.5006 | Val C-index: 0.6882
Epoch 3/50 | Train Loss: 2.7715 | Train C-index: 0.7484 | Val Loss: 4.3777 | Val C-index: 0.7032
Epoch 4/50 | Train Loss: 2.7948 | Train C-index: 0.7167 | Val Loss: 4.3698 | Val C-index: 0.7100
Epoch 5/50 | Train Loss: 2.7202 | Train C-index: 0.7574 | Val Loss: 4.3540 | Val C-index: 0.7065
Epoch 6/50 | Train Loss: 2.7260 | Train C-index: 0.7566 | Val Loss: 4.3207 | Val C-index: 0.7320
Epoch 7/50 | Train Loss: 2.7198 | Train C-index: 0.7497 | Val Loss: 4.4404 | Val C-index: 0.6885
Epoch 8/50 | Train Loss: 2.6666 | Train C-index: 0.7686 | Val Loss: 4.3613 | Val C-index: 0.7157
Epoch 9/50 | Train Loss: 2.6553 | Train C-index: 0.7679 | Val Loss: 4.4116 | Val C-index: 0.7163
Epoch 10/50 | Train Loss: 2.6332 | Train C-index: 0.7891 | Val Loss: 4.3363 | Val C-index: 0.7224
Epoch 11/50 | Train Loss: 2.6225 | Train C-index: 0.7455 | Val Loss: 4.4985 | Val C-index: 0.6650
Epoch 12/50 | Train Loss: 2.6535 | Train C-index: 0.7662 | Val Loss: 4.3477 | Val C-index: 0.7055
Epoch 13/50 | Train Loss: 2.5767 | Train C-index: 0.8034 | Val Loss: 4.4298 | Val C-index: 0.7022
Epoch 14/50 | Train Loss: 2.5770 | Train C-index: 0.7842 | Val Loss: 4.5120 | Val C-index: 0.6816
Epoch 15/50 | Train Loss: 2.7131 | Train C-index: 0.7426 | Val Loss: 4.4361 | Val C-index: 0.6787
Epoch 16/50 | Train Loss: 2.5865 | Train C-index: 0.7820 | Val Loss: 4.3816 | Val C-index: 0.7094
Early stopping at epoch 16
Fold 0 final C-index: 0.7320

Extra survival metrics:
cutoff_from_train_median: -0.170569
n_test: 169
n_high_risk: 92
n_low_risk: 77
n_event_test: 65
logrank_stat: 27.483500
logrank_p: 0.000000
auc_36m: 0.764791
auc_60m: 0.723600
mean_auc: 0.753151
HR_high_vs_low: 4.609081
HR_95CI_lower: 2.460372
HR_95CI_upper: 8.634314
cox_p: 0.000002

==================================================
Fold 2/5
==================================================
[ResNetCox] Loaded pretrained from /home/gly001/cqj/pa_ct_surv/model/ct_pretrain/resnet_18_23dataset.pth
  Missing keys (ok): ['fc.weight', 'fc.bias']
Epoch 1/50 | Train Loss: 2.8754 | Train C-index: 0.3481 | Val Loss: 4.7885 | Val C-index: 0.3712
Epoch 2/50 | Train Loss: 2.8550 | Train C-index: 0.6582 | Val Loss: 4.8178 | Val C-index: 0.6551
Epoch 3/50 | Train Loss: 2.8433 | Train C-index: 0.5790 | Val Loss: 4.7223 | Val C-index: 0.5465
Epoch 4/50 | Train Loss: 2.7656 | Train C-index: 0.7359 | Val Loss: 4.5278 | Val C-index: 0.7109
Epoch 5/50 | Train Loss: 2.6823 | Train C-index: 0.7527 | Val Loss: 4.5680 | Val C-index: 0.7162
Epoch 6/50 | Train Loss: 2.6576 | Train C-index: 0.7317 | Val Loss: 5.1874 | Val C-index: 0.7191
Epoch 7/50 | Train Loss: 2.6544 | Train C-index: 0.7616 | Val Loss: 4.6389 | Val C-index: 0.7068
Epoch 8/50 | Train Loss: 2.6220 | Train C-index: 0.7747 | Val Loss: 4.5788 | Val C-index: 0.7027
Epoch 9/50 | Train Loss: 2.5829 | Train C-index: 0.7835 | Val Loss: 4.6180 | Val C-index: 0.7053
Epoch 10/50 | Train Loss: 2.5341 | Train C-index: 0.7834 | Val Loss: 4.6948 | Val C-index: 0.7181
Epoch 11/50 | Train Loss: 2.5886 | Train C-index: 0.7979 | Val Loss: 4.5680 | Val C-index: 0.7133
Epoch 12/50 | Train Loss: 2.5226 | Train C-index: 0.7900 | Val Loss: 4.6521 | Val C-index: 0.7092
Epoch 13/50 | Train Loss: 2.4670 | Train C-index: 0.7900 | Val Loss: 4.8028 | Val C-index: 0.6561
Epoch 14/50 | Train Loss: 2.5024 | Train C-index: 0.8139 | Val Loss: 4.8349 | Val C-index: 0.7110
Epoch 15/50 | Train Loss: 2.4010 | Train C-index: 0.8266 | Val Loss: 4.7511 | Val C-index: 0.6864
Epoch 16/50 | Train Loss: 2.4007 | Train C-index: 0.8388 | Val Loss: 4.8195 | Val C-index: 0.6849
Early stopping at epoch 16
Fold 1 final C-index: 0.7191

Extra survival metrics:
cutoff_from_train_median: 0.220767
n_test: 169
n_high_risk: 82
n_low_risk: 87
n_event_test: 65
logrank_stat: 25.374870
logrank_p: 0.000000
auc_36m: 0.732744
auc_60m: 0.722309
mean_auc: 0.730199
HR_high_vs_low: 3.705191
HR_95CI_lower: 2.145967
HR_95CI_upper: 6.397321
cox_p: 0.000003

==================================================
Fold 3/5
==================================================
[ResNetCox] Loaded pretrained from /home/gly001/cqj/pa_ct_surv/model/ct_pretrain/resnet_18_23dataset.pth
  Missing keys (ok): ['fc.weight', 'fc.bias']
Epoch 1/50 | Train Loss: 2.9388 | Train C-index: 0.4559 | Val Loss: 4.7853 | Val C-index: 0.3862
Epoch 2/50 | Train Loss: 2.8181 | Train C-index: 0.6835 | Val Loss: 5.6610 | Val C-index: 0.6780
Epoch 3/50 | Train Loss: 2.7416 | Train C-index: 0.7361 | Val Loss: 4.5396 | Val C-index: 0.6974
Epoch 4/50 | Train Loss: 2.6722 | Train C-index: 0.7406 | Val Loss: 4.5518 | Val C-index: 0.6992
Epoch 5/50 | Train Loss: 2.6962 | Train C-index: 0.7279 | Val Loss: 4.5679 | Val C-index: 0.6846
Epoch 6/50 | Train Loss: 2.7090 | Train C-index: 0.7508 | Val Loss: 4.6501 | Val C-index: 0.7064
Epoch 7/50 | Train Loss: 2.5924 | Train C-index: 0.7627 | Val Loss: 4.5683 | Val C-index: 0.7059
Epoch 8/50 | Train Loss: 2.6559 | Train C-index: 0.7499 | Val Loss: 4.6315 | Val C-index: 0.6350
Epoch 9/50 | Train Loss: 2.6259 | Train C-index: 0.7654 | Val Loss: 4.5488 | Val C-index: 0.6965
Epoch 10/50 | Train Loss: 2.6011 | Train C-index: 0.7805 | Val Loss: 4.8268 | Val C-index: 0.6976
Epoch 11/50 | Train Loss: 2.6057 | Train C-index: 0.8104 | Val Loss: 4.5990 | Val C-index: 0.6805
Epoch 12/50 | Train Loss: 2.4979 | Train C-index: 0.7917 | Val Loss: 4.6456 | Val C-index: 0.6738
Epoch 13/50 | Train Loss: 2.5373 | Train C-index: 0.7636 | Val Loss: 4.7794 | Val C-index: 0.7129
Epoch 14/50 | Train Loss: 2.5029 | Train C-index: 0.8222 | Val Loss: 4.9271 | Val C-index: 0.6410
Epoch 15/50 | Train Loss: 2.4543 | Train C-index: 0.8257 | Val Loss: 4.7152 | Val C-index: 0.6782
Epoch 16/50 | Train Loss: 2.4104 | Train C-index: 0.8170 | Val Loss: 4.6355 | Val C-index: 0.6792
Epoch 17/50 | Train Loss: 2.3258 | Train C-index: 0.8030 | Val Loss: 5.0219 | Val C-index: 0.6474
Epoch 18/50 | Train Loss: 2.2844 | Train C-index: 0.8447 | Val Loss: 5.1760 | Val C-index: 0.6442
Epoch 19/50 | Train Loss: 2.2110 | Train C-index: 0.7955 | Val Loss: 5.0781 | Val C-index: 0.6910
Epoch 20/50 | Train Loss: 2.5239 | Train C-index: 0.7878 | Val Loss: 5.0896 | Val C-index: 0.6895
Epoch 21/50 | Train Loss: 2.2434 | Train C-index: 0.8484 | Val Loss: 4.8387 | Val C-index: 0.6787
Epoch 22/50 | Train Loss: 2.1808 | Train C-index: 0.8663 | Val Loss: 5.0606 | Val C-index: 0.6267
Epoch 23/50 | Train Loss: 2.1897 | Train C-index: 0.8547 | Val Loss: 5.0623 | Val C-index: 0.6482
Early stopping at epoch 23
Fold 2 final C-index: 0.7129

Extra survival metrics:
cutoff_from_train_median: -1.176280
n_test: 169
n_high_risk: 93
n_low_risk: 76
n_event_test: 65
logrank_stat: 26.461977
logrank_p: 0.000000
auc_36m: 0.764456
auc_60m: 0.725548
mean_auc: 0.756779
HR_high_vs_low: 4.357820
HR_95CI_lower: 2.364350
HR_95CI_upper: 8.032056
cox_p: 0.000002

==================================================
Fold 4/5
==================================================
[ResNetCox] Loaded pretrained from /home/gly001/cqj/pa_ct_surv/model/ct_pretrain/resnet_18_23dataset.pth
  Missing keys (ok): ['fc.weight', 'fc.bias']
Epoch 1/50 | Train Loss: 2.9342 | Train C-index: 0.6586 | Val Loss: 4.7060 | Val C-index: 0.6341
Epoch 2/50 | Train Loss: 2.8697 | Train C-index: 0.6975 | Val Loss: 4.6609 | Val C-index: 0.7047
Epoch 3/50 | Train Loss: 2.7360 | Train C-index: 0.7383 | Val Loss: 4.5909 | Val C-index: 0.7103
Epoch 4/50 | Train Loss: 2.7536 | Train C-index: 0.7296 | Val Loss: 4.4454 | Val C-index: 0.7351
Epoch 5/50 | Train Loss: 2.7668 | Train C-index: 0.7574 | Val Loss: 4.4678 | Val C-index: 0.7208
Epoch 6/50 | Train Loss: 2.6765 | Train C-index: 0.7653 | Val Loss: 4.5080 | Val C-index: 0.7076
Epoch 7/50 | Train Loss: 2.6684 | Train C-index: 0.7778 | Val Loss: 4.5231 | Val C-index: 0.7040
Epoch 8/50 | Train Loss: 2.6323 | Train C-index: 0.7822 | Val Loss: 4.6232 | Val C-index: 0.6988
Epoch 9/50 | Train Loss: 2.6190 | Train C-index: 0.7953 | Val Loss: 4.5494 | Val C-index: 0.7190
Epoch 10/50 | Train Loss: 2.5861 | Train C-index: 0.7131 | Val Loss: 4.7209 | Val C-index: 0.6377
Epoch 11/50 | Train Loss: 2.6264 | Train C-index: 0.7869 | Val Loss: 4.4740 | Val C-index: 0.7224
Epoch 12/50 | Train Loss: 2.5599 | Train C-index: 0.7699 | Val Loss: 4.6621 | Val C-index: 0.6786
Epoch 13/50 | Train Loss: 2.5221 | Train C-index: 0.8104 | Val Loss: 4.6469 | Val C-index: 0.7092
Epoch 14/50 | Train Loss: 2.4833 | Train C-index: 0.8045 | Val Loss: 4.8492 | Val C-index: 0.6749
Early stopping at epoch 14
Fold 3 final C-index: 0.7351

Extra survival metrics:
cutoff_from_train_median: -0.293028
n_test: 168
n_high_risk: 85
n_low_risk: 83
n_event_test: 65
logrank_stat: 38.638702
logrank_p: 0.000000
auc_36m: 0.775492
auc_60m: 0.839842
mean_auc: 0.792795
HR_high_vs_low: 5.287401
HR_95CI_lower: 2.950768
HR_95CI_upper: 9.474350
cox_p: 0.000000

==================================================
Fold 5/5
==================================================
[ResNetCox] Loaded pretrained from /home/gly001/cqj/pa_ct_surv/model/ct_pretrain/resnet_18_23dataset.pth
  Missing keys (ok): ['fc.weight', 'fc.bias']
Epoch 1/50 | Train Loss: 2.9346 | Train C-index: 0.6826 | Val Loss: 7.6864 | Val C-index: 0.6397
Epoch 2/50 | Train Loss: 2.8193 | Train C-index: 0.7083 | Val Loss: 5.6393 | Val C-index: 0.6679
Epoch 3/50 | Train Loss: 2.7476 | Train C-index: 0.7339 | Val Loss: 4.4741 | Val C-index: 0.7061
Epoch 4/50 | Train Loss: 2.6955 | Train C-index: 0.7474 | Val Loss: 4.5156 | Val C-index: 0.7204
Epoch 5/50 | Train Loss: 2.7215 | Train C-index: 0.7383 | Val Loss: 4.5388 | Val C-index: 0.7026
Epoch 6/50 | Train Loss: 2.7133 | Train C-index: 0.7582 | Val Loss: 4.4680 | Val C-index: 0.7223
Epoch 7/50 | Train Loss: 2.6719 | Train C-index: 0.7590 | Val Loss: 4.5342 | Val C-index: 0.7194
Epoch 8/50 | Train Loss: 2.7692 | Train C-index: 0.7478 | Val Loss: 4.4952 | Val C-index: 0.7085
Epoch 9/50 | Train Loss: 2.7283 | Train C-index: 0.7408 | Val Loss: 4.4298 | Val C-index: 0.6981
Epoch 10/50 | Train Loss: 2.8056 | Train C-index: 0.7669 | Val Loss: 4.5660 | Val C-index: 0.7026
Epoch 11/50 | Train Loss: 2.6247 | Train C-index: 0.7699 | Val Loss: 4.5784 | Val C-index: 0.6938
Epoch 12/50 | Train Loss: 2.6434 | Train C-index: 0.7914 | Val Loss: 4.5442 | Val C-index: 0.7014
Epoch 13/50 | Train Loss: 2.6695 | Train C-index: 0.6887 | Val Loss: 4.8977 | Val C-index: 0.6117
Epoch 14/50 | Train Loss: 2.5576 | Train C-index: 0.8022 | Val Loss: 4.5904 | Val C-index: 0.6860
Epoch 15/50 | Train Loss: 2.4901 | Train C-index: 0.8003 | Val Loss: 5.1704 | Val C-index: 0.6776
Epoch 16/50 | Train Loss: 2.4965 | Train C-index: 0.7978 | Val Loss: 4.6543 | Val C-index: 0.6680
Early stopping at epoch 16
Fold 4 final C-index: 0.7223

Extra survival metrics:
cutoff_from_train_median: 0.257989
n_test: 168
n_high_risk: 74
n_low_risk: 94
n_event_test: 65
logrank_stat: 14.905490
logrank_p: 0.000113
auc_36m: 0.769438
auc_60m: 0.755255
mean_auc: 0.765765
HR_high_vs_low: 2.571183
HR_95CI_lower: 1.562664
HR_95CI_upper: 4.230587
cox_p: 0.000202

==================================================
5-Fold CV Summary
==================================================
  C-index: 0.7243 +/- 0.0092
