Using Device: cuda | ROI size: 64
Model: resnet | Augment: False
Pretrained: /home/gly001/cqj/pa_ct_surv/model/ct_pretrain/resnet_18_23dataset.pth
Checkpoints: /home/gly001/cqj/pa_ct_surv/experiments/single_modal_ct/exp5/checkpoints/bs32
Results:     /home/gly001/cqj/pa_ct_surv/experiments/single_modal_ct/exp5/results/bs32
Loaded 843 samples

==================================================
Fold 1/5
==================================================
[ResNetCox] Loaded pretrained from /home/gly001/cqj/pa_ct_surv/model/ct_pretrain/resnet_18_23dataset.pth
  Missing keys (ok): ['fc.weight', 'fc.bias']
Epoch 1/50 | Train Loss: 2.9919 | Train C-index: 0.5800 | Val Loss: 4.5555 | Val C-index: 0.5661
Epoch 2/50 | Train Loss: 2.9219 | Train C-index: 0.6795 | Val Loss: 4.4887 | Val C-index: 0.6724
Epoch 3/50 | Train Loss: 2.8883 | Train C-index: 0.7423 | Val Loss: 4.3658 | Val C-index: 0.7073
Epoch 4/50 | Train Loss: 2.7644 | Train C-index: 0.7335 | Val Loss: 4.4146 | Val C-index: 0.6736
Epoch 5/50 | Train Loss: 2.7440 | Train C-index: 0.7417 | Val Loss: 5.2665 | Val C-index: 0.7161
Epoch 6/50 | Train Loss: 2.8585 | Train C-index: 0.7460 | Val Loss: 4.3756 | Val C-index: 0.6991
Epoch 7/50 | Train Loss: 2.7199 | Train C-index: 0.7615 | Val Loss: 4.3485 | Val C-index: 0.7010
Epoch 8/50 | Train Loss: 2.6313 | Train C-index: 0.7787 | Val Loss: 4.3180 | Val C-index: 0.7253
Epoch 9/50 | Train Loss: 2.6896 | Train C-index: 0.7629 | Val Loss: 4.3249 | Val C-index: 0.7046
Epoch 10/50 | Train Loss: 2.5877 | Train C-index: 0.7785 | Val Loss: 4.3668 | Val C-index: 0.7090
Epoch 11/50 | Train Loss: 2.6305 | Train C-index: 0.7974 | Val Loss: 4.3725 | Val C-index: 0.7054
Epoch 12/50 | Train Loss: 2.5994 | Train C-index: 0.7891 | Val Loss: 4.4851 | Val C-index: 0.6497
Epoch 13/50 | Train Loss: 2.5151 | Train C-index: 0.7915 | Val Loss: 4.4723 | Val C-index: 0.7177
Epoch 14/50 | Train Loss: 2.4975 | Train C-index: 0.7441 | Val Loss: 4.6382 | Val C-index: 0.6098
Epoch 15/50 | Train Loss: 2.5180 | Train C-index: 0.8290 | Val Loss: 4.4693 | Val C-index: 0.6776
Epoch 16/50 | Train Loss: 2.4133 | Train C-index: 0.8550 | Val Loss: 4.4940 | Val C-index: 0.6771
Epoch 17/50 | Train Loss: 2.2836 | Train C-index: 0.8537 | Val Loss: 4.5542 | Val C-index: 0.7040
Epoch 18/50 | Train Loss: 2.2352 | Train C-index: 0.8442 | Val Loss: 4.7136 | Val C-index: 0.7058
Early stopping at epoch 18
Fold 0 final C-index: 0.7253

Extra survival metrics:
cutoff_from_train_median: -0.156251
n_test: 169
n_high_risk: 95
n_low_risk: 74
n_event_test: 65
logrank_stat: 31.937520
logrank_p: 0.000000
auc_36m: 0.748226
auc_60m: 0.715397
mean_auc: 0.738949
HR_high_vs_low: 5.978002
HR_95CI_lower: 2.953757
HR_95CI_upper: 12.098663
cox_p: 0.000001

==================================================
Fold 2/5
==================================================
[ResNetCox] Loaded pretrained from /home/gly001/cqj/pa_ct_surv/model/ct_pretrain/resnet_18_23dataset.pth
  Missing keys (ok): ['fc.weight', 'fc.bias']
Epoch 1/50 | Train Loss: 2.9428 | Train C-index: 0.6547 | Val Loss: 5.2698 | Val C-index: 0.6475
Epoch 2/50 | Train Loss: 2.8255 | Train C-index: 0.7056 | Val Loss: 4.7942 | Val C-index: 0.6994
Epoch 3/50 | Train Loss: 2.7320 | Train C-index: 0.7419 | Val Loss: 4.5716 | Val C-index: 0.6935
Epoch 4/50 | Train Loss: 2.6814 | Train C-index: 0.7399 | Val Loss: 4.6435 | Val C-index: 0.6631
Epoch 5/50 | Train Loss: 2.6500 | Train C-index: 0.7466 | Val Loss: 4.5722 | Val C-index: 0.6985
Epoch 6/50 | Train Loss: 2.5984 | Train C-index: 0.7374 | Val Loss: 4.6871 | Val C-index: 0.6879
Epoch 7/50 | Train Loss: 2.6234 | Train C-index: 0.7471 | Val Loss: 4.5735 | Val C-index: 0.6774
Epoch 8/50 | Train Loss: 2.5833 | Train C-index: 0.7819 | Val Loss: 4.6772 | Val C-index: 0.7084
Epoch 9/50 | Train Loss: 2.6090 | Train C-index: 0.7767 | Val Loss: 4.6567 | Val C-index: 0.7015
Epoch 10/50 | Train Loss: 2.5891 | Train C-index: 0.7945 | Val Loss: 4.6119 | Val C-index: 0.6766
Epoch 11/50 | Train Loss: 2.5076 | Train C-index: 0.8257 | Val Loss: 4.6990 | Val C-index: 0.6799
Epoch 12/50 | Train Loss: 2.4432 | Train C-index: 0.7434 | Val Loss: 4.9766 | Val C-index: 0.6357
Epoch 13/50 | Train Loss: 2.4884 | Train C-index: 0.8153 | Val Loss: 4.6910 | Val C-index: 0.7061
Epoch 14/50 | Train Loss: 2.3092 | Train C-index: 0.8115 | Val Loss: 5.0536 | Val C-index: 0.5977
Epoch 15/50 | Train Loss: 2.2968 | Train C-index: 0.8380 | Val Loss: 4.7189 | Val C-index: 0.6712
Epoch 16/50 | Train Loss: 2.3048 | Train C-index: 0.8709 | Val Loss: 4.9198 | Val C-index: 0.6666
Epoch 17/50 | Train Loss: 2.2059 | Train C-index: 0.8115 | Val Loss: 6.4668 | Val C-index: 0.6595
Epoch 18/50 | Train Loss: 2.1508 | Train C-index: 0.8783 | Val Loss: 5.1107 | Val C-index: 0.6930
Early stopping at epoch 18
Fold 1 final C-index: 0.7084

Extra survival metrics:
cutoff_from_train_median: -0.191562
n_test: 169
n_high_risk: 85
n_low_risk: 84
n_event_test: 65
logrank_stat: 16.113083
logrank_p: 0.000060
auc_36m: 0.703609
auc_60m: 0.689244
mean_auc: 0.700106
HR_high_vs_low: 2.822668
HR_95CI_lower: 1.661943
HR_95CI_upper: 4.794061
cox_p: 0.000123

==================================================
Fold 3/5
==================================================
[ResNetCox] Loaded pretrained from /home/gly001/cqj/pa_ct_surv/model/ct_pretrain/resnet_18_23dataset.pth
  Missing keys (ok): ['fc.weight', 'fc.bias']
Epoch 1/50 | Train Loss: 2.9422 | Train C-index: 0.6609 | Val Loss: 4.6190 | Val C-index: 0.6681
Epoch 2/50 | Train Loss: 2.7839 | Train C-index: 0.6703 | Val Loss: 4.5899 | Val C-index: 0.6933
Epoch 3/50 | Train Loss: 2.8026 | Train C-index: 0.7159 | Val Loss: 4.5761 | Val C-index: 0.7000
Epoch 4/50 | Train Loss: 2.7369 | Train C-index: 0.6734 | Val Loss: 4.9638 | Val C-index: 0.5970
Epoch 5/50 | Train Loss: 2.7440 | Train C-index: 0.7440 | Val Loss: 4.4965 | Val C-index: 0.7150
Epoch 6/50 | Train Loss: 2.6248 | Train C-index: 0.7584 | Val Loss: 4.7270 | Val C-index: 0.6491
Epoch 7/50 | Train Loss: 2.5824 | Train C-index: 0.7823 | Val Loss: 4.5769 | Val C-index: 0.6732
Epoch 8/50 | Train Loss: 2.5302 | Train C-index: 0.7769 | Val Loss: 4.6985 | Val C-index: 0.6537
Epoch 9/50 | Train Loss: 2.5419 | Train C-index: 0.7783 | Val Loss: 4.9727 | Val C-index: 0.6485
Epoch 10/50 | Train Loss: 2.5117 | Train C-index: 0.8148 | Val Loss: 4.5358 | Val C-index: 0.6981
Epoch 11/50 | Train Loss: 2.4904 | Train C-index: 0.8156 | Val Loss: 4.8329 | Val C-index: 0.6319
Epoch 12/50 | Train Loss: 2.4171 | Train C-index: 0.8056 | Val Loss: 4.7428 | Val C-index: 0.6896
Epoch 13/50 | Train Loss: 2.3747 | Train C-index: 0.8223 | Val Loss: 5.1017 | Val C-index: 0.6175
Epoch 14/50 | Train Loss: 2.4099 | Train C-index: 0.8401 | Val Loss: 4.7248 | Val C-index: 0.6619
Epoch 15/50 | Train Loss: 2.2245 | Train C-index: 0.8373 | Val Loss: 5.2948 | Val C-index: 0.6253
Early stopping at epoch 15
Fold 2 final C-index: 0.7150

Extra survival metrics:
cutoff_from_train_median: 0.070478
n_test: 169
n_high_risk: 90
n_low_risk: 79
n_event_test: 65
logrank_stat: 30.000870
logrank_p: 0.000000
auc_36m: 0.776163
auc_60m: 0.719563
mean_auc: 0.764996
HR_high_vs_low: 4.722496
HR_95CI_lower: 2.562025
HR_95CI_upper: 8.704819
cox_p: 0.000001

==================================================
Fold 4/5
==================================================
[ResNetCox] Loaded pretrained from /home/gly001/cqj/pa_ct_surv/model/ct_pretrain/resnet_18_23dataset.pth
  Missing keys (ok): ['fc.weight', 'fc.bias']
Epoch 1/50 | Train Loss: 2.9383 | Train C-index: 0.6617 | Val Loss: 4.8594 | Val C-index: 0.6565
Epoch 2/50 | Train Loss: 2.8675 | Train C-index: 0.6980 | Val Loss: 4.6128 | Val C-index: 0.6846
Epoch 3/50 | Train Loss: 2.7855 | Train C-index: 0.7149 | Val Loss: 4.5296 | Val C-index: 0.7275
Epoch 4/50 | Train Loss: 2.8061 | Train C-index: 0.7383 | Val Loss: 4.5342 | Val C-index: 0.7222
Epoch 5/50 | Train Loss: 2.8944 | Train C-index: 0.6293 | Val Loss: 4.8017 | Val C-index: 0.6520
Epoch 6/50 | Train Loss: 2.7330 | Train C-index: 0.7405 | Val Loss: 4.6112 | Val C-index: 0.7205
Epoch 7/50 | Train Loss: 2.7162 | Train C-index: 0.7623 | Val Loss: 4.4537 | Val C-index: 0.7315
Epoch 8/50 | Train Loss: 2.6943 | Train C-index: 0.7670 | Val Loss: 4.7871 | Val C-index: 0.7045
Epoch 9/50 | Train Loss: 2.6109 | Train C-index: 0.7666 | Val Loss: 4.5170 | Val C-index: 0.7031
Epoch 10/50 | Train Loss: 2.5965 | Train C-index: 0.7866 | Val Loss: 4.5436 | Val C-index: 0.6955
Epoch 11/50 | Train Loss: 2.5658 | Train C-index: 0.7787 | Val Loss: 4.5635 | Val C-index: 0.7133
Epoch 12/50 | Train Loss: 2.5879 | Train C-index: 0.7242 | Val Loss: 4.6891 | Val C-index: 0.7134
Epoch 13/50 | Train Loss: 2.5096 | Train C-index: 0.8142 | Val Loss: 4.5426 | Val C-index: 0.7097
Epoch 14/50 | Train Loss: 2.3978 | Train C-index: 0.8034 | Val Loss: 4.6360 | Val C-index: 0.7005
Epoch 15/50 | Train Loss: 2.4412 | Train C-index: 0.8459 | Val Loss: 4.7078 | Val C-index: 0.6665
Epoch 16/50 | Train Loss: 2.3665 | Train C-index: 0.8429 | Val Loss: 4.7369 | Val C-index: 0.6936
Epoch 17/50 | Train Loss: 2.4228 | Train C-index: 0.8676 | Val Loss: 4.9318 | Val C-index: 0.6327
Early stopping at epoch 17
Fold 3 final C-index: 0.7315

Extra survival metrics:
cutoff_from_train_median: 0.413941
n_test: 168
n_high_risk: 84
n_low_risk: 84
n_event_test: 65
logrank_stat: 33.771922
logrank_p: 0.000000
auc_36m: 0.760306
auc_60m: 0.816926
mean_auc: 0.775530
HR_high_vs_low: 4.639666
HR_95CI_lower: 2.629342
HR_95CI_upper: 8.187030
cox_p: 0.000000

==================================================
Fold 5/5
==================================================
[ResNetCox] Loaded pretrained from /home/gly001/cqj/pa_ct_surv/model/ct_pretrain/resnet_18_23dataset.pth
  Missing keys (ok): ['fc.weight', 'fc.bias']
Epoch 1/50 | Train Loss: 2.9197 | Train C-index: 0.6782 | Val Loss: 4.8504 | Val C-index: 0.6307
Epoch 2/50 | Train Loss: 2.7325 | Train C-index: 0.6995 | Val Loss: 5.9910 | Val C-index: 0.6565
Epoch 3/50 | Train Loss: 2.7454 | Train C-index: 0.7292 | Val Loss: 4.4512 | Val C-index: 0.7108
Epoch 4/50 | Train Loss: 2.6856 | Train C-index: 0.7435 | Val Loss: 4.6602 | Val C-index: 0.7240
Epoch 5/50 | Train Loss: 2.6717 | Train C-index: 0.7468 | Val Loss: 4.4473 | Val C-index: 0.7323
Epoch 6/50 | Train Loss: 2.6788 | Train C-index: 0.7618 | Val Loss: 4.5677 | Val C-index: 0.7202
Epoch 7/50 | Train Loss: 2.6508 | Train C-index: 0.7649 | Val Loss: 4.5857 | Val C-index: 0.7211
Epoch 8/50 | Train Loss: 2.6146 | Train C-index: 0.7669 | Val Loss: 4.5423 | Val C-index: 0.6912
Epoch 9/50 | Train Loss: 2.6391 | Train C-index: 0.7815 | Val Loss: 4.5425 | Val C-index: 0.7154
Epoch 10/50 | Train Loss: 2.6009 | Train C-index: 0.7774 | Val Loss: 4.5024 | Val C-index: 0.6856
Epoch 11/50 | Train Loss: 2.5669 | Train C-index: 0.7982 | Val Loss: 4.4540 | Val C-index: 0.7248
Epoch 12/50 | Train Loss: 2.4980 | Train C-index: 0.7791 | Val Loss: 4.6851 | Val C-index: 0.7001
Epoch 13/50 | Train Loss: 2.5027 | Train C-index: 0.7711 | Val Loss: 4.6922 | Val C-index: 0.6631
Epoch 14/50 | Train Loss: 2.5996 | Train C-index: 0.7152 | Val Loss: 4.6716 | Val C-index: 0.6991
Epoch 15/50 | Train Loss: 2.6292 | Train C-index: 0.8024 | Val Loss: 4.5763 | Val C-index: 0.7101
Early stopping at epoch 15
Fold 4 final C-index: 0.7323

Extra survival metrics:
cutoff_from_train_median: 0.337452
n_test: 168
n_high_risk: 75
n_low_risk: 93
n_event_test: 65
logrank_stat: 36.629505
logrank_p: 0.000000
auc_36m: 0.775443
auc_60m: 0.756362
mean_auc: 0.770502
HR_high_vs_low: 4.470806
HR_95CI_lower: 2.630935
HR_95CI_upper: 7.597338
cox_p: 0.000000

==================================================
5-Fold CV Summary
==================================================
  C-index: 0.7225 +/- 0.0105
