Using Device: cuda | ROI size: 64
Model: resnet | Augment: False
Pretrained: /home/gly001/cqj/pa_ct_surv/model/ct_pretrain/resnet_18_23dataset.pth
Checkpoints: /home/gly001/cqj/pa_ct_surv/experiments/single_modal_ct/exp3/checkpoints/lr5e-5
Results:     /home/gly001/cqj/pa_ct_surv/experiments/single_modal_ct/exp3/results/lr5e-5
Loaded 843 samples

==================================================
Fold 1/5
==================================================
[ResNetCox] Loaded pretrained from /home/gly001/cqj/pa_ct_surv/model/ct_pretrain/resnet_18_23dataset.pth
  Missing keys (ok): ['fc.weight', 'fc.bias']
Epoch 1/50 | Train Loss: 2.9260 | Train C-index: 0.6415 | Val Loss: 4.4765 | Val C-index: 0.6446
Epoch 2/50 | Train Loss: 2.8388 | Train C-index: 0.6644 | Val Loss: 4.5112 | Val C-index: 0.6042
Epoch 3/50 | Train Loss: 2.7129 | Train C-index: 0.7525 | Val Loss: 4.3983 | Val C-index: 0.6977
Epoch 4/50 | Train Loss: 2.7392 | Train C-index: 0.7642 | Val Loss: 4.3217 | Val C-index: 0.7308
Epoch 5/50 | Train Loss: 2.6245 | Train C-index: 0.7577 | Val Loss: 4.4361 | Val C-index: 0.6799
Epoch 6/50 | Train Loss: 2.6692 | Train C-index: 0.7890 | Val Loss: 4.3341 | Val C-index: 0.7247
Epoch 7/50 | Train Loss: 2.6508 | Train C-index: 0.7800 | Val Loss: 4.4425 | Val C-index: 0.6984
Epoch 8/50 | Train Loss: 2.5300 | Train C-index: 0.8101 | Val Loss: 4.4322 | Val C-index: 0.7016
Epoch 9/50 | Train Loss: 2.5467 | Train C-index: 0.7546 | Val Loss: 4.4423 | Val C-index: 0.7053
Epoch 10/50 | Train Loss: 2.4771 | Train C-index: 0.7999 | Val Loss: 4.5733 | Val C-index: 0.6354
Epoch 11/50 | Train Loss: 2.5360 | Train C-index: 0.8136 | Val Loss: 4.4674 | Val C-index: 0.7006
Epoch 12/50 | Train Loss: 2.5241 | Train C-index: 0.8518 | Val Loss: 4.6048 | Val C-index: 0.6683
Epoch 13/50 | Train Loss: 2.2844 | Train C-index: 0.8652 | Val Loss: 4.4991 | Val C-index: 0.6737
Epoch 14/50 | Train Loss: 2.3068 | Train C-index: 0.8542 | Val Loss: 4.6693 | Val C-index: 0.7018
Early stopping at epoch 14
Fold 0 final C-index: 0.7308

Extra survival metrics:
cutoff_from_train_median: -0.542515
n_test: 169
n_high_risk: 88
n_low_risk: 81
n_event_test: 65
logrank_stat: 28.861766
logrank_p: 0.000000
auc_36m: 0.769801
auc_60m: 0.720426
mean_auc: 0.755849
HR_high_vs_low: 4.572358
HR_95CI_lower: 2.487407
HR_95CI_upper: 8.404918
cox_p: 0.000001

==================================================
Fold 2/5
==================================================
[ResNetCox] Loaded pretrained from /home/gly001/cqj/pa_ct_surv/model/ct_pretrain/resnet_18_23dataset.pth
  Missing keys (ok): ['fc.weight', 'fc.bias']
Epoch 1/50 | Train Loss: 3.0211 | Train C-index: 0.6367 | Val Loss: 4.6214 | Val C-index: 0.6585
Epoch 2/50 | Train Loss: 2.7940 | Train C-index: 0.6952 | Val Loss: 4.6396 | Val C-index: 0.6870
Epoch 3/50 | Train Loss: 2.6828 | Train C-index: 0.7364 | Val Loss: 4.6282 | Val C-index: 0.7051
Epoch 4/50 | Train Loss: 2.6177 | Train C-index: 0.7535 | Val Loss: 4.5393 | Val C-index: 0.7167
Epoch 5/50 | Train Loss: 2.6198 | Train C-index: 0.7717 | Val Loss: 4.5786 | Val C-index: 0.6874
Epoch 6/50 | Train Loss: 2.6361 | Train C-index: 0.7801 | Val Loss: 4.5902 | Val C-index: 0.7174
Epoch 7/50 | Train Loss: 2.5907 | Train C-index: 0.7657 | Val Loss: 4.6949 | Val C-index: 0.7161
Epoch 8/50 | Train Loss: 2.5366 | Train C-index: 0.7329 | Val Loss: 4.6640 | Val C-index: 0.6467
Epoch 9/50 | Train Loss: 2.5209 | Train C-index: 0.8014 | Val Loss: 4.6192 | Val C-index: 0.7016
Epoch 10/50 | Train Loss: 2.4532 | Train C-index: 0.8093 | Val Loss: 4.7575 | Val C-index: 0.6920
Epoch 11/50 | Train Loss: 2.4292 | Train C-index: 0.8183 | Val Loss: 4.8778 | Val C-index: 0.6717
Epoch 12/50 | Train Loss: 2.4340 | Train C-index: 0.8494 | Val Loss: 4.7126 | Val C-index: 0.6753
Epoch 13/50 | Train Loss: 2.3047 | Train C-index: 0.8453 | Val Loss: 5.2087 | Val C-index: 0.6708
Epoch 14/50 | Train Loss: 2.3244 | Train C-index: 0.8632 | Val Loss: 4.8915 | Val C-index: 0.6980
Epoch 15/50 | Train Loss: 2.0162 | Train C-index: 0.8963 | Val Loss: 4.9509 | Val C-index: 0.6662
Epoch 16/50 | Train Loss: 2.0785 | Train C-index: 0.8923 | Val Loss: 5.0293 | Val C-index: 0.6660
Early stopping at epoch 16
Fold 1 final C-index: 0.7174

Extra survival metrics:
cutoff_from_train_median: -0.004946
n_test: 169
n_high_risk: 76
n_low_risk: 93
n_event_test: 65
logrank_stat: 20.135556
logrank_p: 0.000007
auc_36m: 0.724285
auc_60m: 0.702170
mean_auc: 0.718891
HR_high_vs_low: 3.075970
HR_95CI_lower: 1.834831
HR_95CI_upper: 5.156653
cox_p: 0.000020

==================================================
Fold 3/5
==================================================
[ResNetCox] Loaded pretrained from /home/gly001/cqj/pa_ct_surv/model/ct_pretrain/resnet_18_23dataset.pth
  Missing keys (ok): ['fc.weight', 'fc.bias']
Epoch 1/50 | Train Loss: 2.8678 | Train C-index: 0.6725 | Val Loss: 4.6091 | Val C-index: 0.6550
Epoch 2/50 | Train Loss: 2.7436 | Train C-index: 0.7186 | Val Loss: 4.5284 | Val C-index: 0.7052
Epoch 3/50 | Train Loss: 2.6351 | Train C-index: 0.7376 | Val Loss: 4.5450 | Val C-index: 0.7043
Epoch 4/50 | Train Loss: 2.6468 | Train C-index: 0.7649 | Val Loss: 4.5102 | Val C-index: 0.7210
Epoch 5/50 | Train Loss: 2.5787 | Train C-index: 0.7678 | Val Loss: 4.5235 | Val C-index: 0.7258
Epoch 6/50 | Train Loss: 2.5383 | Train C-index: 0.8023 | Val Loss: 4.5750 | Val C-index: 0.6902
Epoch 7/50 | Train Loss: 2.4786 | Train C-index: 0.7944 | Val Loss: 4.6767 | Val C-index: 0.6774
Epoch 8/50 | Train Loss: 2.5548 | Train C-index: 0.7825 | Val Loss: 4.5862 | Val C-index: 0.7074
Epoch 9/50 | Train Loss: 2.4869 | Train C-index: 0.8128 | Val Loss: 4.6547 | Val C-index: 0.6745
Epoch 10/50 | Train Loss: 2.4027 | Train C-index: 0.7987 | Val Loss: 4.9357 | Val C-index: 0.6400
Epoch 11/50 | Train Loss: 2.3956 | Train C-index: 0.8297 | Val Loss: 4.7087 | Val C-index: 0.6563
Epoch 12/50 | Train Loss: 2.2126 | Train C-index: 0.8356 | Val Loss: 5.0125 | Val C-index: 0.7005
Epoch 13/50 | Train Loss: 2.2594 | Train C-index: 0.8608 | Val Loss: 4.8416 | Val C-index: 0.6728
Epoch 14/50 | Train Loss: 2.2047 | Train C-index: 0.8950 | Val Loss: 4.9552 | Val C-index: 0.6667
Epoch 15/50 | Train Loss: 2.0141 | Train C-index: 0.8963 | Val Loss: 5.3088 | Val C-index: 0.6498
Early stopping at epoch 15
Fold 2 final C-index: 0.7258

Extra survival metrics:
cutoff_from_train_median: -0.420773
n_test: 169
n_high_risk: 88
n_low_risk: 81
n_event_test: 65
logrank_stat: 22.894132
logrank_p: 0.000002
auc_36m: 0.776197
auc_60m: 0.725088
mean_auc: 0.766114
HR_high_vs_low: 3.578953
HR_95CI_lower: 2.049406
HR_95CI_upper: 6.250059
cox_p: 0.000007

==================================================
Fold 4/5
==================================================
[ResNetCox] Loaded pretrained from /home/gly001/cqj/pa_ct_surv/model/ct_pretrain/resnet_18_23dataset.pth
  Missing keys (ok): ['fc.weight', 'fc.bias']
Epoch 1/50 | Train Loss: 2.9594 | Train C-index: 0.6060 | Val Loss: 4.7316 | Val C-index: 0.6174
Epoch 2/50 | Train Loss: 2.7784 | Train C-index: 0.6877 | Val Loss: 4.7102 | Val C-index: 0.6920
Epoch 3/50 | Train Loss: 2.7259 | Train C-index: 0.7237 | Val Loss: 4.6670 | Val C-index: 0.7234
Epoch 4/50 | Train Loss: 2.7386 | Train C-index: 0.7497 | Val Loss: 4.4691 | Val C-index: 0.7279
Epoch 5/50 | Train Loss: 2.6606 | Train C-index: 0.7548 | Val Loss: 4.4967 | Val C-index: 0.7242
Epoch 6/50 | Train Loss: 2.6521 | Train C-index: 0.7709 | Val Loss: 4.4957 | Val C-index: 0.7184
Epoch 7/50 | Train Loss: 2.6082 | Train C-index: 0.7704 | Val Loss: 4.5172 | Val C-index: 0.7214
Epoch 8/50 | Train Loss: 2.5322 | Train C-index: 0.7936 | Val Loss: 4.4932 | Val C-index: 0.7227
Epoch 9/50 | Train Loss: 2.4903 | Train C-index: 0.8057 | Val Loss: 4.5413 | Val C-index: 0.7171
Epoch 10/50 | Train Loss: 2.6181 | Train C-index: 0.8011 | Val Loss: 4.7777 | Val C-index: 0.7068
Epoch 11/50 | Train Loss: 2.5015 | Train C-index: 0.8095 | Val Loss: 4.6784 | Val C-index: 0.7109
Epoch 12/50 | Train Loss: 2.4642 | Train C-index: 0.8075 | Val Loss: 4.6100 | Val C-index: 0.7125
Epoch 13/50 | Train Loss: 2.4361 | Train C-index: 0.8438 | Val Loss: 4.7026 | Val C-index: 0.7028
Epoch 14/50 | Train Loss: 2.2983 | Train C-index: 0.8522 | Val Loss: 4.8883 | Val C-index: 0.6644
Early stopping at epoch 14
Fold 3 final C-index: 0.7279

Extra survival metrics:
cutoff_from_train_median: 0.085880
n_test: 168
n_high_risk: 88
n_low_risk: 80
n_event_test: 65
logrank_stat: 34.316938
logrank_p: 0.000000
auc_36m: 0.746213
auc_60m: 0.829133
mean_auc: 0.768509
HR_high_vs_low: 4.988028
HR_95CI_lower: 2.751660
HR_95CI_upper: 9.041968
cox_p: 0.000000

==================================================
Fold 5/5
==================================================
[ResNetCox] Loaded pretrained from /home/gly001/cqj/pa_ct_surv/model/ct_pretrain/resnet_18_23dataset.pth
  Missing keys (ok): ['fc.weight', 'fc.bias']
Epoch 1/50 | Train Loss: 3.0042 | Train C-index: 0.6707 | Val Loss: 4.5722 | Val C-index: 0.6235
Epoch 2/50 | Train Loss: 2.7691 | Train C-index: 0.6954 | Val Loss: 4.5072 | Val C-index: 0.6284
Epoch 3/50 | Train Loss: 2.6654 | Train C-index: 0.7479 | Val Loss: 4.5331 | Val C-index: 0.6949
Epoch 4/50 | Train Loss: 2.7247 | Train C-index: 0.7543 | Val Loss: 4.5276 | Val C-index: 0.6781
Epoch 5/50 | Train Loss: 2.6974 | Train C-index: 0.7791 | Val Loss: 4.4762 | Val C-index: 0.7005
Epoch 6/50 | Train Loss: 2.5497 | Train C-index: 0.7957 | Val Loss: 4.5560 | Val C-index: 0.7112
Epoch 7/50 | Train Loss: 2.6953 | Train C-index: 0.7598 | Val Loss: 4.6732 | Val C-index: 0.6666
Epoch 8/50 | Train Loss: 2.6073 | Train C-index: 0.7924 | Val Loss: 4.5198 | Val C-index: 0.7033
Epoch 9/50 | Train Loss: 2.5128 | Train C-index: 0.8173 | Val Loss: 4.6041 | Val C-index: 0.6809
Epoch 10/50 | Train Loss: 2.5480 | Train C-index: 0.8298 | Val Loss: 4.6930 | Val C-index: 0.6868
Epoch 11/50 | Train Loss: 2.3408 | Train C-index: 0.8302 | Val Loss: 4.6296 | Val C-index: 0.6972
Epoch 12/50 | Train Loss: 2.3479 | Train C-index: 0.8568 | Val Loss: 4.8499 | Val C-index: 0.6803
Epoch 13/50 | Train Loss: 2.3184 | Train C-index: 0.8317 | Val Loss: 4.7352 | Val C-index: 0.6876
Epoch 14/50 | Train Loss: 2.2188 | Train C-index: 0.8540 | Val Loss: 4.8197 | Val C-index: 0.6360
Epoch 15/50 | Train Loss: 2.0968 | Train C-index: 0.8815 | Val Loss: 5.0688 | Val C-index: 0.6508
Epoch 16/50 | Train Loss: 2.1581 | Train C-index: 0.8803 | Val Loss: 4.9403 | Val C-index: 0.6970
Early stopping at epoch 16
Fold 4 final C-index: 0.7112

Extra survival metrics:
cutoff_from_train_median: 0.189353
n_test: 168
n_high_risk: 73
n_low_risk: 95
n_event_test: 65
logrank_stat: 21.473599
logrank_p: 0.000004
auc_36m: 0.751591
auc_60m: 0.759537
mean_auc: 0.753649
HR_high_vs_low: 3.109383
HR_95CI_lower: 1.874519
HR_95CI_upper: 5.157730
cox_p: 0.000011

==================================================
5-Fold CV Summary
==================================================
  C-index: 0.7226 +/- 0.0081
