Using Device: cuda | ROI size: 64
Model: resnet | Augment: False
Pretrained: /home/gly001/cqj/pa_ct_surv/model/ct_pretrain/resnet_18_23dataset.pth
Checkpoints: /home/gly001/cqj/pa_ct_surv/experiments/single_modal_ct/exp4/checkpoints/wd0
Results:     /home/gly001/cqj/pa_ct_surv/experiments/single_modal_ct/exp4/results/wd0
Loaded 843 samples

==================================================
Fold 1/5
==================================================
[ResNetCox] Loaded pretrained from /home/gly001/cqj/pa_ct_surv/model/ct_pretrain/resnet_18_23dataset.pth
  Missing keys (ok): ['fc.weight', 'fc.bias']
Epoch 1/50 | Train Loss: 2.8825 | Train C-index: 0.6604 | Val Loss: 8.5058 | Val C-index: 0.6694
Epoch 2/50 | Train Loss: 2.7697 | Train C-index: 0.6841 | Val Loss: 7.5650 | Val C-index: 0.6852
Epoch 3/50 | Train Loss: 2.7415 | Train C-index: 0.7398 | Val Loss: 4.3351 | Val C-index: 0.7155
Epoch 4/50 | Train Loss: 2.7217 | Train C-index: 0.6981 | Val Loss: 4.6131 | Val C-index: 0.5869
Epoch 5/50 | Train Loss: 2.8245 | Train C-index: 0.6926 | Val Loss: 4.5224 | Val C-index: 0.6701
Epoch 6/50 | Train Loss: 2.6940 | Train C-index: 0.7032 | Val Loss: 4.4226 | Val C-index: 0.6854
Epoch 7/50 | Train Loss: 2.6197 | Train C-index: 0.7709 | Val Loss: 4.3666 | Val C-index: 0.7035
Epoch 8/50 | Train Loss: 2.6129 | Train C-index: 0.7750 | Val Loss: 4.3967 | Val C-index: 0.6948
Epoch 9/50 | Train Loss: 2.6081 | Train C-index: 0.7856 | Val Loss: 4.3363 | Val C-index: 0.7164
Epoch 10/50 | Train Loss: 2.5612 | Train C-index: 0.7691 | Val Loss: 4.4825 | Val C-index: 0.6792
Epoch 11/50 | Train Loss: 2.5747 | Train C-index: 0.8012 | Val Loss: 4.4719 | Val C-index: 0.6969
Epoch 12/50 | Train Loss: 2.5738 | Train C-index: 0.7975 | Val Loss: 4.4928 | Val C-index: 0.6969
Epoch 13/50 | Train Loss: 2.4929 | Train C-index: 0.7724 | Val Loss: 4.5572 | Val C-index: 0.6526
Epoch 14/50 | Train Loss: 2.4156 | Train C-index: 0.8183 | Val Loss: 4.8102 | Val C-index: 0.6885
Epoch 15/50 | Train Loss: 2.5270 | Train C-index: 0.8202 | Val Loss: 4.5122 | Val C-index: 0.6568
Epoch 16/50 | Train Loss: 2.4499 | Train C-index: 0.8216 | Val Loss: 4.4997 | Val C-index: 0.6984
Epoch 17/50 | Train Loss: 2.3435 | Train C-index: 0.8660 | Val Loss: 4.6389 | Val C-index: 0.6732
Epoch 18/50 | Train Loss: 2.2417 | Train C-index: 0.7682 | Val Loss: 5.1743 | Val C-index: 0.6274
Epoch 19/50 | Train Loss: 2.2997 | Train C-index: 0.8615 | Val Loss: 4.8834 | Val C-index: 0.6895
Early stopping at epoch 19
Fold 0 final C-index: 0.7164

Extra survival metrics:
cutoff_from_train_median: -0.223666
n_test: 169
n_high_risk: 86
n_low_risk: 83
n_event_test: 65
logrank_stat: 25.141699
logrank_p: 0.000001
auc_36m: 0.729129
auc_60m: 0.706125
mean_auc: 0.722629
HR_high_vs_low: 4.059958
HR_95CI_lower: 2.244252
HR_95CI_upper: 7.344654
cox_p: 0.000004

==================================================
Fold 2/5
==================================================
[ResNetCox] Loaded pretrained from /home/gly001/cqj/pa_ct_surv/model/ct_pretrain/resnet_18_23dataset.pth
  Missing keys (ok): ['fc.weight', 'fc.bias']
Epoch 1/50 | Train Loss: 2.7689 | Train C-index: 0.6758 | Val Loss: 7.5131 | Val C-index: 0.6816
Epoch 2/50 | Train Loss: 2.8041 | Train C-index: 0.7045 | Val Loss: 5.5630 | Val C-index: 0.6964
Epoch 3/50 | Train Loss: 2.7178 | Train C-index: 0.7424 | Val Loss: 4.5541 | Val C-index: 0.7007
Epoch 4/50 | Train Loss: 2.6881 | Train C-index: 0.7277 | Val Loss: 4.5800 | Val C-index: 0.7176
Epoch 5/50 | Train Loss: 2.6978 | Train C-index: 0.7370 | Val Loss: 4.6070 | Val C-index: 0.6765
Epoch 6/50 | Train Loss: 2.7234 | Train C-index: 0.7625 | Val Loss: 4.5426 | Val C-index: 0.7156
Epoch 7/50 | Train Loss: 2.7270 | Train C-index: 0.7192 | Val Loss: 4.5690 | Val C-index: 0.7049
Epoch 8/50 | Train Loss: 2.7117 | Train C-index: 0.7440 | Val Loss: 4.5066 | Val C-index: 0.7125
Epoch 9/50 | Train Loss: 2.6507 | Train C-index: 0.7547 | Val Loss: 4.5034 | Val C-index: 0.7339
Epoch 10/50 | Train Loss: 2.6313 | Train C-index: 0.7672 | Val Loss: 4.4712 | Val C-index: 0.7167
Epoch 11/50 | Train Loss: 2.6457 | Train C-index: 0.7755 | Val Loss: 4.5316 | Val C-index: 0.7112
Epoch 12/50 | Train Loss: 2.5777 | Train C-index: 0.7787 | Val Loss: 4.5043 | Val C-index: 0.7283
Epoch 13/50 | Train Loss: 2.5487 | Train C-index: 0.7874 | Val Loss: 4.5290 | Val C-index: 0.7101
Epoch 14/50 | Train Loss: 2.5950 | Train C-index: 0.7740 | Val Loss: 4.5614 | Val C-index: 0.7232
Epoch 15/50 | Train Loss: 2.5377 | Train C-index: 0.7981 | Val Loss: 4.4890 | Val C-index: 0.7271
Epoch 16/50 | Train Loss: 2.5688 | Train C-index: 0.7907 | Val Loss: 4.6701 | Val C-index: 0.6897
Epoch 17/50 | Train Loss: 2.4907 | Train C-index: 0.7877 | Val Loss: 4.5600 | Val C-index: 0.7194
Epoch 18/50 | Train Loss: 2.4518 | Train C-index: 0.8104 | Val Loss: 4.8705 | Val C-index: 0.6827
Epoch 19/50 | Train Loss: 2.3666 | Train C-index: 0.7602 | Val Loss: 4.8538 | Val C-index: 0.6179
Early stopping at epoch 19
Fold 1 final C-index: 0.7339

Extra survival metrics:
cutoff_from_train_median: -0.275651
n_test: 169
n_high_risk: 81
n_low_risk: 88
n_event_test: 65
logrank_stat: 22.644867
logrank_p: 0.000002
auc_36m: 0.740186
auc_60m: 0.730479
mean_auc: 0.737819
HR_high_vs_low: 3.410052
HR_95CI_lower: 1.992948
HR_95CI_upper: 5.834801
cox_p: 0.000008

==================================================
Fold 3/5
==================================================
[ResNetCox] Loaded pretrained from /home/gly001/cqj/pa_ct_surv/model/ct_pretrain/resnet_18_23dataset.pth
  Missing keys (ok): ['fc.weight', 'fc.bias']
Epoch 1/50 | Train Loss: 2.9132 | Train C-index: 0.6883 | Val Loss: 4.6540 | Val C-index: 0.6750
Epoch 2/50 | Train Loss: 2.8216 | Train C-index: 0.6757 | Val Loss: 5.1410 | Val C-index: 0.6481
Epoch 3/50 | Train Loss: 2.7132 | Train C-index: 0.7200 | Val Loss: 4.5592 | Val C-index: 0.6919
Epoch 4/50 | Train Loss: 2.7963 | Train C-index: 0.6929 | Val Loss: 4.6892 | Val C-index: 0.6166
Epoch 5/50 | Train Loss: 2.7494 | Train C-index: 0.7269 | Val Loss: 4.6142 | Val C-index: 0.6831
Epoch 6/50 | Train Loss: 2.7325 | Train C-index: 0.7525 | Val Loss: 4.5643 | Val C-index: 0.6971
Epoch 7/50 | Train Loss: 2.6917 | Train C-index: 0.7474 | Val Loss: 4.5786 | Val C-index: 0.6973
Epoch 8/50 | Train Loss: 2.6053 | Train C-index: 0.7642 | Val Loss: 4.5665 | Val C-index: 0.7076
Epoch 9/50 | Train Loss: 2.6052 | Train C-index: 0.7608 | Val Loss: 4.6508 | Val C-index: 0.6756
Epoch 10/50 | Train Loss: 2.6201 | Train C-index: 0.7783 | Val Loss: 4.5986 | Val C-index: 0.6743
Epoch 11/50 | Train Loss: 2.5593 | Train C-index: 0.7732 | Val Loss: 4.7178 | Val C-index: 0.6372
Epoch 12/50 | Train Loss: 2.4681 | Train C-index: 0.8054 | Val Loss: 4.6958 | Val C-index: 0.6842
Epoch 13/50 | Train Loss: 2.5444 | Train C-index: 0.8216 | Val Loss: 4.7951 | Val C-index: 0.6640
Epoch 14/50 | Train Loss: 2.3917 | Train C-index: 0.8204 | Val Loss: 4.8365 | Val C-index: 0.6330
Epoch 15/50 | Train Loss: 2.4306 | Train C-index: 0.8456 | Val Loss: 4.6601 | Val C-index: 0.6622
Epoch 16/50 | Train Loss: 2.3240 | Train C-index: 0.8508 | Val Loss: 4.9294 | Val C-index: 0.6367
Epoch 17/50 | Train Loss: 2.2332 | Train C-index: 0.8229 | Val Loss: 4.9567 | Val C-index: 0.6775
Epoch 18/50 | Train Loss: 2.2800 | Train C-index: 0.8548 | Val Loss: 5.0490 | Val C-index: 0.6247
Early stopping at epoch 18
Fold 2 final C-index: 0.7076

Extra survival metrics:
cutoff_from_train_median: -0.322853
n_test: 169
n_high_risk: 88
n_low_risk: 81
n_event_test: 65
logrank_stat: 15.640937
logrank_p: 0.000077
auc_36m: 0.770497
auc_60m: 0.697069
mean_auc: 0.756010
HR_high_vs_low: 2.829002
HR_95CI_lower: 1.650975
HR_95CI_upper: 4.847590
cox_p: 0.000154

==================================================
Fold 4/5
==================================================
[ResNetCox] Loaded pretrained from /home/gly001/cqj/pa_ct_surv/model/ct_pretrain/resnet_18_23dataset.pth
  Missing keys (ok): ['fc.weight', 'fc.bias']
Epoch 1/50 | Train Loss: 2.9075 | Train C-index: 0.6754 | Val Loss: 4.7240 | Val C-index: 0.6611
Epoch 2/50 | Train Loss: 2.7793 | Train C-index: 0.6920 | Val Loss: 4.6423 | Val C-index: 0.6937
Epoch 3/50 | Train Loss: 2.7701 | Train C-index: 0.7291 | Val Loss: 4.5625 | Val C-index: 0.7062
Epoch 4/50 | Train Loss: 2.7188 | Train C-index: 0.7295 | Val Loss: 4.6994 | Val C-index: 0.7201
Epoch 5/50 | Train Loss: 2.6953 | Train C-index: 0.6530 | Val Loss: 4.6757 | Val C-index: 0.6606
Epoch 6/50 | Train Loss: 2.7094 | Train C-index: 0.7474 | Val Loss: 4.5060 | Val C-index: 0.7197
Epoch 7/50 | Train Loss: 2.6207 | Train C-index: 0.7560 | Val Loss: 4.5564 | Val C-index: 0.6946
Epoch 8/50 | Train Loss: 2.6165 | Train C-index: 0.7729 | Val Loss: 4.5566 | Val C-index: 0.7153
Epoch 9/50 | Train Loss: 2.5988 | Train C-index: 0.7613 | Val Loss: 4.6317 | Val C-index: 0.6795
Epoch 10/50 | Train Loss: 2.5851 | Train C-index: 0.7889 | Val Loss: 4.5813 | Val C-index: 0.6828
Epoch 11/50 | Train Loss: 2.5481 | Train C-index: 0.7981 | Val Loss: 4.6168 | Val C-index: 0.6977
Epoch 12/50 | Train Loss: 2.5458 | Train C-index: 0.7320 | Val Loss: 4.8969 | Val C-index: 0.5738
Epoch 13/50 | Train Loss: 2.4049 | Train C-index: 0.8128 | Val Loss: 4.8452 | Val C-index: 0.6661
Epoch 14/50 | Train Loss: 2.3862 | Train C-index: 0.8235 | Val Loss: 5.0554 | Val C-index: 0.5882
Early stopping at epoch 14
Fold 3 final C-index: 0.7201

Extra survival metrics:
cutoff_from_train_median: -0.387982
n_test: 168
n_high_risk: 87
n_low_risk: 81
n_event_test: 65
logrank_stat: 33.931439
logrank_p: 0.000000
auc_36m: 0.742720
auc_60m: 0.813631
mean_auc: 0.761787
HR_high_vs_low: 4.806199
HR_95CI_lower: 2.687547
HR_95CI_upper: 8.595032
cox_p: 0.000000

==================================================
Fold 5/5
==================================================
[ResNetCox] Loaded pretrained from /home/gly001/cqj/pa_ct_surv/model/ct_pretrain/resnet_18_23dataset.pth
  Missing keys (ok): ['fc.weight', 'fc.bias']
Epoch 1/50 | Train Loss: 2.9393 | Train C-index: 0.6822 | Val Loss: 11.9889 | Val C-index: 0.6449
Epoch 2/50 | Train Loss: 2.7565 | Train C-index: 0.6593 | Val Loss: 4.5505 | Val C-index: 0.6001
Epoch 3/50 | Train Loss: 2.7574 | Train C-index: 0.7223 | Val Loss: 4.7334 | Val C-index: 0.7091
Epoch 4/50 | Train Loss: 2.6988 | Train C-index: 0.7413 | Val Loss: 4.4797 | Val C-index: 0.7066
Epoch 5/50 | Train Loss: 2.7389 | Train C-index: 0.7470 | Val Loss: 4.6170 | Val C-index: 0.7320
Epoch 6/50 | Train Loss: 2.6645 | Train C-index: 0.7572 | Val Loss: 4.4583 | Val C-index: 0.7253
Epoch 7/50 | Train Loss: 2.6412 | Train C-index: 0.7206 | Val Loss: 4.6375 | Val C-index: 0.6570
Epoch 8/50 | Train Loss: 2.6264 | Train C-index: 0.7798 | Val Loss: 4.5049 | Val C-index: 0.7136
Epoch 9/50 | Train Loss: 2.5821 | Train C-index: 0.7269 | Val Loss: 4.6081 | Val C-index: 0.6638
Epoch 10/50 | Train Loss: 2.5874 | Train C-index: 0.7553 | Val Loss: 4.6420 | Val C-index: 0.6579
Epoch 11/50 | Train Loss: 2.5731 | Train C-index: 0.8030 | Val Loss: 4.5733 | Val C-index: 0.7038
Epoch 12/50 | Train Loss: 2.5074 | Train C-index: 0.7154 | Val Loss: 4.9299 | Val C-index: 0.5456
Epoch 13/50 | Train Loss: 2.5673 | Train C-index: 0.8191 | Val Loss: 4.6638 | Val C-index: 0.7019
Epoch 14/50 | Train Loss: 2.4050 | Train C-index: 0.7090 | Val Loss: 4.8906 | Val C-index: 0.5968
Epoch 15/50 | Train Loss: 2.3393 | Train C-index: 0.8151 | Val Loss: 5.0256 | Val C-index: 0.6740
Early stopping at epoch 15
Fold 4 final C-index: 0.7320

Extra survival metrics:
cutoff_from_train_median: 0.169515
n_test: 168
n_high_risk: 71
n_low_risk: 97
n_event_test: 65
logrank_stat: 32.897377
logrank_p: 0.000000
auc_36m: 0.781293
auc_60m: 0.767667
mean_auc: 0.777764
HR_high_vs_low: 4.009588
HR_95CI_lower: 2.401869
HR_95CI_upper: 6.693455
cox_p: 0.000000

==================================================
5-Fold CV Summary
==================================================
  C-index: 0.7220 +/- 0.0110
