Using Device: cuda | ROI size: 64
Model: resnet | Augment: False
Pretrained: /home/gly001/cqj/pa_ct_surv/model/ct_pretrain/resnet_18_23dataset.pth
Checkpoints: /home/gly001/cqj/pa_ct_surv/experiments/single_modal_ct/exp2/checkpoints/drop05
Results:     /home/gly001/cqj/pa_ct_surv/experiments/single_modal_ct/exp2/results/drop05
Loaded 843 samples

==================================================
Fold 1/5
==================================================
[ResNetCox] Loaded pretrained from /home/gly001/cqj/pa_ct_surv/model/ct_pretrain/resnet_18_23dataset.pth
  Missing keys (ok): ['fc.weight', 'fc.bias']
Epoch 1/50 | Train Loss: 2.9678 | Train C-index: 0.6440 | Val Loss: 4.4445 | Val C-index: 0.6995
Epoch 2/50 | Train Loss: 2.8318 | Train C-index: 0.7118 | Val Loss: 4.4287 | Val C-index: 0.7138
Epoch 3/50 | Train Loss: 2.7900 | Train C-index: 0.7078 | Val Loss: 4.5754 | Val C-index: 0.6104
Epoch 4/50 | Train Loss: 2.7175 | Train C-index: 0.7185 | Val Loss: 4.4818 | Val C-index: 0.6807
Epoch 5/50 | Train Loss: 2.7617 | Train C-index: 0.7358 | Val Loss: 4.3989 | Val C-index: 0.7171
Epoch 6/50 | Train Loss: 2.7041 | Train C-index: 0.7642 | Val Loss: 4.3408 | Val C-index: 0.7324
Epoch 7/50 | Train Loss: 2.6563 | Train C-index: 0.7628 | Val Loss: 4.4182 | Val C-index: 0.6664
Epoch 8/50 | Train Loss: 2.6154 | Train C-index: 0.7804 | Val Loss: 4.3408 | Val C-index: 0.7117
Epoch 9/50 | Train Loss: 2.6978 | Train C-index: 0.7586 | Val Loss: 4.3247 | Val C-index: 0.7226
Epoch 10/50 | Train Loss: 2.6668 | Train C-index: 0.7758 | Val Loss: 4.3742 | Val C-index: 0.6950
Epoch 11/50 | Train Loss: 2.6028 | Train C-index: 0.7683 | Val Loss: 4.4617 | Val C-index: 0.7114
Epoch 12/50 | Train Loss: 2.5450 | Train C-index: 0.8009 | Val Loss: 4.3809 | Val C-index: 0.6946
Epoch 13/50 | Train Loss: 2.5048 | Train C-index: 0.8010 | Val Loss: 4.5427 | Val C-index: 0.6506
Epoch 14/50 | Train Loss: 2.4973 | Train C-index: 0.8087 | Val Loss: 4.4404 | Val C-index: 0.6850
Epoch 15/50 | Train Loss: 2.5131 | Train C-index: 0.8240 | Val Loss: 4.4732 | Val C-index: 0.6758
Epoch 16/50 | Train Loss: 2.4102 | Train C-index: 0.8340 | Val Loss: 4.5083 | Val C-index: 0.6764
Early stopping at epoch 16
Fold 0 final C-index: 0.7324

Extra survival metrics:
cutoff_from_train_median: -0.342615
n_test: 169
n_high_risk: 88
n_low_risk: 81
n_event_test: 65
logrank_stat: 27.564684
logrank_p: 0.000000
auc_36m: 0.775364
auc_60m: 0.718670
mean_auc: 0.759344
HR_high_vs_low: 4.462982
HR_95CI_lower: 2.424304
HR_95CI_upper: 8.216055
cox_p: 0.000002

==================================================
Fold 2/5
==================================================
[ResNetCox] Loaded pretrained from /home/gly001/cqj/pa_ct_surv/model/ct_pretrain/resnet_18_23dataset.pth
  Missing keys (ok): ['fc.weight', 'fc.bias']
Epoch 1/50 | Train Loss: 2.8241 | Train C-index: 0.6528 | Val Loss: 4.6309 | Val C-index: 0.6647
Epoch 2/50 | Train Loss: 2.8503 | Train C-index: 0.6613 | Val Loss: 4.5823 | Val C-index: 0.6651
Epoch 3/50 | Train Loss: 2.7127 | Train C-index: 0.7506 | Val Loss: 4.5964 | Val C-index: 0.7161
Epoch 4/50 | Train Loss: 2.6847 | Train C-index: 0.6589 | Val Loss: 4.7726 | Val C-index: 0.6560
Epoch 5/50 | Train Loss: 2.6790 | Train C-index: 0.7609 | Val Loss: 4.6072 | Val C-index: 0.6959
Epoch 6/50 | Train Loss: 2.6265 | Train C-index: 0.7666 | Val Loss: 4.5066 | Val C-index: 0.7181
Epoch 7/50 | Train Loss: 2.5906 | Train C-index: 0.7763 | Val Loss: 4.5206 | Val C-index: 0.7224
Epoch 8/50 | Train Loss: 2.6118 | Train C-index: 0.7804 | Val Loss: 4.5272 | Val C-index: 0.7001
Epoch 9/50 | Train Loss: 2.5893 | Train C-index: 0.7838 | Val Loss: 4.6131 | Val C-index: 0.7124
Epoch 10/50 | Train Loss: 2.5163 | Train C-index: 0.7948 | Val Loss: 4.6409 | Val C-index: 0.7001
Epoch 11/50 | Train Loss: 2.6220 | Train C-index: 0.7869 | Val Loss: 4.6935 | Val C-index: 0.7127
Epoch 12/50 | Train Loss: 2.5359 | Train C-index: 0.8079 | Val Loss: 4.6885 | Val C-index: 0.6964
Epoch 13/50 | Train Loss: 2.4301 | Train C-index: 0.8070 | Val Loss: 4.7138 | Val C-index: 0.6845
Epoch 14/50 | Train Loss: 2.4956 | Train C-index: 0.7228 | Val Loss: 4.8418 | Val C-index: 0.6504
Epoch 15/50 | Train Loss: 2.4182 | Train C-index: 0.8240 | Val Loss: 4.6903 | Val C-index: 0.7040
Epoch 16/50 | Train Loss: 2.3361 | Train C-index: 0.8306 | Val Loss: 4.7995 | Val C-index: 0.6864
Epoch 17/50 | Train Loss: 2.3240 | Train C-index: 0.8141 | Val Loss: 5.0942 | Val C-index: 0.6471
Early stopping at epoch 17
Fold 1 final C-index: 0.7224

Extra survival metrics:
cutoff_from_train_median: 0.329811
n_test: 169
n_high_risk: 86
n_low_risk: 83
n_event_test: 65
logrank_stat: 18.777164
logrank_p: 0.000015
auc_36m: 0.738012
auc_60m: 0.720363
mean_auc: 0.733707
HR_high_vs_low: 3.080642
HR_95CI_lower: 1.802310
HR_95CI_upper: 5.265663
cox_p: 0.000039

==================================================
Fold 3/5
==================================================
[ResNetCox] Loaded pretrained from /home/gly001/cqj/pa_ct_surv/model/ct_pretrain/resnet_18_23dataset.pth
  Missing keys (ok): ['fc.weight', 'fc.bias']
Epoch 1/50 | Train Loss: 2.9454 | Train C-index: 0.3367 | Val Loss: 5.0792 | Val C-index: 0.3567
Epoch 2/50 | Train Loss: 2.8326 | Train C-index: 0.6902 | Val Loss: 4.6392 | Val C-index: 0.6376
Epoch 3/50 | Train Loss: 2.8147 | Train C-index: 0.7260 | Val Loss: 4.5507 | Val C-index: 0.6905
Epoch 4/50 | Train Loss: 2.7952 | Train C-index: 0.7405 | Val Loss: 4.5784 | Val C-index: 0.6738
Epoch 5/50 | Train Loss: 2.7126 | Train C-index: 0.7592 | Val Loss: 4.5303 | Val C-index: 0.7061
Epoch 6/50 | Train Loss: 2.6669 | Train C-index: 0.7615 | Val Loss: 4.5862 | Val C-index: 0.6759
Epoch 7/50 | Train Loss: 2.6638 | Train C-index: 0.7719 | Val Loss: 4.5466 | Val C-index: 0.7034
Epoch 8/50 | Train Loss: 2.7114 | Train C-index: 0.7789 | Val Loss: 4.5739 | Val C-index: 0.6847
Epoch 9/50 | Train Loss: 2.6383 | Train C-index: 0.7800 | Val Loss: 4.5850 | Val C-index: 0.6774
Epoch 10/50 | Train Loss: 2.5395 | Train C-index: 0.7859 | Val Loss: 4.6282 | Val C-index: 0.7103
Epoch 11/50 | Train Loss: 2.4988 | Train C-index: 0.8155 | Val Loss: 4.5838 | Val C-index: 0.7086
Epoch 12/50 | Train Loss: 2.5477 | Train C-index: 0.8154 | Val Loss: 4.6305 | Val C-index: 0.6978
Epoch 13/50 | Train Loss: 2.4239 | Train C-index: 0.8385 | Val Loss: 4.5338 | Val C-index: 0.6981
Epoch 14/50 | Train Loss: 2.4084 | Train C-index: 0.8192 | Val Loss: 4.8463 | Val C-index: 0.6788
Epoch 15/50 | Train Loss: 2.4987 | Train C-index: 0.8362 | Val Loss: 4.6515 | Val C-index: 0.6693
Epoch 16/50 | Train Loss: 2.2566 | Train C-index: 0.7806 | Val Loss: 5.1971 | Val C-index: 0.6059
Epoch 17/50 | Train Loss: 2.2995 | Train C-index: 0.7676 | Val Loss: 4.8611 | Val C-index: 0.6057
Epoch 18/50 | Train Loss: 2.2962 | Train C-index: 0.7879 | Val Loss: 5.2414 | Val C-index: 0.6034
Epoch 19/50 | Train Loss: 2.1295 | Train C-index: 0.8732 | Val Loss: 5.0018 | Val C-index: 0.6911
Epoch 20/50 | Train Loss: 2.1536 | Train C-index: 0.8774 | Val Loss: 5.2548 | Val C-index: 0.6628
Early stopping at epoch 20
Fold 2 final C-index: 0.7103

Extra survival metrics:
cutoff_from_train_median: -0.684505
n_test: 169
n_high_risk: 93
n_low_risk: 76
n_event_test: 65
logrank_stat: 19.058539
logrank_p: 0.000013
auc_36m: 0.751780
auc_60m: 0.709755
mean_auc: 0.743489
HR_high_vs_low: 3.296287
HR_95CI_lower: 1.868796
HR_95CI_upper: 5.814174
cox_p: 0.000038

==================================================
Fold 4/5
==================================================
[ResNetCox] Loaded pretrained from /home/gly001/cqj/pa_ct_surv/model/ct_pretrain/resnet_18_23dataset.pth
  Missing keys (ok): ['fc.weight', 'fc.bias']
Epoch 1/50 | Train Loss: 2.9414 | Train C-index: 0.3281 | Val Loss: 5.0283 | Val C-index: 0.3000
Epoch 2/50 | Train Loss: 2.8324 | Train C-index: 0.6495 | Val Loss: 4.9482 | Val C-index: 0.6560
Epoch 3/50 | Train Loss: 2.7379 | Train C-index: 0.7270 | Val Loss: 4.5218 | Val C-index: 0.7348
Epoch 4/50 | Train Loss: 2.7242 | Train C-index: 0.7251 | Val Loss: 4.4916 | Val C-index: 0.7195
Epoch 5/50 | Train Loss: 2.6546 | Train C-index: 0.7262 | Val Loss: 4.6396 | Val C-index: 0.6432
Epoch 6/50 | Train Loss: 2.6663 | Train C-index: 0.7519 | Val Loss: 4.4916 | Val C-index: 0.7223
Epoch 7/50 | Train Loss: 2.7125 | Train C-index: 0.7501 | Val Loss: 4.5151 | Val C-index: 0.7054
Epoch 8/50 | Train Loss: 2.6827 | Train C-index: 0.7661 | Val Loss: 4.5329 | Val C-index: 0.6966
Epoch 9/50 | Train Loss: 2.6259 | Train C-index: 0.7646 | Val Loss: 4.5872 | Val C-index: 0.6773
Epoch 10/50 | Train Loss: 2.5792 | Train C-index: 0.7881 | Val Loss: 4.5248 | Val C-index: 0.7205
Epoch 11/50 | Train Loss: 2.5851 | Train C-index: 0.7945 | Val Loss: 4.6527 | Val C-index: 0.6885
Epoch 12/50 | Train Loss: 2.6040 | Train C-index: 0.7636 | Val Loss: 4.6912 | Val C-index: 0.6478
Epoch 13/50 | Train Loss: 2.7167 | Train C-index: 0.7701 | Val Loss: 4.5522 | Val C-index: 0.7073
Early stopping at epoch 13
Fold 3 final C-index: 0.7348

Extra survival metrics:
cutoff_from_train_median: -0.583953
n_test: 168
n_high_risk: 84
n_low_risk: 84
n_event_test: 65
logrank_stat: 38.019160
logrank_p: 0.000000
auc_36m: 0.759576
auc_60m: 0.840091
mean_auc: 0.781225
HR_high_vs_low: 5.206699
HR_95CI_lower: 2.908516
HR_95CI_upper: 9.320805
cox_p: 0.000000

==================================================
Fold 5/5
==================================================
[ResNetCox] Loaded pretrained from /home/gly001/cqj/pa_ct_surv/model/ct_pretrain/resnet_18_23dataset.pth
  Missing keys (ok): ['fc.weight', 'fc.bias']
Epoch 1/50 | Train Loss: 2.8589 | Train C-index: 0.6751 | Val Loss: 4.7511 | Val C-index: 0.6260
Epoch 2/50 | Train Loss: 2.7659 | Train C-index: 0.6853 | Val Loss: 4.8934 | Val C-index: 0.6372
Epoch 3/50 | Train Loss: 2.7971 | Train C-index: 0.7410 | Val Loss: 4.4907 | Val C-index: 0.7214
Epoch 4/50 | Train Loss: 2.7140 | Train C-index: 0.7486 | Val Loss: 4.5040 | Val C-index: 0.7069
Epoch 5/50 | Train Loss: 2.6554 | Train C-index: 0.7622 | Val Loss: 4.5239 | Val C-index: 0.7128
Epoch 6/50 | Train Loss: 2.6483 | Train C-index: 0.7639 | Val Loss: 4.5068 | Val C-index: 0.6825
Epoch 7/50 | Train Loss: 2.7090 | Train C-index: 0.7732 | Val Loss: 4.4494 | Val C-index: 0.7139
Epoch 8/50 | Train Loss: 2.6022 | Train C-index: 0.7854 | Val Loss: 4.6359 | Val C-index: 0.7077
Epoch 9/50 | Train Loss: 2.5803 | Train C-index: 0.7993 | Val Loss: 4.5576 | Val C-index: 0.7124
Epoch 10/50 | Train Loss: 2.5802 | Train C-index: 0.8003 | Val Loss: 4.5836 | Val C-index: 0.6700
Epoch 11/50 | Train Loss: 2.4819 | Train C-index: 0.7928 | Val Loss: 4.7230 | Val C-index: 0.7252
Epoch 12/50 | Train Loss: 2.5778 | Train C-index: 0.8415 | Val Loss: 4.5004 | Val C-index: 0.7198
Epoch 13/50 | Train Loss: 2.5221 | Train C-index: 0.7982 | Val Loss: 4.7648 | Val C-index: 0.6865
Epoch 14/50 | Train Loss: 2.3496 | Train C-index: 0.8377 | Val Loss: 4.7652 | Val C-index: 0.6575
Epoch 15/50 | Train Loss: 2.3581 | Train C-index: 0.8609 | Val Loss: 4.8507 | Val C-index: 0.6952
Epoch 16/50 | Train Loss: 2.2044 | Train C-index: 0.8334 | Val Loss: 5.2547 | Val C-index: 0.6715
Epoch 17/50 | Train Loss: 2.1253 | Train C-index: 0.8838 | Val Loss: 5.2083 | Val C-index: 0.6014
Epoch 18/50 | Train Loss: 2.0930 | Train C-index: 0.8694 | Val Loss: 5.3330 | Val C-index: 0.6855
Epoch 19/50 | Train Loss: 2.0836 | Train C-index: 0.8854 | Val Loss: 5.0382 | Val C-index: 0.6486
Epoch 20/50 | Train Loss: 2.0513 | Train C-index: 0.8982 | Val Loss: 5.2698 | Val C-index: 0.6115
Epoch 21/50 | Train Loss: 1.7860 | Train C-index: 0.8929 | Val Loss: 5.9833 | Val C-index: 0.6401
Early stopping at epoch 21
Fold 4 final C-index: 0.7252

Extra survival metrics:
cutoff_from_train_median: -0.101097
n_test: 168
n_high_risk: 72
n_low_risk: 96
n_event_test: 65
logrank_stat: 32.688098
logrank_p: 0.000000
auc_36m: 0.779962
auc_60m: 0.740644
mean_auc: 0.769780
HR_high_vs_low: 4.036318
HR_95CI_lower: 2.406564
HR_95CI_upper: 6.769760
cox_p: 0.000000

==================================================
5-Fold CV Summary
==================================================
  C-index: 0.7250 +/- 0.0097
