Using Device: cuda
Model: abmil-cox-topk | k: 512
Checkpoints: /home/gly001/cqj/pa_ct_surv/experiments/single_modal_path/exp1/checkpoints/abmil-cox-topk
Results:     /home/gly001/cqj/pa_ct_surv/experiments/single_modal_path/exp1/results/abmil-cox-topk
Loaded 843 samples

==================================================
Fold 1/5
==================================================
Epoch 1/50 | Train Loss: 2.8396 | Train C-index: 0.7285 | Val Loss: 4.3859 | Val C-index: 0.7043
Epoch 2/50 | Train Loss: 2.7256 | Train C-index: 0.7635 | Val Loss: 4.2720 | Val C-index: 0.7493
Epoch 3/50 | Train Loss: 2.6576 | Train C-index: 0.7789 | Val Loss: 4.2690 | Val C-index: 0.7434
Epoch 4/50 | Train Loss: 2.5620 | Train C-index: 0.7930 | Val Loss: 4.2325 | Val C-index: 0.7533
Epoch 5/50 | Train Loss: 2.5238 | Train C-index: 0.8054 | Val Loss: 4.2098 | Val C-index: 0.7595
Epoch 6/50 | Train Loss: 2.4879 | Train C-index: 0.8148 | Val Loss: 4.2022 | Val C-index: 0.7653
Epoch 7/50 | Train Loss: 2.4383 | Train C-index: 0.8253 | Val Loss: 4.2252 | Val C-index: 0.7646
Epoch 8/50 | Train Loss: 2.3958 | Train C-index: 0.8343 | Val Loss: 4.2435 | Val C-index: 0.7564
Epoch 9/50 | Train Loss: 2.3468 | Train C-index: 0.8395 | Val Loss: 4.1942 | Val C-index: 0.7688
Epoch 10/50 | Train Loss: 2.3226 | Train C-index: 0.8489 | Val Loss: 4.2630 | Val C-index: 0.7545
Epoch 11/50 | Train Loss: 2.2786 | Train C-index: 0.8550 | Val Loss: 4.2670 | Val C-index: 0.7612
Epoch 12/50 | Train Loss: 2.2513 | Train C-index: 0.8494 | Val Loss: 4.1571 | Val C-index: 0.7685
Epoch 13/50 | Train Loss: 2.2506 | Train C-index: 0.8586 | Val Loss: 4.2393 | Val C-index: 0.7627
Epoch 14/50 | Train Loss: 2.1622 | Train C-index: 0.8689 | Val Loss: 4.2238 | Val C-index: 0.7689
Epoch 15/50 | Train Loss: 2.1231 | Train C-index: 0.8696 | Val Loss: 4.2341 | Val C-index: 0.7682
Epoch 16/50 | Train Loss: 2.1156 | Train C-index: 0.8792 | Val Loss: 4.3279 | Val C-index: 0.7569
Epoch 17/50 | Train Loss: 2.0679 | Train C-index: 0.8780 | Val Loss: 4.2071 | Val C-index: 0.7630
Epoch 18/50 | Train Loss: 2.0620 | Train C-index: 0.8820 | Val Loss: 4.4046 | Val C-index: 0.7480
Epoch 19/50 | Train Loss: 2.0299 | Train C-index: 0.8894 | Val Loss: 4.2462 | Val C-index: 0.7658
Epoch 20/50 | Train Loss: 1.9373 | Train C-index: 0.8980 | Val Loss: 4.5649 | Val C-index: 0.7418
Epoch 21/50 | Train Loss: 1.9442 | Train C-index: 0.8974 | Val Loss: 4.3694 | Val C-index: 0.7551
Epoch 22/50 | Train Loss: 1.9507 | Train C-index: 0.9069 | Val Loss: 4.4383 | Val C-index: 0.7592
Epoch 23/50 | Train Loss: 1.8259 | Train C-index: 0.9068 | Val Loss: 4.4721 | Val C-index: 0.7556
Epoch 24/50 | Train Loss: 1.8477 | Train C-index: 0.9115 | Val Loss: 4.7029 | Val C-index: 0.7373
Early stopping at epoch 24
Fold 0 final C-index: 0.7689

Extra survival metrics:
cutoff_from_train_median: -0.710736
n_test: 169
n_high_risk: 102
n_low_risk: 67
n_event_test: 65
logrank_stat: 29.090416
logrank_p: 0.000000
auc_36m: 0.799645
auc_60m: 0.780760
mean_auc: 0.794308
HR_high_vs_low: 6.539099
HR_95CI_lower: 2.980980
HR_95CI_upper: 14.344214
cox_p: 0.000003

==================================================
Fold 2/5
==================================================
Epoch 1/50 | Train Loss: 2.7974 | Train C-index: 0.7469 | Val Loss: 4.6103 | Val C-index: 0.6883
Epoch 2/50 | Train Loss: 2.5943 | Train C-index: 0.7720 | Val Loss: 4.5693 | Val C-index: 0.6981
Epoch 3/50 | Train Loss: 2.6274 | Train C-index: 0.7914 | Val Loss: 4.5634 | Val C-index: 0.7011
Epoch 4/50 | Train Loss: 2.4901 | Train C-index: 0.8014 | Val Loss: 4.5646 | Val C-index: 0.6976
Epoch 5/50 | Train Loss: 2.4672 | Train C-index: 0.8100 | Val Loss: 4.6053 | Val C-index: 0.7070
Epoch 6/50 | Train Loss: 2.4594 | Train C-index: 0.8046 | Val Loss: 4.5680 | Val C-index: 0.7009
Epoch 7/50 | Train Loss: 2.4021 | Train C-index: 0.8285 | Val Loss: 4.6256 | Val C-index: 0.7062
Epoch 8/50 | Train Loss: 2.3487 | Train C-index: 0.8381 | Val Loss: 4.5603 | Val C-index: 0.7115
Epoch 9/50 | Train Loss: 2.3066 | Train C-index: 0.8431 | Val Loss: 4.6766 | Val C-index: 0.7059
Epoch 10/50 | Train Loss: 2.2255 | Train C-index: 0.8501 | Val Loss: 4.6970 | Val C-index: 0.7040
Epoch 11/50 | Train Loss: 2.1765 | Train C-index: 0.8567 | Val Loss: 4.7468 | Val C-index: 0.7071
Epoch 12/50 | Train Loss: 2.1473 | Train C-index: 0.8639 | Val Loss: 4.8015 | Val C-index: 0.7039
Epoch 13/50 | Train Loss: 2.0995 | Train C-index: 0.8689 | Val Loss: 4.7939 | Val C-index: 0.7042
Epoch 14/50 | Train Loss: 2.0713 | Train C-index: 0.8806 | Val Loss: 4.7989 | Val C-index: 0.7014
Epoch 15/50 | Train Loss: 2.0590 | Train C-index: 0.8858 | Val Loss: 4.8688 | Val C-index: 0.6961
Epoch 16/50 | Train Loss: 2.0287 | Train C-index: 0.8800 | Val Loss: 4.8751 | Val C-index: 0.7029
Epoch 17/50 | Train Loss: 2.0039 | Train C-index: 0.8922 | Val Loss: 4.8550 | Val C-index: 0.6978
Epoch 18/50 | Train Loss: 2.0438 | Train C-index: 0.8754 | Val Loss: 4.7997 | Val C-index: 0.6926
Early stopping at epoch 18
Fold 1 final C-index: 0.7115

Extra survival metrics:
cutoff_from_train_median: -0.376514
n_test: 169
n_high_risk: 82
n_low_risk: 87
n_event_test: 65
logrank_stat: 22.257530
logrank_p: 0.000002
auc_36m: 0.739274
auc_60m: 0.714968
mean_auc: 0.733346
HR_high_vs_low: 3.433499
HR_95CI_lower: 1.990399
HR_95CI_upper: 5.922888
cox_p: 0.000009

==================================================
Fold 3/5
==================================================
Epoch 1/50 | Train Loss: 2.7943 | Train C-index: 0.7367 | Val Loss: 4.4427 | Val C-index: 0.7386
Epoch 2/50 | Train Loss: 2.7062 | Train C-index: 0.7672 | Val Loss: 4.4097 | Val C-index: 0.7539
Epoch 3/50 | Train Loss: 2.5717 | Train C-index: 0.7835 | Val Loss: 4.4138 | Val C-index: 0.7516
Epoch 4/50 | Train Loss: 2.4567 | Train C-index: 0.7969 | Val Loss: 4.4241 | Val C-index: 0.7436
Epoch 5/50 | Train Loss: 2.5123 | Train C-index: 0.8053 | Val Loss: 4.4371 | Val C-index: 0.7403
Epoch 6/50 | Train Loss: 2.4303 | Train C-index: 0.8074 | Val Loss: 4.4456 | Val C-index: 0.7388
Epoch 7/50 | Train Loss: 2.4197 | Train C-index: 0.8234 | Val Loss: 4.4243 | Val C-index: 0.7429
Epoch 8/50 | Train Loss: 2.3946 | Train C-index: 0.8303 | Val Loss: 4.4164 | Val C-index: 0.7484
Epoch 9/50 | Train Loss: 2.3314 | Train C-index: 0.8336 | Val Loss: 4.4325 | Val C-index: 0.7442
Epoch 10/50 | Train Loss: 2.3202 | Train C-index: 0.8433 | Val Loss: 4.4560 | Val C-index: 0.7451
Epoch 11/50 | Train Loss: 2.2298 | Train C-index: 0.8500 | Val Loss: 4.4772 | Val C-index: 0.7414
Epoch 12/50 | Train Loss: 2.2308 | Train C-index: 0.8562 | Val Loss: 4.4642 | Val C-index: 0.7396
Early stopping at epoch 12
Fold 2 final C-index: 0.7539

Extra survival metrics:
cutoff_from_train_median: -0.153086
n_test: 169
n_high_risk: 88
n_low_risk: 81
n_event_test: 65
logrank_stat: 37.388406
logrank_p: 0.000000
auc_36m: 0.799623
auc_60m: 0.737735
mean_auc: 0.787413
HR_high_vs_low: 5.724004
HR_95CI_lower: 3.046625
HR_95CI_upper: 10.754267
cox_p: 0.000000

==================================================
Fold 4/5
==================================================
Epoch 1/50 | Train Loss: 2.8754 | Train C-index: 0.7242 | Val Loss: 4.4665 | Val C-index: 0.7294
Epoch 2/50 | Train Loss: 2.7356 | Train C-index: 0.7593 | Val Loss: 4.4702 | Val C-index: 0.7234
Epoch 3/50 | Train Loss: 2.5962 | Train C-index: 0.7746 | Val Loss: 4.5012 | Val C-index: 0.7202
Epoch 4/50 | Train Loss: 2.5565 | Train C-index: 0.7887 | Val Loss: 4.4743 | Val C-index: 0.7312
Epoch 5/50 | Train Loss: 2.5384 | Train C-index: 0.8036 | Val Loss: 4.4807 | Val C-index: 0.7385
Epoch 6/50 | Train Loss: 2.4591 | Train C-index: 0.8091 | Val Loss: 4.5548 | Val C-index: 0.7144
Epoch 7/50 | Train Loss: 2.4299 | Train C-index: 0.8169 | Val Loss: 4.5977 | Val C-index: 0.7252
Epoch 8/50 | Train Loss: 2.3808 | Train C-index: 0.8220 | Val Loss: 4.6306 | Val C-index: 0.7151
Epoch 9/50 | Train Loss: 2.3494 | Train C-index: 0.8335 | Val Loss: 4.7264 | Val C-index: 0.7229
Epoch 10/50 | Train Loss: 2.3442 | Train C-index: 0.8368 | Val Loss: 4.6399 | Val C-index: 0.7210
Epoch 11/50 | Train Loss: 2.2266 | Train C-index: 0.8496 | Val Loss: 4.7865 | Val C-index: 0.7214
Epoch 12/50 | Train Loss: 2.2437 | Train C-index: 0.8559 | Val Loss: 4.8700 | Val C-index: 0.7156
Epoch 13/50 | Train Loss: 2.1441 | Train C-index: 0.8633 | Val Loss: 4.9693 | Val C-index: 0.7185
Epoch 14/50 | Train Loss: 2.1667 | Train C-index: 0.8738 | Val Loss: 4.9508 | Val C-index: 0.7071
Epoch 15/50 | Train Loss: 2.1225 | Train C-index: 0.8738 | Val Loss: 5.1328 | Val C-index: 0.7106
Early stopping at epoch 15
Fold 3 final C-index: 0.7385

Extra survival metrics:
cutoff_from_train_median: -0.418608
n_test: 168
n_high_risk: 90
n_low_risk: 78
n_event_test: 65
logrank_stat: 37.617594
logrank_p: 0.000000
auc_36m: 0.772965
auc_60m: 0.824176
mean_auc: 0.786735
HR_high_vs_low: 5.742359
HR_95CI_lower: 3.059511
HR_95CI_upper: 10.777763
cox_p: 0.000000

==================================================
Fold 5/5
==================================================
Epoch 1/50 | Train Loss: 2.8468 | Train C-index: 0.7333 | Val Loss: 4.4579 | Val C-index: 0.7013
Epoch 2/50 | Train Loss: 2.6914 | Train C-index: 0.7600 | Val Loss: 4.4729 | Val C-index: 0.7035
Epoch 3/50 | Train Loss: 2.6505 | Train C-index: 0.7775 | Val Loss: 4.4067 | Val C-index: 0.7211
Epoch 4/50 | Train Loss: 2.6043 | Train C-index: 0.7910 | Val Loss: 4.4869 | Val C-index: 0.7152
Epoch 5/50 | Train Loss: 2.5280 | Train C-index: 0.8031 | Val Loss: 4.4400 | Val C-index: 0.7176
Epoch 6/50 | Train Loss: 2.4619 | Train C-index: 0.8106 | Val Loss: 4.5017 | Val C-index: 0.7269
Epoch 7/50 | Train Loss: 2.4095 | Train C-index: 0.8156 | Val Loss: 4.5234 | Val C-index: 0.7283
Epoch 8/50 | Train Loss: 2.4589 | Train C-index: 0.8286 | Val Loss: 4.4477 | Val C-index: 0.7190
Epoch 9/50 | Train Loss: 2.3456 | Train C-index: 0.8340 | Val Loss: 4.5704 | Val C-index: 0.7237
Epoch 10/50 | Train Loss: 2.3359 | Train C-index: 0.8441 | Val Loss: 4.4843 | Val C-index: 0.7256
Epoch 11/50 | Train Loss: 2.2684 | Train C-index: 0.8501 | Val Loss: 4.5582 | Val C-index: 0.7156
Epoch 12/50 | Train Loss: 2.2046 | Train C-index: 0.8556 | Val Loss: 4.6318 | Val C-index: 0.7172
Epoch 13/50 | Train Loss: 2.2155 | Train C-index: 0.8638 | Val Loss: 4.6586 | Val C-index: 0.7051
Epoch 14/50 | Train Loss: 2.1427 | Train C-index: 0.8679 | Val Loss: 4.7158 | Val C-index: 0.7195
Epoch 15/50 | Train Loss: 2.1218 | Train C-index: 0.8657 | Val Loss: 4.8627 | Val C-index: 0.7026
Epoch 16/50 | Train Loss: 2.0649 | Train C-index: 0.8803 | Val Loss: 4.8215 | Val C-index: 0.7211
Epoch 17/50 | Train Loss: 2.0215 | Train C-index: 0.8875 | Val Loss: 4.8273 | Val C-index: 0.6970
Early stopping at epoch 17
Fold 4 final C-index: 0.7283

Extra survival metrics:
cutoff_from_train_median: -1.166673
n_test: 168
n_high_risk: 74
n_low_risk: 94
n_event_test: 65
logrank_stat: 27.958428
logrank_p: 0.000000
auc_36m: 0.814317
auc_60m: 0.783458
mean_auc: 0.806326
HR_high_vs_low: 3.646439
HR_95CI_lower: 2.184013
HR_95CI_upper: 6.088113
cox_p: 0.000001

==================================================
5-Fold CV Summary
==================================================
  C-index: 0.7402 +/- 0.0222
