Using Device: cuda
Model: gabmil-cox-topk | k: 512
Checkpoints: /home/gly001/cqj/pa_ct_surv/experiments/single_modal_path/exp1/checkpoints/gabmil-cox-topk
Results:     /home/gly001/cqj/pa_ct_surv/experiments/single_modal_path/exp1/results/gabmil-cox-topk
Loaded 843 samples

==================================================
Fold 1/5
==================================================
Epoch 1/50 | Train Loss: 2.8286 | Train C-index: 0.7308 | Val Loss: 4.3499 | Val C-index: 0.7168
Epoch 2/50 | Train Loss: 2.7083 | Train C-index: 0.7606 | Val Loss: 4.2864 | Val C-index: 0.7353
Epoch 3/50 | Train Loss: 2.6071 | Train C-index: 0.7787 | Val Loss: 4.2488 | Val C-index: 0.7485
Epoch 4/50 | Train Loss: 2.5839 | Train C-index: 0.7943 | Val Loss: 4.2247 | Val C-index: 0.7541
Epoch 5/50 | Train Loss: 2.4952 | Train C-index: 0.8053 | Val Loss: 4.2239 | Val C-index: 0.7561
Epoch 6/50 | Train Loss: 2.4644 | Train C-index: 0.8155 | Val Loss: 4.2043 | Val C-index: 0.7564
Epoch 7/50 | Train Loss: 2.4869 | Train C-index: 0.8217 | Val Loss: 4.1958 | Val C-index: 0.7594
Epoch 8/50 | Train Loss: 2.4168 | Train C-index: 0.8340 | Val Loss: 4.2281 | Val C-index: 0.7510
Epoch 9/50 | Train Loss: 2.3643 | Train C-index: 0.8389 | Val Loss: 4.2602 | Val C-index: 0.7475
Epoch 10/50 | Train Loss: 2.3459 | Train C-index: 0.8471 | Val Loss: 4.1859 | Val C-index: 0.7564
Epoch 11/50 | Train Loss: 2.3795 | Train C-index: 0.8537 | Val Loss: 4.2327 | Val C-index: 0.7533
Epoch 12/50 | Train Loss: 2.2182 | Train C-index: 0.8594 | Val Loss: 4.2847 | Val C-index: 0.7489
Epoch 13/50 | Train Loss: 2.2585 | Train C-index: 0.8633 | Val Loss: 4.3446 | Val C-index: 0.7458
Epoch 14/50 | Train Loss: 2.2015 | Train C-index: 0.8623 | Val Loss: 4.2626 | Val C-index: 0.7426
Epoch 15/50 | Train Loss: 2.1854 | Train C-index: 0.8774 | Val Loss: 4.2990 | Val C-index: 0.7407
Epoch 16/50 | Train Loss: 2.0924 | Train C-index: 0.8818 | Val Loss: 4.3839 | Val C-index: 0.7517
Epoch 17/50 | Train Loss: 2.0809 | Train C-index: 0.8861 | Val Loss: 4.5215 | Val C-index: 0.7318
Early stopping at epoch 17
Fold 0 final C-index: 0.7594

Extra survival metrics:
cutoff_from_train_median: -0.545525
n_test: 169
n_high_risk: 94
n_low_risk: 75
n_event_test: 65
logrank_stat: 35.262841
logrank_p: 0.000000
auc_36m: 0.783251
auc_60m: 0.755155
mean_auc: 0.775312
HR_high_vs_low: 6.427808
HR_95CI_lower: 3.175703
HR_95CI_upper: 13.010258
cox_p: 0.000000

==================================================
Fold 2/5
==================================================
Epoch 1/50 | Train Loss: 2.8141 | Train C-index: 0.7102 | Val Loss: 4.5762 | Val C-index: 0.7053
Epoch 2/50 | Train Loss: 2.7763 | Train C-index: 0.7425 | Val Loss: 4.5540 | Val C-index: 0.6988
Epoch 3/50 | Train Loss: 2.6220 | Train C-index: 0.7635 | Val Loss: 4.6421 | Val C-index: 0.6961
Epoch 4/50 | Train Loss: 2.5557 | Train C-index: 0.7906 | Val Loss: 4.5996 | Val C-index: 0.6920
Epoch 5/50 | Train Loss: 2.5291 | Train C-index: 0.8015 | Val Loss: 4.6471 | Val C-index: 0.6957
Epoch 6/50 | Train Loss: 2.4469 | Train C-index: 0.8035 | Val Loss: 4.6345 | Val C-index: 0.6785
Epoch 7/50 | Train Loss: 2.3911 | Train C-index: 0.8244 | Val Loss: 4.6678 | Val C-index: 0.7004
Epoch 8/50 | Train Loss: 2.3402 | Train C-index: 0.8297 | Val Loss: 4.6879 | Val C-index: 0.6975
Epoch 9/50 | Train Loss: 2.2755 | Train C-index: 0.8397 | Val Loss: 4.7170 | Val C-index: 0.6953
Epoch 10/50 | Train Loss: 2.2379 | Train C-index: 0.8523 | Val Loss: 4.6587 | Val C-index: 0.7042
Epoch 11/50 | Train Loss: 2.2139 | Train C-index: 0.8579 | Val Loss: 4.6664 | Val C-index: 0.7089
Epoch 12/50 | Train Loss: 2.2380 | Train C-index: 0.8656 | Val Loss: 4.6786 | Val C-index: 0.7094
Epoch 13/50 | Train Loss: 2.1213 | Train C-index: 0.8720 | Val Loss: 4.8832 | Val C-index: 0.6948
Epoch 14/50 | Train Loss: 2.0449 | Train C-index: 0.8766 | Val Loss: 4.9339 | Val C-index: 0.6834
Epoch 15/50 | Train Loss: 2.0801 | Train C-index: 0.8845 | Val Loss: 5.0501 | Val C-index: 0.6891
Epoch 16/50 | Train Loss: 2.0468 | Train C-index: 0.8693 | Val Loss: 4.8567 | Val C-index: 0.6813
Epoch 17/50 | Train Loss: 2.0222 | Train C-index: 0.8929 | Val Loss: 5.0059 | Val C-index: 0.6845
Epoch 18/50 | Train Loss: 1.9424 | Train C-index: 0.8929 | Val Loss: 5.0791 | Val C-index: 0.6935
Epoch 19/50 | Train Loss: 1.9065 | Train C-index: 0.8978 | Val Loss: 5.2433 | Val C-index: 0.6950
Epoch 20/50 | Train Loss: 1.8468 | Train C-index: 0.9069 | Val Loss: 5.0873 | Val C-index: 0.7034
Epoch 21/50 | Train Loss: 1.7583 | Train C-index: 0.9122 | Val Loss: 5.2971 | Val C-index: 0.6948
Epoch 22/50 | Train Loss: 1.8100 | Train C-index: 0.9141 | Val Loss: 5.4534 | Val C-index: 0.6825
Early stopping at epoch 22
Fold 1 final C-index: 0.7094

Extra survival metrics:
cutoff_from_train_median: -1.437906
n_test: 169
n_high_risk: 78
n_low_risk: 91
n_event_test: 65
logrank_stat: 22.026449
logrank_p: 0.000003
auc_36m: 0.715092
auc_60m: 0.703581
mean_auc: 0.712284
HR_high_vs_low: 3.289637
HR_95CI_lower: 1.941206
HR_95CI_upper: 5.574737
cox_p: 0.000010

==================================================
Fold 3/5
==================================================
Epoch 1/50 | Train Loss: 2.8015 | Train C-index: 0.7377 | Val Loss: 4.5465 | Val C-index: 0.7009
Epoch 2/50 | Train Loss: 2.6999 | Train C-index: 0.7673 | Val Loss: 4.4874 | Val C-index: 0.7249
Epoch 3/50 | Train Loss: 2.5833 | Train C-index: 0.7841 | Val Loss: 4.4775 | Val C-index: 0.7230
Epoch 4/50 | Train Loss: 2.5150 | Train C-index: 0.7925 | Val Loss: 4.4738 | Val C-index: 0.7244
Epoch 5/50 | Train Loss: 2.5222 | Train C-index: 0.8034 | Val Loss: 4.4673 | Val C-index: 0.7306
Epoch 6/50 | Train Loss: 2.4110 | Train C-index: 0.8084 | Val Loss: 4.4689 | Val C-index: 0.7276
Epoch 7/50 | Train Loss: 2.3902 | Train C-index: 0.8267 | Val Loss: 4.4707 | Val C-index: 0.7303
Epoch 8/50 | Train Loss: 2.3382 | Train C-index: 0.8287 | Val Loss: 4.5294 | Val C-index: 0.7269
Epoch 9/50 | Train Loss: 2.3280 | Train C-index: 0.8359 | Val Loss: 4.5247 | Val C-index: 0.7230
Epoch 10/50 | Train Loss: 2.3405 | Train C-index: 0.8312 | Val Loss: 4.5313 | Val C-index: 0.7063
Epoch 11/50 | Train Loss: 2.3265 | Train C-index: 0.8378 | Val Loss: 4.6091 | Val C-index: 0.7135
Epoch 12/50 | Train Loss: 2.2914 | Train C-index: 0.8482 | Val Loss: 4.5931 | Val C-index: 0.7207
Epoch 13/50 | Train Loss: 2.2258 | Train C-index: 0.8528 | Val Loss: 4.6588 | Val C-index: 0.7148
Epoch 14/50 | Train Loss: 2.1730 | Train C-index: 0.8626 | Val Loss: 4.6948 | Val C-index: 0.7103
Epoch 15/50 | Train Loss: 2.1257 | Train C-index: 0.8724 | Val Loss: 4.6825 | Val C-index: 0.7114
Early stopping at epoch 15
Fold 2 final C-index: 0.7306

Extra survival metrics:
cutoff_from_train_median: -0.410254
n_test: 169
n_high_risk: 85
n_low_risk: 84
n_event_test: 65
logrank_stat: 40.025943
logrank_p: 0.000000
auc_36m: 0.778118
auc_60m: 0.709448
mean_auc: 0.764569
HR_high_vs_low: 5.994582
HR_95CI_lower: 3.192189
HR_95CI_upper: 11.257170
cox_p: 0.000000

==================================================
Fold 4/5
==================================================
Epoch 1/50 | Train Loss: 2.8777 | Train C-index: 0.7248 | Val Loss: 4.5756 | Val C-index: 0.6927
Epoch 2/50 | Train Loss: 2.7207 | Train C-index: 0.7523 | Val Loss: 4.4999 | Val C-index: 0.7123
Epoch 3/50 | Train Loss: 2.5922 | Train C-index: 0.7703 | Val Loss: 4.5252 | Val C-index: 0.7088
Epoch 4/50 | Train Loss: 2.5648 | Train C-index: 0.7865 | Val Loss: 4.5283 | Val C-index: 0.7143
Epoch 5/50 | Train Loss: 2.5128 | Train C-index: 0.7931 | Val Loss: 4.5334 | Val C-index: 0.7149
Epoch 6/50 | Train Loss: 2.4418 | Train C-index: 0.8071 | Val Loss: 4.6089 | Val C-index: 0.7109
Epoch 7/50 | Train Loss: 2.4627 | Train C-index: 0.8133 | Val Loss: 4.6010 | Val C-index: 0.7167
Epoch 8/50 | Train Loss: 2.4220 | Train C-index: 0.8165 | Val Loss: 4.6143 | Val C-index: 0.7202
Epoch 9/50 | Train Loss: 2.3300 | Train C-index: 0.8308 | Val Loss: 4.6804 | Val C-index: 0.7071
Epoch 10/50 | Train Loss: 2.3194 | Train C-index: 0.8317 | Val Loss: 4.6987 | Val C-index: 0.7185
Epoch 11/50 | Train Loss: 2.3220 | Train C-index: 0.8430 | Val Loss: 4.7903 | Val C-index: 0.6983
Epoch 12/50 | Train Loss: 2.2629 | Train C-index: 0.8501 | Val Loss: 4.7296 | Val C-index: 0.7195
Epoch 13/50 | Train Loss: 2.2408 | Train C-index: 0.8552 | Val Loss: 4.7729 | Val C-index: 0.7101
Epoch 14/50 | Train Loss: 2.1794 | Train C-index: 0.8608 | Val Loss: 5.0432 | Val C-index: 0.7054
Epoch 15/50 | Train Loss: 2.1423 | Train C-index: 0.8719 | Val Loss: 4.9632 | Val C-index: 0.6978
Epoch 16/50 | Train Loss: 2.1179 | Train C-index: 0.8723 | Val Loss: 5.0705 | Val C-index: 0.7094
Epoch 17/50 | Train Loss: 2.0544 | Train C-index: 0.8771 | Val Loss: 4.9588 | Val C-index: 0.7184
Epoch 18/50 | Train Loss: 2.0629 | Train C-index: 0.8861 | Val Loss: 5.1234 | Val C-index: 0.7000
Early stopping at epoch 18
Fold 3 final C-index: 0.7202

Extra survival metrics:
cutoff_from_train_median: -0.117634
n_test: 168
n_high_risk: 91
n_low_risk: 77
n_event_test: 65
logrank_stat: 35.563199
logrank_p: 0.000000
auc_36m: 0.749792
auc_60m: 0.787919
mean_auc: 0.760044
HR_high_vs_low: 5.512080
HR_95CI_lower: 2.937451
HR_95CI_upper: 10.343332
cox_p: 0.000000

==================================================
Fold 5/5
==================================================
Epoch 1/50 | Train Loss: 2.8455 | Train C-index: 0.7359 | Val Loss: 4.3968 | Val C-index: 0.7183
Epoch 2/50 | Train Loss: 2.7227 | Train C-index: 0.7599 | Val Loss: 4.3762 | Val C-index: 0.7307
Epoch 3/50 | Train Loss: 2.6213 | Train C-index: 0.7794 | Val Loss: 4.3695 | Val C-index: 0.7374
Epoch 4/50 | Train Loss: 2.5165 | Train C-index: 0.7916 | Val Loss: 4.3669 | Val C-index: 0.7393
Epoch 5/50 | Train Loss: 2.5332 | Train C-index: 0.8015 | Val Loss: 4.4439 | Val C-index: 0.7398
Epoch 6/50 | Train Loss: 2.4741 | Train C-index: 0.8097 | Val Loss: 4.4293 | Val C-index: 0.7429
Epoch 7/50 | Train Loss: 2.4265 | Train C-index: 0.8170 | Val Loss: 4.4619 | Val C-index: 0.7372
Epoch 8/50 | Train Loss: 2.3850 | Train C-index: 0.8256 | Val Loss: 4.6069 | Val C-index: 0.7380
Epoch 9/50 | Train Loss: 2.3592 | Train C-index: 0.8319 | Val Loss: 4.4657 | Val C-index: 0.7368
Epoch 10/50 | Train Loss: 2.3073 | Train C-index: 0.8417 | Val Loss: 4.4906 | Val C-index: 0.7420
Epoch 11/50 | Train Loss: 2.2646 | Train C-index: 0.8425 | Val Loss: 4.7687 | Val C-index: 0.7338
Epoch 12/50 | Train Loss: 2.2853 | Train C-index: 0.8471 | Val Loss: 4.5119 | Val C-index: 0.7275
Epoch 13/50 | Train Loss: 2.2018 | Train C-index: 0.8581 | Val Loss: 4.6188 | Val C-index: 0.7260
Epoch 14/50 | Train Loss: 2.1883 | Train C-index: 0.8650 | Val Loss: 4.6677 | Val C-index: 0.7271
Epoch 15/50 | Train Loss: 2.1199 | Train C-index: 0.8672 | Val Loss: 4.6831 | Val C-index: 0.7219
Epoch 16/50 | Train Loss: 2.1194 | Train C-index: 0.8685 | Val Loss: 4.6529 | Val C-index: 0.7168
Early stopping at epoch 16
Fold 4 final C-index: 0.7429

Extra survival metrics:
cutoff_from_train_median: -0.533629
n_test: 168
n_high_risk: 72
n_low_risk: 96
n_event_test: 65
logrank_stat: 35.788272
logrank_p: 0.000000
auc_36m: 0.803774
auc_60m: 0.791742
mean_auc: 0.800658
HR_high_vs_low: 4.314703
HR_95CI_lower: 2.567990
HR_95CI_upper: 7.249507
cox_p: 0.000000

==================================================
5-Fold CV Summary
==================================================
  C-index: 0.7325 +/- 0.0195
