Using Device: cuda
Model: abmil-cox-topk | k: 256
Checkpoints: /home/gly001/cqj/pa_ct_surv/experiments/single_modal_path/exp2/checkpoints/abmil-cox-topk_k256
Results:     /home/gly001/cqj/pa_ct_surv/experiments/single_modal_path/exp2/results/abmil-cox-topk_k256
Loaded 843 samples

==================================================
Fold 1/5
==================================================
Epoch 1/50 | Train Loss: 2.8697 | Train C-index: 0.7210 | Val Loss: 4.3726 | Val C-index: 0.7152
Epoch 2/50 | Train Loss: 2.7374 | Train C-index: 0.7536 | Val Loss: 4.3090 | Val C-index: 0.7333
Epoch 3/50 | Train Loss: 2.7160 | Train C-index: 0.7710 | Val Loss: 4.2570 | Val C-index: 0.7521
Epoch 4/50 | Train Loss: 2.6114 | Train C-index: 0.7854 | Val Loss: 4.2303 | Val C-index: 0.7568
Epoch 5/50 | Train Loss: 2.5876 | Train C-index: 0.7967 | Val Loss: 4.1865 | Val C-index: 0.7659
Epoch 6/50 | Train Loss: 2.4914 | Train C-index: 0.8118 | Val Loss: 4.1934 | Val C-index: 0.7623
Epoch 7/50 | Train Loss: 2.4864 | Train C-index: 0.8258 | Val Loss: 4.1834 | Val C-index: 0.7635
Epoch 8/50 | Train Loss: 2.4461 | Train C-index: 0.8345 | Val Loss: 4.1586 | Val C-index: 0.7688
Epoch 9/50 | Train Loss: 2.3421 | Train C-index: 0.8421 | Val Loss: 4.2228 | Val C-index: 0.7552
Epoch 10/50 | Train Loss: 2.3326 | Train C-index: 0.8467 | Val Loss: 4.2157 | Val C-index: 0.7565
Epoch 11/50 | Train Loss: 2.3360 | Train C-index: 0.8552 | Val Loss: 4.2568 | Val C-index: 0.7527
Epoch 12/50 | Train Loss: 2.2956 | Train C-index: 0.8630 | Val Loss: 4.1986 | Val C-index: 0.7677
Epoch 13/50 | Train Loss: 2.2131 | Train C-index: 0.8650 | Val Loss: 4.2018 | Val C-index: 0.7642
Epoch 14/50 | Train Loss: 2.1817 | Train C-index: 0.8697 | Val Loss: 4.1456 | Val C-index: 0.7772
Epoch 15/50 | Train Loss: 2.1457 | Train C-index: 0.8813 | Val Loss: 4.2788 | Val C-index: 0.7595
Epoch 16/50 | Train Loss: 2.1042 | Train C-index: 0.8776 | Val Loss: 4.2142 | Val C-index: 0.7721
Epoch 17/50 | Train Loss: 2.0777 | Train C-index: 0.8858 | Val Loss: 4.2728 | Val C-index: 0.7658
Epoch 18/50 | Train Loss: 2.0795 | Train C-index: 0.8907 | Val Loss: 4.2661 | Val C-index: 0.7604
Epoch 19/50 | Train Loss: 1.9963 | Train C-index: 0.8988 | Val Loss: 4.2829 | Val C-index: 0.7596
Epoch 20/50 | Train Loss: 1.9674 | Train C-index: 0.9029 | Val Loss: 4.3600 | Val C-index: 0.7527
Epoch 21/50 | Train Loss: 1.8648 | Train C-index: 0.9081 | Val Loss: 4.3478 | Val C-index: 0.7618
Epoch 22/50 | Train Loss: 1.9038 | Train C-index: 0.9071 | Val Loss: 4.3711 | Val C-index: 0.7744
Epoch 23/50 | Train Loss: 1.8484 | Train C-index: 0.9158 | Val Loss: 4.4166 | Val C-index: 0.7595
Epoch 24/50 | Train Loss: 1.8326 | Train C-index: 0.9179 | Val Loss: 4.6604 | Val C-index: 0.7435
Early stopping at epoch 24
Fold 0 final C-index: 0.7772

Extra survival metrics:
cutoff_from_train_median: -0.364194
n_test: 169
n_high_risk: 98
n_low_risk: 71
n_event_test: 65
logrank_stat: 35.052197
logrank_p: 0.000000
auc_36m: 0.822199
auc_60m: 0.771688
mean_auc: 0.807926
HR_high_vs_low: 7.516258
HR_95CI_lower: 3.427358
HR_95CI_upper: 16.483288
cox_p: 0.000000

==================================================
Fold 2/5
==================================================
Epoch 1/50 | Train Loss: 2.8030 | Train C-index: 0.7518 | Val Loss: 4.5326 | Val C-index: 0.7030
Epoch 2/50 | Train Loss: 2.6264 | Train C-index: 0.7766 | Val Loss: 4.5126 | Val C-index: 0.7072
Epoch 3/50 | Train Loss: 2.5408 | Train C-index: 0.7866 | Val Loss: 4.4975 | Val C-index: 0.7084
Epoch 4/50 | Train Loss: 2.4711 | Train C-index: 0.7986 | Val Loss: 4.5447 | Val C-index: 0.7247
Epoch 5/50 | Train Loss: 2.5666 | Train C-index: 0.8102 | Val Loss: 4.4982 | Val C-index: 0.7186
Epoch 6/50 | Train Loss: 2.4003 | Train C-index: 0.8260 | Val Loss: 4.5122 | Val C-index: 0.7228
Epoch 7/50 | Train Loss: 2.3665 | Train C-index: 0.8236 | Val Loss: 4.5688 | Val C-index: 0.6888
Epoch 8/50 | Train Loss: 2.3759 | Train C-index: 0.8395 | Val Loss: 4.5590 | Val C-index: 0.7166
Epoch 9/50 | Train Loss: 2.2965 | Train C-index: 0.8525 | Val Loss: 4.5758 | Val C-index: 0.7164
Epoch 10/50 | Train Loss: 2.2639 | Train C-index: 0.8523 | Val Loss: 4.5613 | Val C-index: 0.7044
Epoch 11/50 | Train Loss: 2.2065 | Train C-index: 0.8603 | Val Loss: 4.6332 | Val C-index: 0.7108
Epoch 12/50 | Train Loss: 2.1788 | Train C-index: 0.8723 | Val Loss: 4.6415 | Val C-index: 0.7128
Epoch 13/50 | Train Loss: 2.0703 | Train C-index: 0.8804 | Val Loss: 4.7583 | Val C-index: 0.7054
Epoch 14/50 | Train Loss: 2.0440 | Train C-index: 0.8919 | Val Loss: 4.8040 | Val C-index: 0.7098
Early stopping at epoch 14
Fold 1 final C-index: 0.7247

Extra survival metrics:
cutoff_from_train_median: -1.100882
n_test: 169
n_high_risk: 84
n_low_risk: 85
n_event_test: 65
logrank_stat: 23.764565
logrank_p: 0.000001
auc_36m: 0.760134
auc_60m: 0.722190
mean_auc: 0.750880
HR_high_vs_low: 3.640763
HR_95CI_lower: 2.088745
HR_95CI_upper: 6.345988
cox_p: 0.000005

==================================================
Fold 3/5
==================================================
Epoch 1/50 | Train Loss: 2.8139 | Train C-index: 0.7398 | Val Loss: 4.6024 | Val C-index: 0.6850
Epoch 2/50 | Train Loss: 2.6703 | Train C-index: 0.7582 | Val Loss: 4.5685 | Val C-index: 0.6872
Epoch 3/50 | Train Loss: 2.6728 | Train C-index: 0.7757 | Val Loss: 4.5321 | Val C-index: 0.7010
Epoch 4/50 | Train Loss: 2.5400 | Train C-index: 0.7897 | Val Loss: 4.5157 | Val C-index: 0.7063
Epoch 5/50 | Train Loss: 2.5152 | Train C-index: 0.7993 | Val Loss: 4.5197 | Val C-index: 0.7039
Epoch 6/50 | Train Loss: 2.4082 | Train C-index: 0.8133 | Val Loss: 4.5019 | Val C-index: 0.7125
Epoch 7/50 | Train Loss: 2.4309 | Train C-index: 0.8244 | Val Loss: 4.5206 | Val C-index: 0.7135
Epoch 8/50 | Train Loss: 2.3706 | Train C-index: 0.8328 | Val Loss: 4.4790 | Val C-index: 0.7267
Epoch 9/50 | Train Loss: 2.3148 | Train C-index: 0.8394 | Val Loss: 4.4932 | Val C-index: 0.7246
Epoch 10/50 | Train Loss: 2.3038 | Train C-index: 0.8513 | Val Loss: 4.5480 | Val C-index: 0.7107
Epoch 11/50 | Train Loss: 2.1834 | Train C-index: 0.8543 | Val Loss: 4.5647 | Val C-index: 0.7148
Epoch 12/50 | Train Loss: 2.2043 | Train C-index: 0.8642 | Val Loss: 4.6401 | Val C-index: 0.7116
Epoch 13/50 | Train Loss: 2.2731 | Train C-index: 0.8701 | Val Loss: 4.5938 | Val C-index: 0.7180
Epoch 14/50 | Train Loss: 2.1349 | Train C-index: 0.8741 | Val Loss: 4.6460 | Val C-index: 0.7161
Epoch 15/50 | Train Loss: 2.0343 | Train C-index: 0.8886 | Val Loss: 4.6989 | Val C-index: 0.7192
Epoch 16/50 | Train Loss: 2.0346 | Train C-index: 0.8783 | Val Loss: 4.6432 | Val C-index: 0.7196
Epoch 17/50 | Train Loss: 2.0052 | Train C-index: 0.8946 | Val Loss: 4.6693 | Val C-index: 0.7165
Epoch 18/50 | Train Loss: 1.9537 | Train C-index: 0.9003 | Val Loss: 4.7789 | Val C-index: 0.7159
Early stopping at epoch 18
Fold 2 final C-index: 0.7267

Extra survival metrics:
cutoff_from_train_median: -0.839466
n_test: 169
n_high_risk: 93
n_low_risk: 76
n_event_test: 65
logrank_stat: 26.972818
logrank_p: 0.000000
auc_36m: 0.785403
auc_60m: 0.723700
mean_auc: 0.773230
HR_high_vs_low: 4.571323
HR_95CI_lower: 2.435623
HR_95CI_upper: 8.579734
cox_p: 0.000002

==================================================
Fold 4/5
==================================================
Epoch 1/50 | Train Loss: 2.8358 | Train C-index: 0.7365 | Val Loss: 4.4753 | Val C-index: 0.7386
Epoch 2/50 | Train Loss: 2.7354 | Train C-index: 0.7604 | Val Loss: 4.4958 | Val C-index: 0.7275
Epoch 3/50 | Train Loss: 2.6008 | Train C-index: 0.7836 | Val Loss: 4.4583 | Val C-index: 0.7359
Epoch 4/50 | Train Loss: 2.5543 | Train C-index: 0.7947 | Val Loss: 4.4557 | Val C-index: 0.7373
Epoch 5/50 | Train Loss: 2.5486 | Train C-index: 0.8041 | Val Loss: 4.4610 | Val C-index: 0.7353
Epoch 6/50 | Train Loss: 2.4621 | Train C-index: 0.8213 | Val Loss: 4.5469 | Val C-index: 0.7156
Epoch 7/50 | Train Loss: 2.3811 | Train C-index: 0.8265 | Val Loss: 4.5297 | Val C-index: 0.7291
Epoch 8/50 | Train Loss: 2.3485 | Train C-index: 0.8432 | Val Loss: 4.6190 | Val C-index: 0.7243
Epoch 9/50 | Train Loss: 2.3068 | Train C-index: 0.8508 | Val Loss: 4.6970 | Val C-index: 0.7108
Epoch 10/50 | Train Loss: 2.2982 | Train C-index: 0.8601 | Val Loss: 4.7010 | Val C-index: 0.7122
Epoch 11/50 | Train Loss: 2.1936 | Train C-index: 0.8673 | Val Loss: 4.7854 | Val C-index: 0.7208
Early stopping at epoch 11
Fold 3 final C-index: 0.7386

Extra survival metrics:
cutoff_from_train_median: -0.025559
n_test: 168
n_high_risk: 95
n_low_risk: 73
n_event_test: 65
logrank_stat: 37.605696
logrank_p: 0.000000
auc_36m: 0.771735
auc_60m: 0.820537
mean_auc: 0.784857
HR_high_vs_low: 6.386259
HR_95CI_lower: 3.243397
HR_95CI_upper: 12.574566
cox_p: 0.000000

==================================================
Fold 5/5
==================================================
Epoch 1/50 | Train Loss: 2.8669 | Train C-index: 0.7451 | Val Loss: 4.4393 | Val C-index: 0.7128
Epoch 2/50 | Train Loss: 2.6893 | Train C-index: 0.7673 | Val Loss: 4.4570 | Val C-index: 0.7183
Epoch 3/50 | Train Loss: 2.5680 | Train C-index: 0.7919 | Val Loss: 4.5633 | Val C-index: 0.7142
Epoch 4/50 | Train Loss: 2.5160 | Train C-index: 0.7971 | Val Loss: 4.6653 | Val C-index: 0.7055
Epoch 5/50 | Train Loss: 2.4914 | Train C-index: 0.8105 | Val Loss: 4.5313 | Val C-index: 0.7099
Epoch 6/50 | Train Loss: 2.4839 | Train C-index: 0.8250 | Val Loss: 4.6023 | Val C-index: 0.7152
Epoch 7/50 | Train Loss: 2.4334 | Train C-index: 0.8376 | Val Loss: 4.5783 | Val C-index: 0.7172
Epoch 8/50 | Train Loss: 2.3861 | Train C-index: 0.8437 | Val Loss: 4.6511 | Val C-index: 0.7150
Epoch 9/50 | Train Loss: 2.2818 | Train C-index: 0.8475 | Val Loss: 4.7892 | Val C-index: 0.7066
Epoch 10/50 | Train Loss: 2.3129 | Train C-index: 0.8519 | Val Loss: 4.5071 | Val C-index: 0.7271
Epoch 11/50 | Train Loss: 2.1672 | Train C-index: 0.8632 | Val Loss: 4.5988 | Val C-index: 0.7131
Epoch 12/50 | Train Loss: 2.2125 | Train C-index: 0.8682 | Val Loss: 4.6495 | Val C-index: 0.7174
Epoch 13/50 | Train Loss: 2.1612 | Train C-index: 0.8801 | Val Loss: 4.7248 | Val C-index: 0.7039
Epoch 14/50 | Train Loss: 2.0943 | Train C-index: 0.8840 | Val Loss: 4.8995 | Val C-index: 0.7073
Epoch 15/50 | Train Loss: 2.0365 | Train C-index: 0.8887 | Val Loss: 5.0794 | Val C-index: 0.6956
Epoch 16/50 | Train Loss: 2.0565 | Train C-index: 0.8906 | Val Loss: 4.8170 | Val C-index: 0.7126
Epoch 17/50 | Train Loss: 2.0072 | Train C-index: 0.8997 | Val Loss: 5.2990 | Val C-index: 0.7038
Epoch 18/50 | Train Loss: 1.9056 | Train C-index: 0.9067 | Val Loss: 5.0049 | Val C-index: 0.6944
Epoch 19/50 | Train Loss: 1.8650 | Train C-index: 0.9108 | Val Loss: 5.1215 | Val C-index: 0.6966
Epoch 20/50 | Train Loss: 1.8559 | Train C-index: 0.9174 | Val Loss: 5.1789 | Val C-index: 0.7013
Early stopping at epoch 20
Fold 4 final C-index: 0.7271

Extra survival metrics:
cutoff_from_train_median: 0.167058
n_test: 168
n_high_risk: 74
n_low_risk: 94
n_event_test: 65
logrank_stat: 23.131561
logrank_p: 0.000002
auc_36m: 0.776298
auc_60m: 0.784240
mean_auc: 0.778354
HR_high_vs_low: 3.251069
HR_95CI_lower: 1.957745
HR_95CI_upper: 5.398787
cox_p: 0.000005

==================================================
5-Fold CV Summary
==================================================
  C-index: 0.7389 +/- 0.0221
