Using Device: cuda
Model: gabmil-cox-topk | k: 1024
Checkpoints: /home/gly001/cqj/pa_ct_surv/experiments/single_modal_path/exp2/checkpoints/gabmil-cox-topk_k1024
Results:     /home/gly001/cqj/pa_ct_surv/experiments/single_modal_path/exp2/results/gabmil-cox-topk_k1024
Loaded 843 samples

==================================================
Fold 1/5
==================================================
Epoch 1/50 | Train Loss: 2.8617 | Train C-index: 0.7367 | Val Loss: 4.2501 | Val C-index: 0.7537
Epoch 2/50 | Train Loss: 2.6937 | Train C-index: 0.7619 | Val Loss: 4.2511 | Val C-index: 0.7522
Epoch 3/50 | Train Loss: 2.5871 | Train C-index: 0.7822 | Val Loss: 4.2702 | Val C-index: 0.7474
Epoch 4/50 | Train Loss: 2.5927 | Train C-index: 0.7923 | Val Loss: 4.2604 | Val C-index: 0.7414
Epoch 5/50 | Train Loss: 2.5051 | Train C-index: 0.8046 | Val Loss: 4.2265 | Val C-index: 0.7536
Epoch 6/50 | Train Loss: 2.4554 | Train C-index: 0.8107 | Val Loss: 4.3950 | Val C-index: 0.7447
Epoch 7/50 | Train Loss: 2.3841 | Train C-index: 0.8233 | Val Loss: 4.2850 | Val C-index: 0.7458
Epoch 8/50 | Train Loss: 2.3838 | Train C-index: 0.8260 | Val Loss: 4.4151 | Val C-index: 0.7372
Epoch 9/50 | Train Loss: 2.3643 | Train C-index: 0.8287 | Val Loss: 4.2879 | Val C-index: 0.7471
Epoch 10/50 | Train Loss: 2.3215 | Train C-index: 0.8380 | Val Loss: 4.3650 | Val C-index: 0.7386
Epoch 11/50 | Train Loss: 2.2729 | Train C-index: 0.8412 | Val Loss: 4.5456 | Val C-index: 0.7194
Early stopping at epoch 11
Fold 0 final C-index: 0.7537

Extra survival metrics:
cutoff_from_train_median: -0.285768
n_test: 169
n_high_risk: 89
n_low_risk: 80
n_event_test: 65
logrank_stat: 29.274511
logrank_p: 0.000000
auc_36m: 0.783641
auc_60m: 0.755262
mean_auc: 0.775622
HR_high_vs_low: 4.810959
HR_95CI_lower: 2.567151
HR_95CI_upper: 9.015961
cox_p: 0.000001

==================================================
Fold 2/5
==================================================
Epoch 1/50 | Train Loss: 2.8222 | Train C-index: 0.7496 | Val Loss: 4.5267 | Val C-index: 0.7062
Epoch 2/50 | Train Loss: 2.6643 | Train C-index: 0.7702 | Val Loss: 4.5362 | Val C-index: 0.7007
Epoch 3/50 | Train Loss: 2.5554 | Train C-index: 0.7871 | Val Loss: 4.5377 | Val C-index: 0.7094
Epoch 4/50 | Train Loss: 2.4882 | Train C-index: 0.7994 | Val Loss: 4.5432 | Val C-index: 0.6999
Epoch 5/50 | Train Loss: 2.4586 | Train C-index: 0.8070 | Val Loss: 4.6040 | Val C-index: 0.6963
Epoch 6/50 | Train Loss: 2.4364 | Train C-index: 0.8163 | Val Loss: 4.6066 | Val C-index: 0.7013
Epoch 7/50 | Train Loss: 2.4118 | Train C-index: 0.8263 | Val Loss: 4.5683 | Val C-index: 0.7009
Epoch 8/50 | Train Loss: 2.3400 | Train C-index: 0.8340 | Val Loss: 4.5936 | Val C-index: 0.7015
Epoch 9/50 | Train Loss: 2.2872 | Train C-index: 0.8396 | Val Loss: 4.5994 | Val C-index: 0.7006
Epoch 10/50 | Train Loss: 2.2455 | Train C-index: 0.8492 | Val Loss: 4.6486 | Val C-index: 0.6999
Epoch 11/50 | Train Loss: 2.2451 | Train C-index: 0.8472 | Val Loss: 4.6414 | Val C-index: 0.6943
Epoch 12/50 | Train Loss: 2.2752 | Train C-index: 0.8530 | Val Loss: 4.5940 | Val C-index: 0.6990
Epoch 13/50 | Train Loss: 2.1850 | Train C-index: 0.8623 | Val Loss: 4.7082 | Val C-index: 0.6942
Early stopping at epoch 13
Fold 1 final C-index: 0.7094

Extra survival metrics:
cutoff_from_train_median: -0.275667
n_test: 169
n_high_risk: 79
n_low_risk: 90
n_event_test: 65
logrank_stat: 25.910645
logrank_p: 0.000000
auc_36m: 0.740214
auc_60m: 0.714711
mean_auc: 0.733994
HR_high_vs_low: 3.679033
HR_95CI_lower: 2.150210
HR_95CI_upper: 6.294867
cox_p: 0.000002

==================================================
Fold 3/5
==================================================
Epoch 1/50 | Train Loss: 2.8453 | Train C-index: 0.7459 | Val Loss: 4.4743 | Val C-index: 0.7289
Epoch 2/50 | Train Loss: 2.6854 | Train C-index: 0.7682 | Val Loss: 4.4378 | Val C-index: 0.7419
Epoch 3/50 | Train Loss: 2.5889 | Train C-index: 0.7822 | Val Loss: 4.4112 | Val C-index: 0.7473
Epoch 4/50 | Train Loss: 2.5366 | Train C-index: 0.7933 | Val Loss: 4.3942 | Val C-index: 0.7490
Epoch 5/50 | Train Loss: 2.4597 | Train C-index: 0.8045 | Val Loss: 4.3800 | Val C-index: 0.7527
Epoch 6/50 | Train Loss: 2.4018 | Train C-index: 0.8147 | Val Loss: 4.4433 | Val C-index: 0.7424
Epoch 7/50 | Train Loss: 2.3400 | Train C-index: 0.8212 | Val Loss: 4.4676 | Val C-index: 0.7412
Epoch 8/50 | Train Loss: 2.3792 | Train C-index: 0.8297 | Val Loss: 4.4882 | Val C-index: 0.7315
Epoch 9/50 | Train Loss: 2.3235 | Train C-index: 0.8369 | Val Loss: 4.5423 | Val C-index: 0.7353
Epoch 10/50 | Train Loss: 2.2684 | Train C-index: 0.8440 | Val Loss: 4.5918 | Val C-index: 0.7240
Epoch 11/50 | Train Loss: 2.2255 | Train C-index: 0.8459 | Val Loss: 4.5885 | Val C-index: 0.7296
Epoch 12/50 | Train Loss: 2.2204 | Train C-index: 0.8553 | Val Loss: 4.6747 | Val C-index: 0.7146
Epoch 13/50 | Train Loss: 2.1545 | Train C-index: 0.8626 | Val Loss: 4.6970 | Val C-index: 0.7130
Epoch 14/50 | Train Loss: 2.1188 | Train C-index: 0.8606 | Val Loss: 4.8613 | Val C-index: 0.7017
Epoch 15/50 | Train Loss: 2.1051 | Train C-index: 0.8758 | Val Loss: 4.8133 | Val C-index: 0.7080
Early stopping at epoch 15
Fold 2 final C-index: 0.7527

Extra survival metrics:
cutoff_from_train_median: -0.361311
n_test: 169
n_high_risk: 90
n_low_risk: 79
n_event_test: 65
logrank_stat: 37.270304
logrank_p: 0.000000
auc_36m: 0.799277
auc_60m: 0.746866
mean_auc: 0.788937
HR_high_vs_low: 5.977528
HR_95CI_lower: 3.114889
HR_95CI_upper: 11.470986
cox_p: 0.000000

==================================================
Fold 4/5
==================================================
Epoch 1/50 | Train Loss: 2.9091 | Train C-index: 0.7303 | Val Loss: 4.4477 | Val C-index: 0.7363
Epoch 2/50 | Train Loss: 2.6372 | Train C-index: 0.7582 | Val Loss: 4.4603 | Val C-index: 0.7339
Epoch 3/50 | Train Loss: 2.6734 | Train C-index: 0.7795 | Val Loss: 4.4667 | Val C-index: 0.7305
Epoch 4/50 | Train Loss: 2.5796 | Train C-index: 0.7905 | Val Loss: 4.4396 | Val C-index: 0.7367
Epoch 5/50 | Train Loss: 2.5283 | Train C-index: 0.7945 | Val Loss: 4.4719 | Val C-index: 0.7316
Epoch 6/50 | Train Loss: 2.4726 | Train C-index: 0.8106 | Val Loss: 4.5128 | Val C-index: 0.7275
Epoch 7/50 | Train Loss: 2.4204 | Train C-index: 0.8118 | Val Loss: 4.4606 | Val C-index: 0.7385
Epoch 8/50 | Train Loss: 2.3477 | Train C-index: 0.8242 | Val Loss: 4.5718 | Val C-index: 0.7278
Epoch 9/50 | Train Loss: 2.3575 | Train C-index: 0.8314 | Val Loss: 4.6329 | Val C-index: 0.7213
Epoch 10/50 | Train Loss: 2.4026 | Train C-index: 0.8423 | Val Loss: 4.6200 | Val C-index: 0.7169
Epoch 11/50 | Train Loss: 2.2279 | Train C-index: 0.8426 | Val Loss: 4.7284 | Val C-index: 0.7169
Epoch 12/50 | Train Loss: 2.2626 | Train C-index: 0.8458 | Val Loss: 4.8682 | Val C-index: 0.7198
Epoch 13/50 | Train Loss: 2.2116 | Train C-index: 0.8562 | Val Loss: 4.8065 | Val C-index: 0.7042
Epoch 14/50 | Train Loss: 2.1379 | Train C-index: 0.8688 | Val Loss: 4.8683 | Val C-index: 0.7089
Epoch 15/50 | Train Loss: 2.0914 | Train C-index: 0.8758 | Val Loss: 4.9847 | Val C-index: 0.6950
Epoch 16/50 | Train Loss: 2.1018 | Train C-index: 0.8816 | Val Loss: 5.0403 | Val C-index: 0.6973
Epoch 17/50 | Train Loss: 2.0782 | Train C-index: 0.8811 | Val Loss: 4.9206 | Val C-index: 0.7062
Early stopping at epoch 17
Fold 3 final C-index: 0.7385

Extra survival metrics:
cutoff_from_train_median: 0.023173
n_test: 168
n_high_risk: 94
n_low_risk: 74
n_event_test: 65
logrank_stat: 35.501474
logrank_p: 0.000000
auc_36m: 0.770963
auc_60m: 0.813079
mean_auc: 0.782288
HR_high_vs_low: 5.785072
HR_95CI_lower: 3.015497
HR_95CI_upper: 11.098354
cox_p: 0.000000

==================================================
Fold 5/5
==================================================
Epoch 1/50 | Train Loss: 2.8405 | Train C-index: 0.7359 | Val Loss: 4.4445 | Val C-index: 0.7009
Epoch 2/50 | Train Loss: 2.7068 | Train C-index: 0.7636 | Val Loss: 4.3987 | Val C-index: 0.7174
Epoch 3/50 | Train Loss: 2.6436 | Train C-index: 0.7790 | Val Loss: 4.3571 | Val C-index: 0.7268
Epoch 4/50 | Train Loss: 2.5892 | Train C-index: 0.7890 | Val Loss: 4.3658 | Val C-index: 0.7257
Epoch 5/50 | Train Loss: 2.5723 | Train C-index: 0.7962 | Val Loss: 4.3621 | Val C-index: 0.7237
Epoch 6/50 | Train Loss: 2.4858 | Train C-index: 0.8050 | Val Loss: 4.3801 | Val C-index: 0.7291
Epoch 7/50 | Train Loss: 2.4283 | Train C-index: 0.8088 | Val Loss: 4.4118 | Val C-index: 0.7244
Epoch 8/50 | Train Loss: 2.4523 | Train C-index: 0.8183 | Val Loss: 4.3994 | Val C-index: 0.7211
Epoch 9/50 | Train Loss: 2.4106 | Train C-index: 0.8234 | Val Loss: 4.3558 | Val C-index: 0.7315
Epoch 10/50 | Train Loss: 2.3338 | Train C-index: 0.8326 | Val Loss: 4.4815 | Val C-index: 0.7276
Epoch 11/50 | Train Loss: 2.3016 | Train C-index: 0.8377 | Val Loss: 4.5102 | Val C-index: 0.7179
Epoch 12/50 | Train Loss: 2.2898 | Train C-index: 0.8452 | Val Loss: 4.4973 | Val C-index: 0.7115
Epoch 13/50 | Train Loss: 2.2669 | Train C-index: 0.8515 | Val Loss: 4.4836 | Val C-index: 0.7273
Epoch 14/50 | Train Loss: 2.2341 | Train C-index: 0.8537 | Val Loss: 4.5074 | Val C-index: 0.7231
Epoch 15/50 | Train Loss: 2.1584 | Train C-index: 0.8629 | Val Loss: 4.5744 | Val C-index: 0.7106
Epoch 16/50 | Train Loss: 2.1159 | Train C-index: 0.8628 | Val Loss: 4.7107 | Val C-index: 0.7198
Epoch 17/50 | Train Loss: 2.1478 | Train C-index: 0.8732 | Val Loss: 4.6420 | Val C-index: 0.7198
Epoch 18/50 | Train Loss: 2.0865 | Train C-index: 0.8783 | Val Loss: 4.7110 | Val C-index: 0.7147
Epoch 19/50 | Train Loss: 2.0416 | Train C-index: 0.8854 | Val Loss: 4.7319 | Val C-index: 0.7158
Early stopping at epoch 19
Fold 4 final C-index: 0.7315

Extra survival metrics:
cutoff_from_train_median: -0.264738
n_test: 168
n_high_risk: 75
n_low_risk: 93
n_event_test: 65
logrank_stat: 23.312017
logrank_p: 0.000001
auc_36m: 0.789269
auc_60m: 0.776487
mean_auc: 0.785959
HR_high_vs_low: 3.296178
HR_95CI_lower: 1.976011
HR_95CI_upper: 5.498345
cox_p: 0.000005

==================================================
5-Fold CV Summary
==================================================
  C-index: 0.7371 +/- 0.0182
