Using Device: cuda
Model: abmil-cox-topk | k: 512
Checkpoints: /home/gly001/cqj/pa_ct_surv/experiments/single_modal_path/exp3/checkpoints/lr1e-3
Results:     /home/gly001/cqj/pa_ct_surv/experiments/single_modal_path/exp3/results/lr1e-3
Loaded 843 samples

==================================================
Fold 1/5
==================================================
Epoch 1/50 | Train Loss: 2.8108 | Train C-index: 0.7643 | Val Loss: 4.4181 | Val C-index: 0.7494
Epoch 2/50 | Train Loss: 2.6382 | Train C-index: 0.7759 | Val Loss: 4.1658 | Val C-index: 0.7727
Epoch 3/50 | Train Loss: 2.6565 | Train C-index: 0.7879 | Val Loss: 4.1682 | Val C-index: 0.7704
Epoch 4/50 | Train Loss: 2.5795 | Train C-index: 0.8102 | Val Loss: 4.1146 | Val C-index: 0.7901
Epoch 5/50 | Train Loss: 2.5081 | Train C-index: 0.8225 | Val Loss: 4.2223 | Val C-index: 0.7739
Epoch 6/50 | Train Loss: 2.4323 | Train C-index: 0.8394 | Val Loss: 4.1001 | Val C-index: 0.8057
Epoch 7/50 | Train Loss: 2.3783 | Train C-index: 0.8527 | Val Loss: 4.3208 | Val C-index: 0.7587
Epoch 8/50 | Train Loss: 2.3748 | Train C-index: 0.8591 | Val Loss: 4.1163 | Val C-index: 0.7845
Epoch 9/50 | Train Loss: 2.2655 | Train C-index: 0.8732 | Val Loss: 4.2682 | Val C-index: 0.7917
Epoch 10/50 | Train Loss: 2.1529 | Train C-index: 0.8903 | Val Loss: 4.2165 | Val C-index: 0.7971
Epoch 11/50 | Train Loss: 2.0916 | Train C-index: 0.8884 | Val Loss: 4.1708 | Val C-index: 0.7811
Epoch 12/50 | Train Loss: 2.1052 | Train C-index: 0.9080 | Val Loss: 4.3693 | Val C-index: 0.7724
Epoch 13/50 | Train Loss: 2.0239 | Train C-index: 0.9100 | Val Loss: 4.5264 | Val C-index: 0.7682
Epoch 14/50 | Train Loss: 1.8480 | Train C-index: 0.9285 | Val Loss: 4.5891 | Val C-index: 0.7674
Epoch 15/50 | Train Loss: 1.7655 | Train C-index: 0.9326 | Val Loss: 4.6155 | Val C-index: 0.7719
Epoch 16/50 | Train Loss: 1.7476 | Train C-index: 0.9383 | Val Loss: 4.8059 | Val C-index: 0.7490
Early stopping at epoch 16
Fold 0 final C-index: 0.8057

Extra survival metrics:
cutoff_from_train_median: -0.372044
n_test: 169
n_high_risk: 100
n_low_risk: 69
n_event_test: 65
logrank_stat: 39.760831
logrank_p: 0.000000
auc_36m: 0.844959
auc_60m: 0.824302
mean_auc: 0.839122
HR_high_vs_low: 10.585387
HR_95CI_lower: 4.246456
HR_95CI_upper: 26.386812
cox_p: 0.000000

==================================================
Fold 2/5
==================================================
Epoch 1/50 | Train Loss: 2.9592 | Train C-index: 0.6416 | Val Loss: 4.6836 | Val C-index: 0.5911
Epoch 2/50 | Train Loss: 2.7931 | Train C-index: 0.7485 | Val Loss: 4.5142 | Val C-index: 0.7138
Epoch 3/50 | Train Loss: 2.6303 | Train C-index: 0.7779 | Val Loss: 4.5195 | Val C-index: 0.7048
Epoch 4/50 | Train Loss: 2.6247 | Train C-index: 0.7874 | Val Loss: 4.4543 | Val C-index: 0.7209
Epoch 5/50 | Train Loss: 2.5194 | Train C-index: 0.8004 | Val Loss: 4.5868 | Val C-index: 0.7110
Epoch 6/50 | Train Loss: 2.4271 | Train C-index: 0.8137 | Val Loss: 4.5505 | Val C-index: 0.7134
Epoch 7/50 | Train Loss: 2.4242 | Train C-index: 0.8279 | Val Loss: 4.6672 | Val C-index: 0.6962
Epoch 8/50 | Train Loss: 2.4040 | Train C-index: 0.8268 | Val Loss: 4.6068 | Val C-index: 0.7100
Epoch 9/50 | Train Loss: 2.3748 | Train C-index: 0.8452 | Val Loss: 4.5458 | Val C-index: 0.7147
Epoch 10/50 | Train Loss: 2.2920 | Train C-index: 0.8455 | Val Loss: 4.6427 | Val C-index: 0.7014
Epoch 11/50 | Train Loss: 2.2525 | Train C-index: 0.8494 | Val Loss: 4.8466 | Val C-index: 0.7210
Epoch 12/50 | Train Loss: 2.2240 | Train C-index: 0.8748 | Val Loss: 4.8326 | Val C-index: 0.7023
Epoch 13/50 | Train Loss: 2.1539 | Train C-index: 0.8620 | Val Loss: 4.6074 | Val C-index: 0.6850
Epoch 14/50 | Train Loss: 2.2226 | Train C-index: 0.8862 | Val Loss: 4.5509 | Val C-index: 0.7280
Epoch 15/50 | Train Loss: 1.9794 | Train C-index: 0.9091 | Val Loss: 4.8362 | Val C-index: 0.7059
Epoch 16/50 | Train Loss: 1.9616 | Train C-index: 0.9050 | Val Loss: 5.1060 | Val C-index: 0.6942
Epoch 17/50 | Train Loss: 1.9441 | Train C-index: 0.9196 | Val Loss: 5.1435 | Val C-index: 0.6924
Epoch 18/50 | Train Loss: 1.8081 | Train C-index: 0.9161 | Val Loss: 4.9119 | Val C-index: 0.7124
Epoch 19/50 | Train Loss: 1.8253 | Train C-index: 0.9270 | Val Loss: 5.2835 | Val C-index: 0.7162
Epoch 20/50 | Train Loss: 1.6007 | Train C-index: 0.9241 | Val Loss: 6.0147 | Val C-index: 0.6887
Epoch 21/50 | Train Loss: 1.6938 | Train C-index: 0.9350 | Val Loss: 5.3482 | Val C-index: 0.6827
Epoch 22/50 | Train Loss: 1.5534 | Train C-index: 0.9439 | Val Loss: 5.8754 | Val C-index: 0.6764
Epoch 23/50 | Train Loss: 1.6176 | Train C-index: 0.9405 | Val Loss: 5.9700 | Val C-index: 0.6844
Epoch 24/50 | Train Loss: 1.5340 | Train C-index: 0.9451 | Val Loss: 5.8243 | Val C-index: 0.6945
Early stopping at epoch 24
Fold 1 final C-index: 0.7280

Extra survival metrics:
cutoff_from_train_median: -0.926172
n_test: 169
n_high_risk: 85
n_low_risk: 84
n_event_test: 65
logrank_stat: 18.575809
logrank_p: 0.000016
auc_36m: 0.753967
auc_60m: 0.733721
mean_auc: 0.749029
HR_high_vs_low: 3.067746
HR_95CI_lower: 1.793726
HR_95CI_upper: 5.246658
cox_p: 0.000042

==================================================
Fold 3/5
==================================================
Epoch 1/50 | Train Loss: 2.8492 | Train C-index: 0.7625 | Val Loss: 4.4352 | Val C-index: 0.7382
Epoch 2/50 | Train Loss: 2.6462 | Train C-index: 0.7765 | Val Loss: 4.3840 | Val C-index: 0.7494
Epoch 3/50 | Train Loss: 2.5489 | Train C-index: 0.7898 | Val Loss: 4.4395 | Val C-index: 0.7370
Epoch 4/50 | Train Loss: 2.4719 | Train C-index: 0.8075 | Val Loss: 4.4073 | Val C-index: 0.7394
Epoch 5/50 | Train Loss: 2.4119 | Train C-index: 0.8223 | Val Loss: 4.4815 | Val C-index: 0.7354
Epoch 6/50 | Train Loss: 2.4497 | Train C-index: 0.8203 | Val Loss: 4.4355 | Val C-index: 0.7408
Epoch 7/50 | Train Loss: 2.3740 | Train C-index: 0.8407 | Val Loss: 4.4525 | Val C-index: 0.7281
Epoch 8/50 | Train Loss: 2.3094 | Train C-index: 0.8509 | Val Loss: 4.5578 | Val C-index: 0.7075
Epoch 9/50 | Train Loss: 2.1950 | Train C-index: 0.8627 | Val Loss: 4.5411 | Val C-index: 0.7213
Epoch 10/50 | Train Loss: 2.1600 | Train C-index: 0.8762 | Val Loss: 4.4670 | Val C-index: 0.7434
Epoch 11/50 | Train Loss: 2.0977 | Train C-index: 0.8892 | Val Loss: 4.7375 | Val C-index: 0.6985
Epoch 12/50 | Train Loss: 2.0926 | Train C-index: 0.8888 | Val Loss: 4.5339 | Val C-index: 0.7363
Early stopping at epoch 12
Fold 2 final C-index: 0.7494

Extra survival metrics:
cutoff_from_train_median: 0.582391
n_test: 169
n_high_risk: 88
n_low_risk: 81
n_event_test: 65
logrank_stat: 36.475309
logrank_p: 0.000000
auc_36m: 0.814807
auc_60m: 0.750351
mean_auc: 0.802090
HR_high_vs_low: 5.616061
HR_95CI_lower: 2.992187
HR_95CI_upper: 10.540833
cox_p: 0.000000

==================================================
Fold 4/5
==================================================
Epoch 1/50 | Train Loss: 2.7957 | Train C-index: 0.7697 | Val Loss: 4.4695 | Val C-index: 0.7306
Epoch 2/50 | Train Loss: 2.6149 | Train C-index: 0.7834 | Val Loss: 4.4716 | Val C-index: 0.7332
Epoch 3/50 | Train Loss: 2.5478 | Train C-index: 0.7995 | Val Loss: 4.5433 | Val C-index: 0.7255
Epoch 4/50 | Train Loss: 2.4934 | Train C-index: 0.8169 | Val Loss: 4.4956 | Val C-index: 0.7321
Epoch 5/50 | Train Loss: 2.4462 | Train C-index: 0.8200 | Val Loss: 4.6653 | Val C-index: 0.7128
Epoch 6/50 | Train Loss: 2.4624 | Train C-index: 0.8339 | Val Loss: 4.5776 | Val C-index: 0.7161
Epoch 7/50 | Train Loss: 2.3135 | Train C-index: 0.8569 | Val Loss: 4.7505 | Val C-index: 0.6981
Epoch 8/50 | Train Loss: 2.1771 | Train C-index: 0.8587 | Val Loss: 4.7041 | Val C-index: 0.7287
Epoch 9/50 | Train Loss: 2.1689 | Train C-index: 0.8739 | Val Loss: 5.1192 | Val C-index: 0.7039
Epoch 10/50 | Train Loss: 2.1488 | Train C-index: 0.8788 | Val Loss: 4.9470 | Val C-index: 0.6962
Epoch 11/50 | Train Loss: 2.0295 | Train C-index: 0.8981 | Val Loss: 5.1691 | Val C-index: 0.6691
Epoch 12/50 | Train Loss: 2.0804 | Train C-index: 0.8946 | Val Loss: 5.2668 | Val C-index: 0.6823
Early stopping at epoch 12
Fold 3 final C-index: 0.7332

Extra survival metrics:
cutoff_from_train_median: 0.675234
n_test: 168
n_high_risk: 95
n_low_risk: 73
n_event_test: 65
logrank_stat: 36.451238
logrank_p: 0.000000
auc_36m: 0.761734
auc_60m: 0.817384
mean_auc: 0.776698
HR_high_vs_low: 6.225854
HR_95CI_lower: 3.164387
HR_95CI_upper: 12.249214
cox_p: 0.000000

==================================================
Fold 5/5
==================================================
Epoch 1/50 | Train Loss: 2.9551 | Train C-index: 0.7403 | Val Loss: 4.4518 | Val C-index: 0.7140
Epoch 2/50 | Train Loss: 2.7055 | Train C-index: 0.7699 | Val Loss: 4.4256 | Val C-index: 0.7323
Epoch 3/50 | Train Loss: 2.5609 | Train C-index: 0.7843 | Val Loss: 4.3853 | Val C-index: 0.7364
Epoch 4/50 | Train Loss: 2.5482 | Train C-index: 0.7989 | Val Loss: 4.3294 | Val C-index: 0.7478
Epoch 5/50 | Train Loss: 2.4710 | Train C-index: 0.8155 | Val Loss: 4.3745 | Val C-index: 0.7384
Epoch 6/50 | Train Loss: 2.4823 | Train C-index: 0.8231 | Val Loss: 4.6327 | Val C-index: 0.7090
Epoch 7/50 | Train Loss: 2.3648 | Train C-index: 0.8470 | Val Loss: 4.5319 | Val C-index: 0.7200
Epoch 8/50 | Train Loss: 2.3589 | Train C-index: 0.8589 | Val Loss: 4.4796 | Val C-index: 0.7237
Epoch 9/50 | Train Loss: 2.2602 | Train C-index: 0.8632 | Val Loss: 4.6472 | Val C-index: 0.7325
Epoch 10/50 | Train Loss: 2.1705 | Train C-index: 0.8868 | Val Loss: 4.7326 | Val C-index: 0.7175
Epoch 11/50 | Train Loss: 2.0621 | Train C-index: 0.9017 | Val Loss: 5.1454 | Val C-index: 0.6803
Epoch 12/50 | Train Loss: 1.9322 | Train C-index: 0.9006 | Val Loss: 5.0180 | Val C-index: 0.7074
Epoch 13/50 | Train Loss: 1.9983 | Train C-index: 0.9198 | Val Loss: 4.8493 | Val C-index: 0.7231
Epoch 14/50 | Train Loss: 1.8326 | Train C-index: 0.9201 | Val Loss: 5.3121 | Val C-index: 0.6843
Early stopping at epoch 14
Fold 4 final C-index: 0.7478

Extra survival metrics:
cutoff_from_train_median: -0.118472
n_test: 168
n_high_risk: 73
n_low_risk: 95
n_event_test: 65
logrank_stat: 30.149262
logrank_p: 0.000000
auc_36m: 0.802834
auc_60m: 0.795669
mean_auc: 0.800978
HR_high_vs_low: 3.842442
HR_95CI_lower: 2.294730
HR_95CI_upper: 6.434029
cox_p: 0.000000

==================================================
5-Fold CV Summary
==================================================
  C-index: 0.7528 +/- 0.0310
