Using Device: cuda
Model: abmil-cox-topk | k: 512
Checkpoints: /home/gly001/cqj/pa_ct_surv/experiments/single_modal_path/exp4/checkpoints/wd1e-3
Results:     /home/gly001/cqj/pa_ct_surv/experiments/single_modal_path/exp4/results/wd1e-3
Loaded 843 samples

==================================================
Fold 1/5
==================================================
Epoch 1/50 | Train Loss: 2.8805 | Train C-index: 0.7191 | Val Loss: 4.4825 | Val C-index: 0.6818
Epoch 2/50 | Train Loss: 2.7469 | Train C-index: 0.7596 | Val Loss: 4.3612 | Val C-index: 0.7263
Epoch 3/50 | Train Loss: 2.6479 | Train C-index: 0.7789 | Val Loss: 4.3439 | Val C-index: 0.7365
Epoch 4/50 | Train Loss: 2.5744 | Train C-index: 0.7941 | Val Loss: 4.3317 | Val C-index: 0.7321
Epoch 5/50 | Train Loss: 2.5401 | Train C-index: 0.8055 | Val Loss: 4.3415 | Val C-index: 0.7399
Epoch 6/50 | Train Loss: 2.4722 | Train C-index: 0.8064 | Val Loss: 4.2528 | Val C-index: 0.7608
Epoch 7/50 | Train Loss: 2.4669 | Train C-index: 0.8229 | Val Loss: 4.2750 | Val C-index: 0.7537
Epoch 8/50 | Train Loss: 2.4028 | Train C-index: 0.8315 | Val Loss: 4.4159 | Val C-index: 0.7410
Epoch 9/50 | Train Loss: 2.3774 | Train C-index: 0.8369 | Val Loss: 4.2970 | Val C-index: 0.7527
Epoch 10/50 | Train Loss: 2.3013 | Train C-index: 0.8400 | Val Loss: 4.3344 | Val C-index: 0.7462
Epoch 11/50 | Train Loss: 2.2752 | Train C-index: 0.8575 | Val Loss: 4.4353 | Val C-index: 0.7388
Epoch 12/50 | Train Loss: 2.2668 | Train C-index: 0.8608 | Val Loss: 4.4100 | Val C-index: 0.7395
Epoch 13/50 | Train Loss: 2.2188 | Train C-index: 0.8636 | Val Loss: 4.5926 | Val C-index: 0.7367
Epoch 14/50 | Train Loss: 2.2386 | Train C-index: 0.8691 | Val Loss: 4.4503 | Val C-index: 0.7489
Epoch 15/50 | Train Loss: 2.0926 | Train C-index: 0.8796 | Val Loss: 4.5248 | Val C-index: 0.7326
Epoch 16/50 | Train Loss: 2.0768 | Train C-index: 0.8790 | Val Loss: 4.5539 | Val C-index: 0.7243
Early stopping at epoch 16
Fold 0 final C-index: 0.7608

Extra survival metrics:
cutoff_from_train_median: 0.244930
n_test: 169
n_high_risk: 93
n_low_risk: 76
n_event_test: 65
logrank_stat: 43.382806
logrank_p: 0.000000
auc_36m: 0.804668
auc_60m: 0.762012
mean_auc: 0.792615
HR_high_vs_low: 8.883068
HR_95CI_lower: 4.050810
HR_95CI_upper: 19.479784
cox_p: 0.000000

==================================================
Fold 2/5
==================================================
Epoch 1/50 | Train Loss: 2.8531 | Train C-index: 0.7298 | Val Loss: 4.5031 | Val C-index: 0.7123
Epoch 2/50 | Train Loss: 2.6799 | Train C-index: 0.7604 | Val Loss: 4.5086 | Val C-index: 0.7162
Epoch 3/50 | Train Loss: 2.5665 | Train C-index: 0.7829 | Val Loss: 4.5081 | Val C-index: 0.7217
Epoch 4/50 | Train Loss: 2.5095 | Train C-index: 0.7975 | Val Loss: 4.5042 | Val C-index: 0.7250
Epoch 5/50 | Train Loss: 2.4790 | Train C-index: 0.8107 | Val Loss: 4.5023 | Val C-index: 0.7189
Epoch 6/50 | Train Loss: 2.4273 | Train C-index: 0.8176 | Val Loss: 4.5400 | Val C-index: 0.7226
Epoch 7/50 | Train Loss: 2.4403 | Train C-index: 0.8305 | Val Loss: 4.5745 | Val C-index: 0.7068
Epoch 8/50 | Train Loss: 2.3876 | Train C-index: 0.8387 | Val Loss: 4.6009 | Val C-index: 0.7033
Epoch 9/50 | Train Loss: 2.3013 | Train C-index: 0.8458 | Val Loss: 4.6853 | Val C-index: 0.6995
Epoch 10/50 | Train Loss: 2.2080 | Train C-index: 0.8544 | Val Loss: 4.7728 | Val C-index: 0.6997
Epoch 11/50 | Train Loss: 2.2418 | Train C-index: 0.8534 | Val Loss: 4.7239 | Val C-index: 0.6863
Epoch 12/50 | Train Loss: 2.2015 | Train C-index: 0.8628 | Val Loss: 4.7724 | Val C-index: 0.6877
Epoch 13/50 | Train Loss: 2.1085 | Train C-index: 0.8712 | Val Loss: 4.8713 | Val C-index: 0.6893
Epoch 14/50 | Train Loss: 2.1459 | Train C-index: 0.8774 | Val Loss: 4.8878 | Val C-index: 0.6849
Early stopping at epoch 14
Fold 1 final C-index: 0.7250

Extra survival metrics:
cutoff_from_train_median: 0.035278
n_test: 169
n_high_risk: 80
n_low_risk: 89
n_event_test: 65
logrank_stat: 19.807126
logrank_p: 0.000009
auc_36m: 0.756071
auc_60m: 0.707773
mean_auc: 0.744291
HR_high_vs_low: 3.129656
HR_95CI_lower: 1.842829
HR_95CI_upper: 5.315061
cox_p: 0.000024

==================================================
Fold 3/5
==================================================
Epoch 1/50 | Train Loss: 2.9019 | Train C-index: 0.7176 | Val Loss: 4.4741 | Val C-index: 0.7113
Epoch 2/50 | Train Loss: 2.6802 | Train C-index: 0.7492 | Val Loss: 4.4624 | Val C-index: 0.7230
Epoch 3/50 | Train Loss: 2.6099 | Train C-index: 0.7817 | Val Loss: 4.4596 | Val C-index: 0.7205
Epoch 4/50 | Train Loss: 2.5610 | Train C-index: 0.7927 | Val Loss: 4.4820 | Val C-index: 0.7222
Epoch 5/50 | Train Loss: 2.5189 | Train C-index: 0.8038 | Val Loss: 4.4765 | Val C-index: 0.7211
Epoch 6/50 | Train Loss: 2.4485 | Train C-index: 0.8093 | Val Loss: 4.5178 | Val C-index: 0.7278
Epoch 7/50 | Train Loss: 2.4620 | Train C-index: 0.8186 | Val Loss: 4.4789 | Val C-index: 0.7310
Epoch 8/50 | Train Loss: 2.3609 | Train C-index: 0.8282 | Val Loss: 4.5015 | Val C-index: 0.7240
Epoch 9/50 | Train Loss: 2.3579 | Train C-index: 0.8373 | Val Loss: 4.5357 | Val C-index: 0.7222
Epoch 10/50 | Train Loss: 2.3324 | Train C-index: 0.8438 | Val Loss: 4.5264 | Val C-index: 0.7239
Epoch 11/50 | Train Loss: 2.2593 | Train C-index: 0.8525 | Val Loss: 4.5816 | Val C-index: 0.7170
Epoch 12/50 | Train Loss: 2.2185 | Train C-index: 0.8634 | Val Loss: 4.5470 | Val C-index: 0.7229
Epoch 13/50 | Train Loss: 2.1908 | Train C-index: 0.8676 | Val Loss: 4.5733 | Val C-index: 0.7212
Epoch 14/50 | Train Loss: 2.1505 | Train C-index: 0.8699 | Val Loss: 4.5688 | Val C-index: 0.7207
Epoch 15/50 | Train Loss: 2.0859 | Train C-index: 0.8777 | Val Loss: 4.7165 | Val C-index: 0.7072
Epoch 16/50 | Train Loss: 2.0884 | Train C-index: 0.8889 | Val Loss: 4.6891 | Val C-index: 0.7194
Epoch 17/50 | Train Loss: 2.0323 | Train C-index: 0.8908 | Val Loss: 4.7249 | Val C-index: 0.6958
Early stopping at epoch 17
Fold 2 final C-index: 0.7310

Extra survival metrics:
cutoff_from_train_median: -0.931677
n_test: 169
n_high_risk: 89
n_low_risk: 80
n_event_test: 65
logrank_stat: 27.244293
logrank_p: 0.000000
auc_36m: 0.779642
auc_60m: 0.718397
mean_auc: 0.767559
HR_high_vs_low: 4.276146
HR_95CI_lower: 2.361449
HR_95CI_upper: 7.743309
cox_p: 0.000002

==================================================
Fold 4/5
==================================================
Epoch 1/50 | Train Loss: 2.8498 | Train C-index: 0.7301 | Val Loss: 4.5520 | Val C-index: 0.7156
Epoch 2/50 | Train Loss: 2.7009 | Train C-index: 0.7541 | Val Loss: 4.5717 | Val C-index: 0.7046
Epoch 3/50 | Train Loss: 2.6041 | Train C-index: 0.7794 | Val Loss: 4.5236 | Val C-index: 0.7185
Epoch 4/50 | Train Loss: 2.5624 | Train C-index: 0.7917 | Val Loss: 4.5332 | Val C-index: 0.7154
Epoch 5/50 | Train Loss: 2.5036 | Train C-index: 0.8026 | Val Loss: 4.6262 | Val C-index: 0.7024
Epoch 6/50 | Train Loss: 2.4696 | Train C-index: 0.8167 | Val Loss: 4.5617 | Val C-index: 0.7174
Epoch 7/50 | Train Loss: 2.4299 | Train C-index: 0.8282 | Val Loss: 4.5740 | Val C-index: 0.7195
Epoch 8/50 | Train Loss: 2.3157 | Train C-index: 0.8378 | Val Loss: 4.6579 | Val C-index: 0.7186
Epoch 9/50 | Train Loss: 2.3172 | Train C-index: 0.8442 | Val Loss: 4.7267 | Val C-index: 0.7123
Epoch 10/50 | Train Loss: 2.2210 | Train C-index: 0.8534 | Val Loss: 4.7998 | Val C-index: 0.7155
Epoch 11/50 | Train Loss: 2.2153 | Train C-index: 0.8621 | Val Loss: 4.7913 | Val C-index: 0.7180
Epoch 12/50 | Train Loss: 2.2757 | Train C-index: 0.8642 | Val Loss: 4.8234 | Val C-index: 0.7122
Epoch 13/50 | Train Loss: 2.1457 | Train C-index: 0.8644 | Val Loss: 4.8614 | Val C-index: 0.7172
Epoch 14/50 | Train Loss: 2.0987 | Train C-index: 0.8787 | Val Loss: 4.9620 | Val C-index: 0.7109
Epoch 15/50 | Train Loss: 2.0708 | Train C-index: 0.8769 | Val Loss: 5.0587 | Val C-index: 0.7076
Epoch 16/50 | Train Loss: 1.9954 | Train C-index: 0.8860 | Val Loss: 4.9381 | Val C-index: 0.7155
Epoch 17/50 | Train Loss: 1.9533 | Train C-index: 0.8911 | Val Loss: 5.3090 | Val C-index: 0.7075
Early stopping at epoch 17
Fold 3 final C-index: 0.7195

Extra survival metrics:
cutoff_from_train_median: -0.127745
n_test: 168
n_high_risk: 90
n_low_risk: 78
n_event_test: 65
logrank_stat: 32.262474
logrank_p: 0.000000
auc_36m: 0.756918
auc_60m: 0.792502
mean_auc: 0.766486
HR_high_vs_low: 4.956018
HR_95CI_lower: 2.690502
HR_95CI_upper: 9.129195
cox_p: 0.000000

==================================================
Fold 5/5
==================================================
Epoch 1/50 | Train Loss: 2.8596 | Train C-index: 0.7341 | Val Loss: 4.4129 | Val C-index: 0.7224
Epoch 2/50 | Train Loss: 2.6600 | Train C-index: 0.7645 | Val Loss: 4.3623 | Val C-index: 0.7327
Epoch 3/50 | Train Loss: 2.6592 | Train C-index: 0.7797 | Val Loss: 4.3414 | Val C-index: 0.7386
Epoch 4/50 | Train Loss: 2.6053 | Train C-index: 0.7906 | Val Loss: 4.3503 | Val C-index: 0.7376
Epoch 5/50 | Train Loss: 2.5177 | Train C-index: 0.7975 | Val Loss: 4.3149 | Val C-index: 0.7433
Epoch 6/50 | Train Loss: 2.5011 | Train C-index: 0.8081 | Val Loss: 4.3406 | Val C-index: 0.7457
Epoch 7/50 | Train Loss: 2.4413 | Train C-index: 0.8178 | Val Loss: 4.3521 | Val C-index: 0.7455
Epoch 8/50 | Train Loss: 2.4409 | Train C-index: 0.8273 | Val Loss: 4.3951 | Val C-index: 0.7450
Epoch 9/50 | Train Loss: 2.4049 | Train C-index: 0.8286 | Val Loss: 4.4199 | Val C-index: 0.7361
Epoch 10/50 | Train Loss: 2.4027 | Train C-index: 0.8389 | Val Loss: 4.4514 | Val C-index: 0.7386
Epoch 11/50 | Train Loss: 2.2844 | Train C-index: 0.8418 | Val Loss: 4.4590 | Val C-index: 0.7341
Epoch 12/50 | Train Loss: 2.2584 | Train C-index: 0.8535 | Val Loss: 4.5666 | Val C-index: 0.7220
Epoch 13/50 | Train Loss: 2.2572 | Train C-index: 0.8610 | Val Loss: 4.5950 | Val C-index: 0.7112
Epoch 14/50 | Train Loss: 2.1978 | Train C-index: 0.8660 | Val Loss: 4.6584 | Val C-index: 0.7142
Epoch 15/50 | Train Loss: 2.1719 | Train C-index: 0.8720 | Val Loss: 4.5679 | Val C-index: 0.7211
Epoch 16/50 | Train Loss: 2.1295 | Train C-index: 0.8727 | Val Loss: 4.5651 | Val C-index: 0.7122
Early stopping at epoch 16
Fold 4 final C-index: 0.7457

Extra survival metrics:
cutoff_from_train_median: -0.366405
n_test: 168
n_high_risk: 73
n_low_risk: 95
n_event_test: 65
logrank_stat: 26.964417
logrank_p: 0.000000
auc_36m: 0.812295
auc_60m: 0.796669
mean_auc: 0.808249
HR_high_vs_low: 3.564085
HR_95CI_lower: 2.138428
HR_95CI_upper: 5.940205
cox_p: 0.000001

==================================================
5-Fold CV Summary
==================================================
  C-index: 0.7364 +/- 0.0168
