Using Device: cuda
Model: abmil-cox-topk | k: 512
Checkpoints: /home/gly001/cqj/pa_ct_surv/experiments/single_modal_path/exp4/checkpoints/wd5e-5
Results:     /home/gly001/cqj/pa_ct_surv/experiments/single_modal_path/exp4/results/wd5e-5
Loaded 843 samples

==================================================
Fold 1/5
==================================================
Epoch 1/50 | Train Loss: 2.8867 | Train C-index: 0.7302 | Val Loss: 4.3232 | Val C-index: 0.7326
Epoch 2/50 | Train Loss: 2.6737 | Train C-index: 0.7626 | Val Loss: 4.3078 | Val C-index: 0.7403
Epoch 3/50 | Train Loss: 2.6479 | Train C-index: 0.7752 | Val Loss: 4.2328 | Val C-index: 0.7564
Epoch 4/50 | Train Loss: 2.6213 | Train C-index: 0.7879 | Val Loss: 4.2714 | Val C-index: 0.7458
Epoch 5/50 | Train Loss: 2.5637 | Train C-index: 0.7990 | Val Loss: 4.1859 | Val C-index: 0.7676
Epoch 6/50 | Train Loss: 2.4994 | Train C-index: 0.8031 | Val Loss: 4.2354 | Val C-index: 0.7517
Epoch 7/50 | Train Loss: 2.4418 | Train C-index: 0.8181 | Val Loss: 4.2346 | Val C-index: 0.7565
Epoch 8/50 | Train Loss: 2.3823 | Train C-index: 0.8254 | Val Loss: 4.1862 | Val C-index: 0.7689
Epoch 9/50 | Train Loss: 2.3932 | Train C-index: 0.8276 | Val Loss: 4.1718 | Val C-index: 0.7647
Epoch 10/50 | Train Loss: 2.3285 | Train C-index: 0.8431 | Val Loss: 4.2782 | Val C-index: 0.7463
Epoch 11/50 | Train Loss: 2.2850 | Train C-index: 0.8477 | Val Loss: 4.1985 | Val C-index: 0.7575
Epoch 12/50 | Train Loss: 2.2414 | Train C-index: 0.8506 | Val Loss: 4.1932 | Val C-index: 0.7627
Epoch 13/50 | Train Loss: 2.2322 | Train C-index: 0.8612 | Val Loss: 4.2059 | Val C-index: 0.7614
Epoch 14/50 | Train Loss: 2.1905 | Train C-index: 0.8660 | Val Loss: 4.2566 | Val C-index: 0.7497
Epoch 15/50 | Train Loss: 2.1703 | Train C-index: 0.8732 | Val Loss: 4.2170 | Val C-index: 0.7657
Epoch 16/50 | Train Loss: 2.0926 | Train C-index: 0.8778 | Val Loss: 4.3010 | Val C-index: 0.7551
Epoch 17/50 | Train Loss: 2.1139 | Train C-index: 0.8835 | Val Loss: 4.2537 | Val C-index: 0.7531
Epoch 18/50 | Train Loss: 2.0366 | Train C-index: 0.8886 | Val Loss: 4.3550 | Val C-index: 0.7548
Early stopping at epoch 18
Fold 0 final C-index: 0.7689

Extra survival metrics:
cutoff_from_train_median: -0.489799
n_test: 169
n_high_risk: 93
n_low_risk: 76
n_event_test: 65
logrank_stat: 44.677652
logrank_p: 0.000000
auc_36m: 0.805588
auc_60m: 0.776398
mean_auc: 0.797339
HR_high_vs_low: 10.174058
HR_95CI_lower: 4.388002
HR_95CI_upper: 23.589657
cox_p: 0.000000

==================================================
Fold 2/5
==================================================
Epoch 1/50 | Train Loss: 2.9069 | Train C-index: 0.7095 | Val Loss: 4.5858 | Val C-index: 0.6982
Epoch 2/50 | Train Loss: 2.6817 | Train C-index: 0.7581 | Val Loss: 4.6022 | Val C-index: 0.6955
Epoch 3/50 | Train Loss: 2.6333 | Train C-index: 0.7754 | Val Loss: 4.6226 | Val C-index: 0.6909
Epoch 4/50 | Train Loss: 2.5644 | Train C-index: 0.7942 | Val Loss: 4.6795 | Val C-index: 0.6964
Epoch 5/50 | Train Loss: 2.4704 | Train C-index: 0.8057 | Val Loss: 4.5868 | Val C-index: 0.7070
Epoch 6/50 | Train Loss: 2.4305 | Train C-index: 0.8181 | Val Loss: 4.6126 | Val C-index: 0.7103
Epoch 7/50 | Train Loss: 2.3790 | Train C-index: 0.8271 | Val Loss: 4.6864 | Val C-index: 0.7059
Epoch 8/50 | Train Loss: 2.3450 | Train C-index: 0.8363 | Val Loss: 4.6662 | Val C-index: 0.7077
Epoch 9/50 | Train Loss: 2.2935 | Train C-index: 0.8291 | Val Loss: 4.7331 | Val C-index: 0.6855
Epoch 10/50 | Train Loss: 2.2610 | Train C-index: 0.8529 | Val Loss: 4.7262 | Val C-index: 0.7058
Epoch 11/50 | Train Loss: 2.2080 | Train C-index: 0.8558 | Val Loss: 4.7906 | Val C-index: 0.7001
Epoch 12/50 | Train Loss: 2.1132 | Train C-index: 0.8647 | Val Loss: 4.8786 | Val C-index: 0.6999
Epoch 13/50 | Train Loss: 2.1695 | Train C-index: 0.8733 | Val Loss: 4.8939 | Val C-index: 0.6947
Epoch 14/50 | Train Loss: 2.0694 | Train C-index: 0.8734 | Val Loss: 4.9548 | Val C-index: 0.6910
Epoch 15/50 | Train Loss: 2.0214 | Train C-index: 0.8794 | Val Loss: 4.9406 | Val C-index: 0.7099
Epoch 16/50 | Train Loss: 1.9963 | Train C-index: 0.8946 | Val Loss: 5.0488 | Val C-index: 0.7005
Early stopping at epoch 16
Fold 1 final C-index: 0.7103

Extra survival metrics:
cutoff_from_train_median: -0.698891
n_test: 169
n_high_risk: 83
n_low_risk: 86
n_event_test: 65
logrank_stat: 19.194361
logrank_p: 0.000012
auc_36m: 0.739995
auc_60m: 0.698458
mean_auc: 0.729865
HR_high_vs_low: 3.119814
HR_95CI_lower: 1.824154
HR_95CI_upper: 5.335754
cox_p: 0.000032

==================================================
Fold 3/5
==================================================
Epoch 1/50 | Train Loss: 2.7835 | Train C-index: 0.7222 | Val Loss: 4.5135 | Val C-index: 0.7145
Epoch 2/50 | Train Loss: 2.6923 | Train C-index: 0.7545 | Val Loss: 4.5061 | Val C-index: 0.7167
Epoch 3/50 | Train Loss: 2.5821 | Train C-index: 0.7748 | Val Loss: 4.5195 | Val C-index: 0.7126
Epoch 4/50 | Train Loss: 2.5913 | Train C-index: 0.7893 | Val Loss: 4.5366 | Val C-index: 0.7211
Epoch 5/50 | Train Loss: 2.5138 | Train C-index: 0.7990 | Val Loss: 4.5213 | Val C-index: 0.7258
Epoch 6/50 | Train Loss: 2.4630 | Train C-index: 0.8089 | Val Loss: 4.5313 | Val C-index: 0.7271
Epoch 7/50 | Train Loss: 2.4291 | Train C-index: 0.8163 | Val Loss: 4.5644 | Val C-index: 0.7246
Epoch 8/50 | Train Loss: 2.3386 | Train C-index: 0.8191 | Val Loss: 4.5209 | Val C-index: 0.7255
Epoch 9/50 | Train Loss: 2.3675 | Train C-index: 0.8339 | Val Loss: 4.5350 | Val C-index: 0.7307
Epoch 10/50 | Train Loss: 2.3224 | Train C-index: 0.8434 | Val Loss: 4.5296 | Val C-index: 0.7265
Epoch 11/50 | Train Loss: 2.2530 | Train C-index: 0.8461 | Val Loss: 4.5898 | Val C-index: 0.7251
Epoch 12/50 | Train Loss: 2.2624 | Train C-index: 0.8516 | Val Loss: 4.5645 | Val C-index: 0.7202
Epoch 13/50 | Train Loss: 2.2025 | Train C-index: 0.8592 | Val Loss: 4.6703 | Val C-index: 0.7241
Epoch 14/50 | Train Loss: 2.1307 | Train C-index: 0.8679 | Val Loss: 4.6863 | Val C-index: 0.7158
Epoch 15/50 | Train Loss: 2.1424 | Train C-index: 0.8739 | Val Loss: 4.6733 | Val C-index: 0.7150
Epoch 16/50 | Train Loss: 2.1109 | Train C-index: 0.8739 | Val Loss: 4.6209 | Val C-index: 0.7219
Epoch 17/50 | Train Loss: 2.0553 | Train C-index: 0.8836 | Val Loss: 4.7181 | Val C-index: 0.7152
Epoch 18/50 | Train Loss: 2.0348 | Train C-index: 0.8796 | Val Loss: 4.7332 | Val C-index: 0.7053
Epoch 19/50 | Train Loss: 1.9811 | Train C-index: 0.8937 | Val Loss: 4.7814 | Val C-index: 0.7234
Early stopping at epoch 19
Fold 2 final C-index: 0.7307

Extra survival metrics:
cutoff_from_train_median: -1.306662
n_test: 169
n_high_risk: 87
n_low_risk: 82
n_event_test: 65
logrank_stat: 29.248206
logrank_p: 0.000000
auc_36m: 0.766799
auc_60m: 0.695200
mean_auc: 0.752673
HR_high_vs_low: 4.478265
HR_95CI_lower: 2.470295
HR_95CI_upper: 8.118408
cox_p: 0.000001

==================================================
Fold 4/5
==================================================
Epoch 1/50 | Train Loss: 2.8085 | Train C-index: 0.7218 | Val Loss: 4.5253 | Val C-index: 0.7118
Epoch 2/50 | Train Loss: 2.6583 | Train C-index: 0.7593 | Val Loss: 4.4897 | Val C-index: 0.7235
Epoch 3/50 | Train Loss: 2.6057 | Train C-index: 0.7744 | Val Loss: 4.4752 | Val C-index: 0.7331
Epoch 4/50 | Train Loss: 2.5011 | Train C-index: 0.7873 | Val Loss: 4.4954 | Val C-index: 0.7283
Epoch 5/50 | Train Loss: 2.4978 | Train C-index: 0.8012 | Val Loss: 4.5102 | Val C-index: 0.7250
Epoch 6/50 | Train Loss: 2.5122 | Train C-index: 0.8113 | Val Loss: 4.5519 | Val C-index: 0.7124
Epoch 7/50 | Train Loss: 2.3457 | Train C-index: 0.8214 | Val Loss: 4.6550 | Val C-index: 0.7060
Epoch 8/50 | Train Loss: 2.3295 | Train C-index: 0.8290 | Val Loss: 4.6534 | Val C-index: 0.7052
Epoch 9/50 | Train Loss: 2.2982 | Train C-index: 0.8421 | Val Loss: 4.7851 | Val C-index: 0.6941
Epoch 10/50 | Train Loss: 2.2447 | Train C-index: 0.8463 | Val Loss: 4.7470 | Val C-index: 0.7089
Epoch 11/50 | Train Loss: 2.3068 | Train C-index: 0.8525 | Val Loss: 4.7649 | Val C-index: 0.7161
Epoch 12/50 | Train Loss: 2.2138 | Train C-index: 0.8628 | Val Loss: 4.8855 | Val C-index: 0.6784
Epoch 13/50 | Train Loss: 2.1505 | Train C-index: 0.8667 | Val Loss: 4.9599 | Val C-index: 0.6921
Early stopping at epoch 13
Fold 3 final C-index: 0.7331

Extra survival metrics:
cutoff_from_train_median: 0.033088
n_test: 168
n_high_risk: 93
n_low_risk: 75
n_event_test: 65
logrank_stat: 32.646752
logrank_p: 0.000000
auc_36m: 0.765016
auc_60m: 0.800353
mean_auc: 0.774518
HR_high_vs_low: 5.207602
HR_95CI_lower: 2.773890
HR_95CI_upper: 9.776568
cox_p: 0.000000

==================================================
Fold 5/5
==================================================
Epoch 1/50 | Train Loss: 2.8305 | Train C-index: 0.7343 | Val Loss: 4.5161 | Val C-index: 0.6835
Epoch 2/50 | Train Loss: 2.7168 | Train C-index: 0.7652 | Val Loss: 4.4944 | Val C-index: 0.6960
Epoch 3/50 | Train Loss: 2.6042 | Train C-index: 0.7841 | Val Loss: 4.4346 | Val C-index: 0.7132
Epoch 4/50 | Train Loss: 2.5875 | Train C-index: 0.7933 | Val Loss: 4.5213 | Val C-index: 0.7166
Epoch 5/50 | Train Loss: 2.4931 | Train C-index: 0.7989 | Val Loss: 4.4182 | Val C-index: 0.7170
Epoch 6/50 | Train Loss: 2.4924 | Train C-index: 0.8042 | Val Loss: 4.6851 | Val C-index: 0.6994
Epoch 7/50 | Train Loss: 2.4694 | Train C-index: 0.8195 | Val Loss: 4.4367 | Val C-index: 0.7154
Epoch 8/50 | Train Loss: 2.3986 | Train C-index: 0.8264 | Val Loss: 4.4934 | Val C-index: 0.7187
Epoch 9/50 | Train Loss: 2.3585 | Train C-index: 0.8367 | Val Loss: 4.5318 | Val C-index: 0.7233
Epoch 10/50 | Train Loss: 2.3017 | Train C-index: 0.8439 | Val Loss: 4.5688 | Val C-index: 0.7186
Epoch 11/50 | Train Loss: 2.3074 | Train C-index: 0.8516 | Val Loss: 4.5716 | Val C-index: 0.7150
Epoch 12/50 | Train Loss: 2.2278 | Train C-index: 0.8578 | Val Loss: 4.6575 | Val C-index: 0.7130
Epoch 13/50 | Train Loss: 2.1833 | Train C-index: 0.8666 | Val Loss: 4.6301 | Val C-index: 0.7062
Epoch 14/50 | Train Loss: 2.1445 | Train C-index: 0.8668 | Val Loss: 4.6386 | Val C-index: 0.7163
Epoch 15/50 | Train Loss: 2.0998 | Train C-index: 0.8781 | Val Loss: 4.6691 | Val C-index: 0.7078
Epoch 16/50 | Train Loss: 2.1307 | Train C-index: 0.8811 | Val Loss: 4.7169 | Val C-index: 0.7069
Epoch 17/50 | Train Loss: 2.0446 | Train C-index: 0.8847 | Val Loss: 4.7210 | Val C-index: 0.6989
Epoch 18/50 | Train Loss: 1.9880 | Train C-index: 0.9006 | Val Loss: 4.9335 | Val C-index: 0.7049
Epoch 19/50 | Train Loss: 1.9527 | Train C-index: 0.9055 | Val Loss: 4.9703 | Val C-index: 0.7003
Early stopping at epoch 19
Fold 4 final C-index: 0.7233

Extra survival metrics:
cutoff_from_train_median: -0.222144
n_test: 168
n_high_risk: 67
n_low_risk: 101
n_event_test: 65
logrank_stat: 19.858976
logrank_p: 0.000008
auc_36m: 0.799995
auc_60m: 0.782244
mean_auc: 0.795398
HR_high_vs_low: 2.918337
HR_95CI_lower: 1.781853
HR_95CI_upper: 4.779683
cox_p: 0.000021

==================================================
5-Fold CV Summary
==================================================
  C-index: 0.7333 +/- 0.0218
