Using Device: cuda
Model: abmil-cox-topk | k: 512
Checkpoints: /home/gly001/cqj/pa_ct_surv/experiments/single_modal_path/exp4/checkpoints/wd0
Results:     /home/gly001/cqj/pa_ct_surv/experiments/single_modal_path/exp4/results/wd0
Loaded 843 samples

==================================================
Fold 1/5
==================================================
Epoch 1/50 | Train Loss: 2.8815 | Train C-index: 0.7256 | Val Loss: 4.3961 | Val C-index: 0.7090
Epoch 2/50 | Train Loss: 2.7137 | Train C-index: 0.7563 | Val Loss: 4.2858 | Val C-index: 0.7418
Epoch 3/50 | Train Loss: 2.6232 | Train C-index: 0.7732 | Val Loss: 4.2376 | Val C-index: 0.7517
Epoch 4/50 | Train Loss: 2.6145 | Train C-index: 0.7895 | Val Loss: 4.2074 | Val C-index: 0.7600
Epoch 5/50 | Train Loss: 2.5107 | Train C-index: 0.7975 | Val Loss: 4.1791 | Val C-index: 0.7661
Epoch 6/50 | Train Loss: 2.4641 | Train C-index: 0.8083 | Val Loss: 4.1546 | Val C-index: 0.7697
Epoch 7/50 | Train Loss: 2.4969 | Train C-index: 0.8126 | Val Loss: 4.1410 | Val C-index: 0.7748
Epoch 8/50 | Train Loss: 2.3999 | Train C-index: 0.8227 | Val Loss: 4.1430 | Val C-index: 0.7760
Epoch 9/50 | Train Loss: 2.3847 | Train C-index: 0.8316 | Val Loss: 4.1280 | Val C-index: 0.7779
Epoch 10/50 | Train Loss: 2.3218 | Train C-index: 0.8428 | Val Loss: 4.1505 | Val C-index: 0.7685
Epoch 11/50 | Train Loss: 2.3449 | Train C-index: 0.8453 | Val Loss: 4.1908 | Val C-index: 0.7686
Epoch 12/50 | Train Loss: 2.2829 | Train C-index: 0.8560 | Val Loss: 4.1786 | Val C-index: 0.7606
Epoch 13/50 | Train Loss: 2.2253 | Train C-index: 0.8605 | Val Loss: 4.1473 | Val C-index: 0.7724
Epoch 14/50 | Train Loss: 2.1595 | Train C-index: 0.8665 | Val Loss: 4.3886 | Val C-index: 0.7567
Epoch 15/50 | Train Loss: 2.1257 | Train C-index: 0.8740 | Val Loss: 4.1821 | Val C-index: 0.7737
Epoch 16/50 | Train Loss: 2.1348 | Train C-index: 0.8809 | Val Loss: 4.2139 | Val C-index: 0.7634
Epoch 17/50 | Train Loss: 2.0419 | Train C-index: 0.8854 | Val Loss: 4.3544 | Val C-index: 0.7647
Epoch 18/50 | Train Loss: 2.0222 | Train C-index: 0.8900 | Val Loss: 4.3039 | Val C-index: 0.7670
Epoch 19/50 | Train Loss: 1.9717 | Train C-index: 0.8956 | Val Loss: 4.2346 | Val C-index: 0.7736
Early stopping at epoch 19
Fold 0 final C-index: 0.7779

Extra survival metrics:
cutoff_from_train_median: -0.820018
n_test: 169
n_high_risk: 96
n_low_risk: 73
n_event_test: 65
logrank_stat: 42.652457
logrank_p: 0.000000
auc_36m: 0.805561
auc_60m: 0.786580
mean_auc: 0.800197
HR_high_vs_low: 9.809958
HR_95CI_lower: 4.229700
HR_95CI_upper: 22.752269
cox_p: 0.000000

==================================================
Fold 2/5
==================================================
Epoch 1/50 | Train Loss: 2.7977 | Train C-index: 0.7377 | Val Loss: 4.6687 | Val C-index: 0.6810
Epoch 2/50 | Train Loss: 2.7271 | Train C-index: 0.7663 | Val Loss: 4.6134 | Val C-index: 0.6774
Epoch 3/50 | Train Loss: 2.5641 | Train C-index: 0.7867 | Val Loss: 4.5815 | Val C-index: 0.6976
Epoch 4/50 | Train Loss: 2.4866 | Train C-index: 0.7968 | Val Loss: 4.5796 | Val C-index: 0.6916
Epoch 5/50 | Train Loss: 2.4453 | Train C-index: 0.8041 | Val Loss: 4.6227 | Val C-index: 0.6911
Epoch 6/50 | Train Loss: 2.4201 | Train C-index: 0.8127 | Val Loss: 4.5793 | Val C-index: 0.6977
Epoch 7/50 | Train Loss: 2.4413 | Train C-index: 0.8235 | Val Loss: 4.5991 | Val C-index: 0.7009
Epoch 8/50 | Train Loss: 2.3504 | Train C-index: 0.8289 | Val Loss: 4.6017 | Val C-index: 0.7049
Epoch 9/50 | Train Loss: 2.3006 | Train C-index: 0.8316 | Val Loss: 4.6621 | Val C-index: 0.7015
Epoch 10/50 | Train Loss: 2.3095 | Train C-index: 0.8409 | Val Loss: 4.5910 | Val C-index: 0.7037
Epoch 11/50 | Train Loss: 2.2820 | Train C-index: 0.8487 | Val Loss: 4.6283 | Val C-index: 0.7073
Epoch 12/50 | Train Loss: 2.2039 | Train C-index: 0.8546 | Val Loss: 4.6593 | Val C-index: 0.7086
Epoch 13/50 | Train Loss: 2.1514 | Train C-index: 0.8594 | Val Loss: 4.7409 | Val C-index: 0.7037
Epoch 14/50 | Train Loss: 2.1272 | Train C-index: 0.8597 | Val Loss: 4.7076 | Val C-index: 0.7082
Epoch 15/50 | Train Loss: 2.1692 | Train C-index: 0.8745 | Val Loss: 4.7347 | Val C-index: 0.7109
Epoch 16/50 | Train Loss: 2.0708 | Train C-index: 0.8751 | Val Loss: 4.8066 | Val C-index: 0.7039
Epoch 17/50 | Train Loss: 2.0475 | Train C-index: 0.8833 | Val Loss: 4.7946 | Val C-index: 0.7054
Epoch 18/50 | Train Loss: 2.0028 | Train C-index: 0.8858 | Val Loss: 4.9018 | Val C-index: 0.6992
Epoch 19/50 | Train Loss: 1.9988 | Train C-index: 0.8949 | Val Loss: 4.8841 | Val C-index: 0.7067
Epoch 20/50 | Train Loss: 1.9811 | Train C-index: 0.8999 | Val Loss: 4.9583 | Val C-index: 0.7058
Epoch 21/50 | Train Loss: 1.9493 | Train C-index: 0.9041 | Val Loss: 5.1335 | Val C-index: 0.6964
Epoch 22/50 | Train Loss: 1.8963 | Train C-index: 0.9087 | Val Loss: 5.1263 | Val C-index: 0.7054
Epoch 23/50 | Train Loss: 1.8712 | Train C-index: 0.9076 | Val Loss: 5.0915 | Val C-index: 0.7018
Epoch 24/50 | Train Loss: 1.8290 | Train C-index: 0.9173 | Val Loss: 5.1964 | Val C-index: 0.7001
Epoch 25/50 | Train Loss: 1.7842 | Train C-index: 0.9189 | Val Loss: 5.3249 | Val C-index: 0.7015
Early stopping at epoch 25
Fold 1 final C-index: 0.7109

Extra survival metrics:
cutoff_from_train_median: -0.716415
n_test: 169
n_high_risk: 80
n_low_risk: 89
n_event_test: 65
logrank_stat: 30.913722
logrank_p: 0.000000
auc_36m: 0.742108
auc_60m: 0.723716
mean_auc: 0.737623
HR_high_vs_low: 4.250531
HR_95CI_lower: 2.440012
HR_95CI_upper: 7.404479
cox_p: 0.000000

==================================================
Fold 3/5
==================================================
Epoch 1/50 | Train Loss: 2.7960 | Train C-index: 0.7286 | Val Loss: 4.5702 | Val C-index: 0.6927
Epoch 2/50 | Train Loss: 2.6902 | Train C-index: 0.7626 | Val Loss: 4.4933 | Val C-index: 0.7168
Epoch 3/50 | Train Loss: 2.6171 | Train C-index: 0.7858 | Val Loss: 4.4993 | Val C-index: 0.7138
Epoch 4/50 | Train Loss: 2.5264 | Train C-index: 0.8033 | Val Loss: 4.4721 | Val C-index: 0.7211
Epoch 5/50 | Train Loss: 2.4535 | Train C-index: 0.8121 | Val Loss: 4.4990 | Val C-index: 0.7140
Epoch 6/50 | Train Loss: 2.4143 | Train C-index: 0.8214 | Val Loss: 4.4993 | Val C-index: 0.7163
Epoch 7/50 | Train Loss: 2.3961 | Train C-index: 0.8318 | Val Loss: 4.5232 | Val C-index: 0.7142
Epoch 8/50 | Train Loss: 2.3483 | Train C-index: 0.8421 | Val Loss: 4.5280 | Val C-index: 0.7127
Epoch 9/50 | Train Loss: 2.2405 | Train C-index: 0.8500 | Val Loss: 4.5559 | Val C-index: 0.7211
Epoch 10/50 | Train Loss: 2.2344 | Train C-index: 0.8625 | Val Loss: 4.5953 | Val C-index: 0.7121
Epoch 11/50 | Train Loss: 2.1613 | Train C-index: 0.8686 | Val Loss: 4.6683 | Val C-index: 0.7011
Epoch 12/50 | Train Loss: 2.1391 | Train C-index: 0.8757 | Val Loss: 4.6377 | Val C-index: 0.7112
Epoch 13/50 | Train Loss: 2.0805 | Train C-index: 0.8824 | Val Loss: 4.7704 | Val C-index: 0.6827
Epoch 14/50 | Train Loss: 2.0522 | Train C-index: 0.8764 | Val Loss: 4.8961 | Val C-index: 0.6983
Early stopping at epoch 14
Fold 2 final C-index: 0.7211

Extra survival metrics:
cutoff_from_train_median: -0.849499
n_test: 169
n_high_risk: 91
n_low_risk: 78
n_event_test: 65
logrank_stat: 35.219048
logrank_p: 0.000000
auc_36m: 0.778622
auc_60m: 0.722098
mean_auc: 0.767470
HR_high_vs_low: 5.747233
HR_95CI_lower: 2.994222
HR_95CI_upper: 11.031474
cox_p: 0.000000

==================================================
Fold 4/5
==================================================
Epoch 1/50 | Train Loss: 2.8866 | Train C-index: 0.7319 | Val Loss: 4.4501 | Val C-index: 0.7433
Epoch 2/50 | Train Loss: 2.6447 | Train C-index: 0.7651 | Val Loss: 4.4794 | Val C-index: 0.7374
Epoch 3/50 | Train Loss: 2.6951 | Train C-index: 0.7833 | Val Loss: 4.4656 | Val C-index: 0.7360
Epoch 4/50 | Train Loss: 2.5866 | Train C-index: 0.7937 | Val Loss: 4.4652 | Val C-index: 0.7398
Epoch 5/50 | Train Loss: 2.4765 | Train C-index: 0.8038 | Val Loss: 4.4988 | Val C-index: 0.7367
Epoch 6/50 | Train Loss: 2.4748 | Train C-index: 0.8085 | Val Loss: 4.5207 | Val C-index: 0.7370
Epoch 7/50 | Train Loss: 2.4659 | Train C-index: 0.8186 | Val Loss: 4.5250 | Val C-index: 0.7310
Epoch 8/50 | Train Loss: 2.3861 | Train C-index: 0.8285 | Val Loss: 4.6204 | Val C-index: 0.7312
Epoch 9/50 | Train Loss: 2.3636 | Train C-index: 0.8366 | Val Loss: 4.6813 | Val C-index: 0.7143
Epoch 10/50 | Train Loss: 2.2686 | Train C-index: 0.8439 | Val Loss: 4.7422 | Val C-index: 0.7101
Epoch 11/50 | Train Loss: 2.2412 | Train C-index: 0.8446 | Val Loss: 4.7180 | Val C-index: 0.7082
Early stopping at epoch 11
Fold 3 final C-index: 0.7433

Extra survival metrics:
cutoff_from_train_median: -0.609632
n_test: 168
n_high_risk: 99
n_low_risk: 69
n_event_test: 65
logrank_stat: 31.593168
logrank_p: 0.000000
auc_36m: 0.784462
auc_60m: 0.822290
mean_auc: 0.794634
HR_high_vs_low: 5.617593
HR_95CI_lower: 2.855288
HR_95CI_upper: 11.052245
cox_p: 0.000001

==================================================
Fold 5/5
==================================================
Epoch 1/50 | Train Loss: 2.8834 | Train C-index: 0.7309 | Val Loss: 4.4053 | Val C-index: 0.7196
Epoch 2/50 | Train Loss: 2.7289 | Train C-index: 0.7667 | Val Loss: 4.3644 | Val C-index: 0.7418
Epoch 3/50 | Train Loss: 2.5423 | Train C-index: 0.7789 | Val Loss: 4.3472 | Val C-index: 0.7443
Epoch 4/50 | Train Loss: 2.5287 | Train C-index: 0.7935 | Val Loss: 4.3522 | Val C-index: 0.7442
Epoch 5/50 | Train Loss: 2.5587 | Train C-index: 0.8040 | Val Loss: 4.3452 | Val C-index: 0.7438
Epoch 6/50 | Train Loss: 2.5043 | Train C-index: 0.8104 | Val Loss: 4.3674 | Val C-index: 0.7457
Epoch 7/50 | Train Loss: 2.4322 | Train C-index: 0.8151 | Val Loss: 4.3495 | Val C-index: 0.7417
Epoch 8/50 | Train Loss: 2.3625 | Train C-index: 0.8214 | Val Loss: 4.4012 | Val C-index: 0.7396
Epoch 9/50 | Train Loss: 2.3204 | Train C-index: 0.8297 | Val Loss: 4.3835 | Val C-index: 0.7420
Epoch 10/50 | Train Loss: 2.3169 | Train C-index: 0.8367 | Val Loss: 4.4539 | Val C-index: 0.7340
Epoch 11/50 | Train Loss: 2.3127 | Train C-index: 0.8466 | Val Loss: 4.3903 | Val C-index: 0.7329
Epoch 12/50 | Train Loss: 2.3198 | Train C-index: 0.8514 | Val Loss: 4.4002 | Val C-index: 0.7414
Epoch 13/50 | Train Loss: 2.2495 | Train C-index: 0.8584 | Val Loss: 4.4310 | Val C-index: 0.7325
Epoch 14/50 | Train Loss: 2.1964 | Train C-index: 0.8685 | Val Loss: 4.4571 | Val C-index: 0.7163
Epoch 15/50 | Train Loss: 2.1279 | Train C-index: 0.8709 | Val Loss: 4.5774 | Val C-index: 0.7300
Epoch 16/50 | Train Loss: 2.1497 | Train C-index: 0.8833 | Val Loss: 4.5251 | Val C-index: 0.7279
Early stopping at epoch 16
Fold 4 final C-index: 0.7457

Extra survival metrics:
cutoff_from_train_median: -0.102316
n_test: 168
n_high_risk: 69
n_low_risk: 99
n_event_test: 65
logrank_stat: 26.616572
logrank_p: 0.000000
auc_36m: 0.800778
auc_60m: 0.797333
mean_auc: 0.799886
HR_high_vs_low: 3.475635
HR_95CI_lower: 2.102029
HR_95CI_upper: 5.746847
cox_p: 0.000001

==================================================
5-Fold CV Summary
==================================================
  C-index: 0.7398 +/- 0.0259
