Using Device: cuda
Model: abmil-cox-topk | k: 512
Checkpoints: /home/gly001/cqj/pa_ct_surv/experiments/single_modal_path/exp4/checkpoints/wd1e-5
Results:     /home/gly001/cqj/pa_ct_surv/experiments/single_modal_path/exp4/results/wd1e-5
Loaded 843 samples

==================================================
Fold 1/5
==================================================
Epoch 1/50 | Train Loss: 2.8537 | Train C-index: 0.7387 | Val Loss: 4.3133 | Val C-index: 0.7391
Epoch 2/50 | Train Loss: 2.7138 | Train C-index: 0.7736 | Val Loss: 4.2706 | Val C-index: 0.7590
Epoch 3/50 | Train Loss: 2.5922 | Train C-index: 0.7894 | Val Loss: 4.2442 | Val C-index: 0.7607
Epoch 4/50 | Train Loss: 2.5636 | Train C-index: 0.8053 | Val Loss: 4.2382 | Val C-index: 0.7646
Epoch 5/50 | Train Loss: 2.4789 | Train C-index: 0.8177 | Val Loss: 4.3244 | Val C-index: 0.7477
Epoch 6/50 | Train Loss: 2.4513 | Train C-index: 0.8203 | Val Loss: 4.2057 | Val C-index: 0.7668
Epoch 7/50 | Train Loss: 2.3855 | Train C-index: 0.8258 | Val Loss: 4.3665 | Val C-index: 0.7361
Epoch 8/50 | Train Loss: 2.3447 | Train C-index: 0.8438 | Val Loss: 4.3043 | Val C-index: 0.7428
Epoch 9/50 | Train Loss: 2.3129 | Train C-index: 0.8469 | Val Loss: 4.3458 | Val C-index: 0.7438
Epoch 10/50 | Train Loss: 2.2949 | Train C-index: 0.8568 | Val Loss: 4.2836 | Val C-index: 0.7453
Epoch 11/50 | Train Loss: 2.2090 | Train C-index: 0.8605 | Val Loss: 4.4189 | Val C-index: 0.7395
Epoch 12/50 | Train Loss: 2.2214 | Train C-index: 0.8653 | Val Loss: 4.5465 | Val C-index: 0.7187
Epoch 13/50 | Train Loss: 2.1911 | Train C-index: 0.8743 | Val Loss: 4.4600 | Val C-index: 0.7320
Epoch 14/50 | Train Loss: 2.1510 | Train C-index: 0.8763 | Val Loss: 4.4084 | Val C-index: 0.7451
Epoch 15/50 | Train Loss: 2.0986 | Train C-index: 0.8871 | Val Loss: 4.5779 | Val C-index: 0.7184
Epoch 16/50 | Train Loss: 2.0451 | Train C-index: 0.8967 | Val Loss: 4.4788 | Val C-index: 0.7218
Early stopping at epoch 16
Fold 0 final C-index: 0.7668

Extra survival metrics:
cutoff_from_train_median: 0.108878
n_test: 169
n_high_risk: 85
n_low_risk: 84
n_event_test: 65
logrank_stat: 34.178567
logrank_p: 0.000000
auc_36m: 0.814925
auc_60m: 0.777079
mean_auc: 0.804230
HR_high_vs_low: 5.127895
HR_95CI_lower: 2.787251
HR_95CI_upper: 9.434137
cox_p: 0.000000

==================================================
Fold 2/5
==================================================
Epoch 1/50 | Train Loss: 2.7872 | Train C-index: 0.7387 | Val Loss: 4.6375 | Val C-index: 0.6874
Epoch 2/50 | Train Loss: 2.6493 | Train C-index: 0.7703 | Val Loss: 4.5666 | Val C-index: 0.6867
Epoch 3/50 | Train Loss: 2.5452 | Train C-index: 0.7863 | Val Loss: 4.5825 | Val C-index: 0.6926
Epoch 4/50 | Train Loss: 2.5098 | Train C-index: 0.7986 | Val Loss: 4.5709 | Val C-index: 0.6963
Epoch 5/50 | Train Loss: 2.4665 | Train C-index: 0.8061 | Val Loss: 4.6215 | Val C-index: 0.6890
Epoch 6/50 | Train Loss: 2.4391 | Train C-index: 0.8178 | Val Loss: 4.6212 | Val C-index: 0.6949
Epoch 7/50 | Train Loss: 2.3533 | Train C-index: 0.8247 | Val Loss: 4.6131 | Val C-index: 0.7019
Epoch 8/50 | Train Loss: 2.3094 | Train C-index: 0.8356 | Val Loss: 4.6292 | Val C-index: 0.6990
Epoch 9/50 | Train Loss: 2.2899 | Train C-index: 0.8448 | Val Loss: 4.6582 | Val C-index: 0.6955
Epoch 10/50 | Train Loss: 2.2241 | Train C-index: 0.8479 | Val Loss: 4.7310 | Val C-index: 0.6888
Epoch 11/50 | Train Loss: 2.2044 | Train C-index: 0.8584 | Val Loss: 4.7881 | Val C-index: 0.6901
Epoch 12/50 | Train Loss: 2.1462 | Train C-index: 0.8686 | Val Loss: 4.7966 | Val C-index: 0.6878
Epoch 13/50 | Train Loss: 2.1081 | Train C-index: 0.8723 | Val Loss: 4.9216 | Val C-index: 0.6825
Epoch 14/50 | Train Loss: 2.1079 | Train C-index: 0.8766 | Val Loss: 4.9571 | Val C-index: 0.6825
Epoch 15/50 | Train Loss: 2.0334 | Train C-index: 0.8842 | Val Loss: 5.0048 | Val C-index: 0.6793
Epoch 16/50 | Train Loss: 2.0018 | Train C-index: 0.8943 | Val Loss: 5.0182 | Val C-index: 0.6758
Epoch 17/50 | Train Loss: 1.9690 | Train C-index: 0.8995 | Val Loss: 5.0867 | Val C-index: 0.6855
Early stopping at epoch 17
Fold 1 final C-index: 0.7019

Extra survival metrics:
cutoff_from_train_median: -0.153995
n_test: 169
n_high_risk: 83
n_low_risk: 86
n_event_test: 65
logrank_stat: 20.971830
logrank_p: 0.000005
auc_36m: 0.724326
auc_60m: 0.700918
mean_auc: 0.718617
HR_high_vs_low: 3.321172
HR_95CI_lower: 1.926066
HR_95CI_upper: 5.726796
cox_p: 0.000016

==================================================
Fold 3/5
==================================================
Epoch 1/50 | Train Loss: 2.8711 | Train C-index: 0.7365 | Val Loss: 4.5492 | Val C-index: 0.7031
Epoch 2/50 | Train Loss: 2.6725 | Train C-index: 0.7733 | Val Loss: 4.5226 | Val C-index: 0.7105
Epoch 3/50 | Train Loss: 2.5412 | Train C-index: 0.7879 | Val Loss: 4.5264 | Val C-index: 0.7059
Epoch 4/50 | Train Loss: 2.4515 | Train C-index: 0.8009 | Val Loss: 4.5012 | Val C-index: 0.7195
Epoch 5/50 | Train Loss: 2.4561 | Train C-index: 0.8143 | Val Loss: 4.4835 | Val C-index: 0.7266
Epoch 6/50 | Train Loss: 2.4337 | Train C-index: 0.8192 | Val Loss: 4.4869 | Val C-index: 0.7156
Epoch 7/50 | Train Loss: 2.3290 | Train C-index: 0.8315 | Val Loss: 4.4857 | Val C-index: 0.7232
Epoch 8/50 | Train Loss: 2.3483 | Train C-index: 0.8417 | Val Loss: 4.4927 | Val C-index: 0.7263
Epoch 9/50 | Train Loss: 2.2708 | Train C-index: 0.8518 | Val Loss: 4.5130 | Val C-index: 0.7282
Epoch 10/50 | Train Loss: 2.2106 | Train C-index: 0.8535 | Val Loss: 4.6016 | Val C-index: 0.7206
Epoch 11/50 | Train Loss: 2.1495 | Train C-index: 0.8624 | Val Loss: 4.6184 | Val C-index: 0.7216
Epoch 12/50 | Train Loss: 2.2093 | Train C-index: 0.8761 | Val Loss: 4.6634 | Val C-index: 0.7223
Epoch 13/50 | Train Loss: 2.1272 | Train C-index: 0.8773 | Val Loss: 4.6315 | Val C-index: 0.7142
Epoch 14/50 | Train Loss: 2.0396 | Train C-index: 0.8828 | Val Loss: 4.7262 | Val C-index: 0.7184
Epoch 15/50 | Train Loss: 2.0046 | Train C-index: 0.8913 | Val Loss: 4.7945 | Val C-index: 0.7172
Epoch 16/50 | Train Loss: 1.9436 | Train C-index: 0.8924 | Val Loss: 4.8755 | Val C-index: 0.7210
Epoch 17/50 | Train Loss: 1.9579 | Train C-index: 0.9020 | Val Loss: 4.8264 | Val C-index: 0.7041
Epoch 18/50 | Train Loss: 1.9327 | Train C-index: 0.9091 | Val Loss: 4.9421 | Val C-index: 0.7096
Epoch 19/50 | Train Loss: 1.9286 | Train C-index: 0.9087 | Val Loss: 4.7656 | Val C-index: 0.7196
Early stopping at epoch 19
Fold 2 final C-index: 0.7282

Extra survival metrics:
cutoff_from_train_median: -0.728827
n_test: 169
n_high_risk: 92
n_low_risk: 77
n_event_test: 65
logrank_stat: 26.642344
logrank_p: 0.000000
auc_36m: 0.773698
auc_60m: 0.731194
mean_auc: 0.765312
HR_high_vs_low: 4.371605
HR_95CI_lower: 2.372169
HR_95CI_upper: 8.056309
cox_p: 0.000002

==================================================
Fold 4/5
==================================================
Epoch 1/50 | Train Loss: 2.8445 | Train C-index: 0.7384 | Val Loss: 4.4492 | Val C-index: 0.7339
Epoch 2/50 | Train Loss: 2.7333 | Train C-index: 0.7656 | Val Loss: 4.4342 | Val C-index: 0.7342
Epoch 3/50 | Train Loss: 2.5905 | Train C-index: 0.7806 | Val Loss: 4.4345 | Val C-index: 0.7343
Epoch 4/50 | Train Loss: 2.5274 | Train C-index: 0.7904 | Val Loss: 4.5087 | Val C-index: 0.7192
Epoch 5/50 | Train Loss: 2.4676 | Train C-index: 0.8061 | Val Loss: 4.4598 | Val C-index: 0.7354
Epoch 6/50 | Train Loss: 2.4211 | Train C-index: 0.8162 | Val Loss: 4.5011 | Val C-index: 0.7332
Epoch 7/50 | Train Loss: 2.3616 | Train C-index: 0.8239 | Val Loss: 4.5935 | Val C-index: 0.7202
Epoch 8/50 | Train Loss: 2.3959 | Train C-index: 0.8323 | Val Loss: 4.5062 | Val C-index: 0.7332
Epoch 9/50 | Train Loss: 2.2923 | Train C-index: 0.8438 | Val Loss: 4.5810 | Val C-index: 0.7206
Epoch 10/50 | Train Loss: 2.2979 | Train C-index: 0.8490 | Val Loss: 4.5589 | Val C-index: 0.7396
Epoch 11/50 | Train Loss: 2.2501 | Train C-index: 0.8550 | Val Loss: 4.6903 | Val C-index: 0.7243
Epoch 12/50 | Train Loss: 2.1696 | Train C-index: 0.8558 | Val Loss: 4.7522 | Val C-index: 0.7165
Epoch 13/50 | Train Loss: 2.1650 | Train C-index: 0.8644 | Val Loss: 4.7876 | Val C-index: 0.7029
Epoch 14/50 | Train Loss: 2.1094 | Train C-index: 0.8722 | Val Loss: 4.7659 | Val C-index: 0.7214
Epoch 15/50 | Train Loss: 2.0731 | Train C-index: 0.8803 | Val Loss: 4.8634 | Val C-index: 0.7234
Epoch 16/50 | Train Loss: 2.0497 | Train C-index: 0.8862 | Val Loss: 4.8656 | Val C-index: 0.7202
Epoch 17/50 | Train Loss: 1.9945 | Train C-index: 0.8891 | Val Loss: 4.8887 | Val C-index: 0.7128
Epoch 18/50 | Train Loss: 1.9460 | Train C-index: 0.8913 | Val Loss: 5.0637 | Val C-index: 0.7004
Epoch 19/50 | Train Loss: 1.9220 | Train C-index: 0.8983 | Val Loss: 5.1176 | Val C-index: 0.6962
Epoch 20/50 | Train Loss: 1.9055 | Train C-index: 0.9041 | Val Loss: 5.2280 | Val C-index: 0.6848
Early stopping at epoch 20
Fold 3 final C-index: 0.7396

Extra survival metrics:
cutoff_from_train_median: -0.678103
n_test: 168
n_high_risk: 90
n_low_risk: 78
n_event_test: 65
logrank_stat: 28.337160
logrank_p: 0.000000
auc_36m: 0.772776
auc_60m: 0.812721
mean_auc: 0.783516
HR_high_vs_low: 4.379828
HR_95CI_lower: 2.419210
HR_95CI_upper: 7.929404
cox_p: 0.000001

==================================================
Fold 5/5
==================================================
Epoch 1/50 | Train Loss: 2.8962 | Train C-index: 0.7252 | Val Loss: 4.5319 | Val C-index: 0.6785
Epoch 2/50 | Train Loss: 2.7596 | Train C-index: 0.7644 | Val Loss: 4.4474 | Val C-index: 0.7041
Epoch 3/50 | Train Loss: 2.6502 | Train C-index: 0.7763 | Val Loss: 4.3982 | Val C-index: 0.7200
Epoch 4/50 | Train Loss: 2.5773 | Train C-index: 0.7830 | Val Loss: 4.4121 | Val C-index: 0.7255
Epoch 5/50 | Train Loss: 2.5118 | Train C-index: 0.7956 | Val Loss: 4.3968 | Val C-index: 0.7210
Epoch 6/50 | Train Loss: 2.4578 | Train C-index: 0.8076 | Val Loss: 4.4270 | Val C-index: 0.7284
Epoch 7/50 | Train Loss: 2.4348 | Train C-index: 0.8173 | Val Loss: 4.4709 | Val C-index: 0.7204
Epoch 8/50 | Train Loss: 2.3994 | Train C-index: 0.8296 | Val Loss: 4.4262 | Val C-index: 0.7178
Epoch 9/50 | Train Loss: 2.3294 | Train C-index: 0.8380 | Val Loss: 4.5002 | Val C-index: 0.7228
Epoch 10/50 | Train Loss: 2.2710 | Train C-index: 0.8453 | Val Loss: 4.5946 | Val C-index: 0.7155
Epoch 11/50 | Train Loss: 2.2363 | Train C-index: 0.8558 | Val Loss: 4.6393 | Val C-index: 0.6843
Epoch 12/50 | Train Loss: 2.2081 | Train C-index: 0.8622 | Val Loss: 4.5739 | Val C-index: 0.7182
Epoch 13/50 | Train Loss: 2.1453 | Train C-index: 0.8678 | Val Loss: 4.5937 | Val C-index: 0.7071
Epoch 14/50 | Train Loss: 2.1480 | Train C-index: 0.8766 | Val Loss: 4.6505 | Val C-index: 0.6900
Epoch 15/50 | Train Loss: 2.1522 | Train C-index: 0.8840 | Val Loss: 4.6896 | Val C-index: 0.7127
Epoch 16/50 | Train Loss: 2.0907 | Train C-index: 0.8927 | Val Loss: 4.6423 | Val C-index: 0.7130
Early stopping at epoch 16
Fold 4 final C-index: 0.7284

Extra survival metrics:
cutoff_from_train_median: -0.271920
n_test: 168
n_high_risk: 78
n_low_risk: 90
n_event_test: 65
logrank_stat: 27.304481
logrank_p: 0.000000
auc_36m: 0.793736
auc_60m: 0.783553
mean_auc: 0.791099
HR_high_vs_low: 3.682972
HR_95CI_lower: 2.181898
HR_95CI_upper: 6.216735
cox_p: 0.000001

==================================================
5-Fold CV Summary
==================================================
  C-index: 0.7330 +/- 0.0234
