Using Device: cuda
Model: abmil-cox-topk | k: 512
Checkpoints: /home/gly001/cqj/pa_ct_surv/experiments/single_modal_path/exp4/checkpoints/wd5e-4
Results:     /home/gly001/cqj/pa_ct_surv/experiments/single_modal_path/exp4/results/wd5e-4
Loaded 843 samples

==================================================
Fold 1/5
==================================================
Epoch 1/50 | Train Loss: 2.9579 | Train C-index: 0.7242 | Val Loss: 4.3787 | Val C-index: 0.6996
Epoch 2/50 | Train Loss: 2.6768 | Train C-index: 0.7550 | Val Loss: 4.2701 | Val C-index: 0.7450
Epoch 3/50 | Train Loss: 2.6811 | Train C-index: 0.7788 | Val Loss: 4.3158 | Val C-index: 0.7168
Epoch 4/50 | Train Loss: 2.5779 | Train C-index: 0.7886 | Val Loss: 4.2563 | Val C-index: 0.7410
Epoch 5/50 | Train Loss: 2.5113 | Train C-index: 0.7990 | Val Loss: 4.2157 | Val C-index: 0.7559
Epoch 6/50 | Train Loss: 2.5032 | Train C-index: 0.8121 | Val Loss: 4.2126 | Val C-index: 0.7551
Epoch 7/50 | Train Loss: 2.4624 | Train C-index: 0.8244 | Val Loss: 4.2550 | Val C-index: 0.7527
Epoch 8/50 | Train Loss: 2.3947 | Train C-index: 0.8282 | Val Loss: 4.2330 | Val C-index: 0.7590
Epoch 9/50 | Train Loss: 2.3261 | Train C-index: 0.8404 | Val Loss: 4.3035 | Val C-index: 0.7524
Epoch 10/50 | Train Loss: 2.3231 | Train C-index: 0.8454 | Val Loss: 4.2467 | Val C-index: 0.7588
Epoch 11/50 | Train Loss: 2.3242 | Train C-index: 0.8574 | Val Loss: 4.2957 | Val C-index: 0.7489
Epoch 12/50 | Train Loss: 2.2163 | Train C-index: 0.8601 | Val Loss: 4.4555 | Val C-index: 0.7344
Epoch 13/50 | Train Loss: 2.2070 | Train C-index: 0.8678 | Val Loss: 4.4277 | Val C-index: 0.7428
Epoch 14/50 | Train Loss: 2.1076 | Train C-index: 0.8728 | Val Loss: 4.3353 | Val C-index: 0.7480
Epoch 15/50 | Train Loss: 2.1879 | Train C-index: 0.8709 | Val Loss: 4.3176 | Val C-index: 0.7435
Epoch 16/50 | Train Loss: 2.1173 | Train C-index: 0.8832 | Val Loss: 4.4069 | Val C-index: 0.7410
Epoch 17/50 | Train Loss: 2.0497 | Train C-index: 0.8906 | Val Loss: 4.4711 | Val C-index: 0.7394
Epoch 18/50 | Train Loss: 2.0203 | Train C-index: 0.8945 | Val Loss: 4.5453 | Val C-index: 0.7459
Early stopping at epoch 18
Fold 0 final C-index: 0.7590

Extra survival metrics:
cutoff_from_train_median: -0.639857
n_test: 169
n_high_risk: 93
n_low_risk: 76
n_event_test: 65
logrank_stat: 28.950064
logrank_p: 0.000000
auc_36m: 0.787606
auc_60m: 0.749773
mean_auc: 0.776915
HR_high_vs_low: 5.260801
HR_95CI_lower: 2.677809
HR_95CI_upper: 10.335324
cox_p: 0.000001

==================================================
Fold 2/5
==================================================
Epoch 1/50 | Train Loss: 2.8031 | Train C-index: 0.7348 | Val Loss: 4.5289 | Val C-index: 0.7096
Epoch 2/50 | Train Loss: 2.6819 | Train C-index: 0.7614 | Val Loss: 4.6115 | Val C-index: 0.6936
Epoch 3/50 | Train Loss: 2.5844 | Train C-index: 0.7899 | Val Loss: 4.5597 | Val C-index: 0.6907
Epoch 4/50 | Train Loss: 2.5146 | Train C-index: 0.7995 | Val Loss: 4.6049 | Val C-index: 0.6917
Epoch 5/50 | Train Loss: 2.4781 | Train C-index: 0.8146 | Val Loss: 4.6014 | Val C-index: 0.7010
Epoch 6/50 | Train Loss: 2.4667 | Train C-index: 0.8281 | Val Loss: 4.5853 | Val C-index: 0.6988
Epoch 7/50 | Train Loss: 2.4116 | Train C-index: 0.8253 | Val Loss: 4.6839 | Val C-index: 0.7033
Epoch 8/50 | Train Loss: 2.3324 | Train C-index: 0.8371 | Val Loss: 4.6321 | Val C-index: 0.7059
Epoch 9/50 | Train Loss: 2.2727 | Train C-index: 0.8415 | Val Loss: 4.7003 | Val C-index: 0.6971
Epoch 10/50 | Train Loss: 2.2233 | Train C-index: 0.8560 | Val Loss: 4.8054 | Val C-index: 0.7020
Epoch 11/50 | Train Loss: 2.1987 | Train C-index: 0.8642 | Val Loss: 4.8293 | Val C-index: 0.6981
Early stopping at epoch 11
Fold 1 final C-index: 0.7096

Extra survival metrics:
cutoff_from_train_median: -0.891316
n_test: 169
n_high_risk: 85
n_low_risk: 84
n_event_test: 65
logrank_stat: 21.708646
logrank_p: 0.000003
auc_36m: 0.729077
auc_60m: 0.684633
mean_auc: 0.718238
HR_high_vs_low: 3.385818
HR_95CI_lower: 1.963232
HR_95CI_upper: 5.839228
cox_p: 0.000012

==================================================
Fold 3/5
==================================================
Epoch 1/50 | Train Loss: 2.8264 | Train C-index: 0.7429 | Val Loss: 4.4796 | Val C-index: 0.7243
Epoch 2/50 | Train Loss: 2.6568 | Train C-index: 0.7615 | Val Loss: 4.4955 | Val C-index: 0.7249
Epoch 3/50 | Train Loss: 2.5924 | Train C-index: 0.7770 | Val Loss: 4.4786 | Val C-index: 0.7287
Epoch 4/50 | Train Loss: 2.5542 | Train C-index: 0.7931 | Val Loss: 4.4497 | Val C-index: 0.7354
Epoch 5/50 | Train Loss: 2.4503 | Train C-index: 0.8048 | Val Loss: 4.4437 | Val C-index: 0.7388
Epoch 6/50 | Train Loss: 2.3990 | Train C-index: 0.8137 | Val Loss: 4.4968 | Val C-index: 0.7293
Epoch 7/50 | Train Loss: 2.4037 | Train C-index: 0.8248 | Val Loss: 4.4458 | Val C-index: 0.7350
Epoch 8/50 | Train Loss: 2.3610 | Train C-index: 0.8328 | Val Loss: 4.4665 | Val C-index: 0.7364
Epoch 9/50 | Train Loss: 2.3139 | Train C-index: 0.8393 | Val Loss: 4.4388 | Val C-index: 0.7398
Epoch 10/50 | Train Loss: 2.2383 | Train C-index: 0.8490 | Val Loss: 4.5134 | Val C-index: 0.7443
Epoch 11/50 | Train Loss: 2.2185 | Train C-index: 0.8542 | Val Loss: 4.5058 | Val C-index: 0.7320
Epoch 12/50 | Train Loss: 2.1558 | Train C-index: 0.8643 | Val Loss: 4.4855 | Val C-index: 0.7366
Epoch 13/50 | Train Loss: 2.1264 | Train C-index: 0.8610 | Val Loss: 4.5635 | Val C-index: 0.7221
Epoch 14/50 | Train Loss: 2.1131 | Train C-index: 0.8687 | Val Loss: 4.6955 | Val C-index: 0.7274
Epoch 15/50 | Train Loss: 2.0998 | Train C-index: 0.8787 | Val Loss: 4.6108 | Val C-index: 0.7165
Epoch 16/50 | Train Loss: 2.0698 | Train C-index: 0.8760 | Val Loss: 4.6632 | Val C-index: 0.7131
Epoch 17/50 | Train Loss: 1.9490 | Train C-index: 0.8871 | Val Loss: 4.6931 | Val C-index: 0.7366
Epoch 18/50 | Train Loss: 1.9561 | Train C-index: 0.8994 | Val Loss: 4.7612 | Val C-index: 0.7219
Epoch 19/50 | Train Loss: 1.9057 | Train C-index: 0.9010 | Val Loss: 4.8016 | Val C-index: 0.7142
Epoch 20/50 | Train Loss: 1.8736 | Train C-index: 0.9085 | Val Loss: 4.8012 | Val C-index: 0.7162
Early stopping at epoch 20
Fold 2 final C-index: 0.7443

Extra survival metrics:
cutoff_from_train_median: -1.230973
n_test: 169
n_high_risk: 86
n_low_risk: 83
n_event_test: 65
logrank_stat: 32.192833
logrank_p: 0.000000
auc_36m: 0.796470
auc_60m: 0.725697
mean_auc: 0.782506
HR_high_vs_low: 4.771444
HR_95CI_lower: 2.631810
HR_95CI_upper: 8.650579
cox_p: 0.000000

==================================================
Fold 4/5
==================================================
Epoch 1/50 | Train Loss: 2.8262 | Train C-index: 0.7266 | Val Loss: 4.4545 | Val C-index: 0.7313
Epoch 2/50 | Train Loss: 2.6828 | Train C-index: 0.7598 | Val Loss: 4.4278 | Val C-index: 0.7398
Epoch 3/50 | Train Loss: 2.6402 | Train C-index: 0.7823 | Val Loss: 4.4175 | Val C-index: 0.7421
Epoch 4/50 | Train Loss: 2.5495 | Train C-index: 0.7966 | Val Loss: 4.4166 | Val C-index: 0.7396
Epoch 5/50 | Train Loss: 2.5990 | Train C-index: 0.8002 | Val Loss: 4.4696 | Val C-index: 0.7289
Epoch 6/50 | Train Loss: 2.4430 | Train C-index: 0.8114 | Val Loss: 4.4536 | Val C-index: 0.7354
Epoch 7/50 | Train Loss: 2.3996 | Train C-index: 0.8145 | Val Loss: 4.4700 | Val C-index: 0.7321
Epoch 8/50 | Train Loss: 2.3784 | Train C-index: 0.8297 | Val Loss: 4.5056 | Val C-index: 0.7367
Epoch 9/50 | Train Loss: 2.3348 | Train C-index: 0.8335 | Val Loss: 4.5019 | Val C-index: 0.7359
Epoch 10/50 | Train Loss: 2.3102 | Train C-index: 0.8429 | Val Loss: 4.5272 | Val C-index: 0.7285
Epoch 11/50 | Train Loss: 2.2831 | Train C-index: 0.8421 | Val Loss: 4.5703 | Val C-index: 0.7250
Epoch 12/50 | Train Loss: 2.2134 | Train C-index: 0.8594 | Val Loss: 4.6731 | Val C-index: 0.7334
Epoch 13/50 | Train Loss: 2.1880 | Train C-index: 0.8654 | Val Loss: 4.7187 | Val C-index: 0.7431
Epoch 14/50 | Train Loss: 2.0894 | Train C-index: 0.8708 | Val Loss: 4.7902 | Val C-index: 0.7292
Epoch 15/50 | Train Loss: 2.0687 | Train C-index: 0.8759 | Val Loss: 4.8834 | Val C-index: 0.7520
Epoch 16/50 | Train Loss: 2.0252 | Train C-index: 0.8759 | Val Loss: 4.7987 | Val C-index: 0.7403
Epoch 17/50 | Train Loss: 2.0058 | Train C-index: 0.8912 | Val Loss: 4.8305 | Val C-index: 0.7437
Epoch 18/50 | Train Loss: 1.9434 | Train C-index: 0.8960 | Val Loss: 4.9565 | Val C-index: 0.7223
Epoch 19/50 | Train Loss: 1.9457 | Train C-index: 0.9022 | Val Loss: 5.2422 | Val C-index: 0.7352
Epoch 20/50 | Train Loss: 1.8536 | Train C-index: 0.9136 | Val Loss: 5.1785 | Val C-index: 0.7237
Epoch 21/50 | Train Loss: 1.8067 | Train C-index: 0.9109 | Val Loss: 5.2014 | Val C-index: 0.7372
Epoch 22/50 | Train Loss: 1.7785 | Train C-index: 0.9213 | Val Loss: 5.4015 | Val C-index: 0.7358
Epoch 23/50 | Train Loss: 1.7781 | Train C-index: 0.9080 | Val Loss: 5.3481 | Val C-index: 0.7336
Epoch 24/50 | Train Loss: 1.7390 | Train C-index: 0.9272 | Val Loss: 5.3038 | Val C-index: 0.7278
Epoch 25/50 | Train Loss: 1.6792 | Train C-index: 0.9309 | Val Loss: 5.4895 | Val C-index: 0.7249
Early stopping at epoch 25
Fold 3 final C-index: 0.7520

Extra survival metrics:
cutoff_from_train_median: -1.438093
n_test: 168
n_high_risk: 94
n_low_risk: 74
n_event_test: 65
logrank_stat: 39.908271
logrank_p: 0.000000
auc_36m: 0.796177
auc_60m: 0.831745
mean_auc: 0.805740
HR_high_vs_low: 6.688423
HR_95CI_lower: 3.396056
HR_95CI_upper: 13.172632
cox_p: 0.000000

==================================================
Fold 5/5
==================================================
Epoch 1/50 | Train Loss: 2.8512 | Train C-index: 0.7356 | Val Loss: 4.4760 | Val C-index: 0.6913
Epoch 2/50 | Train Loss: 2.6923 | Train C-index: 0.7653 | Val Loss: 4.4487 | Val C-index: 0.7039
Epoch 3/50 | Train Loss: 2.5514 | Train C-index: 0.7821 | Val Loss: 4.5185 | Val C-index: 0.7042
Epoch 4/50 | Train Loss: 2.5973 | Train C-index: 0.7900 | Val Loss: 4.4071 | Val C-index: 0.7208
Epoch 5/50 | Train Loss: 2.5294 | Train C-index: 0.8002 | Val Loss: 4.4622 | Val C-index: 0.7268
Epoch 6/50 | Train Loss: 2.4732 | Train C-index: 0.8065 | Val Loss: 4.4721 | Val C-index: 0.7104
Epoch 7/50 | Train Loss: 2.4141 | Train C-index: 0.8206 | Val Loss: 4.5612 | Val C-index: 0.7170
Epoch 8/50 | Train Loss: 2.3623 | Train C-index: 0.8305 | Val Loss: 4.5833 | Val C-index: 0.7139
Epoch 9/50 | Train Loss: 2.3318 | Train C-index: 0.8380 | Val Loss: 4.6809 | Val C-index: 0.7054
Epoch 10/50 | Train Loss: 2.2768 | Train C-index: 0.8488 | Val Loss: 4.7240 | Val C-index: 0.7013
Epoch 11/50 | Train Loss: 2.2096 | Train C-index: 0.8524 | Val Loss: 4.7620 | Val C-index: 0.6991
Epoch 12/50 | Train Loss: 2.2006 | Train C-index: 0.8602 | Val Loss: 4.7689 | Val C-index: 0.7017
Epoch 13/50 | Train Loss: 2.2172 | Train C-index: 0.8682 | Val Loss: 4.7914 | Val C-index: 0.6938
Epoch 14/50 | Train Loss: 2.1613 | Train C-index: 0.8738 | Val Loss: 4.7801 | Val C-index: 0.6831
Epoch 15/50 | Train Loss: 2.1199 | Train C-index: 0.8818 | Val Loss: 4.8001 | Val C-index: 0.6881
Early stopping at epoch 15
Fold 4 final C-index: 0.7268

Extra survival metrics:
cutoff_from_train_median: -0.776656
n_test: 168
n_high_risk: 72
n_low_risk: 96
n_event_test: 65
logrank_stat: 28.193092
logrank_p: 0.000000
auc_36m: 0.799693
auc_60m: 0.772500
mean_auc: 0.792651
HR_high_vs_low: 3.621785
HR_95CI_lower: 2.180164
HR_95CI_upper: 6.016668
cox_p: 0.000001

==================================================
5-Fold CV Summary
==================================================
  C-index: 0.7383 +/- 0.0200
