Using Device: cuda
Model: abmil-cox-topk | k: 512
Checkpoints: /home/gly001/cqj/pa_ct_surv/experiments/single_modal_path/exp5/checkpoints/bs8
Results:     /home/gly001/cqj/pa_ct_surv/experiments/single_modal_path/exp5/results/bs8
Loaded 843 samples

==================================================
Fold 1/5
==================================================
Epoch 1/50 | Train Loss: 1.6146 | Train C-index: 0.7510 | Val Loss: 4.2612 | Val C-index: 0.7415
Epoch 2/50 | Train Loss: 1.4528 | Train C-index: 0.7759 | Val Loss: 4.2379 | Val C-index: 0.7647
Epoch 3/50 | Train Loss: 1.4104 | Train C-index: 0.7840 | Val Loss: 4.2466 | Val C-index: 0.7442
Epoch 4/50 | Train Loss: 1.2920 | Train C-index: 0.7980 | Val Loss: 4.2518 | Val C-index: 0.7504
Epoch 5/50 | Train Loss: 1.2266 | Train C-index: 0.8101 | Val Loss: 4.2216 | Val C-index: 0.7639
Epoch 6/50 | Train Loss: 1.2015 | Train C-index: 0.8159 | Val Loss: 4.2075 | Val C-index: 0.7702
Epoch 7/50 | Train Loss: 1.2353 | Train C-index: 0.8208 | Val Loss: 4.1989 | Val C-index: 0.7669
Epoch 8/50 | Train Loss: 1.1998 | Train C-index: 0.8270 | Val Loss: 4.1618 | Val C-index: 0.7794
Epoch 9/50 | Train Loss: 1.2182 | Train C-index: 0.8349 | Val Loss: 4.2398 | Val C-index: 0.7725
Epoch 10/50 | Train Loss: 1.1026 | Train C-index: 0.8478 | Val Loss: 4.2188 | Val C-index: 0.7689
Epoch 11/50 | Train Loss: 1.1061 | Train C-index: 0.8551 | Val Loss: 4.2700 | Val C-index: 0.7686
Epoch 12/50 | Train Loss: 1.1033 | Train C-index: 0.8602 | Val Loss: 4.3622 | Val C-index: 0.7567
Epoch 13/50 | Train Loss: 0.9987 | Train C-index: 0.8724 | Val Loss: 4.2965 | Val C-index: 0.7536
Epoch 14/50 | Train Loss: 0.9366 | Train C-index: 0.8754 | Val Loss: 4.3229 | Val C-index: 0.7749
Epoch 15/50 | Train Loss: 0.9836 | Train C-index: 0.8804 | Val Loss: 4.4554 | Val C-index: 0.7576
Epoch 16/50 | Train Loss: 0.9373 | Train C-index: 0.8874 | Val Loss: 4.2574 | Val C-index: 0.7749
Epoch 17/50 | Train Loss: 0.9122 | Train C-index: 0.9009 | Val Loss: 4.4076 | Val C-index: 0.7504
Epoch 18/50 | Train Loss: 0.8636 | Train C-index: 0.9066 | Val Loss: 4.2756 | Val C-index: 0.7690
Early stopping at epoch 18
Fold 0 final C-index: 0.7794

Extra survival metrics:
cutoff_from_train_median: -0.112940
n_test: 169
n_high_risk: 96
n_low_risk: 73
n_event_test: 65
logrank_stat: 32.224823
logrank_p: 0.000000
auc_36m: 0.824377
auc_60m: 0.775066
mean_auc: 0.810443
HR_high_vs_low: 6.026453
HR_95CI_lower: 2.976766
HR_95CI_upper: 12.200534
cox_p: 0.000001

==================================================
Fold 2/5
==================================================
Epoch 1/50 | Train Loss: 1.5624 | Train C-index: 0.7612 | Val Loss: 4.5842 | Val C-index: 0.6879
Epoch 2/50 | Train Loss: 1.4713 | Train C-index: 0.7823 | Val Loss: 4.6045 | Val C-index: 0.7047
Epoch 3/50 | Train Loss: 1.3590 | Train C-index: 0.7892 | Val Loss: 4.6583 | Val C-index: 0.6948
Epoch 4/50 | Train Loss: 1.3253 | Train C-index: 0.8160 | Val Loss: 4.5457 | Val C-index: 0.7136
Epoch 5/50 | Train Loss: 1.2609 | Train C-index: 0.8220 | Val Loss: 4.6692 | Val C-index: 0.6955
Epoch 6/50 | Train Loss: 1.2403 | Train C-index: 0.8336 | Val Loss: 4.6282 | Val C-index: 0.6982
Epoch 7/50 | Train Loss: 1.2309 | Train C-index: 0.8416 | Val Loss: 4.6458 | Val C-index: 0.7085
Epoch 8/50 | Train Loss: 1.1789 | Train C-index: 0.8469 | Val Loss: 4.7111 | Val C-index: 0.7057
Epoch 9/50 | Train Loss: 1.1940 | Train C-index: 0.8611 | Val Loss: 4.6073 | Val C-index: 0.7142
Epoch 10/50 | Train Loss: 1.0458 | Train C-index: 0.8607 | Val Loss: 4.8483 | Val C-index: 0.7148
Epoch 11/50 | Train Loss: 1.0606 | Train C-index: 0.8615 | Val Loss: 4.8091 | Val C-index: 0.7090
Epoch 12/50 | Train Loss: 1.0215 | Train C-index: 0.8695 | Val Loss: 4.9711 | Val C-index: 0.7134
Epoch 13/50 | Train Loss: 0.9487 | Train C-index: 0.8812 | Val Loss: 4.8577 | Val C-index: 0.7124
Epoch 14/50 | Train Loss: 0.9093 | Train C-index: 0.8932 | Val Loss: 4.9446 | Val C-index: 0.6858
Epoch 15/50 | Train Loss: 0.8529 | Train C-index: 0.8936 | Val Loss: 5.0371 | Val C-index: 0.7034
Epoch 16/50 | Train Loss: 0.9174 | Train C-index: 0.9027 | Val Loss: 5.0023 | Val C-index: 0.6810
Epoch 17/50 | Train Loss: 0.8472 | Train C-index: 0.9024 | Val Loss: 5.2130 | Val C-index: 0.6788
Epoch 18/50 | Train Loss: 0.7599 | Train C-index: 0.9051 | Val Loss: 5.2701 | Val C-index: 0.7004
Epoch 19/50 | Train Loss: 0.7477 | Train C-index: 0.9108 | Val Loss: 5.2387 | Val C-index: 0.7158
Epoch 20/50 | Train Loss: 0.6846 | Train C-index: 0.9196 | Val Loss: 5.2697 | Val C-index: 0.7011
Epoch 21/50 | Train Loss: 0.6944 | Train C-index: 0.9304 | Val Loss: 5.4049 | Val C-index: 0.7073
Epoch 22/50 | Train Loss: 0.6303 | Train C-index: 0.9313 | Val Loss: 5.6122 | Val C-index: 0.6940
Epoch 23/50 | Train Loss: 0.5945 | Train C-index: 0.9417 | Val Loss: 5.7386 | Val C-index: 0.7077
Epoch 24/50 | Train Loss: 0.6162 | Train C-index: 0.9468 | Val Loss: 5.3839 | Val C-index: 0.6886
Epoch 25/50 | Train Loss: 0.5733 | Train C-index: 0.9399 | Val Loss: 5.6875 | Val C-index: 0.7137
Epoch 26/50 | Train Loss: 0.5468 | Train C-index: 0.9501 | Val Loss: 5.7389 | Val C-index: 0.7075
Epoch 27/50 | Train Loss: 0.5197 | Train C-index: 0.9515 | Val Loss: 5.7934 | Val C-index: 0.7006
Epoch 28/50 | Train Loss: 0.5468 | Train C-index: 0.9469 | Val Loss: 5.9302 | Val C-index: 0.6890
Epoch 29/50 | Train Loss: 0.4422 | Train C-index: 0.9526 | Val Loss: 6.0775 | Val C-index: 0.6930
Early stopping at epoch 29
Fold 1 final C-index: 0.7158

Extra survival metrics:
cutoff_from_train_median: -1.150550
n_test: 169
n_high_risk: 81
n_low_risk: 88
n_event_test: 65
logrank_stat: 20.734309
logrank_p: 0.000005
auc_36m: 0.745706
auc_60m: 0.715737
mean_auc: 0.738397
HR_high_vs_low: 3.248110
HR_95CI_lower: 1.899670
HR_95CI_upper: 5.553711
cox_p: 0.000017

==================================================
Fold 3/5
==================================================
Epoch 1/50 | Train Loss: 1.6028 | Train C-index: 0.7483 | Val Loss: 4.5054 | Val C-index: 0.7189
Epoch 2/50 | Train Loss: 1.4492 | Train C-index: 0.7705 | Val Loss: 4.5054 | Val C-index: 0.7218
Epoch 3/50 | Train Loss: 1.3800 | Train C-index: 0.7842 | Val Loss: 4.5904 | Val C-index: 0.7235
Epoch 4/50 | Train Loss: 1.3147 | Train C-index: 0.7992 | Val Loss: 4.4473 | Val C-index: 0.7394
Epoch 5/50 | Train Loss: 1.3131 | Train C-index: 0.8078 | Val Loss: 4.4782 | Val C-index: 0.7374
Epoch 6/50 | Train Loss: 1.2113 | Train C-index: 0.8192 | Val Loss: 4.4845 | Val C-index: 0.7316
Epoch 7/50 | Train Loss: 1.2528 | Train C-index: 0.8322 | Val Loss: 4.5372 | Val C-index: 0.7114
Epoch 8/50 | Train Loss: 1.1658 | Train C-index: 0.8377 | Val Loss: 4.5449 | Val C-index: 0.7309
Epoch 9/50 | Train Loss: 1.1500 | Train C-index: 0.8534 | Val Loss: 4.4456 | Val C-index: 0.7448
Epoch 10/50 | Train Loss: 1.1084 | Train C-index: 0.8557 | Val Loss: 4.6735 | Val C-index: 0.7083
Epoch 11/50 | Train Loss: 1.0899 | Train C-index: 0.8668 | Val Loss: 4.5572 | Val C-index: 0.7240
Epoch 12/50 | Train Loss: 0.9650 | Train C-index: 0.8660 | Val Loss: 4.8460 | Val C-index: 0.7225
Epoch 13/50 | Train Loss: 1.0078 | Train C-index: 0.8778 | Val Loss: 4.6018 | Val C-index: 0.7437
Epoch 14/50 | Train Loss: 0.9814 | Train C-index: 0.8876 | Val Loss: 4.5576 | Val C-index: 0.7336
Epoch 15/50 | Train Loss: 0.8927 | Train C-index: 0.8873 | Val Loss: 4.7965 | Val C-index: 0.7440
Epoch 16/50 | Train Loss: 0.8118 | Train C-index: 0.9042 | Val Loss: 4.8766 | Val C-index: 0.7241
Epoch 17/50 | Train Loss: 0.8294 | Train C-index: 0.9065 | Val Loss: 4.8424 | Val C-index: 0.7287
Epoch 18/50 | Train Loss: 0.7843 | Train C-index: 0.9200 | Val Loss: 4.8045 | Val C-index: 0.7200
Epoch 19/50 | Train Loss: 0.6732 | Train C-index: 0.9278 | Val Loss: 5.0882 | Val C-index: 0.7060
Early stopping at epoch 19
Fold 2 final C-index: 0.7448

Extra survival metrics:
cutoff_from_train_median: -0.853168
n_test: 169
n_high_risk: 89
n_low_risk: 80
n_event_test: 65
logrank_stat: 35.962844
logrank_p: 0.000000
auc_36m: 0.798305
auc_60m: 0.736183
mean_auc: 0.786049
HR_high_vs_low: 5.564281
HR_95CI_lower: 2.962284
HR_95CI_upper: 10.451808
cox_p: 0.000000

==================================================
Fold 4/5
==================================================
Epoch 1/50 | Train Loss: 1.5779 | Train C-index: 0.7551 | Val Loss: 4.4717 | Val C-index: 0.7212
Epoch 2/50 | Train Loss: 1.4447 | Train C-index: 0.7743 | Val Loss: 4.4877 | Val C-index: 0.7205
Epoch 3/50 | Train Loss: 1.3463 | Train C-index: 0.7927 | Val Loss: 4.5308 | Val C-index: 0.7292
Epoch 4/50 | Train Loss: 1.3370 | Train C-index: 0.8000 | Val Loss: 4.4691 | Val C-index: 0.7411
Epoch 5/50 | Train Loss: 1.2485 | Train C-index: 0.8106 | Val Loss: 4.5763 | Val C-index: 0.7313
Epoch 6/50 | Train Loss: 1.2510 | Train C-index: 0.8187 | Val Loss: 4.5136 | Val C-index: 0.7323
Epoch 7/50 | Train Loss: 1.2287 | Train C-index: 0.8280 | Val Loss: 4.5466 | Val C-index: 0.7291
Epoch 8/50 | Train Loss: 1.2071 | Train C-index: 0.8438 | Val Loss: 4.5753 | Val C-index: 0.7213
Epoch 9/50 | Train Loss: 1.1440 | Train C-index: 0.8518 | Val Loss: 4.6760 | Val C-index: 0.7289
Epoch 10/50 | Train Loss: 0.9900 | Train C-index: 0.8578 | Val Loss: 4.8127 | Val C-index: 0.7316
Epoch 11/50 | Train Loss: 1.0576 | Train C-index: 0.8744 | Val Loss: 4.6273 | Val C-index: 0.7286
Epoch 12/50 | Train Loss: 1.0263 | Train C-index: 0.8673 | Val Loss: 4.8893 | Val C-index: 0.7000
Epoch 13/50 | Train Loss: 0.9468 | Train C-index: 0.8904 | Val Loss: 4.7221 | Val C-index: 0.7261
Epoch 14/50 | Train Loss: 0.8742 | Train C-index: 0.8967 | Val Loss: 4.8282 | Val C-index: 0.7123
Early stopping at epoch 14
Fold 3 final C-index: 0.7411

Extra survival metrics:
cutoff_from_train_median: -0.451872
n_test: 168
n_high_risk: 93
n_low_risk: 75
n_event_test: 65
logrank_stat: 38.194645
logrank_p: 0.000000
auc_36m: 0.772752
auc_60m: 0.829247
mean_auc: 0.787943
HR_high_vs_low: 6.437708
HR_95CI_lower: 3.272541
HR_95CI_upper: 12.664195
cox_p: 0.000000

==================================================
Fold 5/5
==================================================
Epoch 1/50 | Train Loss: 1.4732 | Train C-index: 0.7411 | Val Loss: 4.4975 | Val C-index: 0.6890
Epoch 2/50 | Train Loss: 1.4993 | Train C-index: 0.7744 | Val Loss: 4.4271 | Val C-index: 0.7190
Epoch 3/50 | Train Loss: 1.4339 | Train C-index: 0.7970 | Val Loss: 4.4502 | Val C-index: 0.7136
Epoch 4/50 | Train Loss: 1.3325 | Train C-index: 0.8043 | Val Loss: 4.4759 | Val C-index: 0.7231
Epoch 5/50 | Train Loss: 1.2580 | Train C-index: 0.8146 | Val Loss: 4.5919 | Val C-index: 0.7127
Epoch 6/50 | Train Loss: 1.2610 | Train C-index: 0.8267 | Val Loss: 4.4635 | Val C-index: 0.7297
Epoch 7/50 | Train Loss: 1.2254 | Train C-index: 0.8366 | Val Loss: 4.6188 | Val C-index: 0.7077
Epoch 8/50 | Train Loss: 1.1320 | Train C-index: 0.8460 | Val Loss: 4.5404 | Val C-index: 0.7215
Epoch 9/50 | Train Loss: 1.1156 | Train C-index: 0.8496 | Val Loss: 4.7063 | Val C-index: 0.7106
Epoch 10/50 | Train Loss: 1.1017 | Train C-index: 0.8651 | Val Loss: 4.6981 | Val C-index: 0.7015
Epoch 11/50 | Train Loss: 1.0658 | Train C-index: 0.8667 | Val Loss: 4.7289 | Val C-index: 0.6880
Epoch 12/50 | Train Loss: 0.9606 | Train C-index: 0.8804 | Val Loss: 5.0574 | Val C-index: 0.6755
Epoch 13/50 | Train Loss: 1.0160 | Train C-index: 0.8905 | Val Loss: 4.8426 | Val C-index: 0.7006
Epoch 14/50 | Train Loss: 0.9030 | Train C-index: 0.8980 | Val Loss: 5.1253 | Val C-index: 0.6875
Epoch 15/50 | Train Loss: 0.8762 | Train C-index: 0.9015 | Val Loss: 5.2991 | Val C-index: 0.6823
Epoch 16/50 | Train Loss: 0.8352 | Train C-index: 0.9118 | Val Loss: 5.1835 | Val C-index: 0.6805
Early stopping at epoch 16
Fold 4 final C-index: 0.7297

Extra survival metrics:
cutoff_from_train_median: -0.434369
n_test: 168
n_high_risk: 69
n_low_risk: 99
n_event_test: 65
logrank_stat: 27.113615
logrank_p: 0.000000
auc_36m: 0.803024
auc_60m: 0.786653
mean_auc: 0.798784
HR_high_vs_low: 3.550614
HR_95CI_lower: 2.138019
HR_95CI_upper: 5.896515
cox_p: 0.000001

==================================================
5-Fold CV Summary
==================================================
  C-index: 0.7422 +/- 0.0237
