Using Device: cuda
Model: abmil-cox-topk | k: 512
Checkpoints: /home/gly001/cqj/pa_ct_surv/experiments/single_modal_path/exp5/checkpoints/bs32
Results:     /home/gly001/cqj/pa_ct_surv/experiments/single_modal_path/exp5/results/bs32
Loaded 843 samples

==================================================
Fold 1/5
==================================================
Epoch 1/50 | Train Loss: 2.8995 | Train C-index: 0.7342 | Val Loss: 4.3138 | Val C-index: 0.7312
Epoch 2/50 | Train Loss: 2.7060 | Train C-index: 0.7620 | Val Loss: 4.2615 | Val C-index: 0.7478
Epoch 3/50 | Train Loss: 2.5636 | Train C-index: 0.7844 | Val Loss: 4.2298 | Val C-index: 0.7473
Epoch 4/50 | Train Loss: 2.5403 | Train C-index: 0.8007 | Val Loss: 4.2680 | Val C-index: 0.7437
Epoch 5/50 | Train Loss: 2.4543 | Train C-index: 0.8075 | Val Loss: 4.2547 | Val C-index: 0.7493
Epoch 6/50 | Train Loss: 2.5043 | Train C-index: 0.8189 | Val Loss: 4.2422 | Val C-index: 0.7564
Epoch 7/50 | Train Loss: 2.5145 | Train C-index: 0.8250 | Val Loss: 4.2844 | Val C-index: 0.7592
Epoch 8/50 | Train Loss: 2.3832 | Train C-index: 0.8428 | Val Loss: 4.2254 | Val C-index: 0.7580
Epoch 9/50 | Train Loss: 2.3033 | Train C-index: 0.8446 | Val Loss: 4.2368 | Val C-index: 0.7610
Epoch 10/50 | Train Loss: 2.2622 | Train C-index: 0.8446 | Val Loss: 4.5404 | Val C-index: 0.7293
Epoch 11/50 | Train Loss: 2.3024 | Train C-index: 0.8599 | Val Loss: 4.2877 | Val C-index: 0.7559
Epoch 12/50 | Train Loss: 2.1936 | Train C-index: 0.8639 | Val Loss: 4.5307 | Val C-index: 0.7322
Epoch 13/50 | Train Loss: 2.1911 | Train C-index: 0.8753 | Val Loss: 4.3781 | Val C-index: 0.7449
Epoch 14/50 | Train Loss: 2.0582 | Train C-index: 0.8732 | Val Loss: 4.6331 | Val C-index: 0.7371
Epoch 15/50 | Train Loss: 2.0791 | Train C-index: 0.8734 | Val Loss: 4.4873 | Val C-index: 0.7392
Epoch 16/50 | Train Loss: 2.1341 | Train C-index: 0.8859 | Val Loss: 4.5673 | Val C-index: 0.7334
Epoch 17/50 | Train Loss: 2.0269 | Train C-index: 0.8941 | Val Loss: 4.3641 | Val C-index: 0.7488
Epoch 18/50 | Train Loss: 1.9352 | Train C-index: 0.9010 | Val Loss: 4.4636 | Val C-index: 0.7525
Epoch 19/50 | Train Loss: 1.9442 | Train C-index: 0.9046 | Val Loss: 4.4879 | Val C-index: 0.7594
Early stopping at epoch 19
Fold 0 final C-index: 0.7610

Extra survival metrics:
cutoff_from_train_median: -0.622512
n_test: 169
n_high_risk: 97
n_low_risk: 72
n_event_test: 65
logrank_stat: 38.559003
logrank_p: 0.000000
auc_36m: 0.795301
auc_60m: 0.761426
mean_auc: 0.785729
HR_high_vs_low: 8.105835
HR_95CI_lower: 3.695044
HR_95CI_upper: 17.781811
cox_p: 0.000000

==================================================
Fold 2/5
==================================================
Epoch 1/50 | Train Loss: 2.8255 | Train C-index: 0.7394 | Val Loss: 4.5537 | Val C-index: 0.7024
Epoch 2/50 | Train Loss: 2.6137 | Train C-index: 0.7691 | Val Loss: 4.5493 | Val C-index: 0.7027
Epoch 3/50 | Train Loss: 2.5986 | Train C-index: 0.7913 | Val Loss: 4.5315 | Val C-index: 0.7070
Epoch 4/50 | Train Loss: 2.5507 | Train C-index: 0.8024 | Val Loss: 4.5090 | Val C-index: 0.7061
Epoch 5/50 | Train Loss: 2.4394 | Train C-index: 0.8058 | Val Loss: 4.5944 | Val C-index: 0.7189
Epoch 6/50 | Train Loss: 2.4195 | Train C-index: 0.8110 | Val Loss: 4.5780 | Val C-index: 0.6981
Epoch 7/50 | Train Loss: 2.4363 | Train C-index: 0.8267 | Val Loss: 4.5915 | Val C-index: 0.7033
Epoch 8/50 | Train Loss: 2.3267 | Train C-index: 0.8303 | Val Loss: 4.5912 | Val C-index: 0.7048
Epoch 9/50 | Train Loss: 2.2973 | Train C-index: 0.8425 | Val Loss: 4.6112 | Val C-index: 0.7071
Epoch 10/50 | Train Loss: 2.3031 | Train C-index: 0.8544 | Val Loss: 4.5967 | Val C-index: 0.7110
Epoch 11/50 | Train Loss: 2.2235 | Train C-index: 0.8554 | Val Loss: 4.7407 | Val C-index: 0.7049
Epoch 12/50 | Train Loss: 2.1811 | Train C-index: 0.8680 | Val Loss: 4.6692 | Val C-index: 0.7095
Epoch 13/50 | Train Loss: 2.1858 | Train C-index: 0.8701 | Val Loss: 4.6966 | Val C-index: 0.7119
Epoch 14/50 | Train Loss: 2.1296 | Train C-index: 0.8762 | Val Loss: 4.7531 | Val C-index: 0.7089
Epoch 15/50 | Train Loss: 2.0308 | Train C-index: 0.8824 | Val Loss: 4.7789 | Val C-index: 0.7067
Early stopping at epoch 15
Fold 1 final C-index: 0.7189

Extra survival metrics:
cutoff_from_train_median: -0.517123
n_test: 169
n_high_risk: 79
n_low_risk: 90
n_event_test: 65
logrank_stat: 29.950240
logrank_p: 0.000000
auc_36m: 0.734526
auc_60m: 0.702322
mean_auc: 0.726672
HR_high_vs_low: 4.173525
HR_95CI_lower: 2.394772
HR_95CI_upper: 7.273473
cox_p: 0.000000

==================================================
Fold 3/5
==================================================
Epoch 1/50 | Train Loss: 2.8039 | Train C-index: 0.7389 | Val Loss: 4.5008 | Val C-index: 0.7232
Epoch 2/50 | Train Loss: 2.6644 | Train C-index: 0.7673 | Val Loss: 4.4701 | Val C-index: 0.7236
Epoch 3/50 | Train Loss: 2.5508 | Train C-index: 0.7830 | Val Loss: 4.4476 | Val C-index: 0.7338
Epoch 4/50 | Train Loss: 2.4763 | Train C-index: 0.7958 | Val Loss: 4.4208 | Val C-index: 0.7430
Epoch 5/50 | Train Loss: 2.4712 | Train C-index: 0.8080 | Val Loss: 4.4391 | Val C-index: 0.7396
Epoch 6/50 | Train Loss: 2.4001 | Train C-index: 0.8169 | Val Loss: 4.4792 | Val C-index: 0.7355
Epoch 7/50 | Train Loss: 2.3882 | Train C-index: 0.8274 | Val Loss: 4.4586 | Val C-index: 0.7332
Epoch 8/50 | Train Loss: 2.3323 | Train C-index: 0.8381 | Val Loss: 4.4334 | Val C-index: 0.7408
Epoch 9/50 | Train Loss: 2.2679 | Train C-index: 0.8436 | Val Loss: 4.4466 | Val C-index: 0.7378
Epoch 10/50 | Train Loss: 2.2599 | Train C-index: 0.8483 | Val Loss: 4.5258 | Val C-index: 0.7386
Epoch 11/50 | Train Loss: 2.1740 | Train C-index: 0.8573 | Val Loss: 4.4841 | Val C-index: 0.7393
Epoch 12/50 | Train Loss: 2.1101 | Train C-index: 0.8625 | Val Loss: 4.4789 | Val C-index: 0.7352
Epoch 13/50 | Train Loss: 2.1152 | Train C-index: 0.8701 | Val Loss: 4.5204 | Val C-index: 0.7364
Epoch 14/50 | Train Loss: 2.0719 | Train C-index: 0.8734 | Val Loss: 4.5667 | Val C-index: 0.7359
Early stopping at epoch 14
Fold 2 final C-index: 0.7430

Extra survival metrics:
cutoff_from_train_median: -0.628256
n_test: 169
n_high_risk: 87
n_low_risk: 82
n_event_test: 65
logrank_stat: 33.648574
logrank_p: 0.000000
auc_36m: 0.801465
auc_60m: 0.724672
mean_auc: 0.786314
HR_high_vs_low: 5.083255
HR_95CI_lower: 2.761151
HR_95CI_upper: 9.358227
cox_p: 0.000000

==================================================
Fold 4/5
==================================================
Epoch 1/50 | Train Loss: 2.8689 | Train C-index: 0.7153 | Val Loss: 4.4993 | Val C-index: 0.7231
Epoch 2/50 | Train Loss: 2.7169 | Train C-index: 0.7445 | Val Loss: 4.4834 | Val C-index: 0.7240
Epoch 3/50 | Train Loss: 2.6725 | Train C-index: 0.7680 | Val Loss: 4.4655 | Val C-index: 0.7310
Epoch 4/50 | Train Loss: 2.5693 | Train C-index: 0.7850 | Val Loss: 4.4798 | Val C-index: 0.7228
Epoch 5/50 | Train Loss: 2.4693 | Train C-index: 0.8006 | Val Loss: 4.5595 | Val C-index: 0.7139
Epoch 6/50 | Train Loss: 2.4961 | Train C-index: 0.8169 | Val Loss: 4.5635 | Val C-index: 0.7122
Epoch 7/50 | Train Loss: 2.4015 | Train C-index: 0.8248 | Val Loss: 4.6144 | Val C-index: 0.7016
Epoch 8/50 | Train Loss: 2.3118 | Train C-index: 0.8338 | Val Loss: 4.6781 | Val C-index: 0.7009
Epoch 9/50 | Train Loss: 2.3297 | Train C-index: 0.8406 | Val Loss: 4.6845 | Val C-index: 0.7073
Epoch 10/50 | Train Loss: 2.2751 | Train C-index: 0.8445 | Val Loss: 4.8316 | Val C-index: 0.6948
Epoch 11/50 | Train Loss: 2.2293 | Train C-index: 0.8622 | Val Loss: 4.7059 | Val C-index: 0.7070
Epoch 12/50 | Train Loss: 2.1000 | Train C-index: 0.8578 | Val Loss: 4.9616 | Val C-index: 0.7033
Epoch 13/50 | Train Loss: 2.0809 | Train C-index: 0.8705 | Val Loss: 4.9380 | Val C-index: 0.7024
Early stopping at epoch 13
Fold 3 final C-index: 0.7310

Extra survival metrics:
cutoff_from_train_median: -0.111184
n_test: 168
n_high_risk: 91
n_low_risk: 77
n_event_test: 65
logrank_stat: 34.311262
logrank_p: 0.000000
auc_36m: 0.770881
auc_60m: 0.805811
mean_auc: 0.780273
HR_high_vs_low: 5.381339
HR_95CI_lower: 2.867297
HR_95CI_upper: 10.099691
cox_p: 0.000000

==================================================
Fold 5/5
==================================================
Epoch 1/50 | Train Loss: 2.9033 | Train C-index: 0.7319 | Val Loss: 4.5055 | Val C-index: 0.6765
Epoch 2/50 | Train Loss: 2.7314 | Train C-index: 0.7667 | Val Loss: 4.4575 | Val C-index: 0.7047
Epoch 3/50 | Train Loss: 2.6664 | Train C-index: 0.7800 | Val Loss: 4.4409 | Val C-index: 0.7081
Epoch 4/50 | Train Loss: 2.5510 | Train C-index: 0.7907 | Val Loss: 4.4320 | Val C-index: 0.7211
Epoch 5/50 | Train Loss: 2.5231 | Train C-index: 0.8080 | Val Loss: 4.3848 | Val C-index: 0.7311
Epoch 6/50 | Train Loss: 2.4559 | Train C-index: 0.8153 | Val Loss: 4.5531 | Val C-index: 0.7221
Epoch 7/50 | Train Loss: 2.3631 | Train C-index: 0.8241 | Val Loss: 4.4691 | Val C-index: 0.7272
Epoch 8/50 | Train Loss: 2.4210 | Train C-index: 0.8320 | Val Loss: 4.5060 | Val C-index: 0.7192
Epoch 9/50 | Train Loss: 2.3712 | Train C-index: 0.8385 | Val Loss: 4.5595 | Val C-index: 0.7093
Epoch 10/50 | Train Loss: 2.2530 | Train C-index: 0.8462 | Val Loss: 4.6355 | Val C-index: 0.7033
Epoch 11/50 | Train Loss: 2.2665 | Train C-index: 0.8585 | Val Loss: 4.7552 | Val C-index: 0.7029
Epoch 12/50 | Train Loss: 2.1858 | Train C-index: 0.8571 | Val Loss: 4.8452 | Val C-index: 0.7147
Epoch 13/50 | Train Loss: 2.1413 | Train C-index: 0.8695 | Val Loss: 4.7516 | Val C-index: 0.7055
Epoch 14/50 | Train Loss: 2.1190 | Train C-index: 0.8765 | Val Loss: 4.8783 | Val C-index: 0.6964
Epoch 15/50 | Train Loss: 2.0869 | Train C-index: 0.8761 | Val Loss: 4.9280 | Val C-index: 0.6950
Early stopping at epoch 15
Fold 4 final C-index: 0.7311

Extra survival metrics:
cutoff_from_train_median: -0.337377
n_test: 168
n_high_risk: 72
n_low_risk: 96
n_event_test: 65
logrank_stat: 26.447926
logrank_p: 0.000000
auc_36m: 0.800829
auc_60m: 0.776808
mean_auc: 0.794609
HR_high_vs_low: 3.495496
HR_95CI_lower: 2.105534
HR_95CI_upper: 5.803037
cox_p: 0.000001

==================================================
5-Fold CV Summary
==================================================
  C-index: 0.7370 +/- 0.0159
