nohup: ignoring input
Using Device: cuda
Model: meanpool-cox
Checkpoints: experiments/final_core_meanpool_v20/seed123/pa_meanpool_cox_ep100_p10/checkpoints
Results:     experiments/final_core_meanpool_v20/seed123/pa_meanpool_cox_ep100_p10/results
Loaded 843 samples

==================================================
Fold 1/5
==================================================
Epoch 1/100 | Train Loss: 4.4638 | Train C-index: 0.4465 | Val Loss: 4.8431 | Val C-index: 0.4169
Epoch 2/100 | Train Loss: 4.4628 | Train C-index: 0.5008 | Val Loss: 4.8152 | Val C-index: 0.4710
Epoch 3/100 | Train Loss: 4.4151 | Train C-index: 0.5548 | Val Loss: 4.7896 | Val C-index: 0.5264
Epoch 4/100 | Train Loss: 4.3990 | Train C-index: 0.6014 | Val Loss: 4.7663 | Val C-index: 0.5729
Epoch 5/100 | Train Loss: 4.3548 | Train C-index: 0.6366 | Val Loss: 4.7444 | Val C-index: 0.6103
Epoch 6/100 | Train Loss: 4.3553 | Train C-index: 0.6619 | Val Loss: 4.7251 | Val C-index: 0.6341
Epoch 7/100 | Train Loss: 4.3120 | Train C-index: 0.6787 | Val Loss: 4.7077 | Val C-index: 0.6493
Epoch 8/100 | Train Loss: 4.2798 | Train C-index: 0.6903 | Val Loss: 4.6919 | Val C-index: 0.6592
Epoch 9/100 | Train Loss: 4.2669 | Train C-index: 0.6985 | Val Loss: 4.6784 | Val C-index: 0.6642
Epoch 10/100 | Train Loss: 4.2779 | Train C-index: 0.7041 | Val Loss: 4.6667 | Val C-index: 0.6694
Epoch 11/100 | Train Loss: 4.2526 | Train C-index: 0.7079 | Val Loss: 4.6563 | Val C-index: 0.6722
Epoch 12/100 | Train Loss: 4.2284 | Train C-index: 0.7115 | Val Loss: 4.6470 | Val C-index: 0.6764
Epoch 13/100 | Train Loss: 4.2043 | Train C-index: 0.7135 | Val Loss: 4.6391 | Val C-index: 0.6798
Epoch 14/100 | Train Loss: 4.2296 | Train C-index: 0.7158 | Val Loss: 4.6320 | Val C-index: 0.6837
Epoch 15/100 | Train Loss: 4.1995 | Train C-index: 0.7179 | Val Loss: 4.6255 | Val C-index: 0.6851
Epoch 16/100 | Train Loss: 4.1850 | Train C-index: 0.7198 | Val Loss: 4.6199 | Val C-index: 0.6869
Epoch 17/100 | Train Loss: 4.1836 | Train C-index: 0.7216 | Val Loss: 4.6145 | Val C-index: 0.6889
Epoch 18/100 | Train Loss: 4.1847 | Train C-index: 0.7231 | Val Loss: 4.6098 | Val C-index: 0.6909
Epoch 19/100 | Train Loss: 4.1907 | Train C-index: 0.7243 | Val Loss: 4.6063 | Val C-index: 0.6908
Epoch 20/100 | Train Loss: 4.1721 | Train C-index: 0.7254 | Val Loss: 4.6023 | Val C-index: 0.6919
Epoch 21/100 | Train Loss: 4.1705 | Train C-index: 0.7264 | Val Loss: 4.5990 | Val C-index: 0.6930
Epoch 22/100 | Train Loss: 4.1613 | Train C-index: 0.7275 | Val Loss: 4.5963 | Val C-index: 0.6948
Epoch 23/100 | Train Loss: 4.1491 | Train C-index: 0.7284 | Val Loss: 4.5932 | Val C-index: 0.6958
Epoch 24/100 | Train Loss: 4.1393 | Train C-index: 0.7294 | Val Loss: 4.5898 | Val C-index: 0.6972
Epoch 25/100 | Train Loss: 4.1416 | Train C-index: 0.7304 | Val Loss: 4.5865 | Val C-index: 0.6988
Epoch 26/100 | Train Loss: 4.1445 | Train C-index: 0.7313 | Val Loss: 4.5836 | Val C-index: 0.6997
Epoch 27/100 | Train Loss: 4.1274 | Train C-index: 0.7321 | Val Loss: 4.5811 | Val C-index: 0.7001
Epoch 28/100 | Train Loss: 4.1155 | Train C-index: 0.7326 | Val Loss: 4.5792 | Val C-index: 0.7002
Epoch 29/100 | Train Loss: 4.1383 | Train C-index: 0.7337 | Val Loss: 4.5777 | Val C-index: 0.7005
Epoch 30/100 | Train Loss: 4.1036 | Train C-index: 0.7345 | Val Loss: 4.5758 | Val C-index: 0.7005
Epoch 31/100 | Train Loss: 4.1391 | Train C-index: 0.7351 | Val Loss: 4.5736 | Val C-index: 0.7022
Epoch 32/100 | Train Loss: 4.1087 | Train C-index: 0.7357 | Val Loss: 4.5715 | Val C-index: 0.7025
Epoch 33/100 | Train Loss: 4.1102 | Train C-index: 0.7364 | Val Loss: 4.5696 | Val C-index: 0.7031
Epoch 34/100 | Train Loss: 4.1361 | Train C-index: 0.7372 | Val Loss: 4.5676 | Val C-index: 0.7033
Epoch 35/100 | Train Loss: 4.0939 | Train C-index: 0.7379 | Val Loss: 4.5655 | Val C-index: 0.7047
Epoch 36/100 | Train Loss: 4.0731 | Train C-index: 0.7385 | Val Loss: 4.5636 | Val C-index: 0.7060
Epoch 37/100 | Train Loss: 4.0957 | Train C-index: 0.7393 | Val Loss: 4.5617 | Val C-index: 0.7071
Epoch 38/100 | Train Loss: 4.0941 | Train C-index: 0.7400 | Val Loss: 4.5595 | Val C-index: 0.7077
Epoch 39/100 | Train Loss: 4.1138 | Train C-index: 0.7408 | Val Loss: 4.5579 | Val C-index: 0.7075
Epoch 40/100 | Train Loss: 4.0780 | Train C-index: 0.7414 | Val Loss: 4.5565 | Val C-index: 0.7080
Epoch 41/100 | Train Loss: 4.0726 | Train C-index: 0.7423 | Val Loss: 4.5551 | Val C-index: 0.7084
Epoch 42/100 | Train Loss: 4.0992 | Train C-index: 0.7431 | Val Loss: 4.5535 | Val C-index: 0.7090
Epoch 43/100 | Train Loss: 4.0840 | Train C-index: 0.7437 | Val Loss: 4.5519 | Val C-index: 0.7098
Epoch 44/100 | Train Loss: 4.1012 | Train C-index: 0.7443 | Val Loss: 4.5504 | Val C-index: 0.7110
Epoch 45/100 | Train Loss: 4.0638 | Train C-index: 0.7449 | Val Loss: 4.5490 | Val C-index: 0.7110
Epoch 46/100 | Train Loss: 4.0717 | Train C-index: 0.7455 | Val Loss: 4.5478 | Val C-index: 0.7119
Epoch 47/100 | Train Loss: 4.0824 | Train C-index: 0.7460 | Val Loss: 4.5469 | Val C-index: 0.7114
Epoch 48/100 | Train Loss: 4.0555 | Train C-index: 0.7469 | Val Loss: 4.5467 | Val C-index: 0.7116
Epoch 49/100 | Train Loss: 4.0822 | Train C-index: 0.7475 | Val Loss: 4.5458 | Val C-index: 0.7121
Epoch 50/100 | Train Loss: 4.0522 | Train C-index: 0.7479 | Val Loss: 4.5451 | Val C-index: 0.7128
Epoch 51/100 | Train Loss: 4.0533 | Train C-index: 0.7484 | Val Loss: 4.5441 | Val C-index: 0.7129
Epoch 52/100 | Train Loss: 4.0446 | Train C-index: 0.7487 | Val Loss: 4.5437 | Val C-index: 0.7132
Epoch 53/100 | Train Loss: 4.0371 | Train C-index: 0.7493 | Val Loss: 4.5432 | Val C-index: 0.7132
Epoch 54/100 | Train Loss: 4.0603 | Train C-index: 0.7497 | Val Loss: 4.5425 | Val C-index: 0.7140
Epoch 55/100 | Train Loss: 4.0403 | Train C-index: 0.7504 | Val Loss: 4.5418 | Val C-index: 0.7140
Epoch 56/100 | Train Loss: 4.0517 | Train C-index: 0.7509 | Val Loss: 4.5410 | Val C-index: 0.7142
Epoch 57/100 | Train Loss: 4.0539 | Train C-index: 0.7514 | Val Loss: 4.5396 | Val C-index: 0.7144
Epoch 58/100 | Train Loss: 4.0400 | Train C-index: 0.7519 | Val Loss: 4.5389 | Val C-index: 0.7148
Epoch 59/100 | Train Loss: 4.0570 | Train C-index: 0.7523 | Val Loss: 4.5382 | Val C-index: 0.7144
Epoch 60/100 | Train Loss: 4.0410 | Train C-index: 0.7529 | Val Loss: 4.5378 | Val C-index: 0.7143
Epoch 61/100 | Train Loss: 4.0329 | Train C-index: 0.7534 | Val Loss: 4.5373 | Val C-index: 0.7142
Epoch 62/100 | Train Loss: 4.0536 | Train C-index: 0.7538 | Val Loss: 4.5361 | Val C-index: 0.7143
Epoch 63/100 | Train Loss: 4.0244 | Train C-index: 0.7544 | Val Loss: 4.5354 | Val C-index: 0.7139
Epoch 64/100 | Train Loss: 4.0422 | Train C-index: 0.7550 | Val Loss: 4.5346 | Val C-index: 0.7144
Epoch 65/100 | Train Loss: 4.0243 | Train C-index: 0.7552 | Val Loss: 4.5329 | Val C-index: 0.7153
Epoch 66/100 | Train Loss: 4.0357 | Train C-index: 0.7555 | Val Loss: 4.5320 | Val C-index: 0.7159
Epoch 67/100 | Train Loss: 4.0345 | Train C-index: 0.7561 | Val Loss: 4.5315 | Val C-index: 0.7162
Epoch 68/100 | Train Loss: 4.0052 | Train C-index: 0.7565 | Val Loss: 4.5303 | Val C-index: 0.7165
Epoch 69/100 | Train Loss: 4.0115 | Train C-index: 0.7568 | Val Loss: 4.5295 | Val C-index: 0.7167
Epoch 70/100 | Train Loss: 4.0254 | Train C-index: 0.7571 | Val Loss: 4.5286 | Val C-index: 0.7172
Epoch 71/100 | Train Loss: 4.0351 | Train C-index: 0.7574 | Val Loss: 4.5278 | Val C-index: 0.7174
Epoch 72/100 | Train Loss: 3.9974 | Train C-index: 0.7579 | Val Loss: 4.5272 | Val C-index: 0.7172
Epoch 73/100 | Train Loss: 4.0292 | Train C-index: 0.7583 | Val Loss: 4.5267 | Val C-index: 0.7172
Epoch 74/100 | Train Loss: 4.0374 | Train C-index: 0.7588 | Val Loss: 4.5258 | Val C-index: 0.7173
Epoch 75/100 | Train Loss: 4.0050 | Train C-index: 0.7593 | Val Loss: 4.5250 | Val C-index: 0.7173
Epoch 76/100 | Train Loss: 3.9995 | Train C-index: 0.7599 | Val Loss: 4.5246 | Val C-index: 0.7176
Epoch 77/100 | Train Loss: 3.9864 | Train C-index: 0.7602 | Val Loss: 4.5243 | Val C-index: 0.7181
Epoch 78/100 | Train Loss: 4.0190 | Train C-index: 0.7607 | Val Loss: 4.5236 | Val C-index: 0.7183
Epoch 79/100 | Train Loss: 4.0043 | Train C-index: 0.7612 | Val Loss: 4.5230 | Val C-index: 0.7189
Epoch 80/100 | Train Loss: 4.0017 | Train C-index: 0.7617 | Val Loss: 4.5226 | Val C-index: 0.7188
Epoch 81/100 | Train Loss: 4.0069 | Train C-index: 0.7621 | Val Loss: 4.5217 | Val C-index: 0.7192
Epoch 82/100 | Train Loss: 4.0219 | Train C-index: 0.7625 | Val Loss: 4.5214 | Val C-index: 0.7193
Epoch 83/100 | Train Loss: 4.0024 | Train C-index: 0.7629 | Val Loss: 4.5209 | Val C-index: 0.7191
Epoch 84/100 | Train Loss: 4.0152 | Train C-index: 0.7632 | Val Loss: 4.5202 | Val C-index: 0.7193
Epoch 85/100 | Train Loss: 3.9744 | Train C-index: 0.7634 | Val Loss: 4.5203 | Val C-index: 0.7194
Epoch 86/100 | Train Loss: 3.9897 | Train C-index: 0.7638 | Val Loss: 4.5202 | Val C-index: 0.7186
Epoch 87/100 | Train Loss: 3.9859 | Train C-index: 0.7640 | Val Loss: 4.5202 | Val C-index: 0.7188
Epoch 88/100 | Train Loss: 3.9900 | Train C-index: 0.7644 | Val Loss: 4.5203 | Val C-index: 0.7187
Epoch 89/100 | Train Loss: 3.9826 | Train C-index: 0.7647 | Val Loss: 4.5197 | Val C-index: 0.7188
Epoch 90/100 | Train Loss: 3.9986 | Train C-index: 0.7651 | Val Loss: 4.5191 | Val C-index: 0.7191
Epoch 91/100 | Train Loss: 3.9820 | Train C-index: 0.7654 | Val Loss: 4.5188 | Val C-index: 0.7187
Epoch 92/100 | Train Loss: 3.9968 | Train C-index: 0.7658 | Val Loss: 4.5182 | Val C-index: 0.7187
Epoch 93/100 | Train Loss: 3.9711 | Train C-index: 0.7661 | Val Loss: 4.5174 | Val C-index: 0.7193
Epoch 94/100 | Train Loss: 3.9910 | Train C-index: 0.7665 | Val Loss: 4.5171 | Val C-index: 0.7198
Epoch 95/100 | Train Loss: 3.9795 | Train C-index: 0.7668 | Val Loss: 4.5174 | Val C-index: 0.7197
Epoch 96/100 | Train Loss: 3.9947 | Train C-index: 0.7672 | Val Loss: 4.5171 | Val C-index: 0.7199
Epoch 97/100 | Train Loss: 3.9481 | Train C-index: 0.7673 | Val Loss: 4.5163 | Val C-index: 0.7203
Epoch 98/100 | Train Loss: 3.9933 | Train C-index: 0.7673 | Val Loss: 4.5162 | Val C-index: 0.7207
Epoch 99/100 | Train Loss: 3.9762 | Train C-index: 0.7675 | Val Loss: 4.5158 | Val C-index: 0.7210
Epoch 100/100 | Train Loss: 3.9710 | Train C-index: 0.7677 | Val Loss: 4.5161 | Val C-index: 0.7207
Fold 0 final C-index: 0.7210

Extra survival metrics:
cutoff_from_train_median: -0.905245
n_test: 169
n_high_risk: 87
n_low_risk: 82
n_event_test: 65
logrank_stat: 28.010800
logrank_p: 0.000000
auc_36m: 0.760193
auc_60m: 0.716523
mean_auc: 0.749079
HR_high_vs_low: 4.100251
HR_95CI_lower: 2.328078
HR_95CI_upper: 7.221432
cox_p: 0.000001

==================================================
Fold 2/5
==================================================
Epoch 1/100 | Train Loss: 4.5559 | Train C-index: 0.4214 | Val Loss: 4.7835 | Val C-index: 0.3939
Epoch 2/100 | Train Loss: 4.5089 | Train C-index: 0.4587 | Val Loss: 4.7480 | Val C-index: 0.4229
Epoch 3/100 | Train Loss: 4.4692 | Train C-index: 0.5021 | Val Loss: 4.7156 | Val C-index: 0.4534
Epoch 4/100 | Train Loss: 4.4416 | Train C-index: 0.5458 | Val Loss: 4.6855 | Val C-index: 0.4910
Epoch 5/100 | Train Loss: 4.4346 | Train C-index: 0.5856 | Val Loss: 4.6578 | Val C-index: 0.5410
Epoch 6/100 | Train Loss: 4.4070 | Train C-index: 0.6187 | Val Loss: 4.6328 | Val C-index: 0.5768
Epoch 7/100 | Train Loss: 4.3590 | Train C-index: 0.6452 | Val Loss: 4.6107 | Val C-index: 0.6121
Epoch 8/100 | Train Loss: 4.3486 | Train C-index: 0.6665 | Val Loss: 4.5912 | Val C-index: 0.6366
Epoch 9/100 | Train Loss: 4.3289 | Train C-index: 0.6821 | Val Loss: 4.5733 | Val C-index: 0.6504
Epoch 10/100 | Train Loss: 4.3058 | Train C-index: 0.6922 | Val Loss: 4.5584 | Val C-index: 0.6618
Epoch 11/100 | Train Loss: 4.2823 | Train C-index: 0.7000 | Val Loss: 4.5451 | Val C-index: 0.6651
Epoch 12/100 | Train Loss: 4.2754 | Train C-index: 0.7059 | Val Loss: 4.5337 | Val C-index: 0.6697
Epoch 13/100 | Train Loss: 4.2581 | Train C-index: 0.7106 | Val Loss: 4.5236 | Val C-index: 0.6752
Epoch 14/100 | Train Loss: 4.2717 | Train C-index: 0.7140 | Val Loss: 4.5151 | Val C-index: 0.6770
Epoch 15/100 | Train Loss: 4.2380 | Train C-index: 0.7169 | Val Loss: 4.5081 | Val C-index: 0.6792
Epoch 16/100 | Train Loss: 4.2273 | Train C-index: 0.7197 | Val Loss: 4.5021 | Val C-index: 0.6800
Epoch 17/100 | Train Loss: 4.2462 | Train C-index: 0.7222 | Val Loss: 4.4969 | Val C-index: 0.6818
Epoch 18/100 | Train Loss: 4.2054 | Train C-index: 0.7241 | Val Loss: 4.4930 | Val C-index: 0.6814
Epoch 19/100 | Train Loss: 4.1940 | Train C-index: 0.7257 | Val Loss: 4.4894 | Val C-index: 0.6818
Epoch 20/100 | Train Loss: 4.1957 | Train C-index: 0.7275 | Val Loss: 4.4861 | Val C-index: 0.6820
Epoch 21/100 | Train Loss: 4.1987 | Train C-index: 0.7288 | Val Loss: 4.4836 | Val C-index: 0.6814
Epoch 22/100 | Train Loss: 4.2092 | Train C-index: 0.7298 | Val Loss: 4.4818 | Val C-index: 0.6814
Epoch 23/100 | Train Loss: 4.1829 | Train C-index: 0.7311 | Val Loss: 4.4808 | Val C-index: 0.6821
Epoch 24/100 | Train Loss: 4.1688 | Train C-index: 0.7321 | Val Loss: 4.4803 | Val C-index: 0.6803
Epoch 25/100 | Train Loss: 4.1785 | Train C-index: 0.7334 | Val Loss: 4.4797 | Val C-index: 0.6797
Epoch 26/100 | Train Loss: 4.1750 | Train C-index: 0.7344 | Val Loss: 4.4793 | Val C-index: 0.6805
Epoch 27/100 | Train Loss: 4.1716 | Train C-index: 0.7351 | Val Loss: 4.4791 | Val C-index: 0.6796
Epoch 28/100 | Train Loss: 4.1470 | Train C-index: 0.7361 | Val Loss: 4.4792 | Val C-index: 0.6801
Epoch 29/100 | Train Loss: 4.1611 | Train C-index: 0.7373 | Val Loss: 4.4797 | Val C-index: 0.6803
Epoch 30/100 | Train Loss: 4.1624 | Train C-index: 0.7382 | Val Loss: 4.4794 | Val C-index: 0.6809
Epoch 31/100 | Train Loss: 4.1543 | Train C-index: 0.7393 | Val Loss: 4.4796 | Val C-index: 0.6812
Epoch 32/100 | Train Loss: 4.1332 | Train C-index: 0.7398 | Val Loss: 4.4797 | Val C-index: 0.6816
Epoch 33/100 | Train Loss: 4.1258 | Train C-index: 0.7407 | Val Loss: 4.4798 | Val C-index: 0.6820
Early stopping at epoch 33
Fold 1 final C-index: 0.6821

Extra survival metrics:
cutoff_from_train_median: -0.449521
n_test: 169
n_high_risk: 79
n_low_risk: 90
n_event_test: 65
logrank_stat: 13.653888
logrank_p: 0.000220
auc_36m: 0.700082
auc_60m: 0.700333
mean_auc: 0.700161
HR_high_vs_low: 2.579621
HR_95CI_lower: 1.529151
HR_95CI_upper: 4.351724
cox_p: 0.000383

==================================================
Fold 3/5
==================================================
Epoch 1/100 | Train Loss: 4.3810 | Train C-index: 0.6109 | Val Loss: 4.6587 | Val C-index: 0.6708
Epoch 2/100 | Train Loss: 4.3348 | Train C-index: 0.6358 | Val Loss: 4.6344 | Val C-index: 0.6950
Epoch 3/100 | Train Loss: 4.3097 | Train C-index: 0.6550 | Val Loss: 4.6118 | Val C-index: 0.7110
Epoch 4/100 | Train Loss: 4.3061 | Train C-index: 0.6691 | Val Loss: 4.5914 | Val C-index: 0.7217
Epoch 5/100 | Train Loss: 4.2789 | Train C-index: 0.6791 | Val Loss: 4.5741 | Val C-index: 0.7279
Epoch 6/100 | Train Loss: 4.2461 | Train C-index: 0.6866 | Val Loss: 4.5582 | Val C-index: 0.7321
Epoch 7/100 | Train Loss: 4.2540 | Train C-index: 0.6926 | Val Loss: 4.5434 | Val C-index: 0.7329
Epoch 8/100 | Train Loss: 4.2366 | Train C-index: 0.6974 | Val Loss: 4.5313 | Val C-index: 0.7334
Epoch 9/100 | Train Loss: 4.2246 | Train C-index: 0.7009 | Val Loss: 4.5206 | Val C-index: 0.7341
Epoch 10/100 | Train Loss: 4.2047 | Train C-index: 0.7045 | Val Loss: 4.5114 | Val C-index: 0.7350
Epoch 11/100 | Train Loss: 4.2150 | Train C-index: 0.7072 | Val Loss: 4.5032 | Val C-index: 0.7370
Epoch 12/100 | Train Loss: 4.1918 | Train C-index: 0.7094 | Val Loss: 4.4960 | Val C-index: 0.7364
Epoch 13/100 | Train Loss: 4.1823 | Train C-index: 0.7117 | Val Loss: 4.4904 | Val C-index: 0.7373
Epoch 14/100 | Train Loss: 4.1770 | Train C-index: 0.7140 | Val Loss: 4.4851 | Val C-index: 0.7373
Epoch 15/100 | Train Loss: 4.1571 | Train C-index: 0.7158 | Val Loss: 4.4806 | Val C-index: 0.7373
Epoch 16/100 | Train Loss: 4.1645 | Train C-index: 0.7175 | Val Loss: 4.4766 | Val C-index: 0.7379
Epoch 17/100 | Train Loss: 4.1508 | Train C-index: 0.7192 | Val Loss: 4.4725 | Val C-index: 0.7397
Epoch 18/100 | Train Loss: 4.1397 | Train C-index: 0.7207 | Val Loss: 4.4691 | Val C-index: 0.7391
Epoch 19/100 | Train Loss: 4.1509 | Train C-index: 0.7216 | Val Loss: 4.4660 | Val C-index: 0.7397
Epoch 20/100 | Train Loss: 4.1559 | Train C-index: 0.7228 | Val Loss: 4.4636 | Val C-index: 0.7410
Epoch 21/100 | Train Loss: 4.1410 | Train C-index: 0.7241 | Val Loss: 4.4621 | Val C-index: 0.7418
Epoch 22/100 | Train Loss: 4.1271 | Train C-index: 0.7253 | Val Loss: 4.4601 | Val C-index: 0.7423
Epoch 23/100 | Train Loss: 4.1397 | Train C-index: 0.7262 | Val Loss: 4.4582 | Val C-index: 0.7428
Epoch 24/100 | Train Loss: 4.1367 | Train C-index: 0.7274 | Val Loss: 4.4565 | Val C-index: 0.7433
Epoch 25/100 | Train Loss: 4.1362 | Train C-index: 0.7285 | Val Loss: 4.4553 | Val C-index: 0.7435
Epoch 26/100 | Train Loss: 4.1464 | Train C-index: 0.7295 | Val Loss: 4.4540 | Val C-index: 0.7433
Epoch 27/100 | Train Loss: 4.1213 | Train C-index: 0.7306 | Val Loss: 4.4527 | Val C-index: 0.7438
Epoch 28/100 | Train Loss: 4.1245 | Train C-index: 0.7315 | Val Loss: 4.4516 | Val C-index: 0.7450
Epoch 29/100 | Train Loss: 4.1197 | Train C-index: 0.7327 | Val Loss: 4.4512 | Val C-index: 0.7458
Epoch 30/100 | Train Loss: 4.1178 | Train C-index: 0.7336 | Val Loss: 4.4503 | Val C-index: 0.7469
Epoch 31/100 | Train Loss: 4.1016 | Train C-index: 0.7344 | Val Loss: 4.4500 | Val C-index: 0.7458
Epoch 32/100 | Train Loss: 4.1084 | Train C-index: 0.7353 | Val Loss: 4.4492 | Val C-index: 0.7471
Epoch 33/100 | Train Loss: 4.1137 | Train C-index: 0.7364 | Val Loss: 4.4484 | Val C-index: 0.7467
Epoch 34/100 | Train Loss: 4.1022 | Train C-index: 0.7372 | Val Loss: 4.4479 | Val C-index: 0.7472
Epoch 35/100 | Train Loss: 4.0784 | Train C-index: 0.7381 | Val Loss: 4.4473 | Val C-index: 0.7476
Epoch 36/100 | Train Loss: 4.1064 | Train C-index: 0.7388 | Val Loss: 4.4466 | Val C-index: 0.7475
Epoch 37/100 | Train Loss: 4.0843 | Train C-index: 0.7396 | Val Loss: 4.4461 | Val C-index: 0.7470
Epoch 38/100 | Train Loss: 4.0867 | Train C-index: 0.7405 | Val Loss: 4.4456 | Val C-index: 0.7478
Epoch 39/100 | Train Loss: 4.0928 | Train C-index: 0.7409 | Val Loss: 4.4446 | Val C-index: 0.7476
Epoch 40/100 | Train Loss: 4.0746 | Train C-index: 0.7416 | Val Loss: 4.4435 | Val C-index: 0.7474
Epoch 41/100 | Train Loss: 4.0842 | Train C-index: 0.7420 | Val Loss: 4.4422 | Val C-index: 0.7477
Epoch 42/100 | Train Loss: 4.0673 | Train C-index: 0.7428 | Val Loss: 4.4414 | Val C-index: 0.7487
Epoch 43/100 | Train Loss: 4.0659 | Train C-index: 0.7437 | Val Loss: 4.4408 | Val C-index: 0.7481
Epoch 44/100 | Train Loss: 4.0818 | Train C-index: 0.7445 | Val Loss: 4.4404 | Val C-index: 0.7480
Epoch 45/100 | Train Loss: 4.0697 | Train C-index: 0.7451 | Val Loss: 4.4399 | Val C-index: 0.7475
Epoch 46/100 | Train Loss: 4.0609 | Train C-index: 0.7457 | Val Loss: 4.4390 | Val C-index: 0.7477
Epoch 47/100 | Train Loss: 4.0392 | Train C-index: 0.7463 | Val Loss: 4.4384 | Val C-index: 0.7486
Epoch 48/100 | Train Loss: 4.0534 | Train C-index: 0.7469 | Val Loss: 4.4372 | Val C-index: 0.7482
Epoch 49/100 | Train Loss: 4.0752 | Train C-index: 0.7475 | Val Loss: 4.4370 | Val C-index: 0.7480
Epoch 50/100 | Train Loss: 4.0554 | Train C-index: 0.7481 | Val Loss: 4.4361 | Val C-index: 0.7481
Epoch 51/100 | Train Loss: 4.0608 | Train C-index: 0.7487 | Val Loss: 4.4345 | Val C-index: 0.7483
Epoch 52/100 | Train Loss: 4.0672 | Train C-index: 0.7495 | Val Loss: 4.4334 | Val C-index: 0.7491
Epoch 53/100 | Train Loss: 4.0527 | Train C-index: 0.7501 | Val Loss: 4.4322 | Val C-index: 0.7485
Epoch 54/100 | Train Loss: 4.0518 | Train C-index: 0.7510 | Val Loss: 4.4310 | Val C-index: 0.7488
Epoch 55/100 | Train Loss: 4.0395 | Train C-index: 0.7517 | Val Loss: 4.4303 | Val C-index: 0.7493
Epoch 56/100 | Train Loss: 4.0406 | Train C-index: 0.7522 | Val Loss: 4.4295 | Val C-index: 0.7493
Epoch 57/100 | Train Loss: 4.0514 | Train C-index: 0.7529 | Val Loss: 4.4288 | Val C-index: 0.7497
Epoch 58/100 | Train Loss: 4.0335 | Train C-index: 0.7535 | Val Loss: 4.4284 | Val C-index: 0.7496
Epoch 59/100 | Train Loss: 4.0589 | Train C-index: 0.7541 | Val Loss: 4.4286 | Val C-index: 0.7493
Epoch 60/100 | Train Loss: 4.0409 | Train C-index: 0.7546 | Val Loss: 4.4288 | Val C-index: 0.7494
Epoch 61/100 | Train Loss: 4.0513 | Train C-index: 0.7553 | Val Loss: 4.4289 | Val C-index: 0.7494
Epoch 62/100 | Train Loss: 4.0283 | Train C-index: 0.7559 | Val Loss: 4.4288 | Val C-index: 0.7490
Epoch 63/100 | Train Loss: 4.0342 | Train C-index: 0.7563 | Val Loss: 4.4288 | Val C-index: 0.7491
Epoch 64/100 | Train Loss: 4.0100 | Train C-index: 0.7571 | Val Loss: 4.4287 | Val C-index: 0.7494
Epoch 65/100 | Train Loss: 4.0466 | Train C-index: 0.7578 | Val Loss: 4.4292 | Val C-index: 0.7494
Epoch 66/100 | Train Loss: 4.0460 | Train C-index: 0.7582 | Val Loss: 4.4296 | Val C-index: 0.7494
Epoch 67/100 | Train Loss: 4.0250 | Train C-index: 0.7588 | Val Loss: 4.4299 | Val C-index: 0.7494
Early stopping at epoch 67
Fold 2 final C-index: 0.7497

Extra survival metrics:
cutoff_from_train_median: -0.790115
n_test: 169
n_high_risk: 86
n_low_risk: 83
n_event_test: 65
logrank_stat: 30.896457
logrank_p: 0.000000
auc_36m: 0.790646
auc_60m: 0.763053
mean_auc: 0.783439
HR_high_vs_low: 4.496544
HR_95CI_lower: 2.518543
HR_95CI_upper: 8.028016
cox_p: 0.000000

==================================================
Fold 4/5
==================================================
Epoch 1/100 | Train Loss: 4.4503 | Train C-index: 0.5401 | Val Loss: 4.6844 | Val C-index: 0.5089
Epoch 2/100 | Train Loss: 4.3995 | Train C-index: 0.5783 | Val Loss: 4.6592 | Val C-index: 0.5460
Epoch 3/100 | Train Loss: 4.3915 | Train C-index: 0.6094 | Val Loss: 4.6363 | Val C-index: 0.5779
Epoch 4/100 | Train Loss: 4.3604 | Train C-index: 0.6348 | Val Loss: 4.6156 | Val C-index: 0.6058
Epoch 5/100 | Train Loss: 4.3417 | Train C-index: 0.6541 | Val Loss: 4.5963 | Val C-index: 0.6282
Epoch 6/100 | Train Loss: 4.3315 | Train C-index: 0.6685 | Val Loss: 4.5789 | Val C-index: 0.6447
Epoch 7/100 | Train Loss: 4.2798 | Train C-index: 0.6792 | Val Loss: 4.5638 | Val C-index: 0.6591
Epoch 8/100 | Train Loss: 4.2721 | Train C-index: 0.6883 | Val Loss: 4.5504 | Val C-index: 0.6680
Epoch 9/100 | Train Loss: 4.2560 | Train C-index: 0.6952 | Val Loss: 4.5387 | Val C-index: 0.6741
Epoch 10/100 | Train Loss: 4.2676 | Train C-index: 0.7006 | Val Loss: 4.5287 | Val C-index: 0.6819
Epoch 11/100 | Train Loss: 4.2276 | Train C-index: 0.7049 | Val Loss: 4.5201 | Val C-index: 0.6866
Epoch 12/100 | Train Loss: 4.2174 | Train C-index: 0.7087 | Val Loss: 4.5129 | Val C-index: 0.6902
Epoch 13/100 | Train Loss: 4.2097 | Train C-index: 0.7111 | Val Loss: 4.5064 | Val C-index: 0.6941
Epoch 14/100 | Train Loss: 4.1996 | Train C-index: 0.7138 | Val Loss: 4.5011 | Val C-index: 0.6959
Epoch 15/100 | Train Loss: 4.1950 | Train C-index: 0.7159 | Val Loss: 4.4960 | Val C-index: 0.6989
Epoch 16/100 | Train Loss: 4.1770 | Train C-index: 0.7179 | Val Loss: 4.4919 | Val C-index: 0.7001
Epoch 17/100 | Train Loss: 4.1747 | Train C-index: 0.7200 | Val Loss: 4.4883 | Val C-index: 0.7015
Epoch 18/100 | Train Loss: 4.1594 | Train C-index: 0.7217 | Val Loss: 4.4852 | Val C-index: 0.7020
Epoch 19/100 | Train Loss: 4.1441 | Train C-index: 0.7230 | Val Loss: 4.4822 | Val C-index: 0.7025
Epoch 20/100 | Train Loss: 4.1262 | Train C-index: 0.7243 | Val Loss: 4.4795 | Val C-index: 0.7029
Epoch 21/100 | Train Loss: 4.1369 | Train C-index: 0.7257 | Val Loss: 4.4778 | Val C-index: 0.7038
Epoch 22/100 | Train Loss: 4.1448 | Train C-index: 0.7269 | Val Loss: 4.4767 | Val C-index: 0.7055
Epoch 23/100 | Train Loss: 4.1559 | Train C-index: 0.7279 | Val Loss: 4.4758 | Val C-index: 0.7058
Epoch 24/100 | Train Loss: 4.1455 | Train C-index: 0.7291 | Val Loss: 4.4751 | Val C-index: 0.7067
Epoch 25/100 | Train Loss: 4.1281 | Train C-index: 0.7300 | Val Loss: 4.4744 | Val C-index: 0.7067
Epoch 26/100 | Train Loss: 4.1075 | Train C-index: 0.7314 | Val Loss: 4.4737 | Val C-index: 0.7068
Epoch 27/100 | Train Loss: 4.1244 | Train C-index: 0.7323 | Val Loss: 4.4732 | Val C-index: 0.7072
Epoch 28/100 | Train Loss: 4.1048 | Train C-index: 0.7332 | Val Loss: 4.4731 | Val C-index: 0.7071
Epoch 29/100 | Train Loss: 4.1399 | Train C-index: 0.7342 | Val Loss: 4.4723 | Val C-index: 0.7079
Epoch 30/100 | Train Loss: 4.1226 | Train C-index: 0.7352 | Val Loss: 4.4719 | Val C-index: 0.7081
Epoch 31/100 | Train Loss: 4.1128 | Train C-index: 0.7358 | Val Loss: 4.4716 | Val C-index: 0.7080
Epoch 32/100 | Train Loss: 4.0969 | Train C-index: 0.7368 | Val Loss: 4.4712 | Val C-index: 0.7080
Epoch 33/100 | Train Loss: 4.1076 | Train C-index: 0.7378 | Val Loss: 4.4710 | Val C-index: 0.7094
Epoch 34/100 | Train Loss: 4.1169 | Train C-index: 0.7385 | Val Loss: 4.4712 | Val C-index: 0.7095
Epoch 35/100 | Train Loss: 4.0967 | Train C-index: 0.7391 | Val Loss: 4.4711 | Val C-index: 0.7098
Epoch 36/100 | Train Loss: 4.0882 | Train C-index: 0.7399 | Val Loss: 4.4713 | Val C-index: 0.7103
Epoch 37/100 | Train Loss: 4.0893 | Train C-index: 0.7407 | Val Loss: 4.4715 | Val C-index: 0.7102
Epoch 38/100 | Train Loss: 4.0819 | Train C-index: 0.7413 | Val Loss: 4.4716 | Val C-index: 0.7103
Epoch 39/100 | Train Loss: 4.0984 | Train C-index: 0.7422 | Val Loss: 4.4717 | Val C-index: 0.7112
Epoch 40/100 | Train Loss: 4.0665 | Train C-index: 0.7430 | Val Loss: 4.4717 | Val C-index: 0.7114
Epoch 41/100 | Train Loss: 4.0696 | Train C-index: 0.7438 | Val Loss: 4.4714 | Val C-index: 0.7115
Epoch 42/100 | Train Loss: 4.0774 | Train C-index: 0.7446 | Val Loss: 4.4709 | Val C-index: 0.7121
Epoch 43/100 | Train Loss: 4.0722 | Train C-index: 0.7454 | Val Loss: 4.4707 | Val C-index: 0.7123
Epoch 44/100 | Train Loss: 4.0542 | Train C-index: 0.7462 | Val Loss: 4.4703 | Val C-index: 0.7129
Epoch 45/100 | Train Loss: 4.0835 | Train C-index: 0.7470 | Val Loss: 4.4707 | Val C-index: 0.7130
Epoch 46/100 | Train Loss: 4.0545 | Train C-index: 0.7475 | Val Loss: 4.4707 | Val C-index: 0.7130
Epoch 47/100 | Train Loss: 4.0640 | Train C-index: 0.7483 | Val Loss: 4.4707 | Val C-index: 0.7141
Epoch 48/100 | Train Loss: 4.0414 | Train C-index: 0.7488 | Val Loss: 4.4704 | Val C-index: 0.7145
Epoch 49/100 | Train Loss: 4.0548 | Train C-index: 0.7494 | Val Loss: 4.4706 | Val C-index: 0.7152
Epoch 50/100 | Train Loss: 4.0477 | Train C-index: 0.7500 | Val Loss: 4.4706 | Val C-index: 0.7158
Epoch 51/100 | Train Loss: 4.0455 | Train C-index: 0.7509 | Val Loss: 4.4706 | Val C-index: 0.7162
Epoch 52/100 | Train Loss: 4.0429 | Train C-index: 0.7514 | Val Loss: 4.4708 | Val C-index: 0.7165
Epoch 53/100 | Train Loss: 4.0449 | Train C-index: 0.7519 | Val Loss: 4.4712 | Val C-index: 0.7160
Epoch 54/100 | Train Loss: 4.0428 | Train C-index: 0.7526 | Val Loss: 4.4715 | Val C-index: 0.7164
Epoch 55/100 | Train Loss: 4.0276 | Train C-index: 0.7530 | Val Loss: 4.4717 | Val C-index: 0.7160
Epoch 56/100 | Train Loss: 4.0533 | Train C-index: 0.7537 | Val Loss: 4.4717 | Val C-index: 0.7155
Epoch 57/100 | Train Loss: 4.0281 | Train C-index: 0.7543 | Val Loss: 4.4712 | Val C-index: 0.7158
Epoch 58/100 | Train Loss: 4.0466 | Train C-index: 0.7549 | Val Loss: 4.4710 | Val C-index: 0.7159
Epoch 59/100 | Train Loss: 4.0261 | Train C-index: 0.7555 | Val Loss: 4.4712 | Val C-index: 0.7162
Epoch 60/100 | Train Loss: 4.0493 | Train C-index: 0.7561 | Val Loss: 4.4711 | Val C-index: 0.7159
Epoch 61/100 | Train Loss: 4.0403 | Train C-index: 0.7567 | Val Loss: 4.4716 | Val C-index: 0.7149
Epoch 62/100 | Train Loss: 4.0334 | Train C-index: 0.7572 | Val Loss: 4.4723 | Val C-index: 0.7141
Early stopping at epoch 62
Fold 3 final C-index: 0.7165

Extra survival metrics:
cutoff_from_train_median: -0.817065
n_test: 168
n_high_risk: 86
n_low_risk: 82
n_event_test: 65
logrank_stat: 28.593830
logrank_p: 0.000000
auc_36m: 0.758263
auc_60m: 0.755162
mean_auc: 0.757535
HR_high_vs_low: 4.272859
HR_95CI_lower: 2.394589
HR_95CI_upper: 7.624409
cox_p: 0.000001

==================================================
Fold 5/5
==================================================
Epoch 1/100 | Train Loss: 4.4840 | Train C-index: 0.4986 | Val Loss: 4.6492 | Val C-index: 0.4874
Epoch 2/100 | Train Loss: 4.4618 | Train C-index: 0.5375 | Val Loss: 4.6181 | Val C-index: 0.5310
Epoch 3/100 | Train Loss: 4.4414 | Train C-index: 0.5765 | Val Loss: 4.5895 | Val C-index: 0.5763
Epoch 4/100 | Train Loss: 4.4166 | Train C-index: 0.6117 | Val Loss: 4.5623 | Val C-index: 0.6173
Epoch 5/100 | Train Loss: 4.3676 | Train C-index: 0.6403 | Val Loss: 4.5381 | Val C-index: 0.6519
Epoch 6/100 | Train Loss: 4.3366 | Train C-index: 0.6620 | Val Loss: 4.5172 | Val C-index: 0.6714
Epoch 7/100 | Train Loss: 4.3171 | Train C-index: 0.6781 | Val Loss: 4.4980 | Val C-index: 0.6864
Epoch 8/100 | Train Loss: 4.3038 | Train C-index: 0.6893 | Val Loss: 4.4813 | Val C-index: 0.6971
Epoch 9/100 | Train Loss: 4.2886 | Train C-index: 0.6972 | Val Loss: 4.4663 | Val C-index: 0.7066
Epoch 10/100 | Train Loss: 4.2797 | Train C-index: 0.7038 | Val Loss: 4.4531 | Val C-index: 0.7099
Epoch 11/100 | Train Loss: 4.2781 | Train C-index: 0.7082 | Val Loss: 4.4411 | Val C-index: 0.7151
Epoch 12/100 | Train Loss: 4.2762 | Train C-index: 0.7119 | Val Loss: 4.4311 | Val C-index: 0.7163
Epoch 13/100 | Train Loss: 4.2535 | Train C-index: 0.7152 | Val Loss: 4.4224 | Val C-index: 0.7181
Epoch 14/100 | Train Loss: 4.2199 | Train C-index: 0.7174 | Val Loss: 4.4147 | Val C-index: 0.7215
Epoch 15/100 | Train Loss: 4.2228 | Train C-index: 0.7190 | Val Loss: 4.4081 | Val C-index: 0.7231
Epoch 16/100 | Train Loss: 4.1996 | Train C-index: 0.7205 | Val Loss: 4.4024 | Val C-index: 0.7226
Epoch 17/100 | Train Loss: 4.1997 | Train C-index: 0.7218 | Val Loss: 4.3978 | Val C-index: 0.7226
Epoch 18/100 | Train Loss: 4.2057 | Train C-index: 0.7233 | Val Loss: 4.3934 | Val C-index: 0.7232
Epoch 19/100 | Train Loss: 4.1871 | Train C-index: 0.7245 | Val Loss: 4.3895 | Val C-index: 0.7237
Epoch 20/100 | Train Loss: 4.2020 | Train C-index: 0.7255 | Val Loss: 4.3863 | Val C-index: 0.7245
Epoch 21/100 | Train Loss: 4.1814 | Train C-index: 0.7267 | Val Loss: 4.3836 | Val C-index: 0.7258
Epoch 22/100 | Train Loss: 4.1801 | Train C-index: 0.7276 | Val Loss: 4.3813 | Val C-index: 0.7275
Epoch 23/100 | Train Loss: 4.1785 | Train C-index: 0.7286 | Val Loss: 4.3791 | Val C-index: 0.7287
Epoch 24/100 | Train Loss: 4.1583 | Train C-index: 0.7296 | Val Loss: 4.3770 | Val C-index: 0.7289
Epoch 25/100 | Train Loss: 4.1783 | Train C-index: 0.7308 | Val Loss: 4.3750 | Val C-index: 0.7289
Epoch 26/100 | Train Loss: 4.1530 | Train C-index: 0.7317 | Val Loss: 4.3732 | Val C-index: 0.7292
Epoch 27/100 | Train Loss: 4.1529 | Train C-index: 0.7326 | Val Loss: 4.3716 | Val C-index: 0.7299
Epoch 28/100 | Train Loss: 4.1390 | Train C-index: 0.7332 | Val Loss: 4.3699 | Val C-index: 0.7305
Epoch 29/100 | Train Loss: 4.1431 | Train C-index: 0.7339 | Val Loss: 4.3687 | Val C-index: 0.7304
Epoch 30/100 | Train Loss: 4.1612 | Train C-index: 0.7347 | Val Loss: 4.3676 | Val C-index: 0.7310
Epoch 31/100 | Train Loss: 4.1498 | Train C-index: 0.7355 | Val Loss: 4.3666 | Val C-index: 0.7312
Epoch 32/100 | Train Loss: 4.1332 | Train C-index: 0.7361 | Val Loss: 4.3654 | Val C-index: 0.7308
Epoch 33/100 | Train Loss: 4.1398 | Train C-index: 0.7370 | Val Loss: 4.3641 | Val C-index: 0.7308
Epoch 34/100 | Train Loss: 4.1204 | Train C-index: 0.7379 | Val Loss: 4.3628 | Val C-index: 0.7304
Epoch 35/100 | Train Loss: 4.1311 | Train C-index: 0.7390 | Val Loss: 4.3615 | Val C-index: 0.7314
Epoch 36/100 | Train Loss: 4.1258 | Train C-index: 0.7395 | Val Loss: 4.3606 | Val C-index: 0.7309
Epoch 37/100 | Train Loss: 4.1204 | Train C-index: 0.7402 | Val Loss: 4.3594 | Val C-index: 0.7327
Epoch 38/100 | Train Loss: 4.1354 | Train C-index: 0.7412 | Val Loss: 4.3579 | Val C-index: 0.7330
Epoch 39/100 | Train Loss: 4.1277 | Train C-index: 0.7419 | Val Loss: 4.3568 | Val C-index: 0.7329
Epoch 40/100 | Train Loss: 4.1169 | Train C-index: 0.7427 | Val Loss: 4.3560 | Val C-index: 0.7332
Epoch 41/100 | Train Loss: 4.1410 | Train C-index: 0.7434 | Val Loss: 4.3553 | Val C-index: 0.7335
Epoch 42/100 | Train Loss: 4.1280 | Train C-index: 0.7441 | Val Loss: 4.3547 | Val C-index: 0.7338
Epoch 43/100 | Train Loss: 4.1071 | Train C-index: 0.7447 | Val Loss: 4.3543 | Val C-index: 0.7334
Epoch 44/100 | Train Loss: 4.1060 | Train C-index: 0.7455 | Val Loss: 4.3538 | Val C-index: 0.7342
Epoch 45/100 | Train Loss: 4.1063 | Train C-index: 0.7462 | Val Loss: 4.3527 | Val C-index: 0.7347
Epoch 46/100 | Train Loss: 4.1008 | Train C-index: 0.7469 | Val Loss: 4.3517 | Val C-index: 0.7346
Epoch 47/100 | Train Loss: 4.1136 | Train C-index: 0.7475 | Val Loss: 4.3512 | Val C-index: 0.7347
Epoch 48/100 | Train Loss: 4.0907 | Train C-index: 0.7480 | Val Loss: 4.3506 | Val C-index: 0.7356
Epoch 49/100 | Train Loss: 4.0911 | Train C-index: 0.7487 | Val Loss: 4.3500 | Val C-index: 0.7360
Epoch 50/100 | Train Loss: 4.0740 | Train C-index: 0.7493 | Val Loss: 4.3491 | Val C-index: 0.7361
Epoch 51/100 | Train Loss: 4.0899 | Train C-index: 0.7498 | Val Loss: 4.3482 | Val C-index: 0.7368
Epoch 52/100 | Train Loss: 4.0797 | Train C-index: 0.7501 | Val Loss: 4.3476 | Val C-index: 0.7373
Epoch 53/100 | Train Loss: 4.0973 | Train C-index: 0.7508 | Val Loss: 4.3466 | Val C-index: 0.7365
Epoch 54/100 | Train Loss: 4.0967 | Train C-index: 0.7513 | Val Loss: 4.3465 | Val C-index: 0.7365
Epoch 55/100 | Train Loss: 4.0721 | Train C-index: 0.7520 | Val Loss: 4.3459 | Val C-index: 0.7359
Epoch 56/100 | Train Loss: 4.0501 | Train C-index: 0.7526 | Val Loss: 4.3451 | Val C-index: 0.7369
Epoch 57/100 | Train Loss: 4.0644 | Train C-index: 0.7534 | Val Loss: 4.3445 | Val C-index: 0.7378
Epoch 58/100 | Train Loss: 4.0632 | Train C-index: 0.7538 | Val Loss: 4.3441 | Val C-index: 0.7379
Epoch 59/100 | Train Loss: 4.0868 | Train C-index: 0.7544 | Val Loss: 4.3435 | Val C-index: 0.7378
Epoch 60/100 | Train Loss: 4.0685 | Train C-index: 0.7550 | Val Loss: 4.3428 | Val C-index: 0.7381
Epoch 61/100 | Train Loss: 4.0801 | Train C-index: 0.7556 | Val Loss: 4.3421 | Val C-index: 0.7389
Epoch 62/100 | Train Loss: 4.0640 | Train C-index: 0.7559 | Val Loss: 4.3418 | Val C-index: 0.7395
Epoch 63/100 | Train Loss: 4.0509 | Train C-index: 0.7564 | Val Loss: 4.3410 | Val C-index: 0.7399
Epoch 64/100 | Train Loss: 4.0740 | Train C-index: 0.7569 | Val Loss: 4.3405 | Val C-index: 0.7402
Epoch 65/100 | Train Loss: 4.0490 | Train C-index: 0.7573 | Val Loss: 4.3403 | Val C-index: 0.7403
Epoch 66/100 | Train Loss: 4.0714 | Train C-index: 0.7580 | Val Loss: 4.3401 | Val C-index: 0.7404
Epoch 67/100 | Train Loss: 4.0471 | Train C-index: 0.7585 | Val Loss: 4.3402 | Val C-index: 0.7407
Epoch 68/100 | Train Loss: 4.0493 | Train C-index: 0.7591 | Val Loss: 4.3399 | Val C-index: 0.7403
Epoch 69/100 | Train Loss: 4.0659 | Train C-index: 0.7593 | Val Loss: 4.3399 | Val C-index: 0.7403
Epoch 70/100 | Train Loss: 4.0610 | Train C-index: 0.7597 | Val Loss: 4.3394 | Val C-index: 0.7411
Epoch 71/100 | Train Loss: 4.0388 | Train C-index: 0.7601 | Val Loss: 4.3391 | Val C-index: 0.7417
Epoch 72/100 | Train Loss: 4.0494 | Train C-index: 0.7606 | Val Loss: 4.3389 | Val C-index: 0.7419
Epoch 73/100 | Train Loss: 4.0240 | Train C-index: 0.7610 | Val Loss: 4.3390 | Val C-index: 0.7416
Epoch 74/100 | Train Loss: 4.0298 | Train C-index: 0.7614 | Val Loss: 4.3382 | Val C-index: 0.7416
Epoch 75/100 | Train Loss: 4.0275 | Train C-index: 0.7618 | Val Loss: 4.3385 | Val C-index: 0.7411
Epoch 76/100 | Train Loss: 4.0348 | Train C-index: 0.7621 | Val Loss: 4.3387 | Val C-index: 0.7416
Epoch 77/100 | Train Loss: 4.0500 | Train C-index: 0.7623 | Val Loss: 4.3385 | Val C-index: 0.7415
Epoch 78/100 | Train Loss: 4.0409 | Train C-index: 0.7627 | Val Loss: 4.3379 | Val C-index: 0.7416
Epoch 79/100 | Train Loss: 4.0422 | Train C-index: 0.7632 | Val Loss: 4.3376 | Val C-index: 0.7425
Epoch 80/100 | Train Loss: 4.0161 | Train C-index: 0.7636 | Val Loss: 4.3375 | Val C-index: 0.7425
Epoch 81/100 | Train Loss: 4.0369 | Train C-index: 0.7641 | Val Loss: 4.3367 | Val C-index: 0.7417
Epoch 82/100 | Train Loss: 4.0088 | Train C-index: 0.7644 | Val Loss: 4.3362 | Val C-index: 0.7420
Epoch 83/100 | Train Loss: 4.0256 | Train C-index: 0.7647 | Val Loss: 4.3361 | Val C-index: 0.7421
Epoch 84/100 | Train Loss: 4.0262 | Train C-index: 0.7651 | Val Loss: 4.3359 | Val C-index: 0.7416
Epoch 85/100 | Train Loss: 4.0094 | Train C-index: 0.7652 | Val Loss: 4.3360 | Val C-index: 0.7412
Epoch 86/100 | Train Loss: 4.0120 | Train C-index: 0.7654 | Val Loss: 4.3358 | Val C-index: 0.7415
Epoch 87/100 | Train Loss: 4.0182 | Train C-index: 0.7655 | Val Loss: 4.3359 | Val C-index: 0.7420
Epoch 88/100 | Train Loss: 4.0098 | Train C-index: 0.7660 | Val Loss: 4.3358 | Val C-index: 0.7416
Epoch 89/100 | Train Loss: 4.0230 | Train C-index: 0.7666 | Val Loss: 4.3352 | Val C-index: 0.7420
Early stopping at epoch 89
Fold 4 final C-index: 0.7425

Extra survival metrics:
cutoff_from_train_median: -1.081208
n_test: 168
n_high_risk: 82
n_low_risk: 86
n_event_test: 65
logrank_stat: 26.248763
logrank_p: 0.000000
auc_36m: 0.791145
auc_60m: 0.762968
mean_auc: 0.786045
HR_high_vs_low: 3.872742
HR_95CI_lower: 2.218318
HR_95CI_upper: 6.761039
cox_p: 0.000002

==================================================
5-Fold CV Summary
==================================================
  C-index: 0.7224 +/- 0.0265
