nohup: ignoring input
Teacher:   /home/gly001/cqj/pa_ct_surv/experiments/final_core_v13/seed42/pact_teacher_aug_lr1e-3/checkpoints
Distill:   Cox + alpha*MSE(student_risk, teacher_fused_risk) | alpha=0.5 | start_KD=5
Augment:   True | batch_size=128 | cox_batch_size=128
Checkpoints: /home/gly001/cqj/pa_ct_surv/experiments/final_core_v17/seed42/ct_student_survrisk_mse_a05_bs128_aug_teacherv13/checkpoints
Results:     /home/gly001/cqj/pa_ct_surv/experiments/final_core_v17/seed42/ct_student_survrisk_mse_a05_bs128_aug_teacherv13/results
Loaded 843 paired samples

==================================================
Fold 1/5
==================================================
Loaded teacher from: /home/gly001/cqj/pa_ct_surv/experiments/final_core_v13/seed42/pact_teacher_aug_lr1e-3/checkpoints/fold_0/best_model.pth
[ResNetCox] Loaded pretrained from /home/gly001/cqj/pa_ct_surv/model/ct_pretrain/resnet_18_23dataset.pth
  Missing keys (ok): ['fc.weight', 'fc.bias']
Epoch 1/30 | Train Loss: 4.1616 (Cox: 4.1616, KD: 0.0000) | Val C-index: 0.7097
Epoch 2/30 | Train Loss: 4.0442 (Cox: 4.0442, KD: 0.0000) | Val C-index: 0.7063
Epoch 3/30 | Train Loss: 4.0521 (Cox: 4.0521, KD: 0.0000) | Val C-index: 0.7018
Epoch 4/30 | Train Loss: 3.9967 (Cox: 3.9967, KD: 0.0000) | Val C-index: 0.6953
Epoch 5/30 | Train Loss: 4.6398 (Cox: 4.0522, KD: 0.5875) | Val C-index: 0.6397
Epoch 6/30 | Train Loss: 4.5232 (Cox: 3.9760, KD: 0.5473) | Val C-index: 0.6889
Early stopping at epoch 6
Fold 0 final Val C-index: 0.7097

Extra survival metrics:
cutoff_from_train_median: -0.105903
n_test: 169
n_high_risk: 86
n_low_risk: 83
n_event_test: 65
logrank_stat: 19.720950
logrank_p: 0.000009
auc_36m: 0.746903
auc_60m: 0.706635
mean_auc: 0.735524
HR_high_vs_low: 3.195886
HR_95CI_lower: 1.861422
HR_95CI_upper: 5.487035
cox_p: 0.000025

==================================================
Fold 2/5
==================================================
Loaded teacher from: /home/gly001/cqj/pa_ct_surv/experiments/final_core_v13/seed42/pact_teacher_aug_lr1e-3/checkpoints/fold_1/best_model.pth
[ResNetCox] Loaded pretrained from /home/gly001/cqj/pa_ct_surv/model/ct_pretrain/resnet_18_23dataset.pth
  Missing keys (ok): ['fc.weight', 'fc.bias']
Epoch 1/30 | Train Loss: 4.1121 (Cox: 4.1121, KD: 0.0000) | Val C-index: 0.6863
Epoch 2/30 | Train Loss: 3.9967 (Cox: 3.9967, KD: 0.0000) | Val C-index: 0.6805
Epoch 3/30 | Train Loss: 3.9423 (Cox: 3.9423, KD: 0.0000) | Val C-index: 0.6553
Epoch 4/30 | Train Loss: 3.9314 (Cox: 3.9314, KD: 0.0000) | Val C-index: 0.6509
Epoch 5/30 | Train Loss: 5.2094 (Cox: 3.8892, KD: 1.3202) | Val C-index: 0.6711
Epoch 6/30 | Train Loss: 4.8696 (Cox: 3.9378, KD: 0.9318) | Val C-index: 0.6741
Early stopping at epoch 6
Fold 1 final Val C-index: 0.6863

Extra survival metrics:
cutoff_from_train_median: -0.141150
n_test: 169
n_high_risk: 91
n_low_risk: 78
n_event_test: 65
logrank_stat: 16.725585
logrank_p: 0.000043
auc_36m: 0.701236
auc_60m: 0.679925
mean_auc: 0.696038
HR_high_vs_low: 3.014350
HR_95CI_lower: 1.729011
HR_95CI_upper: 5.255202
cox_p: 0.000100

==================================================
Fold 3/5
==================================================
Loaded teacher from: /home/gly001/cqj/pa_ct_surv/experiments/final_core_v13/seed42/pact_teacher_aug_lr1e-3/checkpoints/fold_2/best_model.pth
[ResNetCox] Loaded pretrained from /home/gly001/cqj/pa_ct_surv/model/ct_pretrain/resnet_18_23dataset.pth
  Missing keys (ok): ['fc.weight', 'fc.bias']
Epoch 1/30 | Train Loss: 4.1177 (Cox: 4.1177, KD: 0.0000) | Val C-index: 0.6717
Epoch 2/30 | Train Loss: 4.0138 (Cox: 4.0138, KD: 0.0000) | Val C-index: 0.6758
Epoch 3/30 | Train Loss: 3.9836 (Cox: 3.9836, KD: 0.0000) | Val C-index: 0.6272
Epoch 4/30 | Train Loss: 3.9690 (Cox: 3.9690, KD: 0.0000) | Val C-index: 0.5665
Epoch 5/30 | Train Loss: 5.4721 (Cox: 3.9431, KD: 1.5290) | Val C-index: 0.6550
Epoch 6/30 | Train Loss: 4.7222 (Cox: 3.9034, KD: 0.8188) | Val C-index: 0.6867
Epoch 7/30 | Train Loss: 4.8326 (Cox: 3.9313, KD: 0.9013) | Val C-index: 0.6902
Epoch 8/30 | Train Loss: 4.7423 (Cox: 3.9106, KD: 0.8317) | Val C-index: 0.7031
Epoch 9/30 | Train Loss: 4.7480 (Cox: 3.9252, KD: 0.8228) | Val C-index: 0.7137
Epoch 10/30 | Train Loss: 4.7320 (Cox: 3.8899, KD: 0.8421) | Val C-index: 0.7116
Epoch 11/30 | Train Loss: 4.6463 (Cox: 3.8482, KD: 0.7981) | Val C-index: 0.6939
Epoch 12/30 | Train Loss: 4.4970 (Cox: 3.8009, KD: 0.6961) | Val C-index: 0.7161
Epoch 13/30 | Train Loss: 4.5076 (Cox: 3.7648, KD: 0.7427) | Val C-index: 0.6916
Epoch 14/30 | Train Loss: 4.5514 (Cox: 3.8255, KD: 0.7259) | Val C-index: 0.6572
Epoch 15/30 | Train Loss: 4.4825 (Cox: 3.7474, KD: 0.7352) | Val C-index: 0.6929
Epoch 16/30 | Train Loss: 4.5187 (Cox: 3.8566, KD: 0.6621) | Val C-index: 0.6712
Epoch 17/30 | Train Loss: 4.4621 (Cox: 3.7226, KD: 0.7395) | Val C-index: 0.7069
Early stopping at epoch 17
Fold 2 final Val C-index: 0.7161

Extra survival metrics:
cutoff_from_train_median: -1.731709
n_test: 169
n_high_risk: 96
n_low_risk: 73
n_event_test: 65
logrank_stat: 25.624695
logrank_p: 0.000000
auc_36m: 0.766631
auc_60m: 0.712502
mean_auc: 0.755952
HR_high_vs_low: 4.425628
HR_95CI_lower: 2.358011
HR_95CI_upper: 8.306228
cox_p: 0.000004

==================================================
Fold 4/5
==================================================
Loaded teacher from: /home/gly001/cqj/pa_ct_surv/experiments/final_core_v13/seed42/pact_teacher_aug_lr1e-3/checkpoints/fold_3/best_model.pth
[ResNetCox] Loaded pretrained from /home/gly001/cqj/pa_ct_surv/model/ct_pretrain/resnet_18_23dataset.pth
  Missing keys (ok): ['fc.weight', 'fc.bias']
Epoch 1/30 | Train Loss: 4.2076 (Cox: 4.2076, KD: 0.0000) | Val C-index: 0.6135
Epoch 2/30 | Train Loss: 4.0554 (Cox: 4.0554, KD: 0.0000) | Val C-index: 0.6341
Epoch 3/30 | Train Loss: 3.9264 (Cox: 3.9264, KD: 0.0000) | Val C-index: 0.6968
Epoch 4/30 | Train Loss: 3.9617 (Cox: 3.9617, KD: 0.0000) | Val C-index: 0.6862
Epoch 5/30 | Train Loss: 5.0180 (Cox: 3.9490, KD: 1.0690) | Val C-index: 0.7132
Epoch 6/30 | Train Loss: 4.6286 (Cox: 3.9659, KD: 0.6627) | Val C-index: 0.7320
Epoch 7/30 | Train Loss: 4.6152 (Cox: 3.9150, KD: 0.7001) | Val C-index: 0.7380
Epoch 8/30 | Train Loss: 4.5979 (Cox: 3.9419, KD: 0.6560) | Val C-index: 0.7362
Epoch 9/30 | Train Loss: 4.4534 (Cox: 3.8800, KD: 0.5734) | Val C-index: 0.7473
Epoch 10/30 | Train Loss: 4.4468 (Cox: 3.8471, KD: 0.5997) | Val C-index: 0.7380
Epoch 11/30 | Train Loss: 4.3703 (Cox: 3.8433, KD: 0.5270) | Val C-index: 0.7294
Epoch 12/30 | Train Loss: 4.4179 (Cox: 3.8569, KD: 0.5610) | Val C-index: 0.7296
Epoch 13/30 | Train Loss: 4.2464 (Cox: 3.7371, KD: 0.5094) | Val C-index: 0.7281
Epoch 14/30 | Train Loss: 4.4095 (Cox: 3.8654, KD: 0.5442) | Val C-index: 0.6884
Early stopping at epoch 14
Fold 3 final Val C-index: 0.7473

Extra survival metrics:
cutoff_from_train_median: -1.193564
n_test: 168
n_high_risk: 91
n_low_risk: 77
n_event_test: 65
logrank_stat: 41.308399
logrank_p: 0.000000
auc_36m: 0.778292
auc_60m: 0.846584
mean_auc: 0.796655
HR_high_vs_low: 6.226548
HR_95CI_lower: 3.307511
HR_95CI_upper: 11.721774
cox_p: 0.000000

==================================================
Fold 5/5
==================================================
Loaded teacher from: /home/gly001/cqj/pa_ct_surv/experiments/final_core_v13/seed42/pact_teacher_aug_lr1e-3/checkpoints/fold_4/best_model.pth
[ResNetCox] Loaded pretrained from /home/gly001/cqj/pa_ct_surv/model/ct_pretrain/resnet_18_23dataset.pth
  Missing keys (ok): ['fc.weight', 'fc.bias']
Epoch 1/30 | Train Loss: 4.3060 (Cox: 4.3060, KD: 0.0000) | Val C-index: 0.6405
Epoch 2/30 | Train Loss: 4.1795 (Cox: 4.1795, KD: 0.0000) | Val C-index: 0.6329
Epoch 3/30 | Train Loss: 4.0541 (Cox: 4.0541, KD: 0.0000) | Val C-index: 0.6381
Epoch 4/30 | Train Loss: 4.0013 (Cox: 4.0013, KD: 0.0000) | Val C-index: 0.6446
Epoch 5/30 | Train Loss: 5.1832 (Cox: 3.9270, KD: 1.2562) | Val C-index: 0.6654
Epoch 6/30 | Train Loss: 4.8754 (Cox: 4.0021, KD: 0.8733) | Val C-index: 0.7095
Epoch 7/30 | Train Loss: 4.7575 (Cox: 3.8806, KD: 0.8768) | Val C-index: 0.6811
Epoch 8/30 | Train Loss: 4.8145 (Cox: 3.9537, KD: 0.8608) | Val C-index: 0.6686
Epoch 9/30 | Train Loss: 4.7070 (Cox: 3.9074, KD: 0.7996) | Val C-index: 0.7042
Epoch 10/30 | Train Loss: 4.6461 (Cox: 3.8839, KD: 0.7622) | Val C-index: 0.7381
Epoch 11/30 | Train Loss: 4.6386 (Cox: 3.8885, KD: 0.7501) | Val C-index: 0.7079
Epoch 12/30 | Train Loss: 4.6349 (Cox: 3.8851, KD: 0.7498) | Val C-index: 0.7053
Epoch 13/30 | Train Loss: 4.6139 (Cox: 3.8244, KD: 0.7895) | Val C-index: 0.7183
Epoch 14/30 | Train Loss: 4.5873 (Cox: 3.8514, KD: 0.7358) | Val C-index: 0.6982
Epoch 15/30 | Train Loss: 4.5307 (Cox: 3.8202, KD: 0.7105) | Val C-index: 0.7071
Early stopping at epoch 15
Fold 4 final Val C-index: 0.7381

Extra survival metrics:
cutoff_from_train_median: -0.370891
n_test: 168
n_high_risk: 71
n_low_risk: 97
n_event_test: 65
logrank_stat: 23.813277
logrank_p: 0.000001
auc_36m: 0.777167
auc_60m: 0.777307
mean_auc: 0.777203
HR_high_vs_low: 3.261020
HR_95CI_lower: 1.972748
HR_95CI_upper: 5.390579
cox_p: 0.000004

==================================================
5-Fold CV Summary
==================================================
  C-index: 0.7195 +/- 0.0241
