nohup: ignoring input
Using Device: cuda
Model: meanpool-cox
Checkpoints: experiments/final_core_meanpool_v20/seed2024/pa_meanpool_cox_ep100_p10/checkpoints
Results:     experiments/final_core_meanpool_v20/seed2024/pa_meanpool_cox_ep100_p10/results
Loaded 843 samples

==================================================
Fold 1/5
==================================================
Epoch 1/100 | Train Loss: 4.4596 | Train C-index: 0.5468 | Val Loss: 4.6748 | Val C-index: 0.4923
Epoch 2/100 | Train Loss: 4.4286 | Train C-index: 0.5810 | Val Loss: 4.6435 | Val C-index: 0.5311
Epoch 3/100 | Train Loss: 4.4083 | Train C-index: 0.6099 | Val Loss: 4.6150 | Val C-index: 0.5695
Epoch 4/100 | Train Loss: 4.3750 | Train C-index: 0.6324 | Val Loss: 4.5896 | Val C-index: 0.5963
Epoch 5/100 | Train Loss: 4.3453 | Train C-index: 0.6500 | Val Loss: 4.5658 | Val C-index: 0.6197
Epoch 6/100 | Train Loss: 4.3464 | Train C-index: 0.6630 | Val Loss: 4.5445 | Val C-index: 0.6377
Epoch 7/100 | Train Loss: 4.3096 | Train C-index: 0.6727 | Val Loss: 4.5253 | Val C-index: 0.6539
Epoch 8/100 | Train Loss: 4.3023 | Train C-index: 0.6812 | Val Loss: 4.5079 | Val C-index: 0.6684
Epoch 9/100 | Train Loss: 4.2919 | Train C-index: 0.6879 | Val Loss: 4.4914 | Val C-index: 0.6773
Epoch 10/100 | Train Loss: 4.2746 | Train C-index: 0.6926 | Val Loss: 4.4764 | Val C-index: 0.6872
Epoch 11/100 | Train Loss: 4.2610 | Train C-index: 0.6969 | Val Loss: 4.4624 | Val C-index: 0.6959
Epoch 12/100 | Train Loss: 4.2469 | Train C-index: 0.7013 | Val Loss: 4.4511 | Val C-index: 0.7009
Epoch 13/100 | Train Loss: 4.2199 | Train C-index: 0.7042 | Val Loss: 4.4408 | Val C-index: 0.7095
Epoch 14/100 | Train Loss: 4.2365 | Train C-index: 0.7067 | Val Loss: 4.4313 | Val C-index: 0.7126
Epoch 15/100 | Train Loss: 4.2207 | Train C-index: 0.7089 | Val Loss: 4.4232 | Val C-index: 0.7182
Epoch 16/100 | Train Loss: 4.2066 | Train C-index: 0.7109 | Val Loss: 4.4161 | Val C-index: 0.7213
Epoch 17/100 | Train Loss: 4.2196 | Train C-index: 0.7131 | Val Loss: 4.4102 | Val C-index: 0.7212
Epoch 18/100 | Train Loss: 4.2024 | Train C-index: 0.7148 | Val Loss: 4.4043 | Val C-index: 0.7224
Epoch 19/100 | Train Loss: 4.1959 | Train C-index: 0.7165 | Val Loss: 4.3996 | Val C-index: 0.7252
Epoch 20/100 | Train Loss: 4.1980 | Train C-index: 0.7181 | Val Loss: 4.3950 | Val C-index: 0.7278
Epoch 21/100 | Train Loss: 4.2028 | Train C-index: 0.7192 | Val Loss: 4.3905 | Val C-index: 0.7298
Epoch 22/100 | Train Loss: 4.1738 | Train C-index: 0.7203 | Val Loss: 4.3865 | Val C-index: 0.7316
Epoch 23/100 | Train Loss: 4.1966 | Train C-index: 0.7219 | Val Loss: 4.3830 | Val C-index: 0.7325
Epoch 24/100 | Train Loss: 4.1554 | Train C-index: 0.7229 | Val Loss: 4.3802 | Val C-index: 0.7329
Epoch 25/100 | Train Loss: 4.1677 | Train C-index: 0.7240 | Val Loss: 4.3768 | Val C-index: 0.7353
Epoch 26/100 | Train Loss: 4.1670 | Train C-index: 0.7252 | Val Loss: 4.3745 | Val C-index: 0.7363
Epoch 27/100 | Train Loss: 4.1756 | Train C-index: 0.7263 | Val Loss: 4.3716 | Val C-index: 0.7375
Epoch 28/100 | Train Loss: 4.1594 | Train C-index: 0.7273 | Val Loss: 4.3691 | Val C-index: 0.7380
Epoch 29/100 | Train Loss: 4.1671 | Train C-index: 0.7282 | Val Loss: 4.3673 | Val C-index: 0.7380
Epoch 30/100 | Train Loss: 4.1602 | Train C-index: 0.7291 | Val Loss: 4.3661 | Val C-index: 0.7382
Epoch 31/100 | Train Loss: 4.1500 | Train C-index: 0.7300 | Val Loss: 4.3646 | Val C-index: 0.7385
Epoch 32/100 | Train Loss: 4.1482 | Train C-index: 0.7309 | Val Loss: 4.3635 | Val C-index: 0.7388
Epoch 33/100 | Train Loss: 4.1477 | Train C-index: 0.7320 | Val Loss: 4.3625 | Val C-index: 0.7397
Epoch 34/100 | Train Loss: 4.1278 | Train C-index: 0.7326 | Val Loss: 4.3605 | Val C-index: 0.7402
Epoch 35/100 | Train Loss: 4.1389 | Train C-index: 0.7333 | Val Loss: 4.3590 | Val C-index: 0.7397
Epoch 36/100 | Train Loss: 4.1459 | Train C-index: 0.7337 | Val Loss: 4.3578 | Val C-index: 0.7411
Epoch 37/100 | Train Loss: 4.1280 | Train C-index: 0.7346 | Val Loss: 4.3571 | Val C-index: 0.7424
Epoch 38/100 | Train Loss: 4.1291 | Train C-index: 0.7353 | Val Loss: 4.3565 | Val C-index: 0.7431
Epoch 39/100 | Train Loss: 4.1175 | Train C-index: 0.7360 | Val Loss: 4.3552 | Val C-index: 0.7441
Epoch 40/100 | Train Loss: 4.1421 | Train C-index: 0.7367 | Val Loss: 4.3544 | Val C-index: 0.7440
Epoch 41/100 | Train Loss: 4.1229 | Train C-index: 0.7376 | Val Loss: 4.3535 | Val C-index: 0.7440
Epoch 42/100 | Train Loss: 4.1225 | Train C-index: 0.7383 | Val Loss: 4.3526 | Val C-index: 0.7446
Epoch 43/100 | Train Loss: 4.1115 | Train C-index: 0.7390 | Val Loss: 4.3516 | Val C-index: 0.7455
Epoch 44/100 | Train Loss: 4.1168 | Train C-index: 0.7397 | Val Loss: 4.3508 | Val C-index: 0.7459
Epoch 45/100 | Train Loss: 4.1255 | Train C-index: 0.7406 | Val Loss: 4.3500 | Val C-index: 0.7465
Epoch 46/100 | Train Loss: 4.1181 | Train C-index: 0.7413 | Val Loss: 4.3502 | Val C-index: 0.7462
Epoch 47/100 | Train Loss: 4.0862 | Train C-index: 0.7420 | Val Loss: 4.3494 | Val C-index: 0.7465
Epoch 48/100 | Train Loss: 4.0907 | Train C-index: 0.7427 | Val Loss: 4.3488 | Val C-index: 0.7468
Epoch 49/100 | Train Loss: 4.0801 | Train C-index: 0.7433 | Val Loss: 4.3478 | Val C-index: 0.7474
Epoch 50/100 | Train Loss: 4.1029 | Train C-index: 0.7440 | Val Loss: 4.3471 | Val C-index: 0.7474
Epoch 51/100 | Train Loss: 4.0945 | Train C-index: 0.7448 | Val Loss: 4.3470 | Val C-index: 0.7479
Epoch 52/100 | Train Loss: 4.0804 | Train C-index: 0.7455 | Val Loss: 4.3467 | Val C-index: 0.7481
Epoch 53/100 | Train Loss: 4.1029 | Train C-index: 0.7461 | Val Loss: 4.3463 | Val C-index: 0.7485
Epoch 54/100 | Train Loss: 4.0850 | Train C-index: 0.7467 | Val Loss: 4.3462 | Val C-index: 0.7483
Epoch 55/100 | Train Loss: 4.0933 | Train C-index: 0.7474 | Val Loss: 4.3460 | Val C-index: 0.7492
Epoch 56/100 | Train Loss: 4.1029 | Train C-index: 0.7480 | Val Loss: 4.3459 | Val C-index: 0.7496
Epoch 57/100 | Train Loss: 4.0631 | Train C-index: 0.7487 | Val Loss: 4.3452 | Val C-index: 0.7494
Epoch 58/100 | Train Loss: 4.0782 | Train C-index: 0.7491 | Val Loss: 4.3441 | Val C-index: 0.7504
Epoch 59/100 | Train Loss: 4.0791 | Train C-index: 0.7499 | Val Loss: 4.3439 | Val C-index: 0.7507
Epoch 60/100 | Train Loss: 4.0572 | Train C-index: 0.7507 | Val Loss: 4.3442 | Val C-index: 0.7509
Epoch 61/100 | Train Loss: 4.0796 | Train C-index: 0.7514 | Val Loss: 4.3439 | Val C-index: 0.7517
Epoch 62/100 | Train Loss: 4.0947 | Train C-index: 0.7520 | Val Loss: 4.3438 | Val C-index: 0.7522
Epoch 63/100 | Train Loss: 4.0946 | Train C-index: 0.7525 | Val Loss: 4.3430 | Val C-index: 0.7524
Epoch 64/100 | Train Loss: 4.0830 | Train C-index: 0.7531 | Val Loss: 4.3425 | Val C-index: 0.7530
Epoch 65/100 | Train Loss: 4.0629 | Train C-index: 0.7537 | Val Loss: 4.3428 | Val C-index: 0.7534
Epoch 66/100 | Train Loss: 4.0736 | Train C-index: 0.7542 | Val Loss: 4.3436 | Val C-index: 0.7535
Epoch 67/100 | Train Loss: 4.0569 | Train C-index: 0.7546 | Val Loss: 4.3437 | Val C-index: 0.7528
Epoch 68/100 | Train Loss: 4.0623 | Train C-index: 0.7549 | Val Loss: 4.3442 | Val C-index: 0.7524
Epoch 69/100 | Train Loss: 4.0551 | Train C-index: 0.7554 | Val Loss: 4.3443 | Val C-index: 0.7526
Epoch 70/100 | Train Loss: 4.0525 | Train C-index: 0.7559 | Val Loss: 4.3449 | Val C-index: 0.7530
Epoch 71/100 | Train Loss: 4.0491 | Train C-index: 0.7564 | Val Loss: 4.3450 | Val C-index: 0.7530
Epoch 72/100 | Train Loss: 4.0675 | Train C-index: 0.7571 | Val Loss: 4.3449 | Val C-index: 0.7534
Epoch 73/100 | Train Loss: 4.0347 | Train C-index: 0.7576 | Val Loss: 4.3454 | Val C-index: 0.7535
Epoch 74/100 | Train Loss: 4.0458 | Train C-index: 0.7581 | Val Loss: 4.3456 | Val C-index: 0.7541
Epoch 75/100 | Train Loss: 4.0476 | Train C-index: 0.7586 | Val Loss: 4.3452 | Val C-index: 0.7537
Epoch 76/100 | Train Loss: 4.0439 | Train C-index: 0.7593 | Val Loss: 4.3450 | Val C-index: 0.7541
Epoch 77/100 | Train Loss: 4.0294 | Train C-index: 0.7596 | Val Loss: 4.3449 | Val C-index: 0.7543
Epoch 78/100 | Train Loss: 4.0399 | Train C-index: 0.7601 | Val Loss: 4.3454 | Val C-index: 0.7544
Epoch 79/100 | Train Loss: 4.0473 | Train C-index: 0.7608 | Val Loss: 4.3456 | Val C-index: 0.7540
Epoch 80/100 | Train Loss: 4.0344 | Train C-index: 0.7615 | Val Loss: 4.3450 | Val C-index: 0.7543
Epoch 81/100 | Train Loss: 4.0185 | Train C-index: 0.7619 | Val Loss: 4.3446 | Val C-index: 0.7541
Epoch 82/100 | Train Loss: 4.0318 | Train C-index: 0.7622 | Val Loss: 4.3447 | Val C-index: 0.7543
Epoch 83/100 | Train Loss: 4.0575 | Train C-index: 0.7625 | Val Loss: 4.3442 | Val C-index: 0.7541
Epoch 84/100 | Train Loss: 4.0179 | Train C-index: 0.7631 | Val Loss: 4.3440 | Val C-index: 0.7537
Epoch 85/100 | Train Loss: 4.0141 | Train C-index: 0.7635 | Val Loss: 4.3437 | Val C-index: 0.7541
Epoch 86/100 | Train Loss: 4.0187 | Train C-index: 0.7638 | Val Loss: 4.3431 | Val C-index: 0.7541
Epoch 87/100 | Train Loss: 4.0082 | Train C-index: 0.7642 | Val Loss: 4.3427 | Val C-index: 0.7537
Epoch 88/100 | Train Loss: 3.9951 | Train C-index: 0.7643 | Val Loss: 4.3420 | Val C-index: 0.7540
Early stopping at epoch 88
Fold 0 final C-index: 0.7544

Extra survival metrics:
cutoff_from_train_median: -0.812185
n_test: 169
n_high_risk: 71
n_low_risk: 98
n_event_test: 65
logrank_stat: 40.577559
logrank_p: 0.000000
auc_36m: 0.813696
auc_60m: 0.780715
mean_auc: 0.807865
HR_high_vs_low: 4.839713
HR_95CI_lower: 2.840388
HR_95CI_upper: 8.246347
cox_p: 0.000000

==================================================
Fold 2/5
==================================================
Epoch 1/100 | Train Loss: 4.3999 | Train C-index: 0.5941 | Val Loss: 4.6027 | Val C-index: 0.5909
Epoch 2/100 | Train Loss: 4.3779 | Train C-index: 0.6286 | Val Loss: 4.5818 | Val C-index: 0.6193
Epoch 3/100 | Train Loss: 4.3570 | Train C-index: 0.6542 | Val Loss: 4.5634 | Val C-index: 0.6349
Epoch 4/100 | Train Loss: 4.3254 | Train C-index: 0.6734 | Val Loss: 4.5472 | Val C-index: 0.6470
Epoch 5/100 | Train Loss: 4.3121 | Train C-index: 0.6862 | Val Loss: 4.5335 | Val C-index: 0.6531
Epoch 6/100 | Train Loss: 4.2954 | Train C-index: 0.6957 | Val Loss: 4.5217 | Val C-index: 0.6607
Epoch 7/100 | Train Loss: 4.2809 | Train C-index: 0.7034 | Val Loss: 4.5120 | Val C-index: 0.6637
Epoch 8/100 | Train Loss: 4.2581 | Train C-index: 0.7096 | Val Loss: 4.5039 | Val C-index: 0.6677
Epoch 9/100 | Train Loss: 4.2283 | Train C-index: 0.7140 | Val Loss: 4.4967 | Val C-index: 0.6689
Epoch 10/100 | Train Loss: 4.2287 | Train C-index: 0.7178 | Val Loss: 4.4911 | Val C-index: 0.6724
Epoch 11/100 | Train Loss: 4.2352 | Train C-index: 0.7203 | Val Loss: 4.4865 | Val C-index: 0.6757
Epoch 12/100 | Train Loss: 4.2045 | Train C-index: 0.7229 | Val Loss: 4.4830 | Val C-index: 0.6762
Epoch 13/100 | Train Loss: 4.2070 | Train C-index: 0.7250 | Val Loss: 4.4799 | Val C-index: 0.6757
Epoch 14/100 | Train Loss: 4.2029 | Train C-index: 0.7269 | Val Loss: 4.4777 | Val C-index: 0.6748
Epoch 15/100 | Train Loss: 4.1847 | Train C-index: 0.7284 | Val Loss: 4.4757 | Val C-index: 0.6759
Epoch 16/100 | Train Loss: 4.1849 | Train C-index: 0.7296 | Val Loss: 4.4742 | Val C-index: 0.6771
Epoch 17/100 | Train Loss: 4.1787 | Train C-index: 0.7312 | Val Loss: 4.4731 | Val C-index: 0.6782
Epoch 18/100 | Train Loss: 4.1768 | Train C-index: 0.7324 | Val Loss: 4.4722 | Val C-index: 0.6796
Epoch 19/100 | Train Loss: 4.1492 | Train C-index: 0.7336 | Val Loss: 4.4717 | Val C-index: 0.6805
Epoch 20/100 | Train Loss: 4.1545 | Train C-index: 0.7345 | Val Loss: 4.4712 | Val C-index: 0.6814
Epoch 21/100 | Train Loss: 4.1494 | Train C-index: 0.7357 | Val Loss: 4.4707 | Val C-index: 0.6834
Epoch 22/100 | Train Loss: 4.1417 | Train C-index: 0.7367 | Val Loss: 4.4707 | Val C-index: 0.6832
Epoch 23/100 | Train Loss: 4.1376 | Train C-index: 0.7378 | Val Loss: 4.4706 | Val C-index: 0.6831
Epoch 24/100 | Train Loss: 4.1491 | Train C-index: 0.7388 | Val Loss: 4.4707 | Val C-index: 0.6844
Epoch 25/100 | Train Loss: 4.1307 | Train C-index: 0.7399 | Val Loss: 4.4707 | Val C-index: 0.6847
Epoch 26/100 | Train Loss: 4.1302 | Train C-index: 0.7410 | Val Loss: 4.4708 | Val C-index: 0.6851
Epoch 27/100 | Train Loss: 4.1158 | Train C-index: 0.7419 | Val Loss: 4.4712 | Val C-index: 0.6844
Epoch 28/100 | Train Loss: 4.1125 | Train C-index: 0.7428 | Val Loss: 4.4712 | Val C-index: 0.6847
Epoch 29/100 | Train Loss: 4.1168 | Train C-index: 0.7437 | Val Loss: 4.4711 | Val C-index: 0.6852
Epoch 30/100 | Train Loss: 4.1199 | Train C-index: 0.7448 | Val Loss: 4.4710 | Val C-index: 0.6856
Epoch 31/100 | Train Loss: 4.1241 | Train C-index: 0.7457 | Val Loss: 4.4707 | Val C-index: 0.6861
Epoch 32/100 | Train Loss: 4.0959 | Train C-index: 0.7466 | Val Loss: 4.4709 | Val C-index: 0.6859
Epoch 33/100 | Train Loss: 4.1135 | Train C-index: 0.7472 | Val Loss: 4.4709 | Val C-index: 0.6853
Epoch 34/100 | Train Loss: 4.1094 | Train C-index: 0.7482 | Val Loss: 4.4715 | Val C-index: 0.6851
Epoch 35/100 | Train Loss: 4.0924 | Train C-index: 0.7490 | Val Loss: 4.4712 | Val C-index: 0.6852
Epoch 36/100 | Train Loss: 4.1233 | Train C-index: 0.7499 | Val Loss: 4.4717 | Val C-index: 0.6847
Epoch 37/100 | Train Loss: 4.0922 | Train C-index: 0.7511 | Val Loss: 4.4725 | Val C-index: 0.6853
Epoch 38/100 | Train Loss: 4.0833 | Train C-index: 0.7519 | Val Loss: 4.4734 | Val C-index: 0.6855
Epoch 39/100 | Train Loss: 4.0856 | Train C-index: 0.7530 | Val Loss: 4.4739 | Val C-index: 0.6847
Epoch 40/100 | Train Loss: 4.0771 | Train C-index: 0.7537 | Val Loss: 4.4752 | Val C-index: 0.6848
Epoch 41/100 | Train Loss: 4.0649 | Train C-index: 0.7543 | Val Loss: 4.4760 | Val C-index: 0.6849
Early stopping at epoch 41
Fold 1 final C-index: 0.6861

Extra survival metrics:
cutoff_from_train_median: -0.458733
n_test: 169
n_high_risk: 88
n_low_risk: 81
n_event_test: 65
logrank_stat: 12.034371
logrank_p: 0.000522
auc_36m: 0.714272
auc_60m: 0.686009
mean_auc: 0.708505
HR_high_vs_low: 2.446203
HR_95CI_lower: 1.451687
HR_95CI_upper: 4.122039
cox_p: 0.000780

==================================================
Fold 3/5
==================================================
Epoch 1/100 | Train Loss: 4.4067 | Train C-index: 0.5875 | Val Loss: 4.7315 | Val C-index: 0.5335
Epoch 2/100 | Train Loss: 4.3779 | Train C-index: 0.6151 | Val Loss: 4.7111 | Val C-index: 0.5533
Epoch 3/100 | Train Loss: 4.3433 | Train C-index: 0.6371 | Val Loss: 4.6928 | Val C-index: 0.5733
Epoch 4/100 | Train Loss: 4.3304 | Train C-index: 0.6534 | Val Loss: 4.6770 | Val C-index: 0.5895
Epoch 5/100 | Train Loss: 4.3174 | Train C-index: 0.6668 | Val Loss: 4.6631 | Val C-index: 0.6029
Epoch 6/100 | Train Loss: 4.2801 | Train C-index: 0.6773 | Val Loss: 4.6510 | Val C-index: 0.6146
Epoch 7/100 | Train Loss: 4.2793 | Train C-index: 0.6853 | Val Loss: 4.6400 | Val C-index: 0.6228
Epoch 8/100 | Train Loss: 4.2641 | Train C-index: 0.6918 | Val Loss: 4.6309 | Val C-index: 0.6299
Epoch 9/100 | Train Loss: 4.2454 | Train C-index: 0.6973 | Val Loss: 4.6229 | Val C-index: 0.6374
Epoch 10/100 | Train Loss: 4.2231 | Train C-index: 0.7017 | Val Loss: 4.6156 | Val C-index: 0.6443
Epoch 11/100 | Train Loss: 4.2212 | Train C-index: 0.7051 | Val Loss: 4.6095 | Val C-index: 0.6490
Epoch 12/100 | Train Loss: 4.1971 | Train C-index: 0.7083 | Val Loss: 4.6041 | Val C-index: 0.6521
Epoch 13/100 | Train Loss: 4.1846 | Train C-index: 0.7108 | Val Loss: 4.5993 | Val C-index: 0.6555
Epoch 14/100 | Train Loss: 4.1895 | Train C-index: 0.7134 | Val Loss: 4.5952 | Val C-index: 0.6580
Epoch 15/100 | Train Loss: 4.1899 | Train C-index: 0.7158 | Val Loss: 4.5915 | Val C-index: 0.6596
Epoch 16/100 | Train Loss: 4.1726 | Train C-index: 0.7179 | Val Loss: 4.5882 | Val C-index: 0.6628
Epoch 17/100 | Train Loss: 4.1630 | Train C-index: 0.7197 | Val Loss: 4.5852 | Val C-index: 0.6654
Epoch 18/100 | Train Loss: 4.1681 | Train C-index: 0.7214 | Val Loss: 4.5820 | Val C-index: 0.6667
Epoch 19/100 | Train Loss: 4.1747 | Train C-index: 0.7228 | Val Loss: 4.5796 | Val C-index: 0.6688
Epoch 20/100 | Train Loss: 4.1776 | Train C-index: 0.7244 | Val Loss: 4.5771 | Val C-index: 0.6704
Epoch 21/100 | Train Loss: 4.1557 | Train C-index: 0.7257 | Val Loss: 4.5746 | Val C-index: 0.6722
Epoch 22/100 | Train Loss: 4.1447 | Train C-index: 0.7269 | Val Loss: 4.5718 | Val C-index: 0.6731
Epoch 23/100 | Train Loss: 4.1494 | Train C-index: 0.7280 | Val Loss: 4.5695 | Val C-index: 0.6738
Epoch 24/100 | Train Loss: 4.1430 | Train C-index: 0.7293 | Val Loss: 4.5669 | Val C-index: 0.6750
Epoch 25/100 | Train Loss: 4.1553 | Train C-index: 0.7304 | Val Loss: 4.5645 | Val C-index: 0.6761
Epoch 26/100 | Train Loss: 4.1136 | Train C-index: 0.7315 | Val Loss: 4.5624 | Val C-index: 0.6769
Epoch 27/100 | Train Loss: 4.1283 | Train C-index: 0.7327 | Val Loss: 4.5599 | Val C-index: 0.6782
Epoch 28/100 | Train Loss: 4.1180 | Train C-index: 0.7338 | Val Loss: 4.5575 | Val C-index: 0.6790
Epoch 29/100 | Train Loss: 4.1065 | Train C-index: 0.7345 | Val Loss: 4.5559 | Val C-index: 0.6788
Epoch 30/100 | Train Loss: 4.1289 | Train C-index: 0.7355 | Val Loss: 4.5542 | Val C-index: 0.6801
Epoch 31/100 | Train Loss: 4.1034 | Train C-index: 0.7361 | Val Loss: 4.5529 | Val C-index: 0.6802
Epoch 32/100 | Train Loss: 4.1173 | Train C-index: 0.7369 | Val Loss: 4.5514 | Val C-index: 0.6813
Epoch 33/100 | Train Loss: 4.1285 | Train C-index: 0.7375 | Val Loss: 4.5498 | Val C-index: 0.6822
Epoch 34/100 | Train Loss: 4.1000 | Train C-index: 0.7386 | Val Loss: 4.5480 | Val C-index: 0.6820
Epoch 35/100 | Train Loss: 4.1031 | Train C-index: 0.7394 | Val Loss: 4.5466 | Val C-index: 0.6824
Epoch 36/100 | Train Loss: 4.0888 | Train C-index: 0.7401 | Val Loss: 4.5459 | Val C-index: 0.6828
Epoch 37/100 | Train Loss: 4.0878 | Train C-index: 0.7409 | Val Loss: 4.5448 | Val C-index: 0.6839
Epoch 38/100 | Train Loss: 4.1168 | Train C-index: 0.7415 | Val Loss: 4.5435 | Val C-index: 0.6852
Epoch 39/100 | Train Loss: 4.1172 | Train C-index: 0.7424 | Val Loss: 4.5424 | Val C-index: 0.6855
Epoch 40/100 | Train Loss: 4.0966 | Train C-index: 0.7430 | Val Loss: 4.5412 | Val C-index: 0.6868
Epoch 41/100 | Train Loss: 4.0562 | Train C-index: 0.7437 | Val Loss: 4.5401 | Val C-index: 0.6874
Epoch 42/100 | Train Loss: 4.0927 | Train C-index: 0.7446 | Val Loss: 4.5389 | Val C-index: 0.6877
Epoch 43/100 | Train Loss: 4.0903 | Train C-index: 0.7454 | Val Loss: 4.5368 | Val C-index: 0.6883
Epoch 44/100 | Train Loss: 4.0888 | Train C-index: 0.7462 | Val Loss: 4.5354 | Val C-index: 0.6893
Epoch 45/100 | Train Loss: 4.0512 | Train C-index: 0.7469 | Val Loss: 4.5341 | Val C-index: 0.6902
Epoch 46/100 | Train Loss: 4.0768 | Train C-index: 0.7474 | Val Loss: 4.5333 | Val C-index: 0.6900
Epoch 47/100 | Train Loss: 4.0839 | Train C-index: 0.7480 | Val Loss: 4.5320 | Val C-index: 0.6906
Epoch 48/100 | Train Loss: 4.0663 | Train C-index: 0.7486 | Val Loss: 4.5299 | Val C-index: 0.6909
Epoch 49/100 | Train Loss: 4.0602 | Train C-index: 0.7494 | Val Loss: 4.5282 | Val C-index: 0.6912
Epoch 50/100 | Train Loss: 4.0613 | Train C-index: 0.7502 | Val Loss: 4.5255 | Val C-index: 0.6921
Epoch 51/100 | Train Loss: 4.0714 | Train C-index: 0.7508 | Val Loss: 4.5236 | Val C-index: 0.6933
Epoch 52/100 | Train Loss: 4.0683 | Train C-index: 0.7515 | Val Loss: 4.5217 | Val C-index: 0.6942
Epoch 53/100 | Train Loss: 4.0785 | Train C-index: 0.7521 | Val Loss: 4.5201 | Val C-index: 0.6951
Epoch 54/100 | Train Loss: 4.0513 | Train C-index: 0.7526 | Val Loss: 4.5190 | Val C-index: 0.6955
Epoch 55/100 | Train Loss: 4.0442 | Train C-index: 0.7531 | Val Loss: 4.5176 | Val C-index: 0.6959
Epoch 56/100 | Train Loss: 4.0422 | Train C-index: 0.7536 | Val Loss: 4.5167 | Val C-index: 0.6965
Epoch 57/100 | Train Loss: 4.0857 | Train C-index: 0.7543 | Val Loss: 4.5153 | Val C-index: 0.6960
Epoch 58/100 | Train Loss: 4.0543 | Train C-index: 0.7547 | Val Loss: 4.5138 | Val C-index: 0.6962
Epoch 59/100 | Train Loss: 4.0587 | Train C-index: 0.7554 | Val Loss: 4.5125 | Val C-index: 0.6975
Epoch 60/100 | Train Loss: 4.0531 | Train C-index: 0.7560 | Val Loss: 4.5117 | Val C-index: 0.6976
Epoch 61/100 | Train Loss: 4.0368 | Train C-index: 0.7563 | Val Loss: 4.5114 | Val C-index: 0.6982
Epoch 62/100 | Train Loss: 4.0407 | Train C-index: 0.7568 | Val Loss: 4.5109 | Val C-index: 0.6983
Epoch 63/100 | Train Loss: 4.0385 | Train C-index: 0.7572 | Val Loss: 4.5111 | Val C-index: 0.6980
Epoch 64/100 | Train Loss: 4.0332 | Train C-index: 0.7576 | Val Loss: 4.5107 | Val C-index: 0.6982
Epoch 65/100 | Train Loss: 4.0392 | Train C-index: 0.7582 | Val Loss: 4.5091 | Val C-index: 0.6978
Epoch 66/100 | Train Loss: 4.0609 | Train C-index: 0.7587 | Val Loss: 4.5084 | Val C-index: 0.6976
Epoch 67/100 | Train Loss: 4.0246 | Train C-index: 0.7592 | Val Loss: 4.5081 | Val C-index: 0.6983
Epoch 68/100 | Train Loss: 4.0365 | Train C-index: 0.7596 | Val Loss: 4.5070 | Val C-index: 0.6983
Epoch 69/100 | Train Loss: 4.0416 | Train C-index: 0.7601 | Val Loss: 4.5065 | Val C-index: 0.6983
Epoch 70/100 | Train Loss: 4.0342 | Train C-index: 0.7604 | Val Loss: 4.5063 | Val C-index: 0.6984
Epoch 71/100 | Train Loss: 4.0352 | Train C-index: 0.7610 | Val Loss: 4.5049 | Val C-index: 0.6988
Epoch 72/100 | Train Loss: 4.0115 | Train C-index: 0.7613 | Val Loss: 4.5042 | Val C-index: 0.6987
Epoch 73/100 | Train Loss: 4.0287 | Train C-index: 0.7617 | Val Loss: 4.5037 | Val C-index: 0.6992
Epoch 74/100 | Train Loss: 4.0355 | Train C-index: 0.7620 | Val Loss: 4.5034 | Val C-index: 0.7001
Epoch 75/100 | Train Loss: 4.0124 | Train C-index: 0.7625 | Val Loss: 4.5025 | Val C-index: 0.7003
Epoch 76/100 | Train Loss: 4.0251 | Train C-index: 0.7629 | Val Loss: 4.5016 | Val C-index: 0.7007
Epoch 77/100 | Train Loss: 4.0118 | Train C-index: 0.7631 | Val Loss: 4.5001 | Val C-index: 0.7003
Epoch 78/100 | Train Loss: 3.9932 | Train C-index: 0.7635 | Val Loss: 4.4988 | Val C-index: 0.7005
Epoch 79/100 | Train Loss: 4.0087 | Train C-index: 0.7639 | Val Loss: 4.4991 | Val C-index: 0.7008
Epoch 80/100 | Train Loss: 4.0093 | Train C-index: 0.7642 | Val Loss: 4.4982 | Val C-index: 0.7012
Epoch 81/100 | Train Loss: 4.0301 | Train C-index: 0.7646 | Val Loss: 4.4974 | Val C-index: 0.7015
Epoch 82/100 | Train Loss: 4.0168 | Train C-index: 0.7650 | Val Loss: 4.4964 | Val C-index: 0.7021
Epoch 83/100 | Train Loss: 4.0086 | Train C-index: 0.7655 | Val Loss: 4.4961 | Val C-index: 0.7024
Epoch 84/100 | Train Loss: 4.0207 | Train C-index: 0.7660 | Val Loss: 4.4954 | Val C-index: 0.7024
Epoch 85/100 | Train Loss: 4.0154 | Train C-index: 0.7664 | Val Loss: 4.4948 | Val C-index: 0.7020
Epoch 86/100 | Train Loss: 3.9965 | Train C-index: 0.7668 | Val Loss: 4.4936 | Val C-index: 0.7026
Epoch 87/100 | Train Loss: 4.0150 | Train C-index: 0.7672 | Val Loss: 4.4921 | Val C-index: 0.7033
Epoch 88/100 | Train Loss: 3.9883 | Train C-index: 0.7677 | Val Loss: 4.4908 | Val C-index: 0.7035
Epoch 89/100 | Train Loss: 3.9837 | Train C-index: 0.7680 | Val Loss: 4.4898 | Val C-index: 0.7040
Epoch 90/100 | Train Loss: 4.0075 | Train C-index: 0.7683 | Val Loss: 4.4897 | Val C-index: 0.7042
Epoch 91/100 | Train Loss: 3.9837 | Train C-index: 0.7685 | Val Loss: 4.4900 | Val C-index: 0.7043
Epoch 92/100 | Train Loss: 3.9888 | Train C-index: 0.7690 | Val Loss: 4.4894 | Val C-index: 0.7046
Epoch 93/100 | Train Loss: 3.9616 | Train C-index: 0.7694 | Val Loss: 4.4891 | Val C-index: 0.7049
Epoch 94/100 | Train Loss: 3.9993 | Train C-index: 0.7696 | Val Loss: 4.4887 | Val C-index: 0.7046
Epoch 95/100 | Train Loss: 3.9855 | Train C-index: 0.7698 | Val Loss: 4.4887 | Val C-index: 0.7051
Epoch 96/100 | Train Loss: 3.9841 | Train C-index: 0.7701 | Val Loss: 4.4889 | Val C-index: 0.7060
Epoch 97/100 | Train Loss: 3.9897 | Train C-index: 0.7706 | Val Loss: 4.4880 | Val C-index: 0.7063
Epoch 98/100 | Train Loss: 3.9791 | Train C-index: 0.7708 | Val Loss: 4.4888 | Val C-index: 0.7062
Epoch 99/100 | Train Loss: 3.9677 | Train C-index: 0.7711 | Val Loss: 4.4881 | Val C-index: 0.7063
Epoch 100/100 | Train Loss: 3.9721 | Train C-index: 0.7714 | Val Loss: 4.4885 | Val C-index: 0.7066
Fold 2 final C-index: 0.7066

Extra survival metrics:
cutoff_from_train_median: -1.090565
n_test: 169
n_high_risk: 89
n_low_risk: 80
n_event_test: 65
logrank_stat: 23.199505
logrank_p: 0.000001
auc_36m: 0.756194
auc_60m: 0.715762
mean_auc: 0.743969
HR_high_vs_low: 3.668119
HR_95CI_lower: 2.082466
HR_95CI_upper: 6.461137
cox_p: 0.000007

==================================================
Fold 4/5
==================================================
Epoch 1/100 | Train Loss: 4.3566 | Train C-index: 0.6295 | Val Loss: 4.7325 | Val C-index: 0.6198
Epoch 2/100 | Train Loss: 4.3245 | Train C-index: 0.6529 | Val Loss: 4.7068 | Val C-index: 0.6421
Epoch 3/100 | Train Loss: 4.3001 | Train C-index: 0.6718 | Val Loss: 4.6832 | Val C-index: 0.6651
Epoch 4/100 | Train Loss: 4.2909 | Train C-index: 0.6859 | Val Loss: 4.6620 | Val C-index: 0.6741
Epoch 5/100 | Train Loss: 4.2393 | Train C-index: 0.6959 | Val Loss: 4.6436 | Val C-index: 0.6855
Epoch 6/100 | Train Loss: 4.2402 | Train C-index: 0.7032 | Val Loss: 4.6273 | Val C-index: 0.6943
Epoch 7/100 | Train Loss: 4.2384 | Train C-index: 0.7091 | Val Loss: 4.6129 | Val C-index: 0.6990
Epoch 8/100 | Train Loss: 4.2208 | Train C-index: 0.7140 | Val Loss: 4.6001 | Val C-index: 0.7052
Epoch 9/100 | Train Loss: 4.2036 | Train C-index: 0.7174 | Val Loss: 4.5885 | Val C-index: 0.7077
Epoch 10/100 | Train Loss: 4.1806 | Train C-index: 0.7202 | Val Loss: 4.5788 | Val C-index: 0.7108
Epoch 11/100 | Train Loss: 4.1929 | Train C-index: 0.7226 | Val Loss: 4.5703 | Val C-index: 0.7122
Epoch 12/100 | Train Loss: 4.1852 | Train C-index: 0.7244 | Val Loss: 4.5630 | Val C-index: 0.7123
Epoch 13/100 | Train Loss: 4.1873 | Train C-index: 0.7261 | Val Loss: 4.5561 | Val C-index: 0.7146
Epoch 14/100 | Train Loss: 4.1581 | Train C-index: 0.7276 | Val Loss: 4.5507 | Val C-index: 0.7145
Epoch 15/100 | Train Loss: 4.1489 | Train C-index: 0.7288 | Val Loss: 4.5455 | Val C-index: 0.7165
Epoch 16/100 | Train Loss: 4.1622 | Train C-index: 0.7301 | Val Loss: 4.5408 | Val C-index: 0.7181
Epoch 17/100 | Train Loss: 4.1453 | Train C-index: 0.7309 | Val Loss: 4.5368 | Val C-index: 0.7194
Epoch 18/100 | Train Loss: 4.1411 | Train C-index: 0.7318 | Val Loss: 4.5333 | Val C-index: 0.7192
Epoch 19/100 | Train Loss: 4.1480 | Train C-index: 0.7327 | Val Loss: 4.5306 | Val C-index: 0.7194
Epoch 20/100 | Train Loss: 4.1113 | Train C-index: 0.7336 | Val Loss: 4.5280 | Val C-index: 0.7193
Epoch 21/100 | Train Loss: 4.1334 | Train C-index: 0.7347 | Val Loss: 4.5257 | Val C-index: 0.7203
Epoch 22/100 | Train Loss: 4.1119 | Train C-index: 0.7357 | Val Loss: 4.5235 | Val C-index: 0.7210
Epoch 23/100 | Train Loss: 4.1204 | Train C-index: 0.7365 | Val Loss: 4.5216 | Val C-index: 0.7207
Epoch 24/100 | Train Loss: 4.1196 | Train C-index: 0.7374 | Val Loss: 4.5200 | Val C-index: 0.7215
Epoch 25/100 | Train Loss: 4.1259 | Train C-index: 0.7383 | Val Loss: 4.5180 | Val C-index: 0.7218
Epoch 26/100 | Train Loss: 4.1142 | Train C-index: 0.7391 | Val Loss: 4.5163 | Val C-index: 0.7224
Epoch 27/100 | Train Loss: 4.0992 | Train C-index: 0.7398 | Val Loss: 4.5149 | Val C-index: 0.7235
Epoch 28/100 | Train Loss: 4.0964 | Train C-index: 0.7406 | Val Loss: 4.5135 | Val C-index: 0.7239
Epoch 29/100 | Train Loss: 4.0897 | Train C-index: 0.7413 | Val Loss: 4.5119 | Val C-index: 0.7241
Epoch 30/100 | Train Loss: 4.1069 | Train C-index: 0.7419 | Val Loss: 4.5110 | Val C-index: 0.7245
Epoch 31/100 | Train Loss: 4.0983 | Train C-index: 0.7427 | Val Loss: 4.5094 | Val C-index: 0.7247
Epoch 32/100 | Train Loss: 4.0920 | Train C-index: 0.7434 | Val Loss: 4.5087 | Val C-index: 0.7253
Epoch 33/100 | Train Loss: 4.1116 | Train C-index: 0.7441 | Val Loss: 4.5081 | Val C-index: 0.7256
Epoch 34/100 | Train Loss: 4.0841 | Train C-index: 0.7447 | Val Loss: 4.5075 | Val C-index: 0.7260
Epoch 35/100 | Train Loss: 4.0776 | Train C-index: 0.7453 | Val Loss: 4.5067 | Val C-index: 0.7252
Epoch 36/100 | Train Loss: 4.1117 | Train C-index: 0.7457 | Val Loss: 4.5051 | Val C-index: 0.7255
Epoch 37/100 | Train Loss: 4.0779 | Train C-index: 0.7464 | Val Loss: 4.5040 | Val C-index: 0.7258
Epoch 38/100 | Train Loss: 4.0810 | Train C-index: 0.7470 | Val Loss: 4.5027 | Val C-index: 0.7256
Epoch 39/100 | Train Loss: 4.0854 | Train C-index: 0.7475 | Val Loss: 4.5015 | Val C-index: 0.7261
Epoch 40/100 | Train Loss: 4.0720 | Train C-index: 0.7483 | Val Loss: 4.5002 | Val C-index: 0.7265
Epoch 41/100 | Train Loss: 4.0729 | Train C-index: 0.7489 | Val Loss: 4.4994 | Val C-index: 0.7272
Epoch 42/100 | Train Loss: 4.0780 | Train C-index: 0.7494 | Val Loss: 4.4981 | Val C-index: 0.7272
Epoch 43/100 | Train Loss: 4.0724 | Train C-index: 0.7501 | Val Loss: 4.4968 | Val C-index: 0.7279
Epoch 44/100 | Train Loss: 4.0672 | Train C-index: 0.7508 | Val Loss: 4.4957 | Val C-index: 0.7283
Epoch 45/100 | Train Loss: 4.0549 | Train C-index: 0.7514 | Val Loss: 4.4948 | Val C-index: 0.7292
Epoch 46/100 | Train Loss: 4.0557 | Train C-index: 0.7519 | Val Loss: 4.4940 | Val C-index: 0.7299
Epoch 47/100 | Train Loss: 4.0460 | Train C-index: 0.7523 | Val Loss: 4.4932 | Val C-index: 0.7310
Epoch 48/100 | Train Loss: 4.0376 | Train C-index: 0.7528 | Val Loss: 4.4924 | Val C-index: 0.7314
Epoch 49/100 | Train Loss: 4.0480 | Train C-index: 0.7533 | Val Loss: 4.4918 | Val C-index: 0.7306
Epoch 50/100 | Train Loss: 4.0571 | Train C-index: 0.7538 | Val Loss: 4.4910 | Val C-index: 0.7313
Epoch 51/100 | Train Loss: 4.0566 | Train C-index: 0.7541 | Val Loss: 4.4908 | Val C-index: 0.7317
Epoch 52/100 | Train Loss: 4.0508 | Train C-index: 0.7546 | Val Loss: 4.4904 | Val C-index: 0.7321
Epoch 53/100 | Train Loss: 4.0334 | Train C-index: 0.7552 | Val Loss: 4.4900 | Val C-index: 0.7326
Epoch 54/100 | Train Loss: 4.0356 | Train C-index: 0.7556 | Val Loss: 4.4893 | Val C-index: 0.7327
Epoch 55/100 | Train Loss: 4.0545 | Train C-index: 0.7560 | Val Loss: 4.4882 | Val C-index: 0.7327
Epoch 56/100 | Train Loss: 4.0365 | Train C-index: 0.7565 | Val Loss: 4.4875 | Val C-index: 0.7330
Epoch 57/100 | Train Loss: 4.0460 | Train C-index: 0.7572 | Val Loss: 4.4868 | Val C-index: 0.7330
Epoch 58/100 | Train Loss: 4.0309 | Train C-index: 0.7576 | Val Loss: 4.4867 | Val C-index: 0.7325
Epoch 59/100 | Train Loss: 4.0280 | Train C-index: 0.7585 | Val Loss: 4.4860 | Val C-index: 0.7327
Epoch 60/100 | Train Loss: 4.0229 | Train C-index: 0.7591 | Val Loss: 4.4852 | Val C-index: 0.7333
Epoch 61/100 | Train Loss: 4.0246 | Train C-index: 0.7595 | Val Loss: 4.4845 | Val C-index: 0.7336
Epoch 62/100 | Train Loss: 4.0344 | Train C-index: 0.7599 | Val Loss: 4.4839 | Val C-index: 0.7335
Epoch 63/100 | Train Loss: 4.0102 | Train C-index: 0.7603 | Val Loss: 4.4831 | Val C-index: 0.7340
Epoch 64/100 | Train Loss: 4.0335 | Train C-index: 0.7607 | Val Loss: 4.4826 | Val C-index: 0.7340
Epoch 65/100 | Train Loss: 4.0292 | Train C-index: 0.7612 | Val Loss: 4.4823 | Val C-index: 0.7338
Epoch 66/100 | Train Loss: 4.0325 | Train C-index: 0.7615 | Val Loss: 4.4822 | Val C-index: 0.7340
Epoch 67/100 | Train Loss: 4.0157 | Train C-index: 0.7619 | Val Loss: 4.4819 | Val C-index: 0.7333
Epoch 68/100 | Train Loss: 4.0179 | Train C-index: 0.7623 | Val Loss: 4.4811 | Val C-index: 0.7343
Epoch 69/100 | Train Loss: 4.0217 | Train C-index: 0.7629 | Val Loss: 4.4803 | Val C-index: 0.7340
Epoch 70/100 | Train Loss: 4.0263 | Train C-index: 0.7634 | Val Loss: 4.4793 | Val C-index: 0.7338
Epoch 71/100 | Train Loss: 4.0408 | Train C-index: 0.7638 | Val Loss: 4.4787 | Val C-index: 0.7342
Epoch 72/100 | Train Loss: 3.9896 | Train C-index: 0.7642 | Val Loss: 4.4779 | Val C-index: 0.7345
Epoch 73/100 | Train Loss: 4.0017 | Train C-index: 0.7643 | Val Loss: 4.4776 | Val C-index: 0.7348
Epoch 74/100 | Train Loss: 3.9960 | Train C-index: 0.7647 | Val Loss: 4.4772 | Val C-index: 0.7343
Epoch 75/100 | Train Loss: 4.0057 | Train C-index: 0.7652 | Val Loss: 4.4766 | Val C-index: 0.7342
Epoch 76/100 | Train Loss: 3.9912 | Train C-index: 0.7657 | Val Loss: 4.4762 | Val C-index: 0.7351
Epoch 77/100 | Train Loss: 3.9918 | Train C-index: 0.7660 | Val Loss: 4.4752 | Val C-index: 0.7343
Epoch 78/100 | Train Loss: 4.0030 | Train C-index: 0.7663 | Val Loss: 4.4746 | Val C-index: 0.7346
Epoch 79/100 | Train Loss: 3.9990 | Train C-index: 0.7666 | Val Loss: 4.4738 | Val C-index: 0.7352
Epoch 80/100 | Train Loss: 3.9885 | Train C-index: 0.7672 | Val Loss: 4.4737 | Val C-index: 0.7353
Epoch 81/100 | Train Loss: 4.0203 | Train C-index: 0.7677 | Val Loss: 4.4732 | Val C-index: 0.7352
Epoch 82/100 | Train Loss: 3.9904 | Train C-index: 0.7681 | Val Loss: 4.4723 | Val C-index: 0.7352
Epoch 83/100 | Train Loss: 3.9707 | Train C-index: 0.7684 | Val Loss: 4.4722 | Val C-index: 0.7350
Epoch 84/100 | Train Loss: 3.9973 | Train C-index: 0.7689 | Val Loss: 4.4718 | Val C-index: 0.7354
Epoch 85/100 | Train Loss: 3.9899 | Train C-index: 0.7693 | Val Loss: 4.4712 | Val C-index: 0.7348
Epoch 86/100 | Train Loss: 3.9771 | Train C-index: 0.7697 | Val Loss: 4.4713 | Val C-index: 0.7346
Epoch 87/100 | Train Loss: 3.9841 | Train C-index: 0.7700 | Val Loss: 4.4709 | Val C-index: 0.7354
Epoch 88/100 | Train Loss: 3.9974 | Train C-index: 0.7704 | Val Loss: 4.4701 | Val C-index: 0.7353
Epoch 89/100 | Train Loss: 3.9870 | Train C-index: 0.7707 | Val Loss: 4.4699 | Val C-index: 0.7353
Epoch 90/100 | Train Loss: 3.9962 | Train C-index: 0.7711 | Val Loss: 4.4695 | Val C-index: 0.7350
Epoch 91/100 | Train Loss: 3.9741 | Train C-index: 0.7714 | Val Loss: 4.4693 | Val C-index: 0.7342
Epoch 92/100 | Train Loss: 3.9841 | Train C-index: 0.7717 | Val Loss: 4.4691 | Val C-index: 0.7342
Epoch 93/100 | Train Loss: 3.9899 | Train C-index: 0.7719 | Val Loss: 4.4684 | Val C-index: 0.7341
Epoch 94/100 | Train Loss: 3.9836 | Train C-index: 0.7722 | Val Loss: 4.4684 | Val C-index: 0.7345
Early stopping at epoch 94
Fold 3 final C-index: 0.7354

Extra survival metrics:
cutoff_from_train_median: -0.924254
n_test: 168
n_high_risk: 84
n_low_risk: 84
n_event_test: 65
logrank_stat: 40.093436
logrank_p: 0.000000
auc_36m: 0.759093
auc_60m: 0.771891
mean_auc: 0.763552
HR_high_vs_low: 5.972851
HR_95CI_lower: 3.186221
HR_95CI_upper: 11.196633
cox_p: 0.000000

==================================================
Fold 5/5
==================================================
Epoch 1/100 | Train Loss: 4.3903 | Train C-index: 0.5910 | Val Loss: 4.6806 | Val C-index: 0.5866
Epoch 2/100 | Train Loss: 4.3598 | Train C-index: 0.6192 | Val Loss: 4.6571 | Val C-index: 0.6098
Epoch 3/100 | Train Loss: 4.3376 | Train C-index: 0.6440 | Val Loss: 4.6350 | Val C-index: 0.6310
Epoch 4/100 | Train Loss: 4.3158 | Train C-index: 0.6633 | Val Loss: 4.6153 | Val C-index: 0.6474
Epoch 5/100 | Train Loss: 4.2886 | Train C-index: 0.6772 | Val Loss: 4.5981 | Val C-index: 0.6591
Epoch 6/100 | Train Loss: 4.2597 | Train C-index: 0.6875 | Val Loss: 4.5829 | Val C-index: 0.6680
Epoch 7/100 | Train Loss: 4.2455 | Train C-index: 0.6955 | Val Loss: 4.5697 | Val C-index: 0.6765
Epoch 8/100 | Train Loss: 4.2417 | Train C-index: 0.7013 | Val Loss: 4.5586 | Val C-index: 0.6805
Epoch 9/100 | Train Loss: 4.2064 | Train C-index: 0.7059 | Val Loss: 4.5487 | Val C-index: 0.6842
Epoch 10/100 | Train Loss: 4.2205 | Train C-index: 0.7099 | Val Loss: 4.5404 | Val C-index: 0.6867
Epoch 11/100 | Train Loss: 4.2246 | Train C-index: 0.7130 | Val Loss: 4.5333 | Val C-index: 0.6896
Epoch 12/100 | Train Loss: 4.1926 | Train C-index: 0.7155 | Val Loss: 4.5276 | Val C-index: 0.6899
Epoch 13/100 | Train Loss: 4.1772 | Train C-index: 0.7172 | Val Loss: 4.5230 | Val C-index: 0.6911
Epoch 14/100 | Train Loss: 4.1612 | Train C-index: 0.7192 | Val Loss: 4.5191 | Val C-index: 0.6926
Epoch 15/100 | Train Loss: 4.1563 | Train C-index: 0.7211 | Val Loss: 4.5151 | Val C-index: 0.6950
Epoch 16/100 | Train Loss: 4.1666 | Train C-index: 0.7224 | Val Loss: 4.5119 | Val C-index: 0.6968
Epoch 17/100 | Train Loss: 4.1533 | Train C-index: 0.7238 | Val Loss: 4.5091 | Val C-index: 0.6968
Epoch 18/100 | Train Loss: 4.1543 | Train C-index: 0.7252 | Val Loss: 4.5075 | Val C-index: 0.6972
Epoch 19/100 | Train Loss: 4.1454 | Train C-index: 0.7264 | Val Loss: 4.5050 | Val C-index: 0.6976
Epoch 20/100 | Train Loss: 4.1247 | Train C-index: 0.7275 | Val Loss: 4.5036 | Val C-index: 0.6974
Epoch 21/100 | Train Loss: 4.1331 | Train C-index: 0.7285 | Val Loss: 4.5020 | Val C-index: 0.6978
Epoch 22/100 | Train Loss: 4.1301 | Train C-index: 0.7295 | Val Loss: 4.5012 | Val C-index: 0.6977
Epoch 23/100 | Train Loss: 4.1438 | Train C-index: 0.7306 | Val Loss: 4.5002 | Val C-index: 0.6982
Epoch 24/100 | Train Loss: 4.1335 | Train C-index: 0.7315 | Val Loss: 4.4994 | Val C-index: 0.6970
Epoch 25/100 | Train Loss: 4.1242 | Train C-index: 0.7322 | Val Loss: 4.4986 | Val C-index: 0.6968
Epoch 26/100 | Train Loss: 4.1246 | Train C-index: 0.7332 | Val Loss: 4.4978 | Val C-index: 0.6977
Epoch 27/100 | Train Loss: 4.1227 | Train C-index: 0.7343 | Val Loss: 4.4970 | Val C-index: 0.6981
Epoch 28/100 | Train Loss: 4.1310 | Train C-index: 0.7353 | Val Loss: 4.4962 | Val C-index: 0.6988
Epoch 29/100 | Train Loss: 4.1291 | Train C-index: 0.7361 | Val Loss: 4.4961 | Val C-index: 0.6988
Epoch 30/100 | Train Loss: 4.1013 | Train C-index: 0.7370 | Val Loss: 4.4954 | Val C-index: 0.6994
Epoch 31/100 | Train Loss: 4.0783 | Train C-index: 0.7378 | Val Loss: 4.4946 | Val C-index: 0.7006
Epoch 32/100 | Train Loss: 4.1105 | Train C-index: 0.7388 | Val Loss: 4.4937 | Val C-index: 0.7003
Epoch 33/100 | Train Loss: 4.1006 | Train C-index: 0.7395 | Val Loss: 4.4933 | Val C-index: 0.7006
Epoch 34/100 | Train Loss: 4.1005 | Train C-index: 0.7401 | Val Loss: 4.4926 | Val C-index: 0.7013
Epoch 35/100 | Train Loss: 4.0877 | Train C-index: 0.7409 | Val Loss: 4.4924 | Val C-index: 0.7015
Epoch 36/100 | Train Loss: 4.0645 | Train C-index: 0.7416 | Val Loss: 4.4918 | Val C-index: 0.7007
Epoch 37/100 | Train Loss: 4.1028 | Train C-index: 0.7422 | Val Loss: 4.4923 | Val C-index: 0.7002
Epoch 38/100 | Train Loss: 4.0724 | Train C-index: 0.7428 | Val Loss: 4.4914 | Val C-index: 0.7008
Epoch 39/100 | Train Loss: 4.0579 | Train C-index: 0.7436 | Val Loss: 4.4910 | Val C-index: 0.7001
Epoch 40/100 | Train Loss: 4.0818 | Train C-index: 0.7442 | Val Loss: 4.4906 | Val C-index: 0.6997
Epoch 41/100 | Train Loss: 4.0816 | Train C-index: 0.7450 | Val Loss: 4.4904 | Val C-index: 0.6994
Epoch 42/100 | Train Loss: 4.0697 | Train C-index: 0.7456 | Val Loss: 4.4900 | Val C-index: 0.6999
Epoch 43/100 | Train Loss: 4.0603 | Train C-index: 0.7464 | Val Loss: 4.4890 | Val C-index: 0.7012
Epoch 44/100 | Train Loss: 4.0790 | Train C-index: 0.7471 | Val Loss: 4.4886 | Val C-index: 0.7016
Epoch 45/100 | Train Loss: 4.0745 | Train C-index: 0.7479 | Val Loss: 4.4879 | Val C-index: 0.7018
Epoch 46/100 | Train Loss: 4.0654 | Train C-index: 0.7486 | Val Loss: 4.4869 | Val C-index: 0.7021
Epoch 47/100 | Train Loss: 4.0649 | Train C-index: 0.7491 | Val Loss: 4.4854 | Val C-index: 0.7022
Epoch 48/100 | Train Loss: 4.0441 | Train C-index: 0.7495 | Val Loss: 4.4845 | Val C-index: 0.7029
Epoch 49/100 | Train Loss: 4.0556 | Train C-index: 0.7501 | Val Loss: 4.4841 | Val C-index: 0.7030
Epoch 50/100 | Train Loss: 4.0479 | Train C-index: 0.7508 | Val Loss: 4.4842 | Val C-index: 0.7032
Epoch 51/100 | Train Loss: 4.0713 | Train C-index: 0.7516 | Val Loss: 4.4841 | Val C-index: 0.7037
Epoch 52/100 | Train Loss: 4.0390 | Train C-index: 0.7523 | Val Loss: 4.4828 | Val C-index: 0.7041
Epoch 53/100 | Train Loss: 4.0307 | Train C-index: 0.7528 | Val Loss: 4.4831 | Val C-index: 0.7035
Epoch 54/100 | Train Loss: 4.0515 | Train C-index: 0.7534 | Val Loss: 4.4824 | Val C-index: 0.7039
Epoch 55/100 | Train Loss: 4.0331 | Train C-index: 0.7539 | Val Loss: 4.4820 | Val C-index: 0.7046
Epoch 56/100 | Train Loss: 4.0464 | Train C-index: 0.7547 | Val Loss: 4.4818 | Val C-index: 0.7045
Epoch 57/100 | Train Loss: 4.0364 | Train C-index: 0.7553 | Val Loss: 4.4810 | Val C-index: 0.7051
Epoch 58/100 | Train Loss: 4.0306 | Train C-index: 0.7558 | Val Loss: 4.4797 | Val C-index: 0.7058
Epoch 59/100 | Train Loss: 4.0471 | Train C-index: 0.7565 | Val Loss: 4.4789 | Val C-index: 0.7060
Epoch 60/100 | Train Loss: 4.0198 | Train C-index: 0.7569 | Val Loss: 4.4788 | Val C-index: 0.7066
Epoch 61/100 | Train Loss: 4.0109 | Train C-index: 0.7574 | Val Loss: 4.4783 | Val C-index: 0.7076
Epoch 62/100 | Train Loss: 4.0366 | Train C-index: 0.7580 | Val Loss: 4.4774 | Val C-index: 0.7085
Epoch 63/100 | Train Loss: 4.0279 | Train C-index: 0.7583 | Val Loss: 4.4775 | Val C-index: 0.7085
Epoch 64/100 | Train Loss: 4.0279 | Train C-index: 0.7589 | Val Loss: 4.4775 | Val C-index: 0.7083
Epoch 65/100 | Train Loss: 4.0318 | Train C-index: 0.7595 | Val Loss: 4.4770 | Val C-index: 0.7087
Epoch 66/100 | Train Loss: 4.0235 | Train C-index: 0.7598 | Val Loss: 4.4768 | Val C-index: 0.7080
Epoch 67/100 | Train Loss: 4.0126 | Train C-index: 0.7604 | Val Loss: 4.4765 | Val C-index: 0.7075
Epoch 68/100 | Train Loss: 4.0070 | Train C-index: 0.7610 | Val Loss: 4.4756 | Val C-index: 0.7083
Epoch 69/100 | Train Loss: 4.0005 | Train C-index: 0.7614 | Val Loss: 4.4752 | Val C-index: 0.7088
Epoch 70/100 | Train Loss: 4.0346 | Train C-index: 0.7618 | Val Loss: 4.4744 | Val C-index: 0.7084
Epoch 71/100 | Train Loss: 4.0254 | Train C-index: 0.7623 | Val Loss: 4.4739 | Val C-index: 0.7090
Epoch 72/100 | Train Loss: 3.9988 | Train C-index: 0.7626 | Val Loss: 4.4733 | Val C-index: 0.7100
Epoch 73/100 | Train Loss: 3.9999 | Train C-index: 0.7629 | Val Loss: 4.4729 | Val C-index: 0.7102
Epoch 74/100 | Train Loss: 3.9858 | Train C-index: 0.7634 | Val Loss: 4.4723 | Val C-index: 0.7102
Epoch 75/100 | Train Loss: 3.9871 | Train C-index: 0.7638 | Val Loss: 4.4717 | Val C-index: 0.7109
Epoch 76/100 | Train Loss: 4.0006 | Train C-index: 0.7641 | Val Loss: 4.4723 | Val C-index: 0.7116
Epoch 77/100 | Train Loss: 3.9753 | Train C-index: 0.7644 | Val Loss: 4.4721 | Val C-index: 0.7116
Epoch 78/100 | Train Loss: 3.9915 | Train C-index: 0.7646 | Val Loss: 4.4725 | Val C-index: 0.7117
Epoch 79/100 | Train Loss: 3.9975 | Train C-index: 0.7650 | Val Loss: 4.4722 | Val C-index: 0.7113
Epoch 80/100 | Train Loss: 4.0045 | Train C-index: 0.7652 | Val Loss: 4.4726 | Val C-index: 0.7111
Epoch 81/100 | Train Loss: 3.9897 | Train C-index: 0.7657 | Val Loss: 4.4720 | Val C-index: 0.7118
Epoch 82/100 | Train Loss: 3.9991 | Train C-index: 0.7663 | Val Loss: 4.4716 | Val C-index: 0.7116
Epoch 83/100 | Train Loss: 3.9990 | Train C-index: 0.7668 | Val Loss: 4.4715 | Val C-index: 0.7111
Epoch 84/100 | Train Loss: 3.9924 | Train C-index: 0.7673 | Val Loss: 4.4714 | Val C-index: 0.7102
Epoch 85/100 | Train Loss: 3.9862 | Train C-index: 0.7677 | Val Loss: 4.4715 | Val C-index: 0.7106
Epoch 86/100 | Train Loss: 3.9945 | Train C-index: 0.7680 | Val Loss: 4.4721 | Val C-index: 0.7106
Epoch 87/100 | Train Loss: 3.9840 | Train C-index: 0.7684 | Val Loss: 4.4725 | Val C-index: 0.7116
Epoch 88/100 | Train Loss: 3.9879 | Train C-index: 0.7688 | Val Loss: 4.4731 | Val C-index: 0.7113
Epoch 89/100 | Train Loss: 3.9877 | Train C-index: 0.7691 | Val Loss: 4.4726 | Val C-index: 0.7117
Epoch 90/100 | Train Loss: 3.9711 | Train C-index: 0.7694 | Val Loss: 4.4724 | Val C-index: 0.7114
Epoch 91/100 | Train Loss: 3.9584 | Train C-index: 0.7697 | Val Loss: 4.4718 | Val C-index: 0.7118
Early stopping at epoch 91
Fold 4 final C-index: 0.7118

Extra survival metrics:
cutoff_from_train_median: -0.902833
n_test: 168
n_high_risk: 95
n_low_risk: 73
n_event_test: 65
logrank_stat: 26.538794
logrank_p: 0.000000
auc_36m: 0.745575
auc_60m: 0.716089
mean_auc: 0.739794
HR_high_vs_low: 4.515533
HR_95CI_lower: 2.408793
HR_95CI_upper: 8.464835
cox_p: 0.000003

==================================================
5-Fold CV Summary
==================================================
  C-index: 0.7189 +/- 0.0265
