nohup: ignoring input
Using Device: cuda | ROI size: 64
PA model: abmil-cox-topk | Augment: False
CT pretrained: /home/gly001/cqj/pa_ct_surv/model/ct_pretrain/resnet_18_23dataset.pth
Checkpoints: /home/gly001/cqj/pa_ct_surv/experiments/final_core_v6/seed42/pact_teacher_ema/checkpoints
Results:     /home/gly001/cqj/pa_ct_surv/experiments/final_core_v6/seed42/pact_teacher_ema/results
Loaded 843 paired samples

==================================================
Fold 1/5
==================================================
[ResNetCox] Loaded pretrained from /home/gly001/cqj/pa_ct_surv/model/ct_pretrain/resnet_18_23dataset.pth
  Missing keys (ok): ['fc.weight', 'fc.bias']
[ResNetCox] Loaded pretrained from /home/gly001/cqj/pa_ct_surv/model/ct_pretrain/resnet_18_23dataset.pth
  Missing keys (ok): ['fc.weight', 'fc.bias']
EMA teacher enabled | decay=0.99 | eval_ema=True
Epoch 1/30 | Train Loss: 4.3722 | Train C-index: 0.7172 | Val Loss: 4.4315 | Val C-index: 0.6847
Epoch 2/30 | Train Loss: 4.1576 | Train C-index: 0.7211 | Val Loss: 4.4046 | Val C-index: 0.6972
Epoch 3/30 | Train Loss: 4.1226 | Train C-index: 0.7388 | Val Loss: 4.3044 | Val C-index: 0.7243
Epoch 4/30 | Train Loss: 4.0226 | Train C-index: 0.7550 | Val Loss: 4.2868 | Val C-index: 0.7408
Epoch 5/30 | Train Loss: 3.9460 | Train C-index: 0.7840 | Val Loss: 4.2846 | Val C-index: 0.7548
Epoch 6/30 | Train Loss: 3.7873 | Train C-index: 0.7866 | Val Loss: 4.4327 | Val C-index: 0.7607
Epoch 7/30 | Train Loss: 3.7183 | Train C-index: 0.7840 | Val Loss: 4.4021 | Val C-index: 0.7521
Epoch 8/30 | Train Loss: 3.5549 | Train C-index: 0.8056 | Val Loss: 4.2519 | Val C-index: 0.7586
Epoch 9/30 | Train Loss: 3.4540 | Train C-index: 0.8120 | Val Loss: 4.2453 | Val C-index: 0.7498
Epoch 10/30 | Train Loss: 3.2923 | Train C-index: 0.8256 | Val Loss: 4.2243 | Val C-index: 0.7651
Epoch 11/30 | Train Loss: 3.0892 | Train C-index: 0.8352 | Val Loss: 4.2262 | Val C-index: 0.7724
Epoch 12/30 | Train Loss: 3.0376 | Train C-index: 0.8453 | Val Loss: 4.2369 | Val C-index: 0.7689
Epoch 13/30 | Train Loss: 3.0178 | Train C-index: 0.8527 | Val Loss: 4.2365 | Val C-index: 0.7682
Epoch 14/30 | Train Loss: 2.9410 | Train C-index: 0.8556 | Val Loss: 4.3274 | Val C-index: 0.7663
Epoch 15/30 | Train Loss: 2.8760 | Train C-index: 0.8677 | Val Loss: 4.3715 | Val C-index: 0.7653
Epoch 16/30 | Train Loss: 2.8241 | Train C-index: 0.8727 | Val Loss: 4.6381 | Val C-index: 0.7603
Early stopping at epoch 16
Fold 0 final C-index: 0.7724

Extra survival metrics:
cutoff_from_train_median: -0.370353
n_test: 169
n_high_risk: 93
n_low_risk: 76
n_event_test: 65
logrank_stat: 39.789688
logrank_p: 0.000000
auc_36m: 0.805335
auc_60m: 0.771077
mean_auc: 0.795654
HR_high_vs_low: 7.576814
HR_95CI_lower: 3.611585
HR_95CI_upper: 15.895543
cox_p: 0.000000

==================================================
Fold 2/5
==================================================
[ResNetCox] Loaded pretrained from /home/gly001/cqj/pa_ct_surv/model/ct_pretrain/resnet_18_23dataset.pth
  Missing keys (ok): ['fc.weight', 'fc.bias']
[ResNetCox] Loaded pretrained from /home/gly001/cqj/pa_ct_surv/model/ct_pretrain/resnet_18_23dataset.pth
  Missing keys (ok): ['fc.weight', 'fc.bias']
EMA teacher enabled | decay=0.99 | eval_ema=True
Epoch 1/30 | Train Loss: 4.3680 | Train C-index: 0.7402 | Val Loss: 4.5599 | Val C-index: 0.6980
Epoch 2/30 | Train Loss: 4.0702 | Train C-index: 0.7614 | Val Loss: 4.5539 | Val C-index: 0.7021
Epoch 3/30 | Train Loss: 3.9543 | Train C-index: 0.7847 | Val Loss: 4.5460 | Val C-index: 0.7013
Epoch 4/30 | Train Loss: 3.8551 | Train C-index: 0.7963 | Val Loss: 4.5563 | Val C-index: 0.6935
Epoch 5/30 | Train Loss: 3.7148 | Train C-index: 0.8064 | Val Loss: 4.5335 | Val C-index: 0.6958
Epoch 6/30 | Train Loss: 3.5244 | Train C-index: 0.8197 | Val Loss: 4.5388 | Val C-index: 0.6924
Epoch 7/30 | Train Loss: 3.4257 | Train C-index: 0.8312 | Val Loss: 4.5253 | Val C-index: 0.6925
Early stopping at epoch 7
Fold 1 final C-index: 0.7021

Extra survival metrics:
cutoff_from_train_median: -0.670524
n_test: 169
n_high_risk: 81
n_low_risk: 88
n_event_test: 65
logrank_stat: 16.745121
logrank_p: 0.000043
auc_36m: 0.722132
auc_60m: 0.685632
mean_auc: 0.713230
HR_high_vs_low: 2.843388
HR_95CI_lower: 1.684721
HR_95CI_upper: 4.798930
cox_p: 0.000091

==================================================
Fold 3/5
==================================================
[ResNetCox] Loaded pretrained from /home/gly001/cqj/pa_ct_surv/model/ct_pretrain/resnet_18_23dataset.pth
  Missing keys (ok): ['fc.weight', 'fc.bias']
[ResNetCox] Loaded pretrained from /home/gly001/cqj/pa_ct_surv/model/ct_pretrain/resnet_18_23dataset.pth
  Missing keys (ok): ['fc.weight', 'fc.bias']
EMA teacher enabled | decay=0.99 | eval_ema=True
Epoch 1/30 | Train Loss: 4.2690 | Train C-index: 0.7394 | Val Loss: 4.5072 | Val C-index: 0.7174
Epoch 2/30 | Train Loss: 4.1195 | Train C-index: 0.7544 | Val Loss: 4.4628 | Val C-index: 0.7285
Epoch 3/30 | Train Loss: 3.9694 | Train C-index: 0.7683 | Val Loss: 4.4306 | Val C-index: 0.7367
Epoch 4/30 | Train Loss: 3.8697 | Train C-index: 0.7719 | Val Loss: 4.4899 | Val C-index: 0.7083
Epoch 5/30 | Train Loss: 3.7825 | Train C-index: 0.7873 | Val Loss: 4.4853 | Val C-index: 0.7247
Epoch 6/30 | Train Loss: 3.7487 | Train C-index: 0.7731 | Val Loss: 4.5460 | Val C-index: 0.6892
Epoch 7/30 | Train Loss: 3.5533 | Train C-index: 0.8022 | Val Loss: 4.6457 | Val C-index: 0.7011
Epoch 8/30 | Train Loss: 3.3224 | Train C-index: 0.8201 | Val Loss: 4.5210 | Val C-index: 0.7236
Early stopping at epoch 8
Fold 2 final C-index: 0.7367

Extra survival metrics:
cutoff_from_train_median: -0.089352
n_test: 169
n_high_risk: 90
n_low_risk: 79
n_event_test: 65
logrank_stat: 29.797925
logrank_p: 0.000000
auc_36m: 0.789672
auc_60m: 0.727425
mean_auc: 0.777391
HR_high_vs_low: 4.695158
HR_95CI_lower: 2.548042
HR_95CI_upper: 8.651546
cox_p: 0.000001

==================================================
Fold 4/5
==================================================
[ResNetCox] Loaded pretrained from /home/gly001/cqj/pa_ct_surv/model/ct_pretrain/resnet_18_23dataset.pth
  Missing keys (ok): ['fc.weight', 'fc.bias']
[ResNetCox] Loaded pretrained from /home/gly001/cqj/pa_ct_surv/model/ct_pretrain/resnet_18_23dataset.pth
  Missing keys (ok): ['fc.weight', 'fc.bias']
EMA teacher enabled | decay=0.99 | eval_ema=True
Epoch 1/30 | Train Loss: 4.2568 | Train C-index: 0.7273 | Val Loss: 4.4625 | Val C-index: 0.7520
Epoch 2/30 | Train Loss: 4.1632 | Train C-index: 0.6983 | Val Loss: 4.4948 | Val C-index: 0.7151
Epoch 3/30 | Train Loss: 4.0408 | Train C-index: 0.6712 | Val Loss: 4.5786 | Val C-index: 0.6848
Epoch 4/30 | Train Loss: 3.9899 | Train C-index: 0.7250 | Val Loss: 4.4907 | Val C-index: 0.7181
Epoch 5/30 | Train Loss: 3.8028 | Train C-index: 0.7047 | Val Loss: 4.6616 | Val C-index: 0.7145
Epoch 6/30 | Train Loss: 3.6847 | Train C-index: 0.7262 | Val Loss: 4.7190 | Val C-index: 0.7153
Early stopping at epoch 6
Fold 3 final C-index: 0.7520

Extra survival metrics:
cutoff_from_train_median: -0.221676
n_test: 168
n_high_risk: 94
n_low_risk: 74
n_event_test: 65
logrank_stat: 40.938159
logrank_p: 0.000000
auc_36m: 0.783308
auc_60m: 0.827662
mean_auc: 0.795235
HR_high_vs_low: 7.240146
HR_95CI_lower: 3.571051
HR_95CI_upper: 14.679074
cox_p: 0.000000

==================================================
Fold 5/5
==================================================
[ResNetCox] Loaded pretrained from /home/gly001/cqj/pa_ct_surv/model/ct_pretrain/resnet_18_23dataset.pth
  Missing keys (ok): ['fc.weight', 'fc.bias']
[ResNetCox] Loaded pretrained from /home/gly001/cqj/pa_ct_surv/model/ct_pretrain/resnet_18_23dataset.pth
  Missing keys (ok): ['fc.weight', 'fc.bias']
EMA teacher enabled | decay=0.99 | eval_ema=True
Epoch 1/30 | Train Loss: 4.3274 | Train C-index: 0.7308 | Val Loss: 4.4144 | Val C-index: 0.7124
Epoch 2/30 | Train Loss: 4.1432 | Train C-index: 0.7331 | Val Loss: 4.4293 | Val C-index: 0.7042
Epoch 3/30 | Train Loss: 4.0656 | Train C-index: 0.7330 | Val Loss: 4.4180 | Val C-index: 0.7058
Epoch 4/30 | Train Loss: 3.9720 | Train C-index: 0.7164 | Val Loss: 4.5013 | Val C-index: 0.6999
Epoch 5/30 | Train Loss: 3.8265 | Train C-index: 0.7387 | Val Loss: 4.6072 | Val C-index: 0.7142
Epoch 6/30 | Train Loss: 3.7074 | Train C-index: 0.7582 | Val Loss: 4.6090 | Val C-index: 0.7151
Epoch 7/30 | Train Loss: 3.5187 | Train C-index: 0.7877 | Val Loss: 4.5558 | Val C-index: 0.7155
Epoch 8/30 | Train Loss: 3.3434 | Train C-index: 0.8079 | Val Loss: 4.5105 | Val C-index: 0.7259
Epoch 9/30 | Train Loss: 3.2466 | Train C-index: 0.8192 | Val Loss: 4.4153 | Val C-index: 0.7269
Epoch 10/30 | Train Loss: 3.0034 | Train C-index: 0.8332 | Val Loss: 4.3529 | Val C-index: 0.7281
Epoch 11/30 | Train Loss: 3.0087 | Train C-index: 0.8400 | Val Loss: 4.3715 | Val C-index: 0.7217
Epoch 12/30 | Train Loss: 2.8190 | Train C-index: 0.8488 | Val Loss: 4.3734 | Val C-index: 0.7210
Epoch 13/30 | Train Loss: 2.7212 | Train C-index: 0.8501 | Val Loss: 4.4189 | Val C-index: 0.7122
Epoch 14/30 | Train Loss: 2.8336 | Train C-index: 0.8720 | Val Loss: 4.5778 | Val C-index: 0.7210
Epoch 15/30 | Train Loss: 2.7978 | Train C-index: 0.8784 | Val Loss: 4.6558 | Val C-index: 0.7196
Early stopping at epoch 15
Fold 4 final C-index: 0.7281

Extra survival metrics:
cutoff_from_train_median: -0.821748
n_test: 168
n_high_risk: 73
n_low_risk: 95
n_event_test: 65
logrank_stat: 28.915996
logrank_p: 0.000000
auc_36m: 0.794490
auc_60m: 0.781733
mean_auc: 0.791187
HR_high_vs_low: 3.749387
HR_95CI_lower: 2.239043
HR_95CI_upper: 6.278530
cox_p: 0.000001

==================================================
5-Fold CV Summary
==================================================
  C-index: 0.7383 +/- 0.0263
