nohup: ignoring input
Teacher:   /home/gly001/cqj/pa_ct_surv/experiments/final_core_v13/seed123/pact_teacher_aug_lr1e-3/checkpoints
Distill:   Cox + alpha*MSE(student_risk, teacher_fused_risk) | alpha=0.3 | start_KD=1
Augment:   True | batch_size=128 | cox_batch_size=128
Checkpoints: /home/gly001/cqj/pa_ct_surv/experiments/final_core_v15/seed123/ct_student_survrisk_mse_a03_bs128_aug_teacherv13_startkd1/checkpoints
Results:     /home/gly001/cqj/pa_ct_surv/experiments/final_core_v15/seed123/ct_student_survrisk_mse_a03_bs128_aug_teacherv13_startkd1/results
Loaded 843 paired samples

==================================================
Fold 1/5
==================================================
Loaded teacher from: /home/gly001/cqj/pa_ct_surv/experiments/final_core_v13/seed123/pact_teacher_aug_lr1e-3/checkpoints/fold_0/best_model.pth
[ResNetCox] Loaded pretrained from /home/gly001/cqj/pa_ct_surv/model/ct_pretrain/resnet_18_23dataset.pth
  Missing keys (ok): ['fc.weight', 'fc.bias']
Epoch 1/30 | Train Loss: 4.8145 (Cox: 4.1677, KD: 0.6468) | Val C-index: 0.6866
Epoch 2/30 | Train Loss: 4.4410 (Cox: 3.9987, KD: 0.4422) | Val C-index: 0.6822
Epoch 3/30 | Train Loss: 4.3397 (Cox: 3.9493, KD: 0.3904) | Val C-index: 0.6869
Epoch 4/30 | Train Loss: 4.3344 (Cox: 3.9372, KD: 0.3971) | Val C-index: 0.6694
Epoch 5/30 | Train Loss: 4.2241 (Cox: 3.8807, KD: 0.3435) | Val C-index: 0.6817
Epoch 6/30 | Train Loss: 4.3362 (Cox: 3.9515, KD: 0.3847) | Val C-index: 0.7155
Epoch 7/30 | Train Loss: 4.2618 (Cox: 3.8947, KD: 0.3671) | Val C-index: 0.7137
Epoch 8/30 | Train Loss: 4.2234 (Cox: 3.8838, KD: 0.3396) | Val C-index: 0.7035
Epoch 9/30 | Train Loss: 4.1905 (Cox: 3.8538, KD: 0.3367) | Val C-index: 0.7279
Epoch 10/30 | Train Loss: 4.1493 (Cox: 3.8381, KD: 0.3112) | Val C-index: 0.6888
Epoch 11/30 | Train Loss: 4.2152 (Cox: 3.8703, KD: 0.3450) | Val C-index: 0.7210
Epoch 12/30 | Train Loss: 4.1043 (Cox: 3.7944, KD: 0.3099) | Val C-index: 0.7198
Epoch 13/30 | Train Loss: 4.1441 (Cox: 3.8155, KD: 0.3285) | Val C-index: 0.7457
Epoch 14/30 | Train Loss: 4.1379 (Cox: 3.8047, KD: 0.3332) | Val C-index: 0.6696
Epoch 15/30 | Train Loss: 4.0674 (Cox: 3.7225, KD: 0.3450) | Val C-index: 0.7225
Epoch 16/30 | Train Loss: 4.0624 (Cox: 3.7367, KD: 0.3257) | Val C-index: 0.6991
Epoch 17/30 | Train Loss: 3.9893 (Cox: 3.7005, KD: 0.2888) | Val C-index: 0.7330
Epoch 18/30 | Train Loss: 3.9809 (Cox: 3.6939, KD: 0.2870) | Val C-index: 0.6893
Early stopping at epoch 18
Fold 0 final Val C-index: 0.7457

Extra survival metrics:
cutoff_from_train_median: -1.062004
n_test: 169
n_high_risk: 93
n_low_risk: 76
n_event_test: 65
logrank_stat: 31.284758
logrank_p: 0.000000
auc_36m: 0.792397
auc_60m: 0.772975
mean_auc: 0.787454
HR_high_vs_low: 4.849994
HR_95CI_lower: 2.633841
HR_95CI_upper: 8.930850
cox_p: 0.000000

==================================================
Fold 2/5
==================================================
Loaded teacher from: /home/gly001/cqj/pa_ct_surv/experiments/final_core_v13/seed123/pact_teacher_aug_lr1e-3/checkpoints/fold_1/best_model.pth
[ResNetCox] Loaded pretrained from /home/gly001/cqj/pa_ct_surv/model/ct_pretrain/resnet_18_23dataset.pth
  Missing keys (ok): ['fc.weight', 'fc.bias']
Epoch 1/30 | Train Loss: 4.9079 (Cox: 4.1543, KD: 0.7535) | Val C-index: 0.6839
Epoch 2/30 | Train Loss: 4.4641 (Cox: 4.0261, KD: 0.4380) | Val C-index: 0.6868
Epoch 3/30 | Train Loss: 4.3951 (Cox: 3.9925, KD: 0.4026) | Val C-index: 0.6395
Epoch 4/30 | Train Loss: 4.3237 (Cox: 3.9707, KD: 0.3529) | Val C-index: 0.5853
Epoch 5/30 | Train Loss: 4.2596 (Cox: 3.9183, KD: 0.3413) | Val C-index: 0.5179
Epoch 6/30 | Train Loss: 4.2378 (Cox: 3.8959, KD: 0.3419) | Val C-index: 0.7011
Epoch 7/30 | Train Loss: 4.3573 (Cox: 3.9816, KD: 0.3757) | Val C-index: 0.7114
Epoch 8/30 | Train Loss: 4.1761 (Cox: 3.8335, KD: 0.3427) | Val C-index: 0.7147
Epoch 9/30 | Train Loss: 4.1616 (Cox: 3.8466, KD: 0.3150) | Val C-index: 0.7221
Epoch 10/30 | Train Loss: 4.1648 (Cox: 3.8435, KD: 0.3213) | Val C-index: 0.7226
Epoch 11/30 | Train Loss: 4.1344 (Cox: 3.8194, KD: 0.3150) | Val C-index: 0.7156
Epoch 12/30 | Train Loss: 4.1399 (Cox: 3.8531, KD: 0.2868) | Val C-index: 0.7185
Epoch 13/30 | Train Loss: 4.1517 (Cox: 3.8477, KD: 0.3040) | Val C-index: 0.7163
Epoch 14/30 | Train Loss: 4.1433 (Cox: 3.8081, KD: 0.3352) | Val C-index: 0.6974
Epoch 15/30 | Train Loss: 4.1053 (Cox: 3.8051, KD: 0.3002) | Val C-index: 0.7163
Early stopping at epoch 15
Fold 1 final Val C-index: 0.7226

Extra survival metrics:
cutoff_from_train_median: -0.880754
n_test: 169
n_high_risk: 78
n_low_risk: 91
n_event_test: 65
logrank_stat: 25.272533
logrank_p: 0.000000
auc_36m: 0.753418
auc_60m: 0.738290
mean_auc: 0.748660
HR_high_vs_low: 3.605398
HR_95CI_lower: 2.109838
HR_95CI_upper: 6.161087
cox_p: 0.000003

==================================================
Fold 3/5
==================================================
Loaded teacher from: /home/gly001/cqj/pa_ct_surv/experiments/final_core_v13/seed123/pact_teacher_aug_lr1e-3/checkpoints/fold_2/best_model.pth
[ResNetCox] Loaded pretrained from /home/gly001/cqj/pa_ct_surv/model/ct_pretrain/resnet_18_23dataset.pth
  Missing keys (ok): ['fc.weight', 'fc.bias']
Epoch 1/30 | Train Loss: 4.7475 (Cox: 4.0850, KD: 0.6625) | Val C-index: 0.6336
Epoch 2/30 | Train Loss: 4.4568 (Cox: 4.0787, KD: 0.3781) | Val C-index: 0.6475
Epoch 3/30 | Train Loss: 4.4733 (Cox: 4.0776, KD: 0.3957) | Val C-index: 0.6574
Epoch 4/30 | Train Loss: 4.3063 (Cox: 3.9157, KD: 0.3906) | Val C-index: 0.6264
Epoch 5/30 | Train Loss: 4.2912 (Cox: 3.9413, KD: 0.3499) | Val C-index: 0.6267
Epoch 6/30 | Train Loss: 4.2378 (Cox: 3.9021, KD: 0.3357) | Val C-index: 0.6804
Epoch 7/30 | Train Loss: 4.1942 (Cox: 3.8997, KD: 0.2945) | Val C-index: 0.6963
Epoch 8/30 | Train Loss: 4.1931 (Cox: 3.8902, KD: 0.3029) | Val C-index: 0.6993
Epoch 9/30 | Train Loss: 4.1534 (Cox: 3.8871, KD: 0.2663) | Val C-index: 0.7160
Epoch 10/30 | Train Loss: 4.1302 (Cox: 3.8488, KD: 0.2814) | Val C-index: 0.7199
Epoch 11/30 | Train Loss: 4.0721 (Cox: 3.8023, KD: 0.2698) | Val C-index: 0.7184
Epoch 12/30 | Train Loss: 4.0916 (Cox: 3.7986, KD: 0.2931) | Val C-index: 0.7219
Epoch 13/30 | Train Loss: 4.0946 (Cox: 3.8275, KD: 0.2671) | Val C-index: 0.7300
Epoch 14/30 | Train Loss: 4.0892 (Cox: 3.8160, KD: 0.2732) | Val C-index: 0.7227
Epoch 15/30 | Train Loss: 4.0461 (Cox: 3.7646, KD: 0.2815) | Val C-index: 0.7258
Epoch 16/30 | Train Loss: 4.0563 (Cox: 3.7864, KD: 0.2699) | Val C-index: 0.7331
Epoch 17/30 | Train Loss: 3.9915 (Cox: 3.6855, KD: 0.3060) | Val C-index: 0.7140
Epoch 18/30 | Train Loss: 3.9720 (Cox: 3.7020, KD: 0.2700) | Val C-index: 0.7307
Epoch 19/30 | Train Loss: 3.9921 (Cox: 3.7130, KD: 0.2791) | Val C-index: 0.7296
Epoch 20/30 | Train Loss: 3.9534 (Cox: 3.6854, KD: 0.2680) | Val C-index: 0.7343
Epoch 21/30 | Train Loss: 3.9298 (Cox: 3.6673, KD: 0.2625) | Val C-index: 0.7237
Epoch 22/30 | Train Loss: 3.9280 (Cox: 3.6527, KD: 0.2753) | Val C-index: 0.7123
Epoch 23/30 | Train Loss: 3.8836 (Cox: 3.6235, KD: 0.2600) | Val C-index: 0.7199
Epoch 24/30 | Train Loss: 3.7834 (Cox: 3.5364, KD: 0.2470) | Val C-index: 0.7278
Epoch 25/30 | Train Loss: 3.7940 (Cox: 3.5281, KD: 0.2660) | Val C-index: 0.7157
Early stopping at epoch 25
Fold 2 final Val C-index: 0.7343

Extra survival metrics:
cutoff_from_train_median: -1.276582
n_test: 169
n_high_risk: 82
n_low_risk: 87
n_event_test: 65
logrank_stat: 29.408814
logrank_p: 0.000000
auc_36m: 0.801025
auc_60m: 0.748839
mean_auc: 0.787395
HR_high_vs_low: 4.139609
HR_95CI_lower: 2.373801
HR_95CI_upper: 7.218958
cox_p: 0.000001

==================================================
Fold 4/5
==================================================
Loaded teacher from: /home/gly001/cqj/pa_ct_surv/experiments/final_core_v13/seed123/pact_teacher_aug_lr1e-3/checkpoints/fold_3/best_model.pth
[ResNetCox] Loaded pretrained from /home/gly001/cqj/pa_ct_surv/model/ct_pretrain/resnet_18_23dataset.pth
  Missing keys (ok): ['fc.weight', 'fc.bias']
Epoch 1/30 | Train Loss: 4.6105 (Cox: 4.1960, KD: 0.4145) | Val C-index: 0.6189
Epoch 2/30 | Train Loss: 4.3837 (Cox: 4.0644, KD: 0.3193) | Val C-index: 0.6612
Epoch 3/30 | Train Loss: 4.2125 (Cox: 3.9457, KD: 0.2668) | Val C-index: 0.6658
Epoch 4/30 | Train Loss: 4.1868 (Cox: 3.9384, KD: 0.2484) | Val C-index: 0.6573
Epoch 5/30 | Train Loss: 4.1982 (Cox: 3.9312, KD: 0.2670) | Val C-index: 0.6443
Epoch 6/30 | Train Loss: 4.2005 (Cox: 3.9676, KD: 0.2330) | Val C-index: 0.6566
Epoch 7/30 | Train Loss: 4.0949 (Cox: 3.8730, KD: 0.2220) | Val C-index: 0.6810
Epoch 8/30 | Train Loss: 4.1042 (Cox: 3.8785, KD: 0.2257) | Val C-index: 0.6875
Epoch 9/30 | Train Loss: 4.1223 (Cox: 3.8783, KD: 0.2440) | Val C-index: 0.6929
Epoch 10/30 | Train Loss: 4.1095 (Cox: 3.8679, KD: 0.2416) | Val C-index: 0.6970
Epoch 11/30 | Train Loss: 4.0561 (Cox: 3.8243, KD: 0.2318) | Val C-index: 0.6881
Epoch 12/30 | Train Loss: 3.9769 (Cox: 3.7501, KD: 0.2268) | Val C-index: 0.6476
Epoch 13/30 | Train Loss: 4.0208 (Cox: 3.7762, KD: 0.2446) | Val C-index: 0.7014
Epoch 14/30 | Train Loss: 3.9501 (Cox: 3.7356, KD: 0.2145) | Val C-index: 0.7075
Epoch 15/30 | Train Loss: 3.9143 (Cox: 3.6911, KD: 0.2232) | Val C-index: 0.6901
Epoch 16/30 | Train Loss: 3.8621 (Cox: 3.6622, KD: 0.1999) | Val C-index: 0.6916
Epoch 17/30 | Train Loss: 3.8443 (Cox: 3.6223, KD: 0.2220) | Val C-index: 0.6792
Epoch 18/30 | Train Loss: 3.8645 (Cox: 3.6467, KD: 0.2178) | Val C-index: 0.6260
Epoch 19/30 | Train Loss: 3.7132 (Cox: 3.5215, KD: 0.1916) | Val C-index: 0.6683
Early stopping at epoch 19
Fold 3 final Val C-index: 0.7075

Extra survival metrics:
cutoff_from_train_median: -0.562514
n_test: 168
n_high_risk: 90
n_low_risk: 78
n_event_test: 65
logrank_stat: 18.442274
logrank_p: 0.000018
auc_36m: 0.726371
auc_60m: 0.763783
mean_auc: 0.735152
HR_high_vs_low: 3.171763
HR_95CI_lower: 1.819141
HR_95CI_upper: 5.530126
cox_p: 0.000047

==================================================
Fold 5/5
==================================================
Loaded teacher from: /home/gly001/cqj/pa_ct_surv/experiments/final_core_v13/seed123/pact_teacher_aug_lr1e-3/checkpoints/fold_4/best_model.pth
[ResNetCox] Loaded pretrained from /home/gly001/cqj/pa_ct_surv/model/ct_pretrain/resnet_18_23dataset.pth
  Missing keys (ok): ['fc.weight', 'fc.bias']
Epoch 1/30 | Train Loss: 5.0884 (Cox: 4.1347, KD: 0.9536) | Val C-index: 0.5284
Epoch 2/30 | Train Loss: 4.9630 (Cox: 4.1731, KD: 0.7899) | Val C-index: 0.7313
Epoch 3/30 | Train Loss: 4.8531 (Cox: 4.1098, KD: 0.7433) | Val C-index: 0.7102
Epoch 4/30 | Train Loss: 4.7460 (Cox: 4.0462, KD: 0.6998) | Val C-index: 0.6849
Epoch 5/30 | Train Loss: 4.6381 (Cox: 4.0034, KD: 0.6347) | Val C-index: 0.6747
Epoch 6/30 | Train Loss: 4.5568 (Cox: 3.9756, KD: 0.5813) | Val C-index: 0.7188
Epoch 7/30 | Train Loss: 4.5249 (Cox: 3.9474, KD: 0.5774) | Val C-index: 0.7433
Epoch 8/30 | Train Loss: 4.5029 (Cox: 3.9186, KD: 0.5844) | Val C-index: 0.7486
Epoch 9/30 | Train Loss: 4.4816 (Cox: 3.9411, KD: 0.5405) | Val C-index: 0.7378
Epoch 10/30 | Train Loss: 4.5058 (Cox: 3.9348, KD: 0.5710) | Val C-index: 0.7576
Epoch 11/30 | Train Loss: 4.3523 (Cox: 3.8360, KD: 0.5162) | Val C-index: 0.7525
Epoch 12/30 | Train Loss: 4.3601 (Cox: 3.8430, KD: 0.5172) | Val C-index: 0.7117
Epoch 13/30 | Train Loss: 4.3027 (Cox: 3.8030, KD: 0.4997) | Val C-index: 0.7432
Epoch 14/30 | Train Loss: 4.3453 (Cox: 3.8599, KD: 0.4854) | Val C-index: 0.7524
Epoch 15/30 | Train Loss: 4.2265 (Cox: 3.7451, KD: 0.4814) | Val C-index: 0.7241
Early stopping at epoch 15
Fold 4 final Val C-index: 0.7576

Extra survival metrics:
cutoff_from_train_median: -1.352947
n_test: 168
n_high_risk: 86
n_low_risk: 82
n_event_test: 65
logrank_stat: 32.606206
logrank_p: 0.000000
auc_36m: 0.786548
auc_60m: 0.778298
mean_auc: 0.785055
HR_high_vs_low: 4.803422
HR_95CI_lower: 2.652041
HR_95CI_upper: 8.700038
cox_p: 0.000000

==================================================
5-Fold CV Summary
==================================================
  C-index: 0.7335 +/- 0.0195
