nohup: ignoring input
Using Device: cuda | ROI size: 64
PA model: abmil-cox-topk | Augment: True
CT pretrained: /home/gly001/cqj/pa_ct_surv/model/ct_pretrain/resnet_18_23dataset.pth
Checkpoints: /home/gly001/cqj/pa_ct_surv/experiments/final_core_v11/seed42/pact_teacher_aug_lr1e-4/checkpoints
Results:     /home/gly001/cqj/pa_ct_surv/experiments/final_core_v11/seed42/pact_teacher_aug_lr1e-4/results
Loaded 843 paired samples

==================================================
Fold 1/5
==================================================
[ResNetCox] Loaded pretrained from /home/gly001/cqj/pa_ct_surv/model/ct_pretrain/resnet_18_23dataset.pth
  Missing keys (ok): ['fc.weight', 'fc.bias']
Epoch 1/30 | Train Loss: 4.4128 (Cox: 4.4128, EMA: 0.0000) | Train C-index: 0.6509 | Val Loss: 4.5005 | Val C-index: 0.6321
Epoch 2/30 | Train Loss: 4.2091 (Cox: 4.2091, EMA: 0.0000) | Train C-index: 0.6844 | Val Loss: 4.4323 | Val C-index: 0.6678
Epoch 3/30 | Train Loss: 4.1802 (Cox: 4.1802, EMA: 0.0000) | Train C-index: 0.7208 | Val Loss: 4.3672 | Val C-index: 0.7055
Epoch 4/30 | Train Loss: 4.0827 (Cox: 4.0827, EMA: 0.0000) | Train C-index: 0.7291 | Val Loss: 4.3725 | Val C-index: 0.7085
Epoch 5/30 | Train Loss: 4.0486 (Cox: 4.0486, EMA: 0.0000) | Train C-index: 0.7407 | Val Loss: 4.3338 | Val C-index: 0.7125
Epoch 6/30 | Train Loss: 3.9754 (Cox: 3.9754, EMA: 0.0000) | Train C-index: 0.7442 | Val Loss: 4.3340 | Val C-index: 0.7086
Epoch 7/30 | Train Loss: 3.8789 (Cox: 3.8789, EMA: 0.0000) | Train C-index: 0.7583 | Val Loss: 4.2919 | Val C-index: 0.7361
Epoch 8/30 | Train Loss: 3.8100 (Cox: 3.8100, EMA: 0.0000) | Train C-index: 0.7547 | Val Loss: 4.3465 | Val C-index: 0.7047
Epoch 9/30 | Train Loss: 3.6670 (Cox: 3.6670, EMA: 0.0000) | Train C-index: 0.7177 | Val Loss: 4.4381 | Val C-index: 0.7020
Epoch 10/30 | Train Loss: 3.5380 (Cox: 3.5380, EMA: 0.0000) | Train C-index: 0.7414 | Val Loss: 4.4383 | Val C-index: 0.6816
Epoch 11/30 | Train Loss: 3.4552 (Cox: 3.4552, EMA: 0.0000) | Train C-index: 0.7256 | Val Loss: 4.5200 | Val C-index: 0.6478
Epoch 12/30 | Train Loss: 3.3196 (Cox: 3.3196, EMA: 0.0000) | Train C-index: 0.7862 | Val Loss: 4.4574 | Val C-index: 0.7091
Early stopping at epoch 12
Fold 0 final C-index: 0.7361

Extra survival metrics:
cutoff_from_train_median: 0.280669
n_test: 169
n_high_risk: 86
n_low_risk: 83
n_event_test: 65
logrank_stat: 29.652924
logrank_p: 0.000000
auc_36m: 0.751466
auc_60m: 0.757815
mean_auc: 0.753260
HR_high_vs_low: 4.663837
HR_95CI_lower: 2.535533
HR_95CI_upper: 8.578618
cox_p: 0.000001

==================================================
Fold 2/5
==================================================
[ResNetCox] Loaded pretrained from /home/gly001/cqj/pa_ct_surv/model/ct_pretrain/resnet_18_23dataset.pth
  Missing keys (ok): ['fc.weight', 'fc.bias']
Epoch 1/30 | Train Loss: 4.3563 (Cox: 4.3563, EMA: 0.0000) | Train C-index: 0.6187 | Val Loss: 4.6436 | Val C-index: 0.6511
Epoch 2/30 | Train Loss: 4.1650 (Cox: 4.1650, EMA: 0.0000) | Train C-index: 0.6870 | Val Loss: 4.5862 | Val C-index: 0.6799
Epoch 3/30 | Train Loss: 4.0606 (Cox: 4.0606, EMA: 0.0000) | Train C-index: 0.7225 | Val Loss: 4.5735 | Val C-index: 0.6891
Epoch 4/30 | Train Loss: 3.9644 (Cox: 3.9644, EMA: 0.0000) | Train C-index: 0.7541 | Val Loss: 4.5938 | Val C-index: 0.6718
Epoch 5/30 | Train Loss: 3.9179 (Cox: 3.9179, EMA: 0.0000) | Train C-index: 0.7554 | Val Loss: 4.6401 | Val C-index: 0.6599
Epoch 6/30 | Train Loss: 3.8387 (Cox: 3.8387, EMA: 0.0000) | Train C-index: 0.7599 | Val Loss: 4.5529 | Val C-index: 0.6931
Epoch 7/30 | Train Loss: 3.7885 (Cox: 3.7885, EMA: 0.0000) | Train C-index: 0.7603 | Val Loss: 4.6027 | Val C-index: 0.6826
Epoch 8/30 | Train Loss: 3.6456 (Cox: 3.6456, EMA: 0.0000) | Train C-index: 0.7656 | Val Loss: 4.6039 | Val C-index: 0.6981
Epoch 9/30 | Train Loss: 3.5783 (Cox: 3.5783, EMA: 0.0000) | Train C-index: 0.7186 | Val Loss: 4.7014 | Val C-index: 0.6684
Epoch 10/30 | Train Loss: 3.4208 (Cox: 3.4208, EMA: 0.0000) | Train C-index: 0.7917 | Val Loss: 4.6556 | Val C-index: 0.6660
Epoch 11/30 | Train Loss: 3.3678 (Cox: 3.3678, EMA: 0.0000) | Train C-index: 0.7953 | Val Loss: 4.6884 | Val C-index: 0.6451
Epoch 12/30 | Train Loss: 3.2689 (Cox: 3.2689, EMA: 0.0000) | Train C-index: 0.7786 | Val Loss: 4.7959 | Val C-index: 0.6453
Epoch 13/30 | Train Loss: 3.1644 (Cox: 3.1644, EMA: 0.0000) | Train C-index: 0.8048 | Val Loss: 4.7328 | Val C-index: 0.6692
Early stopping at epoch 13
Fold 1 final C-index: 0.6981

Extra survival metrics:
cutoff_from_train_median: -0.450488
n_test: 169
n_high_risk: 74
n_low_risk: 95
n_event_test: 65
logrank_stat: 19.339492
logrank_p: 0.000011
auc_36m: 0.737614
auc_60m: 0.671312
mean_auc: 0.721444
HR_high_vs_low: 2.946932
HR_95CI_lower: 1.777863
HR_95CI_upper: 4.884744
cox_p: 0.000028

==================================================
Fold 3/5
==================================================
[ResNetCox] Loaded pretrained from /home/gly001/cqj/pa_ct_surv/model/ct_pretrain/resnet_18_23dataset.pth
  Missing keys (ok): ['fc.weight', 'fc.bias']
Epoch 1/30 | Train Loss: 4.3583 (Cox: 4.3583, EMA: 0.0000) | Train C-index: 0.6563 | Val Loss: 4.7272 | Val C-index: 0.6038
Epoch 2/30 | Train Loss: 4.1642 (Cox: 4.1642, EMA: 0.0000) | Train C-index: 0.7025 | Val Loss: 4.5974 | Val C-index: 0.6889
Epoch 3/30 | Train Loss: 4.0475 (Cox: 4.0475, EMA: 0.0000) | Train C-index: 0.7067 | Val Loss: 4.5632 | Val C-index: 0.6852
Epoch 4/30 | Train Loss: 3.9911 (Cox: 3.9911, EMA: 0.0000) | Train C-index: 0.7023 | Val Loss: 4.6691 | Val C-index: 0.6486
Epoch 5/30 | Train Loss: 3.9490 (Cox: 3.9490, EMA: 0.0000) | Train C-index: 0.7252 | Val Loss: 4.6787 | Val C-index: 0.6503
Epoch 6/30 | Train Loss: 3.8501 (Cox: 3.8501, EMA: 0.0000) | Train C-index: 0.7567 | Val Loss: 4.6332 | Val C-index: 0.6667
Epoch 7/30 | Train Loss: 3.7848 (Cox: 3.7848, EMA: 0.0000) | Train C-index: 0.7442 | Val Loss: 4.6793 | Val C-index: 0.6482
Early stopping at epoch 7
Fold 2 final C-index: 0.6889

Extra survival metrics:
cutoff_from_train_median: -0.374153
n_test: 169
n_high_risk: 89
n_low_risk: 80
n_event_test: 65
logrank_stat: 17.164810
logrank_p: 0.000034
auc_36m: 0.703007
auc_60m: 0.681530
mean_auc: 0.698770
HR_high_vs_low: 3.002647
HR_95CI_lower: 1.738937
HR_95CI_upper: 5.184712
cox_p: 0.000080

==================================================
Fold 4/5
==================================================
[ResNetCox] Loaded pretrained from /home/gly001/cqj/pa_ct_surv/model/ct_pretrain/resnet_18_23dataset.pth
  Missing keys (ok): ['fc.weight', 'fc.bias']
Epoch 1/30 | Train Loss: 4.3707 (Cox: 4.3707, EMA: 0.0000) | Train C-index: 0.6552 | Val Loss: 4.6835 | Val C-index: 0.6380
Epoch 2/30 | Train Loss: 4.1662 (Cox: 4.1662, EMA: 0.0000) | Train C-index: 0.7021 | Val Loss: 4.5886 | Val C-index: 0.6854
Epoch 3/30 | Train Loss: 4.1189 (Cox: 4.1189, EMA: 0.0000) | Train C-index: 0.7292 | Val Loss: 4.5129 | Val C-index: 0.7287
Epoch 4/30 | Train Loss: 4.0301 (Cox: 4.0301, EMA: 0.0000) | Train C-index: 0.7265 | Val Loss: 4.5737 | Val C-index: 0.7111
Epoch 5/30 | Train Loss: 3.9732 (Cox: 3.9732, EMA: 0.0000) | Train C-index: 0.7419 | Val Loss: 4.5338 | Val C-index: 0.7037
Epoch 6/30 | Train Loss: 3.8942 (Cox: 3.8942, EMA: 0.0000) | Train C-index: 0.7713 | Val Loss: 4.4646 | Val C-index: 0.7253
Epoch 7/30 | Train Loss: 3.8252 (Cox: 3.8252, EMA: 0.0000) | Train C-index: 0.7676 | Val Loss: 4.4463 | Val C-index: 0.7223
Epoch 8/30 | Train Loss: 3.6835 (Cox: 3.6835, EMA: 0.0000) | Train C-index: 0.7533 | Val Loss: 4.5888 | Val C-index: 0.6945
Early stopping at epoch 8
Fold 3 final C-index: 0.7287

Extra survival metrics:
cutoff_from_train_median: 0.126193
n_test: 168
n_high_risk: 95
n_low_risk: 73
n_event_test: 65
logrank_stat: 26.711621
logrank_p: 0.000000
auc_36m: 0.749336
auc_60m: 0.785996
mean_auc: 0.759194
HR_high_vs_low: 4.531516
HR_95CI_lower: 2.417670
HR_95CI_upper: 8.493565
cox_p: 0.000002

==================================================
Fold 5/5
==================================================
[ResNetCox] Loaded pretrained from /home/gly001/cqj/pa_ct_surv/model/ct_pretrain/resnet_18_23dataset.pth
  Missing keys (ok): ['fc.weight', 'fc.bias']
Epoch 1/30 | Train Loss: 4.3402 (Cox: 4.3402, EMA: 0.0000) | Train C-index: 0.6302 | Val Loss: 4.6117 | Val C-index: 0.5799
Epoch 2/30 | Train Loss: 4.1710 (Cox: 4.1710, EMA: 0.0000) | Train C-index: 0.6017 | Val Loss: 4.6688 | Val C-index: 0.5687
Epoch 3/30 | Train Loss: 4.0680 (Cox: 4.0680, EMA: 0.0000) | Train C-index: 0.6515 | Val Loss: 4.6182 | Val C-index: 0.6138
Epoch 4/30 | Train Loss: 4.0544 (Cox: 4.0544, EMA: 0.0000) | Train C-index: 0.6355 | Val Loss: 4.6958 | Val C-index: 0.5869
Epoch 5/30 | Train Loss: 3.9522 (Cox: 3.9522, EMA: 0.0000) | Train C-index: 0.6579 | Val Loss: 4.6449 | Val C-index: 0.6256
Epoch 6/30 | Train Loss: 3.8779 (Cox: 3.8779, EMA: 0.0000) | Train C-index: 0.7083 | Val Loss: 4.5801 | Val C-index: 0.6545
Epoch 7/30 | Train Loss: 3.7494 (Cox: 3.7494, EMA: 0.0000) | Train C-index: 0.6631 | Val Loss: 4.6366 | Val C-index: 0.6279
Epoch 8/30 | Train Loss: 3.6941 (Cox: 3.6941, EMA: 0.0000) | Train C-index: 0.7050 | Val Loss: 4.7129 | Val C-index: 0.6500
Epoch 9/30 | Train Loss: 3.6595 (Cox: 3.6595, EMA: 0.0000) | Train C-index: 0.7126 | Val Loss: 4.6616 | Val C-index: 0.6377
Epoch 10/30 | Train Loss: 3.4366 (Cox: 3.4366, EMA: 0.0000) | Train C-index: 0.7549 | Val Loss: 4.7838 | Val C-index: 0.6426
Epoch 11/30 | Train Loss: 3.2521 (Cox: 3.2521, EMA: 0.0000) | Train C-index: 0.6822 | Val Loss: 5.0659 | Val C-index: 0.5885
Early stopping at epoch 11
Fold 4 final C-index: 0.6545

Extra survival metrics:
cutoff_from_train_median: -0.588191
n_test: 168
n_high_risk: 78
n_low_risk: 90
n_event_test: 65
logrank_stat: 7.054256
logrank_p: 0.007908
auc_36m: 0.696295
auc_60m: 0.636007
mean_auc: 0.680683
HR_high_vs_low: 1.935299
HR_95CI_lower: 1.177180
HR_95CI_upper: 3.181655
cox_p: 0.009239

==================================================
5-Fold CV Summary
==================================================
  C-index: 0.7013 +/- 0.0329
