nohup: ignoring input
Using Device: cuda | ROI size: 64
Model: resnet | Augment: True
Pretrained: /home/gly001/cqj/pa_ct_surv/model/ct_pretrain/resnet_18_23dataset.pth
Checkpoints: /home/gly001/cqj/pa_ct_surv/experiments/final_core/seed42/ct_baseline/checkpoints
Results:     /home/gly001/cqj/pa_ct_surv/experiments/final_core/seed42/ct_baseline/results
Loaded 843 samples

==================================================
Fold 1/5
==================================================
[ResNetCox] Loaded pretrained from /home/gly001/cqj/pa_ct_surv/model/ct_pretrain/resnet_18_23dataset.pth
  Missing keys (ok): ['fc.weight', 'fc.bias']
Epoch 1/30 | Train Loss: 2.3208 | Train C-index: 0.6695 | Val Loss: 4.4918 | Val C-index: 0.6581
Epoch 2/30 | Train Loss: 2.1782 | Train C-index: 0.6542 | Val Loss: 4.6599 | Val C-index: 0.5679
Epoch 3/30 | Train Loss: 2.1870 | Train C-index: 0.7224 | Val Loss: 4.4720 | Val C-index: 0.6694
Epoch 4/30 | Train Loss: 2.1453 | Train C-index: 0.7368 | Val Loss: 4.4435 | Val C-index: 0.6989
Epoch 5/30 | Train Loss: 2.1458 | Train C-index: 0.7455 | Val Loss: 4.3629 | Val C-index: 0.7208
Epoch 6/30 | Train Loss: 2.1627 | Train C-index: 0.7357 | Val Loss: 4.3942 | Val C-index: 0.7133
Epoch 7/30 | Train Loss: 2.0477 | Train C-index: 0.7414 | Val Loss: 4.3917 | Val C-index: 0.7102
Epoch 8/30 | Train Loss: 2.0546 | Train C-index: 0.7517 | Val Loss: 4.3623 | Val C-index: 0.7259
Epoch 9/30 | Train Loss: 2.0400 | Train C-index: 0.7626 | Val Loss: 4.3286 | Val C-index: 0.7253
Epoch 10/30 | Train Loss: 2.0723 | Train C-index: 0.7540 | Val Loss: 4.3290 | Val C-index: 0.7261
Epoch 11/30 | Train Loss: 2.0833 | Train C-index: 0.7676 | Val Loss: 4.3678 | Val C-index: 0.7113
Epoch 12/30 | Train Loss: 2.0938 | Train C-index: 0.7690 | Val Loss: 4.4352 | Val C-index: 0.7102
Epoch 13/30 | Train Loss: 2.0103 | Train C-index: 0.7716 | Val Loss: 4.4276 | Val C-index: 0.7160
Epoch 14/30 | Train Loss: 2.0415 | Train C-index: 0.7778 | Val Loss: 4.3570 | Val C-index: 0.7093
Epoch 15/30 | Train Loss: 2.0240 | Train C-index: 0.6504 | Val Loss: 4.8508 | Val C-index: 0.5245
Early stopping at epoch 15
Fold 0 final C-index: 0.7261

Extra survival metrics:
cutoff_from_train_median: -0.225305
n_test: 169
n_high_risk: 92
n_low_risk: 77
n_event_test: 65
logrank_stat: 26.802530
logrank_p: 0.000000
auc_36m: 0.767746
auc_60m: 0.718091
mean_auc: 0.753714
HR_high_vs_low: 4.539827
HR_95CI_lower: 2.422693
HR_95CI_upper: 8.507074
cox_p: 0.000002

==================================================
Fold 2/5
==================================================
[ResNetCox] Loaded pretrained from /home/gly001/cqj/pa_ct_surv/model/ct_pretrain/resnet_18_23dataset.pth
  Missing keys (ok): ['fc.weight', 'fc.bias']
Epoch 1/30 | Train Loss: 2.2243 | Train C-index: 0.6733 | Val Loss: 5.4695 | Val C-index: 0.6763
Epoch 2/30 | Train Loss: 2.1801 | Train C-index: 0.7263 | Val Loss: 4.5737 | Val C-index: 0.7014
Epoch 3/30 | Train Loss: 2.1829 | Train C-index: 0.7330 | Val Loss: 4.5359 | Val C-index: 0.7049
Epoch 4/30 | Train Loss: 2.1009 | Train C-index: 0.7354 | Val Loss: 4.5889 | Val C-index: 0.7161
Epoch 5/30 | Train Loss: 2.0878 | Train C-index: 0.7396 | Val Loss: 4.5511 | Val C-index: 0.7001
Epoch 6/30 | Train Loss: 2.1528 | Train C-index: 0.7518 | Val Loss: 4.5623 | Val C-index: 0.7044
Epoch 7/30 | Train Loss: 2.0412 | Train C-index: 0.7531 | Val Loss: 4.5431 | Val C-index: 0.7175
Epoch 8/30 | Train Loss: 2.0490 | Train C-index: 0.7630 | Val Loss: 4.6899 | Val C-index: 0.6996
Epoch 9/30 | Train Loss: 2.0704 | Train C-index: 0.7428 | Val Loss: 4.5565 | Val C-index: 0.7223
Epoch 10/30 | Train Loss: 2.0606 | Train C-index: 0.7603 | Val Loss: 4.5617 | Val C-index: 0.7098
Epoch 11/30 | Train Loss: 2.0675 | Train C-index: 0.7621 | Val Loss: 4.5937 | Val C-index: 0.6987
Epoch 12/30 | Train Loss: 2.0822 | Train C-index: 0.7533 | Val Loss: 4.5835 | Val C-index: 0.7210
Epoch 13/30 | Train Loss: 2.0402 | Train C-index: 0.7797 | Val Loss: 4.5115 | Val C-index: 0.7265
Epoch 14/30 | Train Loss: 2.0253 | Train C-index: 0.7790 | Val Loss: 4.4719 | Val C-index: 0.7389
Epoch 15/30 | Train Loss: 1.9866 | Train C-index: 0.7855 | Val Loss: 4.6080 | Val C-index: 0.7189
Epoch 16/30 | Train Loss: 1.9559 | Train C-index: 0.7824 | Val Loss: 4.6915 | Val C-index: 0.7040
Epoch 17/30 | Train Loss: 1.9607 | Train C-index: 0.7756 | Val Loss: 4.7596 | Val C-index: 0.7114
Epoch 18/30 | Train Loss: 1.9493 | Train C-index: 0.7837 | Val Loss: 4.6239 | Val C-index: 0.7194
Epoch 19/30 | Train Loss: 1.9268 | Train C-index: 0.7875 | Val Loss: 4.5686 | Val C-index: 0.7270
Early stopping at epoch 19
Fold 1 final C-index: 0.7389

Extra survival metrics:
cutoff_from_train_median: -0.200034
n_test: 169
n_high_risk: 80
n_low_risk: 89
n_event_test: 65
logrank_stat: 26.029598
logrank_p: 0.000000
auc_36m: 0.765432
auc_60m: 0.750400
mean_auc: 0.761766
HR_high_vs_low: 3.756696
HR_95CI_lower: 2.177069
HR_95CI_upper: 6.482460
cox_p: 0.000002

==================================================
Fold 3/5
==================================================
[ResNetCox] Loaded pretrained from /home/gly001/cqj/pa_ct_surv/model/ct_pretrain/resnet_18_23dataset.pth
  Missing keys (ok): ['fc.weight', 'fc.bias']
Epoch 1/30 | Train Loss: 2.2656 | Train C-index: 0.6662 | Val Loss: 4.7839 | Val C-index: 0.6640
Epoch 2/30 | Train Loss: 2.2117 | Train C-index: 0.7204 | Val Loss: 4.5645 | Val C-index: 0.6798
Epoch 3/30 | Train Loss: 2.0369 | Train C-index: 0.7246 | Val Loss: 4.6403 | Val C-index: 0.6738
Epoch 4/30 | Train Loss: 2.1697 | Train C-index: 0.7331 | Val Loss: 4.5566 | Val C-index: 0.6738
Epoch 5/30 | Train Loss: 2.1694 | Train C-index: 0.7415 | Val Loss: 4.5405 | Val C-index: 0.7027
Epoch 6/30 | Train Loss: 2.0739 | Train C-index: 0.7501 | Val Loss: 4.5623 | Val C-index: 0.6967
Epoch 7/30 | Train Loss: 2.0826 | Train C-index: 0.7553 | Val Loss: 4.5291 | Val C-index: 0.7157
Epoch 8/30 | Train Loss: 2.0444 | Train C-index: 0.7669 | Val Loss: 4.5169 | Val C-index: 0.7000
Epoch 9/30 | Train Loss: 2.0804 | Train C-index: 0.7527 | Val Loss: 4.5432 | Val C-index: 0.7157
Epoch 10/30 | Train Loss: 2.0349 | Train C-index: 0.7651 | Val Loss: 4.5033 | Val C-index: 0.7070
Epoch 11/30 | Train Loss: 1.9800 | Train C-index: 0.7773 | Val Loss: 4.5635 | Val C-index: 0.6967
Epoch 12/30 | Train Loss: 2.0121 | Train C-index: 0.7846 | Val Loss: 4.5930 | Val C-index: 0.6929
Early stopping at epoch 12
Fold 2 final C-index: 0.7157

Extra survival metrics:
cutoff_from_train_median: 0.160204
n_test: 169
n_high_risk: 91
n_low_risk: 78
n_event_test: 65
logrank_stat: 27.756245
logrank_p: 0.000000
auc_36m: 0.779328
auc_60m: 0.721588
mean_auc: 0.767936
HR_high_vs_low: 4.336874
HR_95CI_lower: 2.392069
HR_95CI_upper: 7.862849
cox_p: 0.000001

==================================================
Fold 4/5
==================================================
[ResNetCox] Loaded pretrained from /home/gly001/cqj/pa_ct_surv/model/ct_pretrain/resnet_18_23dataset.pth
  Missing keys (ok): ['fc.weight', 'fc.bias']
Epoch 1/30 | Train Loss: 2.3168 | Train C-index: 0.6945 | Val Loss: 4.5956 | Val C-index: 0.6969
Epoch 2/30 | Train Loss: 2.1468 | Train C-index: 0.7175 | Val Loss: 4.5324 | Val C-index: 0.7140
Epoch 3/30 | Train Loss: 2.1589 | Train C-index: 0.7198 | Val Loss: 4.5155 | Val C-index: 0.7224
Epoch 4/30 | Train Loss: 2.1843 | Train C-index: 0.7346 | Val Loss: 4.5569 | Val C-index: 0.7235
Epoch 5/30 | Train Loss: 2.1821 | Train C-index: 0.7262 | Val Loss: 4.4516 | Val C-index: 0.7534
Epoch 6/30 | Train Loss: 2.0838 | Train C-index: 0.7407 | Val Loss: 4.5273 | Val C-index: 0.7388
Epoch 7/30 | Train Loss: 2.1002 | Train C-index: 0.7515 | Val Loss: 4.5030 | Val C-index: 0.7285
Epoch 8/30 | Train Loss: 2.0919 | Train C-index: 0.7561 | Val Loss: 4.4450 | Val C-index: 0.7373
Epoch 9/30 | Train Loss: 2.0984 | Train C-index: 0.7582 | Val Loss: 4.4787 | Val C-index: 0.7393
Epoch 10/30 | Train Loss: 1.9959 | Train C-index: 0.7516 | Val Loss: 4.5032 | Val C-index: 0.7221
Early stopping at epoch 10
Fold 3 final C-index: 0.7534

Extra survival metrics:
cutoff_from_train_median: -0.086627
n_test: 168
n_high_risk: 94
n_low_risk: 74
n_event_test: 65
logrank_stat: 35.300775
logrank_p: 0.000000
auc_36m: 0.794714
auc_60m: 0.856951
mean_auc: 0.811448
HR_high_vs_low: 5.540183
HR_95CI_lower: 2.945841
HR_95CI_upper: 10.419311
cox_p: 0.000000

==================================================
Fold 5/5
==================================================
[ResNetCox] Loaded pretrained from /home/gly001/cqj/pa_ct_surv/model/ct_pretrain/resnet_18_23dataset.pth
  Missing keys (ok): ['fc.weight', 'fc.bias']
Epoch 1/30 | Train Loss: 2.2700 | Train C-index: 0.6913 | Val Loss: 9.6919 | Val C-index: 0.6518
Epoch 2/30 | Train Loss: 2.1618 | Train C-index: 0.7073 | Val Loss: 4.5733 | Val C-index: 0.6609
Epoch 3/30 | Train Loss: 2.1797 | Train C-index: 0.7301 | Val Loss: 4.7065 | Val C-index: 0.6932
Epoch 4/30 | Train Loss: 2.1669 | Train C-index: 0.7384 | Val Loss: 4.4186 | Val C-index: 0.7288
Epoch 5/30 | Train Loss: 2.1446 | Train C-index: 0.7429 | Val Loss: 4.4187 | Val C-index: 0.7243
Epoch 6/30 | Train Loss: 2.1471 | Train C-index: 0.7259 | Val Loss: 4.4030 | Val C-index: 0.7160
Epoch 7/30 | Train Loss: 2.1061 | Train C-index: 0.7394 | Val Loss: 4.4345 | Val C-index: 0.7329
Epoch 8/30 | Train Loss: 2.0243 | Train C-index: 0.7508 | Val Loss: 4.4178 | Val C-index: 0.7362
Epoch 9/30 | Train Loss: 2.0984 | Train C-index: 0.7540 | Val Loss: 4.5282 | Val C-index: 0.7296
Epoch 10/30 | Train Loss: 2.0337 | Train C-index: 0.7638 | Val Loss: 4.4481 | Val C-index: 0.7291
Epoch 11/30 | Train Loss: 2.0422 | Train C-index: 0.7669 | Val Loss: 4.4306 | Val C-index: 0.7268
Epoch 12/30 | Train Loss: 2.0207 | Train C-index: 0.7747 | Val Loss: 4.4677 | Val C-index: 0.7319
Epoch 13/30 | Train Loss: 2.1060 | Train C-index: 0.7698 | Val Loss: 4.5225 | Val C-index: 0.7175
Early stopping at epoch 13
Fold 4 final C-index: 0.7362

Extra survival metrics:
cutoff_from_train_median: 0.068520
n_test: 168
n_high_risk: 74
n_low_risk: 94
n_event_test: 65
logrank_stat: 36.607374
logrank_p: 0.000000
auc_36m: 0.791804
auc_60m: 0.755237
mean_auc: 0.782335
HR_high_vs_low: 4.426624
HR_95CI_lower: 2.617660
HR_95CI_upper: 7.485694
cox_p: 0.000000

==================================================
5-Fold CV Summary
==================================================
  C-index: 0.7341 +/- 0.0142
