nohup: ignoring input
Teacher:   /home/gly001/cqj/pa_ct_surv/experiments/final_core/seed2024/pact_teacher/checkpoints
Distill:   mse | alpha=0.3 | T=2.0 | start_KD=5
Augment:   True | batch_size=16 | cox_batch_size=16
Checkpoints: /home/gly001/cqj/pa_ct_surv/experiments/final_core_v4/seed2024/ct_student_distill_mse_a03_crd01_ep15_p5/checkpoints
Results:     /home/gly001/cqj/pa_ct_surv/experiments/final_core_v4/seed2024/ct_student_distill_mse_a03_crd01_ep15_p5/results
Loaded 843 paired samples

==================================================
Fold 1/5
==================================================
Loaded teacher from: /home/gly001/cqj/pa_ct_surv/experiments/final_core/seed2024/pact_teacher/checkpoints/fold_0/best_model.pth
[ResNetCox] Loaded pretrained from /home/gly001/cqj/pa_ct_surv/model/ct_pretrain/resnet_18_23dataset.pth
  Missing keys (ok): ['fc.weight', 'fc.bias']
[ResNetCox] Loaded pretrained from /home/gly001/cqj/pa_ct_surv/model/ct_pretrain/resnet_18_23dataset.pth
  Missing keys (ok): ['fc.weight', 'fc.bias']
Epoch 1/15 | Train Loss: 2.3348 (Cox: 2.3348, KD: 0.0000) | Val C-index: 0.6898
Epoch 2/15 | Train Loss: 2.1805 (Cox: 2.1805, KD: 0.0000) | Val C-index: 0.7065
Epoch 3/15 | Train Loss: 2.2350 (Cox: 2.2350, KD: 0.0000) | Val C-index: 0.7187
Epoch 4/15 | Train Loss: 2.1049 (Cox: 2.1049, KD: 0.0000) | Val C-index: 0.7005
normalization constant Z_v1 is set to 5612743680.0
normalization constant Z_v2 is set to 14971556864.0
normalization constant Z_v1 is set to 5048794624.0
normalization constant Z_v2 is set to 6249191424.0
Epoch 5/15 | Train Loss: 4.5388 (Cox: 2.1466, KD: 2.3923) | Val C-index: 0.7272
Epoch 6/15 | Train Loss: 2.4598 (Cox: 2.1165, KD: 0.3433) | Val C-index: 0.7338
Epoch 7/15 | Train Loss: 2.4149 (Cox: 2.1267, KD: 0.2883) | Val C-index: 0.7157
Epoch 8/15 | Train Loss: 2.3364 (Cox: 2.1012, KD: 0.2352) | Val C-index: 0.7298
Epoch 9/15 | Train Loss: 2.2605 (Cox: 2.0627, KD: 0.1978) | Val C-index: 0.7300
Epoch 10/15 | Train Loss: 2.2627 (Cox: 2.0668, KD: 0.1959) | Val C-index: 0.7121
Epoch 11/15 | Train Loss: 2.2356 (Cox: 2.0435, KD: 0.1920) | Val C-index: 0.7302
Early stopping at epoch 11
Fold 0 final Val C-index: 0.7338

Extra survival metrics:
cutoff_from_train_median: -0.186630
n_test: 169
n_high_risk: 76
n_low_risk: 93
n_event_test: 65
logrank_stat: 31.323580
logrank_p: 0.000000
auc_36m: 0.765067
auc_60m: 0.744917
mean_auc: 0.761504
HR_high_vs_low: 4.132792
HR_95CI_lower: 2.413515
HR_95CI_upper: 7.076803
cox_p: 0.000000

==================================================
Fold 2/5
==================================================
Loaded teacher from: /home/gly001/cqj/pa_ct_surv/experiments/final_core/seed2024/pact_teacher/checkpoints/fold_1/best_model.pth
[ResNetCox] Loaded pretrained from /home/gly001/cqj/pa_ct_surv/model/ct_pretrain/resnet_18_23dataset.pth
  Missing keys (ok): ['fc.weight', 'fc.bias']
[ResNetCox] Loaded pretrained from /home/gly001/cqj/pa_ct_surv/model/ct_pretrain/resnet_18_23dataset.pth
  Missing keys (ok): ['fc.weight', 'fc.bias']
Epoch 1/15 | Train Loss: 2.3301 (Cox: 2.3301, KD: 0.0000) | Val C-index: 0.6832
Epoch 2/15 | Train Loss: 2.1781 (Cox: 2.1781, KD: 0.0000) | Val C-index: 0.7030
Epoch 3/15 | Train Loss: 2.1630 (Cox: 2.1630, KD: 0.0000) | Val C-index: 0.6795
Epoch 4/15 | Train Loss: 2.1540 (Cox: 2.1540, KD: 0.0000) | Val C-index: 0.7124
normalization constant Z_v1 is set to 6423038464.0
normalization constant Z_v2 is set to 3085841152.0
normalization constant Z_v1 is set to 3934697728.0
normalization constant Z_v2 is set to 7832055296.0
Epoch 5/15 | Train Loss: 5.2493 (Cox: 2.0791, KD: 3.1701) | Val C-index: 0.6983
Epoch 6/15 | Train Loss: 3.3704 (Cox: 2.1369, KD: 1.2335) | Val C-index: 0.6840
Epoch 7/15 | Train Loss: 3.1481 (Cox: 2.1432, KD: 1.0050) | Val C-index: 0.6968
Epoch 8/15 | Train Loss: 3.0332 (Cox: 2.0909, KD: 0.9423) | Val C-index: 0.6990
Epoch 9/15 | Train Loss: 2.9439 (Cox: 2.0140, KD: 0.9299) | Val C-index: 0.6945
Early stopping at epoch 9
Fold 1 final Val C-index: 0.7124

Extra survival metrics:
cutoff_from_train_median: -0.472454
n_test: 169
n_high_risk: 89
n_low_risk: 80
n_event_test: 65
logrank_stat: 19.048057
logrank_p: 0.000013
auc_36m: 0.758884
auc_60m: 0.750314
mean_auc: 0.757135
HR_high_vs_low: 3.161112
HR_95CI_lower: 1.832722
HR_95CI_upper: 5.452344
cox_p: 0.000035

==================================================
Fold 3/5
==================================================
Loaded teacher from: /home/gly001/cqj/pa_ct_surv/experiments/final_core/seed2024/pact_teacher/checkpoints/fold_2/best_model.pth
[ResNetCox] Loaded pretrained from /home/gly001/cqj/pa_ct_surv/model/ct_pretrain/resnet_18_23dataset.pth
  Missing keys (ok): ['fc.weight', 'fc.bias']
[ResNetCox] Loaded pretrained from /home/gly001/cqj/pa_ct_surv/model/ct_pretrain/resnet_18_23dataset.pth
  Missing keys (ok): ['fc.weight', 'fc.bias']
Epoch 1/15 | Train Loss: 2.2594 (Cox: 2.2594, KD: 0.0000) | Val C-index: 0.5602
Epoch 2/15 | Train Loss: 2.2017 (Cox: 2.2017, KD: 0.0000) | Val C-index: 0.6407
Epoch 3/15 | Train Loss: 2.1618 (Cox: 2.1618, KD: 0.0000) | Val C-index: 0.7121
Epoch 4/15 | Train Loss: 2.0880 (Cox: 2.0880, KD: 0.0000) | Val C-index: 0.7081
normalization constant Z_v1 is set to 3500467968.0
normalization constant Z_v2 is set to 24888487936.0
normalization constant Z_v1 is set to 3933164032.0
normalization constant Z_v2 is set to 5017621504.0
Epoch 5/15 | Train Loss: 4.9439 (Cox: 2.0496, KD: 2.8942) | Val C-index: 0.7079
Epoch 6/15 | Train Loss: 3.4437 (Cox: 2.0719, KD: 1.3718) | Val C-index: 0.7012
Epoch 7/15 | Train Loss: 2.3317 (Cox: 2.0531, KD: 0.2786) | Val C-index: 0.7019
Epoch 8/15 | Train Loss: 2.2422 (Cox: 1.9999, KD: 0.2423) | Val C-index: 0.7153
Epoch 9/15 | Train Loss: 2.3160 (Cox: 2.0923, KD: 0.2237) | Val C-index: 0.7165
Epoch 10/15 | Train Loss: 2.2337 (Cox: 2.0437, KD: 0.1900) | Val C-index: 0.6891
Epoch 11/15 | Train Loss: 2.2702 (Cox: 2.0625, KD: 0.2077) | Val C-index: 0.6120
Epoch 12/15 | Train Loss: 2.1604 (Cox: 1.9734, KD: 0.1870) | Val C-index: 0.7088
Epoch 13/15 | Train Loss: 2.2568 (Cox: 2.0548, KD: 0.2020) | Val C-index: 0.7060
Epoch 14/15 | Train Loss: 2.1710 (Cox: 1.9957, KD: 0.1753) | Val C-index: 0.7211
Epoch 15/15 | Train Loss: 2.1290 (Cox: 1.9594, KD: 0.1696) | Val C-index: 0.6988
Fold 2 final Val C-index: 0.7211

Extra survival metrics:
cutoff_from_train_median: -0.890541
n_test: 169
n_high_risk: 92
n_low_risk: 77
n_event_test: 65
logrank_stat: 39.205245
logrank_p: 0.000000
auc_36m: 0.777961
auc_60m: 0.770401
mean_auc: 0.775675
HR_high_vs_low: 6.203523
HR_95CI_lower: 3.234781
HR_95CI_upper: 11.896846
cox_p: 0.000000

==================================================
Fold 4/5
==================================================
Loaded teacher from: /home/gly001/cqj/pa_ct_surv/experiments/final_core/seed2024/pact_teacher/checkpoints/fold_3/best_model.pth
[ResNetCox] Loaded pretrained from /home/gly001/cqj/pa_ct_surv/model/ct_pretrain/resnet_18_23dataset.pth
  Missing keys (ok): ['fc.weight', 'fc.bias']
[ResNetCox] Loaded pretrained from /home/gly001/cqj/pa_ct_surv/model/ct_pretrain/resnet_18_23dataset.pth
  Missing keys (ok): ['fc.weight', 'fc.bias']
Epoch 1/15 | Train Loss: 2.2734 (Cox: 2.2734, KD: 0.0000) | Val C-index: 0.6810
Epoch 2/15 | Train Loss: 2.1579 (Cox: 2.1579, KD: 0.0000) | Val C-index: 0.7205
Epoch 3/15 | Train Loss: 2.1718 (Cox: 2.1718, KD: 0.0000) | Val C-index: 0.7141
Epoch 4/15 | Train Loss: 2.1909 (Cox: 2.1909, KD: 0.0000) | Val C-index: 0.6986
normalization constant Z_v1 is set to 8043428352.0
normalization constant Z_v2 is set to 21504323584.0
normalization constant Z_v1 is set to 9372069888.0
normalization constant Z_v2 is set to 3644748800.0
Epoch 5/15 | Train Loss: 5.1078 (Cox: 2.1286, KD: 2.9791) | Val C-index: 0.6962
Epoch 6/15 | Train Loss: 2.6448 (Cox: 2.0672, KD: 0.5776) | Val C-index: 0.7048
Epoch 7/15 | Train Loss: 2.4556 (Cox: 2.0508, KD: 0.4048) | Val C-index: 0.7124
Early stopping at epoch 7
Fold 3 final Val C-index: 0.7205

Extra survival metrics:
cutoff_from_train_median: 0.375157
n_test: 168
n_high_risk: 87
n_low_risk: 81
n_event_test: 65
logrank_stat: 30.019339
logrank_p: 0.000000
auc_36m: 0.730176
auc_60m: 0.753341
mean_auc: 0.738248
HR_high_vs_low: 4.403222
HR_95CI_lower: 2.467896
HR_95CI_upper: 7.856233
cox_p: 0.000001

==================================================
Fold 5/5
==================================================
Loaded teacher from: /home/gly001/cqj/pa_ct_surv/experiments/final_core/seed2024/pact_teacher/checkpoints/fold_4/best_model.pth
[ResNetCox] Loaded pretrained from /home/gly001/cqj/pa_ct_surv/model/ct_pretrain/resnet_18_23dataset.pth
  Missing keys (ok): ['fc.weight', 'fc.bias']
[ResNetCox] Loaded pretrained from /home/gly001/cqj/pa_ct_surv/model/ct_pretrain/resnet_18_23dataset.pth
  Missing keys (ok): ['fc.weight', 'fc.bias']
Epoch 1/15 | Train Loss: 2.2593 (Cox: 2.2593, KD: 0.0000) | Val C-index: 0.7198
Epoch 2/15 | Train Loss: 2.1400 (Cox: 2.1400, KD: 0.0000) | Val C-index: 0.7373
Epoch 3/15 | Train Loss: 2.2246 (Cox: 2.2246, KD: 0.0000) | Val C-index: 0.7054
Epoch 4/15 | Train Loss: 2.1859 (Cox: 2.1859, KD: 0.0000) | Val C-index: 0.7209
normalization constant Z_v1 is set to 5873897472.0
normalization constant Z_v2 is set to 6210810.0
normalization constant Z_v1 is set to 1381795840.0
normalization constant Z_v2 is set to 7303165952.0
Epoch 5/15 | Train Loss: 4.8485 (Cox: 2.1438, KD: 2.7047) | Val C-index: 0.7474
Epoch 6/15 | Train Loss: 3.5127 (Cox: 2.1256, KD: 1.3871) | Val C-index: 0.7338
Epoch 7/15 | Train Loss: 2.7755 (Cox: 2.0607, KD: 0.7148) | Val C-index: 0.7478
Epoch 8/15 | Train Loss: 2.7114 (Cox: 2.0472, KD: 0.6641) | Val C-index: 0.7499
Epoch 9/15 | Train Loss: 2.7035 (Cox: 2.0217, KD: 0.6818) | Val C-index: 0.7539
Epoch 10/15 | Train Loss: 2.6826 (Cox: 2.0773, KD: 0.6053) | Val C-index: 0.7392
Epoch 11/15 | Train Loss: 2.5543 (Cox: 2.0484, KD: 0.5059) | Val C-index: 0.7483
Epoch 12/15 | Train Loss: 2.5885 (Cox: 2.0260, KD: 0.5625) | Val C-index: 0.7631
Epoch 13/15 | Train Loss: 2.5023 (Cox: 2.0541, KD: 0.4482) | Val C-index: 0.7398
Epoch 14/15 | Train Loss: 2.2820 (Cox: 2.0350, KD: 0.2470) | Val C-index: 0.7624
Epoch 15/15 | Train Loss: 2.1993 (Cox: 1.9783, KD: 0.2210) | Val C-index: 0.7374
Fold 4 final Val C-index: 0.7631

Extra survival metrics:
cutoff_from_train_median: -0.953632
n_test: 168
n_high_risk: 91
n_low_risk: 77
n_event_test: 65
logrank_stat: 36.013162
logrank_p: 0.000000
auc_36m: 0.806357
auc_60m: 0.779994
mean_auc: 0.801188
HR_high_vs_low: 5.811302
HR_95CI_lower: 3.032954
HR_95CI_upper: 11.134768
cox_p: 0.000000

==================================================
5-Fold CV Summary
==================================================
  C-index: 0.7302 +/- 0.0199
