nohup: ignoring input
Teacher:   /home/gly001/cqj/pa_ct_surv/experiments/final_core/seed42/pact_teacher/checkpoints
Distill:   mse | alpha=0.3 | T=2.0 | start_KD=5
Augment:   True | batch_size=16 | cox_batch_size=16
Checkpoints: /home/gly001/cqj/pa_ct_surv/experiments/final_core_v4/seed42/ct_student_distill_mse_a03_crd01_ep15_p5/checkpoints
Results:     /home/gly001/cqj/pa_ct_surv/experiments/final_core_v4/seed42/ct_student_distill_mse_a03_crd01_ep15_p5/results
Loaded 843 paired samples

==================================================
Fold 1/5
==================================================
Loaded teacher from: /home/gly001/cqj/pa_ct_surv/experiments/final_core/seed42/pact_teacher/checkpoints/fold_0/best_model.pth
[ResNetCox] Loaded pretrained from /home/gly001/cqj/pa_ct_surv/model/ct_pretrain/resnet_18_23dataset.pth
  Missing keys (ok): ['fc.weight', 'fc.bias']
[ResNetCox] Loaded pretrained from /home/gly001/cqj/pa_ct_surv/model/ct_pretrain/resnet_18_23dataset.pth
  Missing keys (ok): ['fc.weight', 'fc.bias']
Epoch 1/15 | Train Loss: 2.3152 (Cox: 2.3152, KD: 0.0000) | Val C-index: 0.7019
Epoch 2/15 | Train Loss: 2.2311 (Cox: 2.2311, KD: 0.0000) | Val C-index: 0.7016
Epoch 3/15 | Train Loss: 2.1224 (Cox: 2.1224, KD: 0.0000) | Val C-index: 0.7283
Epoch 4/15 | Train Loss: 2.1344 (Cox: 2.1344, KD: 0.0000) | Val C-index: 0.7164
normalization constant Z_v1 is set to 5613925888.0
normalization constant Z_v2 is set to 9115909120.0
normalization constant Z_v1 is set to 6401168896.0
normalization constant Z_v2 is set to 4985082368.0
Epoch 5/15 | Train Loss: 5.1446 (Cox: 2.1822, KD: 2.9624) | Val C-index: 0.7079
Epoch 6/15 | Train Loss: 2.7288 (Cox: 2.1148, KD: 0.6139) | Val C-index: 0.7113
Epoch 7/15 | Train Loss: 2.4549 (Cox: 2.1073, KD: 0.3476) | Val C-index: 0.7293
Epoch 8/15 | Train Loss: 2.4164 (Cox: 2.1030, KD: 0.3134) | Val C-index: 0.7059
Epoch 9/15 | Train Loss: 2.4107 (Cox: 2.1044, KD: 0.3062) | Val C-index: 0.7066
Epoch 10/15 | Train Loss: 2.3573 (Cox: 2.0583, KD: 0.2990) | Val C-index: 0.7275
Epoch 11/15 | Train Loss: 2.3265 (Cox: 2.0467, KD: 0.2798) | Val C-index: 0.6981
Epoch 12/15 | Train Loss: 2.2404 (Cox: 1.9500, KD: 0.2904) | Val C-index: 0.7163
Early stopping at epoch 12
Fold 0 final Val C-index: 0.7293

Extra survival metrics:
cutoff_from_train_median: -0.729747
n_test: 169
n_high_risk: 89
n_low_risk: 80
n_event_test: 65
logrank_stat: 29.339488
logrank_p: 0.000000
auc_36m: 0.764913
auc_60m: 0.717329
mean_auc: 0.751467
HR_high_vs_low: 4.817726
HR_95CI_lower: 2.570542
HR_95CI_upper: 9.029412
cox_p: 0.000001

==================================================
Fold 2/5
==================================================
Loaded teacher from: /home/gly001/cqj/pa_ct_surv/experiments/final_core/seed42/pact_teacher/checkpoints/fold_1/best_model.pth
[ResNetCox] Loaded pretrained from /home/gly001/cqj/pa_ct_surv/model/ct_pretrain/resnet_18_23dataset.pth
  Missing keys (ok): ['fc.weight', 'fc.bias']
[ResNetCox] Loaded pretrained from /home/gly001/cqj/pa_ct_surv/model/ct_pretrain/resnet_18_23dataset.pth
  Missing keys (ok): ['fc.weight', 'fc.bias']
Epoch 1/15 | Train Loss: 2.3062 (Cox: 2.3062, KD: 0.0000) | Val C-index: 0.5673
Epoch 2/15 | Train Loss: 2.1446 (Cox: 2.1446, KD: 0.0000) | Val C-index: 0.7161
Epoch 3/15 | Train Loss: 2.1091 (Cox: 2.1091, KD: 0.0000) | Val C-index: 0.7183
Epoch 4/15 | Train Loss: 2.1187 (Cox: 2.1187, KD: 0.0000) | Val C-index: 0.7247
normalization constant Z_v1 is set to 12629740544.0
normalization constant Z_v2 is set to 3084432384.0
normalization constant Z_v1 is set to 10251038720.0
normalization constant Z_v2 is set to 6763709952.0
Epoch 5/15 | Train Loss: 5.1183 (Cox: 2.0975, KD: 3.0208) | Val C-index: 0.7394
Epoch 6/15 | Train Loss: 2.7674 (Cox: 2.1007, KD: 0.6667) | Val C-index: 0.7231
Epoch 7/15 | Train Loss: 2.5024 (Cox: 2.0839, KD: 0.4184) | Val C-index: 0.7042
Epoch 8/15 | Train Loss: 2.3870 (Cox: 1.9950, KD: 0.3920) | Val C-index: 0.7287
Epoch 9/15 | Train Loss: 2.3798 (Cox: 2.0238, KD: 0.3560) | Val C-index: 0.7302
Epoch 10/15 | Train Loss: 2.3335 (Cox: 1.9759, KD: 0.3575) | Val C-index: 0.7387
Early stopping at epoch 10
Fold 1 final Val C-index: 0.7394

Extra survival metrics:
cutoff_from_train_median: -0.261915
n_test: 169
n_high_risk: 82
n_low_risk: 87
n_event_test: 65
logrank_stat: 25.069689
logrank_p: 0.000001
auc_36m: 0.755039
auc_60m: 0.744421
mean_auc: 0.752449
HR_high_vs_low: 3.680360
HR_95CI_lower: 2.131156
HR_95CI_upper: 6.355727
cox_p: 0.000003

==================================================
Fold 3/5
==================================================
Loaded teacher from: /home/gly001/cqj/pa_ct_surv/experiments/final_core/seed42/pact_teacher/checkpoints/fold_2/best_model.pth
[ResNetCox] Loaded pretrained from /home/gly001/cqj/pa_ct_surv/model/ct_pretrain/resnet_18_23dataset.pth
  Missing keys (ok): ['fc.weight', 'fc.bias']
[ResNetCox] Loaded pretrained from /home/gly001/cqj/pa_ct_surv/model/ct_pretrain/resnet_18_23dataset.pth
  Missing keys (ok): ['fc.weight', 'fc.bias']
Epoch 1/15 | Train Loss: 2.2785 (Cox: 2.2785, KD: 0.0000) | Val C-index: 0.6705
Epoch 2/15 | Train Loss: 2.1437 (Cox: 2.1437, KD: 0.0000) | Val C-index: 0.6835
Epoch 3/15 | Train Loss: 2.1405 (Cox: 2.1405, KD: 0.0000) | Val C-index: 0.6465
Epoch 4/15 | Train Loss: 2.0476 (Cox: 2.0476, KD: 0.0000) | Val C-index: 0.7120
normalization constant Z_v1 is set to 6003570176.0
normalization constant Z_v2 is set to 1571307008.0
normalization constant Z_v1 is set to 5914054656.0
normalization constant Z_v2 is set to 10578814976.0
Epoch 5/15 | Train Loss: 5.6406 (Cox: 2.0854, KD: 3.5552) | Val C-index: 0.6941
Epoch 6/15 | Train Loss: 4.0077 (Cox: 2.1218, KD: 1.8859) | Val C-index: 0.6901
Epoch 7/15 | Train Loss: 2.7216 (Cox: 2.0657, KD: 0.6559) | Val C-index: 0.7173
Epoch 8/15 | Train Loss: 2.5788 (Cox: 1.9965, KD: 0.5823) | Val C-index: 0.7080
Epoch 9/15 | Train Loss: 2.4701 (Cox: 1.9662, KD: 0.5039) | Val C-index: 0.6683
Epoch 10/15 | Train Loss: 2.5072 (Cox: 1.9956, KD: 0.5115) | Val C-index: 0.7074
Epoch 11/15 | Train Loss: 2.6154 (Cox: 2.0921, KD: 0.5234) | Val C-index: 0.7056
Epoch 12/15 | Train Loss: 2.4077 (Cox: 1.9434, KD: 0.4643) | Val C-index: 0.7175
Epoch 13/15 | Train Loss: 2.3313 (Cox: 1.8735, KD: 0.4579) | Val C-index: 0.7211
Epoch 14/15 | Train Loss: 2.4065 (Cox: 1.9630, KD: 0.4435) | Val C-index: 0.6941
Epoch 15/15 | Train Loss: 2.3719 (Cox: 1.9220, KD: 0.4499) | Val C-index: 0.6853
Fold 2 final Val C-index: 0.7211

Extra survival metrics:
cutoff_from_train_median: -1.777092
n_test: 169
n_high_risk: 95
n_low_risk: 74
n_event_test: 65
logrank_stat: 25.657325
logrank_p: 0.000000
auc_36m: 0.770684
auc_60m: 0.722562
mean_auc: 0.761189
HR_high_vs_low: 4.275762
HR_95CI_lower: 2.319392
HR_95CI_upper: 7.882300
cox_p: 0.000003

==================================================
Fold 4/5
==================================================
Loaded teacher from: /home/gly001/cqj/pa_ct_surv/experiments/final_core/seed42/pact_teacher/checkpoints/fold_3/best_model.pth
[ResNetCox] Loaded pretrained from /home/gly001/cqj/pa_ct_surv/model/ct_pretrain/resnet_18_23dataset.pth
  Missing keys (ok): ['fc.weight', 'fc.bias']
[ResNetCox] Loaded pretrained from /home/gly001/cqj/pa_ct_surv/model/ct_pretrain/resnet_18_23dataset.pth
  Missing keys (ok): ['fc.weight', 'fc.bias']
Epoch 1/15 | Train Loss: 2.2570 (Cox: 2.2570, KD: 0.0000) | Val C-index: 0.6859
Epoch 2/15 | Train Loss: 2.1693 (Cox: 2.1693, KD: 0.0000) | Val C-index: 0.6495
Epoch 3/15 | Train Loss: 2.1418 (Cox: 2.1418, KD: 0.0000) | Val C-index: 0.7352
Epoch 4/15 | Train Loss: 2.1190 (Cox: 2.1190, KD: 0.0000) | Val C-index: 0.7346
normalization constant Z_v1 is set to 6262157824.0
normalization constant Z_v2 is set to 3164607488.0
normalization constant Z_v1 is set to 7303623680.0
normalization constant Z_v2 is set to 6178762240.0
Epoch 5/15 | Train Loss: 4.5895 (Cox: 2.1080, KD: 2.4814) | Val C-index: 0.7234
Epoch 6/15 | Train Loss: 2.5245 (Cox: 2.1178, KD: 0.4067) | Val C-index: 0.7238
Epoch 7/15 | Train Loss: 2.4692 (Cox: 2.0984, KD: 0.3709) | Val C-index: 0.7405
Epoch 8/15 | Train Loss: 2.3867 (Cox: 2.0484, KD: 0.3383) | Val C-index: 0.7336
Epoch 9/15 | Train Loss: 2.4714 (Cox: 2.1164, KD: 0.3550) | Val C-index: 0.7482
Epoch 10/15 | Train Loss: 2.3608 (Cox: 2.0448, KD: 0.3160) | Val C-index: 0.7357
Epoch 11/15 | Train Loss: 2.2919 (Cox: 1.9977, KD: 0.2942) | Val C-index: 0.7333
Epoch 12/15 | Train Loss: 2.2780 (Cox: 1.9860, KD: 0.2920) | Val C-index: 0.7409
Epoch 13/15 | Train Loss: 2.2716 (Cox: 2.0093, KD: 0.2624) | Val C-index: 0.7627
Epoch 14/15 | Train Loss: 2.2224 (Cox: 1.9403, KD: 0.2821) | Val C-index: 0.7201
Epoch 15/15 | Train Loss: 2.2389 (Cox: 1.9801, KD: 0.2588) | Val C-index: 0.7275
Fold 3 final Val C-index: 0.7627

Extra survival metrics:
cutoff_from_train_median: -0.825850
n_test: 168
n_high_risk: 90
n_low_risk: 78
n_event_test: 65
logrank_stat: 44.534006
logrank_p: 0.000000
auc_36m: 0.809976
auc_60m: 0.858314
mean_auc: 0.822973
HR_high_vs_low: 6.885502
HR_95CI_lower: 3.583415
HR_95CI_upper: 13.230433
cox_p: 0.000000

==================================================
Fold 5/5
==================================================
Loaded teacher from: /home/gly001/cqj/pa_ct_surv/experiments/final_core/seed42/pact_teacher/checkpoints/fold_4/best_model.pth
[ResNetCox] Loaded pretrained from /home/gly001/cqj/pa_ct_surv/model/ct_pretrain/resnet_18_23dataset.pth
  Missing keys (ok): ['fc.weight', 'fc.bias']
[ResNetCox] Loaded pretrained from /home/gly001/cqj/pa_ct_surv/model/ct_pretrain/resnet_18_23dataset.pth
  Missing keys (ok): ['fc.weight', 'fc.bias']
Epoch 1/15 | Train Loss: 2.3130 (Cox: 2.3130, KD: 0.0000) | Val C-index: 0.6489
Epoch 2/15 | Train Loss: 2.1853 (Cox: 2.1853, KD: 0.0000) | Val C-index: 0.7053
Epoch 3/15 | Train Loss: 2.1485 (Cox: 2.1485, KD: 0.0000) | Val C-index: 0.7163
Epoch 4/15 | Train Loss: 2.1325 (Cox: 2.1325, KD: 0.0000) | Val C-index: 0.7178
normalization constant Z_v1 is set to 5813611520.0
normalization constant Z_v2 is set to 1445689216.0
normalization constant Z_v1 is set to 4450939392.0
normalization constant Z_v2 is set to 3532429568.0
Epoch 5/15 | Train Loss: 5.3124 (Cox: 2.0706, KD: 3.2418) | Val C-index: 0.7277
Epoch 6/15 | Train Loss: 2.8550 (Cox: 2.1365, KD: 0.7185) | Val C-index: 0.7324
Epoch 7/15 | Train Loss: 2.5558 (Cox: 2.0916, KD: 0.4642) | Val C-index: 0.7280
Epoch 8/15 | Train Loss: 2.5009 (Cox: 2.0820, KD: 0.4189) | Val C-index: 0.7350
Epoch 9/15 | Train Loss: 2.4128 (Cox: 2.0308, KD: 0.3820) | Val C-index: 0.7428
Epoch 10/15 | Train Loss: 2.4602 (Cox: 2.0875, KD: 0.3727) | Val C-index: 0.7307
Epoch 11/15 | Train Loss: 2.3600 (Cox: 2.0216, KD: 0.3384) | Val C-index: 0.7373
Epoch 12/15 | Train Loss: 2.4124 (Cox: 2.0381, KD: 0.3744) | Val C-index: 0.7408
Epoch 13/15 | Train Loss: 2.2920 (Cox: 1.9997, KD: 0.2923) | Val C-index: 0.7418
Epoch 14/15 | Train Loss: 2.3729 (Cox: 2.0194, KD: 0.3535) | Val C-index: 0.7215
Early stopping at epoch 14
Fold 4 final Val C-index: 0.7428

Extra survival metrics:
cutoff_from_train_median: -0.699605
n_test: 168
n_high_risk: 76
n_low_risk: 92
n_event_test: 65
logrank_stat: 35.755700
logrank_p: 0.000000
auc_36m: 0.791337
auc_60m: 0.784833
mean_auc: 0.789652
HR_high_vs_low: 4.471997
HR_95CI_lower: 2.613070
HR_95CI_upper: 7.653357
cox_p: 0.000000

==================================================
5-Fold CV Summary
==================================================
  C-index: 0.7390 +/- 0.0157
