nohup: ignoring input
Using Device: cuda
Model: meanpool-cox
Checkpoints: experiments/final_core_meanpool_v20/seed42/pa_meanpool_cox_ep100_p10/checkpoints
Results:     experiments/final_core_meanpool_v20/seed42/pa_meanpool_cox_ep100_p10/results
Loaded 843 samples

==================================================
Fold 1/5
==================================================
Epoch 1/100 | Train Loss: 4.4321 | Train C-index: 0.5940 | Val Loss: 4.5423 | Val C-index: 0.5802
Epoch 2/100 | Train Loss: 4.4040 | Train C-index: 0.6200 | Val Loss: 4.5192 | Val C-index: 0.6070
Epoch 3/100 | Train Loss: 4.3599 | Train C-index: 0.6432 | Val Loss: 4.4990 | Val C-index: 0.6278
Epoch 4/100 | Train Loss: 4.3547 | Train C-index: 0.6609 | Val Loss: 4.4813 | Val C-index: 0.6423
Epoch 5/100 | Train Loss: 4.3181 | Train C-index: 0.6753 | Val Loss: 4.4655 | Val C-index: 0.6568
Epoch 6/100 | Train Loss: 4.3055 | Train C-index: 0.6870 | Val Loss: 4.4511 | Val C-index: 0.6672
Epoch 7/100 | Train Loss: 4.2744 | Train C-index: 0.6955 | Val Loss: 4.4387 | Val C-index: 0.6740
Epoch 8/100 | Train Loss: 4.2756 | Train C-index: 0.7028 | Val Loss: 4.4287 | Val C-index: 0.6779
Epoch 9/100 | Train Loss: 4.2509 | Train C-index: 0.7085 | Val Loss: 4.4199 | Val C-index: 0.6819
Epoch 10/100 | Train Loss: 4.2343 | Train C-index: 0.7129 | Val Loss: 4.4119 | Val C-index: 0.6874
Epoch 11/100 | Train Loss: 4.2226 | Train C-index: 0.7167 | Val Loss: 4.4056 | Val C-index: 0.6890
Epoch 12/100 | Train Loss: 4.2120 | Train C-index: 0.7196 | Val Loss: 4.3998 | Val C-index: 0.6921
Epoch 13/100 | Train Loss: 4.2092 | Train C-index: 0.7220 | Val Loss: 4.3947 | Val C-index: 0.6949
Epoch 14/100 | Train Loss: 4.2045 | Train C-index: 0.7245 | Val Loss: 4.3907 | Val C-index: 0.6952
Epoch 15/100 | Train Loss: 4.2136 | Train C-index: 0.7267 | Val Loss: 4.3873 | Val C-index: 0.6969
Epoch 16/100 | Train Loss: 4.1936 | Train C-index: 0.7284 | Val Loss: 4.3842 | Val C-index: 0.6979
Epoch 17/100 | Train Loss: 4.1908 | Train C-index: 0.7298 | Val Loss: 4.3815 | Val C-index: 0.6989
Epoch 18/100 | Train Loss: 4.1769 | Train C-index: 0.7315 | Val Loss: 4.3786 | Val C-index: 0.6993
Epoch 19/100 | Train Loss: 4.1567 | Train C-index: 0.7332 | Val Loss: 4.3764 | Val C-index: 0.7000
Epoch 20/100 | Train Loss: 4.1783 | Train C-index: 0.7347 | Val Loss: 4.3747 | Val C-index: 0.7000
Epoch 21/100 | Train Loss: 4.1602 | Train C-index: 0.7363 | Val Loss: 4.3733 | Val C-index: 0.7015
Epoch 22/100 | Train Loss: 4.1963 | Train C-index: 0.7372 | Val Loss: 4.3721 | Val C-index: 0.7016
Epoch 23/100 | Train Loss: 4.1423 | Train C-index: 0.7383 | Val Loss: 4.3712 | Val C-index: 0.7019
Epoch 24/100 | Train Loss: 4.1709 | Train C-index: 0.7394 | Val Loss: 4.3699 | Val C-index: 0.7019
Epoch 25/100 | Train Loss: 4.1648 | Train C-index: 0.7403 | Val Loss: 4.3686 | Val C-index: 0.7026
Epoch 26/100 | Train Loss: 4.1767 | Train C-index: 0.7414 | Val Loss: 4.3680 | Val C-index: 0.7030
Epoch 27/100 | Train Loss: 4.1602 | Train C-index: 0.7423 | Val Loss: 4.3672 | Val C-index: 0.7044
Epoch 28/100 | Train Loss: 4.1493 | Train C-index: 0.7431 | Val Loss: 4.3669 | Val C-index: 0.7034
Epoch 29/100 | Train Loss: 4.1285 | Train C-index: 0.7441 | Val Loss: 4.3665 | Val C-index: 0.7027
Epoch 30/100 | Train Loss: 4.1262 | Train C-index: 0.7449 | Val Loss: 4.3661 | Val C-index: 0.7020
Epoch 31/100 | Train Loss: 4.1453 | Train C-index: 0.7457 | Val Loss: 4.3656 | Val C-index: 0.7024
Epoch 32/100 | Train Loss: 4.1240 | Train C-index: 0.7466 | Val Loss: 4.3655 | Val C-index: 0.7024
Epoch 33/100 | Train Loss: 4.1467 | Train C-index: 0.7474 | Val Loss: 4.3649 | Val C-index: 0.7028
Epoch 34/100 | Train Loss: 4.1117 | Train C-index: 0.7484 | Val Loss: 4.3647 | Val C-index: 0.7031
Epoch 35/100 | Train Loss: 4.1269 | Train C-index: 0.7491 | Val Loss: 4.3640 | Val C-index: 0.7035
Epoch 36/100 | Train Loss: 4.1395 | Train C-index: 0.7499 | Val Loss: 4.3628 | Val C-index: 0.7034
Epoch 37/100 | Train Loss: 4.0988 | Train C-index: 0.7507 | Val Loss: 4.3621 | Val C-index: 0.7034
Early stopping at epoch 37
Fold 0 final C-index: 0.7044

Extra survival metrics:
cutoff_from_train_median: -0.984488
n_test: 169
n_high_risk: 98
n_low_risk: 71
n_event_test: 65
logrank_stat: 29.315773
logrank_p: 0.000000
auc_36m: 0.711641
auc_60m: 0.696205
mean_auc: 0.707279
HR_high_vs_low: 6.045225
HR_95CI_lower: 2.880437
HR_95CI_upper: 12.687227
cox_p: 0.000002

==================================================
Fold 2/5
==================================================
Epoch 1/100 | Train Loss: 4.3970 | Train C-index: 0.5746 | Val Loss: 4.6837 | Val C-index: 0.5881
Epoch 2/100 | Train Loss: 4.3799 | Train C-index: 0.6099 | Val Loss: 4.6610 | Val C-index: 0.6212
Epoch 3/100 | Train Loss: 4.3585 | Train C-index: 0.6406 | Val Loss: 4.6412 | Val C-index: 0.6478
Epoch 4/100 | Train Loss: 4.3149 | Train C-index: 0.6634 | Val Loss: 4.6233 | Val C-index: 0.6679
Epoch 5/100 | Train Loss: 4.2970 | Train C-index: 0.6803 | Val Loss: 4.6080 | Val C-index: 0.6824
Epoch 6/100 | Train Loss: 4.2616 | Train C-index: 0.6926 | Val Loss: 4.5945 | Val C-index: 0.6909
Epoch 7/100 | Train Loss: 4.2572 | Train C-index: 0.7012 | Val Loss: 4.5832 | Val C-index: 0.6966
Epoch 8/100 | Train Loss: 4.2209 | Train C-index: 0.7073 | Val Loss: 4.5740 | Val C-index: 0.7000
Epoch 9/100 | Train Loss: 4.2302 | Train C-index: 0.7123 | Val Loss: 4.5662 | Val C-index: 0.7024
Epoch 10/100 | Train Loss: 4.2120 | Train C-index: 0.7164 | Val Loss: 4.5605 | Val C-index: 0.7040
Epoch 11/100 | Train Loss: 4.2262 | Train C-index: 0.7195 | Val Loss: 4.5563 | Val C-index: 0.7049
Epoch 12/100 | Train Loss: 4.1832 | Train C-index: 0.7218 | Val Loss: 4.5528 | Val C-index: 0.7053
Epoch 13/100 | Train Loss: 4.1808 | Train C-index: 0.7240 | Val Loss: 4.5500 | Val C-index: 0.7066
Epoch 14/100 | Train Loss: 4.1892 | Train C-index: 0.7254 | Val Loss: 4.5476 | Val C-index: 0.7079
Epoch 15/100 | Train Loss: 4.1410 | Train C-index: 0.7275 | Val Loss: 4.5464 | Val C-index: 0.7081
Epoch 16/100 | Train Loss: 4.1642 | Train C-index: 0.7289 | Val Loss: 4.5456 | Val C-index: 0.7079
Epoch 17/100 | Train Loss: 4.1533 | Train C-index: 0.7304 | Val Loss: 4.5450 | Val C-index: 0.7089
Epoch 18/100 | Train Loss: 4.1442 | Train C-index: 0.7313 | Val Loss: 4.5446 | Val C-index: 0.7091
Epoch 19/100 | Train Loss: 4.1520 | Train C-index: 0.7324 | Val Loss: 4.5446 | Val C-index: 0.7095
Epoch 20/100 | Train Loss: 4.1193 | Train C-index: 0.7336 | Val Loss: 4.5447 | Val C-index: 0.7092
Epoch 21/100 | Train Loss: 4.1279 | Train C-index: 0.7344 | Val Loss: 4.5448 | Val C-index: 0.7090
Epoch 22/100 | Train Loss: 4.1349 | Train C-index: 0.7352 | Val Loss: 4.5447 | Val C-index: 0.7089
Epoch 23/100 | Train Loss: 4.1111 | Train C-index: 0.7360 | Val Loss: 4.5449 | Val C-index: 0.7085
Epoch 24/100 | Train Loss: 4.0999 | Train C-index: 0.7369 | Val Loss: 4.5457 | Val C-index: 0.7077
Epoch 25/100 | Train Loss: 4.1187 | Train C-index: 0.7377 | Val Loss: 4.5460 | Val C-index: 0.7079
Epoch 26/100 | Train Loss: 4.1181 | Train C-index: 0.7383 | Val Loss: 4.5466 | Val C-index: 0.7075
Epoch 27/100 | Train Loss: 4.1069 | Train C-index: 0.7392 | Val Loss: 4.5470 | Val C-index: 0.7081
Epoch 28/100 | Train Loss: 4.1061 | Train C-index: 0.7400 | Val Loss: 4.5475 | Val C-index: 0.7084
Epoch 29/100 | Train Loss: 4.0812 | Train C-index: 0.7406 | Val Loss: 4.5482 | Val C-index: 0.7081
Early stopping at epoch 29
Fold 1 final C-index: 0.7095

Extra survival metrics:
cutoff_from_train_median: -0.685464
n_test: 169
n_high_risk: 78
n_low_risk: 91
n_event_test: 65
logrank_stat: 20.098335
logrank_p: 0.000007
auc_36m: 0.724960
auc_60m: 0.686107
mean_auc: 0.715484
HR_high_vs_low: 3.116730
HR_95CI_lower: 1.846134
HR_95CI_upper: 5.261810
cox_p: 0.000021

==================================================
Fold 3/5
==================================================
Epoch 1/100 | Train Loss: 4.3882 | Train C-index: 0.5842 | Val Loss: 4.7208 | Val C-index: 0.5765
Epoch 2/100 | Train Loss: 4.3683 | Train C-index: 0.6111 | Val Loss: 4.7005 | Val C-index: 0.6092
Epoch 3/100 | Train Loss: 4.3459 | Train C-index: 0.6318 | Val Loss: 4.6817 | Val C-index: 0.6373
Epoch 4/100 | Train Loss: 4.3109 | Train C-index: 0.6488 | Val Loss: 4.6645 | Val C-index: 0.6587
Epoch 5/100 | Train Loss: 4.2820 | Train C-index: 0.6618 | Val Loss: 4.6490 | Val C-index: 0.6688
Epoch 6/100 | Train Loss: 4.2910 | Train C-index: 0.6717 | Val Loss: 4.6357 | Val C-index: 0.6761
Epoch 7/100 | Train Loss: 4.2595 | Train C-index: 0.6785 | Val Loss: 4.6239 | Val C-index: 0.6812
Epoch 8/100 | Train Loss: 4.2626 | Train C-index: 0.6848 | Val Loss: 4.6135 | Val C-index: 0.6865
Epoch 9/100 | Train Loss: 4.2293 | Train C-index: 0.6896 | Val Loss: 4.6047 | Val C-index: 0.6874
Epoch 10/100 | Train Loss: 4.2380 | Train C-index: 0.6938 | Val Loss: 4.5964 | Val C-index: 0.6905
Epoch 11/100 | Train Loss: 4.2140 | Train C-index: 0.6971 | Val Loss: 4.5891 | Val C-index: 0.6913
Epoch 12/100 | Train Loss: 4.1934 | Train C-index: 0.7002 | Val Loss: 4.5825 | Val C-index: 0.6924
Epoch 13/100 | Train Loss: 4.1814 | Train C-index: 0.7030 | Val Loss: 4.5772 | Val C-index: 0.6944
Epoch 14/100 | Train Loss: 4.1929 | Train C-index: 0.7054 | Val Loss: 4.5723 | Val C-index: 0.6967
Epoch 15/100 | Train Loss: 4.1817 | Train C-index: 0.7078 | Val Loss: 4.5681 | Val C-index: 0.6973
Epoch 16/100 | Train Loss: 4.1801 | Train C-index: 0.7096 | Val Loss: 4.5649 | Val C-index: 0.6978
Epoch 17/100 | Train Loss: 4.1700 | Train C-index: 0.7116 | Val Loss: 4.5617 | Val C-index: 0.6992
Epoch 18/100 | Train Loss: 4.1718 | Train C-index: 0.7132 | Val Loss: 4.5590 | Val C-index: 0.7000
Epoch 19/100 | Train Loss: 4.1626 | Train C-index: 0.7151 | Val Loss: 4.5567 | Val C-index: 0.7003
Epoch 20/100 | Train Loss: 4.1613 | Train C-index: 0.7169 | Val Loss: 4.5545 | Val C-index: 0.7011
Epoch 21/100 | Train Loss: 4.1712 | Train C-index: 0.7183 | Val Loss: 4.5528 | Val C-index: 0.7015
Epoch 22/100 | Train Loss: 4.1241 | Train C-index: 0.7197 | Val Loss: 4.5511 | Val C-index: 0.7020
Epoch 23/100 | Train Loss: 4.1415 | Train C-index: 0.7214 | Val Loss: 4.5493 | Val C-index: 0.7028
Epoch 24/100 | Train Loss: 4.1263 | Train C-index: 0.7227 | Val Loss: 4.5480 | Val C-index: 0.7028
Epoch 25/100 | Train Loss: 4.1346 | Train C-index: 0.7237 | Val Loss: 4.5463 | Val C-index: 0.7028
Epoch 26/100 | Train Loss: 4.1251 | Train C-index: 0.7249 | Val Loss: 4.5450 | Val C-index: 0.7032
Epoch 27/100 | Train Loss: 4.1121 | Train C-index: 0.7258 | Val Loss: 4.5437 | Val C-index: 0.7020
Epoch 28/100 | Train Loss: 4.1141 | Train C-index: 0.7268 | Val Loss: 4.5428 | Val C-index: 0.7030
Epoch 29/100 | Train Loss: 4.1094 | Train C-index: 0.7277 | Val Loss: 4.5419 | Val C-index: 0.7033
Epoch 30/100 | Train Loss: 4.1197 | Train C-index: 0.7285 | Val Loss: 4.5412 | Val C-index: 0.7034
Epoch 31/100 | Train Loss: 4.1288 | Train C-index: 0.7297 | Val Loss: 4.5399 | Val C-index: 0.7031
Epoch 32/100 | Train Loss: 4.0818 | Train C-index: 0.7310 | Val Loss: 4.5387 | Val C-index: 0.7034
Epoch 33/100 | Train Loss: 4.1035 | Train C-index: 0.7321 | Val Loss: 4.5382 | Val C-index: 0.7036
Epoch 34/100 | Train Loss: 4.1079 | Train C-index: 0.7330 | Val Loss: 4.5373 | Val C-index: 0.7037
Epoch 35/100 | Train Loss: 4.1167 | Train C-index: 0.7339 | Val Loss: 4.5371 | Val C-index: 0.7044
Epoch 36/100 | Train Loss: 4.0873 | Train C-index: 0.7351 | Val Loss: 4.5367 | Val C-index: 0.7052
Epoch 37/100 | Train Loss: 4.0877 | Train C-index: 0.7360 | Val Loss: 4.5358 | Val C-index: 0.7064
Epoch 38/100 | Train Loss: 4.0876 | Train C-index: 0.7368 | Val Loss: 4.5352 | Val C-index: 0.7059
Epoch 39/100 | Train Loss: 4.0954 | Train C-index: 0.7376 | Val Loss: 4.5348 | Val C-index: 0.7059
Epoch 40/100 | Train Loss: 4.0795 | Train C-index: 0.7386 | Val Loss: 4.5342 | Val C-index: 0.7056
Epoch 41/100 | Train Loss: 4.0836 | Train C-index: 0.7393 | Val Loss: 4.5341 | Val C-index: 0.7060
Epoch 42/100 | Train Loss: 4.0749 | Train C-index: 0.7400 | Val Loss: 4.5340 | Val C-index: 0.7056
Epoch 43/100 | Train Loss: 4.0962 | Train C-index: 0.7406 | Val Loss: 4.5336 | Val C-index: 0.7053
Epoch 44/100 | Train Loss: 4.0519 | Train C-index: 0.7415 | Val Loss: 4.5334 | Val C-index: 0.7052
Epoch 45/100 | Train Loss: 4.0694 | Train C-index: 0.7422 | Val Loss: 4.5329 | Val C-index: 0.7053
Epoch 46/100 | Train Loss: 4.0518 | Train C-index: 0.7429 | Val Loss: 4.5326 | Val C-index: 0.7053
Epoch 47/100 | Train Loss: 4.0791 | Train C-index: 0.7435 | Val Loss: 4.5325 | Val C-index: 0.7058
Early stopping at epoch 47
Fold 2 final C-index: 0.7064

Extra survival metrics:
cutoff_from_train_median: -1.232287
n_test: 169
n_high_risk: 80
n_low_risk: 89
n_event_test: 65
logrank_stat: 28.840667
logrank_p: 0.000000
auc_36m: 0.752197
auc_60m: 0.680530
mean_auc: 0.738058
HR_high_vs_low: 4.096803
HR_95CI_lower: 2.345523
HR_95CI_upper: 7.155673
cox_p: 0.000001

==================================================
Fold 4/5
==================================================
Epoch 1/100 | Train Loss: 4.3490 | Train C-index: 0.6114 | Val Loss: 4.6700 | Val C-index: 0.6692
Epoch 2/100 | Train Loss: 4.3439 | Train C-index: 0.6303 | Val Loss: 4.6463 | Val C-index: 0.6870
Epoch 3/100 | Train Loss: 4.3042 | Train C-index: 0.6450 | Val Loss: 4.6257 | Val C-index: 0.7003
Epoch 4/100 | Train Loss: 4.2986 | Train C-index: 0.6569 | Val Loss: 4.6055 | Val C-index: 0.7092
Epoch 5/100 | Train Loss: 4.2854 | Train C-index: 0.6668 | Val Loss: 4.5872 | Val C-index: 0.7159
Epoch 6/100 | Train Loss: 4.2661 | Train C-index: 0.6743 | Val Loss: 4.5716 | Val C-index: 0.7237
Epoch 7/100 | Train Loss: 4.2434 | Train C-index: 0.6800 | Val Loss: 4.5573 | Val C-index: 0.7279
Epoch 8/100 | Train Loss: 4.2302 | Train C-index: 0.6849 | Val Loss: 4.5449 | Val C-index: 0.7316
Epoch 9/100 | Train Loss: 4.2319 | Train C-index: 0.6886 | Val Loss: 4.5336 | Val C-index: 0.7343
Epoch 10/100 | Train Loss: 4.2110 | Train C-index: 0.6923 | Val Loss: 4.5254 | Val C-index: 0.7351
Epoch 11/100 | Train Loss: 4.2112 | Train C-index: 0.6953 | Val Loss: 4.5178 | Val C-index: 0.7384
Epoch 12/100 | Train Loss: 4.2088 | Train C-index: 0.6981 | Val Loss: 4.5112 | Val C-index: 0.7394
Epoch 13/100 | Train Loss: 4.2197 | Train C-index: 0.7007 | Val Loss: 4.5054 | Val C-index: 0.7388
Epoch 14/100 | Train Loss: 4.1759 | Train C-index: 0.7032 | Val Loss: 4.5001 | Val C-index: 0.7400
Epoch 15/100 | Train Loss: 4.1938 | Train C-index: 0.7054 | Val Loss: 4.4963 | Val C-index: 0.7407
Epoch 16/100 | Train Loss: 4.1722 | Train C-index: 0.7071 | Val Loss: 4.4928 | Val C-index: 0.7405
Epoch 17/100 | Train Loss: 4.1663 | Train C-index: 0.7089 | Val Loss: 4.4899 | Val C-index: 0.7404
Epoch 18/100 | Train Loss: 4.1675 | Train C-index: 0.7107 | Val Loss: 4.4880 | Val C-index: 0.7411
Epoch 19/100 | Train Loss: 4.1665 | Train C-index: 0.7124 | Val Loss: 4.4864 | Val C-index: 0.7403
Epoch 20/100 | Train Loss: 4.1646 | Train C-index: 0.7142 | Val Loss: 4.4862 | Val C-index: 0.7409
Epoch 21/100 | Train Loss: 4.1745 | Train C-index: 0.7159 | Val Loss: 4.4859 | Val C-index: 0.7419
Epoch 22/100 | Train Loss: 4.1715 | Train C-index: 0.7174 | Val Loss: 4.4853 | Val C-index: 0.7421
Epoch 23/100 | Train Loss: 4.1390 | Train C-index: 0.7185 | Val Loss: 4.4853 | Val C-index: 0.7419
Epoch 24/100 | Train Loss: 4.1381 | Train C-index: 0.7198 | Val Loss: 4.4856 | Val C-index: 0.7409
Epoch 25/100 | Train Loss: 4.1362 | Train C-index: 0.7210 | Val Loss: 4.4860 | Val C-index: 0.7400
Epoch 26/100 | Train Loss: 4.1369 | Train C-index: 0.7224 | Val Loss: 4.4866 | Val C-index: 0.7405
Epoch 27/100 | Train Loss: 4.1385 | Train C-index: 0.7239 | Val Loss: 4.4865 | Val C-index: 0.7400
Epoch 28/100 | Train Loss: 4.1247 | Train C-index: 0.7251 | Val Loss: 4.4870 | Val C-index: 0.7398
Epoch 29/100 | Train Loss: 4.1164 | Train C-index: 0.7263 | Val Loss: 4.4873 | Val C-index: 0.7409
Epoch 30/100 | Train Loss: 4.1175 | Train C-index: 0.7274 | Val Loss: 4.4873 | Val C-index: 0.7398
Epoch 31/100 | Train Loss: 4.1122 | Train C-index: 0.7283 | Val Loss: 4.4880 | Val C-index: 0.7409
Epoch 32/100 | Train Loss: 4.1200 | Train C-index: 0.7295 | Val Loss: 4.4884 | Val C-index: 0.7409
Early stopping at epoch 32
Fold 3 final C-index: 0.7421

Extra survival metrics:
cutoff_from_train_median: -0.440610
n_test: 168
n_high_risk: 98
n_low_risk: 70
n_event_test: 65
logrank_stat: 32.294233
logrank_p: 0.000000
auc_36m: 0.769875
auc_60m: 0.824845
mean_auc: 0.784656
HR_high_vs_low: 5.688347
HR_95CI_lower: 2.893139
HR_95CI_upper: 11.184146
cox_p: 0.000000

==================================================
Fold 5/5
==================================================
Epoch 1/100 | Train Loss: 4.4304 | Train C-index: 0.6101 | Val Loss: 4.6034 | Val C-index: 0.5633
Epoch 2/100 | Train Loss: 4.4002 | Train C-index: 0.6429 | Val Loss: 4.5816 | Val C-index: 0.5931
Epoch 3/100 | Train Loss: 4.3710 | Train C-index: 0.6651 | Val Loss: 4.5622 | Val C-index: 0.6169
Epoch 4/100 | Train Loss: 4.3249 | Train C-index: 0.6816 | Val Loss: 4.5444 | Val C-index: 0.6340
Epoch 5/100 | Train Loss: 4.3105 | Train C-index: 0.6926 | Val Loss: 4.5284 | Val C-index: 0.6496
Epoch 6/100 | Train Loss: 4.2973 | Train C-index: 0.6999 | Val Loss: 4.5145 | Val C-index: 0.6599
Epoch 7/100 | Train Loss: 4.2888 | Train C-index: 0.7052 | Val Loss: 4.5024 | Val C-index: 0.6702
Epoch 8/100 | Train Loss: 4.2555 | Train C-index: 0.7092 | Val Loss: 4.4920 | Val C-index: 0.6752
Epoch 9/100 | Train Loss: 4.2483 | Train C-index: 0.7129 | Val Loss: 4.4826 | Val C-index: 0.6811
Epoch 10/100 | Train Loss: 4.2283 | Train C-index: 0.7154 | Val Loss: 4.4745 | Val C-index: 0.6847
Epoch 11/100 | Train Loss: 4.2231 | Train C-index: 0.7171 | Val Loss: 4.4674 | Val C-index: 0.6865
Epoch 12/100 | Train Loss: 4.2167 | Train C-index: 0.7191 | Val Loss: 4.4613 | Val C-index: 0.6902
Epoch 13/100 | Train Loss: 4.2179 | Train C-index: 0.7206 | Val Loss: 4.4566 | Val C-index: 0.6938
Epoch 14/100 | Train Loss: 4.2093 | Train C-index: 0.7218 | Val Loss: 4.4524 | Val C-index: 0.6956
Epoch 15/100 | Train Loss: 4.1896 | Train C-index: 0.7232 | Val Loss: 4.4487 | Val C-index: 0.6977
Epoch 16/100 | Train Loss: 4.1946 | Train C-index: 0.7243 | Val Loss: 4.4458 | Val C-index: 0.6989
Epoch 17/100 | Train Loss: 4.1858 | Train C-index: 0.7252 | Val Loss: 4.4433 | Val C-index: 0.6997
Epoch 18/100 | Train Loss: 4.1820 | Train C-index: 0.7261 | Val Loss: 4.4413 | Val C-index: 0.6993
Epoch 19/100 | Train Loss: 4.1472 | Train C-index: 0.7271 | Val Loss: 4.4387 | Val C-index: 0.6999
Epoch 20/100 | Train Loss: 4.1721 | Train C-index: 0.7279 | Val Loss: 4.4368 | Val C-index: 0.7005
Epoch 21/100 | Train Loss: 4.1614 | Train C-index: 0.7288 | Val Loss: 4.4348 | Val C-index: 0.7015
Epoch 22/100 | Train Loss: 4.1604 | Train C-index: 0.7297 | Val Loss: 4.4324 | Val C-index: 0.7031
Epoch 23/100 | Train Loss: 4.1643 | Train C-index: 0.7307 | Val Loss: 4.4313 | Val C-index: 0.7042
Epoch 24/100 | Train Loss: 4.1537 | Train C-index: 0.7311 | Val Loss: 4.4296 | Val C-index: 0.7057
Epoch 25/100 | Train Loss: 4.1447 | Train C-index: 0.7321 | Val Loss: 4.4284 | Val C-index: 0.7065
Epoch 26/100 | Train Loss: 4.1534 | Train C-index: 0.7326 | Val Loss: 4.4273 | Val C-index: 0.7066
Epoch 27/100 | Train Loss: 4.1401 | Train C-index: 0.7333 | Val Loss: 4.4263 | Val C-index: 0.7073
Epoch 28/100 | Train Loss: 4.1570 | Train C-index: 0.7341 | Val Loss: 4.4252 | Val C-index: 0.7075
Epoch 29/100 | Train Loss: 4.1465 | Train C-index: 0.7346 | Val Loss: 4.4238 | Val C-index: 0.7091
Epoch 30/100 | Train Loss: 4.1445 | Train C-index: 0.7354 | Val Loss: 4.4233 | Val C-index: 0.7095
Epoch 31/100 | Train Loss: 4.1190 | Train C-index: 0.7361 | Val Loss: 4.4223 | Val C-index: 0.7104
Epoch 32/100 | Train Loss: 4.1170 | Train C-index: 0.7368 | Val Loss: 4.4211 | Val C-index: 0.7111
Epoch 33/100 | Train Loss: 4.1294 | Train C-index: 0.7375 | Val Loss: 4.4198 | Val C-index: 0.7123
Epoch 34/100 | Train Loss: 4.1166 | Train C-index: 0.7384 | Val Loss: 4.4181 | Val C-index: 0.7130
Epoch 35/100 | Train Loss: 4.1208 | Train C-index: 0.7390 | Val Loss: 4.4165 | Val C-index: 0.7131
Epoch 36/100 | Train Loss: 4.1239 | Train C-index: 0.7397 | Val Loss: 4.4153 | Val C-index: 0.7135
Epoch 37/100 | Train Loss: 4.1502 | Train C-index: 0.7404 | Val Loss: 4.4143 | Val C-index: 0.7135
Epoch 38/100 | Train Loss: 4.1146 | Train C-index: 0.7411 | Val Loss: 4.4135 | Val C-index: 0.7136
Epoch 39/100 | Train Loss: 4.1177 | Train C-index: 0.7419 | Val Loss: 4.4123 | Val C-index: 0.7146
Epoch 40/100 | Train Loss: 4.1163 | Train C-index: 0.7427 | Val Loss: 4.4113 | Val C-index: 0.7147
Epoch 41/100 | Train Loss: 4.1007 | Train C-index: 0.7434 | Val Loss: 4.4107 | Val C-index: 0.7150
Epoch 42/100 | Train Loss: 4.1015 | Train C-index: 0.7441 | Val Loss: 4.4098 | Val C-index: 0.7147
Epoch 43/100 | Train Loss: 4.1053 | Train C-index: 0.7446 | Val Loss: 4.4094 | Val C-index: 0.7146
Epoch 44/100 | Train Loss: 4.0911 | Train C-index: 0.7451 | Val Loss: 4.4082 | Val C-index: 0.7144
Epoch 45/100 | Train Loss: 4.1116 | Train C-index: 0.7460 | Val Loss: 4.4068 | Val C-index: 0.7159
Epoch 46/100 | Train Loss: 4.0882 | Train C-index: 0.7467 | Val Loss: 4.4060 | Val C-index: 0.7158
Epoch 47/100 | Train Loss: 4.0877 | Train C-index: 0.7473 | Val Loss: 4.4051 | Val C-index: 0.7159
Epoch 48/100 | Train Loss: 4.0773 | Train C-index: 0.7478 | Val Loss: 4.4045 | Val C-index: 0.7164
Epoch 49/100 | Train Loss: 4.0946 | Train C-index: 0.7484 | Val Loss: 4.4041 | Val C-index: 0.7166
Epoch 50/100 | Train Loss: 4.0848 | Train C-index: 0.7490 | Val Loss: 4.4029 | Val C-index: 0.7168
Epoch 51/100 | Train Loss: 4.0820 | Train C-index: 0.7495 | Val Loss: 4.4022 | Val C-index: 0.7170
Epoch 52/100 | Train Loss: 4.0821 | Train C-index: 0.7501 | Val Loss: 4.4012 | Val C-index: 0.7167
Epoch 53/100 | Train Loss: 4.0884 | Train C-index: 0.7505 | Val Loss: 4.4004 | Val C-index: 0.7174
Epoch 54/100 | Train Loss: 4.0835 | Train C-index: 0.7510 | Val Loss: 4.3998 | Val C-index: 0.7180
Epoch 55/100 | Train Loss: 4.0554 | Train C-index: 0.7517 | Val Loss: 4.3994 | Val C-index: 0.7186
Epoch 56/100 | Train Loss: 4.0499 | Train C-index: 0.7521 | Val Loss: 4.3988 | Val C-index: 0.7188
Epoch 57/100 | Train Loss: 4.0667 | Train C-index: 0.7527 | Val Loss: 4.3984 | Val C-index: 0.7186
Epoch 58/100 | Train Loss: 4.0740 | Train C-index: 0.7531 | Val Loss: 4.3982 | Val C-index: 0.7186
Epoch 59/100 | Train Loss: 4.0569 | Train C-index: 0.7536 | Val Loss: 4.3971 | Val C-index: 0.7191
Epoch 60/100 | Train Loss: 4.0616 | Train C-index: 0.7540 | Val Loss: 4.3967 | Val C-index: 0.7202
Epoch 61/100 | Train Loss: 4.0509 | Train C-index: 0.7546 | Val Loss: 4.3963 | Val C-index: 0.7204
Epoch 62/100 | Train Loss: 4.0716 | Train C-index: 0.7550 | Val Loss: 4.3958 | Val C-index: 0.7204
Epoch 63/100 | Train Loss: 4.0589 | Train C-index: 0.7556 | Val Loss: 4.3945 | Val C-index: 0.7204
Epoch 64/100 | Train Loss: 4.0571 | Train C-index: 0.7563 | Val Loss: 4.3933 | Val C-index: 0.7208
Epoch 65/100 | Train Loss: 4.0378 | Train C-index: 0.7567 | Val Loss: 4.3930 | Val C-index: 0.7208
Epoch 66/100 | Train Loss: 4.0474 | Train C-index: 0.7572 | Val Loss: 4.3915 | Val C-index: 0.7211
Epoch 67/100 | Train Loss: 4.0503 | Train C-index: 0.7576 | Val Loss: 4.3911 | Val C-index: 0.7211
Epoch 68/100 | Train Loss: 4.0364 | Train C-index: 0.7579 | Val Loss: 4.3906 | Val C-index: 0.7211
Epoch 69/100 | Train Loss: 4.0333 | Train C-index: 0.7583 | Val Loss: 4.3907 | Val C-index: 0.7212
Epoch 70/100 | Train Loss: 4.0168 | Train C-index: 0.7587 | Val Loss: 4.3900 | Val C-index: 0.7212
Epoch 71/100 | Train Loss: 4.0608 | Train C-index: 0.7592 | Val Loss: 4.3900 | Val C-index: 0.7214
Epoch 72/100 | Train Loss: 4.0424 | Train C-index: 0.7597 | Val Loss: 4.3886 | Val C-index: 0.7219
Epoch 73/100 | Train Loss: 4.0120 | Train C-index: 0.7601 | Val Loss: 4.3870 | Val C-index: 0.7233
Epoch 74/100 | Train Loss: 4.0270 | Train C-index: 0.7604 | Val Loss: 4.3855 | Val C-index: 0.7240
Epoch 75/100 | Train Loss: 4.0364 | Train C-index: 0.7609 | Val Loss: 4.3851 | Val C-index: 0.7249
Epoch 76/100 | Train Loss: 3.9954 | Train C-index: 0.7613 | Val Loss: 4.3842 | Val C-index: 0.7251
Epoch 77/100 | Train Loss: 4.0169 | Train C-index: 0.7618 | Val Loss: 4.3836 | Val C-index: 0.7255
Epoch 78/100 | Train Loss: 4.0379 | Train C-index: 0.7621 | Val Loss: 4.3837 | Val C-index: 0.7256
Epoch 79/100 | Train Loss: 4.0393 | Train C-index: 0.7626 | Val Loss: 4.3840 | Val C-index: 0.7261
Epoch 80/100 | Train Loss: 4.0315 | Train C-index: 0.7630 | Val Loss: 4.3829 | Val C-index: 0.7261
Epoch 81/100 | Train Loss: 4.0060 | Train C-index: 0.7634 | Val Loss: 4.3828 | Val C-index: 0.7260
Epoch 82/100 | Train Loss: 4.0281 | Train C-index: 0.7638 | Val Loss: 4.3825 | Val C-index: 0.7259
Epoch 83/100 | Train Loss: 4.0045 | Train C-index: 0.7641 | Val Loss: 4.3822 | Val C-index: 0.7263
Epoch 84/100 | Train Loss: 4.0203 | Train C-index: 0.7644 | Val Loss: 4.3816 | Val C-index: 0.7264
Epoch 85/100 | Train Loss: 4.0253 | Train C-index: 0.7649 | Val Loss: 4.3805 | Val C-index: 0.7272
Epoch 86/100 | Train Loss: 4.0330 | Train C-index: 0.7653 | Val Loss: 4.3796 | Val C-index: 0.7275
Epoch 87/100 | Train Loss: 4.0359 | Train C-index: 0.7658 | Val Loss: 4.3787 | Val C-index: 0.7279
Epoch 88/100 | Train Loss: 4.0225 | Train C-index: 0.7661 | Val Loss: 4.3778 | Val C-index: 0.7281
Epoch 89/100 | Train Loss: 4.0267 | Train C-index: 0.7668 | Val Loss: 4.3766 | Val C-index: 0.7287
Epoch 90/100 | Train Loss: 4.0120 | Train C-index: 0.7672 | Val Loss: 4.3758 | Val C-index: 0.7288
Epoch 91/100 | Train Loss: 4.0220 | Train C-index: 0.7676 | Val Loss: 4.3751 | Val C-index: 0.7291
Epoch 92/100 | Train Loss: 4.0062 | Train C-index: 0.7680 | Val Loss: 4.3751 | Val C-index: 0.7285
Epoch 93/100 | Train Loss: 3.9766 | Train C-index: 0.7681 | Val Loss: 4.3752 | Val C-index: 0.7288
Epoch 94/100 | Train Loss: 3.9862 | Train C-index: 0.7684 | Val Loss: 4.3752 | Val C-index: 0.7291
Epoch 95/100 | Train Loss: 3.9702 | Train C-index: 0.7685 | Val Loss: 4.3750 | Val C-index: 0.7291
Epoch 96/100 | Train Loss: 4.0092 | Train C-index: 0.7686 | Val Loss: 4.3754 | Val C-index: 0.7288
Epoch 97/100 | Train Loss: 4.0004 | Train C-index: 0.7689 | Val Loss: 4.3759 | Val C-index: 0.7289
Epoch 98/100 | Train Loss: 4.0061 | Train C-index: 0.7692 | Val Loss: 4.3760 | Val C-index: 0.7288
Epoch 99/100 | Train Loss: 3.9871 | Train C-index: 0.7696 | Val Loss: 4.3760 | Val C-index: 0.7293
Epoch 100/100 | Train Loss: 3.9805 | Train C-index: 0.7699 | Val Loss: 4.3755 | Val C-index: 0.7295
Fold 4 final C-index: 0.7295

Extra survival metrics:
cutoff_from_train_median: -0.395717
n_test: 168
n_high_risk: 77
n_low_risk: 91
n_event_test: 65
logrank_stat: 34.989441
logrank_p: 0.000000
auc_36m: 0.796930
auc_60m: 0.781740
mean_auc: 0.792997
HR_high_vs_low: 4.378736
HR_95CI_lower: 2.571145
HR_95CI_upper: 7.457119
cox_p: 0.000000

==================================================
5-Fold CV Summary
==================================================
  C-index: 0.7184 +/- 0.0166
