nohup: ignoring input
Using Device: cuda | ROI size: 64
PA model: abmil-cox-topk | Augment: False
CT pretrained: /home/gly001/cqj/pa_ct_surv/model/ct_pretrain/resnet_18_23dataset.pth
Checkpoints: /home/gly001/cqj/pa_ct_surv/experiments/final_core/seed2024/pact_teacher/checkpoints
Results:     /home/gly001/cqj/pa_ct_surv/experiments/final_core/seed2024/pact_teacher/results
Loaded 843 paired samples

==================================================
Fold 1/5
==================================================
[ResNetCox] Loaded pretrained from /home/gly001/cqj/pa_ct_surv/model/ct_pretrain/resnet_18_23dataset.pth
  Missing keys (ok): ['fc.weight', 'fc.bias']
Epoch 1/30 | Train Loss: 4.0977 | Train C-index: 0.7049 | Val Loss: 4.5098 | Val C-index: 0.7027
Epoch 2/30 | Train Loss: 3.9504 | Train C-index: 0.7454 | Val Loss: 4.3947 | Val C-index: 0.7294
Epoch 3/30 | Train Loss: 3.8660 | Train C-index: 0.7717 | Val Loss: 4.3464 | Val C-index: 0.7547
Epoch 4/30 | Train Loss: 3.7334 | Train C-index: 0.7985 | Val Loss: 4.3664 | Val C-index: 0.7541
Epoch 5/30 | Train Loss: 3.5621 | Train C-index: 0.8205 | Val Loss: 4.4961 | Val C-index: 0.7405
Epoch 6/30 | Train Loss: 3.4963 | Train C-index: 0.8378 | Val Loss: 4.3982 | Val C-index: 0.7369
Epoch 7/30 | Train Loss: 3.3839 | Train C-index: 0.8541 | Val Loss: 4.5127 | Val C-index: 0.7498
Epoch 8/30 | Train Loss: 3.2648 | Train C-index: 0.8704 | Val Loss: 4.6597 | Val C-index: 0.7471
Early stopping at epoch 8
Fold 0 final C-index: 0.7547

Extra survival metrics:
cutoff_from_train_median: -0.460874
n_test: 169
n_high_risk: 65
n_low_risk: 104
n_event_test: 65
logrank_stat: 42.752982
logrank_p: 0.000000
auc_36m: 0.799374
auc_60m: 0.777548
mean_auc: 0.795515
HR_high_vs_low: 4.825951
HR_95CI_lower: 2.872403
HR_95CI_upper: 8.108125
cox_p: 0.000000

==================================================
Fold 2/5
==================================================
[ResNetCox] Loaded pretrained from /home/gly001/cqj/pa_ct_surv/model/ct_pretrain/resnet_18_23dataset.pth
  Missing keys (ok): ['fc.weight', 'fc.bias']
Epoch 1/30 | Train Loss: 4.1678 | Train C-index: 0.7023 | Val Loss: 4.5141 | Val C-index: 0.6617
Epoch 2/30 | Train Loss: 3.9533 | Train C-index: 0.7192 | Val Loss: 4.5368 | Val C-index: 0.6523
Epoch 3/30 | Train Loss: 3.8391 | Train C-index: 0.7476 | Val Loss: 4.5201 | Val C-index: 0.6720
Epoch 4/30 | Train Loss: 3.7817 | Train C-index: 0.7615 | Val Loss: 4.4699 | Val C-index: 0.6855
Epoch 5/30 | Train Loss: 3.6209 | Train C-index: 0.7801 | Val Loss: 4.6554 | Val C-index: 0.6821
Epoch 6/30 | Train Loss: 3.5500 | Train C-index: 0.7872 | Val Loss: 4.5451 | Val C-index: 0.6716
Epoch 7/30 | Train Loss: 3.4047 | Train C-index: 0.8393 | Val Loss: 4.9593 | Val C-index: 0.6690
Epoch 8/30 | Train Loss: 3.3160 | Train C-index: 0.8463 | Val Loss: 4.7947 | Val C-index: 0.6860
Epoch 9/30 | Train Loss: 3.2455 | Train C-index: 0.8662 | Val Loss: 4.8755 | Val C-index: 0.6724
Epoch 10/30 | Train Loss: 3.0296 | Train C-index: 0.8829 | Val Loss: 5.1868 | Val C-index: 0.6473
Epoch 11/30 | Train Loss: 2.9444 | Train C-index: 0.8790 | Val Loss: 5.4486 | Val C-index: 0.6863
Epoch 12/30 | Train Loss: 2.9584 | Train C-index: 0.8992 | Val Loss: 5.1650 | Val C-index: 0.6945
Epoch 13/30 | Train Loss: 2.8661 | Train C-index: 0.9051 | Val Loss: 5.6716 | Val C-index: 0.6860
Epoch 14/30 | Train Loss: 2.8514 | Train C-index: 0.9119 | Val Loss: 4.7986 | Val C-index: 0.7118
Epoch 15/30 | Train Loss: 2.7269 | Train C-index: 0.9147 | Val Loss: 5.8904 | Val C-index: 0.6894
Epoch 16/30 | Train Loss: 2.6743 | Train C-index: 0.9336 | Val Loss: 5.3449 | Val C-index: 0.7019
Epoch 17/30 | Train Loss: 2.5199 | Train C-index: 0.9368 | Val Loss: 5.8630 | Val C-index: 0.6896
Epoch 18/30 | Train Loss: 2.5074 | Train C-index: 0.9353 | Val Loss: 5.6856 | Val C-index: 0.6750
Epoch 19/30 | Train Loss: 2.4963 | Train C-index: 0.9198 | Val Loss: 5.8143 | Val C-index: 0.6689
Early stopping at epoch 19
Fold 1 final C-index: 0.7118

Extra survival metrics:
cutoff_from_train_median: -1.549001
n_test: 169
n_high_risk: 98
n_low_risk: 71
n_event_test: 65
logrank_stat: 14.104134
logrank_p: 0.000173
auc_36m: 0.759150
auc_60m: 0.750401
mean_auc: 0.757365
HR_high_vs_low: 2.894592
HR_95CI_lower: 1.619481
HR_95CI_upper: 5.173670
cox_p: 0.000334

==================================================
Fold 3/5
==================================================
[ResNetCox] Loaded pretrained from /home/gly001/cqj/pa_ct_surv/model/ct_pretrain/resnet_18_23dataset.pth
  Missing keys (ok): ['fc.weight', 'fc.bias']
Epoch 1/30 | Train Loss: 4.0928 | Train C-index: 0.6825 | Val Loss: 4.5952 | Val C-index: 0.6546
Epoch 2/30 | Train Loss: 3.9466 | Train C-index: 0.7384 | Val Loss: 4.5025 | Val C-index: 0.7001
Epoch 3/30 | Train Loss: 3.8258 | Train C-index: 0.7503 | Val Loss: 4.4961 | Val C-index: 0.6797
Epoch 4/30 | Train Loss: 3.7355 | Train C-index: 0.7703 | Val Loss: 4.4507 | Val C-index: 0.7158
Epoch 5/30 | Train Loss: 3.6655 | Train C-index: 0.7920 | Val Loss: 4.4355 | Val C-index: 0.7212
Epoch 6/30 | Train Loss: 3.6258 | Train C-index: 0.8178 | Val Loss: 4.3714 | Val C-index: 0.7291
Epoch 7/30 | Train Loss: 3.5295 | Train C-index: 0.8353 | Val Loss: 4.4144 | Val C-index: 0.7302
Epoch 8/30 | Train Loss: 3.3716 | Train C-index: 0.8551 | Val Loss: 4.6731 | Val C-index: 0.7186
Epoch 9/30 | Train Loss: 3.4406 | Train C-index: 0.8479 | Val Loss: 4.5834 | Val C-index: 0.6965
Epoch 10/30 | Train Loss: 3.2746 | Train C-index: 0.8572 | Val Loss: 4.5655 | Val C-index: 0.7281
Epoch 11/30 | Train Loss: 3.1788 | Train C-index: 0.8827 | Val Loss: 4.8764 | Val C-index: 0.7069
Epoch 12/30 | Train Loss: 3.0217 | Train C-index: 0.8960 | Val Loss: 4.9052 | Val C-index: 0.6823
Early stopping at epoch 12
Fold 2 final C-index: 0.7302

Extra survival metrics:
cutoff_from_train_median: -0.802266
n_test: 169
n_high_risk: 94
n_low_risk: 75
n_event_test: 65
logrank_stat: 23.886810
logrank_p: 0.000001
auc_36m: 0.769125
auc_60m: 0.746602
mean_auc: 0.762315
HR_high_vs_low: 3.941872
HR_95CI_lower: 2.178043
HR_95CI_upper: 7.134090
cox_p: 0.000006

==================================================
Fold 4/5
==================================================
[ResNetCox] Loaded pretrained from /home/gly001/cqj/pa_ct_surv/model/ct_pretrain/resnet_18_23dataset.pth
  Missing keys (ok): ['fc.weight', 'fc.bias']
Epoch 1/30 | Train Loss: 4.0649 | Train C-index: 0.6557 | Val Loss: 4.6630 | Val C-index: 0.7080
Epoch 2/30 | Train Loss: 3.8457 | Train C-index: 0.7386 | Val Loss: 4.5242 | Val C-index: 0.7111
Epoch 3/30 | Train Loss: 3.8418 | Train C-index: 0.7830 | Val Loss: 4.5276 | Val C-index: 0.7107
Epoch 4/30 | Train Loss: 3.7721 | Train C-index: 0.7790 | Val Loss: 4.5011 | Val C-index: 0.7224
Epoch 5/30 | Train Loss: 3.6595 | Train C-index: 0.8138 | Val Loss: 4.5798 | Val C-index: 0.7228
Epoch 6/30 | Train Loss: 3.4654 | Train C-index: 0.8060 | Val Loss: 4.5532 | Val C-index: 0.7265
Epoch 7/30 | Train Loss: 3.4015 | Train C-index: 0.8519 | Val Loss: 4.6386 | Val C-index: 0.7215
Epoch 8/30 | Train Loss: 3.3382 | Train C-index: 0.8253 | Val Loss: 4.5287 | Val C-index: 0.7210
Epoch 9/30 | Train Loss: 3.2417 | Train C-index: 0.8854 | Val Loss: 4.8276 | Val C-index: 0.7032
Epoch 10/30 | Train Loss: 2.9980 | Train C-index: 0.8838 | Val Loss: 4.9921 | Val C-index: 0.7249
Epoch 11/30 | Train Loss: 2.8661 | Train C-index: 0.8716 | Val Loss: 5.0727 | Val C-index: 0.6602
Early stopping at epoch 11
Fold 3 final C-index: 0.7265

Extra survival metrics:
cutoff_from_train_median: -0.075962
n_test: 168
n_high_risk: 82
n_low_risk: 86
n_event_test: 65
logrank_stat: 39.023319
logrank_p: 0.000000
auc_36m: 0.750829
auc_60m: 0.758959
mean_auc: 0.753662
HR_high_vs_low: 5.420899
HR_95CI_lower: 2.993808
HR_95CI_upper: 9.815643
cox_p: 0.000000

==================================================
Fold 5/5
==================================================
[ResNetCox] Loaded pretrained from /home/gly001/cqj/pa_ct_surv/model/ct_pretrain/resnet_18_23dataset.pth
  Missing keys (ok): ['fc.weight', 'fc.bias']
Epoch 1/30 | Train Loss: 4.0898 | Train C-index: 0.6877 | Val Loss: 4.6241 | Val C-index: 0.6347
Epoch 2/30 | Train Loss: 3.9374 | Train C-index: 0.7023 | Val Loss: 4.5635 | Val C-index: 0.6458
Epoch 3/30 | Train Loss: 3.9178 | Train C-index: 0.7278 | Val Loss: 4.5226 | Val C-index: 0.6680
Epoch 4/30 | Train Loss: 3.8238 | Train C-index: 0.7788 | Val Loss: 4.3914 | Val C-index: 0.7443
Epoch 5/30 | Train Loss: 3.7179 | Train C-index: 0.8024 | Val Loss: 4.3103 | Val C-index: 0.7699
Epoch 6/30 | Train Loss: 3.5395 | Train C-index: 0.8067 | Val Loss: 4.4460 | Val C-index: 0.7402
Epoch 7/30 | Train Loss: 3.5182 | Train C-index: 0.8331 | Val Loss: 4.4315 | Val C-index: 0.7501
Epoch 8/30 | Train Loss: 3.3495 | Train C-index: 0.8656 | Val Loss: 4.8109 | Val C-index: 0.7392
Epoch 9/30 | Train Loss: 3.1962 | Train C-index: 0.8785 | Val Loss: 4.7403 | Val C-index: 0.7257
Epoch 10/30 | Train Loss: 3.1246 | Train C-index: 0.8851 | Val Loss: 4.7956 | Val C-index: 0.7138
Early stopping at epoch 10
Fold 4 final C-index: 0.7699

Extra survival metrics:
cutoff_from_train_median: -1.068480
n_test: 168
n_high_risk: 94
n_low_risk: 74
n_event_test: 65
logrank_stat: 42.367128
logrank_p: 0.000000
auc_36m: 0.825929
auc_60m: 0.803599
mean_auc: 0.821551
HR_high_vs_low: 8.000410
HR_95CI_lower: 3.809203
HR_95CI_upper: 16.803135
cox_p: 0.000000

==================================================
5-Fold CV Summary
==================================================
  C-index: 0.7386 +/- 0.0233
