nohup: ignoring input
Teacher:   /home/gly001/cqj/pa_ct_surv/experiments/final_core_v13/seed123/pact_teacher_aug_lr1e-3/checkpoints
Distill:   Cox + alpha*MSE(student_risk, teacher_fused_risk) | alpha=0.5 | start_KD=5
Augment:   True | batch_size=128 | cox_batch_size=128
Checkpoints: /home/gly001/cqj/pa_ct_surv/experiments/final_core_v17/seed123/ct_student_survrisk_mse_a05_bs128_aug_teacherv13/checkpoints
Results:     /home/gly001/cqj/pa_ct_surv/experiments/final_core_v17/seed123/ct_student_survrisk_mse_a05_bs128_aug_teacherv13/results
Loaded 843 paired samples

==================================================
Fold 1/5
==================================================
Loaded teacher from: /home/gly001/cqj/pa_ct_surv/experiments/final_core_v13/seed123/pact_teacher_aug_lr1e-3/checkpoints/fold_0/best_model.pth
[ResNetCox] Loaded pretrained from /home/gly001/cqj/pa_ct_surv/model/ct_pretrain/resnet_18_23dataset.pth
  Missing keys (ok): ['fc.weight', 'fc.bias']
Epoch 1/30 | Train Loss: 4.2072 (Cox: 4.2072, KD: 0.0000) | Val C-index: 0.6606
Epoch 2/30 | Train Loss: 4.1392 (Cox: 4.1392, KD: 0.0000) | Val C-index: 0.6727
Epoch 3/30 | Train Loss: 4.0167 (Cox: 4.0167, KD: 0.0000) | Val C-index: 0.6844
Epoch 4/30 | Train Loss: 4.0053 (Cox: 4.0053, KD: 0.0000) | Val C-index: 0.6852
Epoch 5/30 | Train Loss: 5.2129 (Cox: 3.9853, KD: 1.2276) | Val C-index: 0.6661
Epoch 6/30 | Train Loss: 4.7325 (Cox: 3.9810, KD: 0.7514) | Val C-index: 0.7074
Epoch 7/30 | Train Loss: 4.6717 (Cox: 3.9493, KD: 0.7224) | Val C-index: 0.7082
Epoch 8/30 | Train Loss: 4.5854 (Cox: 3.9674, KD: 0.6179) | Val C-index: 0.7171
Epoch 9/30 | Train Loss: 4.5516 (Cox: 3.8896, KD: 0.6620) | Val C-index: 0.7374
Epoch 10/30 | Train Loss: 4.5584 (Cox: 3.9600, KD: 0.5983) | Val C-index: 0.7599
Epoch 11/30 | Train Loss: 4.5504 (Cox: 3.9348, KD: 0.6156) | Val C-index: 0.7623
Epoch 12/30 | Train Loss: 4.4245 (Cox: 3.8581, KD: 0.5664) | Val C-index: 0.6927
Epoch 13/30 | Train Loss: 4.3834 (Cox: 3.8351, KD: 0.5483) | Val C-index: 0.7477
Epoch 14/30 | Train Loss: 4.3662 (Cox: 3.8323, KD: 0.5339) | Val C-index: 0.7604
Epoch 15/30 | Train Loss: 4.3745 (Cox: 3.8455, KD: 0.5290) | Val C-index: 0.7285
Epoch 16/30 | Train Loss: 4.3833 (Cox: 3.8507, KD: 0.5326) | Val C-index: 0.7299
Early stopping at epoch 16
Fold 0 final Val C-index: 0.7623

Extra survival metrics:
cutoff_from_train_median: -1.212210
n_test: 169
n_high_risk: 95
n_low_risk: 74
n_event_test: 65
logrank_stat: 35.991519
logrank_p: 0.000000
auc_36m: 0.793722
auc_60m: 0.788434
mean_auc: 0.792376
HR_high_vs_low: 5.821494
HR_95CI_lower: 3.037132
HR_95CI_upper: 11.158485
cox_p: 0.000000

==================================================
Fold 2/5
==================================================
Loaded teacher from: /home/gly001/cqj/pa_ct_surv/experiments/final_core_v13/seed123/pact_teacher_aug_lr1e-3/checkpoints/fold_1/best_model.pth
[ResNetCox] Loaded pretrained from /home/gly001/cqj/pa_ct_surv/model/ct_pretrain/resnet_18_23dataset.pth
  Missing keys (ok): ['fc.weight', 'fc.bias']
Epoch 1/30 | Train Loss: 4.1324 (Cox: 4.1324, KD: 0.0000) | Val C-index: 0.6888
Epoch 2/30 | Train Loss: 4.0062 (Cox: 4.0062, KD: 0.0000) | Val C-index: 0.6909
Epoch 3/30 | Train Loss: 4.0762 (Cox: 4.0762, KD: 0.0000) | Val C-index: 0.6844
Epoch 4/30 | Train Loss: 3.9789 (Cox: 3.9789, KD: 0.0000) | Val C-index: 0.6944
Epoch 5/30 | Train Loss: 4.6735 (Cox: 3.8806, KD: 0.7929) | Val C-index: 0.7143
Epoch 6/30 | Train Loss: 4.5516 (Cox: 3.9235, KD: 0.6280) | Val C-index: 0.5874
Epoch 7/30 | Train Loss: 4.5160 (Cox: 3.9134, KD: 0.6025) | Val C-index: 0.6970
Epoch 8/30 | Train Loss: 4.4740 (Cox: 3.9317, KD: 0.5423) | Val C-index: 0.7112
Epoch 9/30 | Train Loss: 4.4347 (Cox: 3.9345, KD: 0.5001) | Val C-index: 0.7100
Epoch 10/30 | Train Loss: 4.3594 (Cox: 3.8511, KD: 0.5083) | Val C-index: 0.7135
Early stopping at epoch 10
Fold 1 final Val C-index: 0.7143

Extra survival metrics:
cutoff_from_train_median: -0.777697
n_test: 169
n_high_risk: 78
n_low_risk: 91
n_event_test: 65
logrank_stat: 23.489307
logrank_p: 0.000001
auc_36m: 0.754710
auc_60m: 0.709864
mean_auc: 0.740605
HR_high_vs_low: 3.407438
HR_95CI_lower: 2.009418
HR_95CI_upper: 5.778108
cox_p: 0.000005

==================================================
Fold 3/5
==================================================
Loaded teacher from: /home/gly001/cqj/pa_ct_surv/experiments/final_core_v13/seed123/pact_teacher_aug_lr1e-3/checkpoints/fold_2/best_model.pth
[ResNetCox] Loaded pretrained from /home/gly001/cqj/pa_ct_surv/model/ct_pretrain/resnet_18_23dataset.pth
  Missing keys (ok): ['fc.weight', 'fc.bias']
Epoch 1/30 | Train Loss: 4.1273 (Cox: 4.1273, KD: 0.0000) | Val C-index: 0.6700
Epoch 2/30 | Train Loss: 3.9689 (Cox: 3.9689, KD: 0.0000) | Val C-index: 0.6810
Epoch 3/30 | Train Loss: 3.8873 (Cox: 3.8873, KD: 0.0000) | Val C-index: 0.6626
Epoch 4/30 | Train Loss: 3.8638 (Cox: 3.8638, KD: 0.0000) | Val C-index: 0.6490
Epoch 5/30 | Train Loss: 4.6178 (Cox: 3.9032, KD: 0.7146) | Val C-index: 0.5529
Epoch 6/30 | Train Loss: 4.3455 (Cox: 3.8462, KD: 0.4993) | Val C-index: 0.6816
Epoch 7/30 | Train Loss: 4.3792 (Cox: 3.8635, KD: 0.5157) | Val C-index: 0.6916
Epoch 8/30 | Train Loss: 4.3409 (Cox: 3.8624, KD: 0.4784) | Val C-index: 0.7215
Epoch 9/30 | Train Loss: 4.3483 (Cox: 3.8464, KD: 0.5019) | Val C-index: 0.7358
Epoch 10/30 | Train Loss: 4.3696 (Cox: 3.8516, KD: 0.5181) | Val C-index: 0.7246
Epoch 11/30 | Train Loss: 4.3722 (Cox: 3.8777, KD: 0.4945) | Val C-index: 0.7183
Epoch 12/30 | Train Loss: 4.2309 (Cox: 3.7879, KD: 0.4430) | Val C-index: 0.7272
Epoch 13/30 | Train Loss: 4.1179 (Cox: 3.6942, KD: 0.4237) | Val C-index: 0.7254
Epoch 14/30 | Train Loss: 4.1884 (Cox: 3.7343, KD: 0.4542) | Val C-index: 0.7011
Early stopping at epoch 14
Fold 2 final Val C-index: 0.7358

Extra survival metrics:
cutoff_from_train_median: -0.688961
n_test: 169
n_high_risk: 85
n_low_risk: 84
n_event_test: 65
logrank_stat: 32.036333
logrank_p: 0.000000
auc_36m: 0.777834
auc_60m: 0.749759
mean_auc: 0.770501
HR_high_vs_low: 4.600201
HR_95CI_lower: 2.576621
HR_95CI_upper: 8.213021
cox_p: 0.000000

==================================================
Fold 4/5
==================================================
Loaded teacher from: /home/gly001/cqj/pa_ct_surv/experiments/final_core_v13/seed123/pact_teacher_aug_lr1e-3/checkpoints/fold_3/best_model.pth
[ResNetCox] Loaded pretrained from /home/gly001/cqj/pa_ct_surv/model/ct_pretrain/resnet_18_23dataset.pth
  Missing keys (ok): ['fc.weight', 'fc.bias']
Epoch 1/30 | Train Loss: 4.2746 (Cox: 4.2746, KD: 0.0000) | Val C-index: 0.6377
Epoch 2/30 | Train Loss: 4.0659 (Cox: 4.0659, KD: 0.0000) | Val C-index: 0.6337
Epoch 3/30 | Train Loss: 3.9808 (Cox: 3.9808, KD: 0.0000) | Val C-index: 0.6351
Epoch 4/30 | Train Loss: 3.9087 (Cox: 3.9087, KD: 0.0000) | Val C-index: 0.6398
Epoch 5/30 | Train Loss: 4.8743 (Cox: 3.9235, KD: 0.9507) | Val C-index: 0.6081
Epoch 6/30 | Train Loss: 4.4218 (Cox: 3.9461, KD: 0.4757) | Val C-index: 0.6276
Epoch 7/30 | Train Loss: 4.4599 (Cox: 3.9337, KD: 0.5262) | Val C-index: 0.6751
Epoch 8/30 | Train Loss: 4.4055 (Cox: 3.9624, KD: 0.4431) | Val C-index: 0.6695
Epoch 9/30 | Train Loss: 4.3377 (Cox: 3.9122, KD: 0.4255) | Val C-index: 0.6786
Epoch 10/30 | Train Loss: 4.2634 (Cox: 3.8691, KD: 0.3943) | Val C-index: 0.6989
Epoch 11/30 | Train Loss: 4.3409 (Cox: 3.9177, KD: 0.4232) | Val C-index: 0.6984
Epoch 12/30 | Train Loss: 4.3018 (Cox: 3.9015, KD: 0.4003) | Val C-index: 0.6915
Epoch 13/30 | Train Loss: 4.1668 (Cox: 3.8253, KD: 0.3415) | Val C-index: 0.6879
Epoch 14/30 | Train Loss: 4.2750 (Cox: 3.8937, KD: 0.3813) | Val C-index: 0.6942
Epoch 15/30 | Train Loss: 4.2138 (Cox: 3.8306, KD: 0.3832) | Val C-index: 0.6928
Early stopping at epoch 15
Fold 3 final Val C-index: 0.6989

Extra survival metrics:
cutoff_from_train_median: -0.938157
n_test: 168
n_high_risk: 81
n_low_risk: 87
n_event_test: 65
logrank_stat: 28.635225
logrank_p: 0.000000
auc_36m: 0.697194
auc_60m: 0.754281
mean_auc: 0.710592
HR_high_vs_low: 3.974213
HR_95CI_lower: 2.303194
HR_95CI_upper: 6.857594
cox_p: 0.000001

==================================================
Fold 5/5
==================================================
Loaded teacher from: /home/gly001/cqj/pa_ct_surv/experiments/final_core_v13/seed123/pact_teacher_aug_lr1e-3/checkpoints/fold_4/best_model.pth
[ResNetCox] Loaded pretrained from /home/gly001/cqj/pa_ct_surv/model/ct_pretrain/resnet_18_23dataset.pth
  Missing keys (ok): ['fc.weight', 'fc.bias']
Epoch 1/30 | Train Loss: 4.4094 (Cox: 4.4094, KD: 0.0000) | Val C-index: 0.7304
Epoch 2/30 | Train Loss: 4.0689 (Cox: 4.0689, KD: 0.0000) | Val C-index: 0.7293
Epoch 3/30 | Train Loss: 4.0303 (Cox: 4.0303, KD: 0.0000) | Val C-index: 0.7050
Epoch 4/30 | Train Loss: 4.0830 (Cox: 4.0830, KD: 0.0000) | Val C-index: 0.6396
Epoch 5/30 | Train Loss: 5.8545 (Cox: 4.0103, KD: 1.8442) | Val C-index: 0.7304
Epoch 6/30 | Train Loss: 5.0251 (Cox: 3.9572, KD: 1.0679) | Val C-index: 0.7356
Epoch 7/30 | Train Loss: 5.1250 (Cox: 4.0029, KD: 1.1221) | Val C-index: 0.7415
Epoch 8/30 | Train Loss: 4.9756 (Cox: 3.9551, KD: 1.0205) | Val C-index: 0.7549
Epoch 9/30 | Train Loss: 4.8396 (Cox: 3.8836, KD: 0.9560) | Val C-index: 0.7675
Epoch 10/30 | Train Loss: 4.8433 (Cox: 3.8781, KD: 0.9652) | Val C-index: 0.7389
Epoch 11/30 | Train Loss: 4.8711 (Cox: 3.9315, KD: 0.9395) | Val C-index: 0.7308
Epoch 12/30 | Train Loss: 4.9459 (Cox: 4.0011, KD: 0.9449) | Val C-index: 0.7615
Epoch 13/30 | Train Loss: 4.7092 (Cox: 3.8322, KD: 0.8770) | Val C-index: 0.7357
Epoch 14/30 | Train Loss: 4.6436 (Cox: 3.8594, KD: 0.7842) | Val C-index: 0.7505
Early stopping at epoch 14
Fold 4 final Val C-index: 0.7675

Extra survival metrics:
cutoff_from_train_median: -2.167958
n_test: 168
n_high_risk: 92
n_low_risk: 76
n_event_test: 65
logrank_stat: 29.782469
logrank_p: 0.000000
auc_36m: 0.804321
auc_60m: 0.785475
mean_auc: 0.800910
HR_high_vs_low: 4.876511
HR_95CI_lower: 2.598685
HR_95CI_upper: 9.150920
cox_p: 0.000001

==================================================
5-Fold CV Summary
==================================================
  C-index: 0.7358 +/- 0.0297
