nohup: ignoring input
Using Device: cuda | ROI size: 64
PA model: abmil-cox-topk | Augment: True
CT pretrained: /home/gly001/cqj/pa_ct_surv/model/ct_pretrain/resnet_18_23dataset.pth
Checkpoints: /home/gly001/cqj/pa_ct_surv/experiments/final_core_v11/seed123/pact_teacher_aug_lr1e-4/checkpoints
Results:     /home/gly001/cqj/pa_ct_surv/experiments/final_core_v11/seed123/pact_teacher_aug_lr1e-4/results
Loaded 843 paired samples

==================================================
Fold 1/5
==================================================
[ResNetCox] Loaded pretrained from /home/gly001/cqj/pa_ct_surv/model/ct_pretrain/resnet_18_23dataset.pth
  Missing keys (ok): ['fc.weight', 'fc.bias']
Epoch 1/30 | Train Loss: 4.2929 (Cox: 4.2929, EMA: 0.0000) | Train C-index: 0.6905 | Val Loss: 4.6439 | Val C-index: 0.6820
Epoch 2/30 | Train Loss: 4.1760 (Cox: 4.1760, EMA: 0.0000) | Train C-index: 0.6976 | Val Loss: 4.6418 | Val C-index: 0.6766
Epoch 3/30 | Train Loss: 4.1336 (Cox: 4.1336, EMA: 0.0000) | Train C-index: 0.6962 | Val Loss: 4.6682 | Val C-index: 0.6527
Epoch 4/30 | Train Loss: 4.0325 (Cox: 4.0325, EMA: 0.0000) | Train C-index: 0.7125 | Val Loss: 4.6231 | Val C-index: 0.6830
Epoch 5/30 | Train Loss: 4.0008 (Cox: 4.0008, EMA: 0.0000) | Train C-index: 0.7257 | Val Loss: 4.6154 | Val C-index: 0.6850
Epoch 6/30 | Train Loss: 3.9311 (Cox: 3.9311, EMA: 0.0000) | Train C-index: 0.7216 | Val Loss: 4.6098 | Val C-index: 0.6967
Epoch 7/30 | Train Loss: 3.8343 (Cox: 3.8343, EMA: 0.0000) | Train C-index: 0.7603 | Val Loss: 4.5208 | Val C-index: 0.7225
Epoch 8/30 | Train Loss: 3.6922 (Cox: 3.6922, EMA: 0.0000) | Train C-index: 0.7635 | Val Loss: 4.5729 | Val C-index: 0.7042
Epoch 9/30 | Train Loss: 3.6089 (Cox: 3.6089, EMA: 0.0000) | Train C-index: 0.7747 | Val Loss: 4.5114 | Val C-index: 0.7099
Epoch 10/30 | Train Loss: 3.5078 (Cox: 3.5078, EMA: 0.0000) | Train C-index: 0.7727 | Val Loss: 4.6224 | Val C-index: 0.6930
Epoch 11/30 | Train Loss: 3.3215 (Cox: 3.3215, EMA: 0.0000) | Train C-index: 0.7468 | Val Loss: 4.8699 | Val C-index: 0.6744
Epoch 12/30 | Train Loss: 3.2514 (Cox: 3.2514, EMA: 0.0000) | Train C-index: 0.7516 | Val Loss: 4.6067 | Val C-index: 0.6962
Early stopping at epoch 12
Fold 0 final C-index: 0.7225

Extra survival metrics:
cutoff_from_train_median: -0.542757
n_test: 169
n_high_risk: 92
n_low_risk: 77
n_event_test: 65
logrank_stat: 35.602812
logrank_p: 0.000000
auc_36m: 0.768208
auc_60m: 0.719433
mean_auc: 0.755795
HR_high_vs_low: 5.763489
HR_95CI_lower: 3.008514
HR_95CI_upper: 11.041267
cox_p: 0.000000

==================================================
Fold 2/5
==================================================
[ResNetCox] Loaded pretrained from /home/gly001/cqj/pa_ct_surv/model/ct_pretrain/resnet_18_23dataset.pth
  Missing keys (ok): ['fc.weight', 'fc.bias']
Epoch 1/30 | Train Loss: 4.3674 (Cox: 4.3674, EMA: 0.0000) | Train C-index: 0.6541 | Val Loss: 4.5829 | Val C-index: 0.6413
Epoch 2/30 | Train Loss: 4.1605 (Cox: 4.1605, EMA: 0.0000) | Train C-index: 0.6916 | Val Loss: 4.5254 | Val C-index: 0.6713
Epoch 3/30 | Train Loss: 4.0637 (Cox: 4.0637, EMA: 0.0000) | Train C-index: 0.7021 | Val Loss: 4.5674 | Val C-index: 0.6557
Epoch 4/30 | Train Loss: 4.0395 (Cox: 4.0395, EMA: 0.0000) | Train C-index: 0.7191 | Val Loss: 4.5666 | Val C-index: 0.6587
Epoch 5/30 | Train Loss: 3.9182 (Cox: 3.9182, EMA: 0.0000) | Train C-index: 0.7716 | Val Loss: 4.4476 | Val C-index: 0.7112
Epoch 6/30 | Train Loss: 3.8469 (Cox: 3.8469, EMA: 0.0000) | Train C-index: 0.7443 | Val Loss: 4.4929 | Val C-index: 0.7057
Epoch 7/30 | Train Loss: 3.7675 (Cox: 3.7675, EMA: 0.0000) | Train C-index: 0.7278 | Val Loss: 4.6373 | Val C-index: 0.6458
Epoch 8/30 | Train Loss: 3.6624 (Cox: 3.6624, EMA: 0.0000) | Train C-index: 0.7640 | Val Loss: 4.6000 | Val C-index: 0.6782
Epoch 9/30 | Train Loss: 3.5704 (Cox: 3.5704, EMA: 0.0000) | Train C-index: 0.7457 | Val Loss: 4.7471 | Val C-index: 0.6384
Epoch 10/30 | Train Loss: 3.3744 (Cox: 3.3744, EMA: 0.0000) | Train C-index: 0.7771 | Val Loss: 4.7686 | Val C-index: 0.6388
Early stopping at epoch 10
Fold 1 final C-index: 0.7112

Extra survival metrics:
cutoff_from_train_median: -0.433440
n_test: 169
n_high_risk: 71
n_low_risk: 98
n_event_test: 65
logrank_stat: 29.865614
logrank_p: 0.000000
auc_36m: 0.748624
auc_60m: 0.726367
mean_auc: 0.741624
HR_high_vs_low: 3.911067
HR_95CI_lower: 2.305925
HR_95CI_upper: 6.633539
cox_p: 0.000000

==================================================
Fold 3/5
==================================================
[ResNetCox] Loaded pretrained from /home/gly001/cqj/pa_ct_surv/model/ct_pretrain/resnet_18_23dataset.pth
  Missing keys (ok): ['fc.weight', 'fc.bias']
Epoch 1/30 | Train Loss: 4.3295 (Cox: 4.3295, EMA: 0.0000) | Train C-index: 0.6451 | Val Loss: 4.6610 | Val C-index: 0.6592
Epoch 2/30 | Train Loss: 4.1377 (Cox: 4.1377, EMA: 0.0000) | Train C-index: 0.7055 | Val Loss: 4.5955 | Val C-index: 0.6911
Epoch 3/30 | Train Loss: 4.0590 (Cox: 4.0590, EMA: 0.0000) | Train C-index: 0.6830 | Val Loss: 4.5738 | Val C-index: 0.6775
Epoch 4/30 | Train Loss: 3.9916 (Cox: 3.9916, EMA: 0.0000) | Train C-index: 0.6939 | Val Loss: 4.5549 | Val C-index: 0.6811
Epoch 5/30 | Train Loss: 3.9348 (Cox: 3.9348, EMA: 0.0000) | Train C-index: 0.7103 | Val Loss: 4.5718 | Val C-index: 0.6654
Epoch 6/30 | Train Loss: 3.8107 (Cox: 3.8107, EMA: 0.0000) | Train C-index: 0.7446 | Val Loss: 4.6489 | Val C-index: 0.6613
Epoch 7/30 | Train Loss: 3.7146 (Cox: 3.7146, EMA: 0.0000) | Train C-index: 0.7462 | Val Loss: 4.6744 | Val C-index: 0.6497
Early stopping at epoch 7
Fold 2 final C-index: 0.6911

Extra survival metrics:
cutoff_from_train_median: 0.077060
n_test: 169
n_high_risk: 86
n_low_risk: 83
n_event_test: 65
logrank_stat: 27.522843
logrank_p: 0.000000
auc_36m: 0.717365
auc_60m: 0.690924
mean_auc: 0.710459
HR_high_vs_low: 4.068733
HR_95CI_lower: 2.307973
HR_95CI_upper: 7.172785
cox_p: 0.000001

==================================================
Fold 4/5
==================================================
[ResNetCox] Loaded pretrained from /home/gly001/cqj/pa_ct_surv/model/ct_pretrain/resnet_18_23dataset.pth
  Missing keys (ok): ['fc.weight', 'fc.bias']
Epoch 1/30 | Train Loss: 4.3860 (Cox: 4.3860, EMA: 0.0000) | Train C-index: 0.6892 | Val Loss: 4.5225 | Val C-index: 0.6896
Epoch 2/30 | Train Loss: 4.1660 (Cox: 4.1660, EMA: 0.0000) | Train C-index: 0.6974 | Val Loss: 4.4941 | Val C-index: 0.6885
Epoch 3/30 | Train Loss: 4.0977 (Cox: 4.0977, EMA: 0.0000) | Train C-index: 0.6773 | Val Loss: 4.5565 | Val C-index: 0.6596
Epoch 4/30 | Train Loss: 4.0063 (Cox: 4.0063, EMA: 0.0000) | Train C-index: 0.7138 | Val Loss: 4.4888 | Val C-index: 0.7019
Epoch 5/30 | Train Loss: 3.9663 (Cox: 3.9663, EMA: 0.0000) | Train C-index: 0.6993 | Val Loss: 4.5230 | Val C-index: 0.6670
Epoch 6/30 | Train Loss: 3.8808 (Cox: 3.8808, EMA: 0.0000) | Train C-index: 0.7301 | Val Loss: 4.4958 | Val C-index: 0.7014
Epoch 7/30 | Train Loss: 3.8191 (Cox: 3.8191, EMA: 0.0000) | Train C-index: 0.7314 | Val Loss: 4.4993 | Val C-index: 0.6856
Epoch 8/30 | Train Loss: 3.7003 (Cox: 3.7003, EMA: 0.0000) | Train C-index: 0.7328 | Val Loss: 4.4895 | Val C-index: 0.6968
Epoch 9/30 | Train Loss: 3.5842 (Cox: 3.5842, EMA: 0.0000) | Train C-index: 0.6981 | Val Loss: 4.6204 | Val C-index: 0.6236
Early stopping at epoch 9
Fold 3 final C-index: 0.7019

Extra survival metrics:
cutoff_from_train_median: 0.158784
n_test: 168
n_high_risk: 82
n_low_risk: 86
n_event_test: 65
logrank_stat: 14.005766
logrank_p: 0.000182
auc_36m: 0.734446
auc_60m: 0.743545
mean_auc: 0.736582
HR_high_vs_low: 2.554775
HR_95CI_lower: 1.534496
HR_95CI_upper: 4.253432
cox_p: 0.000311

==================================================
Fold 5/5
==================================================
[ResNetCox] Loaded pretrained from /home/gly001/cqj/pa_ct_surv/model/ct_pretrain/resnet_18_23dataset.pth
  Missing keys (ok): ['fc.weight', 'fc.bias']
Epoch 1/30 | Train Loss: 4.4185 (Cox: 4.4185, EMA: 0.0000) | Train C-index: 0.6219 | Val Loss: 4.4824 | Val C-index: 0.6979
Epoch 2/30 | Train Loss: 4.2294 (Cox: 4.2294, EMA: 0.0000) | Train C-index: 0.6571 | Val Loss: 4.4954 | Val C-index: 0.6995
Epoch 3/30 | Train Loss: 4.1844 (Cox: 4.1844, EMA: 0.0000) | Train C-index: 0.7192 | Val Loss: 4.4466 | Val C-index: 0.6988
Epoch 4/30 | Train Loss: 4.0771 (Cox: 4.0771, EMA: 0.0000) | Train C-index: 0.7108 | Val Loss: 4.5163 | Val C-index: 0.6705
Epoch 5/30 | Train Loss: 4.0544 (Cox: 4.0544, EMA: 0.0000) | Train C-index: 0.7164 | Val Loss: 4.5052 | Val C-index: 0.6625
Epoch 6/30 | Train Loss: 3.9257 (Cox: 3.9257, EMA: 0.0000) | Train C-index: 0.7709 | Val Loss: 4.4020 | Val C-index: 0.7262
Epoch 7/30 | Train Loss: 3.9062 (Cox: 3.9062, EMA: 0.0000) | Train C-index: 0.7488 | Val Loss: 4.5393 | Val C-index: 0.6854
Epoch 8/30 | Train Loss: 3.8246 (Cox: 3.8246, EMA: 0.0000) | Train C-index: 0.7764 | Val Loss: 4.4340 | Val C-index: 0.7130
Epoch 9/30 | Train Loss: 3.7526 (Cox: 3.7526, EMA: 0.0000) | Train C-index: 0.7624 | Val Loss: 4.6414 | Val C-index: 0.6610
Epoch 10/30 | Train Loss: 3.5627 (Cox: 3.5627, EMA: 0.0000) | Train C-index: 0.8003 | Val Loss: 4.4553 | Val C-index: 0.7184
Epoch 11/30 | Train Loss: 3.4402 (Cox: 3.4402, EMA: 0.0000) | Train C-index: 0.8024 | Val Loss: 4.4541 | Val C-index: 0.7112
Early stopping at epoch 11
Fold 4 final C-index: 0.7262

Extra survival metrics:
cutoff_from_train_median: -0.576054
n_test: 168
n_high_risk: 90
n_low_risk: 78
n_event_test: 65
logrank_stat: 22.266882
logrank_p: 0.000002
auc_36m: 0.762512
auc_60m: 0.723648
mean_auc: 0.755477
HR_high_vs_low: 3.689198
HR_95CI_lower: 2.064294
HR_95CI_upper: 6.593141
cox_p: 0.000011

==================================================
5-Fold CV Summary
==================================================
  C-index: 0.7106 +/- 0.0145
