nohup: ignoring input
Using Device: cuda
Model: abmil-cox-topk | k: 512
Checkpoints: /home/gly001/cqj/pa_ct_surv/experiments/final_core/seed42/pa_baseline/checkpoints
Results:     /home/gly001/cqj/pa_ct_surv/experiments/final_core/seed42/pa_baseline/results
Loaded 843 samples

==================================================
Fold 1/5
==================================================
Epoch 1/30 | Train Loss: 4.2135 | Train C-index: 0.7042 | Val Loss: 4.4558 | Val C-index: 0.6585
Epoch 2/30 | Train Loss: 4.0262 | Train C-index: 0.7262 | Val Loss: 4.4003 | Val C-index: 0.6832
Epoch 3/30 | Train Loss: 4.0004 | Train C-index: 0.7416 | Val Loss: 4.3472 | Val C-index: 0.7042
Epoch 4/30 | Train Loss: 3.9275 | Train C-index: 0.7552 | Val Loss: 4.3251 | Val C-index: 0.7125
Epoch 5/30 | Train Loss: 3.8894 | Train C-index: 0.7620 | Val Loss: 4.2681 | Val C-index: 0.7391
Epoch 6/30 | Train Loss: 3.8224 | Train C-index: 0.7714 | Val Loss: 4.2592 | Val C-index: 0.7377
Epoch 7/30 | Train Loss: 3.9200 | Train C-index: 0.7799 | Val Loss: 4.2721 | Val C-index: 0.7365
Epoch 8/30 | Train Loss: 3.8369 | Train C-index: 0.7871 | Val Loss: 4.2364 | Val C-index: 0.7516
Epoch 9/30 | Train Loss: 3.7685 | Train C-index: 0.7955 | Val Loss: 4.2232 | Val C-index: 0.7578
Epoch 10/30 | Train Loss: 3.7750 | Train C-index: 0.8030 | Val Loss: 4.2313 | Val C-index: 0.7504
Epoch 11/30 | Train Loss: 3.7458 | Train C-index: 0.8087 | Val Loss: 4.2297 | Val C-index: 0.7537
Epoch 12/30 | Train Loss: 3.6859 | Train C-index: 0.8130 | Val Loss: 4.2423 | Val C-index: 0.7488
Epoch 13/30 | Train Loss: 3.6990 | Train C-index: 0.8196 | Val Loss: 4.2507 | Val C-index: 0.7486
Epoch 14/30 | Train Loss: 3.6287 | Train C-index: 0.8241 | Val Loss: 4.2312 | Val C-index: 0.7543
Early stopping at epoch 14
Fold 0 final C-index: 0.7578

Extra survival metrics:
cutoff_from_train_median: -0.421101
n_test: 169
n_high_risk: 89
n_low_risk: 80
n_event_test: 65
logrank_stat: 37.934518
logrank_p: 0.000000
auc_36m: 0.784044
auc_60m: 0.752676
mean_auc: 0.775180
HR_high_vs_low: 6.357570
HR_95CI_lower: 3.237230
HR_95CI_upper: 12.485581
cox_p: 0.000000

==================================================
Fold 2/5
==================================================
Epoch 1/30 | Train Loss: 4.1724 | Train C-index: 0.7187 | Val Loss: 4.5984 | Val C-index: 0.6806
Epoch 2/30 | Train Loss: 3.9652 | Train C-index: 0.7284 | Val Loss: 4.6154 | Val C-index: 0.6867
Epoch 3/30 | Train Loss: 3.9350 | Train C-index: 0.7470 | Val Loss: 4.6188 | Val C-index: 0.6907
Epoch 4/30 | Train Loss: 3.8936 | Train C-index: 0.7622 | Val Loss: 4.5762 | Val C-index: 0.6968
Epoch 5/30 | Train Loss: 3.8844 | Train C-index: 0.7708 | Val Loss: 4.5606 | Val C-index: 0.6971
Epoch 6/30 | Train Loss: 3.8041 | Train C-index: 0.7810 | Val Loss: 4.5595 | Val C-index: 0.6992
Epoch 7/30 | Train Loss: 3.8036 | Train C-index: 0.7892 | Val Loss: 4.5853 | Val C-index: 0.6991
Epoch 8/30 | Train Loss: 3.7551 | Train C-index: 0.7967 | Val Loss: 4.6029 | Val C-index: 0.6968
Epoch 9/30 | Train Loss: 3.7461 | Train C-index: 0.8028 | Val Loss: 4.6114 | Val C-index: 0.6971
Epoch 10/30 | Train Loss: 3.6789 | Train C-index: 0.8103 | Val Loss: 4.5980 | Val C-index: 0.6991
Epoch 11/30 | Train Loss: 3.6241 | Train C-index: 0.8153 | Val Loss: 4.5972 | Val C-index: 0.6994
Epoch 12/30 | Train Loss: 3.6696 | Train C-index: 0.8207 | Val Loss: 4.6163 | Val C-index: 0.7021
Epoch 13/30 | Train Loss: 3.6520 | Train C-index: 0.8259 | Val Loss: 4.5956 | Val C-index: 0.7056
Epoch 14/30 | Train Loss: 3.5971 | Train C-index: 0.8299 | Val Loss: 4.6360 | Val C-index: 0.7073
Epoch 15/30 | Train Loss: 3.5436 | Train C-index: 0.8321 | Val Loss: 4.6538 | Val C-index: 0.7084
Epoch 16/30 | Train Loss: 3.4995 | Train C-index: 0.8359 | Val Loss: 4.6599 | Val C-index: 0.7136
Epoch 17/30 | Train Loss: 3.4472 | Train C-index: 0.8405 | Val Loss: 4.6622 | Val C-index: 0.7138
Epoch 18/30 | Train Loss: 3.4409 | Train C-index: 0.8445 | Val Loss: 4.7243 | Val C-index: 0.7113
Epoch 19/30 | Train Loss: 3.4305 | Train C-index: 0.8492 | Val Loss: 4.7906 | Val C-index: 0.7048
Epoch 20/30 | Train Loss: 3.3769 | Train C-index: 0.8544 | Val Loss: 4.7717 | Val C-index: 0.7065
Epoch 21/30 | Train Loss: 3.3406 | Train C-index: 0.8592 | Val Loss: 4.7798 | Val C-index: 0.7057
Epoch 22/30 | Train Loss: 3.3772 | Train C-index: 0.8647 | Val Loss: 4.8106 | Val C-index: 0.7035
Early stopping at epoch 22
Fold 1 final C-index: 0.7138

Extra survival metrics:
cutoff_from_train_median: -0.720826
n_test: 169
n_high_risk: 85
n_low_risk: 84
n_event_test: 65
logrank_stat: 19.621125
logrank_p: 0.000009
auc_36m: 0.742328
auc_60m: 0.704009
mean_auc: 0.732983
HR_high_vs_low: 3.207647
HR_95CI_lower: 1.859577
HR_95CI_upper: 5.532981
cox_p: 0.000028

==================================================
Fold 3/5
==================================================
Epoch 1/30 | Train Loss: 4.1379 | Train C-index: 0.7136 | Val Loss: 4.5833 | Val C-index: 0.6941
Epoch 2/30 | Train Loss: 4.0030 | Train C-index: 0.7387 | Val Loss: 4.5143 | Val C-index: 0.7119
Epoch 3/30 | Train Loss: 3.9326 | Train C-index: 0.7512 | Val Loss: 4.5134 | Val C-index: 0.7230
Epoch 4/30 | Train Loss: 3.8914 | Train C-index: 0.7620 | Val Loss: 4.4927 | Val C-index: 0.7246
Epoch 5/30 | Train Loss: 3.8481 | Train C-index: 0.7722 | Val Loss: 4.4848 | Val C-index: 0.7240
Epoch 6/30 | Train Loss: 3.8233 | Train C-index: 0.7817 | Val Loss: 4.4753 | Val C-index: 0.7249
Epoch 7/30 | Train Loss: 3.7619 | Train C-index: 0.7901 | Val Loss: 4.4866 | Val C-index: 0.7230
Epoch 8/30 | Train Loss: 3.7767 | Train C-index: 0.7969 | Val Loss: 4.4908 | Val C-index: 0.7223
Epoch 9/30 | Train Loss: 3.7771 | Train C-index: 0.8037 | Val Loss: 4.4820 | Val C-index: 0.7203
Epoch 10/30 | Train Loss: 3.6498 | Train C-index: 0.8085 | Val Loss: 4.4899 | Val C-index: 0.7191
Epoch 11/30 | Train Loss: 3.6912 | Train C-index: 0.8132 | Val Loss: 4.4888 | Val C-index: 0.7203
Early stopping at epoch 11
Fold 2 final C-index: 0.7249

Extra survival metrics:
cutoff_from_train_median: -0.003379
n_test: 169
n_high_risk: 85
n_low_risk: 84
n_event_test: 65
logrank_stat: 33.106658
logrank_p: 0.000000
auc_36m: 0.766204
auc_60m: 0.700655
mean_auc: 0.753271
HR_high_vs_low: 4.857258
HR_95CI_lower: 2.679449
HR_95CI_upper: 8.805150
cox_p: 0.000000

==================================================
Fold 4/5
==================================================
Epoch 1/30 | Train Loss: 4.1829 | Train C-index: 0.7001 | Val Loss: 4.5904 | Val C-index: 0.6963
Epoch 2/30 | Train Loss: 4.0221 | Train C-index: 0.7207 | Val Loss: 4.5052 | Val C-index: 0.7134
Epoch 3/30 | Train Loss: 3.9477 | Train C-index: 0.7353 | Val Loss: 4.4882 | Val C-index: 0.7195
Epoch 4/30 | Train Loss: 3.9074 | Train C-index: 0.7540 | Val Loss: 4.4764 | Val C-index: 0.7239
Epoch 5/30 | Train Loss: 3.8280 | Train C-index: 0.7669 | Val Loss: 4.4767 | Val C-index: 0.7252
Epoch 6/30 | Train Loss: 3.8657 | Train C-index: 0.7757 | Val Loss: 4.4888 | Val C-index: 0.7255
Epoch 7/30 | Train Loss: 3.8575 | Train C-index: 0.7846 | Val Loss: 4.4632 | Val C-index: 0.7330
Epoch 8/30 | Train Loss: 3.7602 | Train C-index: 0.7915 | Val Loss: 4.4631 | Val C-index: 0.7328
Epoch 9/30 | Train Loss: 3.6750 | Train C-index: 0.7991 | Val Loss: 4.4859 | Val C-index: 0.7299
Epoch 10/30 | Train Loss: 3.7025 | Train C-index: 0.8043 | Val Loss: 4.5220 | Val C-index: 0.7305
Epoch 11/30 | Train Loss: 3.6229 | Train C-index: 0.8105 | Val Loss: 4.5457 | Val C-index: 0.7285
Epoch 12/30 | Train Loss: 3.6132 | Train C-index: 0.8167 | Val Loss: 4.5621 | Val C-index: 0.7259
Early stopping at epoch 12
Fold 3 final C-index: 0.7330

Extra survival metrics:
cutoff_from_train_median: -0.518347
n_test: 168
n_high_risk: 92
n_low_risk: 76
n_event_test: 65
logrank_stat: 35.481044
logrank_p: 0.000000
auc_36m: 0.761900
auc_60m: 0.815210
mean_auc: 0.776235
HR_high_vs_low: 5.776827
HR_95CI_lower: 3.011969
HR_95CI_upper: 11.079703
cox_p: 0.000000

==================================================
Fold 5/5
==================================================
Epoch 1/30 | Train Loss: 4.2030 | Train C-index: 0.7002 | Val Loss: 4.4653 | Val C-index: 0.7194
Epoch 2/30 | Train Loss: 4.1012 | Train C-index: 0.7161 | Val Loss: 4.5617 | Val C-index: 0.6750
Epoch 3/30 | Train Loss: 3.9843 | Train C-index: 0.7361 | Val Loss: 4.4844 | Val C-index: 0.6954
Epoch 4/30 | Train Loss: 3.9586 | Train C-index: 0.7498 | Val Loss: 4.4339 | Val C-index: 0.7170
Epoch 5/30 | Train Loss: 3.9849 | Train C-index: 0.7653 | Val Loss: 4.4223 | Val C-index: 0.7235
Epoch 6/30 | Train Loss: 3.8526 | Train C-index: 0.7779 | Val Loss: 4.4080 | Val C-index: 0.7263
Epoch 7/30 | Train Loss: 3.7942 | Train C-index: 0.7863 | Val Loss: 4.4092 | Val C-index: 0.7260
Epoch 8/30 | Train Loss: 3.8529 | Train C-index: 0.7912 | Val Loss: 4.4198 | Val C-index: 0.7272
Epoch 9/30 | Train Loss: 3.7109 | Train C-index: 0.7979 | Val Loss: 4.3938 | Val C-index: 0.7315
Epoch 10/30 | Train Loss: 3.6794 | Train C-index: 0.8015 | Val Loss: 4.4032 | Val C-index: 0.7296
Epoch 11/30 | Train Loss: 3.6959 | Train C-index: 0.8065 | Val Loss: 4.4159 | Val C-index: 0.7334
Epoch 12/30 | Train Loss: 3.6997 | Train C-index: 0.8131 | Val Loss: 4.4328 | Val C-index: 0.7328
Epoch 13/30 | Train Loss: 3.6687 | Train C-index: 0.8186 | Val Loss: 4.4364 | Val C-index: 0.7330
Epoch 14/30 | Train Loss: 3.6513 | Train C-index: 0.8231 | Val Loss: 4.4418 | Val C-index: 0.7291
Epoch 15/30 | Train Loss: 3.5971 | Train C-index: 0.8279 | Val Loss: 4.4737 | Val C-index: 0.7291
Epoch 16/30 | Train Loss: 3.5619 | Train C-index: 0.8318 | Val Loss: 4.5284 | Val C-index: 0.7299
Early stopping at epoch 16
Fold 4 final C-index: 0.7334

Extra survival metrics:
cutoff_from_train_median: -0.065229
n_test: 168
n_high_risk: 69
n_low_risk: 99
n_event_test: 65
logrank_stat: 26.822837
logrank_p: 0.000000
auc_36m: 0.808300
auc_60m: 0.787614
mean_auc: 0.802943
HR_high_vs_low: 3.485995
HR_95CI_lower: 2.109279
HR_95CI_upper: 5.761287
cox_p: 0.000001

==================================================
5-Fold CV Summary
==================================================
  C-index: 0.7326 +/- 0.0162
