nohup: ignoring input
Teacher:   /home/gly001/cqj/pa_ct_surv/experiments/final_core/seed42/pact_teacher/checkpoints
Distill:   mse | alpha=0.0 | T=2.0 | start_KD=5
Checkpoints: /home/gly001/cqj/pa_ct_surv/experiments/final_core_v2/seed42/ct_student_coxonly/checkpoints
Results:     /home/gly001/cqj/pa_ct_surv/experiments/final_core_v2/seed42/ct_student_coxonly/results
Loaded 843 paired samples

==================================================
Fold 1/5
==================================================
Loaded teacher from: /home/gly001/cqj/pa_ct_surv/experiments/final_core/seed42/pact_teacher/checkpoints/fold_0/best_model.pth
[ResNetCox] Loaded pretrained from /home/gly001/cqj/pa_ct_surv/model/ct_pretrain/resnet_18_23dataset.pth
  Missing keys (ok): ['fc.weight', 'fc.bias']
[ResNetCox] Loaded pretrained from /home/gly001/cqj/pa_ct_surv/model/ct_pretrain/resnet_18_23dataset.pth
  Missing keys (ok): ['fc.weight', 'fc.bias']
Epoch 1/30 | Train Loss: 4.2181 (Cox: 4.2181, KD: 0.0000) | Val C-index: 0.6887
Epoch 2/30 | Train Loss: 4.1163 (Cox: 4.1163, KD: 0.0000) | Val C-index: 0.6737
Epoch 3/30 | Train Loss: 4.0166 (Cox: 4.0166, KD: 0.0000) | Val C-index: 0.6082
Epoch 4/30 | Train Loss: 3.9729 (Cox: 3.9729, KD: 0.0000) | Val C-index: 0.6578
Epoch 5/30 | Train Loss: 3.8243 (Cox: 3.8243, KD: 0.0000) | Val C-index: 0.5961
Epoch 6/30 | Train Loss: 3.9047 (Cox: 3.9047, KD: 0.0000) | Val C-index: 0.6443
Epoch 7/30 | Train Loss: 3.7726 (Cox: 3.7726, KD: 0.0000) | Val C-index: 0.4779
Epoch 8/30 | Train Loss: 3.6819 (Cox: 3.6819, KD: 0.0000) | Val C-index: 0.3908
Epoch 9/30 | Train Loss: 3.5748 (Cox: 3.5748, KD: 0.0000) | Val C-index: 0.6017
Epoch 10/30 | Train Loss: 3.5005 (Cox: 3.5005, KD: 0.0000) | Val C-index: 0.4286
Epoch 11/30 | Train Loss: 3.3996 (Cox: 3.3996, KD: 0.0000) | Val C-index: 0.6333
Epoch 12/30 | Train Loss: 3.2786 (Cox: 3.2786, KD: 0.0000) | Val C-index: 0.5598
Epoch 13/30 | Train Loss: 3.0887 (Cox: 3.0887, KD: 0.0000) | Val C-index: 0.5602
Epoch 14/30 | Train Loss: 3.0569 (Cox: 3.0569, KD: 0.0000) | Val C-index: 0.6240
Epoch 15/30 | Train Loss: 2.9841 (Cox: 2.9841, KD: 0.0000) | Val C-index: 0.4944
Epoch 16/30 | Train Loss: 2.9308 (Cox: 2.9308, KD: 0.0000) | Val C-index: 0.6928
Epoch 17/30 | Train Loss: 2.8901 (Cox: 2.8901, KD: 0.0000) | Val C-index: 0.5937
Epoch 18/30 | Train Loss: 2.7829 (Cox: 2.7829, KD: 0.0000) | Val C-index: 0.6343
Epoch 19/30 | Train Loss: 2.6580 (Cox: 2.6580, KD: 0.0000) | Val C-index: 0.5606
Epoch 20/30 | Train Loss: 2.7090 (Cox: 2.7090, KD: 0.0000) | Val C-index: 0.6309
Epoch 21/30 | Train Loss: 2.5798 (Cox: 2.5798, KD: 0.0000) | Val C-index: 0.5391
Epoch 22/30 | Train Loss: 2.5258 (Cox: 2.5258, KD: 0.0000) | Val C-index: 0.4743
Epoch 23/30 | Train Loss: 2.3344 (Cox: 2.3344, KD: 0.0000) | Val C-index: 0.5545
Epoch 24/30 | Train Loss: 2.3531 (Cox: 2.3531, KD: 0.0000) | Val C-index: 0.5540
Epoch 25/30 | Train Loss: 2.3450 (Cox: 2.3450, KD: 0.0000) | Val C-index: 0.5734
Epoch 26/30 | Train Loss: 2.3760 (Cox: 2.3760, KD: 0.0000) | Val C-index: 0.6272
Epoch 27/30 | Train Loss: 2.3624 (Cox: 2.3624, KD: 0.0000) | Val C-index: 0.6339
Epoch 28/30 | Train Loss: 2.3173 (Cox: 2.3173, KD: 0.0000) | Val C-index: 0.6286
Epoch 29/30 | Train Loss: 2.2441 (Cox: 2.2441, KD: 0.0000) | Val C-index: 0.5616
Epoch 30/30 | Train Loss: 2.2070 (Cox: 2.2070, KD: 0.0000) | Val C-index: 0.5990
Fold 0 final Val C-index: 0.6928

Extra survival metrics:
cutoff_from_train_median: -0.590962
n_test: 169
n_high_risk: 79
n_low_risk: 90
n_event_test: 65
logrank_stat: 12.687995
logrank_p: 0.000368
auc_36m: 0.754891
auc_60m: 0.651024
mean_auc: 0.725541
HR_high_vs_low: 2.450208
HR_95CI_lower: 1.471713
HR_95CI_upper: 4.079270
cox_p: 0.000569

==================================================
Fold 2/5
==================================================
Loaded teacher from: /home/gly001/cqj/pa_ct_surv/experiments/final_core/seed42/pact_teacher/checkpoints/fold_1/best_model.pth
[ResNetCox] Loaded pretrained from /home/gly001/cqj/pa_ct_surv/model/ct_pretrain/resnet_18_23dataset.pth
  Missing keys (ok): ['fc.weight', 'fc.bias']
[ResNetCox] Loaded pretrained from /home/gly001/cqj/pa_ct_surv/model/ct_pretrain/resnet_18_23dataset.pth
  Missing keys (ok): ['fc.weight', 'fc.bias']
Epoch 1/30 | Train Loss: 4.1446 (Cox: 4.1446, KD: 0.0000) | Val C-index: 0.4165
Epoch 2/30 | Train Loss: 4.0603 (Cox: 4.0603, KD: 0.0000) | Val C-index: 0.4298
Epoch 3/30 | Train Loss: 4.0033 (Cox: 4.0033, KD: 0.0000) | Val C-index: 0.4874
Epoch 4/30 | Train Loss: 3.9415 (Cox: 3.9415, KD: 0.0000) | Val C-index: 0.4888
Epoch 5/30 | Train Loss: 3.8307 (Cox: 3.8307, KD: 0.0000) | Val C-index: 0.4751
Epoch 6/30 | Train Loss: 3.7288 (Cox: 3.7288, KD: 0.0000) | Val C-index: 0.5125
Epoch 7/30 | Train Loss: 3.6861 (Cox: 3.6861, KD: 0.0000) | Val C-index: 0.5962
Epoch 8/30 | Train Loss: 3.5939 (Cox: 3.5939, KD: 0.0000) | Val C-index: 0.5904
Epoch 9/30 | Train Loss: 3.4539 (Cox: 3.4539, KD: 0.0000) | Val C-index: 0.5858
Epoch 10/30 | Train Loss: 3.2323 (Cox: 3.2323, KD: 0.0000) | Val C-index: 0.5587
Epoch 11/30 | Train Loss: 3.2810 (Cox: 3.2810, KD: 0.0000) | Val C-index: 0.4228
Epoch 12/30 | Train Loss: 3.1600 (Cox: 3.1600, KD: 0.0000) | Val C-index: 0.5305
Epoch 13/30 | Train Loss: 2.9011 (Cox: 2.9011, KD: 0.0000) | Val C-index: 0.4678
Epoch 14/30 | Train Loss: 2.9260 (Cox: 2.9260, KD: 0.0000) | Val C-index: 0.5631
Epoch 15/30 | Train Loss: 2.7516 (Cox: 2.7516, KD: 0.0000) | Val C-index: 0.5728
Epoch 16/30 | Train Loss: 2.7784 (Cox: 2.7784, KD: 0.0000) | Val C-index: 0.4956
Epoch 17/30 | Train Loss: 2.6240 (Cox: 2.6240, KD: 0.0000) | Val C-index: 0.4253
Epoch 18/30 | Train Loss: 2.6529 (Cox: 2.6529, KD: 0.0000) | Val C-index: 0.5262
Epoch 19/30 | Train Loss: 2.5621 (Cox: 2.5621, KD: 0.0000) | Val C-index: 0.6042
Epoch 20/30 | Train Loss: 2.4604 (Cox: 2.4604, KD: 0.0000) | Val C-index: 0.5714
Epoch 21/30 | Train Loss: 2.3595 (Cox: 2.3595, KD: 0.0000) | Val C-index: 0.5509
Epoch 22/30 | Train Loss: 2.3919 (Cox: 2.3919, KD: 0.0000) | Val C-index: 0.5476
Epoch 23/30 | Train Loss: 2.4106 (Cox: 2.4106, KD: 0.0000) | Val C-index: 0.4357
Epoch 24/30 | Train Loss: 2.3738 (Cox: 2.3738, KD: 0.0000) | Val C-index: 0.4531
Epoch 25/30 | Train Loss: 2.3030 (Cox: 2.3030, KD: 0.0000) | Val C-index: 0.6079
Epoch 26/30 | Train Loss: 2.2621 (Cox: 2.2621, KD: 0.0000) | Val C-index: 0.5802
Epoch 27/30 | Train Loss: 2.1689 (Cox: 2.1689, KD: 0.0000) | Val C-index: 0.4356
Epoch 28/30 | Train Loss: 2.1907 (Cox: 2.1907, KD: 0.0000) | Val C-index: 0.5611
Epoch 29/30 | Train Loss: 2.2257 (Cox: 2.2257, KD: 0.0000) | Val C-index: 0.4463
Epoch 30/30 | Train Loss: 2.1280 (Cox: 2.1280, KD: 0.0000) | Val C-index: 0.5157
Fold 1 final Val C-index: 0.6079

Extra survival metrics:
cutoff_from_train_median: -2.121323
n_test: 169
n_high_risk: 83
n_low_risk: 86
n_event_test: 65
logrank_stat: 3.830233
logrank_p: 0.050336
auc_36m: 0.615158
auc_60m: 0.625301
mean_auc: 0.617632
HR_high_vs_low: 1.629409
HR_95CI_lower: 0.994329
HR_95CI_upper: 2.670116
cox_p: 0.052697

==================================================
Fold 3/5
==================================================
Loaded teacher from: /home/gly001/cqj/pa_ct_surv/experiments/final_core/seed42/pact_teacher/checkpoints/fold_2/best_model.pth
[ResNetCox] Loaded pretrained from /home/gly001/cqj/pa_ct_surv/model/ct_pretrain/resnet_18_23dataset.pth
  Missing keys (ok): ['fc.weight', 'fc.bias']
[ResNetCox] Loaded pretrained from /home/gly001/cqj/pa_ct_surv/model/ct_pretrain/resnet_18_23dataset.pth
  Missing keys (ok): ['fc.weight', 'fc.bias']
Epoch 1/30 | Train Loss: 4.1708 (Cox: 4.1708, KD: 0.0000) | Val C-index: 0.6084
Epoch 2/30 | Train Loss: 4.0464 (Cox: 4.0464, KD: 0.0000) | Val C-index: 0.6422
Epoch 3/30 | Train Loss: 3.9958 (Cox: 3.9958, KD: 0.0000) | Val C-index: 0.6848
Epoch 4/30 | Train Loss: 3.9542 (Cox: 3.9542, KD: 0.0000) | Val C-index: 0.7071
Epoch 5/30 | Train Loss: 3.8674 (Cox: 3.8674, KD: 0.0000) | Val C-index: 0.6977
Epoch 6/30 | Train Loss: 3.8284 (Cox: 3.8284, KD: 0.0000) | Val C-index: 0.6586
Epoch 7/30 | Train Loss: 3.6920 (Cox: 3.6920, KD: 0.0000) | Val C-index: 0.6706
Epoch 8/30 | Train Loss: 3.5990 (Cox: 3.5990, KD: 0.0000) | Val C-index: 0.5945
Epoch 9/30 | Train Loss: 3.5039 (Cox: 3.5039, KD: 0.0000) | Val C-index: 0.6246
Epoch 10/30 | Train Loss: 3.4233 (Cox: 3.4233, KD: 0.0000) | Val C-index: 0.6612
Epoch 11/30 | Train Loss: 3.2797 (Cox: 3.2797, KD: 0.0000) | Val C-index: 0.6142
Epoch 12/30 | Train Loss: 3.1193 (Cox: 3.1193, KD: 0.0000) | Val C-index: 0.5858
Epoch 13/30 | Train Loss: 3.0600 (Cox: 3.0600, KD: 0.0000) | Val C-index: 0.6497
Epoch 14/30 | Train Loss: 2.9370 (Cox: 2.9370, KD: 0.0000) | Val C-index: 0.6423
Epoch 15/30 | Train Loss: 2.8616 (Cox: 2.8616, KD: 0.0000) | Val C-index: 0.6339
Epoch 16/30 | Train Loss: 2.8269 (Cox: 2.8269, KD: 0.0000) | Val C-index: 0.6551
Epoch 17/30 | Train Loss: 2.7988 (Cox: 2.7988, KD: 0.0000) | Val C-index: 0.6382
Epoch 18/30 | Train Loss: 2.6370 (Cox: 2.6370, KD: 0.0000) | Val C-index: 0.6365
Epoch 19/30 | Train Loss: 2.5464 (Cox: 2.5464, KD: 0.0000) | Val C-index: 0.5823
Early stopping at epoch 19
Fold 2 final Val C-index: 0.7071

Extra survival metrics:
cutoff_from_train_median: -0.105952
n_test: 169
n_high_risk: 90
n_low_risk: 79
n_event_test: 65
logrank_stat: 30.317308
logrank_p: 0.000000
auc_36m: 0.737310
auc_60m: 0.710097
mean_auc: 0.731941
HR_high_vs_low: 4.735657
HR_95CI_lower: 2.573291
HR_95CI_upper: 8.715083
cox_p: 0.000001

==================================================
Fold 4/5
==================================================
Loaded teacher from: /home/gly001/cqj/pa_ct_surv/experiments/final_core/seed42/pact_teacher/checkpoints/fold_3/best_model.pth
[ResNetCox] Loaded pretrained from /home/gly001/cqj/pa_ct_surv/model/ct_pretrain/resnet_18_23dataset.pth
  Missing keys (ok): ['fc.weight', 'fc.bias']
[ResNetCox] Loaded pretrained from /home/gly001/cqj/pa_ct_surv/model/ct_pretrain/resnet_18_23dataset.pth
  Missing keys (ok): ['fc.weight', 'fc.bias']
Epoch 1/30 | Train Loss: 4.1738 (Cox: 4.1738, KD: 0.0000) | Val C-index: 0.6570
Epoch 2/30 | Train Loss: 4.0360 (Cox: 4.0360, KD: 0.0000) | Val C-index: 0.6723
Epoch 3/30 | Train Loss: 3.9947 (Cox: 3.9947, KD: 0.0000) | Val C-index: 0.6776
Epoch 4/30 | Train Loss: 3.9140 (Cox: 3.9140, KD: 0.0000) | Val C-index: 0.6283
Epoch 5/30 | Train Loss: 3.8835 (Cox: 3.8835, KD: 0.0000) | Val C-index: 0.7238
Epoch 6/30 | Train Loss: 3.7623 (Cox: 3.7623, KD: 0.0000) | Val C-index: 0.7020
Epoch 7/30 | Train Loss: 3.7120 (Cox: 3.7120, KD: 0.0000) | Val C-index: 0.7085
Epoch 8/30 | Train Loss: 3.6026 (Cox: 3.6026, KD: 0.0000) | Val C-index: 0.6833
Epoch 9/30 | Train Loss: 3.4783 (Cox: 3.4783, KD: 0.0000) | Val C-index: 0.6863
Epoch 10/30 | Train Loss: 3.2218 (Cox: 3.2218, KD: 0.0000) | Val C-index: 0.5708
Epoch 11/30 | Train Loss: 3.2094 (Cox: 3.2094, KD: 0.0000) | Val C-index: 0.6486
Epoch 12/30 | Train Loss: 3.2824 (Cox: 3.2824, KD: 0.0000) | Val C-index: 0.5053
Epoch 13/30 | Train Loss: 3.2125 (Cox: 3.2125, KD: 0.0000) | Val C-index: 0.5439
Epoch 14/30 | Train Loss: 3.0567 (Cox: 3.0567, KD: 0.0000) | Val C-index: 0.6429
Epoch 15/30 | Train Loss: 2.8241 (Cox: 2.8241, KD: 0.0000) | Val C-index: 0.6002
Epoch 16/30 | Train Loss: 2.6345 (Cox: 2.6345, KD: 0.0000) | Val C-index: 0.6142
Epoch 17/30 | Train Loss: 2.5696 (Cox: 2.5696, KD: 0.0000) | Val C-index: 0.4738
Epoch 18/30 | Train Loss: 2.5739 (Cox: 2.5739, KD: 0.0000) | Val C-index: 0.5916
Epoch 19/30 | Train Loss: 2.3943 (Cox: 2.3943, KD: 0.0000) | Val C-index: 0.5466
Epoch 20/30 | Train Loss: 2.3252 (Cox: 2.3252, KD: 0.0000) | Val C-index: 0.6196
Early stopping at epoch 20
Fold 3 final Val C-index: 0.7238

Extra survival metrics:
cutoff_from_train_median: -0.143332
n_test: 168
n_high_risk: 85
n_low_risk: 83
n_event_test: 65
logrank_stat: 27.982172
logrank_p: 0.000000
auc_36m: 0.757493
auc_60m: 0.832830
mean_auc: 0.777750
HR_high_vs_low: 4.007715
HR_95CI_lower: 2.299341
HR_95CI_upper: 6.985387
cox_p: 0.000001

==================================================
Fold 5/5
==================================================
Loaded teacher from: /home/gly001/cqj/pa_ct_surv/experiments/final_core/seed42/pact_teacher/checkpoints/fold_4/best_model.pth
[ResNetCox] Loaded pretrained from /home/gly001/cqj/pa_ct_surv/model/ct_pretrain/resnet_18_23dataset.pth
  Missing keys (ok): ['fc.weight', 'fc.bias']
[ResNetCox] Loaded pretrained from /home/gly001/cqj/pa_ct_surv/model/ct_pretrain/resnet_18_23dataset.pth
  Missing keys (ok): ['fc.weight', 'fc.bias']
Epoch 1/30 | Train Loss: 4.2063 (Cox: 4.2063, KD: 0.0000) | Val C-index: 0.7118
Epoch 2/30 | Train Loss: 4.0679 (Cox: 4.0679, KD: 0.0000) | Val C-index: 0.7104
Epoch 3/30 | Train Loss: 4.0005 (Cox: 4.0005, KD: 0.0000) | Val C-index: 0.7192
Epoch 4/30 | Train Loss: 3.9416 (Cox: 3.9416, KD: 0.0000) | Val C-index: 0.6848
Epoch 5/30 | Train Loss: 3.9103 (Cox: 3.9103, KD: 0.0000) | Val C-index: 0.6812
Epoch 6/30 | Train Loss: 3.7884 (Cox: 3.7884, KD: 0.0000) | Val C-index: 0.5834
Epoch 7/30 | Train Loss: 3.7504 (Cox: 3.7504, KD: 0.0000) | Val C-index: 0.6442
Epoch 8/30 | Train Loss: 3.5450 (Cox: 3.5450, KD: 0.0000) | Val C-index: 0.6522
Epoch 9/30 | Train Loss: 3.5322 (Cox: 3.5322, KD: 0.0000) | Val C-index: 0.6065
Epoch 10/30 | Train Loss: 3.3920 (Cox: 3.3920, KD: 0.0000) | Val C-index: 0.6375
Epoch 11/30 | Train Loss: 3.1879 (Cox: 3.1879, KD: 0.0000) | Val C-index: 0.6403
Epoch 12/30 | Train Loss: 3.1077 (Cox: 3.1077, KD: 0.0000) | Val C-index: 0.4452
Epoch 13/30 | Train Loss: 3.0107 (Cox: 3.0107, KD: 0.0000) | Val C-index: 0.5008
Epoch 14/30 | Train Loss: 2.7318 (Cox: 2.7318, KD: 0.0000) | Val C-index: 0.4923
Epoch 15/30 | Train Loss: 2.6362 (Cox: 2.6362, KD: 0.0000) | Val C-index: 0.4544
Epoch 16/30 | Train Loss: 2.6205 (Cox: 2.6205, KD: 0.0000) | Val C-index: 0.4161
Epoch 17/30 | Train Loss: 2.5612 (Cox: 2.5612, KD: 0.0000) | Val C-index: 0.5881
Epoch 18/30 | Train Loss: 2.5138 (Cox: 2.5138, KD: 0.0000) | Val C-index: 0.4727
Early stopping at epoch 18
Fold 4 final Val C-index: 0.7192

Extra survival metrics:
cutoff_from_train_median: -0.355485
n_test: 168
n_high_risk: 70
n_low_risk: 98
n_event_test: 65
logrank_stat: 24.330421
logrank_p: 0.000001
auc_36m: 0.759848
auc_60m: 0.763345
mean_auc: 0.760754
HR_high_vs_low: 3.300870
HR_95CI_lower: 1.999387
HR_95CI_upper: 5.449542
cox_p: 0.000003

==================================================
5-Fold CV Summary
==================================================
  C-index: 0.6902 +/- 0.0475
