nohup: ignoring input
Using Device: cuda | ROI size: 64
PA model: abmil-cox-topk | Augment: True
CT pretrained: /home/gly001/cqj/pa_ct_surv/model/ct_pretrain/resnet_18_23dataset.pth
Checkpoints: /home/gly001/cqj/pa_ct_surv/experiments/final_core_v11/seed2024/pact_teacher_aug_lr1e-4/checkpoints
Results:     /home/gly001/cqj/pa_ct_surv/experiments/final_core_v11/seed2024/pact_teacher_aug_lr1e-4/results
Loaded 843 paired samples

==================================================
Fold 1/5
==================================================
[ResNetCox] Loaded pretrained from /home/gly001/cqj/pa_ct_surv/model/ct_pretrain/resnet_18_23dataset.pth
  Missing keys (ok): ['fc.weight', 'fc.bias']
Epoch 1/30 | Train Loss: 4.3707 (Cox: 4.3707, EMA: 0.0000) | Train C-index: 0.5936 | Val Loss: 4.6746 | Val C-index: 0.5881
Epoch 2/30 | Train Loss: 4.2084 (Cox: 4.2084, EMA: 0.0000) | Train C-index: 0.7271 | Val Loss: 4.4512 | Val C-index: 0.7147
Epoch 3/30 | Train Loss: 4.0694 (Cox: 4.0694, EMA: 0.0000) | Train C-index: 0.7141 | Val Loss: 4.4983 | Val C-index: 0.6931
Epoch 4/30 | Train Loss: 4.0023 (Cox: 4.0023, EMA: 0.0000) | Train C-index: 0.7468 | Val Loss: 4.4389 | Val C-index: 0.7307
Epoch 5/30 | Train Loss: 3.9827 (Cox: 3.9827, EMA: 0.0000) | Train C-index: 0.6831 | Val Loss: 4.6438 | Val C-index: 0.6321
Epoch 6/30 | Train Loss: 3.8979 (Cox: 3.8979, EMA: 0.0000) | Train C-index: 0.7623 | Val Loss: 4.4599 | Val C-index: 0.7234
Epoch 7/30 | Train Loss: 3.8047 (Cox: 3.8047, EMA: 0.0000) | Train C-index: 0.7387 | Val Loss: 4.5503 | Val C-index: 0.6875
Epoch 8/30 | Train Loss: 3.7467 (Cox: 3.7467, EMA: 0.0000) | Train C-index: 0.7944 | Val Loss: 4.4547 | Val C-index: 0.7233
Epoch 9/30 | Train Loss: 3.5845 (Cox: 3.5845, EMA: 0.0000) | Train C-index: 0.7585 | Val Loss: 4.5543 | Val C-index: 0.6954
Early stopping at epoch 9
Fold 0 final C-index: 0.7307

Extra survival metrics:
cutoff_from_train_median: -0.291268
n_test: 169
n_high_risk: 66
n_low_risk: 103
n_event_test: 65
logrank_stat: 21.907933
logrank_p: 0.000003
auc_36m: 0.771554
auc_60m: 0.764376
mean_auc: 0.770285
HR_high_vs_low: 3.104921
HR_95CI_lower: 1.886059
HR_95CI_upper: 5.111470
cox_p: 0.000008

==================================================
Fold 2/5
==================================================
[ResNetCox] Loaded pretrained from /home/gly001/cqj/pa_ct_surv/model/ct_pretrain/resnet_18_23dataset.pth
  Missing keys (ok): ['fc.weight', 'fc.bias']
Epoch 1/30 | Train Loss: 4.4274 (Cox: 4.4274, EMA: 0.0000) | Train C-index: 0.6457 | Val Loss: 4.5455 | Val C-index: 0.6296
Epoch 2/30 | Train Loss: 4.2246 (Cox: 4.2246, EMA: 0.0000) | Train C-index: 0.7053 | Val Loss: 4.4911 | Val C-index: 0.6577
Epoch 3/30 | Train Loss: 4.1648 (Cox: 4.1648, EMA: 0.0000) | Train C-index: 0.7334 | Val Loss: 4.4781 | Val C-index: 0.6719
Epoch 4/30 | Train Loss: 4.0323 (Cox: 4.0323, EMA: 0.0000) | Train C-index: 0.7569 | Val Loss: 4.4756 | Val C-index: 0.6801
Epoch 5/30 | Train Loss: 3.9891 (Cox: 3.9891, EMA: 0.0000) | Train C-index: 0.7536 | Val Loss: 4.4994 | Val C-index: 0.6462
Epoch 6/30 | Train Loss: 3.9470 (Cox: 3.9470, EMA: 0.0000) | Train C-index: 0.7528 | Val Loss: 4.5361 | Val C-index: 0.6258
Epoch 7/30 | Train Loss: 3.8391 (Cox: 3.8391, EMA: 0.0000) | Train C-index: 0.7801 | Val Loss: 4.5223 | Val C-index: 0.6596
Epoch 8/30 | Train Loss: 3.7583 (Cox: 3.7583, EMA: 0.0000) | Train C-index: 0.7874 | Val Loss: 4.5205 | Val C-index: 0.6533
Epoch 9/30 | Train Loss: 3.5788 (Cox: 3.5788, EMA: 0.0000) | Train C-index: 0.7643 | Val Loss: 4.5895 | Val C-index: 0.6088
Early stopping at epoch 9
Fold 1 final C-index: 0.6801

Extra survival metrics:
cutoff_from_train_median: -0.051089
n_test: 169
n_high_risk: 91
n_low_risk: 78
n_event_test: 65
logrank_stat: 17.000211
logrank_p: 0.000037
auc_36m: 0.710632
auc_60m: 0.680849
mean_auc: 0.704555
HR_high_vs_low: 3.035461
HR_95CI_lower: 1.743012
HR_95CI_upper: 5.286265
cox_p: 0.000087

==================================================
Fold 3/5
==================================================
[ResNetCox] Loaded pretrained from /home/gly001/cqj/pa_ct_surv/model/ct_pretrain/resnet_18_23dataset.pth
  Missing keys (ok): ['fc.weight', 'fc.bias']
Epoch 1/30 | Train Loss: 4.3520 (Cox: 4.3520, EMA: 0.0000) | Train C-index: 0.7051 | Val Loss: 4.5970 | Val C-index: 0.6834
Epoch 2/30 | Train Loss: 4.2118 (Cox: 4.2118, EMA: 0.0000) | Train C-index: 0.7117 | Val Loss: 4.5903 | Val C-index: 0.6724
Epoch 3/30 | Train Loss: 4.1288 (Cox: 4.1288, EMA: 0.0000) | Train C-index: 0.7423 | Val Loss: 4.5282 | Val C-index: 0.7030
Epoch 4/30 | Train Loss: 4.0761 (Cox: 4.0761, EMA: 0.0000) | Train C-index: 0.7186 | Val Loss: 4.5463 | Val C-index: 0.7103
Epoch 5/30 | Train Loss: 3.9566 (Cox: 3.9566, EMA: 0.0000) | Train C-index: 0.7418 | Val Loss: 4.5614 | Val C-index: 0.6813
Epoch 6/30 | Train Loss: 3.9251 (Cox: 3.9251, EMA: 0.0000) | Train C-index: 0.7616 | Val Loss: 4.4984 | Val C-index: 0.6994
Epoch 7/30 | Train Loss: 3.8676 (Cox: 3.8676, EMA: 0.0000) | Train C-index: 0.7381 | Val Loss: 4.4883 | Val C-index: 0.7092
Epoch 8/30 | Train Loss: 3.7518 (Cox: 3.7518, EMA: 0.0000) | Train C-index: 0.7509 | Val Loss: 4.6342 | Val C-index: 0.6633
Epoch 9/30 | Train Loss: 3.6686 (Cox: 3.6686, EMA: 0.0000) | Train C-index: 0.7865 | Val Loss: 4.5542 | Val C-index: 0.7135
Epoch 10/30 | Train Loss: 3.5030 (Cox: 3.5030, EMA: 0.0000) | Train C-index: 0.7832 | Val Loss: 4.6117 | Val C-index: 0.6852
Epoch 11/30 | Train Loss: 3.3374 (Cox: 3.3374, EMA: 0.0000) | Train C-index: 0.8008 | Val Loss: 4.6277 | Val C-index: 0.6985
Epoch 12/30 | Train Loss: 3.2346 (Cox: 3.2346, EMA: 0.0000) | Train C-index: 0.8009 | Val Loss: 4.7056 | Val C-index: 0.6711
Epoch 13/30 | Train Loss: 3.1026 (Cox: 3.1026, EMA: 0.0000) | Train C-index: 0.7997 | Val Loss: 4.7771 | Val C-index: 0.6535
Epoch 14/30 | Train Loss: 3.0013 (Cox: 3.0013, EMA: 0.0000) | Train C-index: 0.7906 | Val Loss: 4.6266 | Val C-index: 0.6992
Early stopping at epoch 14
Fold 2 final C-index: 0.7135

Extra survival metrics:
cutoff_from_train_median: -0.486705
n_test: 169
n_high_risk: 84
n_low_risk: 85
n_event_test: 65
logrank_stat: 25.892572
logrank_p: 0.000000
auc_36m: 0.787799
auc_60m: 0.732685
mean_auc: 0.771134
HR_high_vs_low: 3.747139
HR_95CI_lower: 2.171481
HR_95CI_upper: 6.466118
cox_p: 0.000002

==================================================
Fold 4/5
==================================================
[ResNetCox] Loaded pretrained from /home/gly001/cqj/pa_ct_surv/model/ct_pretrain/resnet_18_23dataset.pth
  Missing keys (ok): ['fc.weight', 'fc.bias']
Epoch 1/30 | Train Loss: 4.3262 (Cox: 4.3262, EMA: 0.0000) | Train C-index: 0.6464 | Val Loss: 4.8407 | Val C-index: 0.6032
Epoch 2/30 | Train Loss: 4.1466 (Cox: 4.1466, EMA: 0.0000) | Train C-index: 0.7077 | Val Loss: 4.5655 | Val C-index: 0.7024
Epoch 3/30 | Train Loss: 4.0691 (Cox: 4.0691, EMA: 0.0000) | Train C-index: 0.7308 | Val Loss: 4.5236 | Val C-index: 0.7145
Epoch 4/30 | Train Loss: 4.0121 (Cox: 4.0121, EMA: 0.0000) | Train C-index: 0.6900 | Val Loss: 4.6364 | Val C-index: 0.6663
Epoch 5/30 | Train Loss: 3.9461 (Cox: 3.9461, EMA: 0.0000) | Train C-index: 0.7082 | Val Loss: 4.6334 | Val C-index: 0.6735
Epoch 6/30 | Train Loss: 3.8855 (Cox: 3.8855, EMA: 0.0000) | Train C-index: 0.7585 | Val Loss: 4.5501 | Val C-index: 0.6964
Epoch 7/30 | Train Loss: 3.8018 (Cox: 3.8018, EMA: 0.0000) | Train C-index: 0.7326 | Val Loss: 4.5941 | Val C-index: 0.6840
Epoch 8/30 | Train Loss: 3.7063 (Cox: 3.7063, EMA: 0.0000) | Train C-index: 0.7462 | Val Loss: 4.5899 | Val C-index: 0.6879
Early stopping at epoch 8
Fold 3 final C-index: 0.7145

Extra survival metrics:
cutoff_from_train_median: 0.283723
n_test: 168
n_high_risk: 75
n_low_risk: 93
n_event_test: 65
logrank_stat: 40.339874
logrank_p: 0.000000
auc_36m: 0.713361
auc_60m: 0.753717
mean_auc: 0.727422
HR_high_vs_low: 5.201842
HR_95CI_lower: 2.951029
HR_95CI_upper: 9.169396
cox_p: 0.000000

==================================================
Fold 5/5
==================================================
[ResNetCox] Loaded pretrained from /home/gly001/cqj/pa_ct_surv/model/ct_pretrain/resnet_18_23dataset.pth
  Missing keys (ok): ['fc.weight', 'fc.bias']
Epoch 1/30 | Train Loss: 4.3221 (Cox: 4.3221, EMA: 0.0000) | Train C-index: 0.6223 | Val Loss: 4.6394 | Val C-index: 0.6589
Epoch 2/30 | Train Loss: 4.1881 (Cox: 4.1881, EMA: 0.0000) | Train C-index: 0.7191 | Val Loss: 4.5096 | Val C-index: 0.7054
Epoch 3/30 | Train Loss: 4.1213 (Cox: 4.1213, EMA: 0.0000) | Train C-index: 0.7323 | Val Loss: 4.5260 | Val C-index: 0.6935
Epoch 4/30 | Train Loss: 4.0440 (Cox: 4.0440, EMA: 0.0000) | Train C-index: 0.7134 | Val Loss: 4.5123 | Val C-index: 0.6888
Epoch 5/30 | Train Loss: 4.0327 (Cox: 4.0327, EMA: 0.0000) | Train C-index: 0.7383 | Val Loss: 4.4921 | Val C-index: 0.7061
Epoch 6/30 | Train Loss: 3.9035 (Cox: 3.9035, EMA: 0.0000) | Train C-index: 0.7577 | Val Loss: 4.4441 | Val C-index: 0.7188
Epoch 7/30 | Train Loss: 3.8410 (Cox: 3.8410, EMA: 0.0000) | Train C-index: 0.7550 | Val Loss: 4.4400 | Val C-index: 0.7191
Epoch 8/30 | Train Loss: 3.7451 (Cox: 3.7451, EMA: 0.0000) | Train C-index: 0.7542 | Val Loss: 4.4463 | Val C-index: 0.7161
Epoch 9/30 | Train Loss: 3.6452 (Cox: 3.6452, EMA: 0.0000) | Train C-index: 0.7675 | Val Loss: 4.5134 | Val C-index: 0.6972
Epoch 10/30 | Train Loss: 3.5105 (Cox: 3.5105, EMA: 0.0000) | Train C-index: 0.7886 | Val Loss: 4.5855 | Val C-index: 0.6810
Epoch 11/30 | Train Loss: 3.3558 (Cox: 3.3558, EMA: 0.0000) | Train C-index: 0.7677 | Val Loss: 4.5425 | Val C-index: 0.7103
Epoch 12/30 | Train Loss: 3.1775 (Cox: 3.1775, EMA: 0.0000) | Train C-index: 0.7968 | Val Loss: 4.5782 | Val C-index: 0.6786
Early stopping at epoch 12
Fold 4 final C-index: 0.7191

Extra survival metrics:
cutoff_from_train_median: 0.530411
n_test: 168
n_high_risk: 88
n_low_risk: 80
n_event_test: 65
logrank_stat: 29.837354
logrank_p: 0.000000
auc_36m: 0.760540
auc_60m: 0.726837
mean_auc: 0.753932
HR_high_vs_low: 4.522737
HR_95CI_lower: 2.499056
HR_95CI_upper: 8.185149
cox_p: 0.000001

==================================================
5-Fold CV Summary
==================================================
  C-index: 0.7116 +/- 0.0189
