nohup: ignoring input
Teacher:   /home/gly001/cqj/pa_ct_surv/experiments/final_core/seed2024/pact_teacher/checkpoints
Distill:   mse | alpha=0.0 | T=2.0
Checkpoints: /home/gly001/cqj/pa_ct_surv/experiments/final_core/seed2024/ct_student_coxonly/checkpoints
Results:     /home/gly001/cqj/pa_ct_surv/experiments/final_core/seed2024/ct_student_coxonly/results
Loaded 843 paired samples

==================================================
Fold 1/5
==================================================
Loaded teacher from: /home/gly001/cqj/pa_ct_surv/experiments/final_core/seed2024/pact_teacher/checkpoints/fold_0/best_model.pth
[ResNetCox] Loaded pretrained from /home/gly001/cqj/pa_ct_surv/model/ct_pretrain/resnet_18_23dataset.pth
  Missing keys (ok): ['fc.weight', 'fc.bias']
Epoch 1/30 | Train Loss: 4.1877 (Cox: 4.1877, KD: 0.0000) | Val C-index: 0.6545
Epoch 2/30 | Train Loss: 4.0764 (Cox: 4.0764, KD: 0.0000) | Val C-index: 0.6906
Epoch 3/30 | Train Loss: 4.0959 (Cox: 4.0959, KD: 0.0000) | Val C-index: 0.7026
Epoch 4/30 | Train Loss: 3.8762 (Cox: 3.8762, KD: 0.0000) | Val C-index: 0.6971
Epoch 5/30 | Train Loss: 3.8520 (Cox: 3.8520, KD: 0.0000) | Val C-index: 0.6972
Epoch 6/30 | Train Loss: 3.8041 (Cox: 3.8041, KD: 0.0000) | Val C-index: 0.6928
Epoch 7/30 | Train Loss: 3.7291 (Cox: 3.7291, KD: 0.0000) | Val C-index: 0.6735
Epoch 8/30 | Train Loss: 3.5853 (Cox: 3.5853, KD: 0.0000) | Val C-index: 0.6884
Early stopping at epoch 8
Fold 0 final Val C-index: 0.7026

Extra survival metrics:
cutoff_from_train_median: -0.141758
n_test: 169
n_high_risk: 77
n_low_risk: 92
n_event_test: 65
logrank_stat: 15.508971
logrank_p: 0.000082
auc_36m: 0.735692
auc_60m: 0.706385
mean_auc: 0.730510
HR_high_vs_low: 2.664210
HR_95CI_lower: 1.604921
HR_95CI_upper: 4.422658
cox_p: 0.000151

==================================================
Fold 2/5
==================================================
Loaded teacher from: /home/gly001/cqj/pa_ct_surv/experiments/final_core/seed2024/pact_teacher/checkpoints/fold_1/best_model.pth
[ResNetCox] Loaded pretrained from /home/gly001/cqj/pa_ct_surv/model/ct_pretrain/resnet_18_23dataset.pth
  Missing keys (ok): ['fc.weight', 'fc.bias']
Epoch 1/30 | Train Loss: 4.2179 (Cox: 4.2179, KD: 0.0000) | Val C-index: 0.6126
Epoch 2/30 | Train Loss: 4.1070 (Cox: 4.1070, KD: 0.0000) | Val C-index: 0.6758
Epoch 3/30 | Train Loss: 4.0141 (Cox: 4.0141, KD: 0.0000) | Val C-index: 0.6458
Epoch 4/30 | Train Loss: 3.9556 (Cox: 3.9556, KD: 0.0000) | Val C-index: 0.6618
Epoch 5/30 | Train Loss: 3.9114 (Cox: 3.9114, KD: 0.0000) | Val C-index: 0.6326
Epoch 6/30 | Train Loss: 3.7821 (Cox: 3.7821, KD: 0.0000) | Val C-index: 0.6237
Epoch 7/30 | Train Loss: 3.7572 (Cox: 3.7572, KD: 0.0000) | Val C-index: 0.5916
Early stopping at epoch 7
Fold 1 final Val C-index: 0.6758

Extra survival metrics:
cutoff_from_train_median: 0.459275
n_test: 169
n_high_risk: 89
n_low_risk: 80
n_event_test: 65
logrank_stat: 17.271460
logrank_p: 0.000032
auc_36m: 0.695128
auc_60m: 0.699966
mean_auc: 0.696115
HR_high_vs_low: 3.002904
HR_95CI_lower: 1.741651
HR_95CI_upper: 5.177519
cox_p: 0.000076

==================================================
Fold 3/5
==================================================
Loaded teacher from: /home/gly001/cqj/pa_ct_surv/experiments/final_core/seed2024/pact_teacher/checkpoints/fold_2/best_model.pth
[ResNetCox] Loaded pretrained from /home/gly001/cqj/pa_ct_surv/model/ct_pretrain/resnet_18_23dataset.pth
  Missing keys (ok): ['fc.weight', 'fc.bias']
Epoch 1/30 | Train Loss: 4.2036 (Cox: 4.2036, KD: 0.0000) | Val C-index: 0.4374
Epoch 2/30 | Train Loss: 4.0664 (Cox: 4.0664, KD: 0.0000) | Val C-index: 0.4320
Epoch 3/30 | Train Loss: 4.0098 (Cox: 4.0098, KD: 0.0000) | Val C-index: 0.5012
Epoch 4/30 | Train Loss: 3.8967 (Cox: 3.8967, KD: 0.0000) | Val C-index: 0.5529
Epoch 5/30 | Train Loss: 3.8918 (Cox: 3.8918, KD: 0.0000) | Val C-index: 0.4800
Epoch 6/30 | Train Loss: 3.7840 (Cox: 3.7840, KD: 0.0000) | Val C-index: 0.6022
Epoch 7/30 | Train Loss: 3.6804 (Cox: 3.6804, KD: 0.0000) | Val C-index: 0.4843
Epoch 8/30 | Train Loss: 3.5763 (Cox: 3.5763, KD: 0.0000) | Val C-index: 0.4483
Epoch 9/30 | Train Loss: 3.4713 (Cox: 3.4713, KD: 0.0000) | Val C-index: 0.4309
Epoch 10/30 | Train Loss: 3.4093 (Cox: 3.4093, KD: 0.0000) | Val C-index: 0.4383
Epoch 11/30 | Train Loss: 3.1625 (Cox: 3.1625, KD: 0.0000) | Val C-index: 0.3847
Early stopping at epoch 11
Fold 2 final Val C-index: 0.6022

Extra survival metrics:
cutoff_from_train_median: -0.714947
n_test: 169
n_high_risk: 90
n_low_risk: 79
n_event_test: 65
logrank_stat: 5.444890
logrank_p: 0.019626
auc_36m: 0.618399
auc_60m: 0.617477
mean_auc: 0.618120
HR_high_vs_low: 1.816068
HR_95CI_lower: 1.091491
HR_95CI_upper: 3.021650
cox_p: 0.021620

==================================================
Fold 4/5
==================================================
Loaded teacher from: /home/gly001/cqj/pa_ct_surv/experiments/final_core/seed2024/pact_teacher/checkpoints/fold_3/best_model.pth
[ResNetCox] Loaded pretrained from /home/gly001/cqj/pa_ct_surv/model/ct_pretrain/resnet_18_23dataset.pth
  Missing keys (ok): ['fc.weight', 'fc.bias']
Epoch 1/30 | Train Loss: 4.1542 (Cox: 4.1542, KD: 0.0000) | Val C-index: 0.5082
Epoch 2/30 | Train Loss: 4.0300 (Cox: 4.0300, KD: 0.0000) | Val C-index: 0.4975
Epoch 3/30 | Train Loss: 3.9708 (Cox: 3.9708, KD: 0.0000) | Val C-index: 0.5012
Epoch 4/30 | Train Loss: 3.9049 (Cox: 3.9049, KD: 0.0000) | Val C-index: 0.5009
Epoch 5/30 | Train Loss: 3.8497 (Cox: 3.8497, KD: 0.0000) | Val C-index: 0.5319
Epoch 6/30 | Train Loss: 3.7503 (Cox: 3.7503, KD: 0.0000) | Val C-index: 0.3997
Epoch 7/30 | Train Loss: 3.7101 (Cox: 3.7101, KD: 0.0000) | Val C-index: 0.4402
Epoch 8/30 | Train Loss: 3.5145 (Cox: 3.5145, KD: 0.0000) | Val C-index: 0.3884
Epoch 9/30 | Train Loss: 3.5011 (Cox: 3.5011, KD: 0.0000) | Val C-index: 0.5022
Epoch 10/30 | Train Loss: 3.4366 (Cox: 3.4366, KD: 0.0000) | Val C-index: 0.3941
Early stopping at epoch 10
Fold 3 final Val C-index: 0.5319

Extra survival metrics:
cutoff_from_train_median: -0.482588
n_test: 168
n_high_risk: 86
n_low_risk: 82
n_event_test: 65
logrank_stat: 5.509617
logrank_p: 0.018912
auc_36m: 0.528271
auc_60m: 0.500100
mean_auc: 0.518455
HR_high_vs_low: 1.813215
HR_95CI_lower: 1.095042
HR_95CI_upper: 3.002395
cox_p: 0.020732

==================================================
Fold 5/5
==================================================
Loaded teacher from: /home/gly001/cqj/pa_ct_surv/experiments/final_core/seed2024/pact_teacher/checkpoints/fold_4/best_model.pth
[ResNetCox] Loaded pretrained from /home/gly001/cqj/pa_ct_surv/model/ct_pretrain/resnet_18_23dataset.pth
  Missing keys (ok): ['fc.weight', 'fc.bias']
Epoch 1/30 | Train Loss: 4.2021 (Cox: 4.2021, KD: 0.0000) | Val C-index: 0.4725
Epoch 2/30 | Train Loss: 4.0583 (Cox: 4.0583, KD: 0.0000) | Val C-index: 0.4809
Epoch 3/30 | Train Loss: 3.9878 (Cox: 3.9878, KD: 0.0000) | Val C-index: 0.5006
Epoch 4/30 | Train Loss: 3.8968 (Cox: 3.8968, KD: 0.0000) | Val C-index: 0.5462
Epoch 5/30 | Train Loss: 3.8683 (Cox: 3.8683, KD: 0.0000) | Val C-index: 0.5482
Epoch 6/30 | Train Loss: 3.8075 (Cox: 3.8075, KD: 0.0000) | Val C-index: 0.4289
Epoch 7/30 | Train Loss: 3.7682 (Cox: 3.7682, KD: 0.0000) | Val C-index: 0.5033
Epoch 8/30 | Train Loss: 3.6453 (Cox: 3.6453, KD: 0.0000) | Val C-index: 0.5481
Epoch 9/30 | Train Loss: 3.6000 (Cox: 3.6000, KD: 0.0000) | Val C-index: 0.5042
Epoch 10/30 | Train Loss: 3.5445 (Cox: 3.5445, KD: 0.0000) | Val C-index: 0.5468
Early stopping at epoch 10
Fold 4 final Val C-index: 0.5482

Extra survival metrics:
cutoff_from_train_median: -0.310186
n_test: 168
n_high_risk: 86
n_low_risk: 82
n_event_test: 65
logrank_stat: 7.794928
logrank_p: 0.005239
auc_36m: 0.541503
auc_60m: 0.556264
mean_auc: 0.544398
HR_high_vs_low: 2.066666
HR_95CI_lower: 1.227349
HR_95CI_upper: 3.479948
cox_p: 0.006324

==================================================
5-Fold CV Summary
==================================================
  C-index: 0.6121 +/- 0.0756
