nohup: ignoring input
Teacher:   /home/gly001/cqj/pa_ct_surv/experiments/final_core/seed123/pact_teacher/checkpoints
Distill:   Cox + alpha*MSE(student_risk, teacher_fused_risk) | alpha=0.3 | start_KD=5
Augment:   False | batch_size=128 | cox_batch_size=128
Checkpoints: /home/gly001/cqj/pa_ct_surv/experiments/final_core_v8c/seed123/ct_student_survrisk_mse_a03_bs128/checkpoints
Results:     /home/gly001/cqj/pa_ct_surv/experiments/final_core_v8c/seed123/ct_student_survrisk_mse_a03_bs128/results
Loaded 843 paired samples

==================================================
Fold 1/5
==================================================
Loaded teacher from: /home/gly001/cqj/pa_ct_surv/experiments/final_core/seed123/pact_teacher/checkpoints/fold_0/best_model.pth
[ResNetCox] Loaded pretrained from /home/gly001/cqj/pa_ct_surv/model/ct_pretrain/resnet_18_23dataset.pth
  Missing keys (ok): ['fc.weight', 'fc.bias']
Epoch 1/30 | Train Loss: 4.1277 (Cox: 4.1277, KD: 0.0000) | Val C-index: 0.6966
Epoch 2/30 | Train Loss: 3.9578 (Cox: 3.9578, KD: 0.0000) | Val C-index: 0.6940
Epoch 3/30 | Train Loss: 3.9339 (Cox: 3.9339, KD: 0.0000) | Val C-index: 0.6938
Epoch 4/30 | Train Loss: 3.9220 (Cox: 3.9220, KD: 0.0000) | Val C-index: 0.6905
Epoch 5/30 | Train Loss: 4.3541 (Cox: 3.8987, KD: 0.4554) | Val C-index: 0.6685
Epoch 6/30 | Train Loss: 4.1289 (Cox: 3.8568, KD: 0.2721) | Val C-index: 0.6684
Early stopping at epoch 6
Fold 0 final Val C-index: 0.6966

Extra survival metrics:
cutoff_from_train_median: -0.437997
n_test: 169
n_high_risk: 87
n_low_risk: 82
n_event_test: 65
logrank_stat: 12.395526
logrank_p: 0.000430
auc_36m: 0.751942
auc_60m: 0.703464
mean_auc: 0.739604
HR_high_vs_low: 2.431223
HR_95CI_lower: 1.459206
HR_95CI_upper: 4.050725
cox_p: 0.000648

==================================================
Fold 2/5
==================================================
Loaded teacher from: /home/gly001/cqj/pa_ct_surv/experiments/final_core/seed123/pact_teacher/checkpoints/fold_1/best_model.pth
[ResNetCox] Loaded pretrained from /home/gly001/cqj/pa_ct_surv/model/ct_pretrain/resnet_18_23dataset.pth
  Missing keys (ok): ['fc.weight', 'fc.bias']
Epoch 1/30 | Train Loss: 4.2642 (Cox: 4.2642, KD: 0.0000) | Val C-index: 0.6390
Epoch 2/30 | Train Loss: 4.0615 (Cox: 4.0615, KD: 0.0000) | Val C-index: 0.6504
Epoch 3/30 | Train Loss: 3.9701 (Cox: 3.9701, KD: 0.0000) | Val C-index: 0.6778
Epoch 4/30 | Train Loss: 3.9250 (Cox: 3.9250, KD: 0.0000) | Val C-index: 0.6443
Epoch 5/30 | Train Loss: 4.4095 (Cox: 3.9204, KD: 0.4891) | Val C-index: 0.6830
Epoch 6/30 | Train Loss: 4.0360 (Cox: 3.8096, KD: 0.2263) | Val C-index: 0.6866
Epoch 7/30 | Train Loss: 4.1382 (Cox: 3.8830, KD: 0.2552) | Val C-index: 0.7173
Epoch 8/30 | Train Loss: 4.0419 (Cox: 3.8194, KD: 0.2226) | Val C-index: 0.7165
Epoch 9/30 | Train Loss: 4.0119 (Cox: 3.7939, KD: 0.2180) | Val C-index: 0.7090
Epoch 10/30 | Train Loss: 3.8856 (Cox: 3.6781, KD: 0.2075) | Val C-index: 0.6949
Epoch 11/30 | Train Loss: 3.8395 (Cox: 3.6242, KD: 0.2154) | Val C-index: 0.6792
Epoch 12/30 | Train Loss: 3.7896 (Cox: 3.5573, KD: 0.2323) | Val C-index: 0.6969
Early stopping at epoch 12
Fold 1 final Val C-index: 0.7173

Extra survival metrics:
cutoff_from_train_median: -1.922039
n_test: 169
n_high_risk: 77
n_low_risk: 92
n_event_test: 65
logrank_stat: 33.036026
logrank_p: 0.000000
auc_36m: 0.743331
auc_60m: 0.719373
mean_auc: 0.735796
HR_high_vs_low: 4.408804
HR_95CI_lower: 2.532813
HR_95CI_upper: 7.674294
cox_p: 0.000000

==================================================
Fold 3/5
==================================================
Loaded teacher from: /home/gly001/cqj/pa_ct_surv/experiments/final_core/seed123/pact_teacher/checkpoints/fold_2/best_model.pth
[ResNetCox] Loaded pretrained from /home/gly001/cqj/pa_ct_surv/model/ct_pretrain/resnet_18_23dataset.pth
  Missing keys (ok): ['fc.weight', 'fc.bias']
Epoch 1/30 | Train Loss: 4.3557 (Cox: 4.3557, KD: 0.0000) | Val C-index: 0.6040
Epoch 2/30 | Train Loss: 4.1175 (Cox: 4.1175, KD: 0.0000) | Val C-index: 0.6146
Epoch 3/30 | Train Loss: 4.1244 (Cox: 4.1244, KD: 0.0000) | Val C-index: 0.6131
Epoch 4/30 | Train Loss: 4.1030 (Cox: 4.1030, KD: 0.0000) | Val C-index: 0.6221
Epoch 5/30 | Train Loss: 4.6639 (Cox: 4.1004, KD: 0.5635) | Val C-index: 0.6397
Epoch 6/30 | Train Loss: 4.2455 (Cox: 3.9621, KD: 0.2833) | Val C-index: 0.6657
Epoch 7/30 | Train Loss: 4.1058 (Cox: 3.9261, KD: 0.1796) | Val C-index: 0.6874
Epoch 8/30 | Train Loss: 4.1878 (Cox: 3.9872, KD: 0.2007) | Val C-index: 0.6991
Epoch 9/30 | Train Loss: 4.0366 (Cox: 3.8556, KD: 0.1810) | Val C-index: 0.7061
Epoch 10/30 | Train Loss: 4.1578 (Cox: 3.9991, KD: 0.1587) | Val C-index: 0.6823
Epoch 11/30 | Train Loss: 4.1054 (Cox: 3.9175, KD: 0.1879) | Val C-index: 0.7088
Epoch 12/30 | Train Loss: 3.9470 (Cox: 3.7949, KD: 0.1521) | Val C-index: 0.7189
Epoch 13/30 | Train Loss: 3.9541 (Cox: 3.7809, KD: 0.1732) | Val C-index: 0.7153
Epoch 14/30 | Train Loss: 3.9892 (Cox: 3.8051, KD: 0.1841) | Val C-index: 0.7114
Epoch 15/30 | Train Loss: 3.8640 (Cox: 3.7076, KD: 0.1563) | Val C-index: 0.7167
Epoch 16/30 | Train Loss: 3.8695 (Cox: 3.6979, KD: 0.1716) | Val C-index: 0.7046
Epoch 17/30 | Train Loss: 3.8868 (Cox: 3.7145, KD: 0.1723) | Val C-index: 0.7004
Early stopping at epoch 17
Fold 2 final Val C-index: 0.7189

Extra survival metrics:
cutoff_from_train_median: -0.991152
n_test: 169
n_high_risk: 86
n_low_risk: 83
n_event_test: 65
logrank_stat: 28.275603
logrank_p: 0.000000
auc_36m: 0.772433
auc_60m: 0.732305
mean_auc: 0.761952
HR_high_vs_low: 4.142275
HR_95CI_lower: 2.348606
HR_95CI_upper: 7.305800
cox_p: 0.000001

==================================================
Fold 4/5
==================================================
Loaded teacher from: /home/gly001/cqj/pa_ct_surv/experiments/final_core/seed123/pact_teacher/checkpoints/fold_3/best_model.pth
[ResNetCox] Loaded pretrained from /home/gly001/cqj/pa_ct_surv/model/ct_pretrain/resnet_18_23dataset.pth
  Missing keys (ok): ['fc.weight', 'fc.bias']
Epoch 1/30 | Train Loss: 4.3380 (Cox: 4.3380, KD: 0.0000) | Val C-index: 0.5633
Epoch 2/30 | Train Loss: 3.9930 (Cox: 3.9930, KD: 0.0000) | Val C-index: 0.6150
Epoch 3/30 | Train Loss: 3.9922 (Cox: 3.9922, KD: 0.0000) | Val C-index: 0.6177
Epoch 4/30 | Train Loss: 3.9420 (Cox: 3.9420, KD: 0.0000) | Val C-index: 0.6193
Epoch 5/30 | Train Loss: 4.6291 (Cox: 3.9184, KD: 0.7108) | Val C-index: 0.6400
Epoch 6/30 | Train Loss: 4.3013 (Cox: 3.9113, KD: 0.3900) | Val C-index: 0.6573
Epoch 7/30 | Train Loss: 4.1322 (Cox: 3.8887, KD: 0.2435) | Val C-index: 0.6623
Epoch 8/30 | Train Loss: 4.0932 (Cox: 3.8095, KD: 0.2837) | Val C-index: 0.6625
Epoch 9/30 | Train Loss: 4.0978 (Cox: 3.8593, KD: 0.2385) | Val C-index: 0.6703
Epoch 10/30 | Train Loss: 4.0131 (Cox: 3.7694, KD: 0.2437) | Val C-index: 0.6765
Epoch 11/30 | Train Loss: 4.0083 (Cox: 3.7614, KD: 0.2469) | Val C-index: 0.6805
Epoch 12/30 | Train Loss: 4.0597 (Cox: 3.8297, KD: 0.2299) | Val C-index: 0.6809
Epoch 13/30 | Train Loss: 4.0430 (Cox: 3.7853, KD: 0.2577) | Val C-index: 0.6788
Epoch 14/30 | Train Loss: 3.8989 (Cox: 3.6763, KD: 0.2227) | Val C-index: 0.6674
Epoch 15/30 | Train Loss: 3.8740 (Cox: 3.6271, KD: 0.2469) | Val C-index: 0.6693
Epoch 16/30 | Train Loss: 3.7549 (Cox: 3.5380, KD: 0.2169) | Val C-index: 0.6657
Epoch 17/30 | Train Loss: 3.7617 (Cox: 3.5123, KD: 0.2493) | Val C-index: 0.6343
Early stopping at epoch 17
Fold 3 final Val C-index: 0.6809

Extra survival metrics:
cutoff_from_train_median: -0.520766
n_test: 168
n_high_risk: 82
n_low_risk: 86
n_event_test: 65
logrank_stat: 27.517736
logrank_p: 0.000000
auc_36m: 0.684810
auc_60m: 0.734544
mean_auc: 0.696482
HR_high_vs_low: 3.880846
HR_95CI_lower: 2.249081
HR_95CI_upper: 6.696498
cox_p: 0.000001

==================================================
Fold 5/5
==================================================
Loaded teacher from: /home/gly001/cqj/pa_ct_surv/experiments/final_core/seed123/pact_teacher/checkpoints/fold_4/best_model.pth
[ResNetCox] Loaded pretrained from /home/gly001/cqj/pa_ct_surv/model/ct_pretrain/resnet_18_23dataset.pth
  Missing keys (ok): ['fc.weight', 'fc.bias']
Epoch 1/30 | Train Loss: 4.3156 (Cox: 4.3156, KD: 0.0000) | Val C-index: 0.6939
Epoch 2/30 | Train Loss: 4.1206 (Cox: 4.1206, KD: 0.0000) | Val C-index: 0.7102
Epoch 3/30 | Train Loss: 4.0322 (Cox: 4.0322, KD: 0.0000) | Val C-index: 0.7096
Epoch 4/30 | Train Loss: 3.9977 (Cox: 3.9977, KD: 0.0000) | Val C-index: 0.7123
Epoch 5/30 | Train Loss: 4.4929 (Cox: 3.9381, KD: 0.5548) | Val C-index: 0.7181
Epoch 6/30 | Train Loss: 4.4300 (Cox: 4.0148, KD: 0.4152) | Val C-index: 0.7442
Epoch 7/30 | Train Loss: 4.3525 (Cox: 3.9500, KD: 0.4025) | Val C-index: 0.7270
Epoch 8/30 | Train Loss: 4.3363 (Cox: 3.9334, KD: 0.4028) | Val C-index: 0.7572
Epoch 9/30 | Train Loss: 4.2874 (Cox: 3.9235, KD: 0.3638) | Val C-index: 0.7549
Epoch 10/30 | Train Loss: 4.2936 (Cox: 3.8931, KD: 0.4006) | Val C-index: 0.7684
Epoch 11/30 | Train Loss: 4.1308 (Cox: 3.7903, KD: 0.3404) | Val C-index: 0.7605
Epoch 12/30 | Train Loss: 4.0814 (Cox: 3.7329, KD: 0.3485) | Val C-index: 0.7553
Epoch 13/30 | Train Loss: 4.0732 (Cox: 3.7263, KD: 0.3469) | Val C-index: 0.7541
Epoch 14/30 | Train Loss: 3.9386 (Cox: 3.6259, KD: 0.3127) | Val C-index: 0.7301
Epoch 15/30 | Train Loss: 4.0081 (Cox: 3.6508, KD: 0.3573) | Val C-index: 0.7214
Early stopping at epoch 15
Fold 4 final Val C-index: 0.7684

Extra survival metrics:
cutoff_from_train_median: -0.559823
n_test: 168
n_high_risk: 91
n_low_risk: 77
n_event_test: 65
logrank_stat: 31.777858
logrank_p: 0.000000
auc_36m: 0.800217
auc_60m: 0.791217
mean_auc: 0.798588
HR_high_vs_low: 5.100852
HR_95CI_lower: 2.717244
HR_95CI_upper: 9.575395
cox_p: 0.000000

==================================================
5-Fold CV Summary
==================================================
  C-index: 0.7164 +/- 0.0331
