nohup: ignoring input
Teacher:   /home/gly001/cqj/pa_ct_surv/experiments/final_core/seed2024/pact_teacher/checkpoints
Distill:   Cox + alpha*MSE(student_risk, teacher_fused_risk) | alpha=0.3 | start_KD=5
Augment:   False | batch_size=128 | cox_batch_size=128
Checkpoints: /home/gly001/cqj/pa_ct_surv/experiments/final_core_v8c/seed2024/ct_student_survrisk_mse_a03_bs128/checkpoints
Results:     /home/gly001/cqj/pa_ct_surv/experiments/final_core_v8c/seed2024/ct_student_survrisk_mse_a03_bs128/results
Loaded 843 paired samples

==================================================
Fold 1/5
==================================================
Loaded teacher from: /home/gly001/cqj/pa_ct_surv/experiments/final_core/seed2024/pact_teacher/checkpoints/fold_0/best_model.pth
[ResNetCox] Loaded pretrained from /home/gly001/cqj/pa_ct_surv/model/ct_pretrain/resnet_18_23dataset.pth
  Missing keys (ok): ['fc.weight', 'fc.bias']
Epoch 1/30 | Train Loss: 4.2352 (Cox: 4.2352, KD: 0.0000) | Val C-index: 0.6278
Epoch 2/30 | Train Loss: 4.0794 (Cox: 4.0794, KD: 0.0000) | Val C-index: 0.6311
Epoch 3/30 | Train Loss: 3.9560 (Cox: 3.9560, KD: 0.0000) | Val C-index: 0.6306
Epoch 4/30 | Train Loss: 4.0069 (Cox: 4.0069, KD: 0.0000) | Val C-index: 0.6657
Epoch 5/30 | Train Loss: 4.1286 (Cox: 3.9206, KD: 0.2080) | Val C-index: 0.6751
Epoch 6/30 | Train Loss: 4.1154 (Cox: 3.9560, KD: 0.1594) | Val C-index: 0.7144
Epoch 7/30 | Train Loss: 4.0328 (Cox: 3.8609, KD: 0.1718) | Val C-index: 0.7221
Epoch 8/30 | Train Loss: 3.9098 (Cox: 3.7415, KD: 0.1682) | Val C-index: 0.7192
Epoch 9/30 | Train Loss: 3.9573 (Cox: 3.7956, KD: 0.1617) | Val C-index: 0.7142
Epoch 10/30 | Train Loss: 3.9183 (Cox: 3.7362, KD: 0.1821) | Val C-index: 0.6893
Epoch 11/30 | Train Loss: 3.7950 (Cox: 3.6323, KD: 0.1626) | Val C-index: 0.6968
Epoch 12/30 | Train Loss: 3.8358 (Cox: 3.6235, KD: 0.2124) | Val C-index: 0.6786
Early stopping at epoch 12
Fold 0 final Val C-index: 0.7221

Extra survival metrics:
cutoff_from_train_median: -1.637391
n_test: 169
n_high_risk: 78
n_low_risk: 91
n_event_test: 65
logrank_stat: 25.566254
logrank_p: 0.000000
auc_36m: 0.764757
auc_60m: 0.723197
mean_auc: 0.757410
HR_high_vs_low: 3.669311
HR_95CI_lower: 2.141229
HR_95CI_upper: 6.287904
cox_p: 0.000002

==================================================
Fold 2/5
==================================================
Loaded teacher from: /home/gly001/cqj/pa_ct_surv/experiments/final_core/seed2024/pact_teacher/checkpoints/fold_1/best_model.pth
[ResNetCox] Loaded pretrained from /home/gly001/cqj/pa_ct_surv/model/ct_pretrain/resnet_18_23dataset.pth
  Missing keys (ok): ['fc.weight', 'fc.bias']
Epoch 1/30 | Train Loss: 4.1948 (Cox: 4.1948, KD: 0.0000) | Val C-index: 0.6549
Epoch 2/30 | Train Loss: 4.0602 (Cox: 4.0602, KD: 0.0000) | Val C-index: 0.6515
Epoch 3/30 | Train Loss: 3.9621 (Cox: 3.9621, KD: 0.0000) | Val C-index: 0.6325
Epoch 4/30 | Train Loss: 3.9398 (Cox: 3.9398, KD: 0.0000) | Val C-index: 0.6601
Epoch 5/30 | Train Loss: 5.2562 (Cox: 3.8906, KD: 1.3656) | Val C-index: 0.6481
Epoch 6/30 | Train Loss: 4.8590 (Cox: 3.9226, KD: 0.9363) | Val C-index: 0.6872
Epoch 7/30 | Train Loss: 4.5478 (Cox: 3.7890, KD: 0.7588) | Val C-index: 0.6866
Epoch 8/30 | Train Loss: 4.5467 (Cox: 3.7950, KD: 0.7518) | Val C-index: 0.6852
Epoch 9/30 | Train Loss: 4.3873 (Cox: 3.6978, KD: 0.6895) | Val C-index: 0.6992
Epoch 10/30 | Train Loss: 4.3537 (Cox: 3.6755, KD: 0.6783) | Val C-index: 0.6680
Epoch 11/30 | Train Loss: 4.2123 (Cox: 3.6106, KD: 0.6017) | Val C-index: 0.5900
Epoch 12/30 | Train Loss: 4.0709 (Cox: 3.4718, KD: 0.5991) | Val C-index: 0.6758
Epoch 13/30 | Train Loss: 3.8726 (Cox: 3.3075, KD: 0.5651) | Val C-index: 0.5990
Epoch 14/30 | Train Loss: 3.9196 (Cox: 3.3621, KD: 0.5574) | Val C-index: 0.6355
Early stopping at epoch 14
Fold 1 final Val C-index: 0.6992

Extra survival metrics:
cutoff_from_train_median: -1.077884
n_test: 169
n_high_risk: 89
n_low_risk: 80
n_event_test: 65
logrank_stat: 19.947555
logrank_p: 0.000008
auc_36m: 0.737208
auc_60m: 0.722310
mean_auc: 0.734168
HR_high_vs_low: 3.237001
HR_95CI_lower: 1.876813
HR_95CI_upper: 5.582963
cox_p: 0.000024

==================================================
Fold 3/5
==================================================
Loaded teacher from: /home/gly001/cqj/pa_ct_surv/experiments/final_core/seed2024/pact_teacher/checkpoints/fold_2/best_model.pth
[ResNetCox] Loaded pretrained from /home/gly001/cqj/pa_ct_surv/model/ct_pretrain/resnet_18_23dataset.pth
  Missing keys (ok): ['fc.weight', 'fc.bias']
Epoch 1/30 | Train Loss: 4.1917 (Cox: 4.1917, KD: 0.0000) | Val C-index: 0.6258
Epoch 2/30 | Train Loss: 4.1906 (Cox: 4.1906, KD: 0.0000) | Val C-index: 0.6315
Epoch 3/30 | Train Loss: 3.9979 (Cox: 3.9979, KD: 0.0000) | Val C-index: 0.6265
Epoch 4/30 | Train Loss: 3.9896 (Cox: 3.9896, KD: 0.0000) | Val C-index: 0.6252
Epoch 5/30 | Train Loss: 4.3538 (Cox: 3.9272, KD: 0.4266) | Val C-index: 0.6262
Epoch 6/30 | Train Loss: 4.1540 (Cox: 3.9283, KD: 0.2257) | Val C-index: 0.6374
Epoch 7/30 | Train Loss: 4.0422 (Cox: 3.8631, KD: 0.1792) | Val C-index: 0.6567
Epoch 8/30 | Train Loss: 4.0369 (Cox: 3.8528, KD: 0.1841) | Val C-index: 0.6842
Epoch 9/30 | Train Loss: 4.0348 (Cox: 3.8716, KD: 0.1632) | Val C-index: 0.6944
Epoch 10/30 | Train Loss: 4.0432 (Cox: 3.8775, KD: 0.1658) | Val C-index: 0.6999
Epoch 11/30 | Train Loss: 3.9421 (Cox: 3.7795, KD: 0.1625) | Val C-index: 0.7119
Epoch 12/30 | Train Loss: 3.8823 (Cox: 3.7225, KD: 0.1599) | Val C-index: 0.6983
Epoch 13/30 | Train Loss: 3.8583 (Cox: 3.7055, KD: 0.1528) | Val C-index: 0.7023
Epoch 14/30 | Train Loss: 3.8458 (Cox: 3.6875, KD: 0.1583) | Val C-index: 0.6760
Epoch 15/30 | Train Loss: 3.7717 (Cox: 3.6127, KD: 0.1590) | Val C-index: 0.7126
Epoch 16/30 | Train Loss: 3.7286 (Cox: 3.5592, KD: 0.1694) | Val C-index: 0.6203
Epoch 17/30 | Train Loss: 3.7449 (Cox: 3.5544, KD: 0.1905) | Val C-index: 0.7057
Epoch 18/30 | Train Loss: 3.6540 (Cox: 3.4985, KD: 0.1555) | Val C-index: 0.6859
Epoch 19/30 | Train Loss: 3.5952 (Cox: 3.3863, KD: 0.2090) | Val C-index: 0.6699
Epoch 20/30 | Train Loss: 3.4623 (Cox: 3.2438, KD: 0.2185) | Val C-index: 0.6345
Early stopping at epoch 20
Fold 2 final Val C-index: 0.7126

Extra survival metrics:
cutoff_from_train_median: -0.645648
n_test: 169
n_high_risk: 94
n_low_risk: 75
n_event_test: 65
logrank_stat: 21.536437
logrank_p: 0.000003
auc_36m: 0.750833
auc_60m: 0.748423
mean_auc: 0.750104
HR_high_vs_low: 3.598173
HR_95CI_lower: 2.018294
HR_95CI_upper: 6.414748
cox_p: 0.000014

==================================================
Fold 4/5
==================================================
Loaded teacher from: /home/gly001/cqj/pa_ct_surv/experiments/final_core/seed2024/pact_teacher/checkpoints/fold_3/best_model.pth
[ResNetCox] Loaded pretrained from /home/gly001/cqj/pa_ct_surv/model/ct_pretrain/resnet_18_23dataset.pth
  Missing keys (ok): ['fc.weight', 'fc.bias']
Epoch 1/30 | Train Loss: 4.1453 (Cox: 4.1453, KD: 0.0000) | Val C-index: 0.6565
Epoch 2/30 | Train Loss: 3.9875 (Cox: 3.9875, KD: 0.0000) | Val C-index: 0.6794
Epoch 3/30 | Train Loss: 3.9231 (Cox: 3.9231, KD: 0.0000) | Val C-index: 0.6728
Epoch 4/30 | Train Loss: 3.8938 (Cox: 3.8938, KD: 0.0000) | Val C-index: 0.6649
Epoch 5/30 | Train Loss: 4.3027 (Cox: 3.9392, KD: 0.3635) | Val C-index: 0.6522
Epoch 6/30 | Train Loss: 4.1842 (Cox: 3.8338, KD: 0.3504) | Val C-index: 0.6592
Epoch 7/30 | Train Loss: 4.1801 (Cox: 3.8063, KD: 0.3738) | Val C-index: 0.6965
Epoch 8/30 | Train Loss: 4.1650 (Cox: 3.8101, KD: 0.3549) | Val C-index: 0.7166
Epoch 9/30 | Train Loss: 4.0231 (Cox: 3.7400, KD: 0.2832) | Val C-index: 0.6855
Epoch 10/30 | Train Loss: 3.9557 (Cox: 3.6742, KD: 0.2815) | Val C-index: 0.6958
Epoch 11/30 | Train Loss: 3.9367 (Cox: 3.6152, KD: 0.3216) | Val C-index: 0.6815
Epoch 12/30 | Train Loss: 3.8271 (Cox: 3.5225, KD: 0.3046) | Val C-index: 0.6995
Epoch 13/30 | Train Loss: 3.8685 (Cox: 3.5801, KD: 0.2884) | Val C-index: 0.7011
Early stopping at epoch 13
Fold 3 final Val C-index: 0.7166

Extra survival metrics:
cutoff_from_train_median: -0.187180
n_test: 168
n_high_risk: 84
n_low_risk: 84
n_event_test: 65
logrank_stat: 22.453514
logrank_p: 0.000002
auc_36m: 0.706304
auc_60m: 0.767693
mean_auc: 0.727694
HR_high_vs_low: 3.452843
HR_95CI_lower: 2.001895
HR_95CI_upper: 5.955422
cox_p: 0.000008

==================================================
Fold 5/5
==================================================
Loaded teacher from: /home/gly001/cqj/pa_ct_surv/experiments/final_core/seed2024/pact_teacher/checkpoints/fold_4/best_model.pth
[ResNetCox] Loaded pretrained from /home/gly001/cqj/pa_ct_surv/model/ct_pretrain/resnet_18_23dataset.pth
  Missing keys (ok): ['fc.weight', 'fc.bias']
Epoch 1/30 | Train Loss: 4.1572 (Cox: 4.1572, KD: 0.0000) | Val C-index: 0.7128
Epoch 2/30 | Train Loss: 3.9742 (Cox: 3.9742, KD: 0.0000) | Val C-index: 0.7049
Epoch 3/30 | Train Loss: 3.9208 (Cox: 3.9208, KD: 0.0000) | Val C-index: 0.7071
Epoch 4/30 | Train Loss: 3.9353 (Cox: 3.9353, KD: 0.0000) | Val C-index: 0.7140
Epoch 5/30 | Train Loss: 4.2530 (Cox: 3.8797, KD: 0.3733) | Val C-index: 0.7246
Epoch 6/30 | Train Loss: 4.1197 (Cox: 3.8542, KD: 0.2655) | Val C-index: 0.7222
Epoch 7/30 | Train Loss: 4.0537 (Cox: 3.8300, KD: 0.2237) | Val C-index: 0.7493
Epoch 8/30 | Train Loss: 3.9897 (Cox: 3.7549, KD: 0.2348) | Val C-index: 0.7472
Epoch 9/30 | Train Loss: 3.9091 (Cox: 3.6767, KD: 0.2324) | Val C-index: 0.7340
Epoch 10/30 | Train Loss: 3.7828 (Cox: 3.5665, KD: 0.2163) | Val C-index: 0.7155
Epoch 11/30 | Train Loss: 3.6556 (Cox: 3.4046, KD: 0.2510) | Val C-index: 0.7130
Epoch 12/30 | Train Loss: 3.7267 (Cox: 3.4644, KD: 0.2624) | Val C-index: 0.7191
Early stopping at epoch 12
Fold 4 final Val C-index: 0.7493

Extra survival metrics:
cutoff_from_train_median: -1.099766
n_test: 168
n_high_risk: 88
n_low_risk: 80
n_event_test: 65
logrank_stat: 35.386887
logrank_p: 0.000000
auc_36m: 0.790270
auc_60m: 0.751329
mean_auc: 0.782634
HR_high_vs_low: 5.469589
HR_95CI_lower: 2.917851
HR_95CI_upper: 10.252888
cox_p: 0.000000

==================================================
5-Fold CV Summary
==================================================
  C-index: 0.7200 +/- 0.0185
