nohup: ignoring input
Using Device: cuda | ROI size: 64
PA model: abmil-cox-topk | Augment: False
CT pretrained: /home/gly001/cqj/pa_ct_surv/model/ct_pretrain/resnet_18_23dataset.pth
Checkpoints: /home/gly001/cqj/pa_ct_surv/experiments/final_core/seed123/pact_teacher/checkpoints
Results:     /home/gly001/cqj/pa_ct_surv/experiments/final_core/seed123/pact_teacher/results
Loaded 843 paired samples

==================================================
Fold 1/5
==================================================
[ResNetCox] Loaded pretrained from /home/gly001/cqj/pa_ct_surv/model/ct_pretrain/resnet_18_23dataset.pth
  Missing keys (ok): ['fc.weight', 'fc.bias']
Epoch 1/30 | Train Loss: 4.1098 | Train C-index: 0.7304 | Val Loss: 4.5799 | Val C-index: 0.7002
Epoch 2/30 | Train Loss: 3.8924 | Train C-index: 0.7331 | Val Loss: 4.6010 | Val C-index: 0.6608
Epoch 3/30 | Train Loss: 3.8459 | Train C-index: 0.7078 | Val Loss: 4.5715 | Val C-index: 0.6364
Epoch 4/30 | Train Loss: 3.7465 | Train C-index: 0.7966 | Val Loss: 4.5116 | Val C-index: 0.7257
Epoch 5/30 | Train Loss: 3.6848 | Train C-index: 0.7558 | Val Loss: 4.5468 | Val C-index: 0.6895
Epoch 6/30 | Train Loss: 3.6246 | Train C-index: 0.8150 | Val Loss: 4.4540 | Val C-index: 0.7422
Epoch 7/30 | Train Loss: 3.5562 | Train C-index: 0.8114 | Val Loss: 4.5671 | Val C-index: 0.7005
Epoch 8/30 | Train Loss: 3.4247 | Train C-index: 0.7891 | Val Loss: 4.7842 | Val C-index: 0.6117
Epoch 9/30 | Train Loss: 3.3520 | Train C-index: 0.8413 | Val Loss: 4.7504 | Val C-index: 0.6901
Epoch 10/30 | Train Loss: 3.2432 | Train C-index: 0.8844 | Val Loss: 5.0884 | Val C-index: 0.7106
Epoch 11/30 | Train Loss: 2.9846 | Train C-index: 0.8986 | Val Loss: 5.6292 | Val C-index: 0.7164
Early stopping at epoch 11
Fold 0 final C-index: 0.7422

Extra survival metrics:
cutoff_from_train_median: -1.620830
n_test: 169
n_high_risk: 96
n_low_risk: 73
n_event_test: 65
logrank_stat: 31.489600
logrank_p: 0.000000
auc_36m: 0.777552
auc_60m: 0.780696
mean_auc: 0.778352
HR_high_vs_low: 5.283084
HR_95CI_lower: 2.758646
HR_95CI_upper: 10.117636
cox_p: 0.000001

==================================================
Fold 2/5
==================================================
[ResNetCox] Loaded pretrained from /home/gly001/cqj/pa_ct_surv/model/ct_pretrain/resnet_18_23dataset.pth
  Missing keys (ok): ['fc.weight', 'fc.bias']
Epoch 1/30 | Train Loss: 4.1552 | Train C-index: 0.6764 | Val Loss: 4.5958 | Val C-index: 0.6378
Epoch 2/30 | Train Loss: 3.8860 | Train C-index: 0.7310 | Val Loss: 4.4990 | Val C-index: 0.6849
Epoch 3/30 | Train Loss: 3.7951 | Train C-index: 0.7584 | Val Loss: 4.4489 | Val C-index: 0.7033
Epoch 4/30 | Train Loss: 3.6548 | Train C-index: 0.8019 | Val Loss: 4.5225 | Val C-index: 0.7331
Epoch 5/30 | Train Loss: 3.5658 | Train C-index: 0.8242 | Val Loss: 4.5908 | Val C-index: 0.7253
Epoch 6/30 | Train Loss: 3.4719 | Train C-index: 0.8433 | Val Loss: 4.6665 | Val C-index: 0.7225
Epoch 7/30 | Train Loss: 3.2390 | Train C-index: 0.8611 | Val Loss: 4.8853 | Val C-index: 0.7099
Epoch 8/30 | Train Loss: 3.1279 | Train C-index: 0.8688 | Val Loss: 5.1246 | Val C-index: 0.6761
Epoch 9/30 | Train Loss: 3.0492 | Train C-index: 0.8699 | Val Loss: 5.2069 | Val C-index: 0.6779
Early stopping at epoch 9
Fold 1 final C-index: 0.7331

Extra survival metrics:
cutoff_from_train_median: -1.368827
n_test: 169
n_high_risk: 83
n_low_risk: 86
n_event_test: 65
logrank_stat: 30.769899
logrank_p: 0.000000
auc_36m: 0.785927
auc_60m: 0.750322
mean_auc: 0.774728
HR_high_vs_low: 4.463538
HR_95CI_lower: 2.500919
HR_95CI_upper: 7.966338
cox_p: 0.000000

==================================================
Fold 3/5
==================================================
[ResNetCox] Loaded pretrained from /home/gly001/cqj/pa_ct_surv/model/ct_pretrain/resnet_18_23dataset.pth
  Missing keys (ok): ['fc.weight', 'fc.bias']
Epoch 1/30 | Train Loss: 3.9969 | Train C-index: 0.6909 | Val Loss: 4.5226 | Val C-index: 0.7217
Epoch 2/30 | Train Loss: 3.9639 | Train C-index: 0.7077 | Val Loss: 4.6693 | Val C-index: 0.6996
Epoch 3/30 | Train Loss: 3.8313 | Train C-index: 0.7620 | Val Loss: 4.4515 | Val C-index: 0.7334
Epoch 4/30 | Train Loss: 3.6812 | Train C-index: 0.7964 | Val Loss: 4.5104 | Val C-index: 0.7248
Epoch 5/30 | Train Loss: 3.5779 | Train C-index: 0.8163 | Val Loss: 4.5562 | Val C-index: 0.7153
Epoch 6/30 | Train Loss: 3.3615 | Train C-index: 0.8336 | Val Loss: 4.6745 | Val C-index: 0.7099
Epoch 7/30 | Train Loss: 3.1722 | Train C-index: 0.8499 | Val Loss: 5.2294 | Val C-index: 0.6932
Epoch 8/30 | Train Loss: 3.2233 | Train C-index: 0.8627 | Val Loss: 4.7501 | Val C-index: 0.7268
Early stopping at epoch 8
Fold 2 final C-index: 0.7334

Extra survival metrics:
cutoff_from_train_median: -0.461422
n_test: 169
n_high_risk: 80
n_low_risk: 89
n_event_test: 65
logrank_stat: 30.320100
logrank_p: 0.000000
auc_36m: 0.790022
auc_60m: 0.735317
mean_auc: 0.775734
HR_high_vs_low: 4.124038
HR_95CI_lower: 2.388975
HR_95CI_upper: 7.119242
cox_p: 0.000000

==================================================
Fold 4/5
==================================================
[ResNetCox] Loaded pretrained from /home/gly001/cqj/pa_ct_surv/model/ct_pretrain/resnet_18_23dataset.pth
  Missing keys (ok): ['fc.weight', 'fc.bias']
Epoch 1/30 | Train Loss: 4.0111 | Train C-index: 0.5980 | Val Loss: 4.5715 | Val C-index: 0.6573
Epoch 2/30 | Train Loss: 3.9368 | Train C-index: 0.7391 | Val Loss: 4.4611 | Val C-index: 0.7093
Epoch 3/30 | Train Loss: 3.7991 | Train C-index: 0.7829 | Val Loss: 4.4225 | Val C-index: 0.7311
Epoch 4/30 | Train Loss: 3.7090 | Train C-index: 0.8026 | Val Loss: 4.4185 | Val C-index: 0.7298
Epoch 5/30 | Train Loss: 3.5435 | Train C-index: 0.8193 | Val Loss: 4.7389 | Val C-index: 0.7159
Epoch 6/30 | Train Loss: 3.4665 | Train C-index: 0.8072 | Val Loss: 4.5347 | Val C-index: 0.7232
Epoch 7/30 | Train Loss: 3.3914 | Train C-index: 0.8684 | Val Loss: 4.9225 | Val C-index: 0.7024
Epoch 8/30 | Train Loss: 3.1589 | Train C-index: 0.8870 | Val Loss: 4.8305 | Val C-index: 0.7195
Early stopping at epoch 8
Fold 3 final C-index: 0.7311

Extra survival metrics:
cutoff_from_train_median: -0.683296
n_test: 168
n_high_risk: 88
n_low_risk: 80
n_event_test: 65
logrank_stat: 40.369323
logrank_p: 0.000000
auc_36m: 0.768794
auc_60m: 0.759076
mean_auc: 0.766513
HR_high_vs_low: 6.021193
HR_95CI_lower: 3.210062
HR_95CI_upper: 11.294100
cox_p: 0.000000

==================================================
Fold 5/5
==================================================
[ResNetCox] Loaded pretrained from /home/gly001/cqj/pa_ct_surv/model/ct_pretrain/resnet_18_23dataset.pth
  Missing keys (ok): ['fc.weight', 'fc.bias']
Epoch 1/30 | Train Loss: 4.1264 | Train C-index: 0.6814 | Val Loss: 4.5694 | Val C-index: 0.6416
Epoch 2/30 | Train Loss: 3.8848 | Train C-index: 0.7453 | Val Loss: 4.5019 | Val C-index: 0.6926
Epoch 3/30 | Train Loss: 3.8343 | Train C-index: 0.7495 | Val Loss: 4.4901 | Val C-index: 0.6919
Epoch 4/30 | Train Loss: 3.7620 | Train C-index: 0.8001 | Val Loss: 4.3671 | Val C-index: 0.7523
Epoch 5/30 | Train Loss: 3.6215 | Train C-index: 0.8187 | Val Loss: 4.4132 | Val C-index: 0.7572
Epoch 6/30 | Train Loss: 3.5211 | Train C-index: 0.8165 | Val Loss: 4.4331 | Val C-index: 0.7282
Epoch 7/30 | Train Loss: 3.3288 | Train C-index: 0.8442 | Val Loss: 4.7674 | Val C-index: 0.7263
Epoch 8/30 | Train Loss: 3.3873 | Train C-index: 0.8520 | Val Loss: 4.4868 | Val C-index: 0.7330
Epoch 9/30 | Train Loss: 3.3078 | Train C-index: 0.8759 | Val Loss: 4.8262 | Val C-index: 0.7326
Epoch 10/30 | Train Loss: 3.0953 | Train C-index: 0.8954 | Val Loss: 5.0160 | Val C-index: 0.7419
Early stopping at epoch 10
Fold 4 final C-index: 0.7572

Extra survival metrics:
cutoff_from_train_median: -0.616501
n_test: 168
n_high_risk: 85
n_low_risk: 83
n_event_test: 65
logrank_stat: 34.675756
logrank_p: 0.000000
auc_36m: 0.815681
auc_60m: 0.766119
mean_auc: 0.806710
HR_high_vs_low: 5.005503
HR_95CI_lower: 2.763897
HR_95CI_upper: 9.065122
cox_p: 0.000000

==================================================
5-Fold CV Summary
==================================================
  C-index: 0.7394 +/- 0.0108
