nohup: ignoring input
Teacher:   /home/gly001/cqj/pa_ct_surv/experiments/final_core/seed42/pact_teacher/checkpoints
Distill:   mse | alpha=0.3 | T=2.0 | start_KD=5
Augment:   True | batch_size=16 | cox_batch_size=16
Checkpoints: /home/gly001/cqj/pa_ct_surv/experiments/final_core_v4/seed42/ct_student_distill_mse_a03_crd01_lr5e-5/checkpoints
Results:     /home/gly001/cqj/pa_ct_surv/experiments/final_core_v4/seed42/ct_student_distill_mse_a03_crd01_lr5e-5/results
Loaded 843 paired samples

==================================================
Fold 1/5
==================================================
Loaded teacher from: /home/gly001/cqj/pa_ct_surv/experiments/final_core/seed42/pact_teacher/checkpoints/fold_0/best_model.pth
[ResNetCox] Loaded pretrained from /home/gly001/cqj/pa_ct_surv/model/ct_pretrain/resnet_18_23dataset.pth
  Missing keys (ok): ['fc.weight', 'fc.bias']
[ResNetCox] Loaded pretrained from /home/gly001/cqj/pa_ct_surv/model/ct_pretrain/resnet_18_23dataset.pth
  Missing keys (ok): ['fc.weight', 'fc.bias']
Epoch 1/30 | Train Loss: 2.3270 (Cox: 2.3270, KD: 0.0000) | Val C-index: 0.6697
Epoch 2/30 | Train Loss: 2.2255 (Cox: 2.2255, KD: 0.0000) | Val C-index: 0.6964
Epoch 3/30 | Train Loss: 2.2006 (Cox: 2.2006, KD: 0.0000) | Val C-index: 0.7185
Epoch 4/30 | Train Loss: 2.1555 (Cox: 2.1555, KD: 0.0000) | Val C-index: 0.6805
normalization constant Z_v1 is set to 5262646784.0
normalization constant Z_v2 is set to 1417159424.0
normalization constant Z_v1 is set to 7261417984.0
normalization constant Z_v2 is set to 10798331904.0
Epoch 5/30 | Train Loss: 5.8322 (Cox: 2.0976, KD: 3.7346) | Val C-index: 0.7155
Epoch 6/30 | Train Loss: 3.1922 (Cox: 2.0750, KD: 1.1172) | Val C-index: 0.7095
Epoch 7/30 | Train Loss: 2.3936 (Cox: 2.0550, KD: 0.3385) | Val C-index: 0.7198
Epoch 8/30 | Train Loss: 2.3923 (Cox: 2.0688, KD: 0.3235) | Val C-index: 0.7128
Epoch 9/30 | Train Loss: 2.3867 (Cox: 2.0873, KD: 0.2994) | Val C-index: 0.7184
Epoch 10/30 | Train Loss: 2.3192 (Cox: 2.0114, KD: 0.3078) | Val C-index: 0.7145
Epoch 11/30 | Train Loss: 2.3675 (Cox: 2.0500, KD: 0.3176) | Val C-index: 0.6985
Epoch 12/30 | Train Loss: 2.3860 (Cox: 2.0799, KD: 0.3061) | Val C-index: 0.7059
Epoch 13/30 | Train Loss: 2.3264 (Cox: 2.0436, KD: 0.2828) | Val C-index: 0.6870
Epoch 14/30 | Train Loss: 2.2636 (Cox: 1.9968, KD: 0.2668) | Val C-index: 0.6768
Epoch 15/30 | Train Loss: 2.2471 (Cox: 1.9834, KD: 0.2637) | Val C-index: 0.7061
Epoch 16/30 | Train Loss: 2.2509 (Cox: 1.9728, KD: 0.2782) | Val C-index: 0.6993
Epoch 17/30 | Train Loss: 2.2979 (Cox: 2.0244, KD: 0.2736) | Val C-index: 0.7124
Epoch 18/30 | Train Loss: 2.2136 (Cox: 1.9541, KD: 0.2595) | Val C-index: 0.6992
Epoch 19/30 | Train Loss: 2.1814 (Cox: 1.9154, KD: 0.2661) | Val C-index: 0.6906
Epoch 20/30 | Train Loss: 2.0767 (Cox: 1.8515, KD: 0.2252) | Val C-index: 0.6662
Epoch 21/30 | Train Loss: 2.1393 (Cox: 1.8740, KD: 0.2653) | Val C-index: 0.7055
Epoch 22/30 | Train Loss: 2.1587 (Cox: 1.8872, KD: 0.2716) | Val C-index: 0.6605
Early stopping at epoch 22
Fold 0 final Val C-index: 0.7198

Extra survival metrics:
cutoff_from_train_median: -0.811328
n_test: 169
n_high_risk: 90
n_low_risk: 79
n_event_test: 65
logrank_stat: 21.346814
logrank_p: 0.000004
auc_36m: 0.756174
auc_60m: 0.716714
mean_auc: 0.745023
HR_high_vs_low: 3.683899
HR_95CI_lower: 2.036511
HR_95CI_upper: 6.663902
cox_p: 0.000016

==================================================
Fold 2/5
==================================================
Loaded teacher from: /home/gly001/cqj/pa_ct_surv/experiments/final_core/seed42/pact_teacher/checkpoints/fold_1/best_model.pth
[ResNetCox] Loaded pretrained from /home/gly001/cqj/pa_ct_surv/model/ct_pretrain/resnet_18_23dataset.pth
  Missing keys (ok): ['fc.weight', 'fc.bias']
[ResNetCox] Loaded pretrained from /home/gly001/cqj/pa_ct_surv/model/ct_pretrain/resnet_18_23dataset.pth
  Missing keys (ok): ['fc.weight', 'fc.bias']
Epoch 1/30 | Train Loss: 2.2604 (Cox: 2.2604, KD: 0.0000) | Val C-index: 0.6883
Epoch 2/30 | Train Loss: 2.2000 (Cox: 2.2000, KD: 0.0000) | Val C-index: 0.7132
Epoch 3/30 | Train Loss: 2.0820 (Cox: 2.0820, KD: 0.0000) | Val C-index: 0.7156
Epoch 4/30 | Train Loss: 2.1141 (Cox: 2.1141, KD: 0.0000) | Val C-index: 0.7133
normalization constant Z_v1 is set to 12677426176.0
normalization constant Z_v2 is set to 3937759.5
normalization constant Z_v1 is set to 2226627328.0
normalization constant Z_v2 is set to 2606211072.0
Epoch 5/30 | Train Loss: 5.5713 (Cox: 2.0723, KD: 3.4990) | Val C-index: 0.7236
Epoch 6/30 | Train Loss: 3.3281 (Cox: 2.0520, KD: 1.2761) | Val C-index: 0.7196
Epoch 7/30 | Train Loss: 2.8223 (Cox: 2.0492, KD: 0.7731) | Val C-index: 0.7298
Epoch 8/30 | Train Loss: 2.8243 (Cox: 2.1030, KD: 0.7214) | Val C-index: 0.7326
Epoch 9/30 | Train Loss: 2.5452 (Cox: 1.9839, KD: 0.5613) | Val C-index: 0.7328
Epoch 10/30 | Train Loss: 2.6790 (Cox: 1.9887, KD: 0.6903) | Val C-index: 0.7306
Epoch 11/30 | Train Loss: 2.6951 (Cox: 1.9885, KD: 0.7066) | Val C-index: 0.7399
Epoch 12/30 | Train Loss: 2.5802 (Cox: 2.0175, KD: 0.5626) | Val C-index: 0.7331
Epoch 13/30 | Train Loss: 2.6867 (Cox: 1.9662, KD: 0.7204) | Val C-index: 0.7280
Epoch 14/30 | Train Loss: 2.2850 (Cox: 1.9190, KD: 0.3660) | Val C-index: 0.7325
Epoch 15/30 | Train Loss: 2.3635 (Cox: 1.9172, KD: 0.4462) | Val C-index: 0.7281
Epoch 16/30 | Train Loss: 2.5333 (Cox: 1.9261, KD: 0.6072) | Val C-index: 0.7164
Epoch 17/30 | Train Loss: 2.2251 (Cox: 1.8676, KD: 0.3575) | Val C-index: 0.7278
Epoch 18/30 | Train Loss: 2.1396 (Cox: 1.8357, KD: 0.3040) | Val C-index: 0.7157
Epoch 19/30 | Train Loss: 2.0815 (Cox: 1.7764, KD: 0.3051) | Val C-index: 0.7278
Epoch 20/30 | Train Loss: 2.1538 (Cox: 1.8573, KD: 0.2965) | Val C-index: 0.7072
Epoch 21/30 | Train Loss: 2.0689 (Cox: 1.7772, KD: 0.2917) | Val C-index: 0.7274
Epoch 22/30 | Train Loss: 2.0547 (Cox: 1.7651, KD: 0.2896) | Val C-index: 0.7134
Epoch 23/30 | Train Loss: 2.0588 (Cox: 1.7453, KD: 0.3136) | Val C-index: 0.7014
Epoch 24/30 | Train Loss: 1.9249 (Cox: 1.6811, KD: 0.2438) | Val C-index: 0.6910
Epoch 25/30 | Train Loss: 1.8998 (Cox: 1.5942, KD: 0.3057) | Val C-index: 0.7105
Epoch 26/30 | Train Loss: 1.8536 (Cox: 1.5970, KD: 0.2566) | Val C-index: 0.7091
Early stopping at epoch 26
Fold 1 final Val C-index: 0.7399

Extra survival metrics:
cutoff_from_train_median: -0.046903
n_test: 169
n_high_risk: 83
n_low_risk: 86
n_event_test: 65
logrank_stat: 22.324421
logrank_p: 0.000002
auc_36m: 0.766197
auc_60m: 0.729187
mean_auc: 0.757171
HR_high_vs_low: 3.447585
HR_95CI_lower: 1.996306
HR_95CI_upper: 5.953918
cox_p: 0.000009

==================================================
Fold 3/5
==================================================
Loaded teacher from: /home/gly001/cqj/pa_ct_surv/experiments/final_core/seed42/pact_teacher/checkpoints/fold_2/best_model.pth
[ResNetCox] Loaded pretrained from /home/gly001/cqj/pa_ct_surv/model/ct_pretrain/resnet_18_23dataset.pth
  Missing keys (ok): ['fc.weight', 'fc.bias']
[ResNetCox] Loaded pretrained from /home/gly001/cqj/pa_ct_surv/model/ct_pretrain/resnet_18_23dataset.pth
  Missing keys (ok): ['fc.weight', 'fc.bias']
Epoch 1/30 | Train Loss: 2.2080 (Cox: 2.2080, KD: 0.0000) | Val C-index: 0.6781
Epoch 2/30 | Train Loss: 2.0912 (Cox: 2.0912, KD: 0.0000) | Val C-index: 0.7043
Epoch 3/30 | Train Loss: 2.0683 (Cox: 2.0683, KD: 0.0000) | Val C-index: 0.6902
Epoch 4/30 | Train Loss: 2.1037 (Cox: 2.1037, KD: 0.0000) | Val C-index: 0.6827
normalization constant Z_v1 is set to 7687216128.0
normalization constant Z_v2 is set to 1888674176.0
normalization constant Z_v1 is set to 9603640320.0
normalization constant Z_v2 is set to 6537755648.0
Epoch 5/30 | Train Loss: 5.7587 (Cox: 2.0666, KD: 3.6921) | Val C-index: 0.7168
Epoch 6/30 | Train Loss: 4.6380 (Cox: 2.1013, KD: 2.5368) | Val C-index: 0.7167
Epoch 7/30 | Train Loss: 4.5798 (Cox: 2.0765, KD: 2.5033) | Val C-index: 0.7203
Epoch 8/30 | Train Loss: 4.2695 (Cox: 1.9987, KD: 2.2708) | Val C-index: 0.7170
Epoch 9/30 | Train Loss: 3.6095 (Cox: 2.0835, KD: 1.5260) | Val C-index: 0.6993
Epoch 10/30 | Train Loss: 2.5656 (Cox: 2.0270, KD: 0.5387) | Val C-index: 0.7152
Epoch 11/30 | Train Loss: 2.5608 (Cox: 2.0683, KD: 0.4925) | Val C-index: 0.7102
Epoch 12/30 | Train Loss: 2.4743 (Cox: 2.0042, KD: 0.4701) | Val C-index: 0.6935
Epoch 13/30 | Train Loss: 2.3725 (Cox: 1.9093, KD: 0.4632) | Val C-index: 0.7211
Epoch 14/30 | Train Loss: 2.3743 (Cox: 1.9455, KD: 0.4288) | Val C-index: 0.7179
Epoch 15/30 | Train Loss: 2.4810 (Cox: 2.0256, KD: 0.4554) | Val C-index: 0.6944
Epoch 16/30 | Train Loss: 2.4579 (Cox: 1.9858, KD: 0.4721) | Val C-index: 0.6947
Epoch 17/30 | Train Loss: 2.2389 (Cox: 1.8648, KD: 0.3741) | Val C-index: 0.7092
Epoch 18/30 | Train Loss: 2.3745 (Cox: 1.9209, KD: 0.4536) | Val C-index: 0.7065
Epoch 19/30 | Train Loss: 2.3584 (Cox: 1.9343, KD: 0.4241) | Val C-index: 0.6982
Epoch 20/30 | Train Loss: 2.1712 (Cox: 1.7879, KD: 0.3832) | Val C-index: 0.7099
Epoch 21/30 | Train Loss: 2.2545 (Cox: 1.8445, KD: 0.4100) | Val C-index: 0.6994
Epoch 22/30 | Train Loss: 2.1935 (Cox: 1.8056, KD: 0.3878) | Val C-index: 0.7081
Epoch 23/30 | Train Loss: 2.0323 (Cox: 1.6885, KD: 0.3439) | Val C-index: 0.6794
Epoch 24/30 | Train Loss: 1.9844 (Cox: 1.6398, KD: 0.3446) | Val C-index: 0.6999
Epoch 25/30 | Train Loss: 2.2023 (Cox: 1.7316, KD: 0.4708) | Val C-index: 0.6621
Epoch 26/30 | Train Loss: 2.0104 (Cox: 1.6483, KD: 0.3620) | Val C-index: 0.6703
Epoch 27/30 | Train Loss: 1.9419 (Cox: 1.5991, KD: 0.3428) | Val C-index: 0.6574
Epoch 28/30 | Train Loss: 2.0421 (Cox: 1.6601, KD: 0.3819) | Val C-index: 0.6847
Early stopping at epoch 28
Fold 2 final Val C-index: 0.7211

Extra survival metrics:
cutoff_from_train_median: -1.426397
n_test: 169
n_high_risk: 97
n_low_risk: 72
n_event_test: 65
logrank_stat: 22.465970
logrank_p: 0.000002
auc_36m: 0.777162
auc_60m: 0.720720
mean_auc: 0.766026
HR_high_vs_low: 3.934907
HR_95CI_lower: 2.135832
HR_95CI_upper: 7.249397
cox_p: 0.000011

==================================================
Fold 4/5
==================================================
Loaded teacher from: /home/gly001/cqj/pa_ct_surv/experiments/final_core/seed42/pact_teacher/checkpoints/fold_3/best_model.pth
[ResNetCox] Loaded pretrained from /home/gly001/cqj/pa_ct_surv/model/ct_pretrain/resnet_18_23dataset.pth
  Missing keys (ok): ['fc.weight', 'fc.bias']
[ResNetCox] Loaded pretrained from /home/gly001/cqj/pa_ct_surv/model/ct_pretrain/resnet_18_23dataset.pth
  Missing keys (ok): ['fc.weight', 'fc.bias']
Epoch 1/30 | Train Loss: 2.2608 (Cox: 2.2608, KD: 0.0000) | Val C-index: 0.7161
Epoch 2/30 | Train Loss: 2.1632 (Cox: 2.1632, KD: 0.0000) | Val C-index: 0.7284
Epoch 3/30 | Train Loss: 2.1624 (Cox: 2.1624, KD: 0.0000) | Val C-index: 0.7351
Epoch 4/30 | Train Loss: 2.0877 (Cox: 2.0877, KD: 0.0000) | Val C-index: 0.7297
normalization constant Z_v1 is set to 12340921344.0
normalization constant Z_v2 is set to 5196948992.0
normalization constant Z_v1 is set to 8025953280.0
normalization constant Z_v2 is set to 7998084608.0
Epoch 5/30 | Train Loss: 5.1804 (Cox: 2.1044, KD: 3.0760) | Val C-index: 0.7227
Epoch 6/30 | Train Loss: 3.6236 (Cox: 2.0727, KD: 1.5509) | Val C-index: 0.7385
Epoch 7/30 | Train Loss: 2.4462 (Cox: 2.1037, KD: 0.3426) | Val C-index: 0.7388
Epoch 8/30 | Train Loss: 2.3462 (Cox: 2.0108, KD: 0.3353) | Val C-index: 0.7260
Epoch 9/30 | Train Loss: 2.3258 (Cox: 2.0039, KD: 0.3218) | Val C-index: 0.7312
Epoch 10/30 | Train Loss: 2.3488 (Cox: 2.0299, KD: 0.3188) | Val C-index: 0.7244
Epoch 11/30 | Train Loss: 2.2668 (Cox: 1.9652, KD: 0.3015) | Val C-index: 0.7153
Epoch 12/30 | Train Loss: 2.3057 (Cox: 1.9812, KD: 0.3245) | Val C-index: 0.7318
Epoch 13/30 | Train Loss: 2.2704 (Cox: 1.9963, KD: 0.2741) | Val C-index: 0.6781
Epoch 14/30 | Train Loss: 2.2187 (Cox: 1.9324, KD: 0.2864) | Val C-index: 0.7117
Epoch 15/30 | Train Loss: 2.1900 (Cox: 1.9339, KD: 0.2561) | Val C-index: 0.7046
Epoch 16/30 | Train Loss: 2.2078 (Cox: 1.8981, KD: 0.3097) | Val C-index: 0.7141
Epoch 17/30 | Train Loss: 2.1444 (Cox: 1.8856, KD: 0.2587) | Val C-index: 0.6916
Epoch 18/30 | Train Loss: 2.1867 (Cox: 1.9056, KD: 0.2811) | Val C-index: 0.7218
Epoch 19/30 | Train Loss: 2.1621 (Cox: 1.9109, KD: 0.2512) | Val C-index: 0.7065
Epoch 20/30 | Train Loss: 2.1274 (Cox: 1.8282, KD: 0.2992) | Val C-index: 0.6700
Epoch 21/30 | Train Loss: 2.0206 (Cox: 1.7531, KD: 0.2675) | Val C-index: 0.6554
Epoch 22/30 | Train Loss: 2.0380 (Cox: 1.7438, KD: 0.2942) | Val C-index: 0.7078
Early stopping at epoch 22
Fold 3 final Val C-index: 0.7388

Extra survival metrics:
cutoff_from_train_median: -0.809005
n_test: 168
n_high_risk: 87
n_low_risk: 81
n_event_test: 65
logrank_stat: 39.187013
logrank_p: 0.000000
auc_36m: 0.764177
auc_60m: 0.838296
mean_auc: 0.784106
HR_high_vs_low: 5.522838
HR_95CI_lower: 3.038791
HR_95CI_upper: 10.037458
cox_p: 0.000000

==================================================
Fold 5/5
==================================================
Loaded teacher from: /home/gly001/cqj/pa_ct_surv/experiments/final_core/seed42/pact_teacher/checkpoints/fold_4/best_model.pth
[ResNetCox] Loaded pretrained from /home/gly001/cqj/pa_ct_surv/model/ct_pretrain/resnet_18_23dataset.pth
  Missing keys (ok): ['fc.weight', 'fc.bias']
[ResNetCox] Loaded pretrained from /home/gly001/cqj/pa_ct_surv/model/ct_pretrain/resnet_18_23dataset.pth
  Missing keys (ok): ['fc.weight', 'fc.bias']
Epoch 1/30 | Train Loss: 2.2490 (Cox: 2.2490, KD: 0.0000) | Val C-index: 0.6465
Epoch 2/30 | Train Loss: 2.2096 (Cox: 2.2096, KD: 0.0000) | Val C-index: 0.7163
Epoch 3/30 | Train Loss: 2.1872 (Cox: 2.1872, KD: 0.0000) | Val C-index: 0.7344
Epoch 4/30 | Train Loss: 2.1713 (Cox: 2.1713, KD: 0.0000) | Val C-index: 0.7233
normalization constant Z_v1 is set to 5838575616.0
normalization constant Z_v2 is set to 15166084096.0
normalization constant Z_v1 is set to 9072598016.0
normalization constant Z_v2 is set to 4255642368.0
Epoch 5/30 | Train Loss: 6.1311 (Cox: 2.1249, KD: 4.0062) | Val C-index: 0.7377
Epoch 6/30 | Train Loss: 4.3320 (Cox: 2.0627, KD: 2.2693) | Val C-index: 0.7215
Epoch 7/30 | Train Loss: 2.4822 (Cox: 2.0619, KD: 0.4203) | Val C-index: 0.7311
Epoch 8/30 | Train Loss: 2.5650 (Cox: 2.1471, KD: 0.4180) | Val C-index: 0.7402
Epoch 9/30 | Train Loss: 2.3358 (Cox: 1.9853, KD: 0.3506) | Val C-index: 0.7348
Epoch 10/30 | Train Loss: 2.4231 (Cox: 2.0476, KD: 0.3756) | Val C-index: 0.7251
Epoch 11/30 | Train Loss: 2.4336 (Cox: 2.0542, KD: 0.3793) | Val C-index: 0.7311
Epoch 12/30 | Train Loss: 2.3245 (Cox: 1.9959, KD: 0.3286) | Val C-index: 0.7321
Epoch 13/30 | Train Loss: 2.3700 (Cox: 2.0084, KD: 0.3616) | Val C-index: 0.7341
Epoch 14/30 | Train Loss: 2.3298 (Cox: 1.9963, KD: 0.3334) | Val C-index: 0.7132
Epoch 15/30 | Train Loss: 2.3365 (Cox: 1.9886, KD: 0.3479) | Val C-index: 0.6964
Epoch 16/30 | Train Loss: 2.2411 (Cox: 1.9368, KD: 0.3043) | Val C-index: 0.7112
Epoch 17/30 | Train Loss: 2.0790 (Cox: 1.8065, KD: 0.2725) | Val C-index: 0.6970
Epoch 18/30 | Train Loss: 2.1538 (Cox: 1.8501, KD: 0.3036) | Val C-index: 0.6997
Epoch 19/30 | Train Loss: 2.2680 (Cox: 1.9281, KD: 0.3399) | Val C-index: 0.7115
Epoch 20/30 | Train Loss: 2.1887 (Cox: 1.8929, KD: 0.2958) | Val C-index: 0.6980
Epoch 21/30 | Train Loss: 2.0505 (Cox: 1.7608, KD: 0.2897) | Val C-index: 0.7090
Epoch 22/30 | Train Loss: 2.0625 (Cox: 1.7538, KD: 0.3086) | Val C-index: 0.7188
Epoch 23/30 | Train Loss: 2.0268 (Cox: 1.7432, KD: 0.2836) | Val C-index: 0.7034
Early stopping at epoch 23
Fold 4 final Val C-index: 0.7402

Extra survival metrics:
cutoff_from_train_median: -0.672131
n_test: 168
n_high_risk: 74
n_low_risk: 94
n_event_test: 65
logrank_stat: 30.548104
logrank_p: 0.000000
auc_36m: 0.787847
auc_60m: 0.778309
mean_auc: 0.785377
HR_high_vs_low: 3.880731
HR_95CI_lower: 2.312939
HR_95CI_upper: 6.511227
cox_p: 0.000000

==================================================
5-Fold CV Summary
==================================================
  C-index: 0.7320 +/- 0.0106
