nohup: ignoring input
Teacher:   /home/gly001/cqj/pa_ct_surv/experiments/final_core_v13/seed42/pact_teacher_aug_lr1e-3/checkpoints
Distill:   Cox + alpha*MSE(student_risk, teacher_fused_risk) | alpha=0.3 | start_KD=1
Augment:   True | batch_size=128 | cox_batch_size=128
Checkpoints: /home/gly001/cqj/pa_ct_surv/experiments/final_core_v15/seed42/ct_student_survrisk_mse_a03_bs128_aug_teacherv13_startkd1/checkpoints
Results:     /home/gly001/cqj/pa_ct_surv/experiments/final_core_v15/seed42/ct_student_survrisk_mse_a03_bs128_aug_teacherv13_startkd1/results
Loaded 843 paired samples

==================================================
Fold 1/5
==================================================
Loaded teacher from: /home/gly001/cqj/pa_ct_surv/experiments/final_core_v13/seed42/pact_teacher_aug_lr1e-3/checkpoints/fold_0/best_model.pth
[ResNetCox] Loaded pretrained from /home/gly001/cqj/pa_ct_surv/model/ct_pretrain/resnet_18_23dataset.pth
  Missing keys (ok): ['fc.weight', 'fc.bias']
Epoch 1/30 | Train Loss: 4.7824 (Cox: 4.2343, KD: 0.5481) | Val C-index: 0.6663
Epoch 2/30 | Train Loss: 4.4369 (Cox: 4.0741, KD: 0.3628) | Val C-index: 0.6936
Epoch 3/30 | Train Loss: 4.2682 (Cox: 3.9818, KD: 0.2864) | Val C-index: 0.6971
Epoch 4/30 | Train Loss: 4.3079 (Cox: 4.0108, KD: 0.2971) | Val C-index: 0.6903
Epoch 5/30 | Train Loss: 4.2754 (Cox: 3.9751, KD: 0.3003) | Val C-index: 0.6842
Epoch 6/30 | Train Loss: 4.2271 (Cox: 3.9464, KD: 0.2807) | Val C-index: 0.6945
Epoch 7/30 | Train Loss: 4.2053 (Cox: 3.9480, KD: 0.2574) | Val C-index: 0.6956
Epoch 8/30 | Train Loss: 4.2767 (Cox: 4.0199, KD: 0.2569) | Val C-index: 0.7134
Epoch 9/30 | Train Loss: 4.2564 (Cox: 3.9850, KD: 0.2714) | Val C-index: 0.7240
Epoch 10/30 | Train Loss: 4.1428 (Cox: 3.9151, KD: 0.2277) | Val C-index: 0.7317
Epoch 11/30 | Train Loss: 4.1202 (Cox: 3.8708, KD: 0.2493) | Val C-index: 0.7140
Epoch 12/30 | Train Loss: 4.0140 (Cox: 3.7943, KD: 0.2198) | Val C-index: 0.7181
Epoch 13/30 | Train Loss: 4.1582 (Cox: 3.9006, KD: 0.2576) | Val C-index: 0.7287
Epoch 14/30 | Train Loss: 4.0939 (Cox: 3.8717, KD: 0.2223) | Val C-index: 0.7097
Epoch 15/30 | Train Loss: 4.0068 (Cox: 3.7708, KD: 0.2359) | Val C-index: 0.7063
Early stopping at epoch 15
Fold 0 final Val C-index: 0.7317

Extra survival metrics:
cutoff_from_train_median: -0.737388
n_test: 169
n_high_risk: 99
n_low_risk: 70
n_event_test: 65
logrank_stat: 26.230985
logrank_p: 0.000000
auc_36m: 0.778121
auc_60m: 0.729408
mean_auc: 0.764356
HR_high_vs_low: 5.226755
HR_95CI_lower: 2.580199
HR_95CI_upper: 10.587932
cox_p: 0.000004

==================================================
Fold 2/5
==================================================
Loaded teacher from: /home/gly001/cqj/pa_ct_surv/experiments/final_core_v13/seed42/pact_teacher_aug_lr1e-3/checkpoints/fold_1/best_model.pth
[ResNetCox] Loaded pretrained from /home/gly001/cqj/pa_ct_surv/model/ct_pretrain/resnet_18_23dataset.pth
  Missing keys (ok): ['fc.weight', 'fc.bias']
Epoch 1/30 | Train Loss: 5.0825 (Cox: 4.1051, KD: 0.9774) | Val C-index: 0.6731
Epoch 2/30 | Train Loss: 4.6714 (Cox: 4.0215, KD: 0.6499) | Val C-index: 0.6229
Epoch 3/30 | Train Loss: 4.6063 (Cox: 4.0006, KD: 0.6057) | Val C-index: 0.6125
Epoch 4/30 | Train Loss: 4.4803 (Cox: 3.9135, KD: 0.5668) | Val C-index: 0.5755
Epoch 5/30 | Train Loss: 4.4951 (Cox: 3.9300, KD: 0.5651) | Val C-index: 0.5830
Epoch 6/30 | Train Loss: 4.3705 (Cox: 3.8603, KD: 0.5103) | Val C-index: 0.5892
Early stopping at epoch 6
Fold 1 final Val C-index: 0.6731

Extra survival metrics:
cutoff_from_train_median: -1.056121
n_test: 169
n_high_risk: 93
n_low_risk: 76
n_event_test: 65
logrank_stat: 13.287020
logrank_p: 0.000267
auc_36m: 0.686745
auc_60m: 0.661731
mean_auc: 0.680645
HR_high_vs_low: 2.653612
HR_95CI_lower: 1.537381
HR_95CI_upper: 4.580293
cox_p: 0.000458

==================================================
Fold 3/5
==================================================
Loaded teacher from: /home/gly001/cqj/pa_ct_surv/experiments/final_core_v13/seed42/pact_teacher_aug_lr1e-3/checkpoints/fold_2/best_model.pth
[ResNetCox] Loaded pretrained from /home/gly001/cqj/pa_ct_surv/model/ct_pretrain/resnet_18_23dataset.pth
  Missing keys (ok): ['fc.weight', 'fc.bias']
Epoch 1/30 | Train Loss: 5.2013 (Cox: 4.1872, KD: 1.0141) | Val C-index: 0.6769
Epoch 2/30 | Train Loss: 4.5997 (Cox: 4.0303, KD: 0.5695) | Val C-index: 0.6421
Epoch 3/30 | Train Loss: 4.6001 (Cox: 4.0066, KD: 0.5935) | Val C-index: 0.6584
Epoch 4/30 | Train Loss: 4.5245 (Cox: 3.9381, KD: 0.5864) | Val C-index: 0.6629
Epoch 5/30 | Train Loss: 4.4728 (Cox: 3.9423, KD: 0.5305) | Val C-index: 0.6921
Epoch 6/30 | Train Loss: 4.4749 (Cox: 3.9545, KD: 0.5203) | Val C-index: 0.7015
Epoch 7/30 | Train Loss: 4.3730 (Cox: 3.8721, KD: 0.5010) | Val C-index: 0.6841
Epoch 8/30 | Train Loss: 4.3910 (Cox: 3.8983, KD: 0.4927) | Val C-index: 0.7082
Epoch 9/30 | Train Loss: 4.3035 (Cox: 3.8493, KD: 0.4542) | Val C-index: 0.7158
Epoch 10/30 | Train Loss: 4.3974 (Cox: 3.9135, KD: 0.4839) | Val C-index: 0.6995
Epoch 11/30 | Train Loss: 4.3702 (Cox: 3.8714, KD: 0.4988) | Val C-index: 0.7125
Epoch 12/30 | Train Loss: 4.3450 (Cox: 3.8873, KD: 0.4577) | Val C-index: 0.7060
Epoch 13/30 | Train Loss: 4.3881 (Cox: 3.8871, KD: 0.5010) | Val C-index: 0.7069
Epoch 14/30 | Train Loss: 4.2521 (Cox: 3.7834, KD: 0.4687) | Val C-index: 0.7140
Early stopping at epoch 14
Fold 2 final Val C-index: 0.7158

Extra survival metrics:
cutoff_from_train_median: -1.963135
n_test: 169
n_high_risk: 96
n_low_risk: 73
n_event_test: 65
logrank_stat: 26.566852
logrank_p: 0.000000
auc_36m: 0.776630
auc_60m: 0.717340
mean_auc: 0.764932
HR_high_vs_low: 4.533743
HR_95CI_lower: 2.414809
HR_95CI_upper: 8.511989
cox_p: 0.000003

==================================================
Fold 4/5
==================================================
Loaded teacher from: /home/gly001/cqj/pa_ct_surv/experiments/final_core_v13/seed42/pact_teacher_aug_lr1e-3/checkpoints/fold_3/best_model.pth
[ResNetCox] Loaded pretrained from /home/gly001/cqj/pa_ct_surv/model/ct_pretrain/resnet_18_23dataset.pth
  Missing keys (ok): ['fc.weight', 'fc.bias']
Epoch 1/30 | Train Loss: 4.8788 (Cox: 4.1645, KD: 0.7143) | Val C-index: 0.6601
Epoch 2/30 | Train Loss: 4.4937 (Cox: 4.0332, KD: 0.4605) | Val C-index: 0.6989
Epoch 3/30 | Train Loss: 4.4296 (Cox: 4.0095, KD: 0.4201) | Val C-index: 0.6745
Epoch 4/30 | Train Loss: 4.4091 (Cox: 4.0013, KD: 0.4078) | Val C-index: 0.6992
Epoch 5/30 | Train Loss: 4.4134 (Cox: 4.0155, KD: 0.3979) | Val C-index: 0.7164
Epoch 6/30 | Train Loss: 4.2971 (Cox: 3.8993, KD: 0.3978) | Val C-index: 0.7212
Epoch 7/30 | Train Loss: 4.2542 (Cox: 3.8770, KD: 0.3772) | Val C-index: 0.7155
Epoch 8/30 | Train Loss: 4.2414 (Cox: 3.8823, KD: 0.3591) | Val C-index: 0.7181
Epoch 9/30 | Train Loss: 4.2765 (Cox: 3.9184, KD: 0.3581) | Val C-index: 0.7325
Epoch 10/30 | Train Loss: 4.1996 (Cox: 3.8408, KD: 0.3588) | Val C-index: 0.7427
Epoch 11/30 | Train Loss: 4.1925 (Cox: 3.8416, KD: 0.3508) | Val C-index: 0.7407
Epoch 12/30 | Train Loss: 4.3161 (Cox: 3.9107, KD: 0.4054) | Val C-index: 0.7570
Epoch 13/30 | Train Loss: 4.1375 (Cox: 3.8229, KD: 0.3146) | Val C-index: 0.7245
Epoch 14/30 | Train Loss: 4.1061 (Cox: 3.7907, KD: 0.3154) | Val C-index: 0.7190
Epoch 15/30 | Train Loss: 4.1324 (Cox: 3.8112, KD: 0.3213) | Val C-index: 0.7342
Epoch 16/30 | Train Loss: 4.0884 (Cox: 3.7294, KD: 0.3590) | Val C-index: 0.7322
Epoch 17/30 | Train Loss: 3.9957 (Cox: 3.7006, KD: 0.2950) | Val C-index: 0.6778
Early stopping at epoch 17
Fold 3 final Val C-index: 0.7570

Extra survival metrics:
cutoff_from_train_median: -0.931348
n_test: 168
n_high_risk: 90
n_low_risk: 78
n_event_test: 65
logrank_stat: 32.874522
logrank_p: 0.000000
auc_36m: 0.797665
auc_60m: 0.842626
mean_auc: 0.809755
HR_high_vs_low: 4.848144
HR_95CI_lower: 2.674413
HR_95CI_upper: 8.788660
cox_p: 0.000000

==================================================
Fold 5/5
==================================================
Loaded teacher from: /home/gly001/cqj/pa_ct_surv/experiments/final_core_v13/seed42/pact_teacher_aug_lr1e-3/checkpoints/fold_4/best_model.pth
[ResNetCox] Loaded pretrained from /home/gly001/cqj/pa_ct_surv/model/ct_pretrain/resnet_18_23dataset.pth
  Missing keys (ok): ['fc.weight', 'fc.bias']
Epoch 1/30 | Train Loss: 5.6517 (Cox: 4.5512, KD: 1.1005) | Val C-index: 0.5830
Epoch 2/30 | Train Loss: 4.9307 (Cox: 4.1160, KD: 0.8147) | Val C-index: 0.6291
Epoch 3/30 | Train Loss: 4.7697 (Cox: 4.1184, KD: 0.6513) | Val C-index: 0.6041
Epoch 4/30 | Train Loss: 4.6955 (Cox: 4.0508, KD: 0.6447) | Val C-index: 0.6294
Epoch 5/30 | Train Loss: 4.5914 (Cox: 4.0042, KD: 0.5871) | Val C-index: 0.6517
Epoch 6/30 | Train Loss: 4.4322 (Cox: 3.8994, KD: 0.5327) | Val C-index: 0.6692
Epoch 7/30 | Train Loss: 4.4703 (Cox: 3.9641, KD: 0.5063) | Val C-index: 0.6972
Epoch 8/30 | Train Loss: 4.4431 (Cox: 3.9200, KD: 0.5231) | Val C-index: 0.7070
Epoch 9/30 | Train Loss: 4.3911 (Cox: 3.9103, KD: 0.4808) | Val C-index: 0.7175
Epoch 10/30 | Train Loss: 4.4012 (Cox: 3.9204, KD: 0.4808) | Val C-index: 0.7259
Epoch 11/30 | Train Loss: 4.3665 (Cox: 3.8897, KD: 0.4769) | Val C-index: 0.7338
Epoch 12/30 | Train Loss: 4.2997 (Cox: 3.8465, KD: 0.4532) | Val C-index: 0.7142
Epoch 13/30 | Train Loss: 4.2995 (Cox: 3.8435, KD: 0.4561) | Val C-index: 0.7074
Epoch 14/30 | Train Loss: 4.2608 (Cox: 3.8082, KD: 0.4526) | Val C-index: 0.7138
Epoch 15/30 | Train Loss: 4.2906 (Cox: 3.7968, KD: 0.4938) | Val C-index: 0.7103
Epoch 16/30 | Train Loss: 4.2387 (Cox: 3.8187, KD: 0.4199) | Val C-index: 0.7257
Early stopping at epoch 16
Fold 4 final Val C-index: 0.7338

Extra survival metrics:
cutoff_from_train_median: -0.967520
n_test: 168
n_high_risk: 70
n_low_risk: 98
n_event_test: 65
logrank_stat: 33.523933
logrank_p: 0.000000
auc_36m: 0.782990
auc_60m: 0.771700
mean_auc: 0.780066
HR_high_vs_low: 4.052120
HR_95CI_lower: 2.428040
HR_95CI_upper: 6.762524
cox_p: 0.000000

==================================================
5-Fold CV Summary
==================================================
  C-index: 0.7223 +/- 0.0312
