nohup: ignoring input
Using Device: cuda
Model: meanpool-cox
Checkpoints: experiments/final_core_meanpool/seed42/pa_meanpool_cox/checkpoints
Results:     experiments/final_core_meanpool/seed42/pa_meanpool_cox/results
Loaded 843 samples

==================================================
Fold 1/5
==================================================
Epoch 1/30 | Train Loss: 4.4566 | Train C-index: 0.5301 | Val Loss: 4.6037 | Val C-index: 0.5131
Epoch 2/30 | Train Loss: 4.4367 | Train C-index: 0.5654 | Val Loss: 4.5761 | Val C-index: 0.5539
Epoch 3/30 | Train Loss: 4.4105 | Train C-index: 0.5995 | Val Loss: 4.5505 | Val C-index: 0.5930
Epoch 4/30 | Train Loss: 4.3848 | Train C-index: 0.6287 | Val Loss: 4.5274 | Val C-index: 0.6186
Epoch 5/30 | Train Loss: 4.3487 | Train C-index: 0.6514 | Val Loss: 4.5068 | Val C-index: 0.6413
Epoch 6/30 | Train Loss: 4.3537 | Train C-index: 0.6682 | Val Loss: 4.4876 | Val C-index: 0.6605
Epoch 7/30 | Train Loss: 4.3293 | Train C-index: 0.6809 | Val Loss: 4.4709 | Val C-index: 0.6741
Epoch 8/30 | Train Loss: 4.2956 | Train C-index: 0.6905 | Val Loss: 4.4567 | Val C-index: 0.6834
Epoch 9/30 | Train Loss: 4.2858 | Train C-index: 0.6980 | Val Loss: 4.4435 | Val C-index: 0.6878
Epoch 10/30 | Train Loss: 4.2647 | Train C-index: 0.7041 | Val Loss: 4.4317 | Val C-index: 0.6920
Epoch 11/30 | Train Loss: 4.2641 | Train C-index: 0.7096 | Val Loss: 4.4208 | Val C-index: 0.6961
Epoch 12/30 | Train Loss: 4.2358 | Train C-index: 0.7144 | Val Loss: 4.4117 | Val C-index: 0.7015
Epoch 13/30 | Train Loss: 4.2423 | Train C-index: 0.7182 | Val Loss: 4.4044 | Val C-index: 0.7020
Epoch 14/30 | Train Loss: 4.2205 | Train C-index: 0.7215 | Val Loss: 4.3978 | Val C-index: 0.7015
Epoch 15/30 | Train Loss: 4.2212 | Train C-index: 0.7242 | Val Loss: 4.3917 | Val C-index: 0.7014
Epoch 16/30 | Train Loss: 4.2038 | Train C-index: 0.7268 | Val Loss: 4.3863 | Val C-index: 0.7030
Epoch 17/30 | Train Loss: 4.2096 | Train C-index: 0.7293 | Val Loss: 4.3824 | Val C-index: 0.7043
Epoch 18/30 | Train Loss: 4.2008 | Train C-index: 0.7310 | Val Loss: 4.3789 | Val C-index: 0.7040
Epoch 19/30 | Train Loss: 4.1725 | Train C-index: 0.7326 | Val Loss: 4.3755 | Val C-index: 0.7035
Epoch 20/30 | Train Loss: 4.1700 | Train C-index: 0.7340 | Val Loss: 4.3726 | Val C-index: 0.7036
Epoch 21/30 | Train Loss: 4.1755 | Train C-index: 0.7351 | Val Loss: 4.3696 | Val C-index: 0.7043
Epoch 22/30 | Train Loss: 4.1586 | Train C-index: 0.7365 | Val Loss: 4.3667 | Val C-index: 0.7038
Early stopping at epoch 22
Fold 0 final C-index: 0.7043

Extra survival metrics:
cutoff_from_train_median: -1.176453
n_test: 169
n_high_risk: 94
n_low_risk: 75
n_event_test: 65
logrank_stat: 20.541181
logrank_p: 0.000006
auc_36m: 0.722246
auc_60m: 0.697645
mean_auc: 0.715294
HR_high_vs_low: 3.722797
HR_95CI_lower: 2.024170
HR_95CI_upper: 6.846864
cox_p: 0.000024

==================================================
Fold 2/5
==================================================
Epoch 1/30 | Train Loss: 4.4985 | Train C-index: 0.4693 | Val Loss: 4.7390 | Val C-index: 0.5004
Epoch 2/30 | Train Loss: 4.4554 | Train C-index: 0.5089 | Val Loss: 4.7116 | Val C-index: 0.5336
Epoch 3/30 | Train Loss: 4.4387 | Train C-index: 0.5480 | Val Loss: 4.6866 | Val C-index: 0.5679
Epoch 4/30 | Train Loss: 4.4178 | Train C-index: 0.5842 | Val Loss: 4.6637 | Val C-index: 0.5980
Epoch 5/30 | Train Loss: 4.3878 | Train C-index: 0.6148 | Val Loss: 4.6431 | Val C-index: 0.6254
Epoch 6/30 | Train Loss: 4.3655 | Train C-index: 0.6389 | Val Loss: 4.6249 | Val C-index: 0.6475
Epoch 7/30 | Train Loss: 4.3462 | Train C-index: 0.6577 | Val Loss: 4.6099 | Val C-index: 0.6654
Epoch 8/30 | Train Loss: 4.3240 | Train C-index: 0.6716 | Val Loss: 4.5966 | Val C-index: 0.6779
Epoch 9/30 | Train Loss: 4.2836 | Train C-index: 0.6826 | Val Loss: 4.5850 | Val C-index: 0.6855
Epoch 10/30 | Train Loss: 4.2841 | Train C-index: 0.6904 | Val Loss: 4.5755 | Val C-index: 0.6925
Epoch 11/30 | Train Loss: 4.2583 | Train C-index: 0.6968 | Val Loss: 4.5675 | Val C-index: 0.6985
Epoch 12/30 | Train Loss: 4.2309 | Train C-index: 0.7016 | Val Loss: 4.5610 | Val C-index: 0.7047
Epoch 13/30 | Train Loss: 4.2430 | Train C-index: 0.7057 | Val Loss: 4.5556 | Val C-index: 0.7070
Epoch 14/30 | Train Loss: 4.2152 | Train C-index: 0.7090 | Val Loss: 4.5517 | Val C-index: 0.7091
Epoch 15/30 | Train Loss: 4.2211 | Train C-index: 0.7120 | Val Loss: 4.5484 | Val C-index: 0.7109
Epoch 16/30 | Train Loss: 4.2041 | Train C-index: 0.7147 | Val Loss: 4.5466 | Val C-index: 0.7115
Epoch 17/30 | Train Loss: 4.1830 | Train C-index: 0.7174 | Val Loss: 4.5452 | Val C-index: 0.7119
Epoch 18/30 | Train Loss: 4.1978 | Train C-index: 0.7196 | Val Loss: 4.5443 | Val C-index: 0.7138
Epoch 19/30 | Train Loss: 4.2012 | Train C-index: 0.7216 | Val Loss: 4.5437 | Val C-index: 0.7138
Epoch 20/30 | Train Loss: 4.1853 | Train C-index: 0.7231 | Val Loss: 4.5432 | Val C-index: 0.7139
Epoch 21/30 | Train Loss: 4.1620 | Train C-index: 0.7244 | Val Loss: 4.5429 | Val C-index: 0.7133
Epoch 22/30 | Train Loss: 4.1588 | Train C-index: 0.7256 | Val Loss: 4.5432 | Val C-index: 0.7129
Epoch 23/30 | Train Loss: 4.1604 | Train C-index: 0.7270 | Val Loss: 4.5435 | Val C-index: 0.7137
Epoch 24/30 | Train Loss: 4.1587 | Train C-index: 0.7285 | Val Loss: 4.5436 | Val C-index: 0.7133
Epoch 25/30 | Train Loss: 4.1446 | Train C-index: 0.7298 | Val Loss: 4.5437 | Val C-index: 0.7136
Early stopping at epoch 25
Fold 1 final C-index: 0.7139

Extra survival metrics:
cutoff_from_train_median: -0.805937
n_test: 169
n_high_risk: 80
n_low_risk: 89
n_event_test: 65
logrank_stat: 22.663265
logrank_p: 0.000002
auc_36m: 0.717019
auc_60m: 0.695954
mean_auc: 0.711881
HR_high_vs_low: 3.415079
HR_95CI_lower: 1.995183
HR_95CI_upper: 5.845461
cox_p: 0.000008

==================================================
Fold 3/5
==================================================
Epoch 1/30 | Train Loss: 4.4755 | Train C-index: 0.4979 | Val Loss: 4.8109 | Val C-index: 0.4452
Epoch 2/30 | Train Loss: 4.4219 | Train C-index: 0.5478 | Val Loss: 4.7851 | Val C-index: 0.4960
Epoch 3/30 | Train Loss: 4.3970 | Train C-index: 0.5893 | Val Loss: 4.7616 | Val C-index: 0.5396
Epoch 4/30 | Train Loss: 4.3663 | Train C-index: 0.6191 | Val Loss: 4.7408 | Val C-index: 0.5790
Epoch 5/30 | Train Loss: 4.3386 | Train C-index: 0.6401 | Val Loss: 4.7214 | Val C-index: 0.6076
Epoch 6/30 | Train Loss: 4.3150 | Train C-index: 0.6559 | Val Loss: 4.7041 | Val C-index: 0.6261
Epoch 7/30 | Train Loss: 4.2999 | Train C-index: 0.6677 | Val Loss: 4.6891 | Val C-index: 0.6416
Epoch 8/30 | Train Loss: 4.2973 | Train C-index: 0.6769 | Val Loss: 4.6755 | Val C-index: 0.6496
Epoch 9/30 | Train Loss: 4.2841 | Train C-index: 0.6834 | Val Loss: 4.6636 | Val C-index: 0.6556
Epoch 10/30 | Train Loss: 4.2526 | Train C-index: 0.6883 | Val Loss: 4.6527 | Val C-index: 0.6612
Epoch 11/30 | Train Loss: 4.2454 | Train C-index: 0.6926 | Val Loss: 4.6434 | Val C-index: 0.6661
Epoch 12/30 | Train Loss: 4.2229 | Train C-index: 0.6962 | Val Loss: 4.6353 | Val C-index: 0.6706
Epoch 13/30 | Train Loss: 4.2198 | Train C-index: 0.7000 | Val Loss: 4.6281 | Val C-index: 0.6739
Epoch 14/30 | Train Loss: 4.2159 | Train C-index: 0.7030 | Val Loss: 4.6219 | Val C-index: 0.6778
Epoch 15/30 | Train Loss: 4.2025 | Train C-index: 0.7053 | Val Loss: 4.6167 | Val C-index: 0.6787
Epoch 16/30 | Train Loss: 4.1941 | Train C-index: 0.7076 | Val Loss: 4.6122 | Val C-index: 0.6804
Epoch 17/30 | Train Loss: 4.2162 | Train C-index: 0.7096 | Val Loss: 4.6082 | Val C-index: 0.6813
Epoch 18/30 | Train Loss: 4.1903 | Train C-index: 0.7116 | Val Loss: 4.6042 | Val C-index: 0.6818
Epoch 19/30 | Train Loss: 4.1662 | Train C-index: 0.7135 | Val Loss: 4.6004 | Val C-index: 0.6838
Epoch 20/30 | Train Loss: 4.1688 | Train C-index: 0.7152 | Val Loss: 4.5969 | Val C-index: 0.6845
Epoch 21/30 | Train Loss: 4.1625 | Train C-index: 0.7170 | Val Loss: 4.5943 | Val C-index: 0.6880
Epoch 22/30 | Train Loss: 4.1478 | Train C-index: 0.7184 | Val Loss: 4.5921 | Val C-index: 0.6887
Epoch 23/30 | Train Loss: 4.1531 | Train C-index: 0.7201 | Val Loss: 4.5899 | Val C-index: 0.6885
Epoch 24/30 | Train Loss: 4.1636 | Train C-index: 0.7213 | Val Loss: 4.5880 | Val C-index: 0.6901
Epoch 25/30 | Train Loss: 4.1628 | Train C-index: 0.7227 | Val Loss: 4.5865 | Val C-index: 0.6897
Epoch 26/30 | Train Loss: 4.1579 | Train C-index: 0.7240 | Val Loss: 4.5854 | Val C-index: 0.6905
Epoch 27/30 | Train Loss: 4.1120 | Train C-index: 0.7254 | Val Loss: 4.5840 | Val C-index: 0.6907
Epoch 28/30 | Train Loss: 4.1268 | Train C-index: 0.7265 | Val Loss: 4.5826 | Val C-index: 0.6901
Epoch 29/30 | Train Loss: 4.1004 | Train C-index: 0.7275 | Val Loss: 4.5814 | Val C-index: 0.6901
Epoch 30/30 | Train Loss: 4.1404 | Train C-index: 0.7287 | Val Loss: 4.5804 | Val C-index: 0.6912
Fold 2 final C-index: 0.6912

Extra survival metrics:
cutoff_from_train_median: -0.887174
n_test: 169
n_high_risk: 83
n_low_risk: 86
n_event_test: 65
logrank_stat: 25.110037
logrank_p: 0.000001
auc_36m: 0.731791
auc_60m: 0.652527
mean_auc: 0.716153
HR_high_vs_low: 3.772864
HR_95CI_lower: 2.159937
HR_95CI_upper: 6.590240
cox_p: 0.000003

==================================================
Fold 4/5
==================================================
Epoch 1/30 | Train Loss: 4.4049 | Train C-index: 0.5346 | Val Loss: 4.7922 | Val C-index: 0.5067
Epoch 2/30 | Train Loss: 4.3912 | Train C-index: 0.5812 | Val Loss: 4.7590 | Val C-index: 0.5580
Epoch 3/30 | Train Loss: 4.3538 | Train C-index: 0.6164 | Val Loss: 4.7285 | Val C-index: 0.6033
Epoch 4/30 | Train Loss: 4.3382 | Train C-index: 0.6395 | Val Loss: 4.6998 | Val C-index: 0.6405
Epoch 5/30 | Train Loss: 4.3214 | Train C-index: 0.6569 | Val Loss: 4.6729 | Val C-index: 0.6651
Epoch 6/30 | Train Loss: 4.3057 | Train C-index: 0.6688 | Val Loss: 4.6494 | Val C-index: 0.6842
Epoch 7/30 | Train Loss: 4.2855 | Train C-index: 0.6773 | Val Loss: 4.6281 | Val C-index: 0.6973
Epoch 8/30 | Train Loss: 4.2652 | Train C-index: 0.6850 | Val Loss: 4.6095 | Val C-index: 0.7071
Epoch 9/30 | Train Loss: 4.2631 | Train C-index: 0.6906 | Val Loss: 4.5927 | Val C-index: 0.7119
Epoch 10/30 | Train Loss: 4.2482 | Train C-index: 0.6948 | Val Loss: 4.5780 | Val C-index: 0.7150
Epoch 11/30 | Train Loss: 4.2331 | Train C-index: 0.6981 | Val Loss: 4.5648 | Val C-index: 0.7205
Epoch 12/30 | Train Loss: 4.2412 | Train C-index: 0.7010 | Val Loss: 4.5525 | Val C-index: 0.7234
Epoch 13/30 | Train Loss: 4.2140 | Train C-index: 0.7035 | Val Loss: 4.5430 | Val C-index: 0.7263
Epoch 14/30 | Train Loss: 4.2075 | Train C-index: 0.7059 | Val Loss: 4.5338 | Val C-index: 0.7287
Epoch 15/30 | Train Loss: 4.1948 | Train C-index: 0.7082 | Val Loss: 4.5271 | Val C-index: 0.7304
Epoch 16/30 | Train Loss: 4.1890 | Train C-index: 0.7101 | Val Loss: 4.5205 | Val C-index: 0.7313
Epoch 17/30 | Train Loss: 4.1893 | Train C-index: 0.7120 | Val Loss: 4.5151 | Val C-index: 0.7322
Epoch 18/30 | Train Loss: 4.1802 | Train C-index: 0.7138 | Val Loss: 4.5098 | Val C-index: 0.7333
Epoch 19/30 | Train Loss: 4.1844 | Train C-index: 0.7156 | Val Loss: 4.5050 | Val C-index: 0.7348
Epoch 20/30 | Train Loss: 4.1858 | Train C-index: 0.7172 | Val Loss: 4.5020 | Val C-index: 0.7365
Epoch 21/30 | Train Loss: 4.1616 | Train C-index: 0.7188 | Val Loss: 4.4985 | Val C-index: 0.7367
Epoch 22/30 | Train Loss: 4.1693 | Train C-index: 0.7201 | Val Loss: 4.4956 | Val C-index: 0.7374
Epoch 23/30 | Train Loss: 4.1708 | Train C-index: 0.7213 | Val Loss: 4.4929 | Val C-index: 0.7379
Epoch 24/30 | Train Loss: 4.1647 | Train C-index: 0.7226 | Val Loss: 4.4909 | Val C-index: 0.7377
Epoch 25/30 | Train Loss: 4.1564 | Train C-index: 0.7239 | Val Loss: 4.4887 | Val C-index: 0.7386
Epoch 26/30 | Train Loss: 4.1445 | Train C-index: 0.7248 | Val Loss: 4.4865 | Val C-index: 0.7394
Epoch 27/30 | Train Loss: 4.1250 | Train C-index: 0.7257 | Val Loss: 4.4848 | Val C-index: 0.7400
Epoch 28/30 | Train Loss: 4.1451 | Train C-index: 0.7268 | Val Loss: 4.4832 | Val C-index: 0.7401
Epoch 29/30 | Train Loss: 4.1590 | Train C-index: 0.7282 | Val Loss: 4.4828 | Val C-index: 0.7407
Epoch 30/30 | Train Loss: 4.1377 | Train C-index: 0.7294 | Val Loss: 4.4841 | Val C-index: 0.7406
Fold 3 final C-index: 0.7407

Extra survival metrics:
cutoff_from_train_median: -1.122343
n_test: 168
n_high_risk: 98
n_low_risk: 70
n_event_test: 65
logrank_stat: 36.538710
logrank_p: 0.000000
auc_36m: 0.778437
auc_60m: 0.843713
mean_auc: 0.795989
HR_high_vs_low: 6.644482
HR_95CI_lower: 3.277032
HR_95CI_upper: 13.472292
cox_p: 0.000000

==================================================
Fold 5/5
==================================================
Epoch 1/30 | Train Loss: 4.5306 | Train C-index: 0.4605 | Val Loss: 4.6833 | Val C-index: 0.4746
Epoch 2/30 | Train Loss: 4.4787 | Train C-index: 0.5089 | Val Loss: 4.6558 | Val C-index: 0.5152
Epoch 3/30 | Train Loss: 4.4621 | Train C-index: 0.5566 | Val Loss: 4.6306 | Val C-index: 0.5525
Epoch 4/30 | Train Loss: 4.4141 | Train C-index: 0.5993 | Val Loss: 4.6073 | Val C-index: 0.5873
Epoch 5/30 | Train Loss: 4.3915 | Train C-index: 0.6313 | Val Loss: 4.5861 | Val C-index: 0.6207
Epoch 6/30 | Train Loss: 4.3647 | Train C-index: 0.6546 | Val Loss: 4.5671 | Val C-index: 0.6361
Epoch 7/30 | Train Loss: 4.3287 | Train C-index: 0.6737 | Val Loss: 4.5496 | Val C-index: 0.6526
Epoch 8/30 | Train Loss: 4.3424 | Train C-index: 0.6866 | Val Loss: 4.5343 | Val C-index: 0.6650
Epoch 9/30 | Train Loss: 4.2916 | Train C-index: 0.6957 | Val Loss: 4.5204 | Val C-index: 0.6758
Epoch 10/30 | Train Loss: 4.2661 | Train C-index: 0.7019 | Val Loss: 4.5081 | Val C-index: 0.6836
Epoch 11/30 | Train Loss: 4.2728 | Train C-index: 0.7068 | Val Loss: 4.4973 | Val C-index: 0.6909
Epoch 12/30 | Train Loss: 4.2689 | Train C-index: 0.7103 | Val Loss: 4.4877 | Val C-index: 0.6916
Epoch 13/30 | Train Loss: 4.2541 | Train C-index: 0.7138 | Val Loss: 4.4790 | Val C-index: 0.6937
Epoch 14/30 | Train Loss: 4.2184 | Train C-index: 0.7161 | Val Loss: 4.4718 | Val C-index: 0.6957
Epoch 15/30 | Train Loss: 4.2145 | Train C-index: 0.7183 | Val Loss: 4.4656 | Val C-index: 0.6977
Epoch 16/30 | Train Loss: 4.2097 | Train C-index: 0.7204 | Val Loss: 4.4602 | Val C-index: 0.6999
Epoch 17/30 | Train Loss: 4.1845 | Train C-index: 0.7216 | Val Loss: 4.4551 | Val C-index: 0.7007
Epoch 18/30 | Train Loss: 4.1984 | Train C-index: 0.7230 | Val Loss: 4.4509 | Val C-index: 0.7013
Epoch 19/30 | Train Loss: 4.1843 | Train C-index: 0.7240 | Val Loss: 4.4474 | Val C-index: 0.7027
Epoch 20/30 | Train Loss: 4.1605 | Train C-index: 0.7249 | Val Loss: 4.4441 | Val C-index: 0.7037
Epoch 21/30 | Train Loss: 4.1684 | Train C-index: 0.7261 | Val Loss: 4.4411 | Val C-index: 0.7053
Epoch 22/30 | Train Loss: 4.1685 | Train C-index: 0.7268 | Val Loss: 4.4383 | Val C-index: 0.7055
Epoch 23/30 | Train Loss: 4.1591 | Train C-index: 0.7276 | Val Loss: 4.4357 | Val C-index: 0.7062
Epoch 24/30 | Train Loss: 4.1729 | Train C-index: 0.7286 | Val Loss: 4.4335 | Val C-index: 0.7077
Epoch 25/30 | Train Loss: 4.1774 | Train C-index: 0.7296 | Val Loss: 4.4318 | Val C-index: 0.7071
Epoch 26/30 | Train Loss: 4.1572 | Train C-index: 0.7305 | Val Loss: 4.4293 | Val C-index: 0.7079
Epoch 27/30 | Train Loss: 4.1406 | Train C-index: 0.7312 | Val Loss: 4.4280 | Val C-index: 0.7082
Epoch 28/30 | Train Loss: 4.1609 | Train C-index: 0.7321 | Val Loss: 4.4266 | Val C-index: 0.7097
Epoch 29/30 | Train Loss: 4.1444 | Train C-index: 0.7329 | Val Loss: 4.4254 | Val C-index: 0.7106
Epoch 30/30 | Train Loss: 4.1316 | Train C-index: 0.7336 | Val Loss: 4.4243 | Val C-index: 0.7115
Fold 4 final C-index: 0.7115

Extra survival metrics:
cutoff_from_train_median: -0.748549
n_test: 168
n_high_risk: 75
n_low_risk: 93
n_event_test: 65
logrank_stat: 16.546096
logrank_p: 0.000047
auc_36m: 0.783311
auc_60m: 0.756102
mean_auc: 0.776265
HR_high_vs_low: 2.710670
HR_95CI_lower: 1.643309
HR_95CI_upper: 4.471302
cox_p: 0.000094

==================================================
5-Fold CV Summary
==================================================
  C-index: 0.7123 +/- 0.0182
