Using Device: cuda | ROI size: 64
PA model: abmil-cox-topk | Augment: False
CT pretrained: /home/gly001/cqj/pa_ct_surv/model/ct_pretrain/resnet_18_23dataset.pth
Checkpoints: /home/gly001/cqj/pa_ct_surv/experiments/single_modal_pact/exp1/checkpoints/bilinear_abmil_topk
Results:     /home/gly001/cqj/pa_ct_surv/experiments/single_modal_pact/exp1/results/bilinear_abmil_topk
Loaded 843 paired samples

==================================================
Fold 1/5
==================================================
[ResNetCox] Loaded pretrained from /home/gly001/cqj/pa_ct_surv/model/ct_pretrain/resnet_18_23dataset.pth
  Missing keys (ok): ['fc.weight', 'fc.bias']
Epoch 1/50 | Train Loss: 2.8582 | Train C-index: 0.7040 | Val Loss: 4.4671 | Val C-index: 0.6750
Epoch 2/50 | Train Loss: 2.7625 | Train C-index: 0.7290 | Val Loss: 4.4614 | Val C-index: 0.6530
Epoch 3/50 | Train Loss: 2.5880 | Train C-index: 0.7496 | Val Loss: 4.3251 | Val C-index: 0.7189
Epoch 4/50 | Train Loss: 2.4758 | Train C-index: 0.7409 | Val Loss: 4.3543 | Val C-index: 0.7098
Epoch 5/50 | Train Loss: 2.4041 | Train C-index: 0.7499 | Val Loss: 4.3402 | Val C-index: 0.7187
Epoch 6/50 | Train Loss: 2.3130 | Train C-index: 0.8119 | Val Loss: 4.3545 | Val C-index: 0.7394
Epoch 7/50 | Train Loss: 2.0375 | Train C-index: 0.8241 | Val Loss: 4.5656 | Val C-index: 0.7537
Epoch 8/50 | Train Loss: 2.1178 | Train C-index: 0.8385 | Val Loss: 4.3916 | Val C-index: 0.7317
Epoch 9/50 | Train Loss: 1.8770 | Train C-index: 0.8031 | Val Loss: 4.6128 | Val C-index: 0.7069
Epoch 10/50 | Train Loss: 1.7936 | Train C-index: 0.8572 | Val Loss: 4.5640 | Val C-index: 0.7330
Epoch 11/50 | Train Loss: 1.6839 | Train C-index: 0.8719 | Val Loss: 4.8413 | Val C-index: 0.7423
Epoch 12/50 | Train Loss: 1.6271 | Train C-index: 0.8642 | Val Loss: 4.3482 | Val C-index: 0.7672
Epoch 13/50 | Train Loss: 1.5526 | Train C-index: 0.8508 | Val Loss: 4.3904 | Val C-index: 0.7549
Epoch 14/50 | Train Loss: 1.4156 | Train C-index: 0.8765 | Val Loss: 4.7687 | Val C-index: 0.7414
Epoch 15/50 | Train Loss: 1.3839 | Train C-index: 0.8767 | Val Loss: 4.6655 | Val C-index: 0.7501
Epoch 16/50 | Train Loss: 1.3979 | Train C-index: 0.8693 | Val Loss: 4.8314 | Val C-index: 0.7552
Epoch 17/50 | Train Loss: 1.3291 | Train C-index: 0.8778 | Val Loss: 4.7464 | Val C-index: 0.7540
Epoch 18/50 | Train Loss: 1.2771 | Train C-index: 0.8849 | Val Loss: 5.1160 | Val C-index: 0.7607
Epoch 19/50 | Train Loss: 1.2142 | Train C-index: 0.8832 | Val Loss: 4.7348 | Val C-index: 0.7806
Epoch 20/50 | Train Loss: 1.1618 | Train C-index: 0.8821 | Val Loss: 4.5922 | Val C-index: 0.7655
Epoch 21/50 | Train Loss: 1.1202 | Train C-index: 0.8759 | Val Loss: 4.8125 | Val C-index: 0.7353
Epoch 22/50 | Train Loss: 1.1920 | Train C-index: 0.8854 | Val Loss: 4.5263 | Val C-index: 0.7414
Epoch 23/50 | Train Loss: 1.3260 | Train C-index: 0.8753 | Val Loss: 5.0504 | Val C-index: 0.7349
Epoch 24/50 | Train Loss: 1.1749 | Train C-index: 0.8832 | Val Loss: 5.2768 | Val C-index: 0.7488
Epoch 25/50 | Train Loss: 1.0487 | Train C-index: 0.8959 | Val Loss: 5.5994 | Val C-index: 0.7480
Epoch 26/50 | Train Loss: 1.0980 | Train C-index: 0.8938 | Val Loss: 4.9042 | Val C-index: 0.7328
Epoch 27/50 | Train Loss: 1.0552 | Train C-index: 0.8951 | Val Loss: 5.5371 | Val C-index: 0.7634
Epoch 28/50 | Train Loss: 1.0526 | Train C-index: 0.8958 | Val Loss: 5.9737 | Val C-index: 0.7607
Epoch 29/50 | Train Loss: 1.0153 | Train C-index: 0.9003 | Val Loss: 5.2953 | Val C-index: 0.7490
Early stopping at epoch 29
Fold 0 final C-index: 0.7806

Extra survival metrics:
cutoff_from_train_median: -2.085367
n_test: 169
n_high_risk: 96
n_low_risk: 73
n_event_test: 65
logrank_stat: 31.295607
logrank_p: 0.000000
auc_36m: 0.841065
auc_60m: 0.764412
mean_auc: 0.819405
HR_high_vs_low: 5.565722
HR_95CI_lower: 2.830741
HR_95CI_upper: 10.943165
cox_p: 0.000001

==================================================
Fold 2/5
==================================================
[ResNetCox] Loaded pretrained from /home/gly001/cqj/pa_ct_surv/model/ct_pretrain/resnet_18_23dataset.pth
  Missing keys (ok): ['fc.weight', 'fc.bias']
Epoch 1/50 | Train Loss: 2.8647 | Train C-index: 0.7274 | Val Loss: 4.5827 | Val C-index: 0.6911
Epoch 2/50 | Train Loss: 2.6719 | Train C-index: 0.6893 | Val Loss: 4.7319 | Val C-index: 0.6008
Epoch 3/50 | Train Loss: 2.6923 | Train C-index: 0.7257 | Val Loss: 4.7579 | Val C-index: 0.6382
Epoch 4/50 | Train Loss: 2.5490 | Train C-index: 0.7730 | Val Loss: 4.6059 | Val C-index: 0.6836
Epoch 5/50 | Train Loss: 2.3863 | Train C-index: 0.8194 | Val Loss: 4.6223 | Val C-index: 0.7162
Epoch 6/50 | Train Loss: 2.1931 | Train C-index: 0.8214 | Val Loss: 4.8858 | Val C-index: 0.6922
Epoch 7/50 | Train Loss: 2.0700 | Train C-index: 0.8653 | Val Loss: 4.8747 | Val C-index: 0.7044
Epoch 8/50 | Train Loss: 1.9027 | Train C-index: 0.8473 | Val Loss: 5.3972 | Val C-index: 0.6444
Epoch 9/50 | Train Loss: 1.8038 | Train C-index: 0.8564 | Val Loss: 6.5785 | Val C-index: 0.6792
Epoch 10/50 | Train Loss: 1.9114 | Train C-index: 0.8789 | Val Loss: 5.6182 | Val C-index: 0.6907
Epoch 11/50 | Train Loss: 1.5922 | Train C-index: 0.8815 | Val Loss: 6.3439 | Val C-index: 0.7054
Epoch 12/50 | Train Loss: 1.6003 | Train C-index: 0.8865 | Val Loss: 5.5989 | Val C-index: 0.6747
Epoch 13/50 | Train Loss: 1.4859 | Train C-index: 0.8946 | Val Loss: 5.8428 | Val C-index: 0.6655
Epoch 14/50 | Train Loss: 1.3032 | Train C-index: 0.8932 | Val Loss: 6.3540 | Val C-index: 0.6831
Epoch 15/50 | Train Loss: 1.3887 | Train C-index: 0.8870 | Val Loss: 5.8700 | Val C-index: 0.6969
Early stopping at epoch 15
Fold 1 final C-index: 0.7162

Extra survival metrics:
cutoff_from_train_median: -0.993986
n_test: 169
n_high_risk: 80
n_low_risk: 89
n_event_test: 65
logrank_stat: 22.676526
logrank_p: 0.000002
auc_36m: 0.767250
auc_60m: 0.694168
mean_auc: 0.749426
HR_high_vs_low: 3.355705
HR_95CI_lower: 1.977641
HR_95CI_upper: 5.694035
cox_p: 0.000007

==================================================
Fold 3/5
==================================================
[ResNetCox] Loaded pretrained from /home/gly001/cqj/pa_ct_surv/model/ct_pretrain/resnet_18_23dataset.pth
  Missing keys (ok): ['fc.weight', 'fc.bias']
Epoch 1/50 | Train Loss: 2.8436 | Train C-index: 0.6940 | Val Loss: 4.6465 | Val C-index: 0.6551
Epoch 2/50 | Train Loss: 2.7202 | Train C-index: 0.7582 | Val Loss: 4.4725 | Val C-index: 0.7131
Epoch 3/50 | Train Loss: 2.5211 | Train C-index: 0.7189 | Val Loss: 4.6300 | Val C-index: 0.6363
Epoch 4/50 | Train Loss: 2.4419 | Train C-index: 0.7171 | Val Loss: 4.8499 | Val C-index: 0.6117
Epoch 5/50 | Train Loss: 2.3388 | Train C-index: 0.7978 | Val Loss: 4.8099 | Val C-index: 0.6821
Epoch 6/50 | Train Loss: 2.1854 | Train C-index: 0.8362 | Val Loss: 4.6525 | Val C-index: 0.6922
Epoch 7/50 | Train Loss: 2.0761 | Train C-index: 0.8406 | Val Loss: 4.6312 | Val C-index: 0.6968
Epoch 8/50 | Train Loss: 1.9135 | Train C-index: 0.8553 | Val Loss: 5.5226 | Val C-index: 0.6722
Epoch 9/50 | Train Loss: 1.9179 | Train C-index: 0.8596 | Val Loss: 4.9399 | Val C-index: 0.6934
Epoch 10/50 | Train Loss: 1.7475 | Train C-index: 0.8808 | Val Loss: 5.5028 | Val C-index: 0.6976
Epoch 11/50 | Train Loss: 1.5996 | Train C-index: 0.8671 | Val Loss: 5.5548 | Val C-index: 0.6976
Epoch 12/50 | Train Loss: 1.5483 | Train C-index: 0.8668 | Val Loss: 5.2701 | Val C-index: 0.6684
Early stopping at epoch 12
Fold 2 final C-index: 0.7131

Extra survival metrics:
cutoff_from_train_median: 0.278056
n_test: 169
n_high_risk: 89
n_low_risk: 80
n_event_test: 65
logrank_stat: 31.906609
logrank_p: 0.000000
auc_36m: 0.759002
auc_60m: 0.715637
mean_auc: 0.750446
HR_high_vs_low: 4.917222
HR_95CI_lower: 2.667679
HR_95CI_upper: 9.063712
cox_p: 0.000000

==================================================
Fold 4/5
==================================================
[ResNetCox] Loaded pretrained from /home/gly001/cqj/pa_ct_surv/model/ct_pretrain/resnet_18_23dataset.pth
  Missing keys (ok): ['fc.weight', 'fc.bias']
Epoch 1/50 | Train Loss: 2.8418 | Train C-index: 0.7031 | Val Loss: 4.4869 | Val C-index: 0.7287
Epoch 2/50 | Train Loss: 2.7576 | Train C-index: 0.7560 | Val Loss: 4.5038 | Val C-index: 0.7184
Epoch 3/50 | Train Loss: 2.5771 | Train C-index: 0.7832 | Val Loss: 4.5669 | Val C-index: 0.7062
Epoch 4/50 | Train Loss: 2.4507 | Train C-index: 0.7346 | Val Loss: 4.7096 | Val C-index: 0.6649
Epoch 5/50 | Train Loss: 2.2887 | Train C-index: 0.7964 | Val Loss: 4.4996 | Val C-index: 0.7462
Epoch 6/50 | Train Loss: 2.0717 | Train C-index: 0.8267 | Val Loss: 4.9799 | Val C-index: 0.6874
Epoch 7/50 | Train Loss: 2.0763 | Train C-index: 0.8507 | Val Loss: 4.7624 | Val C-index: 0.7181
Epoch 8/50 | Train Loss: 1.8155 | Train C-index: 0.8543 | Val Loss: 5.0386 | Val C-index: 0.6804
Epoch 9/50 | Train Loss: 1.7606 | Train C-index: 0.8747 | Val Loss: 4.9437 | Val C-index: 0.7059
Epoch 10/50 | Train Loss: 1.5780 | Train C-index: 0.8802 | Val Loss: 5.0130 | Val C-index: 0.7091
Epoch 11/50 | Train Loss: 1.5475 | Train C-index: 0.9033 | Val Loss: 5.4687 | Val C-index: 0.6867
Epoch 12/50 | Train Loss: 1.4543 | Train C-index: 0.9033 | Val Loss: 5.7186 | Val C-index: 0.7050
Epoch 13/50 | Train Loss: 1.3030 | Train C-index: 0.9003 | Val Loss: 7.0501 | Val C-index: 0.6967
Epoch 14/50 | Train Loss: 1.4084 | Train C-index: 0.8901 | Val Loss: 6.8058 | Val C-index: 0.6650
Epoch 15/50 | Train Loss: 1.3731 | Train C-index: 0.8955 | Val Loss: 6.1765 | Val C-index: 0.6921
Early stopping at epoch 15
Fold 3 final C-index: 0.7462

Extra survival metrics:
cutoff_from_train_median: -0.224704
n_test: 168
n_high_risk: 87
n_low_risk: 81
n_event_test: 65
logrank_stat: 41.252453
logrank_p: 0.000000
auc_36m: 0.788649
auc_60m: 0.832082
mean_auc: 0.800328
HR_high_vs_low: 6.146228
HR_95CI_lower: 3.273679
HR_95CI_upper: 11.539346
cox_p: 0.000000

==================================================
Fold 5/5
==================================================
[ResNetCox] Loaded pretrained from /home/gly001/cqj/pa_ct_surv/model/ct_pretrain/resnet_18_23dataset.pth
  Missing keys (ok): ['fc.weight', 'fc.bias']
Epoch 1/50 | Train Loss: 2.8433 | Train C-index: 0.7080 | Val Loss: 4.5130 | Val C-index: 0.6898
Epoch 2/50 | Train Loss: 2.6328 | Train C-index: 0.7439 | Val Loss: 4.4939 | Val C-index: 0.6797
Epoch 3/50 | Train Loss: 2.5412 | Train C-index: 0.7804 | Val Loss: 4.4570 | Val C-index: 0.6988
Epoch 4/50 | Train Loss: 2.4723 | Train C-index: 0.8160 | Val Loss: 4.4498 | Val C-index: 0.7295
Epoch 5/50 | Train Loss: 2.3076 | Train C-index: 0.8034 | Val Loss: 4.5534 | Val C-index: 0.6538
Epoch 6/50 | Train Loss: 2.1329 | Train C-index: 0.8284 | Val Loss: 4.6408 | Val C-index: 0.7054
Epoch 7/50 | Train Loss: 2.0366 | Train C-index: 0.8435 | Val Loss: 4.5631 | Val C-index: 0.7130
Epoch 8/50 | Train Loss: 1.8418 | Train C-index: 0.7776 | Val Loss: 4.7880 | Val C-index: 0.5970
Epoch 9/50 | Train Loss: 1.7842 | Train C-index: 0.8526 | Val Loss: 5.1166 | Val C-index: 0.6973
Epoch 10/50 | Train Loss: 1.7165 | Train C-index: 0.8417 | Val Loss: 4.6359 | Val C-index: 0.6999
Epoch 11/50 | Train Loss: 1.5957 | Train C-index: 0.8211 | Val Loss: 5.2146 | Val C-index: 0.6727
Epoch 12/50 | Train Loss: 1.7332 | Train C-index: 0.8555 | Val Loss: 5.4341 | Val C-index: 0.6605
Epoch 13/50 | Train Loss: 1.4475 | Train C-index: 0.8564 | Val Loss: 5.6114 | Val C-index: 0.6502
Epoch 14/50 | Train Loss: 1.3252 | Train C-index: 0.8526 | Val Loss: 5.7879 | Val C-index: 0.6684
Early stopping at epoch 14
Fold 4 final C-index: 0.7295

Extra survival metrics:
cutoff_from_train_median: -1.038722
n_test: 168
n_high_risk: 67
n_low_risk: 101
n_event_test: 65
logrank_stat: 30.680609
logrank_p: 0.000000
auc_36m: 0.790151
auc_60m: 0.762772
mean_auc: 0.783061
HR_high_vs_low: 3.798247
HR_95CI_lower: 2.289622
HR_95CI_upper: 6.300900
cox_p: 0.000000

==================================================
5-Fold CV Summary
==================================================
  C-index: 0.7371 +/- 0.0276
