Using Device: cuda | ROI size: 64
PA model: abmil-cox-topk | Augment: True
CT pretrained: /home/gly001/cqj/pa_ct_surv/model/ct_pretrain/resnet_18_23dataset.pth
Checkpoints: /home/gly001/cqj/pa_ct_surv/experiments/single_modal_pact/exp3/checkpoints/lr5e-4
Results:     /home/gly001/cqj/pa_ct_surv/experiments/single_modal_pact/exp3/results/lr5e-4
Loaded 843 paired samples

==================================================
Fold 1/5
==================================================
[ResNetCox] Loaded pretrained from /home/gly001/cqj/pa_ct_surv/model/ct_pretrain/resnet_18_23dataset.pth
  Missing keys (ok): ['fc.weight', 'fc.bias']
Epoch 1/50 | Train Loss: 2.8314 | Train C-index: 0.6990 | Val Loss: 4.4482 | Val C-index: 0.6869
Epoch 2/50 | Train Loss: 2.6609 | Train C-index: 0.7433 | Val Loss: 4.2591 | Val C-index: 0.7359
Epoch 3/50 | Train Loss: 2.6402 | Train C-index: 0.7818 | Val Loss: 4.2198 | Val C-index: 0.7528
Epoch 4/50 | Train Loss: 2.5211 | Train C-index: 0.8156 | Val Loss: 4.1565 | Val C-index: 0.7747
Epoch 5/50 | Train Loss: 2.4246 | Train C-index: 0.8107 | Val Loss: 4.2874 | Val C-index: 0.7449
Epoch 6/50 | Train Loss: 2.4619 | Train C-index: 0.8416 | Val Loss: 4.1331 | Val C-index: 0.7762
Epoch 7/50 | Train Loss: 2.3035 | Train C-index: 0.8442 | Val Loss: 4.1432 | Val C-index: 0.7713
Epoch 8/50 | Train Loss: 2.2183 | Train C-index: 0.8837 | Val Loss: 4.2964 | Val C-index: 0.7690
Epoch 9/50 | Train Loss: 2.0135 | Train C-index: 0.8749 | Val Loss: 4.3392 | Val C-index: 0.7439
Epoch 10/50 | Train Loss: 2.0189 | Train C-index: 0.8915 | Val Loss: 4.4063 | Val C-index: 0.7446
Epoch 11/50 | Train Loss: 1.8824 | Train C-index: 0.9089 | Val Loss: 4.9685 | Val C-index: 0.7408
Epoch 12/50 | Train Loss: 1.8782 | Train C-index: 0.9109 | Val Loss: 4.5204 | Val C-index: 0.7172
Epoch 13/50 | Train Loss: 1.7019 | Train C-index: 0.9117 | Val Loss: 5.1141 | Val C-index: 0.7212
Epoch 14/50 | Train Loss: 1.8487 | Train C-index: 0.8973 | Val Loss: 4.8832 | Val C-index: 0.7151
Epoch 15/50 | Train Loss: 1.7792 | Train C-index: 0.9240 | Val Loss: 5.1770 | Val C-index: 0.7226
Epoch 16/50 | Train Loss: 1.5748 | Train C-index: 0.9149 | Val Loss: 4.5545 | Val C-index: 0.6992
Early stopping at epoch 16
Fold 0 final C-index: 0.7762

Extra survival metrics:
cutoff_from_train_median: 0.214767
n_test: 169
n_high_risk: 96
n_low_risk: 73
n_event_test: 65
logrank_stat: 25.460125
logrank_p: 0.000000
auc_36m: 0.824533
auc_60m: 0.783646
mean_auc: 0.812979
HR_high_vs_low: 4.592271
HR_95CI_lower: 2.397586
HR_95CI_upper: 8.795910
cox_p: 0.000004

==================================================
Fold 2/5
==================================================
[ResNetCox] Loaded pretrained from /home/gly001/cqj/pa_ct_surv/model/ct_pretrain/resnet_18_23dataset.pth
  Missing keys (ok): ['fc.weight', 'fc.bias']
Epoch 1/50 | Train Loss: 2.7583 | Train C-index: 0.7668 | Val Loss: 4.6156 | Val C-index: 0.6943
Epoch 2/50 | Train Loss: 2.5589 | Train C-index: 0.7270 | Val Loss: 4.6049 | Val C-index: 0.6534
Epoch 3/50 | Train Loss: 2.4386 | Train C-index: 0.7572 | Val Loss: 4.5936 | Val C-index: 0.6782
Epoch 4/50 | Train Loss: 2.4467 | Train C-index: 0.7865 | Val Loss: 4.4907 | Val C-index: 0.6826
Epoch 5/50 | Train Loss: 2.3770 | Train C-index: 0.8371 | Val Loss: 4.5239 | Val C-index: 0.6897
Epoch 6/50 | Train Loss: 2.2070 | Train C-index: 0.8310 | Val Loss: 4.6509 | Val C-index: 0.7067
Epoch 7/50 | Train Loss: 2.1455 | Train C-index: 0.8695 | Val Loss: 4.9799 | Val C-index: 0.6848
Epoch 8/50 | Train Loss: 2.0813 | Train C-index: 0.8767 | Val Loss: 4.5489 | Val C-index: 0.7183
Epoch 9/50 | Train Loss: 1.9598 | Train C-index: 0.8860 | Val Loss: 4.8977 | Val C-index: 0.6783
Epoch 10/50 | Train Loss: 1.8156 | Train C-index: 0.9003 | Val Loss: 5.1437 | Val C-index: 0.7090
Epoch 11/50 | Train Loss: 1.7978 | Train C-index: 0.9262 | Val Loss: 5.1515 | Val C-index: 0.6968
Epoch 12/50 | Train Loss: 1.7006 | Train C-index: 0.9229 | Val Loss: 5.3407 | Val C-index: 0.7014
Epoch 13/50 | Train Loss: 1.8266 | Train C-index: 0.9080 | Val Loss: 5.5649 | Val C-index: 0.6808
Epoch 14/50 | Train Loss: 1.5776 | Train C-index: 0.9254 | Val Loss: 5.2692 | Val C-index: 0.6936
Epoch 15/50 | Train Loss: 1.5289 | Train C-index: 0.9279 | Val Loss: 6.3332 | Val C-index: 0.6706
Epoch 16/50 | Train Loss: 1.4429 | Train C-index: 0.9402 | Val Loss: 6.3626 | Val C-index: 0.6702
Epoch 17/50 | Train Loss: 1.5233 | Train C-index: 0.9496 | Val Loss: 6.7857 | Val C-index: 0.6850
Epoch 18/50 | Train Loss: 1.3322 | Train C-index: 0.9475 | Val Loss: 6.7698 | Val C-index: 0.6802
Early stopping at epoch 18
Fold 1 final C-index: 0.7183

Extra survival metrics:
cutoff_from_train_median: -0.112331
n_test: 169
n_high_risk: 76
n_low_risk: 93
n_event_test: 65
logrank_stat: 19.708796
logrank_p: 0.000009
auc_36m: 0.741658
auc_60m: 0.721446
mean_auc: 0.736728
HR_high_vs_low: 3.033056
HR_95CI_lower: 1.811704
HR_95CI_upper: 5.077777
cox_p: 0.000024

==================================================
Fold 3/5
==================================================
[ResNetCox] Loaded pretrained from /home/gly001/cqj/pa_ct_surv/model/ct_pretrain/resnet_18_23dataset.pth
  Missing keys (ok): ['fc.weight', 'fc.bias']
Epoch 1/50 | Train Loss: 2.7370 | Train C-index: 0.6975 | Val Loss: 4.6948 | Val C-index: 0.6646
Epoch 2/50 | Train Loss: 2.6123 | Train C-index: 0.7316 | Val Loss: 4.6187 | Val C-index: 0.6617
Epoch 3/50 | Train Loss: 2.4921 | Train C-index: 0.7734 | Val Loss: 4.6071 | Val C-index: 0.6968
Epoch 4/50 | Train Loss: 2.4466 | Train C-index: 0.8177 | Val Loss: 4.4482 | Val C-index: 0.7404
Epoch 5/50 | Train Loss: 2.2685 | Train C-index: 0.7981 | Val Loss: 4.6977 | Val C-index: 0.6933
Epoch 6/50 | Train Loss: 2.2973 | Train C-index: 0.8380 | Val Loss: 4.4257 | Val C-index: 0.7446
Epoch 7/50 | Train Loss: 2.0959 | Train C-index: 0.8782 | Val Loss: 4.5649 | Val C-index: 0.7198
Epoch 8/50 | Train Loss: 1.9866 | Train C-index: 0.8882 | Val Loss: 4.9687 | Val C-index: 0.7159
Epoch 9/50 | Train Loss: 1.8706 | Train C-index: 0.8988 | Val Loss: 4.7250 | Val C-index: 0.7093
Epoch 10/50 | Train Loss: 1.8775 | Train C-index: 0.8915 | Val Loss: 5.1393 | Val C-index: 0.7032
Epoch 11/50 | Train Loss: 1.7834 | Train C-index: 0.9199 | Val Loss: 5.1473 | Val C-index: 0.7278
Epoch 12/50 | Train Loss: 1.6180 | Train C-index: 0.9062 | Val Loss: 5.1360 | Val C-index: 0.6905
Epoch 13/50 | Train Loss: 1.6695 | Train C-index: 0.9278 | Val Loss: 5.4090 | Val C-index: 0.7041
Epoch 14/50 | Train Loss: 1.5384 | Train C-index: 0.9299 | Val Loss: 5.1775 | Val C-index: 0.6968
Epoch 15/50 | Train Loss: 1.5793 | Train C-index: 0.9272 | Val Loss: 5.5636 | Val C-index: 0.7009
Epoch 16/50 | Train Loss: 1.4909 | Train C-index: 0.9482 | Val Loss: 5.8808 | Val C-index: 0.7190
Early stopping at epoch 16
Fold 2 final C-index: 0.7446

Extra survival metrics:
cutoff_from_train_median: -1.042334
n_test: 169
n_high_risk: 86
n_low_risk: 83
n_event_test: 65
logrank_stat: 41.581511
logrank_p: 0.000000
auc_36m: 0.821008
auc_60m: 0.747854
mean_auc: 0.806575
HR_high_vs_low: 6.180627
HR_95CI_lower: 3.291561
HR_95CI_upper: 11.605483
cox_p: 0.000000

==================================================
Fold 4/5
==================================================
[ResNetCox] Loaded pretrained from /home/gly001/cqj/pa_ct_surv/model/ct_pretrain/resnet_18_23dataset.pth
  Missing keys (ok): ['fc.weight', 'fc.bias']
Epoch 1/50 | Train Loss: 2.7259 | Train C-index: 0.6535 | Val Loss: 4.6311 | Val C-index: 0.6648
Epoch 2/50 | Train Loss: 2.6247 | Train C-index: 0.7369 | Val Loss: 4.4690 | Val C-index: 0.7266
Epoch 3/50 | Train Loss: 2.5086 | Train C-index: 0.7713 | Val Loss: 4.4678 | Val C-index: 0.7349
Epoch 4/50 | Train Loss: 2.3923 | Train C-index: 0.8204 | Val Loss: 4.4328 | Val C-index: 0.7598
Epoch 5/50 | Train Loss: 2.2573 | Train C-index: 0.8618 | Val Loss: 4.5836 | Val C-index: 0.7320
Epoch 6/50 | Train Loss: 2.1280 | Train C-index: 0.8730 | Val Loss: 4.7078 | Val C-index: 0.7421
Epoch 7/50 | Train Loss: 1.9636 | Train C-index: 0.8965 | Val Loss: 4.8570 | Val C-index: 0.7386
Epoch 8/50 | Train Loss: 1.8402 | Train C-index: 0.8895 | Val Loss: 4.8157 | Val C-index: 0.7506
Epoch 9/50 | Train Loss: 1.9188 | Train C-index: 0.8915 | Val Loss: 4.7323 | Val C-index: 0.7082
Epoch 10/50 | Train Loss: 1.8333 | Train C-index: 0.9254 | Val Loss: 5.4426 | Val C-index: 0.7400
Epoch 11/50 | Train Loss: 1.6297 | Train C-index: 0.9209 | Val Loss: 4.8402 | Val C-index: 0.7348
Epoch 12/50 | Train Loss: 1.5402 | Train C-index: 0.9354 | Val Loss: 5.9782 | Val C-index: 0.6743
Epoch 13/50 | Train Loss: 1.5281 | Train C-index: 0.9223 | Val Loss: 5.2872 | Val C-index: 0.7067
Epoch 14/50 | Train Loss: 1.6721 | Train C-index: 0.9367 | Val Loss: 5.4674 | Val C-index: 0.7154
Early stopping at epoch 14
Fold 3 final C-index: 0.7598

Extra survival metrics:
cutoff_from_train_median: -1.060687
n_test: 168
n_high_risk: 90
n_low_risk: 78
n_event_test: 65
logrank_stat: 42.645180
logrank_p: 0.000000
auc_36m: 0.806202
auc_60m: 0.851565
mean_auc: 0.818400
HR_high_vs_low: 6.652053
HR_95CI_lower: 3.463048
HR_95CI_upper: 12.777706
cox_p: 0.000000

==================================================
Fold 5/5
==================================================
[ResNetCox] Loaded pretrained from /home/gly001/cqj/pa_ct_surv/model/ct_pretrain/resnet_18_23dataset.pth
  Missing keys (ok): ['fc.weight', 'fc.bias']
Epoch 1/50 | Train Loss: 2.8235 | Train C-index: 0.7461 | Val Loss: 4.4746 | Val C-index: 0.6991
Epoch 2/50 | Train Loss: 2.6530 | Train C-index: 0.7552 | Val Loss: 4.6390 | Val C-index: 0.7171
Epoch 3/50 | Train Loss: 2.6327 | Train C-index: 0.7772 | Val Loss: 4.5466 | Val C-index: 0.6897
Epoch 4/50 | Train Loss: 2.5383 | Train C-index: 0.8170 | Val Loss: 4.4944 | Val C-index: 0.7139
Epoch 5/50 | Train Loss: 2.4461 | Train C-index: 0.8187 | Val Loss: 4.6680 | Val C-index: 0.6936
Epoch 6/50 | Train Loss: 2.3001 | Train C-index: 0.8348 | Val Loss: 4.8670 | Val C-index: 0.6466
Epoch 7/50 | Train Loss: 2.1758 | Train C-index: 0.8633 | Val Loss: 4.9455 | Val C-index: 0.6968
Epoch 8/50 | Train Loss: 1.9959 | Train C-index: 0.8825 | Val Loss: 5.2569 | Val C-index: 0.7158
Epoch 9/50 | Train Loss: 1.9972 | Train C-index: 0.9009 | Val Loss: 5.1428 | Val C-index: 0.7171
Epoch 10/50 | Train Loss: 1.8690 | Train C-index: 0.8949 | Val Loss: 5.7117 | Val C-index: 0.6759
Epoch 11/50 | Train Loss: 1.7543 | Train C-index: 0.9191 | Val Loss: 5.6483 | Val C-index: 0.7093
Epoch 12/50 | Train Loss: 1.6051 | Train C-index: 0.9076 | Val Loss: 6.1469 | Val C-index: 0.6950
Early stopping at epoch 12
Fold 4 final C-index: 0.7171

Extra survival metrics:
cutoff_from_train_median: -1.487423
n_test: 168
n_high_risk: 70
n_low_risk: 98
n_event_test: 65
logrank_stat: 19.052896
logrank_p: 0.000013
auc_36m: 0.801603
auc_60m: 0.749248
mean_auc: 0.788045
HR_high_vs_low: 2.877201
HR_95CI_lower: 1.752008
HR_95CI_upper: 4.725026
cox_p: 0.000030

==================================================
5-Fold CV Summary
==================================================
  C-index: 0.7432 +/- 0.0258
