Using Device: cuda | ROI size: 64
PA model: abmil-cox-topk | Augment: True
CT pretrained: /home/gly001/cqj/pa_ct_surv/model/ct_pretrain/resnet_18_23dataset.pth
Checkpoints: /home/gly001/cqj/pa_ct_surv/experiments/single_modal_pact/exp3/checkpoints/lr4e-4
Results:     /home/gly001/cqj/pa_ct_surv/experiments/single_modal_pact/exp3/results/lr4e-4
Loaded 843 paired samples

==================================================
Fold 1/5
==================================================
[ResNetCox] Loaded pretrained from /home/gly001/cqj/pa_ct_surv/model/ct_pretrain/resnet_18_23dataset.pth
  Missing keys (ok): ['fc.weight', 'fc.bias']
Epoch 1/50 | Train Loss: 2.9203 | Train C-index: 0.6779 | Val Loss: 4.4640 | Val C-index: 0.6350
Epoch 2/50 | Train Loss: 2.7629 | Train C-index: 0.7267 | Val Loss: 4.3136 | Val C-index: 0.7349
Epoch 3/50 | Train Loss: 2.6461 | Train C-index: 0.7436 | Val Loss: 4.4240 | Val C-index: 0.6873
Epoch 4/50 | Train Loss: 2.5560 | Train C-index: 0.7788 | Val Loss: 4.3046 | Val C-index: 0.7614
Epoch 5/50 | Train Loss: 2.5575 | Train C-index: 0.8097 | Val Loss: 4.2046 | Val C-index: 0.7680
Epoch 6/50 | Train Loss: 2.3642 | Train C-index: 0.8267 | Val Loss: 4.2076 | Val C-index: 0.7728
Epoch 7/50 | Train Loss: 2.2875 | Train C-index: 0.8544 | Val Loss: 4.1561 | Val C-index: 0.7818
Epoch 8/50 | Train Loss: 2.2704 | Train C-index: 0.8740 | Val Loss: 4.2841 | Val C-index: 0.7733
Epoch 9/50 | Train Loss: 2.0030 | Train C-index: 0.8872 | Val Loss: 4.3581 | Val C-index: 0.7776
Epoch 10/50 | Train Loss: 2.0477 | Train C-index: 0.9045 | Val Loss: 4.4596 | Val C-index: 0.7668
Epoch 11/50 | Train Loss: 1.8348 | Train C-index: 0.9113 | Val Loss: 4.4679 | Val C-index: 0.7669
Epoch 12/50 | Train Loss: 1.8125 | Train C-index: 0.9209 | Val Loss: 4.6189 | Val C-index: 0.7655
Epoch 13/50 | Train Loss: 1.8121 | Train C-index: 0.9214 | Val Loss: 4.4046 | Val C-index: 0.7809
Epoch 14/50 | Train Loss: 1.7839 | Train C-index: 0.9290 | Val Loss: 4.7368 | Val C-index: 0.7653
Epoch 15/50 | Train Loss: 1.5170 | Train C-index: 0.9361 | Val Loss: 4.8220 | Val C-index: 0.7638
Epoch 16/50 | Train Loss: 1.4852 | Train C-index: 0.9294 | Val Loss: 4.8261 | Val C-index: 0.7567
Epoch 17/50 | Train Loss: 1.5877 | Train C-index: 0.9350 | Val Loss: 4.6121 | Val C-index: 0.7462
Early stopping at epoch 17
Fold 0 final C-index: 0.7818

Extra survival metrics:
cutoff_from_train_median: 0.794820
n_test: 169
n_high_risk: 98
n_low_risk: 71
n_event_test: 65
logrank_stat: 30.473683
logrank_p: 0.000000
auc_36m: 0.835693
auc_60m: 0.798855
mean_auc: 0.825283
HR_high_vs_low: 5.776619
HR_95CI_lower: 2.854894
HR_95CI_upper: 11.688464
cox_p: 0.000001

==================================================
Fold 2/5
==================================================
[ResNetCox] Loaded pretrained from /home/gly001/cqj/pa_ct_surv/model/ct_pretrain/resnet_18_23dataset.pth
  Missing keys (ok): ['fc.weight', 'fc.bias']
Epoch 1/50 | Train Loss: 2.7992 | Train C-index: 0.7124 | Val Loss: 4.5794 | Val C-index: 0.6600
Epoch 2/50 | Train Loss: 2.5591 | Train C-index: 0.7324 | Val Loss: 4.5272 | Val C-index: 0.6912
Epoch 3/50 | Train Loss: 2.4604 | Train C-index: 0.7870 | Val Loss: 4.6006 | Val C-index: 0.6830
Epoch 4/50 | Train Loss: 2.4600 | Train C-index: 0.8229 | Val Loss: 4.5804 | Val C-index: 0.7033
Epoch 5/50 | Train Loss: 2.3604 | Train C-index: 0.8387 | Val Loss: 4.5937 | Val C-index: 0.7044
Epoch 6/50 | Train Loss: 2.2247 | Train C-index: 0.8563 | Val Loss: 4.8422 | Val C-index: 0.6982
Epoch 7/50 | Train Loss: 2.1391 | Train C-index: 0.8754 | Val Loss: 4.7223 | Val C-index: 0.6873
Epoch 8/50 | Train Loss: 2.1292 | Train C-index: 0.9015 | Val Loss: 4.6836 | Val C-index: 0.6940
Epoch 9/50 | Train Loss: 1.9276 | Train C-index: 0.9084 | Val Loss: 4.8533 | Val C-index: 0.7084
Epoch 10/50 | Train Loss: 1.7716 | Train C-index: 0.9076 | Val Loss: 5.1728 | Val C-index: 0.6709
Epoch 11/50 | Train Loss: 1.7668 | Train C-index: 0.9076 | Val Loss: 4.8313 | Val C-index: 0.6968
Epoch 12/50 | Train Loss: 1.7325 | Train C-index: 0.9213 | Val Loss: 5.5317 | Val C-index: 0.6987
Epoch 13/50 | Train Loss: 1.7098 | Train C-index: 0.9336 | Val Loss: 5.1186 | Val C-index: 0.6826
Epoch 14/50 | Train Loss: 1.5588 | Train C-index: 0.9420 | Val Loss: 5.6828 | Val C-index: 0.6931
Epoch 15/50 | Train Loss: 1.5290 | Train C-index: 0.9286 | Val Loss: 5.6903 | Val C-index: 0.6900
Epoch 16/50 | Train Loss: 1.5772 | Train C-index: 0.9498 | Val Loss: 6.1576 | Val C-index: 0.7001
Epoch 17/50 | Train Loss: 1.3259 | Train C-index: 0.9511 | Val Loss: 5.5944 | Val C-index: 0.6741
Epoch 18/50 | Train Loss: 1.3436 | Train C-index: 0.9504 | Val Loss: 6.2873 | Val C-index: 0.6836
Epoch 19/50 | Train Loss: 1.3394 | Train C-index: 0.9528 | Val Loss: 6.4625 | Val C-index: 0.6991
Early stopping at epoch 19
Fold 1 final C-index: 0.7084

Extra survival metrics:
cutoff_from_train_median: -0.285091
n_test: 169
n_high_risk: 88
n_low_risk: 81
n_event_test: 65
logrank_stat: 31.011169
logrank_p: 0.000000
auc_36m: 0.735788
auc_60m: 0.710016
mean_auc: 0.729502
HR_high_vs_low: 4.806022
HR_95CI_lower: 2.611871
HR_95CI_upper: 8.843410
cox_p: 0.000000

==================================================
Fold 3/5
==================================================
[ResNetCox] Loaded pretrained from /home/gly001/cqj/pa_ct_surv/model/ct_pretrain/resnet_18_23dataset.pth
  Missing keys (ok): ['fc.weight', 'fc.bias']
Epoch 1/50 | Train Loss: 2.7694 | Train C-index: 0.6515 | Val Loss: 4.7244 | Val C-index: 0.6077
Epoch 2/50 | Train Loss: 2.5633 | Train C-index: 0.7289 | Val Loss: 4.5888 | Val C-index: 0.6726
Epoch 3/50 | Train Loss: 2.5112 | Train C-index: 0.7817 | Val Loss: 4.4817 | Val C-index: 0.7205
Epoch 4/50 | Train Loss: 2.4562 | Train C-index: 0.7732 | Val Loss: 4.5792 | Val C-index: 0.6913
Epoch 5/50 | Train Loss: 2.3419 | Train C-index: 0.8201 | Val Loss: 4.5383 | Val C-index: 0.7020
Epoch 6/50 | Train Loss: 2.3905 | Train C-index: 0.8415 | Val Loss: 4.4624 | Val C-index: 0.7360
Epoch 7/50 | Train Loss: 2.1563 | Train C-index: 0.8520 | Val Loss: 4.7856 | Val C-index: 0.7304
Epoch 8/50 | Train Loss: 2.1230 | Train C-index: 0.8883 | Val Loss: 4.6508 | Val C-index: 0.7135
Epoch 9/50 | Train Loss: 1.9289 | Train C-index: 0.8855 | Val Loss: 4.9956 | Val C-index: 0.6972
Epoch 10/50 | Train Loss: 1.8518 | Train C-index: 0.9157 | Val Loss: 5.6041 | Val C-index: 0.6961
Epoch 11/50 | Train Loss: 1.8039 | Train C-index: 0.8988 | Val Loss: 5.2942 | Val C-index: 0.6818
Epoch 12/50 | Train Loss: 1.6871 | Train C-index: 0.9258 | Val Loss: 5.5315 | Val C-index: 0.7038
Epoch 13/50 | Train Loss: 1.7075 | Train C-index: 0.9375 | Val Loss: 5.5545 | Val C-index: 0.7099
Epoch 14/50 | Train Loss: 1.4848 | Train C-index: 0.9422 | Val Loss: 5.7559 | Val C-index: 0.7081
Epoch 15/50 | Train Loss: 1.4412 | Train C-index: 0.9414 | Val Loss: 6.0230 | Val C-index: 0.7219
Epoch 16/50 | Train Loss: 1.4745 | Train C-index: 0.9404 | Val Loss: 5.5145 | Val C-index: 0.7202
Early stopping at epoch 16
Fold 2 final C-index: 0.7360

Extra survival metrics:
cutoff_from_train_median: -1.953288
n_test: 169
n_high_risk: 93
n_low_risk: 76
n_event_test: 65
logrank_stat: 29.295382
logrank_p: 0.000000
auc_36m: 0.802299
auc_60m: 0.732022
mean_auc: 0.788434
HR_high_vs_low: 4.835358
HR_95CI_lower: 2.574864
HR_95CI_upper: 9.080358
cox_p: 0.000001

==================================================
Fold 4/5
==================================================
[ResNetCox] Loaded pretrained from /home/gly001/cqj/pa_ct_surv/model/ct_pretrain/resnet_18_23dataset.pth
  Missing keys (ok): ['fc.weight', 'fc.bias']
Epoch 1/50 | Train Loss: 2.8238 | Train C-index: 0.6917 | Val Loss: 4.5663 | Val C-index: 0.7015
Epoch 2/50 | Train Loss: 2.6454 | Train C-index: 0.7100 | Val Loss: 4.5042 | Val C-index: 0.7067
Epoch 3/50 | Train Loss: 2.5408 | Train C-index: 0.8019 | Val Loss: 4.4701 | Val C-index: 0.7347
Epoch 4/50 | Train Loss: 2.4772 | Train C-index: 0.8103 | Val Loss: 4.4346 | Val C-index: 0.7547
Epoch 5/50 | Train Loss: 2.3527 | Train C-index: 0.8133 | Val Loss: 4.5944 | Val C-index: 0.7055
Epoch 6/50 | Train Loss: 2.2162 | Train C-index: 0.8473 | Val Loss: 4.5216 | Val C-index: 0.7382
Epoch 7/50 | Train Loss: 2.1124 | Train C-index: 0.8784 | Val Loss: 4.7302 | Val C-index: 0.7338
Epoch 8/50 | Train Loss: 1.9942 | Train C-index: 0.8894 | Val Loss: 5.3733 | Val C-index: 0.7296
Epoch 9/50 | Train Loss: 1.9556 | Train C-index: 0.8903 | Val Loss: 4.8256 | Val C-index: 0.7322
Epoch 10/50 | Train Loss: 1.8166 | Train C-index: 0.9159 | Val Loss: 5.2814 | Val C-index: 0.7045
Epoch 11/50 | Train Loss: 1.6937 | Train C-index: 0.9249 | Val Loss: 4.7926 | Val C-index: 0.7249
Epoch 12/50 | Train Loss: 1.6282 | Train C-index: 0.9212 | Val Loss: 5.1970 | Val C-index: 0.6814
Epoch 13/50 | Train Loss: 1.5952 | Train C-index: 0.9315 | Val Loss: 5.5229 | Val C-index: 0.7061
Epoch 14/50 | Train Loss: 1.5312 | Train C-index: 0.9256 | Val Loss: 5.4538 | Val C-index: 0.7031
Early stopping at epoch 14
Fold 3 final C-index: 0.7547

Extra survival metrics:
cutoff_from_train_median: -0.690339
n_test: 168
n_high_risk: 93
n_low_risk: 75
n_event_test: 65
logrank_stat: 40.166461
logrank_p: 0.000000
auc_36m: 0.798316
auc_60m: 0.839862
mean_auc: 0.809487
HR_high_vs_low: 6.684737
HR_95CI_lower: 3.397648
HR_95CI_upper: 13.151953
cox_p: 0.000000

==================================================
Fold 5/5
==================================================
[ResNetCox] Loaded pretrained from /home/gly001/cqj/pa_ct_surv/model/ct_pretrain/resnet_18_23dataset.pth
  Missing keys (ok): ['fc.weight', 'fc.bias']
Epoch 1/50 | Train Loss: 2.8130 | Train C-index: 0.6941 | Val Loss: 4.5465 | Val C-index: 0.6670
Epoch 2/50 | Train Loss: 2.7334 | Train C-index: 0.6935 | Val Loss: 4.5510 | Val C-index: 0.6671
Epoch 3/50 | Train Loss: 2.5461 | Train C-index: 0.7570 | Val Loss: 4.4269 | Val C-index: 0.7118
Epoch 4/50 | Train Loss: 2.5485 | Train C-index: 0.7628 | Val Loss: 4.4937 | Val C-index: 0.6985
Epoch 5/50 | Train Loss: 2.5167 | Train C-index: 0.7543 | Val Loss: 4.4900 | Val C-index: 0.6889
Epoch 6/50 | Train Loss: 2.3070 | Train C-index: 0.8038 | Val Loss: 4.5760 | Val C-index: 0.6920
Epoch 7/50 | Train Loss: 2.1444 | Train C-index: 0.8507 | Val Loss: 4.7375 | Val C-index: 0.7312
Epoch 8/50 | Train Loss: 2.1450 | Train C-index: 0.8440 | Val Loss: 4.8487 | Val C-index: 0.6706
Epoch 9/50 | Train Loss: 2.0477 | Train C-index: 0.8889 | Val Loss: 4.8067 | Val C-index: 0.7236
Epoch 10/50 | Train Loss: 1.8563 | Train C-index: 0.9034 | Val Loss: 5.1685 | Val C-index: 0.6720
Epoch 11/50 | Train Loss: 1.7858 | Train C-index: 0.8845 | Val Loss: 4.9533 | Val C-index: 0.6821
Epoch 12/50 | Train Loss: 1.9185 | Train C-index: 0.9105 | Val Loss: 4.9743 | Val C-index: 0.6988
Epoch 13/50 | Train Loss: 1.6436 | Train C-index: 0.9243 | Val Loss: 6.3090 | Val C-index: 0.6982
Epoch 14/50 | Train Loss: 1.6396 | Train C-index: 0.9393 | Val Loss: 5.7138 | Val C-index: 0.6977
Epoch 15/50 | Train Loss: 1.4975 | Train C-index: 0.9419 | Val Loss: 6.0044 | Val C-index: 0.6978
Epoch 16/50 | Train Loss: 1.4325 | Train C-index: 0.9448 | Val Loss: 5.9316 | Val C-index: 0.7018
Epoch 17/50 | Train Loss: 1.4134 | Train C-index: 0.9455 | Val Loss: 5.7860 | Val C-index: 0.7073
Early stopping at epoch 17
Fold 4 final C-index: 0.7312

Extra survival metrics:
cutoff_from_train_median: -1.412704
n_test: 168
n_high_risk: 79
n_low_risk: 89
n_event_test: 65
logrank_stat: 32.422108
logrank_p: 0.000000
auc_36m: 0.777403
auc_60m: 0.791959
mean_auc: 0.781172
HR_high_vs_low: 4.224318
HR_95CI_lower: 2.470653
HR_95CI_upper: 7.222730
cox_p: 0.000000

==================================================
5-Fold CV Summary
==================================================
  C-index: 0.7424 +/- 0.0275
