Using Device: cuda | ROI size: 64
PA model: abmil-cox-topk | Augment: True
CT pretrained: /home/gly001/cqj/pa_ct_surv/model/ct_pretrain/resnet_18_23dataset.pth
Checkpoints: /home/gly001/cqj/pa_ct_surv/experiments/single_modal_pact/exp4/checkpoints/bs64
Results:     /home/gly001/cqj/pa_ct_surv/experiments/single_modal_pact/exp4/results/bs64
Loaded 843 paired samples

==================================================
Fold 1/5
==================================================
[ResNetCox] Loaded pretrained from /home/gly001/cqj/pa_ct_surv/model/ct_pretrain/resnet_18_23dataset.pth
  Missing keys (ok): ['fc.weight', 'fc.bias']
Epoch 1/50 | Train Loss: 3.5750 | Train C-index: 0.7058 | Val Loss: 4.3945 | Val C-index: 0.7132
Epoch 2/50 | Train Loss: 3.4169 | Train C-index: 0.7205 | Val Loss: 4.3405 | Val C-index: 0.7262
Epoch 3/50 | Train Loss: 3.3675 | Train C-index: 0.7584 | Val Loss: 4.2683 | Val C-index: 0.7599
Epoch 4/50 | Train Loss: 3.2706 | Train C-index: 0.7708 | Val Loss: 4.2595 | Val C-index: 0.7485
Epoch 5/50 | Train Loss: 3.1703 | Train C-index: 0.7552 | Val Loss: 4.3466 | Val C-index: 0.7224
Epoch 6/50 | Train Loss: 3.0877 | Train C-index: 0.8059 | Val Loss: 4.1756 | Val C-index: 0.7775
Epoch 7/50 | Train Loss: 2.9389 | Train C-index: 0.8069 | Val Loss: 4.2984 | Val C-index: 0.7424
Epoch 8/50 | Train Loss: 2.8043 | Train C-index: 0.8150 | Val Loss: 4.3712 | Val C-index: 0.7341
Epoch 9/50 | Train Loss: 2.7267 | Train C-index: 0.8166 | Val Loss: 4.2461 | Val C-index: 0.7551
Epoch 10/50 | Train Loss: 2.6067 | Train C-index: 0.8316 | Val Loss: 4.3564 | Val C-index: 0.7457
Epoch 11/50 | Train Loss: 2.4527 | Train C-index: 0.8165 | Val Loss: 4.5327 | Val C-index: 0.7091
Epoch 12/50 | Train Loss: 2.3728 | Train C-index: 0.8509 | Val Loss: 4.4543 | Val C-index: 0.7218
Epoch 13/50 | Train Loss: 2.2966 | Train C-index: 0.8401 | Val Loss: 4.4195 | Val C-index: 0.7281
Epoch 14/50 | Train Loss: 2.2280 | Train C-index: 0.8477 | Val Loss: 4.5919 | Val C-index: 0.7010
Epoch 15/50 | Train Loss: 2.0874 | Train C-index: 0.8616 | Val Loss: 4.4557 | Val C-index: 0.7520
Epoch 16/50 | Train Loss: 2.1044 | Train C-index: 0.8453 | Val Loss: 4.6887 | Val C-index: 0.7155
Early stopping at epoch 16
Fold 0 final C-index: 0.7775

Extra survival metrics:
cutoff_from_train_median: -0.482380
n_test: 169
n_high_risk: 85
n_low_risk: 84
n_event_test: 65
logrank_stat: 32.702438
logrank_p: 0.000000
auc_36m: 0.818340
auc_60m: 0.785449
mean_auc: 0.809046
HR_high_vs_low: 4.971684
HR_95CI_lower: 2.703285
HR_95CI_upper: 9.143559
cox_p: 0.000000

==================================================
Fold 2/5
==================================================
[ResNetCox] Loaded pretrained from /home/gly001/cqj/pa_ct_surv/model/ct_pretrain/resnet_18_23dataset.pth
  Missing keys (ok): ['fc.weight', 'fc.bias']
Epoch 1/50 | Train Loss: 3.5721 | Train C-index: 0.6579 | Val Loss: 4.6378 | Val C-index: 0.6651
Epoch 2/50 | Train Loss: 3.3615 | Train C-index: 0.7072 | Val Loss: 4.6613 | Val C-index: 0.6633
Epoch 3/50 | Train Loss: 3.2915 | Train C-index: 0.7564 | Val Loss: 4.6269 | Val C-index: 0.6751
Epoch 4/50 | Train Loss: 3.2105 | Train C-index: 0.7773 | Val Loss: 4.6160 | Val C-index: 0.6858
Epoch 5/50 | Train Loss: 3.0511 | Train C-index: 0.8019 | Val Loss: 4.5943 | Val C-index: 0.6832
Epoch 6/50 | Train Loss: 3.0502 | Train C-index: 0.7512 | Val Loss: 4.6253 | Val C-index: 0.6851
Epoch 7/50 | Train Loss: 2.9057 | Train C-index: 0.7799 | Val Loss: 4.5966 | Val C-index: 0.6851
Epoch 8/50 | Train Loss: 2.7328 | Train C-index: 0.8096 | Val Loss: 4.6128 | Val C-index: 0.6905
Epoch 9/50 | Train Loss: 2.5714 | Train C-index: 0.8273 | Val Loss: 4.7923 | Val C-index: 0.6766
Epoch 10/50 | Train Loss: 2.5218 | Train C-index: 0.8316 | Val Loss: 4.7846 | Val C-index: 0.7043
Epoch 11/50 | Train Loss: 2.5042 | Train C-index: 0.8372 | Val Loss: 4.9133 | Val C-index: 0.6448
Epoch 12/50 | Train Loss: 2.3758 | Train C-index: 0.8349 | Val Loss: 4.9174 | Val C-index: 0.6618
Epoch 13/50 | Train Loss: 2.2791 | Train C-index: 0.8436 | Val Loss: 5.0588 | Val C-index: 0.6661
Epoch 14/50 | Train Loss: 2.3881 | Train C-index: 0.8484 | Val Loss: 5.0471 | Val C-index: 0.6570
Epoch 15/50 | Train Loss: 1.9842 | Train C-index: 0.8334 | Val Loss: 5.3867 | Val C-index: 0.6467
Epoch 16/50 | Train Loss: 1.9554 | Train C-index: 0.8225 | Val Loss: 4.9801 | Val C-index: 0.6550
Epoch 17/50 | Train Loss: 2.1155 | Train C-index: 0.8452 | Val Loss: 4.9586 | Val C-index: 0.6782
Epoch 18/50 | Train Loss: 1.8821 | Train C-index: 0.8690 | Val Loss: 5.4805 | Val C-index: 0.6508
Epoch 19/50 | Train Loss: 1.9093 | Train C-index: 0.8630 | Val Loss: 5.5095 | Val C-index: 0.6473
Epoch 20/50 | Train Loss: 2.0113 | Train C-index: 0.8223 | Val Loss: 5.0517 | Val C-index: 0.6048
Early stopping at epoch 20
Fold 1 final C-index: 0.7043

Extra survival metrics:
cutoff_from_train_median: -1.246357
n_test: 169
n_high_risk: 73
n_low_risk: 96
n_event_test: 65
logrank_stat: 13.528575
logrank_p: 0.000235
auc_36m: 0.744824
auc_60m: 0.684891
mean_auc: 0.730207
HR_high_vs_low: 2.478116
HR_95CI_lower: 1.502610
HR_95CI_upper: 4.086926
cox_p: 0.000378

==================================================
Fold 3/5
==================================================
[ResNetCox] Loaded pretrained from /home/gly001/cqj/pa_ct_surv/model/ct_pretrain/resnet_18_23dataset.pth
  Missing keys (ok): ['fc.weight', 'fc.bias']
Epoch 1/50 | Train Loss: 3.5469 | Train C-index: 0.6953 | Val Loss: 4.6021 | Val C-index: 0.6761
Epoch 2/50 | Train Loss: 3.4119 | Train C-index: 0.6770 | Val Loss: 4.6517 | Val C-index: 0.6633
Epoch 3/50 | Train Loss: 3.3415 | Train C-index: 0.7269 | Val Loss: 4.5609 | Val C-index: 0.7005
Epoch 4/50 | Train Loss: 3.2571 | Train C-index: 0.7415 | Val Loss: 4.5719 | Val C-index: 0.6995
Epoch 5/50 | Train Loss: 3.1657 | Train C-index: 0.7593 | Val Loss: 4.6695 | Val C-index: 0.6810
Epoch 6/50 | Train Loss: 3.0746 | Train C-index: 0.7493 | Val Loss: 4.7661 | Val C-index: 0.6297
Epoch 7/50 | Train Loss: 2.9297 | Train C-index: 0.7629 | Val Loss: 4.7909 | Val C-index: 0.6365
Epoch 8/50 | Train Loss: 2.8344 | Train C-index: 0.7767 | Val Loss: 4.8595 | Val C-index: 0.6290
Epoch 9/50 | Train Loss: 2.6134 | Train C-index: 0.7875 | Val Loss: 4.7974 | Val C-index: 0.6296
Epoch 10/50 | Train Loss: 2.6701 | Train C-index: 0.7919 | Val Loss: 4.9324 | Val C-index: 0.6187
Epoch 11/50 | Train Loss: 2.5716 | Train C-index: 0.8254 | Val Loss: 4.7138 | Val C-index: 0.6727
Epoch 12/50 | Train Loss: 2.3837 | Train C-index: 0.7753 | Val Loss: 5.1687 | Val C-index: 0.5961
Epoch 13/50 | Train Loss: 2.3226 | Train C-index: 0.8289 | Val Loss: 4.9077 | Val C-index: 0.5883
Early stopping at epoch 13
Fold 2 final C-index: 0.7005

Extra survival metrics:
cutoff_from_train_median: -1.227872
n_test: 169
n_high_risk: 76
n_low_risk: 93
n_event_test: 65
logrank_stat: 23.832447
logrank_p: 0.000001
auc_36m: 0.738915
auc_60m: 0.690892
mean_auc: 0.729440
HR_high_vs_low: 3.415509
HR_95CI_lower: 2.022545
HR_95CI_upper: 5.767832
cox_p: 0.000004

==================================================
Fold 4/5
==================================================
[ResNetCox] Loaded pretrained from /home/gly001/cqj/pa_ct_surv/model/ct_pretrain/resnet_18_23dataset.pth
  Missing keys (ok): ['fc.weight', 'fc.bias']
Epoch 1/50 | Train Loss: 3.5685 | Train C-index: 0.6666 | Val Loss: 4.5607 | Val C-index: 0.7245
Epoch 2/50 | Train Loss: 3.4187 | Train C-index: 0.6902 | Val Loss: 4.5310 | Val C-index: 0.7339
Epoch 3/50 | Train Loss: 3.3125 | Train C-index: 0.6917 | Val Loss: 4.5286 | Val C-index: 0.7206
Epoch 4/50 | Train Loss: 3.3434 | Train C-index: 0.6879 | Val Loss: 4.6305 | Val C-index: 0.6888
Epoch 5/50 | Train Loss: 3.1661 | Train C-index: 0.7382 | Val Loss: 4.5123 | Val C-index: 0.7165
Epoch 6/50 | Train Loss: 3.0560 | Train C-index: 0.7543 | Val Loss: 4.5268 | Val C-index: 0.7123
Epoch 7/50 | Train Loss: 2.9141 | Train C-index: 0.7753 | Val Loss: 4.4702 | Val C-index: 0.7297
Epoch 8/50 | Train Loss: 2.8640 | Train C-index: 0.7765 | Val Loss: 4.5220 | Val C-index: 0.7136
Epoch 9/50 | Train Loss: 2.7878 | Train C-index: 0.7781 | Val Loss: 4.6818 | Val C-index: 0.6869
Epoch 10/50 | Train Loss: 2.6156 | Train C-index: 0.7929 | Val Loss: 4.6282 | Val C-index: 0.6775
Epoch 11/50 | Train Loss: 2.4806 | Train C-index: 0.8024 | Val Loss: 4.5445 | Val C-index: 0.7369
Epoch 12/50 | Train Loss: 2.4508 | Train C-index: 0.8041 | Val Loss: 4.7634 | Val C-index: 0.6736
Epoch 13/50 | Train Loss: 2.3036 | Train C-index: 0.8215 | Val Loss: 4.6585 | Val C-index: 0.7261
Epoch 14/50 | Train Loss: 2.1611 | Train C-index: 0.8246 | Val Loss: 4.8435 | Val C-index: 0.6879
Epoch 15/50 | Train Loss: 2.0779 | Train C-index: 0.8420 | Val Loss: 4.9998 | Val C-index: 0.7379
Epoch 16/50 | Train Loss: 2.0751 | Train C-index: 0.8033 | Val Loss: 5.0628 | Val C-index: 0.6742
Epoch 17/50 | Train Loss: 2.0729 | Train C-index: 0.8522 | Val Loss: 5.0565 | Val C-index: 0.7150
Epoch 18/50 | Train Loss: 1.9941 | Train C-index: 0.8050 | Val Loss: 5.6458 | Val C-index: 0.6554
Epoch 19/50 | Train Loss: 1.9447 | Train C-index: 0.8567 | Val Loss: 5.0934 | Val C-index: 0.7258
Epoch 20/50 | Train Loss: 1.9436 | Train C-index: 0.8377 | Val Loss: 5.0514 | Val C-index: 0.7372
Epoch 21/50 | Train Loss: 1.9220 | Train C-index: 0.8052 | Val Loss: 5.2835 | Val C-index: 0.6884
Epoch 22/50 | Train Loss: 1.9635 | Train C-index: 0.8550 | Val Loss: 5.0420 | Val C-index: 0.7177
Epoch 23/50 | Train Loss: 1.8975 | Train C-index: 0.8502 | Val Loss: 5.2907 | Val C-index: 0.6806
Epoch 24/50 | Train Loss: 1.7514 | Train C-index: 0.8541 | Val Loss: 5.1408 | Val C-index: 0.7086
Epoch 25/50 | Train Loss: 1.7658 | Train C-index: 0.8439 | Val Loss: 5.5326 | Val C-index: 0.6920
Early stopping at epoch 25
Fold 3 final C-index: 0.7379

Extra survival metrics:
cutoff_from_train_median: -2.279531
n_test: 168
n_high_risk: 93
n_low_risk: 75
n_event_test: 65
logrank_stat: 33.622214
logrank_p: 0.000000
auc_36m: 0.770060
auc_60m: 0.804186
mean_auc: 0.779236
HR_high_vs_low: 5.329491
HR_95CI_lower: 2.836492
HR_95CI_upper: 10.013592
cox_p: 0.000000

==================================================
Fold 5/5
==================================================
[ResNetCox] Loaded pretrained from /home/gly001/cqj/pa_ct_surv/model/ct_pretrain/resnet_18_23dataset.pth
  Missing keys (ok): ['fc.weight', 'fc.bias']
Epoch 1/50 | Train Loss: 3.5406 | Train C-index: 0.7098 | Val Loss: 4.5513 | Val C-index: 0.6428
Epoch 2/50 | Train Loss: 3.4434 | Train C-index: 0.7062 | Val Loss: 4.5301 | Val C-index: 0.6638
Epoch 3/50 | Train Loss: 3.3206 | Train C-index: 0.7196 | Val Loss: 4.5356 | Val C-index: 0.6744
Epoch 4/50 | Train Loss: 3.2487 | Train C-index: 0.7170 | Val Loss: 4.5652 | Val C-index: 0.6601
Epoch 5/50 | Train Loss: 3.1604 | Train C-index: 0.7184 | Val Loss: 4.5344 | Val C-index: 0.6833
Epoch 6/50 | Train Loss: 3.0762 | Train C-index: 0.7518 | Val Loss: 4.6017 | Val C-index: 0.7098
Epoch 7/50 | Train Loss: 3.0412 | Train C-index: 0.7788 | Val Loss: 4.5636 | Val C-index: 0.6755
Epoch 8/50 | Train Loss: 2.8688 | Train C-index: 0.7808 | Val Loss: 4.6504 | Val C-index: 0.7054
Epoch 9/50 | Train Loss: 2.7649 | Train C-index: 0.7929 | Val Loss: 4.5564 | Val C-index: 0.6817
Epoch 10/50 | Train Loss: 2.6828 | Train C-index: 0.7584 | Val Loss: 4.5639 | Val C-index: 0.6760
Epoch 11/50 | Train Loss: 2.4475 | Train C-index: 0.8088 | Val Loss: 4.6641 | Val C-index: 0.6808
Epoch 12/50 | Train Loss: 2.3637 | Train C-index: 0.8120 | Val Loss: 4.6717 | Val C-index: 0.7108
Epoch 13/50 | Train Loss: 2.3268 | Train C-index: 0.8117 | Val Loss: 4.5673 | Val C-index: 0.7115
Epoch 14/50 | Train Loss: 2.1775 | Train C-index: 0.8231 | Val Loss: 4.5806 | Val C-index: 0.6906
Epoch 15/50 | Train Loss: 2.1345 | Train C-index: 0.8284 | Val Loss: 4.6986 | Val C-index: 0.6490
Epoch 16/50 | Train Loss: 2.0046 | Train C-index: 0.8515 | Val Loss: 4.7392 | Val C-index: 0.6873
Epoch 17/50 | Train Loss: 1.9727 | Train C-index: 0.7977 | Val Loss: 4.8049 | Val C-index: 0.6716
Epoch 18/50 | Train Loss: 1.9578 | Train C-index: 0.8244 | Val Loss: 4.7821 | Val C-index: 0.6675
Epoch 19/50 | Train Loss: 2.0604 | Train C-index: 0.8478 | Val Loss: 4.6961 | Val C-index: 0.6880
Epoch 20/50 | Train Loss: 1.9623 | Train C-index: 0.8497 | Val Loss: 5.0257 | Val C-index: 0.6648
Epoch 21/50 | Train Loss: 1.9631 | Train C-index: 0.8623 | Val Loss: 4.7496 | Val C-index: 0.7066
Epoch 22/50 | Train Loss: 1.9223 | Train C-index: 0.8475 | Val Loss: 4.5419 | Val C-index: 0.7166
Epoch 23/50 | Train Loss: 1.7232 | Train C-index: 0.8541 | Val Loss: 4.9957 | Val C-index: 0.6391
Epoch 24/50 | Train Loss: 1.7343 | Train C-index: 0.8614 | Val Loss: 4.5508 | Val C-index: 0.7053
Epoch 25/50 | Train Loss: 1.8768 | Train C-index: 0.8502 | Val Loss: 4.7988 | Val C-index: 0.6498
Epoch 26/50 | Train Loss: 1.9185 | Train C-index: 0.8420 | Val Loss: 4.6814 | Val C-index: 0.7050
Epoch 27/50 | Train Loss: 1.7124 | Train C-index: 0.8454 | Val Loss: 4.7092 | Val C-index: 0.6859
Epoch 28/50 | Train Loss: 1.7355 | Train C-index: 0.8526 | Val Loss: 4.8607 | Val C-index: 0.6304
Epoch 29/50 | Train Loss: 1.7149 | Train C-index: 0.8599 | Val Loss: 4.6850 | Val C-index: 0.7094
Epoch 30/50 | Train Loss: 1.5795 | Train C-index: 0.8729 | Val Loss: 5.0891 | Val C-index: 0.6667
Epoch 31/50 | Train Loss: 1.6296 | Train C-index: 0.8749 | Val Loss: 4.9669 | Val C-index: 0.6821
Epoch 32/50 | Train Loss: 1.6545 | Train C-index: 0.8712 | Val Loss: 5.1024 | Val C-index: 0.6779
Early stopping at epoch 32
Fold 4 final C-index: 0.7166

Extra survival metrics:
cutoff_from_train_median: -1.015385
n_test: 168
n_high_risk: 80
n_low_risk: 88
n_event_test: 65
logrank_stat: 36.633423
logrank_p: 0.000000
auc_36m: 0.733117
auc_60m: 0.796272
mean_auc: 0.749471
HR_high_vs_low: 4.755217
HR_95CI_lower: 2.742020
HR_95CI_upper: 8.246508
cox_p: 0.000000

==================================================
5-Fold CV Summary
==================================================
  C-index: 0.7274 +/- 0.0316
