Using Device: cuda | ROI size: 64
PA model: abmil-cox-topk | Augment: False
CT pretrained: /home/gly001/cqj/pa_ct_surv/model/ct_pretrain/resnet_18_23dataset.pth
Checkpoints: /home/gly001/cqj/pa_ct_surv/experiments/single_modal_pact/exp2/checkpoints/noaug
Results:     /home/gly001/cqj/pa_ct_surv/experiments/single_modal_pact/exp2/results/noaug
Loaded 843 paired samples

==================================================
Fold 1/5
==================================================
[ResNetCox] Loaded pretrained from /home/gly001/cqj/pa_ct_surv/model/ct_pretrain/resnet_18_23dataset.pth
  Missing keys (ok): ['fc.weight', 'fc.bias']
Epoch 1/50 | Train Loss: 2.7894 | Train C-index: 0.6507 | Val Loss: 4.5545 | Val C-index: 0.6587
Epoch 2/50 | Train Loss: 2.6182 | Train C-index: 0.7346 | Val Loss: 4.4411 | Val C-index: 0.7226
Epoch 3/50 | Train Loss: 2.5240 | Train C-index: 0.7637 | Val Loss: 4.3219 | Val C-index: 0.7532
Epoch 4/50 | Train Loss: 2.3749 | Train C-index: 0.7675 | Val Loss: 4.4415 | Val C-index: 0.7493
Epoch 5/50 | Train Loss: 2.2556 | Train C-index: 0.7972 | Val Loss: 4.3514 | Val C-index: 0.7262
Epoch 6/50 | Train Loss: 2.0434 | Train C-index: 0.7908 | Val Loss: 4.3873 | Val C-index: 0.7053
Epoch 7/50 | Train Loss: 1.8376 | Train C-index: 0.8051 | Val Loss: 4.4070 | Val C-index: 0.7380
Epoch 8/50 | Train Loss: 1.7620 | Train C-index: 0.7509 | Val Loss: 4.4963 | Val C-index: 0.6773
Epoch 9/50 | Train Loss: 1.6331 | Train C-index: 0.8224 | Val Loss: 4.4638 | Val C-index: 0.7356
Epoch 10/50 | Train Loss: 1.5156 | Train C-index: 0.8332 | Val Loss: 4.4288 | Val C-index: 0.7222
Epoch 11/50 | Train Loss: 1.6092 | Train C-index: 0.8477 | Val Loss: 4.6461 | Val C-index: 0.7257
Epoch 12/50 | Train Loss: 1.3867 | Train C-index: 0.8522 | Val Loss: 4.8561 | Val C-index: 0.7488
Epoch 13/50 | Train Loss: 1.3143 | Train C-index: 0.8423 | Val Loss: 5.0335 | Val C-index: 0.7015
Early stopping at epoch 13
Fold 0 final C-index: 0.7532

Extra survival metrics:
cutoff_from_train_median: -0.879590
n_test: 169
n_high_risk: 86
n_low_risk: 83
n_event_test: 65
logrank_stat: 40.789615
logrank_p: 0.000000
auc_36m: 0.790502
auc_60m: 0.747149
mean_auc: 0.778251
HR_high_vs_low: 6.348702
HR_95CI_lower: 3.314854
HR_95CI_upper: 12.159216
cox_p: 0.000000

==================================================
Fold 2/5
==================================================
[ResNetCox] Loaded pretrained from /home/gly001/cqj/pa_ct_surv/model/ct_pretrain/resnet_18_23dataset.pth
  Missing keys (ok): ['fc.weight', 'fc.bias']
Epoch 1/50 | Train Loss: 2.7852 | Train C-index: 0.6905 | Val Loss: 4.6656 | Val C-index: 0.6637
Epoch 2/50 | Train Loss: 2.5464 | Train C-index: 0.7284 | Val Loss: 4.6048 | Val C-index: 0.6703
Epoch 3/50 | Train Loss: 2.4614 | Train C-index: 0.7343 | Val Loss: 4.6876 | Val C-index: 0.6334
Epoch 4/50 | Train Loss: 2.3750 | Train C-index: 0.7667 | Val Loss: 4.6196 | Val C-index: 0.6717
Epoch 5/50 | Train Loss: 2.1518 | Train C-index: 0.8202 | Val Loss: 4.6076 | Val C-index: 0.7134
Epoch 6/50 | Train Loss: 1.9078 | Train C-index: 0.8054 | Val Loss: 4.7183 | Val C-index: 0.6727
Epoch 7/50 | Train Loss: 1.7882 | Train C-index: 0.8340 | Val Loss: 4.7311 | Val C-index: 0.6850
Epoch 8/50 | Train Loss: 1.7197 | Train C-index: 0.8240 | Val Loss: 4.7728 | Val C-index: 0.6652
Epoch 9/50 | Train Loss: 1.5541 | Train C-index: 0.8088 | Val Loss: 4.8647 | Val C-index: 0.6382
Epoch 10/50 | Train Loss: 1.5636 | Train C-index: 0.7760 | Val Loss: 4.8057 | Val C-index: 0.6070
Epoch 11/50 | Train Loss: 1.6158 | Train C-index: 0.8072 | Val Loss: 5.2969 | Val C-index: 0.6073
Epoch 12/50 | Train Loss: 1.2899 | Train C-index: 0.8457 | Val Loss: 5.2676 | Val C-index: 0.6670
Epoch 13/50 | Train Loss: 1.4749 | Train C-index: 0.8621 | Val Loss: 4.8781 | Val C-index: 0.6840
Epoch 14/50 | Train Loss: 1.2901 | Train C-index: 0.8668 | Val Loss: 5.4181 | Val C-index: 0.6604
Epoch 15/50 | Train Loss: 1.2494 | Train C-index: 0.8766 | Val Loss: 5.4849 | Val C-index: 0.6727
Early stopping at epoch 15
Fold 1 final C-index: 0.7134

Extra survival metrics:
cutoff_from_train_median: -1.099551
n_test: 169
n_high_risk: 84
n_low_risk: 85
n_event_test: 65
logrank_stat: 24.986874
logrank_p: 0.000001
auc_36m: 0.736947
auc_60m: 0.719136
mean_auc: 0.732603
HR_high_vs_low: 3.746449
HR_95CI_lower: 2.149472
HR_95CI_upper: 6.529920
cox_p: 0.000003

==================================================
Fold 3/5
==================================================
[ResNetCox] Loaded pretrained from /home/gly001/cqj/pa_ct_surv/model/ct_pretrain/resnet_18_23dataset.pth
  Missing keys (ok): ['fc.weight', 'fc.bias']
Epoch 1/50 | Train Loss: 2.7825 | Train C-index: 0.7232 | Val Loss: 4.5583 | Val C-index: 0.6981
Epoch 2/50 | Train Loss: 2.6143 | Train C-index: 0.7270 | Val Loss: 4.6415 | Val C-index: 0.6635
Epoch 3/50 | Train Loss: 2.4297 | Train C-index: 0.7681 | Val Loss: 4.5353 | Val C-index: 0.6993
Epoch 4/50 | Train Loss: 2.2990 | Train C-index: 0.7498 | Val Loss: 4.6083 | Val C-index: 0.6863
Epoch 5/50 | Train Loss: 2.1308 | Train C-index: 0.8099 | Val Loss: 4.4959 | Val C-index: 0.7151
Epoch 6/50 | Train Loss: 1.9699 | Train C-index: 0.8144 | Val Loss: 4.4739 | Val C-index: 0.7227
Epoch 7/50 | Train Loss: 1.7567 | Train C-index: 0.7845 | Val Loss: 4.6656 | Val C-index: 0.6945
Epoch 8/50 | Train Loss: 1.6597 | Train C-index: 0.8470 | Val Loss: 4.9523 | Val C-index: 0.6863
Epoch 9/50 | Train Loss: 1.6126 | Train C-index: 0.8057 | Val Loss: 4.7284 | Val C-index: 0.6815
Epoch 10/50 | Train Loss: 1.5488 | Train C-index: 0.8459 | Val Loss: 4.6191 | Val C-index: 0.7066
Epoch 11/50 | Train Loss: 1.3453 | Train C-index: 0.8686 | Val Loss: 4.7039 | Val C-index: 0.7409
Epoch 12/50 | Train Loss: 1.3968 | Train C-index: 0.8375 | Val Loss: 4.9022 | Val C-index: 0.7173
Epoch 13/50 | Train Loss: 1.3801 | Train C-index: 0.8320 | Val Loss: 4.8007 | Val C-index: 0.7064
Epoch 14/50 | Train Loss: 1.3363 | Train C-index: 0.8416 | Val Loss: 4.5964 | Val C-index: 0.7467
Epoch 15/50 | Train Loss: 1.4199 | Train C-index: 0.8115 | Val Loss: 5.0706 | Val C-index: 0.6769
Epoch 16/50 | Train Loss: 1.2771 | Train C-index: 0.8552 | Val Loss: 4.8249 | Val C-index: 0.7196
Epoch 17/50 | Train Loss: 1.2116 | Train C-index: 0.8641 | Val Loss: 4.9732 | Val C-index: 0.6981
Epoch 18/50 | Train Loss: 1.1246 | Train C-index: 0.8594 | Val Loss: 5.0482 | Val C-index: 0.7012
Epoch 19/50 | Train Loss: 1.0712 | Train C-index: 0.8797 | Val Loss: 5.4106 | Val C-index: 0.7277
Epoch 20/50 | Train Loss: 1.0245 | Train C-index: 0.8600 | Val Loss: 5.0073 | Val C-index: 0.7054
Epoch 21/50 | Train Loss: 1.0581 | Train C-index: 0.8794 | Val Loss: 5.5548 | Val C-index: 0.7236
Epoch 22/50 | Train Loss: 1.1049 | Train C-index: 0.8595 | Val Loss: 4.9011 | Val C-index: 0.7157
Epoch 23/50 | Train Loss: 1.0069 | Train C-index: 0.8816 | Val Loss: 5.4747 | Val C-index: 0.7018
Epoch 24/50 | Train Loss: 1.0237 | Train C-index: 0.8047 | Val Loss: 5.5384 | Val C-index: 0.6514
Early stopping at epoch 24
Fold 2 final C-index: 0.7467

Extra survival metrics:
cutoff_from_train_median: -0.898771
n_test: 169
n_high_risk: 96
n_low_risk: 73
n_event_test: 65
logrank_stat: 29.739643
logrank_p: 0.000000
auc_36m: 0.803847
auc_60m: 0.732351
mean_auc: 0.789741
HR_high_vs_low: 5.111240
HR_95CI_lower: 2.662427
HR_95CI_upper: 9.812390
cox_p: 0.000001

==================================================
Fold 4/5
==================================================
[ResNetCox] Loaded pretrained from /home/gly001/cqj/pa_ct_surv/model/ct_pretrain/resnet_18_23dataset.pth
  Missing keys (ok): ['fc.weight', 'fc.bias']
Epoch 1/50 | Train Loss: 2.8520 | Train C-index: 0.7247 | Val Loss: 4.5594 | Val C-index: 0.7360
Epoch 2/50 | Train Loss: 2.6113 | Train C-index: 0.7262 | Val Loss: 4.6673 | Val C-index: 0.7009
Epoch 3/50 | Train Loss: 2.5864 | Train C-index: 0.7401 | Val Loss: 4.6496 | Val C-index: 0.7081
Epoch 4/50 | Train Loss: 2.4671 | Train C-index: 0.7329 | Val Loss: 4.7347 | Val C-index: 0.6523
Epoch 5/50 | Train Loss: 2.2527 | Train C-index: 0.7852 | Val Loss: 4.6419 | Val C-index: 0.6675
Epoch 6/50 | Train Loss: 2.0620 | Train C-index: 0.8107 | Val Loss: 4.7479 | Val C-index: 0.6859
Epoch 7/50 | Train Loss: 1.9090 | Train C-index: 0.7941 | Val Loss: 4.8813 | Val C-index: 0.6592
Epoch 8/50 | Train Loss: 1.7724 | Train C-index: 0.8055 | Val Loss: 4.8003 | Val C-index: 0.6807
Epoch 9/50 | Train Loss: 1.6026 | Train C-index: 0.8006 | Val Loss: 5.2292 | Val C-index: 0.6091
Epoch 10/50 | Train Loss: 1.6585 | Train C-index: 0.8351 | Val Loss: 4.9104 | Val C-index: 0.6997
Epoch 11/50 | Train Loss: 1.5048 | Train C-index: 0.8681 | Val Loss: 5.3394 | Val C-index: 0.6888
Early stopping at epoch 11
Fold 3 final C-index: 0.7360

Extra survival metrics:
cutoff_from_train_median: -0.587917
n_test: 168
n_high_risk: 94
n_low_risk: 74
n_event_test: 65
logrank_stat: 39.201324
logrank_p: 0.000000
auc_36m: 0.764214
auc_60m: 0.812082
mean_auc: 0.777085
HR_high_vs_low: 6.577582
HR_95CI_lower: 3.341905
HR_95CI_upper: 12.946086
cox_p: 0.000000

==================================================
Fold 5/5
==================================================
[ResNetCox] Loaded pretrained from /home/gly001/cqj/pa_ct_surv/model/ct_pretrain/resnet_18_23dataset.pth
  Missing keys (ok): ['fc.weight', 'fc.bias']
Epoch 1/50 | Train Loss: 2.7851 | Train C-index: 0.7013 | Val Loss: 4.5173 | Val C-index: 0.6735
Epoch 2/50 | Train Loss: 2.6206 | Train C-index: 0.7114 | Val Loss: 4.6913 | Val C-index: 0.6482
Epoch 3/50 | Train Loss: 2.5413 | Train C-index: 0.6926 | Val Loss: 4.5005 | Val C-index: 0.6763
Epoch 4/50 | Train Loss: 2.4279 | Train C-index: 0.8047 | Val Loss: 4.4132 | Val C-index: 0.7135
Epoch 5/50 | Train Loss: 2.2590 | Train C-index: 0.8049 | Val Loss: 4.4616 | Val C-index: 0.6965
Epoch 6/50 | Train Loss: 2.0645 | Train C-index: 0.7931 | Val Loss: 4.7126 | Val C-index: 0.6355
Epoch 7/50 | Train Loss: 1.9556 | Train C-index: 0.8149 | Val Loss: 4.5510 | Val C-index: 0.6743
Epoch 8/50 | Train Loss: 1.6116 | Train C-index: 0.8225 | Val Loss: 4.8044 | Val C-index: 0.6578
Epoch 9/50 | Train Loss: 1.4894 | Train C-index: 0.8210 | Val Loss: 5.0873 | Val C-index: 0.6239
Epoch 10/50 | Train Loss: 1.4655 | Train C-index: 0.8198 | Val Loss: 5.3081 | Val C-index: 0.6746
Epoch 11/50 | Train Loss: 1.3798 | Train C-index: 0.8338 | Val Loss: 5.0610 | Val C-index: 0.6434
Epoch 12/50 | Train Loss: 1.4630 | Train C-index: 0.8548 | Val Loss: 4.9516 | Val C-index: 0.6690
Epoch 13/50 | Train Loss: 1.3136 | Train C-index: 0.8544 | Val Loss: 5.5157 | Val C-index: 0.6538
Epoch 14/50 | Train Loss: 1.4192 | Train C-index: 0.8735 | Val Loss: 4.8490 | Val C-index: 0.6829
Early stopping at epoch 14
Fold 4 final C-index: 0.7135

Extra survival metrics:
cutoff_from_train_median: -0.832291
n_test: 168
n_high_risk: 74
n_low_risk: 94
n_event_test: 65
logrank_stat: 18.607438
logrank_p: 0.000016
auc_36m: 0.785074
auc_60m: 0.768188
mean_auc: 0.780701
HR_high_vs_low: 2.873875
HR_95CI_lower: 1.738846
HR_95CI_upper: 4.749792
cox_p: 0.000038

==================================================
5-Fold CV Summary
==================================================
  C-index: 0.7326 +/- 0.0185
