Using Device: cuda
PA model: gabmil | k: None | Cox PH loss | ABMIL dropout: 0.0 | attention_branches: 1
Checkpoints: /home/gly001/cqj/pa_ct_surv/checkpoints/pact_v4/pathology/roi64_gabmil_dropout0.0_epochs30_coxbs64_lr1e-4_wd5e-4_seed42
Results: /home/gly001/cqj/pa_ct_surv/results/pact_v4/pathology/roi64_gabmil_dropout0.0_epochs30_coxbs64_lr1e-4_wd5e-4_seed42
Loaded 703 samples
Locked split: train=562, test=141
Test set is not accessed during CV

==================================================
Fold 1/5
==================================================
Epoch 1/30 | Train Loss: 3.1829 | Train C-index: 0.6035 | Val Loss: 4.1716 | Val C-index: 0.7302
Epoch 2/30 | Train Loss: 3.0509 | Train C-index: 0.7192 | Val Loss: 4.0817 | Val C-index: 0.7404
Epoch 3/30 | Train Loss: 2.9860 | Train C-index: 0.7352 | Val Loss: 4.0465 | Val C-index: 0.7423
Epoch 4/30 | Train Loss: 2.9432 | Train C-index: 0.7428 | Val Loss: 4.0296 | Val C-index: 0.7486
Epoch 5/30 | Train Loss: 2.8697 | Train C-index: 0.7534 | Val Loss: 4.0133 | Val C-index: 0.7509
Epoch 6/30 | Train Loss: 2.8423 | Train C-index: 0.7655 | Val Loss: 3.9952 | Val C-index: 0.7477
Epoch 7/30 | Train Loss: 2.8227 | Train C-index: 0.7780 | Val Loss: 3.9734 | Val C-index: 0.7557
Epoch 8/30 | Train Loss: 2.7634 | Train C-index: 0.7912 | Val Loss: 3.9414 | Val C-index: 0.7639
Epoch 9/30 | Train Loss: 2.7313 | Train C-index: 0.7984 | Val Loss: 3.9215 | Val C-index: 0.7703
Epoch 10/30 | Train Loss: 2.7032 | Train C-index: 0.8078 | Val Loss: 3.9187 | Val C-index: 0.7713
Epoch 11/30 | Train Loss: 2.6550 | Train C-index: 0.8187 | Val Loss: 3.9026 | Val C-index: 0.7764
Epoch 12/30 | Train Loss: 2.6461 | Train C-index: 0.8290 | Val Loss: 3.9003 | Val C-index: 0.7770
Epoch 13/30 | Train Loss: 2.5598 | Train C-index: 0.8399 | Val Loss: 3.8847 | Val C-index: 0.7792
Epoch 14/30 | Train Loss: 2.5050 | Train C-index: 0.8474 | Val Loss: 3.8962 | Val C-index: 0.7811
Epoch 15/30 | Train Loss: 2.4801 | Train C-index: 0.8547 | Val Loss: 3.9271 | Val C-index: 0.7799
Epoch 16/30 | Train Loss: 2.4265 | Train C-index: 0.8652 | Val Loss: 3.9246 | Val C-index: 0.7853
Epoch 17/30 | Train Loss: 2.3472 | Train C-index: 0.8732 | Val Loss: 3.9277 | Val C-index: 0.7821
Epoch 18/30 | Train Loss: 2.3234 | Train C-index: 0.8801 | Val Loss: 3.9957 | Val C-index: 0.7655
Epoch 19/30 | Train Loss: 2.2450 | Train C-index: 0.8895 | Val Loss: 4.0792 | Val C-index: 0.7646
Epoch 20/30 | Train Loss: 2.1804 | Train C-index: 0.8942 | Val Loss: 4.1057 | Val C-index: 0.7595
Epoch 21/30 | Train Loss: 2.1386 | Train C-index: 0.9016 | Val Loss: 4.2425 | Val C-index: 0.7480
Epoch 22/30 | Train Loss: 2.0653 | Train C-index: 0.9077 | Val Loss: 4.2057 | Val C-index: 0.7674
Epoch 23/30 | Train Loss: 2.0015 | Train C-index: 0.9142 | Val Loss: 4.4377 | Val C-index: 0.7235
Epoch 24/30 | Train Loss: 1.9467 | Train C-index: 0.9220 | Val Loss: 4.3603 | Val C-index: 0.7674
Epoch 25/30 | Train Loss: 1.9171 | Train C-index: 0.9278 | Val Loss: 4.6844 | Val C-index: 0.7120
Epoch 26/30 | Train Loss: 1.8242 | Train C-index: 0.9295 | Val Loss: 4.6669 | Val C-index: 0.7601
Early stopping at epoch 26
Fold 0 best C-index: 0.7853

Extra survival metrics:
cutoff_from_train_median: 0.292380
n_test: 113
n_high_risk: 53
n_low_risk: 60
n_event_test: 38
logrank_stat: 28.421972
logrank_p: 0.000000
auc_36m: 0.803833
auc_60m: 0.830615
HR_high_vs_low: 6.908502
HR_95CI_lower: 3.032695
HR_95CI_upper: 15.737619
cox_p: 0.000004

==================================================
Fold 2/5
==================================================
Epoch 1/30 | Train Loss: 3.2229 | Train C-index: 0.6310 | Val Loss: 4.0464 | Val C-index: 0.7366
Epoch 2/30 | Train Loss: 3.0683 | Train C-index: 0.7147 | Val Loss: 3.9539 | Val C-index: 0.7389
Epoch 3/30 | Train Loss: 3.0225 | Train C-index: 0.7301 | Val Loss: 3.9303 | Val C-index: 0.7415
Epoch 4/30 | Train Loss: 2.9873 | Train C-index: 0.7410 | Val Loss: 3.9202 | Val C-index: 0.7448
Epoch 5/30 | Train Loss: 2.9263 | Train C-index: 0.7514 | Val Loss: 3.9259 | Val C-index: 0.7494
Epoch 6/30 | Train Loss: 2.8817 | Train C-index: 0.7621 | Val Loss: 3.9338 | Val C-index: 0.7399
Epoch 7/30 | Train Loss: 2.8631 | Train C-index: 0.7739 | Val Loss: 3.9257 | Val C-index: 0.7465
Epoch 8/30 | Train Loss: 2.8028 | Train C-index: 0.7833 | Val Loss: 3.9287 | Val C-index: 0.7422
Epoch 9/30 | Train Loss: 2.7496 | Train C-index: 0.7970 | Val Loss: 3.9322 | Val C-index: 0.7507
Epoch 10/30 | Train Loss: 2.6963 | Train C-index: 0.8073 | Val Loss: 3.9429 | Val C-index: 0.7537
Epoch 11/30 | Train Loss: 2.6806 | Train C-index: 0.8153 | Val Loss: 3.9616 | Val C-index: 0.7491
Epoch 12/30 | Train Loss: 2.6125 | Train C-index: 0.8283 | Val Loss: 4.0070 | Val C-index: 0.7448
Epoch 13/30 | Train Loss: 2.5678 | Train C-index: 0.8373 | Val Loss: 4.1002 | Val C-index: 0.7498
Epoch 14/30 | Train Loss: 2.5331 | Train C-index: 0.8489 | Val Loss: 4.1342 | Val C-index: 0.7346
Epoch 15/30 | Train Loss: 2.4567 | Train C-index: 0.8610 | Val Loss: 4.2211 | Val C-index: 0.7290
Epoch 16/30 | Train Loss: 2.4203 | Train C-index: 0.8679 | Val Loss: 4.2934 | Val C-index: 0.7277
Epoch 17/30 | Train Loss: 2.3447 | Train C-index: 0.8785 | Val Loss: 4.4131 | Val C-index: 0.7122
Epoch 18/30 | Train Loss: 2.2504 | Train C-index: 0.8865 | Val Loss: 4.4705 | Val C-index: 0.7241
Epoch 19/30 | Train Loss: 2.1755 | Train C-index: 0.8917 | Val Loss: 4.7022 | Val C-index: 0.6918
Epoch 20/30 | Train Loss: 2.1889 | Train C-index: 0.8994 | Val Loss: 4.7228 | Val C-index: 0.7172
Early stopping at epoch 20
Fold 1 best C-index: 0.7537

Extra survival metrics:
cutoff_from_train_median: -0.199390
n_test: 113
n_high_risk: 53
n_low_risk: 60
n_event_test: 39
logrank_stat: 24.741634
logrank_p: 0.000001
auc_36m: 0.759112
auc_60m: 0.785756
HR_high_vs_low: 6.801927
HR_95CI_lower: 2.840195
HR_95CI_upper: 16.289804
cox_p: 0.000017

==================================================
Fold 3/5
==================================================
Epoch 1/30 | Train Loss: 3.3052 | Train C-index: 0.6490 | Val Loss: 4.1104 | Val C-index: 0.6688
Epoch 2/30 | Train Loss: 3.0407 | Train C-index: 0.7326 | Val Loss: 4.0725 | Val C-index: 0.6820
Epoch 3/30 | Train Loss: 3.0350 | Train C-index: 0.7396 | Val Loss: 4.0714 | Val C-index: 0.6888
Epoch 4/30 | Train Loss: 2.9630 | Train C-index: 0.7471 | Val Loss: 4.0722 | Val C-index: 0.6942
Epoch 5/30 | Train Loss: 2.9647 | Train C-index: 0.7573 | Val Loss: 4.0517 | Val C-index: 0.6980
Epoch 6/30 | Train Loss: 2.8952 | Train C-index: 0.7675 | Val Loss: 4.0178 | Val C-index: 0.7047
Epoch 7/30 | Train Loss: 2.8423 | Train C-index: 0.7782 | Val Loss: 4.0002 | Val C-index: 0.7081
Epoch 8/30 | Train Loss: 2.7941 | Train C-index: 0.7886 | Val Loss: 3.9970 | Val C-index: 0.7125
Epoch 9/30 | Train Loss: 2.8540 | Train C-index: 0.7982 | Val Loss: 3.9953 | Val C-index: 0.7139
Epoch 10/30 | Train Loss: 2.7534 | Train C-index: 0.8081 | Val Loss: 4.0088 | Val C-index: 0.7200
Epoch 11/30 | Train Loss: 2.6986 | Train C-index: 0.8133 | Val Loss: 4.0345 | Val C-index: 0.7217
Epoch 12/30 | Train Loss: 2.6809 | Train C-index: 0.8207 | Val Loss: 4.0830 | Val C-index: 0.7217
Epoch 13/30 | Train Loss: 2.5832 | Train C-index: 0.8291 | Val Loss: 4.1482 | Val C-index: 0.7190
Epoch 14/30 | Train Loss: 2.6270 | Train C-index: 0.8345 | Val Loss: 4.1906 | Val C-index: 0.7139
Epoch 15/30 | Train Loss: 2.5518 | Train C-index: 0.8376 | Val Loss: 4.2377 | Val C-index: 0.7156
Epoch 16/30 | Train Loss: 2.5090 | Train C-index: 0.8490 | Val Loss: 4.2483 | Val C-index: 0.7275
Epoch 17/30 | Train Loss: 2.4605 | Train C-index: 0.8585 | Val Loss: 4.2244 | Val C-index: 0.7247
Epoch 18/30 | Train Loss: 2.4237 | Train C-index: 0.8658 | Val Loss: 4.2076 | Val C-index: 0.7251
Epoch 19/30 | Train Loss: 2.3493 | Train C-index: 0.8720 | Val Loss: 4.2662 | Val C-index: 0.7298
Epoch 20/30 | Train Loss: 2.2995 | Train C-index: 0.8790 | Val Loss: 4.3159 | Val C-index: 0.7315
Epoch 21/30 | Train Loss: 2.2773 | Train C-index: 0.8872 | Val Loss: 4.3572 | Val C-index: 0.7349
Epoch 22/30 | Train Loss: 2.2151 | Train C-index: 0.8915 | Val Loss: 4.3728 | Val C-index: 0.7278
Epoch 23/30 | Train Loss: 2.2485 | Train C-index: 0.8999 | Val Loss: 4.4955 | Val C-index: 0.7166
Epoch 24/30 | Train Loss: 2.1062 | Train C-index: 0.9014 | Val Loss: 4.5387 | Val C-index: 0.7312
Epoch 25/30 | Train Loss: 2.0683 | Train C-index: 0.9060 | Val Loss: 4.6344 | Val C-index: 0.7278
Epoch 26/30 | Train Loss: 1.9942 | Train C-index: 0.9175 | Val Loss: 4.7597 | Val C-index: 0.7214
Epoch 27/30 | Train Loss: 1.9530 | Train C-index: 0.9231 | Val Loss: 4.8919 | Val C-index: 0.7108
Epoch 28/30 | Train Loss: 1.8674 | Train C-index: 0.9329 | Val Loss: 5.0976 | Val C-index: 0.7071
Epoch 29/30 | Train Loss: 1.8073 | Train C-index: 0.9379 | Val Loss: 5.2095 | Val C-index: 0.7159
Epoch 30/30 | Train Loss: 1.6897 | Train C-index: 0.9440 | Val Loss: 5.4127 | Val C-index: 0.7047
Fold 2 best C-index: 0.7349

Extra survival metrics:
cutoff_from_train_median: 0.120477
n_test: 112
n_high_risk: 67
n_low_risk: 45
n_event_test: 38
logrank_stat: 14.672003
logrank_p: 0.000128
auc_36m: 0.778115
auc_60m: 0.760911
HR_high_vs_low: 5.201189
HR_95CI_lower: 2.028361
HR_95CI_upper: 13.337059
cox_p: 0.000599

==================================================
Fold 4/5
==================================================
Epoch 1/30 | Train Loss: 3.2627 | Train C-index: 0.6182 | Val Loss: 4.0777 | Val C-index: 0.7134
Epoch 2/30 | Train Loss: 3.0798 | Train C-index: 0.7210 | Val Loss: 4.0079 | Val C-index: 0.7154
Epoch 3/30 | Train Loss: 3.0116 | Train C-index: 0.7317 | Val Loss: 3.9934 | Val C-index: 0.7157
Epoch 4/30 | Train Loss: 2.9329 | Train C-index: 0.7430 | Val Loss: 3.9802 | Val C-index: 0.7210
Epoch 5/30 | Train Loss: 2.9238 | Train C-index: 0.7550 | Val Loss: 3.9742 | Val C-index: 0.7230
Epoch 6/30 | Train Loss: 2.8640 | Train C-index: 0.7675 | Val Loss: 3.9680 | Val C-index: 0.7253
Epoch 7/30 | Train Loss: 2.9070 | Train C-index: 0.7802 | Val Loss: 3.9628 | Val C-index: 0.7280
Epoch 8/30 | Train Loss: 2.8031 | Train C-index: 0.7891 | Val Loss: 3.9560 | Val C-index: 0.7376
Epoch 9/30 | Train Loss: 2.7752 | Train C-index: 0.7973 | Val Loss: 3.9450 | Val C-index: 0.7399
Epoch 10/30 | Train Loss: 2.7058 | Train C-index: 0.8069 | Val Loss: 3.9447 | Val C-index: 0.7416
Epoch 11/30 | Train Loss: 2.6959 | Train C-index: 0.8119 | Val Loss: 3.9716 | Val C-index: 0.7376
Epoch 12/30 | Train Loss: 2.6561 | Train C-index: 0.8203 | Val Loss: 4.0000 | Val C-index: 0.7336
Epoch 13/30 | Train Loss: 2.6531 | Train C-index: 0.8291 | Val Loss: 4.0082 | Val C-index: 0.7349
Epoch 14/30 | Train Loss: 2.5861 | Train C-index: 0.8363 | Val Loss: 4.0188 | Val C-index: 0.7313
Epoch 15/30 | Train Loss: 2.5453 | Train C-index: 0.8442 | Val Loss: 4.0319 | Val C-index: 0.7349
Epoch 16/30 | Train Loss: 2.5075 | Train C-index: 0.8530 | Val Loss: 4.0559 | Val C-index: 0.7359
Epoch 17/30 | Train Loss: 2.4397 | Train C-index: 0.8595 | Val Loss: 4.0784 | Val C-index: 0.7346
Epoch 18/30 | Train Loss: 2.4191 | Train C-index: 0.8634 | Val Loss: 4.1380 | Val C-index: 0.7339
Epoch 19/30 | Train Loss: 2.3716 | Train C-index: 0.8745 | Val Loss: 4.1172 | Val C-index: 0.7353
Epoch 20/30 | Train Loss: 2.3029 | Train C-index: 0.8840 | Val Loss: 4.1461 | Val C-index: 0.7270
Early stopping at epoch 20
Fold 3 best C-index: 0.7416

Extra survival metrics:
cutoff_from_train_median: -0.050851
n_test: 112
n_high_risk: 47
n_low_risk: 65
n_event_test: 38
logrank_stat: 17.348314
logrank_p: 0.000031
auc_36m: 0.795247
auc_60m: 0.712650
HR_high_vs_low: 3.880434
HR_95CI_lower: 1.952736
HR_95CI_upper: 7.711113
cox_p: 0.000109

==================================================
Fold 5/5
==================================================
Epoch 1/30 | Train Loss: 3.2237 | Train C-index: 0.6618 | Val Loss: 4.1672 | Val C-index: 0.6595
Epoch 2/30 | Train Loss: 3.1545 | Train C-index: 0.7384 | Val Loss: 4.1806 | Val C-index: 0.6541
Epoch 3/30 | Train Loss: 2.9538 | Train C-index: 0.7529 | Val Loss: 4.2222 | Val C-index: 0.6400
Epoch 4/30 | Train Loss: 2.9064 | Train C-index: 0.7638 | Val Loss: 4.2343 | Val C-index: 0.6393
Epoch 5/30 | Train Loss: 2.8902 | Train C-index: 0.7701 | Val Loss: 4.2503 | Val C-index: 0.6376
Epoch 6/30 | Train Loss: 2.8380 | Train C-index: 0.7828 | Val Loss: 4.2479 | Val C-index: 0.6427
Epoch 7/30 | Train Loss: 2.8153 | Train C-index: 0.7912 | Val Loss: 4.2467 | Val C-index: 0.6494
Epoch 8/30 | Train Loss: 2.7545 | Train C-index: 0.7992 | Val Loss: 4.2436 | Val C-index: 0.6494
Epoch 9/30 | Train Loss: 2.7589 | Train C-index: 0.8079 | Val Loss: 4.2657 | Val C-index: 0.6548
Epoch 10/30 | Train Loss: 2.6843 | Train C-index: 0.8150 | Val Loss: 4.3062 | Val C-index: 0.6501
Epoch 11/30 | Train Loss: 2.6443 | Train C-index: 0.8257 | Val Loss: 4.2808 | Val C-index: 0.6605
Epoch 12/30 | Train Loss: 2.6273 | Train C-index: 0.8354 | Val Loss: 4.2622 | Val C-index: 0.6676
Epoch 13/30 | Train Loss: 2.5603 | Train C-index: 0.8430 | Val Loss: 4.2976 | Val C-index: 0.6682
Epoch 14/30 | Train Loss: 2.5160 | Train C-index: 0.8510 | Val Loss: 4.3220 | Val C-index: 0.6733
Epoch 15/30 | Train Loss: 2.4928 | Train C-index: 0.8593 | Val Loss: 4.3778 | Val C-index: 0.6733
Epoch 16/30 | Train Loss: 2.4200 | Train C-index: 0.8669 | Val Loss: 4.4003 | Val C-index: 0.6763
Epoch 17/30 | Train Loss: 2.3497 | Train C-index: 0.8711 | Val Loss: 4.4344 | Val C-index: 0.6830
Epoch 18/30 | Train Loss: 2.3198 | Train C-index: 0.8791 | Val Loss: 4.4635 | Val C-index: 0.6803
Epoch 19/30 | Train Loss: 2.2494 | Train C-index: 0.8907 | Val Loss: 4.5166 | Val C-index: 0.6736
Epoch 20/30 | Train Loss: 2.1932 | Train C-index: 0.8959 | Val Loss: 4.5830 | Val C-index: 0.6783
Epoch 21/30 | Train Loss: 2.1441 | Train C-index: 0.8992 | Val Loss: 4.6170 | Val C-index: 0.6827
Epoch 22/30 | Train Loss: 2.0988 | Train C-index: 0.9045 | Val Loss: 4.7030 | Val C-index: 0.6817
Epoch 23/30 | Train Loss: 2.0329 | Train C-index: 0.9111 | Val Loss: 4.8703 | Val C-index: 0.6776
Epoch 24/30 | Train Loss: 2.0263 | Train C-index: 0.9193 | Val Loss: 4.9661 | Val C-index: 0.6669
Epoch 25/30 | Train Loss: 1.9763 | Train C-index: 0.9230 | Val Loss: 5.1637 | Val C-index: 0.6588
Epoch 26/30 | Train Loss: 1.9702 | Train C-index: 0.9230 | Val Loss: 5.0194 | Val C-index: 0.6655
Epoch 27/30 | Train Loss: 1.9454 | Train C-index: 0.9292 | Val Loss: 5.3272 | Val C-index: 0.6582
Early stopping at epoch 27
Fold 4 best C-index: 0.6830

Extra survival metrics:
cutoff_from_train_median: 0.356390
n_test: 112
n_high_risk: 66
n_low_risk: 46
n_event_test: 38
logrank_stat: 4.704721
logrank_p: 0.030080
auc_36m: 0.760101
auc_60m: 0.687096
HR_high_vs_low: 2.137281
HR_95CI_lower: 1.057771
HR_95CI_upper: 4.318487
cox_p: 0.034305

==================================================
5-Fold CV Summary
==================================================
  C-index mean: 0.7397
