nohup: ignoring input
Using Device: cuda | ROI: 64
PA: abmil | CT: resnet18 | Fusion: weighted | Augment: True
LR: 0.0001 | CT Backbone LR: 1e-05
Loss: Fused Cox + 0*CT + 0*PA
CT pretrained: /home/gly001/cqj/pa_ct_surv/model/ct_pretrain/resnet_18_23dataset.pth
Checkpoints: /home/gly001/cqj/pa_ct_surv/checkpoints/pact_v3/pact/roi64_abmil_resnet18_weighted/seed42
Results: /home/gly001/cqj/pa_ct_surv/results/pact_v3/pact/roi64_abmil_resnet18_weighted/seed42
Loaded 703 paired samples
Locked split: train=562, test=141
Test set is not accessed during CV

==================================================
Fold 1/5
==================================================
[ResNetCox] Loaded pretrained from /home/gly001/cqj/pa_ct_surv/model/ct_pretrain/resnet_18_23dataset.pth
  Missing keys (ok): ['fc.weight', 'fc.bias']
Epoch 1/30 | Train Loss: 3.1968 (Fused: 3.1968) | Train C-index: 0.6929 | Val Fused: 0.6680 | Val CT: 0.5747 | Val PA: 0.7407 | Alpha CT: 0.4998 | Alpha PA: 0.5002
Epoch 2/30 | Train Loss: 3.1034 (Fused: 3.1034) | Train C-index: 0.7203 | Val Fused: 0.7432 | Val CT: 0.6779 | Val PA: 0.7400 | Alpha CT: 0.4996 | Alpha PA: 0.5004
Epoch 3/30 | Train Loss: 3.0259 (Fused: 3.0259) | Train C-index: 0.7184 | Val Fused: 0.7248 | Val CT: 0.5782 | Val PA: 0.7455 | Alpha CT: 0.4994 | Alpha PA: 0.5006
Epoch 4/30 | Train Loss: 2.9754 (Fused: 2.9754) | Train C-index: 0.7294 | Val Fused: 0.7241 | Val CT: 0.5747 | Val PA: 0.7480 | Alpha CT: 0.4993 | Alpha PA: 0.5007
Epoch 5/30 | Train Loss: 2.9209 (Fused: 2.9209) | Train C-index: 0.6927 | Val Fused: 0.6658 | Val CT: 0.5336 | Val PA: 0.7525 | Alpha CT: 0.4992 | Alpha PA: 0.5008
Epoch 6/30 | Train Loss: 2.9109 (Fused: 2.9109) | Train C-index: 0.7519 | Val Fused: 0.7502 | Val CT: 0.5903 | Val PA: 0.7563 | Alpha CT: 0.4991 | Alpha PA: 0.5009
Epoch 7/30 | Train Loss: 2.8825 (Fused: 2.8825) | Train C-index: 0.7603 | Val Fused: 0.7550 | Val CT: 0.5910 | Val PA: 0.7592 | Alpha CT: 0.4989 | Alpha PA: 0.5011
Epoch 8/30 | Train Loss: 2.8408 (Fused: 2.8408) | Train C-index: 0.7730 | Val Fused: 0.7697 | Val CT: 0.6598 | Val PA: 0.7646 | Alpha CT: 0.4988 | Alpha PA: 0.5012
Epoch 9/30 | Train Loss: 2.8201 (Fused: 2.8201) | Train C-index: 0.7026 | Val Fused: 0.6470 | Val CT: 0.5409 | Val PA: 0.7649 | Alpha CT: 0.4987 | Alpha PA: 0.5013
Epoch 10/30 | Train Loss: 2.7628 (Fused: 2.7628) | Train C-index: 0.7739 | Val Fused: 0.7451 | Val CT: 0.5744 | Val PA: 0.7700 | Alpha CT: 0.4985 | Alpha PA: 0.5015
Epoch 11/30 | Train Loss: 2.7352 (Fused: 2.7352) | Train C-index: 0.7865 | Val Fused: 0.7585 | Val CT: 0.5773 | Val PA: 0.7738 | Alpha CT: 0.4984 | Alpha PA: 0.5016
Epoch 12/30 | Train Loss: 2.7349 (Fused: 2.7349) | Train C-index: 0.7084 | Val Fused: 0.6658 | Val CT: 0.5451 | Val PA: 0.7792 | Alpha CT: 0.4983 | Alpha PA: 0.5017
Epoch 13/30 | Train Loss: 2.6989 (Fused: 2.6989) | Train C-index: 0.7693 | Val Fused: 0.7286 | Val CT: 0.5702 | Val PA: 0.7789 | Alpha CT: 0.4981 | Alpha PA: 0.5019
Epoch 14/30 | Train Loss: 2.6377 (Fused: 2.6377) | Train C-index: 0.7525 | Val Fused: 0.7012 | Val CT: 0.5687 | Val PA: 0.7840 | Alpha CT: 0.4979 | Alpha PA: 0.5021
Epoch 15/30 | Train Loss: 2.5642 (Fused: 2.5642) | Train C-index: 0.8092 | Val Fused: 0.7518 | Val CT: 0.5814 | Val PA: 0.7764 | Alpha CT: 0.4977 | Alpha PA: 0.5023
Epoch 16/30 | Train Loss: 2.5465 (Fused: 2.5465) | Train C-index: 0.8374 | Val Fused: 0.7725 | Val CT: 0.6053 | Val PA: 0.7808 | Alpha CT: 0.4975 | Alpha PA: 0.5025
Epoch 17/30 | Train Loss: 2.4861 (Fused: 2.4861) | Train C-index: 0.8436 | Val Fused: 0.7821 | Val CT: 0.5830 | Val PA: 0.7853 | Alpha CT: 0.4973 | Alpha PA: 0.5027
Epoch 18/30 | Train Loss: 2.4262 (Fused: 2.4262) | Train C-index: 0.7451 | Val Fused: 0.6642 | Val CT: 0.5473 | Val PA: 0.7757 | Alpha CT: 0.4971 | Alpha PA: 0.5029
Epoch 19/30 | Train Loss: 2.4219 (Fused: 2.4219) | Train C-index: 0.8110 | Val Fused: 0.7292 | Val CT: 0.5585 | Val PA: 0.7751 | Alpha CT: 0.4969 | Alpha PA: 0.5031
Epoch 20/30 | Train Loss: 2.3337 (Fused: 2.3337) | Train C-index: 0.7370 | Val Fused: 0.6349 | Val CT: 0.5553 | Val PA: 0.7671 | Alpha CT: 0.4968 | Alpha PA: 0.5032
Epoch 21/30 | Train Loss: 2.2712 (Fused: 2.2712) | Train C-index: 0.7947 | Val Fused: 0.6725 | Val CT: 0.5578 | Val PA: 0.7636 | Alpha CT: 0.4965 | Alpha PA: 0.5035
Epoch 22/30 | Train Loss: 2.2081 (Fused: 2.2081) | Train C-index: 0.8481 | Val Fused: 0.7340 | Val CT: 0.5368 | Val PA: 0.7569 | Alpha CT: 0.4963 | Alpha PA: 0.5037
Epoch 23/30 | Train Loss: 2.1153 (Fused: 2.1153) | Train C-index: 0.8835 | Val Fused: 0.7451 | Val CT: 0.6085 | Val PA: 0.7426 | Alpha CT: 0.4961 | Alpha PA: 0.5039
Epoch 24/30 | Train Loss: 2.0834 (Fused: 2.0834) | Train C-index: 0.7647 | Val Fused: 0.6196 | Val CT: 0.4982 | Val PA: 0.7442 | Alpha CT: 0.4959 | Alpha PA: 0.5041
Epoch 25/30 | Train Loss: 2.0006 (Fused: 2.0006) | Train C-index: 0.8054 | Val Fused: 0.6572 | Val CT: 0.5276 | Val PA: 0.7400 | Alpha CT: 0.4957 | Alpha PA: 0.5043
Epoch 26/30 | Train Loss: 1.9555 (Fused: 1.9555) | Train C-index: 0.8270 | Val Fused: 0.6582 | Val CT: 0.5078 | Val PA: 0.7334 | Alpha CT: 0.4954 | Alpha PA: 0.5046
Epoch 27/30 | Train Loss: 1.8189 (Fused: 1.8189) | Train C-index: 0.9190 | Val Fused: 0.7343 | Val CT: 0.5992 | Val PA: 0.7321 | Alpha CT: 0.4952 | Alpha PA: 0.5048
Early stopping at epoch 27
Fold 0 best fusion alpha | CT: 0.4973 | PA: 0.5027
Fold 0 best C-index: 0.7821

Extra survival metrics:
cutoff_from_train_median: -0.390991
n_test: 113
n_high_risk: 57
n_low_risk: 56
n_event_test: 38
logrank_stat: 34.284943
logrank_p: 0.000000
auc_36m: 0.809080
auc_60m: 0.819779
HR_high_vs_low: 11.675101
HR_95CI_lower: 4.130981
HR_95CI_upper: 32.996514
cox_p: 0.000004

==================================================
Fold 2/5
==================================================
[ResNetCox] Loaded pretrained from /home/gly001/cqj/pa_ct_surv/model/ct_pretrain/resnet_18_23dataset.pth
  Missing keys (ok): ['fc.weight', 'fc.bias']
Epoch 1/30 | Train Loss: 3.2494 (Fused: 3.2494) | Train C-index: 0.7164 | Val Fused: 0.7458 | Val CT: 0.6365 | Val PA: 0.7389 | Alpha CT: 0.5000 | Alpha PA: 0.5000
Epoch 2/30 | Train Loss: 3.1306 (Fused: 3.1306) | Train C-index: 0.7206 | Val Fused: 0.7445 | Val CT: 0.5749 | Val PA: 0.7458 | Alpha CT: 0.4998 | Alpha PA: 0.5002
Epoch 3/30 | Train Loss: 3.0933 (Fused: 3.0933) | Train C-index: 0.7309 | Val Fused: 0.7488 | Val CT: 0.6612 | Val PA: 0.7481 | Alpha CT: 0.4996 | Alpha PA: 0.5004
Epoch 4/30 | Train Loss: 3.0241 (Fused: 3.0241) | Train C-index: 0.7375 | Val Fused: 0.7494 | Val CT: 0.6832 | Val PA: 0.7484 | Alpha CT: 0.4994 | Alpha PA: 0.5006
Epoch 5/30 | Train Loss: 3.0013 (Fused: 3.0013) | Train C-index: 0.7462 | Val Fused: 0.7573 | Val CT: 0.6124 | Val PA: 0.7504 | Alpha CT: 0.4993 | Alpha PA: 0.5007
Epoch 6/30 | Train Loss: 2.9590 (Fused: 2.9590) | Train C-index: 0.7405 | Val Fused: 0.7603 | Val CT: 0.6180 | Val PA: 0.7537 | Alpha CT: 0.4991 | Alpha PA: 0.5009
Epoch 7/30 | Train Loss: 2.9027 (Fused: 2.9027) | Train C-index: 0.7357 | Val Fused: 0.7619 | Val CT: 0.6072 | Val PA: 0.7560 | Alpha CT: 0.4990 | Alpha PA: 0.5010
Epoch 8/30 | Train Loss: 2.8821 (Fused: 2.8821) | Train C-index: 0.7776 | Val Fused: 0.7577 | Val CT: 0.7020 | Val PA: 0.7498 | Alpha CT: 0.4989 | Alpha PA: 0.5011
Epoch 9/30 | Train Loss: 2.8313 (Fused: 2.8313) | Train C-index: 0.7809 | Val Fused: 0.7554 | Val CT: 0.6101 | Val PA: 0.7488 | Alpha CT: 0.4987 | Alpha PA: 0.5013
Epoch 10/30 | Train Loss: 2.7893 (Fused: 2.7893) | Train C-index: 0.7779 | Val Fused: 0.7547 | Val CT: 0.6082 | Val PA: 0.7484 | Alpha CT: 0.4986 | Alpha PA: 0.5014
Epoch 11/30 | Train Loss: 2.7547 (Fused: 2.7547) | Train C-index: 0.8037 | Val Fused: 0.7550 | Val CT: 0.6743 | Val PA: 0.7478 | Alpha CT: 0.4984 | Alpha PA: 0.5016
Epoch 12/30 | Train Loss: 2.6795 (Fused: 2.6795) | Train C-index: 0.7240 | Val Fused: 0.6928 | Val CT: 0.6055 | Val PA: 0.7438 | Alpha CT: 0.4982 | Alpha PA: 0.5018
Epoch 13/30 | Train Loss: 2.6700 (Fused: 2.6700) | Train C-index: 0.8223 | Val Fused: 0.7405 | Val CT: 0.6335 | Val PA: 0.7366 | Alpha CT: 0.4980 | Alpha PA: 0.5020
Epoch 14/30 | Train Loss: 2.5761 (Fused: 2.5761) | Train C-index: 0.8368 | Val Fused: 0.7376 | Val CT: 0.6869 | Val PA: 0.7343 | Alpha CT: 0.4978 | Alpha PA: 0.5022
Epoch 15/30 | Train Loss: 2.5520 (Fused: 2.5520) | Train C-index: 0.8299 | Val Fused: 0.7290 | Val CT: 0.6161 | Val PA: 0.7251 | Alpha CT: 0.4977 | Alpha PA: 0.5023
Epoch 16/30 | Train Loss: 2.5059 (Fused: 2.5059) | Train C-index: 0.8491 | Val Fused: 0.7112 | Val CT: 0.6200 | Val PA: 0.7050 | Alpha CT: 0.4975 | Alpha PA: 0.5025
Epoch 17/30 | Train Loss: 2.4254 (Fused: 2.4254) | Train C-index: 0.8622 | Val Fused: 0.7109 | Val CT: 0.6345 | Val PA: 0.7073 | Alpha CT: 0.4973 | Alpha PA: 0.5027
Early stopping at epoch 17
Fold 1 best fusion alpha | CT: 0.4990 | PA: 0.5010
Fold 1 best C-index: 0.7619

Extra survival metrics:
cutoff_from_train_median: -0.237943
n_test: 113
n_high_risk: 55
n_low_risk: 58
n_event_test: 39
logrank_stat: 20.668899
logrank_p: 0.000005
auc_36m: 0.760616
auc_60m: 0.798850
HR_high_vs_low: 5.456340
HR_95CI_lower: 2.402394
HR_95CI_upper: 12.392491
cox_p: 0.000050

==================================================
Fold 3/5
==================================================
[ResNetCox] Loaded pretrained from /home/gly001/cqj/pa_ct_surv/model/ct_pretrain/resnet_18_23dataset.pth
  Missing keys (ok): ['fc.weight', 'fc.bias']
Epoch 1/30 | Train Loss: 3.1976 (Fused: 3.1976) | Train C-index: 0.6261 | Val Fused: 0.6563 | Val CT: 0.5244 | Val PA: 0.6546 | Alpha CT: 0.4998 | Alpha PA: 0.5002
Epoch 2/30 | Train Loss: 3.1338 (Fused: 3.1338) | Train C-index: 0.6786 | Val Fused: 0.6881 | Val CT: 0.5454 | Val PA: 0.6708 | Alpha CT: 0.4996 | Alpha PA: 0.5004
Epoch 3/30 | Train Loss: 3.0377 (Fused: 3.0377) | Train C-index: 0.6397 | Val Fused: 0.6692 | Val CT: 0.5312 | Val PA: 0.6803 | Alpha CT: 0.4994 | Alpha PA: 0.5006
Epoch 4/30 | Train Loss: 3.0042 (Fused: 3.0042) | Train C-index: 0.7216 | Val Fused: 0.6915 | Val CT: 0.5339 | Val PA: 0.6847 | Alpha CT: 0.4993 | Alpha PA: 0.5007
Epoch 5/30 | Train Loss: 2.9610 (Fused: 2.9610) | Train C-index: 0.6655 | Val Fused: 0.7081 | Val CT: 0.5258 | Val PA: 0.6936 | Alpha CT: 0.4991 | Alpha PA: 0.5009
Epoch 6/30 | Train Loss: 2.9471 (Fused: 2.9471) | Train C-index: 0.7304 | Val Fused: 0.7163 | Val CT: 0.5532 | Val PA: 0.6990 | Alpha CT: 0.4989 | Alpha PA: 0.5011
Epoch 7/30 | Train Loss: 2.8667 (Fused: 2.8667) | Train C-index: 0.6612 | Val Fused: 0.7088 | Val CT: 0.5431 | Val PA: 0.7037 | Alpha CT: 0.4988 | Alpha PA: 0.5012
Epoch 8/30 | Train Loss: 2.8590 (Fused: 2.8590) | Train C-index: 0.6794 | Val Fused: 0.7268 | Val CT: 0.5553 | Val PA: 0.7081 | Alpha CT: 0.4987 | Alpha PA: 0.5013
Epoch 9/30 | Train Loss: 2.8323 (Fused: 2.8323) | Train C-index: 0.7150 | Val Fused: 0.7308 | Val CT: 0.5481 | Val PA: 0.7142 | Alpha CT: 0.4986 | Alpha PA: 0.5014
Epoch 10/30 | Train Loss: 2.7648 (Fused: 2.7648) | Train C-index: 0.7151 | Val Fused: 0.7359 | Val CT: 0.5485 | Val PA: 0.7275 | Alpha CT: 0.4984 | Alpha PA: 0.5016
Epoch 11/30 | Train Loss: 2.6958 (Fused: 2.6958) | Train C-index: 0.8034 | Val Fused: 0.7166 | Val CT: 0.4725 | Val PA: 0.7217 | Alpha CT: 0.4982 | Alpha PA: 0.5018
Epoch 12/30 | Train Loss: 2.7476 (Fused: 2.7476) | Train C-index: 0.8051 | Val Fused: 0.7156 | Val CT: 0.4664 | Val PA: 0.7251 | Alpha CT: 0.4980 | Alpha PA: 0.5020
Epoch 13/30 | Train Loss: 2.6401 (Fused: 2.6401) | Train C-index: 0.7062 | Val Fused: 0.7271 | Val CT: 0.5349 | Val PA: 0.7231 | Alpha CT: 0.4979 | Alpha PA: 0.5021
Epoch 14/30 | Train Loss: 2.6073 (Fused: 2.6073) | Train C-index: 0.8206 | Val Fused: 0.7071 | Val CT: 0.4244 | Val PA: 0.7193 | Alpha CT: 0.4977 | Alpha PA: 0.5023
Epoch 15/30 | Train Loss: 2.5236 (Fused: 2.5236) | Train C-index: 0.8355 | Val Fused: 0.7088 | Val CT: 0.4342 | Val PA: 0.7281 | Alpha CT: 0.4975 | Alpha PA: 0.5025
Epoch 16/30 | Train Loss: 2.4940 (Fused: 2.4940) | Train C-index: 0.7781 | Val Fused: 0.7369 | Val CT: 0.5485 | Val PA: 0.7292 | Alpha CT: 0.4973 | Alpha PA: 0.5027
Epoch 17/30 | Train Loss: 2.5260 (Fused: 2.5260) | Train C-index: 0.7845 | Val Fused: 0.7359 | Val CT: 0.5586 | Val PA: 0.7319 | Alpha CT: 0.4971 | Alpha PA: 0.5029
Epoch 18/30 | Train Loss: 2.4109 (Fused: 2.4109) | Train C-index: 0.8459 | Val Fused: 0.7200 | Val CT: 0.4566 | Val PA: 0.7417 | Alpha CT: 0.4969 | Alpha PA: 0.5031
Epoch 19/30 | Train Loss: 2.3682 (Fused: 2.3682) | Train C-index: 0.8133 | Val Fused: 0.7407 | Val CT: 0.5664 | Val PA: 0.7400 | Alpha CT: 0.4968 | Alpha PA: 0.5032
Epoch 20/30 | Train Loss: 2.2873 (Fused: 2.2873) | Train C-index: 0.8658 | Val Fused: 0.7315 | Val CT: 0.4797 | Val PA: 0.7386 | Alpha CT: 0.4966 | Alpha PA: 0.5034
Epoch 21/30 | Train Loss: 2.2905 (Fused: 2.2905) | Train C-index: 0.8089 | Val Fused: 0.7383 | Val CT: 0.5610 | Val PA: 0.7349 | Alpha CT: 0.4964 | Alpha PA: 0.5036
Epoch 22/30 | Train Loss: 2.2067 (Fused: 2.2067) | Train C-index: 0.8264 | Val Fused: 0.7217 | Val CT: 0.5414 | Val PA: 0.7288 | Alpha CT: 0.4962 | Alpha PA: 0.5038
Epoch 23/30 | Train Loss: 2.1189 (Fused: 2.1189) | Train C-index: 0.7892 | Val Fused: 0.7363 | Val CT: 0.5861 | Val PA: 0.7302 | Alpha CT: 0.4960 | Alpha PA: 0.5040
Epoch 24/30 | Train Loss: 2.0584 (Fused: 2.0584) | Train C-index: 0.8567 | Val Fused: 0.7132 | Val CT: 0.5505 | Val PA: 0.7220 | Alpha CT: 0.4958 | Alpha PA: 0.5042
Epoch 25/30 | Train Loss: 2.0151 (Fused: 2.0151) | Train C-index: 0.8455 | Val Fused: 0.7047 | Val CT: 0.5166 | Val PA: 0.7275 | Alpha CT: 0.4956 | Alpha PA: 0.5044
Epoch 26/30 | Train Loss: 1.9612 (Fused: 1.9612) | Train C-index: 0.8062 | Val Fused: 0.7020 | Val CT: 0.5400 | Val PA: 0.7034 | Alpha CT: 0.4954 | Alpha PA: 0.5046
Epoch 27/30 | Train Loss: 1.8991 (Fused: 1.8991) | Train C-index: 0.8368 | Val Fused: 0.7142 | Val CT: 0.5566 | Val PA: 0.7217 | Alpha CT: 0.4952 | Alpha PA: 0.5048
Epoch 28/30 | Train Loss: 1.8468 (Fused: 1.8468) | Train C-index: 0.7037 | Val Fused: 0.6932 | Val CT: 0.5783 | Val PA: 0.7041 | Alpha CT: 0.4950 | Alpha PA: 0.5050
Epoch 29/30 | Train Loss: 1.9119 (Fused: 1.9119) | Train C-index: 0.7663 | Val Fused: 0.6851 | Val CT: 0.5478 | Val PA: 0.7247 | Alpha CT: 0.4949 | Alpha PA: 0.5051
Early stopping at epoch 29
Fold 2 best fusion alpha | CT: 0.4968 | PA: 0.5032
Fold 2 best C-index: 0.7407

Extra survival metrics:
cutoff_from_train_median: -0.301935
n_test: 112
n_high_risk: 62
n_low_risk: 50
n_event_test: 38
logrank_stat: 20.101048
logrank_p: 0.000007
auc_36m: 0.798084
auc_60m: 0.777155
HR_high_vs_low: 6.526792
HR_95CI_lower: 2.542010
HR_95CI_upper: 16.758003
cox_p: 0.000097

==================================================
Fold 4/5
==================================================
[ResNetCox] Loaded pretrained from /home/gly001/cqj/pa_ct_surv/model/ct_pretrain/resnet_18_23dataset.pth
  Missing keys (ok): ['fc.weight', 'fc.bias']
Epoch 1/30 | Train Loss: 3.2016 (Fused: 3.2016) | Train C-index: 0.7217 | Val Fused: 0.6948 | Val CT: 0.5205 | Val PA: 0.7068 | Alpha CT: 0.4998 | Alpha PA: 0.5002
Epoch 2/30 | Train Loss: 3.1204 (Fused: 3.1204) | Train C-index: 0.7206 | Val Fused: 0.6899 | Val CT: 0.5381 | Val PA: 0.7071 | Alpha CT: 0.4997 | Alpha PA: 0.5003
Epoch 3/30 | Train Loss: 3.0601 (Fused: 3.0601) | Train C-index: 0.7229 | Val Fused: 0.6995 | Val CT: 0.5553 | Val PA: 0.7081 | Alpha CT: 0.4995 | Alpha PA: 0.5005
Epoch 4/30 | Train Loss: 2.9987 (Fused: 2.9987) | Train C-index: 0.7419 | Val Fused: 0.7091 | Val CT: 0.5603 | Val PA: 0.7101 | Alpha CT: 0.4993 | Alpha PA: 0.5007
Epoch 5/30 | Train Loss: 2.9497 (Fused: 2.9497) | Train C-index: 0.7034 | Val Fused: 0.6958 | Val CT: 0.5494 | Val PA: 0.7180 | Alpha CT: 0.4991 | Alpha PA: 0.5009
Epoch 6/30 | Train Loss: 2.9179 (Fused: 2.9179) | Train C-index: 0.7667 | Val Fused: 0.7273 | Val CT: 0.5656 | Val PA: 0.7256 | Alpha CT: 0.4990 | Alpha PA: 0.5010
Epoch 7/30 | Train Loss: 2.8811 (Fused: 2.8811) | Train C-index: 0.7640 | Val Fused: 0.7237 | Val CT: 0.5520 | Val PA: 0.7296 | Alpha CT: 0.4989 | Alpha PA: 0.5011
Epoch 8/30 | Train Loss: 2.7952 (Fused: 2.7952) | Train C-index: 0.7697 | Val Fused: 0.7283 | Val CT: 0.5560 | Val PA: 0.7306 | Alpha CT: 0.4987 | Alpha PA: 0.5013
Epoch 9/30 | Train Loss: 2.8444 (Fused: 2.8444) | Train C-index: 0.7733 | Val Fused: 0.7270 | Val CT: 0.5736 | Val PA: 0.7343 | Alpha CT: 0.4986 | Alpha PA: 0.5014
Epoch 10/30 | Train Loss: 2.7842 (Fused: 2.7842) | Train C-index: 0.7229 | Val Fused: 0.7114 | Val CT: 0.5643 | Val PA: 0.7346 | Alpha CT: 0.4984 | Alpha PA: 0.5016
Epoch 11/30 | Train Loss: 2.7807 (Fused: 2.7807) | Train C-index: 0.7830 | Val Fused: 0.7223 | Val CT: 0.5858 | Val PA: 0.7329 | Alpha CT: 0.4983 | Alpha PA: 0.5017
Epoch 12/30 | Train Loss: 2.7613 (Fused: 2.7613) | Train C-index: 0.8082 | Val Fused: 0.7359 | Val CT: 0.5417 | Val PA: 0.7343 | Alpha CT: 0.4981 | Alpha PA: 0.5019
Epoch 13/30 | Train Loss: 2.6549 (Fused: 2.6549) | Train C-index: 0.8232 | Val Fused: 0.7273 | Val CT: 0.5278 | Val PA: 0.7309 | Alpha CT: 0.4979 | Alpha PA: 0.5021
Epoch 14/30 | Train Loss: 2.6200 (Fused: 2.6200) | Train C-index: 0.8277 | Val Fused: 0.7316 | Val CT: 0.5490 | Val PA: 0.7303 | Alpha CT: 0.4978 | Alpha PA: 0.5022
Epoch 15/30 | Train Loss: 2.6051 (Fused: 2.6051) | Train C-index: 0.8044 | Val Fused: 0.7220 | Val CT: 0.5434 | Val PA: 0.7286 | Alpha CT: 0.4977 | Alpha PA: 0.5023
Epoch 16/30 | Train Loss: 2.5258 (Fused: 2.5258) | Train C-index: 0.7640 | Val Fused: 0.6975 | Val CT: 0.5500 | Val PA: 0.7250 | Alpha CT: 0.4975 | Alpha PA: 0.5025
Epoch 17/30 | Train Loss: 2.5471 (Fused: 2.5471) | Train C-index: 0.8047 | Val Fused: 0.6955 | Val CT: 0.5189 | Val PA: 0.7150 | Alpha CT: 0.4973 | Alpha PA: 0.5027
Epoch 18/30 | Train Loss: 2.4487 (Fused: 2.4487) | Train C-index: 0.8510 | Val Fused: 0.7131 | Val CT: 0.5477 | Val PA: 0.7170 | Alpha CT: 0.4972 | Alpha PA: 0.5028
Epoch 19/30 | Train Loss: 2.4028 (Fused: 2.4028) | Train C-index: 0.6809 | Val Fused: 0.6584 | Val CT: 0.5746 | Val PA: 0.7137 | Alpha CT: 0.4970 | Alpha PA: 0.5030
Epoch 20/30 | Train Loss: 2.3907 (Fused: 2.3907) | Train C-index: 0.8614 | Val Fused: 0.7207 | Val CT: 0.4940 | Val PA: 0.7121 | Alpha CT: 0.4969 | Alpha PA: 0.5031
Epoch 21/30 | Train Loss: 2.3459 (Fused: 2.3459) | Train C-index: 0.8392 | Val Fused: 0.6965 | Val CT: 0.5119 | Val PA: 0.7170 | Alpha CT: 0.4967 | Alpha PA: 0.5033
Epoch 22/30 | Train Loss: 2.2644 (Fused: 2.2644) | Train C-index: 0.8347 | Val Fused: 0.6915 | Val CT: 0.5457 | Val PA: 0.7094 | Alpha CT: 0.4965 | Alpha PA: 0.5035
Early stopping at epoch 22
Fold 3 best fusion alpha | CT: 0.4981 | PA: 0.5019
Fold 3 best C-index: 0.7359

Extra survival metrics:
cutoff_from_train_median: -0.479677
n_test: 112
n_high_risk: 45
n_low_risk: 67
n_event_test: 38
logrank_stat: 11.853583
logrank_p: 0.000576
auc_36m: 0.786379
auc_60m: 0.714917
HR_high_vs_low: 2.982561
HR_95CI_lower: 1.552544
HR_95CI_upper: 5.729737
cox_p: 0.001036

==================================================
Fold 5/5
==================================================
[ResNetCox] Loaded pretrained from /home/gly001/cqj/pa_ct_surv/model/ct_pretrain/resnet_18_23dataset.pth
  Missing keys (ok): ['fc.weight', 'fc.bias']
Epoch 1/30 | Train Loss: 3.2720 (Fused: 3.2720) | Train C-index: 0.6131 | Val Fused: 0.5852 | Val CT: 0.5492 | Val PA: 0.6266 | Alpha CT: 0.5000 | Alpha PA: 0.5000
Epoch 2/30 | Train Loss: 3.2369 (Fused: 3.2369) | Train C-index: 0.6704 | Val Fused: 0.6225 | Val CT: 0.5825 | Val PA: 0.6286 | Alpha CT: 0.4999 | Alpha PA: 0.5001
Epoch 3/30 | Train Loss: 3.0285 (Fused: 3.0285) | Train C-index: 0.6423 | Val Fused: 0.6249 | Val CT: 0.5896 | Val PA: 0.6370 | Alpha CT: 0.4997 | Alpha PA: 0.5003
Epoch 4/30 | Train Loss: 2.9944 (Fused: 2.9944) | Train C-index: 0.7238 | Val Fused: 0.6326 | Val CT: 0.6040 | Val PA: 0.6390 | Alpha CT: 0.4995 | Alpha PA: 0.5005
Epoch 5/30 | Train Loss: 3.0065 (Fused: 3.0065) | Train C-index: 0.6950 | Val Fused: 0.6245 | Val CT: 0.5889 | Val PA: 0.6366 | Alpha CT: 0.4994 | Alpha PA: 0.5006
Epoch 6/30 | Train Loss: 2.9469 (Fused: 2.9469) | Train C-index: 0.7275 | Val Fused: 0.6202 | Val CT: 0.6034 | Val PA: 0.6363 | Alpha CT: 0.4992 | Alpha PA: 0.5008
Epoch 7/30 | Train Loss: 2.9202 (Fused: 2.9202) | Train C-index: 0.7472 | Val Fused: 0.6329 | Val CT: 0.5903 | Val PA: 0.6390 | Alpha CT: 0.4991 | Alpha PA: 0.5009
Epoch 8/30 | Train Loss: 2.8568 (Fused: 2.8568) | Train C-index: 0.7739 | Val Fused: 0.6524 | Val CT: 0.6030 | Val PA: 0.6487 | Alpha CT: 0.4990 | Alpha PA: 0.5010
Epoch 9/30 | Train Loss: 2.8270 (Fused: 2.8270) | Train C-index: 0.7198 | Val Fused: 0.6363 | Val CT: 0.5943 | Val PA: 0.6491 | Alpha CT: 0.4988 | Alpha PA: 0.5012
Epoch 10/30 | Train Loss: 2.7375 (Fused: 2.7375) | Train C-index: 0.7421 | Val Fused: 0.6484 | Val CT: 0.6081 | Val PA: 0.6575 | Alpha CT: 0.4987 | Alpha PA: 0.5013
Epoch 11/30 | Train Loss: 2.8221 (Fused: 2.8221) | Train C-index: 0.6948 | Val Fused: 0.6397 | Val CT: 0.5859 | Val PA: 0.6632 | Alpha CT: 0.4986 | Alpha PA: 0.5014
Epoch 12/30 | Train Loss: 2.6558 (Fused: 2.6558) | Train C-index: 0.7665 | Val Fused: 0.6682 | Val CT: 0.6030 | Val PA: 0.6713 | Alpha CT: 0.4984 | Alpha PA: 0.5016
Epoch 13/30 | Train Loss: 2.6257 (Fused: 2.6257) | Train C-index: 0.6861 | Val Fused: 0.6447 | Val CT: 0.5839 | Val PA: 0.6803 | Alpha CT: 0.4983 | Alpha PA: 0.5017
Epoch 14/30 | Train Loss: 2.5587 (Fused: 2.5587) | Train C-index: 0.7009 | Val Fused: 0.6555 | Val CT: 0.5913 | Val PA: 0.6750 | Alpha CT: 0.4981 | Alpha PA: 0.5019
Epoch 15/30 | Train Loss: 2.5729 (Fused: 2.5729) | Train C-index: 0.7335 | Val Fused: 0.6545 | Val CT: 0.5939 | Val PA: 0.6793 | Alpha CT: 0.4980 | Alpha PA: 0.5020
Epoch 16/30 | Train Loss: 2.5308 (Fused: 2.5308) | Train C-index: 0.7766 | Val Fused: 0.6608 | Val CT: 0.6242 | Val PA: 0.6797 | Alpha CT: 0.4978 | Alpha PA: 0.5022
Epoch 17/30 | Train Loss: 2.4549 (Fused: 2.4549) | Train C-index: 0.6787 | Val Fused: 0.6222 | Val CT: 0.5950 | Val PA: 0.6733 | Alpha CT: 0.4976 | Alpha PA: 0.5024
Epoch 18/30 | Train Loss: 2.4177 (Fused: 2.4177) | Train C-index: 0.8352 | Val Fused: 0.6891 | Val CT: 0.6182 | Val PA: 0.6830 | Alpha CT: 0.4974 | Alpha PA: 0.5026
Epoch 19/30 | Train Loss: 2.3736 (Fused: 2.3736) | Train C-index: 0.7948 | Val Fused: 0.6750 | Val CT: 0.6145 | Val PA: 0.6924 | Alpha CT: 0.4973 | Alpha PA: 0.5027
Epoch 20/30 | Train Loss: 2.3173 (Fused: 2.3173) | Train C-index: 0.8820 | Val Fused: 0.6982 | Val CT: 0.6400 | Val PA: 0.6881 | Alpha CT: 0.4971 | Alpha PA: 0.5029
Epoch 21/30 | Train Loss: 2.2427 (Fused: 2.2427) | Train C-index: 0.7909 | Val Fused: 0.6743 | Val CT: 0.6017 | Val PA: 0.6968 | Alpha CT: 0.4969 | Alpha PA: 0.5031
Epoch 22/30 | Train Loss: 2.2329 (Fused: 2.2329) | Train C-index: 0.7723 | Val Fused: 0.6669 | Val CT: 0.6128 | Val PA: 0.6938 | Alpha CT: 0.4967 | Alpha PA: 0.5033
Epoch 23/30 | Train Loss: 2.1268 (Fused: 2.1268) | Train C-index: 0.7436 | Val Fused: 0.6585 | Val CT: 0.5788 | Val PA: 0.6965 | Alpha CT: 0.4965 | Alpha PA: 0.5035
Epoch 24/30 | Train Loss: 2.0993 (Fused: 2.0993) | Train C-index: 0.7919 | Val Fused: 0.6703 | Val CT: 0.6168 | Val PA: 0.6965 | Alpha CT: 0.4963 | Alpha PA: 0.5037
Epoch 25/30 | Train Loss: 2.0312 (Fused: 2.0312) | Train C-index: 0.8114 | Val Fused: 0.6773 | Val CT: 0.5694 | Val PA: 0.6934 | Alpha CT: 0.4961 | Alpha PA: 0.5039
Epoch 26/30 | Train Loss: 2.0014 (Fused: 2.0014) | Train C-index: 0.7675 | Val Fused: 0.6753 | Val CT: 0.5929 | Val PA: 0.7086 | Alpha CT: 0.4959 | Alpha PA: 0.5041
Epoch 27/30 | Train Loss: 1.9389 (Fused: 1.9389) | Train C-index: 0.7679 | Val Fused: 0.6676 | Val CT: 0.5593 | Val PA: 0.6891 | Alpha CT: 0.4957 | Alpha PA: 0.5043
Epoch 28/30 | Train Loss: 1.8647 (Fused: 1.8647) | Train C-index: 0.8141 | Val Fused: 0.6692 | Val CT: 0.5644 | Val PA: 0.6897 | Alpha CT: 0.4955 | Alpha PA: 0.5045
Epoch 29/30 | Train Loss: 1.8146 (Fused: 1.8146) | Train C-index: 0.7822 | Val Fused: 0.6793 | Val CT: 0.5607 | Val PA: 0.7059 | Alpha CT: 0.4954 | Alpha PA: 0.5046
Epoch 30/30 | Train Loss: 1.7508 (Fused: 1.7508) | Train C-index: 0.8219 | Val Fused: 0.6766 | Val CT: 0.5089 | Val PA: 0.6968 | Alpha CT: 0.4952 | Alpha PA: 0.5048
Early stopping at epoch 30
Fold 4 best fusion alpha | CT: 0.4971 | PA: 0.5029
Fold 4 best C-index: 0.6982

Extra survival metrics:
cutoff_from_train_median: -0.744458
n_test: 112
n_high_risk: 70
n_low_risk: 42
n_event_test: 38
logrank_stat: 5.437859
logrank_p: 0.019705
auc_36m: 0.792923
auc_60m: 0.706659
HR_high_vs_low: 2.376453
HR_95CI_lower: 1.122074
HR_95CI_upper: 5.033117
cox_p: 0.023773

==================================================
5-Fold CV Summary
==================================================
  C-index: 0.7438 +/- 0.0314
