nohup: ignoring input
Using Device: cuda | ROI: 64
PA: abmil | CT: resnet18 | Fusion: gated | Augment: True
LR: 0.0001 | CT Backbone LR: 1e-05
Loss: Fused Cox + 0*CT + 0*PA
CT pretrained: /home/gly001/cqj/pa_ct_surv/model/ct_pretrain/resnet_18_23dataset.pth
Checkpoints: /home/gly001/cqj/pa_ct_surv/checkpoints/pact_v3/pact/roi64_abmil_resnet18_gated/seed42
Results: /home/gly001/cqj/pa_ct_surv/results/pact_v3/pact/roi64_abmil_resnet18_gated/seed42
Loaded 703 paired samples
Locked split: train=562, test=141
Test set is not accessed during CV

==================================================
Fold 1/5
==================================================
[ResNetCox] Loaded pretrained from /home/gly001/cqj/pa_ct_surv/model/ct_pretrain/resnet_18_23dataset.pth
  Missing keys (ok): ['fc.weight', 'fc.bias']
Epoch 1/30 | Train Loss: 3.2291 (Fused: 3.2291) | Train C-index: 0.6483 | Val Fused: 0.6203 | Val CT: 0.5852 | Val PA: 0.6225
Epoch 2/30 | Train Loss: 3.1171 (Fused: 3.1171) | Train C-index: 0.6986 | Val Fused: 0.7123 | Val CT: 0.6798 | Val PA: 0.6448
Epoch 3/30 | Train Loss: 3.0612 (Fused: 3.0612) | Train C-index: 0.7162 | Val Fused: 0.6916 | Val CT: 0.5938 | Val PA: 0.6690
Epoch 4/30 | Train Loss: 2.9476 (Fused: 2.9476) | Train C-index: 0.7229 | Val Fused: 0.6891 | Val CT: 0.5747 | Val PA: 0.6693
Epoch 5/30 | Train Loss: 2.9371 (Fused: 2.9371) | Train C-index: 0.7283 | Val Fused: 0.6989 | Val CT: 0.5384 | Val PA: 0.6696
Epoch 6/30 | Train Loss: 2.8774 (Fused: 2.8774) | Train C-index: 0.7593 | Val Fused: 0.7251 | Val CT: 0.6365 | Val PA: 0.6668
Epoch 7/30 | Train Loss: 2.8276 (Fused: 2.8276) | Train C-index: 0.7685 | Val Fused: 0.7311 | Val CT: 0.6142 | Val PA: 0.6604
Epoch 8/30 | Train Loss: 2.7820 (Fused: 2.7820) | Train C-index: 0.7857 | Val Fused: 0.7490 | Val CT: 0.6913 | Val PA: 0.6394
Epoch 9/30 | Train Loss: 2.7379 (Fused: 2.7379) | Train C-index: 0.7677 | Val Fused: 0.6989 | Val CT: 0.5505 | Val PA: 0.6234
Epoch 10/30 | Train Loss: 2.6542 (Fused: 2.6542) | Train C-index: 0.8056 | Val Fused: 0.7146 | Val CT: 0.6018 | Val PA: 0.6120
Epoch 11/30 | Train Loss: 2.6140 (Fused: 2.6140) | Train C-index: 0.8253 | Val Fused: 0.7260 | Val CT: 0.6301 | Val PA: 0.6050
Epoch 12/30 | Train Loss: 2.5605 (Fused: 2.5605) | Train C-index: 0.7871 | Val Fused: 0.6665 | Val CT: 0.5629 | Val PA: 0.6047
Epoch 13/30 | Train Loss: 2.5100 (Fused: 2.5100) | Train C-index: 0.8107 | Val Fused: 0.6789 | Val CT: 0.6005 | Val PA: 0.6101
Epoch 14/30 | Train Loss: 2.3436 (Fused: 2.3436) | Train C-index: 0.8435 | Val Fused: 0.6983 | Val CT: 0.5855 | Val PA: 0.6082
Epoch 15/30 | Train Loss: 2.2629 (Fused: 2.2629) | Train C-index: 0.8521 | Val Fused: 0.6913 | Val CT: 0.6368 | Val PA: 0.6050
Epoch 16/30 | Train Loss: 2.2449 (Fused: 2.2449) | Train C-index: 0.8860 | Val Fused: 0.7652 | Val CT: 0.6751 | Val PA: 0.6196
Epoch 17/30 | Train Loss: 2.1304 (Fused: 2.1304) | Train C-index: 0.8899 | Val Fused: 0.7572 | Val CT: 0.6824 | Val PA: 0.6289
Epoch 18/30 | Train Loss: 2.0401 (Fused: 2.0401) | Train C-index: 0.8721 | Val Fused: 0.6559 | Val CT: 0.5859 | Val PA: 0.6340
Epoch 19/30 | Train Loss: 1.9671 (Fused: 1.9671) | Train C-index: 0.8822 | Val Fused: 0.7244 | Val CT: 0.6512 | Val PA: 0.6244
Epoch 20/30 | Train Loss: 1.8808 (Fused: 1.8808) | Train C-index: 0.8746 | Val Fused: 0.6585 | Val CT: 0.6047 | Val PA: 0.6330
Epoch 21/30 | Train Loss: 1.8250 (Fused: 1.8250) | Train C-index: 0.8343 | Val Fused: 0.6894 | Val CT: 0.6180 | Val PA: 0.6397
Epoch 22/30 | Train Loss: 1.8211 (Fused: 1.8211) | Train C-index: 0.8352 | Val Fused: 0.7238 | Val CT: 0.6958 | Val PA: 0.6362
Epoch 23/30 | Train Loss: 1.8385 (Fused: 1.8385) | Train C-index: 0.8531 | Val Fused: 0.7636 | Val CT: 0.6413 | Val PA: 0.6461
Epoch 24/30 | Train Loss: 1.6917 (Fused: 1.6917) | Train C-index: 0.8262 | Val Fused: 0.6260 | Val CT: 0.5737 | Val PA: 0.6486
Epoch 25/30 | Train Loss: 1.6972 (Fused: 1.6972) | Train C-index: 0.8276 | Val Fused: 0.6974 | Val CT: 0.6419 | Val PA: 0.6515
Epoch 26/30 | Train Loss: 1.6227 (Fused: 1.6227) | Train C-index: 0.8654 | Val Fused: 0.7228 | Val CT: 0.6798 | Val PA: 0.6473
Early stopping at epoch 26
Fold 0 best C-index: 0.7652

Extra survival metrics:
cutoff_from_train_median: -0.854275
n_test: 113
n_high_risk: 56
n_low_risk: 57
n_event_test: 38
logrank_stat: 21.297525
logrank_p: 0.000004
auc_36m: 0.780244
auc_60m: 0.796048
HR_high_vs_low: 5.215702
HR_95CI_lower: 2.384764
HR_95CI_upper: 11.407227
cox_p: 0.000035

==================================================
Fold 2/5
==================================================
[ResNetCox] Loaded pretrained from /home/gly001/cqj/pa_ct_surv/model/ct_pretrain/resnet_18_23dataset.pth
  Missing keys (ok): ['fc.weight', 'fc.bias']
Epoch 1/30 | Train Loss: 3.2894 (Fused: 3.2894) | Train C-index: 0.6892 | Val Fused: 0.7738 | Val CT: 0.5492 | Val PA: 0.3820
Epoch 2/30 | Train Loss: 3.1494 (Fused: 3.1494) | Train C-index: 0.6776 | Val Fused: 0.7363 | Val CT: 0.5759 | Val PA: 0.3579
Epoch 3/30 | Train Loss: 3.0746 (Fused: 3.0746) | Train C-index: 0.7149 | Val Fused: 0.7675 | Val CT: 0.5295 | Val PA: 0.3293
Epoch 4/30 | Train Loss: 2.9938 (Fused: 2.9938) | Train C-index: 0.7316 | Val Fused: 0.7626 | Val CT: 0.5575 | Val PA: 0.3128
Epoch 5/30 | Train Loss: 2.9716 (Fused: 2.9716) | Train C-index: 0.7290 | Val Fused: 0.7300 | Val CT: 0.5031 | Val PA: 0.2917
Epoch 6/30 | Train Loss: 2.9411 (Fused: 2.9411) | Train C-index: 0.7024 | Val Fused: 0.6938 | Val CT: 0.5677 | Val PA: 0.2911
Epoch 7/30 | Train Loss: 2.8536 (Fused: 2.8536) | Train C-index: 0.7000 | Val Fused: 0.6648 | Val CT: 0.5637 | Val PA: 0.2963
Epoch 8/30 | Train Loss: 2.8505 (Fused: 2.8505) | Train C-index: 0.7768 | Val Fused: 0.7218 | Val CT: 0.5206 | Val PA: 0.3066
Epoch 9/30 | Train Loss: 2.7541 (Fused: 2.7541) | Train C-index: 0.7660 | Val Fused: 0.6786 | Val CT: 0.5782 | Val PA: 0.3141
Epoch 10/30 | Train Loss: 2.7099 (Fused: 2.7099) | Train C-index: 0.7503 | Val Fused: 0.6964 | Val CT: 0.6072 | Val PA: 0.3191
Epoch 11/30 | Train Loss: 2.6329 (Fused: 2.6329) | Train C-index: 0.8152 | Val Fused: 0.7007 | Val CT: 0.5940 | Val PA: 0.3161
Early stopping at epoch 11
Fold 1 best C-index: 0.7738

Extra survival metrics:
cutoff_from_train_median: 0.220203
n_test: 113
n_high_risk: 54
n_low_risk: 59
n_event_test: 39
logrank_stat: 22.937794
logrank_p: 0.000002
auc_36m: 0.815779
auc_60m: 0.823703
HR_high_vs_low: 5.471105
HR_95CI_lower: 2.507639
HR_95CI_upper: 11.936721
cox_p: 0.000020

==================================================
Fold 3/5
==================================================
[ResNetCox] Loaded pretrained from /home/gly001/cqj/pa_ct_surv/model/ct_pretrain/resnet_18_23dataset.pth
  Missing keys (ok): ['fc.weight', 'fc.bias']
Epoch 1/30 | Train Loss: 3.2388 (Fused: 3.2388) | Train C-index: 0.6733 | Val Fused: 0.6814 | Val CT: 0.5190 | Val PA: 0.3986
Epoch 2/30 | Train Loss: 3.1515 (Fused: 3.1515) | Train C-index: 0.6955 | Val Fused: 0.6824 | Val CT: 0.5444 | Val PA: 0.4458
Epoch 3/30 | Train Loss: 2.9815 (Fused: 2.9815) | Train C-index: 0.6836 | Val Fused: 0.6549 | Val CT: 0.5393 | Val PA: 0.4881
Epoch 4/30 | Train Loss: 2.9978 (Fused: 2.9978) | Train C-index: 0.7187 | Val Fused: 0.6892 | Val CT: 0.5529 | Val PA: 0.5102
Epoch 5/30 | Train Loss: 2.9668 (Fused: 2.9668) | Train C-index: 0.7058 | Val Fused: 0.6776 | Val CT: 0.5234 | Val PA: 0.5241
Epoch 6/30 | Train Loss: 2.9410 (Fused: 2.9410) | Train C-index: 0.7209 | Val Fused: 0.6881 | Val CT: 0.5431 | Val PA: 0.5342
Epoch 7/30 | Train Loss: 2.8393 (Fused: 2.8393) | Train C-index: 0.7233 | Val Fused: 0.6742 | Val CT: 0.5363 | Val PA: 0.5247
Epoch 8/30 | Train Loss: 2.7950 (Fused: 2.7950) | Train C-index: 0.7462 | Val Fused: 0.6905 | Val CT: 0.5739 | Val PA: 0.5231
Epoch 9/30 | Train Loss: 2.7080 (Fused: 2.7080) | Train C-index: 0.7544 | Val Fused: 0.7061 | Val CT: 0.5593 | Val PA: 0.5251
Epoch 10/30 | Train Loss: 2.6473 (Fused: 2.6473) | Train C-index: 0.7473 | Val Fused: 0.6949 | Val CT: 0.5702 | Val PA: 0.5342
Epoch 11/30 | Train Loss: 2.5511 (Fused: 2.5511) | Train C-index: 0.8118 | Val Fused: 0.7237 | Val CT: 0.6173 | Val PA: 0.5369
Epoch 12/30 | Train Loss: 2.5693 (Fused: 2.5693) | Train C-index: 0.7801 | Val Fused: 0.7488 | Val CT: 0.6688 | Val PA: 0.5312
Epoch 13/30 | Train Loss: 2.4522 (Fused: 2.4522) | Train C-index: 0.7275 | Val Fused: 0.6417 | Val CT: 0.5481 | Val PA: 0.5136
Epoch 14/30 | Train Loss: 2.3626 (Fused: 2.3626) | Train C-index: 0.8170 | Val Fused: 0.7383 | Val CT: 0.6786 | Val PA: 0.5261
Epoch 15/30 | Train Loss: 2.2025 (Fused: 2.2025) | Train C-index: 0.8281 | Val Fused: 0.7336 | Val CT: 0.6824 | Val PA: 0.5349
Epoch 16/30 | Train Loss: 2.2207 (Fused: 2.2207) | Train C-index: 0.7782 | Val Fused: 0.7363 | Val CT: 0.6380 | Val PA: 0.5454
Epoch 17/30 | Train Loss: 2.2119 (Fused: 2.2119) | Train C-index: 0.7869 | Val Fused: 0.7475 | Val CT: 0.6461 | Val PA: 0.5593
Epoch 18/30 | Train Loss: 2.1324 (Fused: 2.1324) | Train C-index: 0.7870 | Val Fused: 0.7346 | Val CT: 0.6746 | Val PA: 0.5878
Epoch 19/30 | Train Loss: 2.1775 (Fused: 2.1775) | Train C-index: 0.7711 | Val Fused: 0.7363 | Val CT: 0.6298 | Val PA: 0.5847
Epoch 20/30 | Train Loss: 2.1075 (Fused: 2.1075) | Train C-index: 0.7810 | Val Fused: 0.7366 | Val CT: 0.6824 | Val PA: 0.5698
Epoch 21/30 | Train Loss: 2.0213 (Fused: 2.0213) | Train C-index: 0.7537 | Val Fused: 0.7403 | Val CT: 0.6573 | Val PA: 0.5610
Epoch 22/30 | Train Loss: 1.8902 (Fused: 1.8902) | Train C-index: 0.7632 | Val Fused: 0.7434 | Val CT: 0.6729 | Val PA: 0.5654
Early stopping at epoch 22
Fold 2 best C-index: 0.7488

Extra survival metrics:
cutoff_from_train_median: -1.035989
n_test: 112
n_high_risk: 56
n_low_risk: 56
n_event_test: 38
logrank_stat: 10.727604
logrank_p: 0.001055
auc_36m: 0.775196
auc_60m: 0.796513
HR_high_vs_low: 3.152711
HR_95CI_lower: 1.527612
HR_95CI_upper: 6.506618
cox_p: 0.001896

==================================================
Fold 4/5
==================================================
[ResNetCox] Loaded pretrained from /home/gly001/cqj/pa_ct_surv/model/ct_pretrain/resnet_18_23dataset.pth
  Missing keys (ok): ['fc.weight', 'fc.bias']
Epoch 1/30 | Train Loss: 3.2150 (Fused: 3.2150) | Train C-index: 0.7142 | Val Fused: 0.6889 | Val CT: 0.4695 | Val PA: 0.4645
Epoch 2/30 | Train Loss: 3.1537 (Fused: 3.1537) | Train C-index: 0.7082 | Val Fused: 0.6918 | Val CT: 0.4920 | Val PA: 0.4420
Epoch 3/30 | Train Loss: 3.0845 (Fused: 3.0845) | Train C-index: 0.7305 | Val Fused: 0.6965 | Val CT: 0.5156 | Val PA: 0.4254
Epoch 4/30 | Train Loss: 2.9828 (Fused: 2.9828) | Train C-index: 0.7478 | Val Fused: 0.7005 | Val CT: 0.5169 | Val PA: 0.4188
Epoch 5/30 | Train Loss: 2.9406 (Fused: 2.9406) | Train C-index: 0.7366 | Val Fused: 0.6948 | Val CT: 0.5401 | Val PA: 0.4274
Epoch 6/30 | Train Loss: 2.8769 (Fused: 2.8769) | Train C-index: 0.7730 | Val Fused: 0.7127 | Val CT: 0.5093 | Val PA: 0.4351
Epoch 7/30 | Train Loss: 2.8220 (Fused: 2.8220) | Train C-index: 0.7703 | Val Fused: 0.7131 | Val CT: 0.4960 | Val PA: 0.4390
Epoch 8/30 | Train Loss: 2.7750 (Fused: 2.7750) | Train C-index: 0.7983 | Val Fused: 0.7210 | Val CT: 0.4973 | Val PA: 0.4443
Epoch 9/30 | Train Loss: 2.7337 (Fused: 2.7337) | Train C-index: 0.7989 | Val Fused: 0.7194 | Val CT: 0.5133 | Val PA: 0.4536
Epoch 10/30 | Train Loss: 2.6725 (Fused: 2.6725) | Train C-index: 0.8031 | Val Fused: 0.6902 | Val CT: 0.5345 | Val PA: 0.4619
Epoch 11/30 | Train Loss: 2.6809 (Fused: 2.6809) | Train C-index: 0.8260 | Val Fused: 0.7107 | Val CT: 0.5335 | Val PA: 0.4778
Epoch 12/30 | Train Loss: 2.6736 (Fused: 2.6736) | Train C-index: 0.8407 | Val Fused: 0.7117 | Val CT: 0.4844 | Val PA: 0.4871
Epoch 13/30 | Train Loss: 2.5085 (Fused: 2.5085) | Train C-index: 0.8320 | Val Fused: 0.6889 | Val CT: 0.5099 | Val PA: 0.4811
Epoch 14/30 | Train Loss: 2.4318 (Fused: 2.4318) | Train C-index: 0.8519 | Val Fused: 0.7276 | Val CT: 0.5156 | Val PA: 0.4732
Epoch 15/30 | Train Loss: 2.3394 (Fused: 2.3394) | Train C-index: 0.8361 | Val Fused: 0.7008 | Val CT: 0.5401 | Val PA: 0.4695
Epoch 16/30 | Train Loss: 2.2618 (Fused: 2.2618) | Train C-index: 0.7540 | Val Fused: 0.6769 | Val CT: 0.5348 | Val PA: 0.4718
Epoch 17/30 | Train Loss: 2.2493 (Fused: 2.2493) | Train C-index: 0.8395 | Val Fused: 0.6968 | Val CT: 0.5520 | Val PA: 0.4861
Epoch 18/30 | Train Loss: 2.1190 (Fused: 2.1190) | Train C-index: 0.8320 | Val Fused: 0.6793 | Val CT: 0.5318 | Val PA: 0.4947
Epoch 19/30 | Train Loss: 2.0322 (Fused: 2.0322) | Train C-index: 0.7797 | Val Fused: 0.6458 | Val CT: 0.5765 | Val PA: 0.4881
Epoch 20/30 | Train Loss: 1.8766 (Fused: 1.8766) | Train C-index: 0.8499 | Val Fused: 0.6849 | Val CT: 0.5106 | Val PA: 0.4775
Epoch 21/30 | Train Loss: 1.8184 (Fused: 1.8184) | Train C-index: 0.8172 | Val Fused: 0.6415 | Val CT: 0.5202 | Val PA: 0.4798
Epoch 22/30 | Train Loss: 1.7026 (Fused: 1.7026) | Train C-index: 0.8309 | Val Fused: 0.6667 | Val CT: 0.5235 | Val PA: 0.4838
Epoch 23/30 | Train Loss: 1.7268 (Fused: 1.7268) | Train C-index: 0.8190 | Val Fused: 0.6710 | Val CT: 0.5331 | Val PA: 0.4795
Epoch 24/30 | Train Loss: 1.6597 (Fused: 1.6597) | Train C-index: 0.7902 | Val Fused: 0.6528 | Val CT: 0.5520 | Val PA: 0.4811
Early stopping at epoch 24
Fold 3 best C-index: 0.7276

Extra survival metrics:
cutoff_from_train_median: -1.143147
n_test: 112
n_high_risk: 52
n_low_risk: 60
n_event_test: 38
logrank_stat: 16.571887
logrank_p: 0.000047
auc_36m: 0.768290
auc_60m: 0.715680
HR_high_vs_low: 3.901068
HR_95CI_lower: 1.926895
HR_95CI_upper: 7.897853
cox_p: 0.000155

==================================================
Fold 5/5
==================================================
[ResNetCox] Loaded pretrained from /home/gly001/cqj/pa_ct_surv/model/ct_pretrain/resnet_18_23dataset.pth
  Missing keys (ok): ['fc.weight', 'fc.bias']
Epoch 1/30 | Train Loss: 3.3187 (Fused: 3.3187) | Train C-index: 0.6859 | Val Fused: 0.5862 | Val CT: 0.5382 | Val PA: 0.3476
Epoch 2/30 | Train Loss: 3.2649 (Fused: 3.2649) | Train C-index: 0.7236 | Val Fused: 0.6175 | Val CT: 0.5634 | Val PA: 0.3361
Epoch 3/30 | Train Loss: 3.0236 (Fused: 3.0236) | Train C-index: 0.7357 | Val Fused: 0.6303 | Val CT: 0.5550 | Val PA: 0.3291
Epoch 4/30 | Train Loss: 2.9627 (Fused: 2.9627) | Train C-index: 0.7426 | Val Fused: 0.6296 | Val CT: 0.5697 | Val PA: 0.3207
Epoch 5/30 | Train Loss: 3.0106 (Fused: 3.0106) | Train C-index: 0.7464 | Val Fused: 0.6245 | Val CT: 0.5862 | Val PA: 0.3193
Epoch 6/30 | Train Loss: 2.9615 (Fused: 2.9615) | Train C-index: 0.7608 | Val Fused: 0.6262 | Val CT: 0.5704 | Val PA: 0.3224
Epoch 7/30 | Train Loss: 2.8702 (Fused: 2.8702) | Train C-index: 0.7752 | Val Fused: 0.6242 | Val CT: 0.5422 | Val PA: 0.3237
Epoch 8/30 | Train Loss: 2.8348 (Fused: 2.8348) | Train C-index: 0.7947 | Val Fused: 0.6279 | Val CT: 0.5304 | Val PA: 0.3224
Epoch 9/30 | Train Loss: 2.8224 (Fused: 2.8224) | Train C-index: 0.8008 | Val Fused: 0.6215 | Val CT: 0.5445 | Val PA: 0.3200
Epoch 10/30 | Train Loss: 2.6789 (Fused: 2.6789) | Train C-index: 0.8161 | Val Fused: 0.6450 | Val CT: 0.5200 | Val PA: 0.3163
Epoch 11/30 | Train Loss: 2.8236 (Fused: 2.8236) | Train C-index: 0.8106 | Val Fused: 0.6182 | Val CT: 0.5368 | Val PA: 0.3203
Epoch 12/30 | Train Loss: 2.5684 (Fused: 2.5684) | Train C-index: 0.8337 | Val Fused: 0.6403 | Val CT: 0.5681 | Val PA: 0.3187
Epoch 13/30 | Train Loss: 2.5329 (Fused: 2.5329) | Train C-index: 0.8081 | Val Fused: 0.6339 | Val CT: 0.5324 | Val PA: 0.3170
Epoch 14/30 | Train Loss: 2.4615 (Fused: 2.4615) | Train C-index: 0.8419 | Val Fused: 0.6188 | Val CT: 0.5264 | Val PA: 0.3180
Epoch 15/30 | Train Loss: 2.3903 (Fused: 2.3903) | Train C-index: 0.8562 | Val Fused: 0.6108 | Val CT: 0.5287 | Val PA: 0.3173
Epoch 16/30 | Train Loss: 2.3753 (Fused: 2.3753) | Train C-index: 0.8655 | Val Fused: 0.6397 | Val CT: 0.5365 | Val PA: 0.3217
Epoch 17/30 | Train Loss: 2.2180 (Fused: 2.2180) | Train C-index: 0.8513 | Val Fused: 0.6024 | Val CT: 0.5452 | Val PA: 0.3271
Epoch 18/30 | Train Loss: 2.1447 (Fused: 2.1447) | Train C-index: 0.9052 | Val Fused: 0.6390 | Val CT: 0.5153 | Val PA: 0.3291
Epoch 19/30 | Train Loss: 2.0690 (Fused: 2.0690) | Train C-index: 0.8667 | Val Fused: 0.6303 | Val CT: 0.5224 | Val PA: 0.3234
Epoch 20/30 | Train Loss: 2.0433 (Fused: 2.0433) | Train C-index: 0.9173 | Val Fused: 0.6319 | Val CT: 0.4904 | Val PA: 0.3314
Early stopping at epoch 20
Fold 4 best C-index: 0.6450

Extra survival metrics:
cutoff_from_train_median: -0.198212
n_test: 112
n_high_risk: 62
n_low_risk: 50
n_event_test: 38
logrank_stat: 1.879820
logrank_p: 0.170355
auc_36m: 0.717949
auc_60m: 0.663753
HR_high_vs_low: 1.591598
HR_95CI_lower: 0.811986
HR_95CI_upper: 3.119740
cox_p: 0.175920

==================================================
5-Fold CV Summary
==================================================
  C-index: 0.7321 +/- 0.0518
