nohup: ignoring input
Using Device: cuda | ROI: 96
PA: abmil | CT: resnet18 | Fusion: concat | Augment: True
LR: 0.0001 | CT Backbone LR: 1e-05
Loss: Fused Cox + 0.1*CT + 0.1*PA
CT pretrained: /home/gly001/cqj/pa_ct_surv/model/ct_pretrain/resnet_18_23dataset.pth
Checkpoints: /home/gly001/cqj/pa_ct_surv/checkpoints/pact_v3/pact/roi96_abmil_resnet18_concat_lct01_lpa01/seed42
Results: /home/gly001/cqj/pa_ct_surv/results/pact_v3/pact/roi96_abmil_resnet18_concat_lct01_lpa01/seed42
Loaded 777 paired samples
Locked split: train=621, test=156
Test set is not accessed during CV

==================================================
Fold 1/5
==================================================
[ResNetCox] Loaded pretrained from /home/gly001/cqj/pa_ct_surv/model/ct_pretrain/resnet_18_23dataset.pth
  Missing keys (ok): ['fc.weight', 'fc.bias']
Epoch 1/30 | Train Loss: 4.4512 (Fused: 3.7081) | Train C-index: 0.7002 | Val Fused: 0.6934 | Val CT: 0.5235 | Val PA: 0.6816
Epoch 2/30 | Train Loss: 4.2858 (Fused: 3.5461) | Train C-index: 0.7214 | Val Fused: 0.7002 | Val CT: 0.5018 | Val PA: 0.7057
Epoch 3/30 | Train Loss: 4.1708 (Fused: 3.4364) | Train C-index: 0.7229 | Val Fused: 0.6951 | Val CT: 0.5493 | Val PA: 0.7132
Epoch 4/30 | Train Loss: 4.1450 (Fused: 3.4163) | Train C-index: 0.7451 | Val Fused: 0.7076 | Val CT: 0.5399 | Val PA: 0.7163
Epoch 5/30 | Train Loss: 4.0973 (Fused: 3.3790) | Train C-index: 0.7473 | Val Fused: 0.7108 | Val CT: 0.5382 | Val PA: 0.7219
Epoch 6/30 | Train Loss: 4.0398 (Fused: 3.3250) | Train C-index: 0.7633 | Val Fused: 0.7178 | Val CT: 0.5565 | Val PA: 0.7262
Epoch 7/30 | Train Loss: 3.9956 (Fused: 3.2783) | Train C-index: 0.7778 | Val Fused: 0.7076 | Val CT: 0.5847 | Val PA: 0.7320
Epoch 8/30 | Train Loss: 3.9645 (Fused: 3.2528) | Train C-index: 0.7930 | Val Fused: 0.7286 | Val CT: 0.5478 | Val PA: 0.7358
Epoch 9/30 | Train Loss: 3.8594 (Fused: 3.1528) | Train C-index: 0.8031 | Val Fused: 0.7361 | Val CT: 0.5107 | Val PA: 0.7421
Epoch 10/30 | Train Loss: 3.7996 (Fused: 3.0905) | Train C-index: 0.8155 | Val Fused: 0.7496 | Val CT: 0.5204 | Val PA: 0.7436
Epoch 11/30 | Train Loss: 3.6672 (Fused: 2.9645) | Train C-index: 0.8275 | Val Fused: 0.7329 | Val CT: 0.5927 | Val PA: 0.7445
Epoch 12/30 | Train Loss: 3.6756 (Fused: 2.9716) | Train C-index: 0.8408 | Val Fused: 0.7303 | Val CT: 0.5847 | Val PA: 0.7467
Epoch 13/30 | Train Loss: 3.5001 (Fused: 2.8031) | Train C-index: 0.8443 | Val Fused: 0.7346 | Val CT: 0.5666 | Val PA: 0.7479
Epoch 14/30 | Train Loss: 3.4917 (Fused: 2.7947) | Train C-index: 0.8405 | Val Fused: 0.7223 | Val CT: 0.5498 | Val PA: 0.7493
Epoch 15/30 | Train Loss: 3.4535 (Fused: 2.7554) | Train C-index: 0.8456 | Val Fused: 0.7180 | Val CT: 0.5589 | Val PA: 0.7479
Epoch 16/30 | Train Loss: 3.2994 (Fused: 2.6107) | Train C-index: 0.8705 | Val Fused: 0.6973 | Val CT: 0.5804 | Val PA: 0.7407
Epoch 17/30 | Train Loss: 3.1963 (Fused: 2.5053) | Train C-index: 0.8625 | Val Fused: 0.7151 | Val CT: 0.5242 | Val PA: 0.7467
Epoch 18/30 | Train Loss: 3.0381 (Fused: 2.3524) | Train C-index: 0.8845 | Val Fused: 0.6953 | Val CT: 0.5006 | Val PA: 0.7513
Epoch 19/30 | Train Loss: 2.9903 (Fused: 2.3070) | Train C-index: 0.8695 | Val Fused: 0.6749 | Val CT: 0.5187 | Val PA: 0.7513
Epoch 20/30 | Train Loss: 2.9025 (Fused: 2.2179) | Train C-index: 0.8904 | Val Fused: 0.6973 | Val CT: 0.5139 | Val PA: 0.7498
Early stopping at epoch 20
Fold 0 best C-index: 0.7496

Extra survival metrics:
cutoff_from_train_median: -0.560193
n_test: 125
n_high_risk: 56
n_low_risk: 69
n_event_test: 46
logrank_stat: 23.456509
logrank_p: 0.000001
auc_36m: 0.736754
auc_60m: 0.757688
HR_high_vs_low: 4.457690
HR_95CI_lower: 2.302050
HR_95CI_upper: 8.631873
cox_p: 0.000009

==================================================
Fold 2/5
==================================================
[ResNetCox] Loaded pretrained from /home/gly001/cqj/pa_ct_surv/model/ct_pretrain/resnet_18_23dataset.pth
  Missing keys (ok): ['fc.weight', 'fc.bias']
Epoch 1/30 | Train Loss: 4.4381 (Fused: 3.6934) | Train C-index: 0.7078 | Val Fused: 0.6756 | Val CT: 0.5766 | Val PA: 0.6309
Epoch 2/30 | Train Loss: 4.2953 (Fused: 3.5591) | Train C-index: 0.7268 | Val Fused: 0.6852 | Val CT: 0.5739 | Val PA: 0.6749
Epoch 3/30 | Train Loss: 4.1508 (Fused: 3.4232) | Train C-index: 0.7299 | Val Fused: 0.6811 | Val CT: 0.5376 | Val PA: 0.6754
Epoch 4/30 | Train Loss: 4.1293 (Fused: 3.4044) | Train C-index: 0.7442 | Val Fused: 0.6885 | Val CT: 0.5258 | Val PA: 0.6782
Epoch 5/30 | Train Loss: 4.0436 (Fused: 3.3265) | Train C-index: 0.7453 | Val Fused: 0.6952 | Val CT: 0.5177 | Val PA: 0.6785
Epoch 6/30 | Train Loss: 4.0340 (Fused: 3.3205) | Train C-index: 0.7660 | Val Fused: 0.6967 | Val CT: 0.5431 | Val PA: 0.6799
Epoch 7/30 | Train Loss: 3.9867 (Fused: 3.2743) | Train C-index: 0.7700 | Val Fused: 0.7002 | Val CT: 0.5067 | Val PA: 0.6892
Epoch 8/30 | Train Loss: 3.9038 (Fused: 3.1963) | Train C-index: 0.7922 | Val Fused: 0.7002 | Val CT: 0.5144 | Val PA: 0.6864
Epoch 9/30 | Train Loss: 3.8315 (Fused: 3.1250) | Train C-index: 0.7950 | Val Fused: 0.7029 | Val CT: 0.4873 | Val PA: 0.6873
Epoch 10/30 | Train Loss: 3.7637 (Fused: 3.0625) | Train C-index: 0.8145 | Val Fused: 0.7093 | Val CT: 0.4993 | Val PA: 0.6876
Epoch 11/30 | Train Loss: 3.6696 (Fused: 2.9731) | Train C-index: 0.8343 | Val Fused: 0.7089 | Val CT: 0.5100 | Val PA: 0.6883
Epoch 12/30 | Train Loss: 3.5410 (Fused: 2.8470) | Train C-index: 0.8451 | Val Fused: 0.7005 | Val CT: 0.5081 | Val PA: 0.6880
Epoch 13/30 | Train Loss: 3.4966 (Fused: 2.8082) | Train C-index: 0.8430 | Val Fused: 0.6866 | Val CT: 0.4722 | Val PA: 0.6876
Epoch 14/30 | Train Loss: 3.4107 (Fused: 2.7210) | Train C-index: 0.8629 | Val Fused: 0.6928 | Val CT: 0.5108 | Val PA: 0.6873
Epoch 15/30 | Train Loss: 3.3407 (Fused: 2.6521) | Train C-index: 0.8768 | Val Fused: 0.6825 | Val CT: 0.5282 | Val PA: 0.6873
Epoch 16/30 | Train Loss: 3.2746 (Fused: 2.5917) | Train C-index: 0.8894 | Val Fused: 0.6754 | Val CT: 0.5861 | Val PA: 0.6837
Epoch 17/30 | Train Loss: 3.2492 (Fused: 2.5656) | Train C-index: 0.8827 | Val Fused: 0.6995 | Val CT: 0.5050 | Val PA: 0.6878
Epoch 18/30 | Train Loss: 3.0672 (Fused: 2.3906) | Train C-index: 0.8824 | Val Fused: 0.6751 | Val CT: 0.4931 | Val PA: 0.6780
Epoch 19/30 | Train Loss: 3.0164 (Fused: 2.3373) | Train C-index: 0.8965 | Val Fused: 0.6859 | Val CT: 0.5184 | Val PA: 0.6873
Epoch 20/30 | Train Loss: 2.8755 (Fused: 2.1995) | Train C-index: 0.8975 | Val Fused: 0.6593 | Val CT: 0.4864 | Val PA: 0.6804
Early stopping at epoch 20
Fold 1 best C-index: 0.7093

Extra survival metrics:
cutoff_from_train_median: -0.617509
n_test: 124
n_high_risk: 67
n_low_risk: 57
n_event_test: 46
logrank_stat: 14.582071
logrank_p: 0.000134
auc_36m: 0.783410
auc_60m: 0.742854
HR_high_vs_low: 3.462592
HR_95CI_lower: 1.756117
HR_95CI_upper: 6.827302
cox_p: 0.000336

==================================================
Fold 3/5
==================================================
[ResNetCox] Loaded pretrained from /home/gly001/cqj/pa_ct_surv/model/ct_pretrain/resnet_18_23dataset.pth
  Missing keys (ok): ['fc.weight', 'fc.bias']
Epoch 1/30 | Train Loss: 4.4718 (Fused: 3.7241) | Train C-index: 0.6669 | Val Fused: 0.6591 | Val CT: 0.4646 | Val PA: 0.6845
Epoch 2/30 | Train Loss: 4.3036 (Fused: 3.5643) | Train C-index: 0.6863 | Val Fused: 0.6728 | Val CT: 0.4796 | Val PA: 0.7035
Epoch 3/30 | Train Loss: 4.1720 (Fused: 3.4426) | Train C-index: 0.7164 | Val Fused: 0.6903 | Val CT: 0.4354 | Val PA: 0.7065
Epoch 4/30 | Train Loss: 4.1372 (Fused: 3.4110) | Train C-index: 0.7273 | Val Fused: 0.6890 | Val CT: 0.4387 | Val PA: 0.7092
Epoch 5/30 | Train Loss: 4.0943 (Fused: 3.3717) | Train C-index: 0.7079 | Val Fused: 0.6384 | Val CT: 0.4105 | Val PA: 0.7095
Epoch 6/30 | Train Loss: 4.0485 (Fused: 3.3268) | Train C-index: 0.7532 | Val Fused: 0.6776 | Val CT: 0.4097 | Val PA: 0.7147
Epoch 7/30 | Train Loss: 3.9613 (Fused: 3.2483) | Train C-index: 0.7411 | Val Fused: 0.6464 | Val CT: 0.4162 | Val PA: 0.7172
Epoch 8/30 | Train Loss: 3.8921 (Fused: 3.1833) | Train C-index: 0.7360 | Val Fused: 0.5888 | Val CT: 0.4135 | Val PA: 0.7185
Epoch 9/30 | Train Loss: 3.8159 (Fused: 3.1061) | Train C-index: 0.7742 | Val Fused: 0.6594 | Val CT: 0.4267 | Val PA: 0.7217
Epoch 10/30 | Train Loss: 3.7652 (Fused: 3.0580) | Train C-index: 0.7767 | Val Fused: 0.6217 | Val CT: 0.4247 | Val PA: 0.7222
Epoch 11/30 | Train Loss: 3.6649 (Fused: 2.9616) | Train C-index: 0.7779 | Val Fused: 0.6566 | Val CT: 0.4638 | Val PA: 0.7257
Epoch 12/30 | Train Loss: 3.5499 (Fused: 2.8461) | Train C-index: 0.7588 | Val Fused: 0.6200 | Val CT: 0.4367 | Val PA: 0.7287
Epoch 13/30 | Train Loss: 3.3787 (Fused: 2.6735) | Train C-index: 0.7064 | Val Fused: 0.5526 | Val CT: 0.4012 | Val PA: 0.7312
Early stopping at epoch 13
Fold 2 best C-index: 0.6903

Extra survival metrics:
cutoff_from_train_median: -0.840068
n_test: 124
n_high_risk: 63
n_low_risk: 61
n_event_test: 46
logrank_stat: 11.920136
logrank_p: 0.000555
auc_36m: 0.697052
auc_60m: 0.708360
HR_high_vs_low: 2.956283
HR_95CI_lower: 1.551084
HR_95CI_upper: 5.634517
cox_p: 0.000988

==================================================
Fold 4/5
==================================================
[ResNetCox] Loaded pretrained from /home/gly001/cqj/pa_ct_surv/model/ct_pretrain/resnet_18_23dataset.pth
  Missing keys (ok): ['fc.weight', 'fc.bias']
Epoch 1/30 | Train Loss: 4.4419 (Fused: 3.6975) | Train C-index: 0.6898 | Val Fused: 0.6721 | Val CT: 0.4464 | Val PA: 0.6972
Epoch 2/30 | Train Loss: 4.2722 (Fused: 3.5350) | Train C-index: 0.7232 | Val Fused: 0.6918 | Val CT: 0.4878 | Val PA: 0.7072
Epoch 3/30 | Train Loss: 4.1838 (Fused: 3.4576) | Train C-index: 0.7350 | Val Fused: 0.6887 | Val CT: 0.4898 | Val PA: 0.7008
Epoch 4/30 | Train Loss: 4.1185 (Fused: 3.3968) | Train C-index: 0.7423 | Val Fused: 0.6877 | Val CT: 0.4827 | Val PA: 0.6960
Epoch 5/30 | Train Loss: 4.0953 (Fused: 3.3752) | Train C-index: 0.7549 | Val Fused: 0.6848 | Val CT: 0.4876 | Val PA: 0.6945
Epoch 6/30 | Train Loss: 4.0132 (Fused: 3.2972) | Train C-index: 0.7769 | Val Fused: 0.6762 | Val CT: 0.4890 | Val PA: 0.6935
Epoch 7/30 | Train Loss: 3.9473 (Fused: 3.2315) | Train C-index: 0.7867 | Val Fused: 0.6611 | Val CT: 0.4893 | Val PA: 0.6894
Epoch 8/30 | Train Loss: 3.8715 (Fused: 3.1614) | Train C-index: 0.7928 | Val Fused: 0.6482 | Val CT: 0.5019 | Val PA: 0.6865
Epoch 9/30 | Train Loss: 3.7598 (Fused: 3.0557) | Train C-index: 0.8086 | Val Fused: 0.6524 | Val CT: 0.4968 | Val PA: 0.6862
Epoch 10/30 | Train Loss: 3.7217 (Fused: 3.0207) | Train C-index: 0.8076 | Val Fused: 0.6285 | Val CT: 0.4990 | Val PA: 0.6826
Epoch 11/30 | Train Loss: 3.6882 (Fused: 2.9854) | Train C-index: 0.8331 | Val Fused: 0.6198 | Val CT: 0.4939 | Val PA: 0.6792
Epoch 12/30 | Train Loss: 3.5436 (Fused: 2.8469) | Train C-index: 0.8229 | Val Fused: 0.6224 | Val CT: 0.4766 | Val PA: 0.6782
Early stopping at epoch 12
Fold 3 best C-index: 0.6918

Extra survival metrics:
cutoff_from_train_median: -0.211189
n_test: 124
n_high_risk: 67
n_low_risk: 57
n_event_test: 46
logrank_stat: 16.616518
logrank_p: 0.000046
auc_36m: 0.729338
auc_60m: 0.717954
HR_high_vs_low: 3.874759
HR_95CI_lower: 1.919509
HR_95CI_upper: 7.821664
cox_p: 0.000157

==================================================
Fold 5/5
==================================================
[ResNetCox] Loaded pretrained from /home/gly001/cqj/pa_ct_surv/model/ct_pretrain/resnet_18_23dataset.pth
  Missing keys (ok): ['fc.weight', 'fc.bias']
Epoch 1/30 | Train Loss: 4.4836 (Fused: 3.7303) | Train C-index: 0.6904 | Val Fused: 0.7569 | Val CT: 0.4848 | Val PA: 0.6594
Epoch 2/30 | Train Loss: 4.2861 (Fused: 3.5461) | Train C-index: 0.6924 | Val Fused: 0.7530 | Val CT: 0.5362 | Val PA: 0.7481
Epoch 3/30 | Train Loss: 4.2296 (Fused: 3.4972) | Train C-index: 0.7027 | Val Fused: 0.7532 | Val CT: 0.5408 | Val PA: 0.7527
Epoch 4/30 | Train Loss: 4.1673 (Fused: 3.4405) | Train C-index: 0.7333 | Val Fused: 0.7532 | Val CT: 0.5535 | Val PA: 0.7586
Epoch 5/30 | Train Loss: 4.1331 (Fused: 3.4073) | Train C-index: 0.7469 | Val Fused: 0.7569 | Val CT: 0.5510 | Val PA: 0.7608
Epoch 6/30 | Train Loss: 4.0829 (Fused: 3.3587) | Train C-index: 0.7463 | Val Fused: 0.7688 | Val CT: 0.5542 | Val PA: 0.7618
Epoch 7/30 | Train Loss: 4.0064 (Fused: 3.2898) | Train C-index: 0.7708 | Val Fused: 0.7705 | Val CT: 0.5362 | Val PA: 0.7639
Epoch 8/30 | Train Loss: 3.9729 (Fused: 3.2581) | Train C-index: 0.7893 | Val Fused: 0.7681 | Val CT: 0.5442 | Val PA: 0.7688
Epoch 9/30 | Train Loss: 3.8401 (Fused: 3.1266) | Train C-index: 0.8065 | Val Fused: 0.7579 | Val CT: 0.5657 | Val PA: 0.7688
Epoch 10/30 | Train Loss: 3.8173 (Fused: 3.1061) | Train C-index: 0.8227 | Val Fused: 0.7591 | Val CT: 0.5440 | Val PA: 0.7739
Epoch 11/30 | Train Loss: 3.6311 (Fused: 2.9253) | Train C-index: 0.8315 | Val Fused: 0.7491 | Val CT: 0.5579 | Val PA: 0.7698
Epoch 12/30 | Train Loss: 3.6112 (Fused: 2.9064) | Train C-index: 0.8442 | Val Fused: 0.7501 | Val CT: 0.5505 | Val PA: 0.7693
Epoch 13/30 | Train Loss: 3.5158 (Fused: 2.8101) | Train C-index: 0.8568 | Val Fused: 0.7508 | Val CT: 0.5598 | Val PA: 0.7742
Epoch 14/30 | Train Loss: 3.5243 (Fused: 2.8275) | Train C-index: 0.8610 | Val Fused: 0.7340 | Val CT: 0.6190 | Val PA: 0.7732
Epoch 15/30 | Train Loss: 3.3899 (Fused: 2.6975) | Train C-index: 0.8663 | Val Fused: 0.7469 | Val CT: 0.5257 | Val PA: 0.7705
Epoch 16/30 | Train Loss: 3.3352 (Fused: 2.6367) | Train C-index: 0.8810 | Val Fused: 0.7557 | Val CT: 0.5647 | Val PA: 0.7756
Epoch 17/30 | Train Loss: 3.2211 (Fused: 2.5308) | Train C-index: 0.8788 | Val Fused: 0.7649 | Val CT: 0.5576 | Val PA: 0.7744
Early stopping at epoch 17
Fold 4 best C-index: 0.7705

Extra survival metrics:
cutoff_from_train_median: -0.012721
n_test: 124
n_high_risk: 58
n_low_risk: 66
n_event_test: 46
logrank_stat: 35.944682
logrank_p: 0.000000
auc_36m: 0.823390
auc_60m: 0.790048
HR_high_vs_low: 7.397767
HR_95CI_lower: 3.441478
HR_95CI_upper: 15.902164
cox_p: 0.000000

==================================================
5-Fold CV Summary
==================================================
  C-index: 0.7223 +/- 0.0360
